1783994247.0290673 [INFO] [launch]: All log files can be found below /home/mypi/.ros/log/2026-07-13-18-57-27-027534-pi5-10329
1783994247.0292985 [INFO] [launch]: Default logging verbosity is set to INFO
1783994247.3837430 [INFO] [controller_server-1]: process started with pid [10332]
1783994247.3857770 [INFO] [smoother_server-2]: process started with pid [10333]
1783994247.3866084 [INFO] [planner_server-3]: process started with pid [10334]
1783994247.3891902 [INFO] [route_server-4]: process started with pid [10335]
1783994247.3908114 [INFO] [behavior_server-5]: process started with pid [10336]
1783994247.3937511 [INFO] [bt_navigator-6]: process started with pid [10337]
1783994247.3982158 [INFO] [waypoint_follower-7]: process started with pid [10338]
1783994247.4009254 [INFO] [velocity_smoother-8]: process started with pid [10339]
1783994247.4027576 [INFO] [collision_monitor-9]: process started with pid [10340]
1783994247.4047656 [INFO] [opennav_docking-10]: process started with pid [10341]
1783994247.4094174 [INFO] [lifecycle_manager-11]: process started with pid [10342]
1783995100.6739812 [WARNING] [launch]: user interrupted with ctrl-c (SIGINT)
1783995101.5590689 [INFO] [velocity_smoother-8]: process has finished cleanly [pid 10339]
1783995101.5935986 [INFO] [collision_monitor-9]: process has finished cleanly [pid 10340]
1783995101.6991007 [INFO] [smoother_server-2]: process has finished cleanly [pid 10333]
1783995101.9098914 [INFO] [route_server-4]: process has finished cleanly [pid 10335]
1783995102.0470991 [INFO] [behavior_server-5]: process has finished cleanly [pid 10336]
1783995102.1136467 [INFO] [waypoint_follower-7]: process has finished cleanly [pid 10338]
1783995102.2359824 [INFO] [opennav_docking-10]: process has finished cleanly [pid 10341]
1783995102.4431105 [INFO] [lifecycle_manager-11]: process has finished cleanly [pid 10342]
1783995102.5155234 [INFO] [controller_server-1]: process has finished cleanly [pid 10332]
1783995102.7058010 [INFO] [planner_server-3]: process has finished cleanly [pid 10334]
1783995102.7104437 [INFO] [bt_navigator-6]: process has finished cleanly [pid 10337]
