1783132890.6884401 [INFO] [launch]: All log files can be found below /home/mypi/.ros/log/2026-07-03-19-41-30-687068-pi5-11422
1783132890.6886437 [INFO] [launch]: Default logging verbosity is set to INFO
1783132891.0131583 [INFO] [controller_server-1]: process started with pid [11425]
1783132891.0135136 [INFO] [smoother_server-2]: process started with pid [11426]
1783132891.0136962 [INFO] [planner_server-3]: process started with pid [11427]
1783132891.0138345 [INFO] [route_server-4]: process started with pid [11428]
1783132891.0139649 [INFO] [behavior_server-5]: process started with pid [11429]
1783132891.0251548 [INFO] [bt_navigator-6]: process started with pid [11430]
1783132891.0256310 [INFO] [waypoint_follower-7]: process started with pid [11431]
1783132891.0258121 [INFO] [velocity_smoother-8]: process started with pid [11432]
1783132891.0259409 [INFO] [collision_monitor-9]: process started with pid [11433]
1783132891.0260549 [INFO] [opennav_docking-10]: process started with pid [11434]
1783132891.0261765 [INFO] [lifecycle_manager-11]: process started with pid [11435]
1783133177.5573170 [WARNING] [launch]: user interrupted with ctrl-c (SIGINT)
1783133178.2040491 [INFO] [velocity_smoother-8]: process has finished cleanly [pid 11432]
1783133178.3702002 [INFO] [smoother_server-2]: process has finished cleanly [pid 11426]
1783133178.6679451 [INFO] [collision_monitor-9]: process has finished cleanly [pid 11433]
1783133178.8330777 [INFO] [waypoint_follower-7]: process has finished cleanly [pid 11431]
1783133178.9377329 [INFO] [route_server-4]: process has finished cleanly [pid 11428]
1783133178.9784870 [INFO] [opennav_docking-10]: process has finished cleanly [pid 11434]
1783133179.0626233 [INFO] [behavior_server-5]: process has finished cleanly [pid 11429]
1783133179.1482220 [INFO] [lifecycle_manager-11]: process has finished cleanly [pid 11435]
1783133179.3639562 [INFO] [controller_server-1]: process has finished cleanly [pid 11425]
1783133179.3678770 [INFO] [planner_server-3]: process has finished cleanly [pid 11427]
1783133179.4797158 [INFO] [bt_navigator-6]: process has finished cleanly [pid 11430]
