1783997465.2820673 [INFO] [launch]: All log files can be found below /home/mypi/.ros/log/2026-07-13-19-51-05-280675-pi5-13968
1783997465.2822711 [INFO] [launch]: Default logging verbosity is set to INFO
1783997465.6288533 [INFO] [controller_server-1]: process started with pid [13971]
1783997465.6317039 [INFO] [smoother_server-2]: process started with pid [13972]
1783997465.6319590 [INFO] [planner_server-3]: process started with pid [13973]
1783997465.6347036 [INFO] [route_server-4]: process started with pid [13974]
1783997465.6349709 [INFO] [behavior_server-5]: process started with pid [13975]
1783997465.6357036 [INFO] [bt_navigator-6]: process started with pid [13976]
1783997465.6396620 [INFO] [waypoint_follower-7]: process started with pid [13977]
1783997465.6399560 [INFO] [velocity_smoother-8]: process started with pid [13978]
1783997465.6401334 [INFO] [collision_monitor-9]: process started with pid [13979]
1783997465.6410325 [INFO] [opennav_docking-10]: process started with pid [13980]
1783997465.6422017 [INFO] [lifecycle_manager-11]: process started with pid [13981]
1783997542.4597595 [WARNING] [launch]: user interrupted with ctrl-c (SIGINT)
1783997543.2265885 [INFO] [velocity_smoother-8]: process has finished cleanly [pid 13978]
1783997543.4581010 [INFO] [collision_monitor-9]: process has finished cleanly [pid 13979]
1783997543.6019871 [INFO] [smoother_server-2]: process has finished cleanly [pid 13972]
1783997543.7794855 [INFO] [waypoint_follower-7]: process has finished cleanly [pid 13977]
1783997543.8270471 [INFO] [route_server-4]: process has finished cleanly [pid 13974]
1783997543.9487431 [INFO] [opennav_docking-10]: process has finished cleanly [pid 13980]
1783997544.0836537 [INFO] [behavior_server-5]: process has finished cleanly [pid 13975]
1783997544.2243662 [INFO] [lifecycle_manager-11]: process has finished cleanly [pid 13981]
1783997544.3297114 [INFO] [controller_server-1]: process has finished cleanly [pid 13971]
1783997544.4846318 [INFO] [bt_navigator-6]: process has finished cleanly [pid 13976]
1783997544.6829922 [INFO] [planner_server-3]: process has finished cleanly [pid 13973]
