[0.556s] Invoking command in '/home/mypi/ros2_ws_wendy/build/rf2o_laser_odometry': CMAKE_PREFIX_PATH=${CMAKE_PREFIX_PATH}:/home/mypi/ros2_ws/install/my_robot_controller:/home/mypi/ros2_ws_simon/install/my_robot_controller:/opt/ros/jazzy /usr/bin/cmake /home/mypi/ros2_ws_wendy/src/rf2o_laser_odometry -DAMENT_CMAKE_SYMLINK_INSTALL=1 -DCMAKE_INSTALL_PREFIX=/home/mypi/ros2_ws_wendy/install/rf2o_laser_odometry
[0.888s] -- The C compiler identification is GNU 13.3.0
[1.395s] -- The CXX compiler identification is GNU 13.3.0
[1.488s] -- Detecting C compiler ABI info
[2.041s] -- Detecting C compiler ABI info - done
[2.084s] -- Check for working C compiler: /usr/bin/cc - skipped
[2.087s] -- Detecting C compile features
[2.089s] -- Detecting C compile features - done
[2.147s] -- Detecting CXX compiler ABI info
[2.901s] -- Detecting CXX compiler ABI info - done
[2.939s] -- Check for working CXX compiler: /usr/bin/c++ - skipped
[2.941s] -- Detecting CXX compile features
[2.946s] -- Detecting CXX compile features - done
[2.968s] -- Found ament_cmake: 2.5.6 (/opt/ros/jazzy/share/ament_cmake/cmake)
[3.725s] -- Found Python3: /usr/bin/python3 (found version "3.12.3") found components: Interpreter 
[4.014s] -- Override CMake install command with custom implementation using symlinks instead of copying resources
[4.192s] -- Found rclcpp: 28.1.18 (/opt/ros/jazzy/share/rclcpp/cmake)
[4.693s] -- Found rosidl_generator_c: 4.6.7 (/opt/ros/jazzy/share/rosidl_generator_c/cmake)
[4.794s] -- Found rosidl_generator_cpp: 4.6.7 (/opt/ros/jazzy/share/rosidl_generator_cpp/cmake)
[4.961s] -- Using all available rosidl_typesupport_c: rosidl_typesupport_fastrtps_c;rosidl_typesupport_introspection_c
[5.128s] -- Using all available rosidl_typesupport_cpp: rosidl_typesupport_fastrtps_cpp;rosidl_typesupport_introspection_cpp
[5.897s] -- Found rmw_implementation_cmake: 7.3.3 (/opt/ros/jazzy/share/rmw_implementation_cmake/cmake)
[5.959s] -- Found rmw_fastrtps_cpp: 8.4.3 (/opt/ros/jazzy/share/rmw_fastrtps_cpp/cmake)
[6.438s] -- Found OpenSSL: /usr/lib/aarch64-linux-gnu/libcrypto.so (found version "3.0.13")  
[6.506s] -- Found FastRTPS: /opt/ros/jazzy/include (Required is at least version "2.13") 
[6.613s] -- Using RMW implementation 'rmw_fastrtps_cpp' as default
[6.889s] -- Found std_msgs: 5.3.7 (/opt/ros/jazzy/share/std_msgs/cmake)
[6.952s] -- Found geometry_msgs: 5.3.7 (/opt/ros/jazzy/share/geometry_msgs/cmake)
[7.014s] -- Found tf2_geometry_msgs: 0.36.20 (/opt/ros/jazzy/share/tf2_geometry_msgs/cmake)
[7.088s] -- Found eigen3_cmake_module: 0.3.0 (/opt/ros/jazzy/share/eigen3_cmake_module/cmake)
[7.092s] -- Found Eigen3: TRUE (found version "3.4.0") 
[7.093s] -- Ensuring Eigen3 include directory is part of orocos-kdl CMake target
[7.670s] -- Found sensor_msgs: 5.3.7 (/opt/ros/jazzy/share/sensor_msgs/cmake)
[7.732s] -- Found nav_msgs: 5.3.7 (/opt/ros/jazzy/share/nav_msgs/cmake)
[7.851s] -- Found Boost: /usr/lib/aarch64-linux-gnu/cmake/Boost-1.83.0/BoostConfig.cmake (found version "1.83.0")  
[8.134s] -- Configuring done (7.5s)
[8.184s] -- Generating done (0.0s)
[8.194s] -- Build files have been written to: /home/mypi/ros2_ws_wendy/build/rf2o_laser_odometry
[8.248s] Invoked command in '/home/mypi/ros2_ws_wendy/build/rf2o_laser_odometry' returned '0': CMAKE_PREFIX_PATH=${CMAKE_PREFIX_PATH}:/home/mypi/ros2_ws/install/my_robot_controller:/home/mypi/ros2_ws_simon/install/my_robot_controller:/opt/ros/jazzy /usr/bin/cmake /home/mypi/ros2_ws_wendy/src/rf2o_laser_odometry -DAMENT_CMAKE_SYMLINK_INSTALL=1 -DCMAKE_INSTALL_PREFIX=/home/mypi/ros2_ws_wendy/install/rf2o_laser_odometry
[8.252s] Invoking command in '/home/mypi/ros2_ws_wendy/build/rf2o_laser_odometry': CMAKE_PREFIX_PATH=${CMAKE_PREFIX_PATH}:/home/mypi/ros2_ws/install/my_robot_controller:/home/mypi/ros2_ws_simon/install/my_robot_controller:/opt/ros/jazzy /usr/bin/cmake --build /home/mypi/ros2_ws_wendy/build/rf2o_laser_odometry -- -j4 -l4
[8.395s] [ 20%] [32mBuilding CXX object CMakeFiles/rf2o_laser_odometry_node.dir/src/CLaserOdometry2DNode.cpp.o[0m
[49.501s] [ 40%] [32mBuilding CXX object CMakeFiles/rf2o_laser_odometry_node.dir/src/CLaserOdometry2D.cpp.o[0m
[84.435s] gmake[2]: *** [CMakeFiles/rf2o_laser_odometry_node.dir/build.make:90: CMakeFiles/rf2o_laser_odometry_node.dir/src/CLaserOdometry2D.cpp.o] Interrupt
[84.435s] gmake[1]: *** [CMakeFiles/Makefile2:139: CMakeFiles/rf2o_laser_odometry_node.dir/all] Interrupt
[84.437s] gmake: *** [Makefile:146: all] Interrupt
[84.618s] Invoked command in '/home/mypi/ros2_ws_wendy/build/rf2o_laser_odometry' returned '-2': CMAKE_PREFIX_PATH=${CMAKE_PREFIX_PATH}:/home/mypi/ros2_ws/install/my_robot_controller:/home/mypi/ros2_ws_simon/install/my_robot_controller:/opt/ros/jazzy /usr/bin/cmake --build /home/mypi/ros2_ws_wendy/build/rf2o_laser_odometry -- -j4 -l4
