1783023973.9303606 [INFO] [launch]: All log files can be found below /home/mypi/.ros/log/2026-07-02-13-26-13-928867-pi5-8022
1783023973.9306407 [INFO] [launch]: Default logging verbosity is set to INFO
1783023974.2792518 [INFO] [controller_server-1]: process started with pid [8025]
1783023974.2813790 [INFO] [smoother_server-2]: process started with pid [8026]
1783023974.2836401 [INFO] [planner_server-3]: process started with pid [8027]
1783023974.2861297 [INFO] [route_server-4]: process started with pid [8028]
1783023974.2884178 [INFO] [behavior_server-5]: process started with pid [8029]
1783023974.2908545 [INFO] [bt_navigator-6]: process started with pid [8030]
1783023974.2941196 [INFO] [waypoint_follower-7]: process started with pid [8031]
1783023974.2960353 [INFO] [velocity_smoother-8]: process started with pid [8032]
1783023974.2978263 [INFO] [collision_monitor-9]: process started with pid [8033]
1783023974.3000109 [INFO] [opennav_docking-10]: process started with pid [8034]
1783023974.3020144 [INFO] [lifecycle_manager-11]: process started with pid [8035]
1783024918.3066308 [WARNING] [launch]: user interrupted with ctrl-c (SIGINT)
1783024918.9359214 [INFO] [velocity_smoother-8]: process has finished cleanly [pid 8032]
1783024919.0981445 [INFO] [collision_monitor-9]: process has finished cleanly [pid 8033]
1783024919.3549590 [INFO] [smoother_server-2]: process has finished cleanly [pid 8026]
1783024919.4768867 [INFO] [waypoint_follower-7]: process has finished cleanly [pid 8031]
1783024919.5416007 [INFO] [opennav_docking-10]: process has finished cleanly [pid 8034]
1783024919.6357608 [INFO] [behavior_server-5]: process has finished cleanly [pid 8029]
1783024919.7462912 [INFO] [route_server-4]: process has finished cleanly [pid 8028]
1783024919.9843359 [INFO] [lifecycle_manager-11]: process has finished cleanly [pid 8035]
1783024920.0818641 [INFO] [controller_server-1]: process has finished cleanly [pid 8025]
1783024920.2281318 [INFO] [planner_server-3]: process has finished cleanly [pid 8027]
1783024920.2842176 [INFO] [bt_navigator-6]: process has finished cleanly [pid 8030]
