1783120796.6819263 [INFO] [launch]: All log files can be found below /home/mypi/.ros/log/2026-07-03-16-19-56-638085-pi5-3245
1783120796.6824107 [INFO] [launch]: Default logging verbosity is set to INFO
1783120797.0421877 [INFO] [controller_server-1]: process started with pid [3248]
1783120797.0492337 [INFO] [smoother_server-2]: process started with pid [3249]
1783120797.0495355 [INFO] [planner_server-3]: process started with pid [3250]
1783120797.0496855 [INFO] [route_server-4]: process started with pid [3251]
1783120797.0498199 [INFO] [behavior_server-5]: process started with pid [3252]
1783120797.0499644 [INFO] [bt_navigator-6]: process started with pid [3253]
1783120797.0500839 [INFO] [waypoint_follower-7]: process started with pid [3254]
1783120797.0502455 [INFO] [velocity_smoother-8]: process started with pid [3255]
1783120797.0503688 [INFO] [collision_monitor-9]: process started with pid [3256]
1783120797.0504925 [INFO] [opennav_docking-10]: process started with pid [3257]
1783120797.0506086 [INFO] [lifecycle_manager-11]: process started with pid [3258]
1783120985.8066883 [WARNING] [launch]: user interrupted with ctrl-c (SIGINT)
1783120986.4510481 [INFO] [velocity_smoother-8]: process has finished cleanly [pid 3255]
1783120986.9520376 [INFO] [collision_monitor-9]: process has finished cleanly [pid 3256]
1783120987.0572088 [INFO] [smoother_server-2]: process has finished cleanly [pid 3249]
1783120987.2217817 [INFO] [waypoint_follower-7]: process has finished cleanly [pid 3254]
1783120987.2391682 [INFO] [route_server-4]: process has finished cleanly [pid 3251]
1783120987.3418500 [INFO] [opennav_docking-10]: process has finished cleanly [pid 3257]
1783120987.5962739 [INFO] [lifecycle_manager-11]: process has finished cleanly [pid 3258]
1783120987.6251690 [INFO] [behavior_server-5]: process has finished cleanly [pid 3252]
1783120987.7612941 [INFO] [controller_server-1]: process has finished cleanly [pid 3248]
1783120987.9294088 [INFO] [planner_server-3]: process has finished cleanly [pid 3250]
1783120987.9600289 [INFO] [bt_navigator-6]: process has finished cleanly [pid 3253]
