1783390408.0971296 [INFO] [launch]: All log files can be found below /home/mypi/.ros/log/2026-07-06-19-13-28-095586-pi5-9155
1783390408.0973573 [INFO] [launch]: Default logging verbosity is set to INFO
1783390408.4694343 [INFO] [controller_server-1]: process started with pid [9158]
1783390408.4735396 [INFO] [smoother_server-2]: process started with pid [9159]
1783390408.4754281 [INFO] [planner_server-3]: process started with pid [9160]
1783390408.4815078 [INFO] [route_server-4]: process started with pid [9161]
1783390408.4827492 [INFO] [behavior_server-5]: process started with pid [9162]
1783390408.4840987 [INFO] [bt_navigator-6]: process started with pid [9163]
1783390408.4876487 [INFO] [waypoint_follower-7]: process started with pid [9164]
1783390408.4896379 [INFO] [velocity_smoother-8]: process started with pid [9165]
1783390408.4936960 [INFO] [collision_monitor-9]: process started with pid [9166]
1783390408.4947264 [INFO] [opennav_docking-10]: process started with pid [9167]
1783390408.4963610 [INFO] [lifecycle_manager-11]: process started with pid [9168]
1783390495.2626224 [WARNING] [launch]: user interrupted with ctrl-c (SIGINT)
1783390496.1951902 [INFO] [velocity_smoother-8]: process has finished cleanly [pid 9165]
1783390496.6706128 [INFO] [collision_monitor-9]: process has finished cleanly [pid 9166]
1783390496.8594530 [INFO] [smoother_server-2]: process has finished cleanly [pid 9159]
1783390497.0609615 [INFO] [waypoint_follower-7]: process has finished cleanly [pid 9164]
1783390497.1189401 [INFO] [route_server-4]: process has finished cleanly [pid 9161]
1783390497.2151942 [INFO] [opennav_docking-10]: process has finished cleanly [pid 9167]
1783390497.4355233 [INFO] [behavior_server-5]: process has finished cleanly [pid 9162]
1783390497.5494134 [INFO] [lifecycle_manager-11]: process has finished cleanly [pid 9168]
1783390497.7081277 [INFO] [controller_server-1]: process has finished cleanly [pid 9158]
1783390497.8563647 [INFO] [planner_server-3]: process has finished cleanly [pid 9160]
1783390498.5169930 [INFO] [bt_navigator-6]: process has finished cleanly [pid 9163]
