[1.141s] Invoking command in '/home/mypi/ros2_ws/src/my_robot_controller': PYTHONPATH=/home/mypi/ros2_ws/build/my_robot_controller/prefix_override:/usr/lib/python3/dist-packages/colcon_core/task/python/colcon_distutils_commands:/home/mypi/ros2_ws/install/my_robot_controller/lib/python3.12/site-packages:${PYTHONPATH} /usr/bin/python3 -W ignore:setup.py install is deprecated -W ignore:easy_install command is deprecated setup.py egg_info --egg-base ../../build/my_robot_controller build --build-base /home/mypi/ros2_ws/build/my_robot_controller/build install --record /home/mypi/ros2_ws/build/my_robot_controller/install.log --single-version-externally-managed install_data
[1.479s] running egg_info
[1.502s] writing ../../build/my_robot_controller/my_robot_controller.egg-info/PKG-INFO
[1.503s] writing dependency_links to ../../build/my_robot_controller/my_robot_controller.egg-info/dependency_links.txt
[1.504s] writing entry points to ../../build/my_robot_controller/my_robot_controller.egg-info/entry_points.txt
[1.504s] writing requirements to ../../build/my_robot_controller/my_robot_controller.egg-info/requires.txt
[1.505s] writing top-level names to ../../build/my_robot_controller/my_robot_controller.egg-info/top_level.txt
[1.554s] reading manifest file '../../build/my_robot_controller/my_robot_controller.egg-info/SOURCES.txt'
[1.555s] writing manifest file '../../build/my_robot_controller/my_robot_controller.egg-info/SOURCES.txt'
[1.555s] running build
[1.555s] running build_py
[1.556s] copying my_robot_controller/motor_controller.py -> /home/mypi/ros2_ws/build/my_robot_controller/build/lib/my_robot_controller
[1.556s] running install
[1.566s] running install_lib
[1.589s] copying /home/mypi/ros2_ws/build/my_robot_controller/build/lib/my_robot_controller/motor_controller.py -> /home/mypi/ros2_ws/install/my_robot_controller/lib/python3.12/site-packages/my_robot_controller
[1.590s] byte-compiling /home/mypi/ros2_ws/install/my_robot_controller/lib/python3.12/site-packages/my_robot_controller/motor_controller.py to motor_controller.cpython-312.pyc
[1.592s] running install_data
[1.592s] running install_egg_info
[1.618s] removing '/home/mypi/ros2_ws/install/my_robot_controller/lib/python3.12/site-packages/my_robot_controller-0.0.0-py3.12.egg-info' (and everything under it)
[1.618s] Copying ../../build/my_robot_controller/my_robot_controller.egg-info to /home/mypi/ros2_ws/install/my_robot_controller/lib/python3.12/site-packages/my_robot_controller-0.0.0-py3.12.egg-info
[1.619s] running install_scripts
[1.783s] Installing draw_circle script to /home/mypi/ros2_ws/install/my_robot_controller/lib/my_robot_controller
[1.783s] Installing mock_odom script to /home/mypi/ros2_ws/install/my_robot_controller/lib/my_robot_controller
[1.785s] Installing motor_controller script to /home/mypi/ros2_ws/install/my_robot_controller/lib/my_robot_controller
[1.786s] Installing pose_subscriber script to /home/mypi/ros2_ws/install/my_robot_controller/lib/my_robot_controller
[1.789s] Installing test_node script to /home/mypi/ros2_ws/install/my_robot_controller/lib/my_robot_controller
[1.790s] Installing turtle_controller script to /home/mypi/ros2_ws/install/my_robot_controller/lib/my_robot_controller
[1.792s] writing list of installed files to '/home/mypi/ros2_ws/build/my_robot_controller/install.log'
[1.882s] Invoked command in '/home/mypi/ros2_ws/src/my_robot_controller' returned '0': PYTHONPATH=/home/mypi/ros2_ws/build/my_robot_controller/prefix_override:/usr/lib/python3/dist-packages/colcon_core/task/python/colcon_distutils_commands:/home/mypi/ros2_ws/install/my_robot_controller/lib/python3.12/site-packages:${PYTHONPATH} /usr/bin/python3 -W ignore:setup.py install is deprecated -W ignore:easy_install command is deprecated setup.py egg_info --egg-base ../../build/my_robot_controller build --build-base /home/mypi/ros2_ws/build/my_robot_controller/build install --record /home/mypi/ros2_ws/build/my_robot_controller/install.log --single-version-externally-managed install_data
