1784062223.8278477 [INFO] [launch]: All log files can be found below /home/mypi/.ros/log/2026-07-14-13-50-23-826385-pi5-15763
1784062223.8280606 [INFO] [launch]: Default logging verbosity is set to INFO
1784062224.1720262 [INFO] [controller_server-1]: process started with pid [15766]
1784062224.1725228 [INFO] [smoother_server-2]: process started with pid [15767]
1784062224.1751068 [INFO] [planner_server-3]: process started with pid [15768]
1784062224.1774683 [INFO] [route_server-4]: process started with pid [15769]
1784062224.1795986 [INFO] [behavior_server-5]: process started with pid [15770]
1784062224.1824059 [INFO] [bt_navigator-6]: process started with pid [15771]
1784062224.1858411 [INFO] [waypoint_follower-7]: process started with pid [15772]
1784062224.1873119 [INFO] [velocity_smoother-8]: process started with pid [15773]
1784062224.1918907 [INFO] [collision_monitor-9]: process started with pid [15774]
1784062224.1937485 [INFO] [opennav_docking-10]: process started with pid [15775]
1784062224.1940432 [INFO] [lifecycle_manager-11]: process started with pid [15776]
1784062540.8481555 [WARNING] [launch]: user interrupted with ctrl-c (SIGINT)
1784062541.4575770 [INFO] [velocity_smoother-8]: process has finished cleanly [pid 15773]
1784062541.7026267 [INFO] [collision_monitor-9]: process has finished cleanly [pid 15774]
1784062541.8343887 [INFO] [smoother_server-2]: process has finished cleanly [pid 15767]
1784062541.9917071 [INFO] [waypoint_follower-7]: process has finished cleanly [pid 15772]
1784062542.1085601 [INFO] [route_server-4]: process has finished cleanly [pid 15769]
1784062542.2391472 [INFO] [opennav_docking-10]: process has finished cleanly [pid 15775]
1784062542.2947576 [INFO] [behavior_server-5]: process has finished cleanly [pid 15770]
1784062542.2981968 [INFO] [lifecycle_manager-11]: process has finished cleanly [pid 15776]
1784062542.4115889 [INFO] [controller_server-1]: process has finished cleanly [pid 15766]
1784062542.5272357 [INFO] [bt_navigator-6]: process has finished cleanly [pid 15771]
1784062542.8754339 [INFO] [planner_server-3]: process has finished cleanly [pid 15768]
