1783996721.6733840 [INFO] [launch]: All log files can be found below /home/mypi/.ros/log/2026-07-13-19-38-41-671848-pi5-12769
1783996721.6735988 [INFO] [launch]: Default logging verbosity is set to INFO
1783996722.0071242 [INFO] [controller_server-1]: process started with pid [12772]
1783996722.0075693 [INFO] [smoother_server-2]: process started with pid [12773]
1783996722.0077345 [INFO] [planner_server-3]: process started with pid [12774]
1783996722.0078409 [INFO] [route_server-4]: process started with pid [12775]
1783996722.0079353 [INFO] [behavior_server-5]: process started with pid [12776]
1783996722.0080285 [INFO] [bt_navigator-6]: process started with pid [12777]
1783996722.0081196 [INFO] [waypoint_follower-7]: process started with pid [12778]
1783996722.0082138 [INFO] [velocity_smoother-8]: process started with pid [12779]
1783996722.0173624 [INFO] [collision_monitor-9]: process started with pid [12780]
1783996722.0177541 [INFO] [opennav_docking-10]: process started with pid [12781]
1783996722.0179641 [INFO] [lifecycle_manager-11]: process started with pid [12782]
1783996792.9686635 [WARNING] [launch]: user interrupted with ctrl-c (SIGINT)
1783996793.6936240 [INFO] [velocity_smoother-8]: process has finished cleanly [pid 12779]
1783996794.3409307 [INFO] [waypoint_follower-7]: process has finished cleanly [pid 12778]
1783996794.4705296 [INFO] [collision_monitor-9]: process has finished cleanly [pid 12780]
1783996794.4715531 [INFO] [smoother_server-2]: process has finished cleanly [pid 12773]
1783996794.6572454 [INFO] [opennav_docking-10]: process has finished cleanly [pid 12781]
1783996794.6592479 [INFO] [route_server-4]: process has finished cleanly [pid 12775]
1783996794.8258526 [INFO] [behavior_server-5]: process has finished cleanly [pid 12776]
1783996794.9427507 [INFO] [lifecycle_manager-11]: process has finished cleanly [pid 12782]
1783996795.0390105 [INFO] [controller_server-1]: process has finished cleanly [pid 12772]
1783996795.1609275 [INFO] [planner_server-3]: process has finished cleanly [pid 12774]
1783996795.2421463 [INFO] [bt_navigator-6]: process has finished cleanly [pid 12777]
