1783028282.0250072 [INFO] [launch]: All log files can be found below /home/mypi/.ros/log/2026-07-02-14-38-02-023214-pi5-9985
1783028282.0252888 [INFO] [launch]: Default logging verbosity is set to INFO
1783028282.3748782 [INFO] [controller_server-1]: process started with pid [9988]
1783028282.3752978 [INFO] [smoother_server-2]: process started with pid [9989]
1783028282.3754950 [INFO] [planner_server-3]: process started with pid [9990]
1783028282.3756671 [INFO] [route_server-4]: process started with pid [9991]
1783028282.3758073 [INFO] [behavior_server-5]: process started with pid [9992]
1783028282.3759441 [INFO] [bt_navigator-6]: process started with pid [9993]
1783028282.3760591 [INFO] [waypoint_follower-7]: process started with pid [9994]
1783028282.3761611 [INFO] [velocity_smoother-8]: process started with pid [9995]
1783028282.3762696 [INFO] [collision_monitor-9]: process started with pid [9996]
1783028282.3817017 [INFO] [opennav_docking-10]: process started with pid [9997]
1783028282.3818793 [INFO] [lifecycle_manager-11]: process started with pid [9998]
1783028520.7981184 [WARNING] [launch]: user interrupted with ctrl-c (SIGINT)
1783028521.6887035 [INFO] [velocity_smoother-8]: process has finished cleanly [pid 9995]
1783028521.7092085 [INFO] [smoother_server-2]: process has finished cleanly [pid 9989]
1783028521.9078264 [INFO] [waypoint_follower-7]: process has finished cleanly [pid 9994]
1783028521.9428060 [INFO] [collision_monitor-9]: process has finished cleanly [pid 9996]
1783028522.1760004 [INFO] [route_server-4]: process has finished cleanly [pid 9991]
1783028522.2831497 [INFO] [opennav_docking-10]: process has finished cleanly [pid 9997]
1783028522.2852480 [INFO] [behavior_server-5]: process has finished cleanly [pid 9992]
1783028522.4266927 [INFO] [lifecycle_manager-11]: process has finished cleanly [pid 9998]
1783028522.4827883 [INFO] [controller_server-1]: process has finished cleanly [pid 9988]
1783028522.7168059 [INFO] [bt_navigator-6]: process has finished cleanly [pid 9993]
1783028522.7827871 [INFO] [planner_server-3]: process has finished cleanly [pid 9990]
