1783987684.1176829 [INFO] [launch]: All log files can be found below /home/mypi/.ros/log/2026-07-13-17-08-04-116220-pi5-4724
1783987684.1179128 [INFO] [launch]: Default logging verbosity is set to INFO
1783987684.5042255 [INFO] [controller_server-1]: process started with pid [4727]
1783987684.5098565 [INFO] [smoother_server-2]: process started with pid [4728]
1783987684.5157320 [INFO] [planner_server-3]: process started with pid [4729]
1783987684.5208073 [INFO] [route_server-4]: process started with pid [4730]
1783987684.5247440 [INFO] [behavior_server-5]: process started with pid [4731]
1783987684.5298231 [INFO] [bt_navigator-6]: process started with pid [4732]
1783987684.5356858 [INFO] [waypoint_follower-7]: process started with pid [4733]
1783987684.5397558 [INFO] [velocity_smoother-8]: process started with pid [4734]
1783987684.5439973 [INFO] [collision_monitor-9]: process started with pid [4735]
1783987684.5466530 [INFO] [opennav_docking-10]: process started with pid [4736]
1783987684.5510972 [INFO] [lifecycle_manager-11]: process started with pid [4737]
1783988017.5771556 [WARNING] [launch]: user interrupted with ctrl-c (SIGINT)
1783988018.3010311 [INFO] [velocity_smoother-8]: process has finished cleanly [pid 4734]
1783988018.4255700 [INFO] [waypoint_follower-7]: process has finished cleanly [pid 4733]
1783988018.5251470 [INFO] [collision_monitor-9]: process has finished cleanly [pid 4735]
1783988018.5673077 [INFO] [smoother_server-2]: process has finished cleanly [pid 4728]
1783988018.6751397 [INFO] [opennav_docking-10]: process has finished cleanly [pid 4736]
1783988018.7252450 [INFO] [route_server-4]: process has finished cleanly [pid 4730]
1783988018.7530129 [INFO] [behavior_server-5]: process has finished cleanly [pid 4731]
1783988018.8105507 [INFO] [lifecycle_manager-11]: process has finished cleanly [pid 4737]
1783988018.8365955 [INFO] [bt_navigator-6]: process has finished cleanly [pid 4732]
1783988018.8754079 [INFO] [controller_server-1]: process has finished cleanly [pid 4727]
1783988018.9912665 [INFO] [planner_server-3]: process has finished cleanly [pid 4729]
