1784073152.1101711 [INFO] [launch]: All log files can be found below /home/mypi/.ros/log/2026-07-14-16-52-32-108235-pi5-3217
1784073152.1103933 [INFO] [launch]: Default logging verbosity is set to INFO
1784073152.4694135 [INFO] [controller_server-1]: process started with pid [3220]
1784073152.4723024 [INFO] [smoother_server-2]: process started with pid [3221]
1784073152.4754939 [INFO] [planner_server-3]: process started with pid [3222]
1784073152.4778500 [INFO] [route_server-4]: process started with pid [3223]
1784073152.4797258 [INFO] [behavior_server-5]: process started with pid [3224]
1784073152.4815528 [INFO] [bt_navigator-6]: process started with pid [3225]
1784073152.4839015 [INFO] [waypoint_follower-7]: process started with pid [3226]
1784073152.4858479 [INFO] [velocity_smoother-8]: process started with pid [3227]
1784073152.4878893 [INFO] [collision_monitor-9]: process started with pid [3228]
1784073152.4913890 [INFO] [opennav_docking-10]: process started with pid [3229]
1784073152.4937809 [INFO] [lifecycle_manager-11]: process started with pid [3230]
1784073296.2945430 [WARNING] [launch]: user interrupted with ctrl-c (SIGINT)
1784073297.0898595 [INFO] [velocity_smoother-8]: process has finished cleanly [pid 3227]
1784073297.2945113 [INFO] [collision_monitor-9]: process has finished cleanly [pid 3228]
1784073297.5893006 [INFO] [waypoint_follower-7]: process has finished cleanly [pid 3226]
1784073297.6629922 [INFO] [smoother_server-2]: process has finished cleanly [pid 3221]
1784073297.8941278 [INFO] [route_server-4]: process has finished cleanly [pid 3223]
1784073297.9464221 [INFO] [behavior_server-5]: process has finished cleanly [pid 3224]
1784073298.0691781 [INFO] [opennav_docking-10]: process has finished cleanly [pid 3229]
1784073298.1494324 [INFO] [lifecycle_manager-11]: process has finished cleanly [pid 3230]
1784073298.2204821 [INFO] [controller_server-1]: process has finished cleanly [pid 3220]
1784073298.3902953 [INFO] [bt_navigator-6]: process has finished cleanly [pid 3225]
1784073298.5215592 [INFO] [planner_server-3]: process has finished cleanly [pid 3222]
