1782958628.8385134 [INFO] [launch]: All log files can be found below /home/mypi/.ros/log/2026-07-01-19-17-08-836974-pi5-7788
1782958628.8387461 [INFO] [launch]: Default logging verbosity is set to INFO
1782958629.1838934 [INFO] [controller_server-1]: process started with pid [7791]
1782958629.1845651 [INFO] [smoother_server-2]: process started with pid [7792]
1782958629.1872659 [INFO] [planner_server-3]: process started with pid [7793]
1782958629.1886854 [INFO] [route_server-4]: process started with pid [7794]
1782958629.1946161 [INFO] [behavior_server-5]: process started with pid [7795]
1782958629.1951876 [INFO] [bt_navigator-6]: process started with pid [7796]
1782958629.1956401 [INFO] [waypoint_follower-7]: process started with pid [7797]
1782958629.1966248 [INFO] [velocity_smoother-8]: process started with pid [7798]
1782958629.1990163 [INFO] [collision_monitor-9]: process started with pid [7799]
1782958629.2056751 [INFO] [opennav_docking-10]: process started with pid [7800]
1782958629.2080128 [INFO] [lifecycle_manager-11]: process started with pid [7801]
1782960149.8187737 [WARNING] [launch]: user interrupted with ctrl-c (SIGINT)
1782960150.3690078 [INFO] [velocity_smoother-8]: process has finished cleanly [pid 7798]
1782960150.7010481 [INFO] [collision_monitor-9]: process has finished cleanly [pid 7799]
1782960150.7762957 [INFO] [smoother_server-2]: process has finished cleanly [pid 7792]
1782960150.8180871 [INFO] [waypoint_follower-7]: process has finished cleanly [pid 7797]
1782960150.8358161 [INFO] [route_server-4]: process has finished cleanly [pid 7794]
1782960151.0107281 [INFO] [opennav_docking-10]: process has finished cleanly [pid 7800]
1782960151.0229604 [INFO] [behavior_server-5]: process has finished cleanly [pid 7795]
1782960151.1049857 [INFO] [lifecycle_manager-11]: process has finished cleanly [pid 7801]
1782960151.1702201 [INFO] [controller_server-1]: process has finished cleanly [pid 7791]
1782960151.3211710 [INFO] [planner_server-3]: process has finished cleanly [pid 7793]
1782960151.3515944 [INFO] [bt_navigator-6]: process has finished cleanly [pid 7796]
