[0.047s] Invoking command in '/home/mypi/ros2_ws/build/mailrover_urdf': CMAKE_PREFIX_PATH=${CMAKE_PREFIX_PATH}:/home/mypi/ros2_ws/install/my_robot_controller:/opt/ros/jazzy /usr/bin/cmake /home/mypi/ros2_ws/src/mailrover_urdf -DCMAKE_INSTALL_PREFIX=/home/mypi/ros2_ws/install/mailrover_urdf
[0.425s] -- Found ament_cmake: 2.5.5 (/opt/ros/jazzy/share/ament_cmake/cmake)
[0.802s] -- Override CMake install command with custom implementation using symlinks instead of copying resources
[0.880s] -- Found ament_lint_auto: 0.17.4 (/opt/ros/jazzy/share/ament_lint_auto/cmake)
[1.173s] -- Added test 'flake8' to check Python code syntax and style conventions
[1.173s] -- Configured 'flake8' exclude dirs and/or files: 
[1.174s] -- Added test 'lint_cmake' to check CMake code style
[1.176s] -- Added test 'pep257' to check Python code against some of the docstring style conventions in PEP 257
[1.181s] -- Added test 'xmllint' to check XML markup files
[1.194s] -- Configuring done (1.0s)
[1.243s] -- Generating done (0.0s)
[1.251s] -- Build files have been written to: /home/mypi/ros2_ws/build/mailrover_urdf
[1.262s] Invoked command in '/home/mypi/ros2_ws/build/mailrover_urdf' returned '0': CMAKE_PREFIX_PATH=${CMAKE_PREFIX_PATH}:/home/mypi/ros2_ws/install/my_robot_controller:/opt/ros/jazzy /usr/bin/cmake /home/mypi/ros2_ws/src/mailrover_urdf -DCMAKE_INSTALL_PREFIX=/home/mypi/ros2_ws/install/mailrover_urdf
[1.265s] Invoking command in '/home/mypi/ros2_ws/build/mailrover_urdf': CMAKE_PREFIX_PATH=${CMAKE_PREFIX_PATH}:/home/mypi/ros2_ws/install/my_robot_controller:/opt/ros/jazzy /usr/bin/cmake --build /home/mypi/ros2_ws/build/mailrover_urdf -- -j4 -l4
[1.357s] Invoked command in '/home/mypi/ros2_ws/build/mailrover_urdf' returned '0': CMAKE_PREFIX_PATH=${CMAKE_PREFIX_PATH}:/home/mypi/ros2_ws/install/my_robot_controller:/opt/ros/jazzy /usr/bin/cmake --build /home/mypi/ros2_ws/build/mailrover_urdf -- -j4 -l4
[1.377s] Invoking command in '/home/mypi/ros2_ws/build/mailrover_urdf': CMAKE_PREFIX_PATH=${CMAKE_PREFIX_PATH}:/home/mypi/ros2_ws/install/my_robot_controller:/opt/ros/jazzy /usr/bin/cmake --install /home/mypi/ros2_ws/build/mailrover_urdf
[1.395s] -- Install configuration: ""
[1.396s] -- Execute custom install script
[1.399s] -- Up-to-date symlink: /home/mypi/ros2_ws/install/mailrover_urdf/share/mailrover_urdf/urdf/mail_rover.urdf.xacro
[1.400s] -- Up-to-date symlink: /home/mypi/ros2_ws/install/mailrover_urdf/share/mailrover_urdf/launch/display.launch.py
[1.400s] -- Up-to-date symlink: /home/mypi/ros2_ws/install/mailrover_urdf/share/mailrover_urdf/launch/sim.launch.py
[1.401s] -- Up-to-date symlink: /home/mypi/ros2_ws/install/mailrover_urdf/share/ament_index/resource_index/package_run_dependencies/mailrover_urdf
[1.404s] -- Up-to-date symlink: /home/mypi/ros2_ws/install/mailrover_urdf/share/ament_index/resource_index/parent_prefix_path/mailrover_urdf
[1.405s] -- Up-to-date symlink: /home/mypi/ros2_ws/install/mailrover_urdf/share/mailrover_urdf/environment/ament_prefix_path.sh
[1.405s] -- Up-to-date symlink: /home/mypi/ros2_ws/install/mailrover_urdf/share/mailrover_urdf/environment/ament_prefix_path.dsv
[1.407s] -- Up-to-date symlink: /home/mypi/ros2_ws/install/mailrover_urdf/share/mailrover_urdf/environment/path.sh
[1.407s] -- Up-to-date symlink: /home/mypi/ros2_ws/install/mailrover_urdf/share/mailrover_urdf/environment/path.dsv
[1.408s] -- Up-to-date symlink: /home/mypi/ros2_ws/install/mailrover_urdf/share/mailrover_urdf/local_setup.bash
[1.409s] -- Up-to-date symlink: /home/mypi/ros2_ws/install/mailrover_urdf/share/mailrover_urdf/local_setup.sh
[1.410s] -- Up-to-date symlink: /home/mypi/ros2_ws/install/mailrover_urdf/share/mailrover_urdf/local_setup.zsh
[1.410s] -- Up-to-date symlink: /home/mypi/ros2_ws/install/mailrover_urdf/share/mailrover_urdf/local_setup.dsv
[1.410s] -- Symlinking: /home/mypi/ros2_ws/install/mailrover_urdf/share/mailrover_urdf/package.dsv
[1.434s] -- Up-to-date symlink: /home/mypi/ros2_ws/install/mailrover_urdf/share/ament_index/resource_index/packages/mailrover_urdf
[1.436s] -- Up-to-date symlink: /home/mypi/ros2_ws/install/mailrover_urdf/share/mailrover_urdf/cmake/mailrover_urdfConfig.cmake
[1.438s] -- Up-to-date symlink: /home/mypi/ros2_ws/install/mailrover_urdf/share/mailrover_urdf/cmake/mailrover_urdfConfig-version.cmake
[1.438s] -- Up-to-date symlink: /home/mypi/ros2_ws/install/mailrover_urdf/share/mailrover_urdf/package.xml
[1.442s] Invoked command in '/home/mypi/ros2_ws/build/mailrover_urdf' returned '0': CMAKE_PREFIX_PATH=${CMAKE_PREFIX_PATH}:/home/mypi/ros2_ws/install/my_robot_controller:/opt/ros/jazzy /usr/bin/cmake --install /home/mypi/ros2_ws/build/mailrover_urdf
