[0.648s] DEBUG:colcon:Command line arguments: ['/usr/bin/colcon', 'build', '--packages-select', 'my_robot_controller']
[0.649s] DEBUG:colcon:Parsed command line arguments: Namespace(log_base=None, log_level=None, verb_name='build', build_base='build', install_base='install', merge_install=False, symlink_install=False, test_result_base=None, continue_on_error=False, executor='parallel', parallel_workers=4, event_handlers=None, ignore_user_meta=False, metas=['./colcon.meta'], base_paths=['.'], packages_ignore=None, packages_ignore_regex=None, paths=None, packages_up_to=None, packages_up_to_regex=None, packages_above=None, packages_above_and_dependencies=None, packages_above_depth=None, packages_select_by_dep=None, packages_skip_by_dep=None, packages_skip_up_to=None, packages_select_build_failed=False, packages_skip_build_finished=False, packages_select_test_failures=False, packages_skip_test_passed=False, packages_select=['my_robot_controller'], packages_skip=None, packages_select_regex=None, packages_skip_regex=None, packages_start=None, packages_end=None, allow_overriding=[], cmake_args=None, cmake_target=None, cmake_target_skip_unavailable=False, cmake_clean_cache=False, cmake_clean_first=False, cmake_force_configure=False, ament_cmake_args=None, catkin_cmake_args=None, catkin_skip_building_tests=False, mixin_files=None, mixin=None, verb_parser=<colcon_mixin.mixin.mixin_argument.MixinArgumentDecorator object at 0xffffaae1eea0>, verb_extension=<colcon_core.verb.build.BuildVerb object at 0xffffaafcf6e0>, main=<bound method BuildVerb.main of <colcon_core.verb.build.BuildVerb object at 0xffffaafcf6e0>>, mixin_verb=('build',))
[0.943s] Level 1:colcon.colcon_core.package_discovery:discover_packages(colcon_meta) check parameters
[0.943s] Level 1:colcon.colcon_core.package_discovery:discover_packages(recursive) check parameters
[0.943s] Level 1:colcon.colcon_core.package_discovery:discover_packages(ignore) check parameters
[0.943s] Level 1:colcon.colcon_core.package_discovery:discover_packages(path) check parameters
[0.944s] Level 1:colcon.colcon_core.package_discovery:discover_packages(colcon_meta) discover
[0.944s] Level 1:colcon.colcon_core.package_discovery:discover_packages(recursive) discover
[0.944s] INFO:colcon.colcon_core.package_discovery:Crawling recursively for packages in '/home/mypi/ros2_ws_simon'
[0.945s] Level 1:colcon.colcon_core.package_identification:_identify(.) by extensions ['ignore', 'ignore_ament_install']
[0.946s] Level 1:colcon.colcon_core.package_identification:_identify(.) by extension 'ignore'
[0.946s] Level 1:colcon.colcon_core.package_identification:_identify(.) by extension 'ignore_ament_install'
[0.947s] Level 1:colcon.colcon_core.package_identification:_identify(.) by extensions ['colcon_pkg']
[0.947s] Level 1:colcon.colcon_core.package_identification:_identify(.) by extension 'colcon_pkg'
[0.947s] Level 1:colcon.colcon_core.package_identification:_identify(.) by extensions ['colcon_meta']
[0.948s] Level 1:colcon.colcon_core.package_identification:_identify(.) by extension 'colcon_meta'
[0.948s] Level 1:colcon.colcon_core.package_identification:_identify(.) by extensions ['ros']
[0.948s] Level 1:colcon.colcon_core.package_identification:_identify(.) by extension 'ros'
[1.087s] Level 1:colcon.colcon_core.package_identification:_identify(.) by extensions ['cmake', 'python']
[1.087s] Level 1:colcon.colcon_core.package_identification:_identify(.) by extension 'cmake'
[1.088s] Level 1:colcon.colcon_core.package_identification:_identify(.) by extension 'python'
[1.088s] Level 1:colcon.colcon_core.package_identification:_identify(.) by extensions ['python_setup_py']
[1.089s] Level 1:colcon.colcon_core.package_identification:_identify(.) by extension 'python_setup_py'
[1.089s] Level 1:colcon.colcon_core.package_identification:_identify(build) by extensions ['ignore', 'ignore_ament_install']
[1.090s] Level 1:colcon.colcon_core.package_identification:_identify(build) by extension 'ignore'
[1.090s] Level 1:colcon.colcon_core.package_identification:_identify(build) ignored
[1.091s] Level 1:colcon.colcon_core.package_identification:_identify(install) by extensions ['ignore', 'ignore_ament_install']
[1.091s] Level 1:colcon.colcon_core.package_identification:_identify(install) by extension 'ignore'
[1.091s] Level 1:colcon.colcon_core.package_identification:_identify(install) ignored
[1.091s] Level 1:colcon.colcon_core.package_identification:_identify(log) by extensions ['ignore', 'ignore_ament_install']
[1.091s] Level 1:colcon.colcon_core.package_identification:_identify(log) by extension 'ignore'
[1.092s] Level 1:colcon.colcon_core.package_identification:_identify(log) ignored
[1.092s] Level 1:colcon.colcon_core.package_identification:_identify(src) by extensions ['ignore', 'ignore_ament_install']
[1.092s] Level 1:colcon.colcon_core.package_identification:_identify(src) by extension 'ignore'
[1.092s] Level 1:colcon.colcon_core.package_identification:_identify(src) by extension 'ignore_ament_install'
[1.092s] Level 1:colcon.colcon_core.package_identification:_identify(src) by extensions ['colcon_pkg']
[1.092s] Level 1:colcon.colcon_core.package_identification:_identify(src) by extension 'colcon_pkg'
[1.092s] Level 1:colcon.colcon_core.package_identification:_identify(src) by extensions ['colcon_meta']
[1.092s] Level 1:colcon.colcon_core.package_identification:_identify(src) by extension 'colcon_meta'
[1.093s] Level 1:colcon.colcon_core.package_identification:_identify(src) by extensions ['ros']
[1.093s] Level 1:colcon.colcon_core.package_identification:_identify(src) by extension 'ros'
[1.093s] Level 1:colcon.colcon_core.package_identification:_identify(src) by extensions ['cmake', 'python']
[1.093s] Level 1:colcon.colcon_core.package_identification:_identify(src) by extension 'cmake'
[1.093s] Level 1:colcon.colcon_core.package_identification:_identify(src) by extension 'python'
[1.093s] Level 1:colcon.colcon_core.package_identification:_identify(src) by extensions ['python_setup_py']
[1.093s] Level 1:colcon.colcon_core.package_identification:_identify(src) by extension 'python_setup_py'
[1.095s] Level 1:colcon.colcon_core.package_identification:_identify(src/build) by extensions ['ignore', 'ignore_ament_install']
[1.095s] Level 1:colcon.colcon_core.package_identification:_identify(src/build) by extension 'ignore'
[1.095s] Level 1:colcon.colcon_core.package_identification:_identify(src/build) ignored
[1.096s] Level 1:colcon.colcon_core.package_identification:_identify(src/install) by extensions ['ignore', 'ignore_ament_install']
[1.097s] Level 1:colcon.colcon_core.package_identification:_identify(src/install) by extension 'ignore'
[1.097s] Level 1:colcon.colcon_core.package_identification:_identify(src/install) ignored
[1.098s] Level 1:colcon.colcon_core.package_identification:_identify(src/log) by extensions ['ignore', 'ignore_ament_install']
[1.099s] Level 1:colcon.colcon_core.package_identification:_identify(src/log) by extension 'ignore'
[1.099s] Level 1:colcon.colcon_core.package_identification:_identify(src/log) ignored
[1.100s] Level 1:colcon.colcon_core.package_identification:_identify(src/mailrover_urdf) by extensions ['ignore', 'ignore_ament_install']
[1.101s] Level 1:colcon.colcon_core.package_identification:_identify(src/mailrover_urdf) by extension 'ignore'
[1.101s] Level 1:colcon.colcon_core.package_identification:_identify(src/mailrover_urdf) by extension 'ignore_ament_install'
[1.101s] Level 1:colcon.colcon_core.package_identification:_identify(src/mailrover_urdf) by extensions ['colcon_pkg']
[1.102s] Level 1:colcon.colcon_core.package_identification:_identify(src/mailrover_urdf) by extension 'colcon_pkg'
[1.102s] Level 1:colcon.colcon_core.package_identification:_identify(src/mailrover_urdf) by extensions ['colcon_meta']
[1.102s] Level 1:colcon.colcon_core.package_identification:_identify(src/mailrover_urdf) by extension 'colcon_meta'
[1.102s] Level 1:colcon.colcon_core.package_identification:_identify(src/mailrover_urdf) by extensions ['ros']
[1.103s] Level 1:colcon.colcon_core.package_identification:_identify(src/mailrover_urdf) by extension 'ros'
[1.117s] DEBUG:colcon.colcon_core.package_identification:Package 'src/mailrover_urdf' with type 'ros.ament_cmake' and name 'mailrover_urdf'
[1.117s] Level 1:colcon.colcon_core.package_identification:_identify(src/my_robot_controller) by extensions ['ignore', 'ignore_ament_install']
[1.118s] Level 1:colcon.colcon_core.package_identification:_identify(src/my_robot_controller) by extension 'ignore'
[1.118s] Level 1:colcon.colcon_core.package_identification:_identify(src/my_robot_controller) by extension 'ignore_ament_install'
[1.118s] Level 1:colcon.colcon_core.package_identification:_identify(src/my_robot_controller) by extensions ['colcon_pkg']
[1.119s] Level 1:colcon.colcon_core.package_identification:_identify(src/my_robot_controller) by extension 'colcon_pkg'
[1.119s] Level 1:colcon.colcon_core.package_identification:_identify(src/my_robot_controller) by extensions ['colcon_meta']
[1.119s] Level 1:colcon.colcon_core.package_identification:_identify(src/my_robot_controller) by extension 'colcon_meta'
[1.119s] Level 1:colcon.colcon_core.package_identification:_identify(src/my_robot_controller) by extensions ['ros']
[1.119s] Level 1:colcon.colcon_core.package_identification:_identify(src/my_robot_controller) by extension 'ros'
[1.124s] DEBUG:colcon.colcon_core.package_identification:Package 'src/my_robot_controller' with type 'ros.ament_python' and name 'my_robot_controller'
[1.126s] Level 1:colcon.colcon_core.package_identification:_identify(src/rf2o_laser_odometry) by extensions ['ignore', 'ignore_ament_install']
[1.126s] Level 1:colcon.colcon_core.package_identification:_identify(src/rf2o_laser_odometry) by extension 'ignore'
[1.126s] Level 1:colcon.colcon_core.package_identification:_identify(src/rf2o_laser_odometry) by extension 'ignore_ament_install'
[1.127s] Level 1:colcon.colcon_core.package_identification:_identify(src/rf2o_laser_odometry) by extensions ['colcon_pkg']
[1.127s] Level 1:colcon.colcon_core.package_identification:_identify(src/rf2o_laser_odometry) by extension 'colcon_pkg'
[1.127s] Level 1:colcon.colcon_core.package_identification:_identify(src/rf2o_laser_odometry) by extensions ['colcon_meta']
[1.127s] Level 1:colcon.colcon_core.package_identification:_identify(src/rf2o_laser_odometry) by extension 'colcon_meta'
[1.127s] Level 1:colcon.colcon_core.package_identification:_identify(src/rf2o_laser_odometry) by extensions ['ros']
[1.128s] Level 1:colcon.colcon_core.package_identification:_identify(src/rf2o_laser_odometry) by extension 'ros'
[1.132s] DEBUG:colcon.colcon_core.package_identification:Package 'src/rf2o_laser_odometry' with type 'ros.ament_cmake' and name 'rf2o_laser_odometry'
[1.133s] Level 1:colcon.colcon_core.package_identification:_identify(src/sllidar_ros2) by extensions ['ignore', 'ignore_ament_install']
[1.133s] Level 1:colcon.colcon_core.package_identification:_identify(src/sllidar_ros2) by extension 'ignore'
[1.133s] Level 1:colcon.colcon_core.package_identification:_identify(src/sllidar_ros2) by extension 'ignore_ament_install'
[1.134s] Level 1:colcon.colcon_core.package_identification:_identify(src/sllidar_ros2) by extensions ['colcon_pkg']
[1.134s] Level 1:colcon.colcon_core.package_identification:_identify(src/sllidar_ros2) by extension 'colcon_pkg'
[1.134s] Level 1:colcon.colcon_core.package_identification:_identify(src/sllidar_ros2) by extensions ['colcon_meta']
[1.134s] Level 1:colcon.colcon_core.package_identification:_identify(src/sllidar_ros2) by extension 'colcon_meta'
[1.134s] Level 1:colcon.colcon_core.package_identification:_identify(src/sllidar_ros2) by extensions ['ros']
[1.134s] Level 1:colcon.colcon_core.package_identification:_identify(src/sllidar_ros2) by extension 'ros'
[1.137s] DEBUG:colcon.colcon_core.package_identification:Package 'src/sllidar_ros2' with type 'ros.ament_cmake' and name 'sllidar_ros2'
[1.137s] Level 1:colcon.colcon_core.package_discovery:discover_packages(recursive) using defaults
[1.137s] Level 1:colcon.colcon_core.package_discovery:discover_packages(ignore) discover
[1.138s] Level 1:colcon.colcon_core.package_discovery:discover_packages(ignore) using defaults
[1.139s] Level 1:colcon.colcon_core.package_discovery:discover_packages(path) discover
[1.139s] Level 1:colcon.colcon_core.package_discovery:discover_packages(path) using defaults
[1.234s] INFO:colcon.colcon_core.package_selection:Skipping not selected package 'mailrover_urdf' in 'src/mailrover_urdf'
[1.234s] INFO:colcon.colcon_core.package_selection:Skipping not selected package 'rf2o_laser_odometry' in 'src/rf2o_laser_odometry'
[1.234s] INFO:colcon.colcon_core.package_selection:Skipping not selected package 'sllidar_ros2' in 'src/sllidar_ros2'
[1.237s] Level 1:colcon.colcon_core.package_discovery:discover_packages(prefix_path) check parameters
[1.237s] Level 1:colcon.colcon_core.package_discovery:discover_packages(prefix_path) discover
[1.256s] DEBUG:colcon.colcon_installed_package_information.package_discovery:Found 4 installed packages in /home/mypi/ros2_ws/install
[1.258s] DEBUG:colcon.colcon_installed_package_information.package_discovery:Found 4 installed packages in /home/mypi/ros2_ws_simon/install
[1.263s] DEBUG:colcon.colcon_installed_package_information.package_discovery:Found 326 installed packages in /opt/ros/jazzy
[1.269s] Level 1:colcon.colcon_core.package_discovery:discover_packages(prefix_path) using defaults
[1.418s] Level 5:colcon.colcon_core.verb:set package 'my_robot_controller' build argument 'cmake_args' from command line to 'None'
[1.418s] Level 5:colcon.colcon_core.verb:set package 'my_robot_controller' build argument 'cmake_target' from command line to 'None'
[1.418s] Level 5:colcon.colcon_core.verb:set package 'my_robot_controller' build argument 'cmake_target_skip_unavailable' from command line to 'False'
[1.418s] Level 5:colcon.colcon_core.verb:set package 'my_robot_controller' build argument 'cmake_clean_cache' from command line to 'False'
[1.418s] Level 5:colcon.colcon_core.verb:set package 'my_robot_controller' build argument 'cmake_clean_first' from command line to 'False'
[1.418s] Level 5:colcon.colcon_core.verb:set package 'my_robot_controller' build argument 'cmake_force_configure' from command line to 'False'
[1.418s] Level 5:colcon.colcon_core.verb:set package 'my_robot_controller' build argument 'ament_cmake_args' from command line to 'None'
[1.418s] Level 5:colcon.colcon_core.verb:set package 'my_robot_controller' build argument 'catkin_cmake_args' from command line to 'None'
[1.418s] Level 5:colcon.colcon_core.verb:set package 'my_robot_controller' build argument 'catkin_skip_building_tests' from command line to 'False'
[1.418s] DEBUG:colcon.colcon_core.verb:Building package 'my_robot_controller' with the following arguments: {'ament_cmake_args': None, 'build_base': '/home/mypi/ros2_ws_simon/build/my_robot_controller', 'catkin_cmake_args': None, 'catkin_skip_building_tests': False, 'cmake_args': None, 'cmake_clean_cache': False, 'cmake_clean_first': False, 'cmake_force_configure': False, 'cmake_target': None, 'cmake_target_skip_unavailable': False, 'install_base': '/home/mypi/ros2_ws_simon/install/my_robot_controller', 'merge_install': False, 'path': '/home/mypi/ros2_ws_simon/src/my_robot_controller', 'symlink_install': False, 'test_result_base': None}
[1.419s] INFO:colcon.colcon_core.executor:Executing jobs using 'parallel' executor
[1.422s] DEBUG:colcon.colcon_parallel_executor.executor.parallel:run_until_complete
[1.422s] INFO:colcon.colcon_ros.task.ament_python.build:Building ROS package in '/home/mypi/ros2_ws_simon/src/my_robot_controller' with build type 'ament_python'
[1.423s] Level 1:colcon.colcon_core.shell:create_environment_hook('my_robot_controller', 'ament_prefix_path')
[1.439s] INFO:colcon.colcon_core.plugin_system:Skipping extension 'colcon_core.shell.bat': Not used on non-Windows systems
[1.440s] INFO:colcon.colcon_core.shell:Creating environment hook '/home/mypi/ros2_ws_simon/install/my_robot_controller/share/my_robot_controller/hook/ament_prefix_path.ps1'
[1.443s] INFO:colcon.colcon_core.shell:Creating environment descriptor '/home/mypi/ros2_ws_simon/install/my_robot_controller/share/my_robot_controller/hook/ament_prefix_path.dsv'
[1.446s] INFO:colcon.colcon_core.shell:Creating environment hook '/home/mypi/ros2_ws_simon/install/my_robot_controller/share/my_robot_controller/hook/ament_prefix_path.sh'
[1.450s] INFO:colcon.colcon_core.shell:Skip shell extension 'powershell' for command environment: Not usable outside of PowerShell
[1.450s] DEBUG:colcon.colcon_core.shell:Skip shell extension 'dsv' for command environment
[2.397s] INFO:colcon.colcon_core.task.python.build:Building Python package in '/home/mypi/ros2_ws_simon/src/my_robot_controller'
[2.398s] INFO:colcon.colcon_core.shell:Skip shell extension 'powershell' for command environment: Not usable outside of PowerShell
[2.398s] DEBUG:colcon.colcon_core.shell:Skip shell extension 'dsv' for command environment
[6.189s] DEBUG:colcon.colcon_core.event_handler.log_command:Invoking command in '/home/mypi/ros2_ws_simon/build/my_robot_controller': PYTHONPATH=/home/mypi/ros2_ws_simon/build/my_robot_controller/prefix_override:/usr/lib/python3/dist-packages/colcon_core/task/python/colcon_distutils_commands:/home/mypi/ros2_ws_simon/install/my_robot_controller/lib/python3.12/site-packages:${PYTHONPATH} /usr/bin/python3 -W ignore:setup.py install is deprecated -W ignore:easy_install command is deprecated setup.py develop --uninstall --editable --build-directory /home/mypi/ros2_ws_simon/build/my_robot_controller/build
[8.643s] DEBUG:colcon.colcon_core.event_handler.log_command:Invoked command in '/home/mypi/ros2_ws_simon/build/my_robot_controller' returned '0': PYTHONPATH=/home/mypi/ros2_ws_simon/build/my_robot_controller/prefix_override:/usr/lib/python3/dist-packages/colcon_core/task/python/colcon_distutils_commands:/home/mypi/ros2_ws_simon/install/my_robot_controller/lib/python3.12/site-packages:${PYTHONPATH} /usr/bin/python3 -W ignore:setup.py install is deprecated -W ignore:easy_install command is deprecated setup.py develop --uninstall --editable --build-directory /home/mypi/ros2_ws_simon/build/my_robot_controller/build
[8.648s] DEBUG:colcon.colcon_core.event_handler.log_command:Invoking command in '/home/mypi/ros2_ws_simon/src/my_robot_controller': PYTHONPATH=/home/mypi/ros2_ws_simon/build/my_robot_controller/prefix_override:/usr/lib/python3/dist-packages/colcon_core/task/python/colcon_distutils_commands:/home/mypi/ros2_ws_simon/install/my_robot_controller/lib/python3.12/site-packages:${PYTHONPATH} /usr/bin/python3 -W ignore:setup.py install is deprecated -W ignore:easy_install command is deprecated setup.py egg_info --egg-base ../../build/my_robot_controller build --build-base /home/mypi/ros2_ws_simon/build/my_robot_controller/build install --record /home/mypi/ros2_ws_simon/build/my_robot_controller/install.log --single-version-externally-managed install_data --force
[11.229s] DEBUG:colcon.colcon_core.event_handler.log_command:Invoked command in '/home/mypi/ros2_ws_simon/src/my_robot_controller' returned '0': PYTHONPATH=/home/mypi/ros2_ws_simon/build/my_robot_controller/prefix_override:/usr/lib/python3/dist-packages/colcon_core/task/python/colcon_distutils_commands:/home/mypi/ros2_ws_simon/install/my_robot_controller/lib/python3.12/site-packages:${PYTHONPATH} /usr/bin/python3 -W ignore:setup.py install is deprecated -W ignore:easy_install command is deprecated setup.py egg_info --egg-base ../../build/my_robot_controller build --build-base /home/mypi/ros2_ws_simon/build/my_robot_controller/build install --record /home/mypi/ros2_ws_simon/build/my_robot_controller/install.log --single-version-externally-managed install_data --force
[11.253s] Level 1:colcon.colcon_core.environment:checking '/home/mypi/ros2_ws_simon/install/my_robot_controller' for CMake module files
[11.255s] Level 1:colcon.colcon_core.environment:checking '/home/mypi/ros2_ws_simon/install/my_robot_controller' for CMake config files
[11.258s] Level 1:colcon.colcon_core.environment:checking '/home/mypi/ros2_ws_simon/install/my_robot_controller/lib'
[11.258s] Level 1:colcon.colcon_core.environment:checking '/home/mypi/ros2_ws_simon/install/my_robot_controller/bin'
[11.259s] Level 1:colcon.colcon_core.environment:checking '/home/mypi/ros2_ws_simon/install/my_robot_controller/lib/pkgconfig/my_robot_controller.pc'
[11.259s] Level 1:colcon.colcon_core.environment:checking '/home/mypi/ros2_ws_simon/install/my_robot_controller/lib/python3.12/site-packages'
[11.260s] Level 1:colcon.colcon_core.shell:create_environment_hook('my_robot_controller', 'pythonpath')
[11.261s] INFO:colcon.colcon_core.shell:Creating environment hook '/home/mypi/ros2_ws_simon/install/my_robot_controller/share/my_robot_controller/hook/pythonpath.ps1'
[11.262s] INFO:colcon.colcon_core.shell:Creating environment descriptor '/home/mypi/ros2_ws_simon/install/my_robot_controller/share/my_robot_controller/hook/pythonpath.dsv'
[11.264s] INFO:colcon.colcon_core.shell:Creating environment hook '/home/mypi/ros2_ws_simon/install/my_robot_controller/share/my_robot_controller/hook/pythonpath.sh'
[11.267s] Level 1:colcon.colcon_core.environment:checking '/home/mypi/ros2_ws_simon/install/my_robot_controller/bin'
[11.267s] Level 1:colcon.colcon_core.environment:create_environment_scripts_only(my_robot_controller)
[11.268s] INFO:colcon.colcon_core.shell:Creating package script '/home/mypi/ros2_ws_simon/install/my_robot_controller/share/my_robot_controller/package.ps1'
[11.273s] INFO:colcon.colcon_core.shell:Creating package descriptor '/home/mypi/ros2_ws_simon/install/my_robot_controller/share/my_robot_controller/package.dsv'
[11.277s] INFO:colcon.colcon_core.shell:Creating package script '/home/mypi/ros2_ws_simon/install/my_robot_controller/share/my_robot_controller/package.sh'
[11.282s] INFO:colcon.colcon_core.shell:Creating package script '/home/mypi/ros2_ws_simon/install/my_robot_controller/share/my_robot_controller/package.bash'
[11.287s] INFO:colcon.colcon_core.shell:Creating package script '/home/mypi/ros2_ws_simon/install/my_robot_controller/share/my_robot_controller/package.zsh'
[11.291s] Level 1:colcon.colcon_core.environment:create_file_with_runtime_dependencies(/home/mypi/ros2_ws_simon/install/my_robot_controller/share/colcon-core/packages/my_robot_controller)
[11.293s] DEBUG:colcon.colcon_parallel_executor.executor.parallel:closing loop
[11.294s] DEBUG:colcon.colcon_parallel_executor.executor.parallel:loop closed
[11.295s] DEBUG:colcon.colcon_parallel_executor.executor.parallel:run_until_complete finished with '0'
[11.295s] DEBUG:colcon.colcon_core.event_reactor:joining thread
[11.298s] DEBUG:colcon.colcon_core.event_reactor:joined thread
[11.299s] INFO:colcon.colcon_core.shell:Creating prefix script '/home/mypi/ros2_ws_simon/install/local_setup.ps1'
[11.304s] INFO:colcon.colcon_core.shell:Creating prefix util module '/home/mypi/ros2_ws_simon/install/_local_setup_util_ps1.py'
[11.309s] INFO:colcon.colcon_core.shell:Creating prefix chain script '/home/mypi/ros2_ws_simon/install/setup.ps1'
[11.314s] INFO:colcon.colcon_core.shell:Creating prefix script '/home/mypi/ros2_ws_simon/install/local_setup.sh'
[11.317s] INFO:colcon.colcon_core.shell:Creating prefix util module '/home/mypi/ros2_ws_simon/install/_local_setup_util_sh.py'
[11.319s] INFO:colcon.colcon_core.shell:Creating prefix chain script '/home/mypi/ros2_ws_simon/install/setup.sh'
[11.324s] INFO:colcon.colcon_core.shell:Creating prefix script '/home/mypi/ros2_ws_simon/install/local_setup.bash'
[11.327s] INFO:colcon.colcon_core.shell:Creating prefix chain script '/home/mypi/ros2_ws_simon/install/setup.bash'
[11.332s] INFO:colcon.colcon_core.shell:Creating prefix script '/home/mypi/ros2_ws_simon/install/local_setup.zsh'
[11.335s] INFO:colcon.colcon_core.shell:Creating prefix chain script '/home/mypi/ros2_ws_simon/install/setup.zsh'
