1784069142.7410021 [INFO] [launch]: All log files can be found below /home/mypi/.ros/log/2026-07-14-15-45-42-739572-pi5-22205
1784069142.7412372 [INFO] [launch]: Default logging verbosity is set to INFO
1784069143.0858195 [INFO] [controller_server-1]: process started with pid [22208]
1784069143.0862575 [INFO] [smoother_server-2]: process started with pid [22209]
1784069143.0967631 [INFO] [planner_server-3]: process started with pid [22210]
1784069143.0971043 [INFO] [route_server-4]: process started with pid [22211]
1784069143.0972974 [INFO] [behavior_server-5]: process started with pid [22212]
1784069143.0975502 [INFO] [bt_navigator-6]: process started with pid [22213]
1784069143.0977588 [INFO] [waypoint_follower-7]: process started with pid [22214]
1784069143.0979705 [INFO] [velocity_smoother-8]: process started with pid [22215]
1784069143.0981677 [INFO] [collision_monitor-9]: process started with pid [22216]
1784069143.0983586 [INFO] [opennav_docking-10]: process started with pid [22217]
1784069143.0985494 [INFO] [lifecycle_manager-11]: process started with pid [22218]
1784069192.9268150 [WARNING] [launch]: user interrupted with ctrl-c (SIGINT)
1784069193.4891057 [INFO] [waypoint_follower-7]: process has finished cleanly [pid 22214]
1784069193.7944601 [INFO] [collision_monitor-9]: process has finished cleanly [pid 22216]
1784069193.7978914 [INFO] [velocity_smoother-8]: process has finished cleanly [pid 22215]
1784069193.8642566 [INFO] [smoother_server-2]: process has finished cleanly [pid 22209]
1784069193.9168494 [INFO] [opennav_docking-10]: process has finished cleanly [pid 22217]
1784069193.9700611 [INFO] [route_server-4]: process has finished cleanly [pid 22211]
1784069193.9747925 [INFO] [behavior_server-5]: process has finished cleanly [pid 22212]
1784069194.0500710 [INFO] [bt_navigator-6]: process has finished cleanly [pid 22213]
1784069194.0990648 [INFO] [controller_server-1]: process has finished cleanly [pid 22208]
1784069194.7838738 [ERROR] [planner_server-3]: process has died [pid 22210, exit code -6, cmd '/opt/ros/jazzy/lib/nav2_planner/planner_server --ros-args --log-level info --ros-args -r __node:=planner_server -p use_sim_time:=False --params-file /tmp/launch_params_u9_79oep -r /tf:=tf -r /tf_static:=tf_static'].
1784069195.1486804 [INFO] [lifecycle_manager-11]: process has finished cleanly [pid 22218]
