1785903127.1274588 [INFO] [launch]: All log files can be found below /home/mypi/.ros/log/2026-08-04-21-12-07-125153-pi5-16761
1785903127.1277268 [INFO] [launch]: Default logging verbosity is set to INFO
1785903127.4831760 [INFO] [controller_server-1]: process started with pid [16764]
1785903127.4890394 [INFO] [smoother_server-2]: process started with pid [16765]
1785903127.4894543 [INFO] [planner_server-3]: process started with pid [16766]
1785903127.4918926 [INFO] [route_server-4]: process started with pid [16767]
1785903127.4953249 [INFO] [behavior_server-5]: process started with pid [16768]
1785903127.4976251 [INFO] [bt_navigator-6]: process started with pid [16769]
1785903127.5042171 [INFO] [waypoint_follower-7]: process started with pid [16770]
1785903127.5044065 [INFO] [velocity_smoother-8]: process started with pid [16771]
1785903127.5045385 [INFO] [collision_monitor-9]: process started with pid [16772]
1785903127.5046496 [INFO] [opennav_docking-10]: process started with pid [16773]
1785903127.5050344 [INFO] [lifecycle_manager-11]: process started with pid [16774]
1785903261.3526103 [WARNING] [launch]: user interrupted with ctrl-c (SIGINT)
1785903262.3212662 [INFO] [collision_monitor-9]: process has finished cleanly [pid 16772]
1785903262.3597133 [INFO] [smoother_server-2]: process has finished cleanly [pid 16765]
1785903262.5581446 [INFO] [velocity_smoother-8]: process has finished cleanly [pid 16771]
1785903262.7979412 [INFO] [waypoint_follower-7]: process has finished cleanly [pid 16770]
1785903262.9762433 [INFO] [route_server-4]: process has finished cleanly [pid 16767]
1785903263.0868537 [INFO] [opennav_docking-10]: process has finished cleanly [pid 16773]
1785903263.1827126 [INFO] [behavior_server-5]: process has finished cleanly [pid 16768]
1785903263.4222724 [INFO] [lifecycle_manager-11]: process has finished cleanly [pid 16774]
1785903263.5248196 [INFO] [controller_server-1]: process has finished cleanly [pid 16764]
1785903263.6242497 [INFO] [planner_server-3]: process has finished cleanly [pid 16766]
1785903263.7653949 [INFO] [bt_navigator-6]: process has finished cleanly [pid 16769]
