[INFO] [1786032056.572221786] [amcl]: 
	amcl lifecycle node launched. 
	Waiting on external lifecycle transitions to activate
	See https://design.ros2.org/articles/node_lifecycle.html for more information.
[INFO] [1786032056.574405205] [amcl]: Creating
[INFO] [1786032057.782295540] [amcl]: Configuring
[INFO] [1786032057.782462374] [amcl]: initTransforms
[INFO] [1786032057.801986538] [amcl]: initPubSub
[INFO] [1786032057.822362725] [amcl]: Subscribed to map topic.
[INFO] [1786032057.889677543] [amcl]: Received a 1552 X 2299 map @ 0.050 m/pix
[INFO] [1786032057.968195516] [amcl]: Activating
[INFO] [1786032057.968260035] [amcl]: Creating bond (amcl) to lifecycle manager.
[INFO] [1786032058.042198668] [amcl]: createLaserObject
[WARN] [1786032059.842249753] [amcl]: AMCL cannot publish a pose or update the transform. Please set the initial pose...
[WARN] [1786032061.842833191] [amcl]: AMCL cannot publish a pose or update the transform. Please set the initial pose...
[INFO] [1786032063.264551454] [amcl]: initialPoseReceived
[WARN] [1786032063.264753936] [amcl]: Failed to transform initial pose in time (Lookup would require extrapolation into the future.  Requested time 1786032063.264629 but the latest data is at time 1786032063.241256, when looking up transform from frame [base_footprint] to frame [odom])
[INFO] [1786032063.264813048] [amcl]: Setting pose (1786032063.264793): 24.355 -44.681 -1.010
[INFO] [1786032428.726552203] [amcl]: Message Filter dropping message: frame 'laser' at time 1786032426.721 for reason 'the timestamp on the message is earlier than all the data in the transform cache'
[INFO] [1786032485.637500248] [amcl]: Message Filter dropping message: frame 'laser' at time 1786032483.634 for reason 'the timestamp on the message is earlier than all the data in the transform cache'
[INFO] [1786032488.684953683] [amcl]: Message Filter dropping message: frame 'laser' at time 1786032486.677 for reason 'the timestamp on the message is earlier than all the data in the transform cache'
[INFO] [1786032491.404623872] [amcl]: Message Filter dropping message: frame 'laser' at time 1786032489.399 for reason 'the timestamp on the message is earlier than all the data in the transform cache'
