[INFO] [1786095939.014807556] [amcl]: 
	amcl lifecycle node launched. 
	Waiting on external lifecycle transitions to activate
	See https://design.ros2.org/articles/node_lifecycle.html for more information.
[INFO] [1786095939.015868692] [amcl]: Creating
[INFO] [1786095939.900536260] [amcl]: Configuring
[INFO] [1786095939.900672020] [amcl]: initTransforms
[INFO] [1786095939.916956388] [amcl]: initPubSub
[INFO] [1786095939.930923335] [amcl]: Subscribed to map topic.
[INFO] [1786095941.146088338] [amcl]: Received a 1552 X 2299 map @ 0.050 m/pix
[INFO] [1786095941.324339359] [amcl]: Activating
[INFO] [1786095941.324398878] [amcl]: Creating bond (amcl) to lifecycle manager.
[INFO] [1786095941.338870217] [amcl]: createLaserObject
[WARN] [1786095941.969132937] [amcl]: AMCL cannot publish a pose or update the transform. Please set the initial pose...
[WARN] [1786095944.068985582] [amcl]: AMCL cannot publish a pose or update the transform. Please set the initial pose...
[WARN] [1786095946.202354728] [amcl]: AMCL cannot publish a pose or update the transform. Please set the initial pose...
[WARN] [1786095948.238289206] [amcl]: AMCL cannot publish a pose or update the transform. Please set the initial pose...
[WARN] [1786095950.369255209] [amcl]: AMCL cannot publish a pose or update the transform. Please set the initial pose...
[WARN] [1786095952.469151984] [amcl]: AMCL cannot publish a pose or update the transform. Please set the initial pose...
[WARN] [1786095954.535756132] [amcl]: AMCL cannot publish a pose or update the transform. Please set the initial pose...
[WARN] [1786095956.635482906] [amcl]: AMCL cannot publish a pose or update the transform. Please set the initial pose...
[INFO] [1786095958.654574625] [amcl]: initialPoseReceived
[WARN] [1786095958.654766163] [amcl]: Failed to transform initial pose in time (Lookup would require extrapolation into the future.  Requested time 1786095958.654651 but the latest data is at time 1786095958.634596, when looking up transform from frame [base_footprint] to frame [odom])
[INFO] [1786095958.654835626] [amcl]: Setting pose (1786095958.654834): 24.665 -46.093 0.574
[INFO] [1786096010.819099881] [rclcpp]: signal_handler(SIGINT/SIGTERM)
[INFO] [1786096010.819201474] [amcl]: Running Nav2 LifecycleNode rcl preshutdown (amcl)
[INFO] [1786096010.819297882] [amcl]: Deactivating
[INFO] [1786096010.819342049] [amcl]: Destroying bond (amcl) to lifecycle manager.
[INFO] [1786096010.831040762] [amcl]: Cleaning up
[INFO] [1786096010.854041944] [amcl]: Destroying bond (amcl) to lifecycle manager.
