[INFO] [1783379757.392093720] [amcl]: 
	amcl lifecycle node launched. 
	Waiting on external lifecycle transitions to activate
	See https://design.ros2.org/articles/node_lifecycle.html for more information.
[INFO] [1783379757.396044818] [amcl]: Creating
[INFO] [1783379757.640589079] [amcl]: Configuring
[INFO] [1783379757.640737469] [amcl]: initTransforms
[INFO] [1783379757.656372468] [amcl]: initPubSub
[INFO] [1783379757.679665977] [amcl]: Subscribed to map topic.
[INFO] [1783379757.819869787] [amcl]: Received a 537 X 439 map @ 0.050 m/pix
[INFO] [1783379757.934644373] [amcl]: Activating
[INFO] [1783379757.934708022] [amcl]: Creating bond (amcl) to lifecycle manager.
[INFO] [1783379759.555292031] [amcl]: createLaserObject
[WARN] [1783379759.685412301] [amcl]: AMCL cannot publish a pose or update the transform. Please set the initial pose...
[INFO] [1783379760.885126507] [amcl]: Message Filter dropping message: frame 'laser' at time 1783379758.782 for reason 'the timestamp on the message is earlier than all the data in the transform cache'
[WARN] [1783379761.780028214] [amcl]: AMCL cannot publish a pose or update the transform. Please set the initial pose...
[WARN] [1783379763.879232967] [amcl]: AMCL cannot publish a pose or update the transform. Please set the initial pose...
[WARN] [1783379765.976288985] [amcl]: AMCL cannot publish a pose or update the transform. Please set the initial pose...
[WARN] [1783379768.073510411] [amcl]: AMCL cannot publish a pose or update the transform. Please set the initial pose...
[WARN] [1783379770.171447601] [amcl]: AMCL cannot publish a pose or update the transform. Please set the initial pose...
[WARN] [1783379772.268527118] [amcl]: AMCL cannot publish a pose or update the transform. Please set the initial pose...
[INFO] [1783379772.793144602] [amcl]: initialPoseReceived
[WARN] [1783379772.793316881] [amcl]: Failed to transform initial pose in time (Lookup would require extrapolation into the future.  Requested time 1783379772.793224 but the latest data is at time 1783379772.785172, when looking up transform from frame [base_footprint] to frame [odom])
[INFO] [1783379772.793350696] [amcl]: Setting pose (1783379772.793349): 4.592 8.821 -2.059
[INFO] [1783379787.855596346] [amcl]: initialPoseReceived
[WARN] [1783379787.855744995] [amcl]: Failed to transform initial pose in time (Lookup would require extrapolation into the future.  Requested time 1783379787.855673 but the latest data is at time 1783379787.851940, when looking up transform from frame [base_footprint] to frame [odom])
[INFO] [1783379787.855770107] [amcl]: Setting pose (1783379787.855769): 4.568 9.148 -2.124
[INFO] [1783380148.754973278] [rclcpp]: signal_handler(SIGINT/SIGTERM)
[INFO] [1783380148.755114686] [amcl]: Running Nav2 LifecycleNode rcl preshutdown (amcl)
[INFO] [1783380148.755217668] [amcl]: Deactivating
[INFO] [1783380148.755254687] [amcl]: Destroying bond (amcl) to lifecycle manager.
[INFO] [1783380148.769291463] [amcl]: Cleaning up
[INFO] [1783380148.885467864] [amcl]: Destroying bond (amcl) to lifecycle manager.
