[INFO] [1786096551.457186682] [amcl]: 
	amcl lifecycle node launched. 
	Waiting on external lifecycle transitions to activate
	See https://design.ros2.org/articles/node_lifecycle.html for more information.
[INFO] [1786096551.458361985] [amcl]: Creating
[INFO] [1786096551.870150461] [amcl]: Configuring
[INFO] [1786096551.870350666] [amcl]: initTransforms
[INFO] [1786096551.890359962] [amcl]: initPubSub
[INFO] [1786096551.909266011] [amcl]: Subscribed to map topic.
[INFO] [1786096552.889051159] [amcl]: Received a 1552 X 2299 map @ 0.050 m/pix
[INFO] [1786096553.016177546] [amcl]: Activating
[INFO] [1786096553.017122292] [amcl]: Creating bond (amcl) to lifecycle manager.
[INFO] [1786096553.913664667] [amcl]: Message Filter dropping message: frame 'laser' at time 1786096552.839 for reason 'discarding message because the queue is full'
[INFO] [1786096554.000645424] [amcl]: createLaserObject
[WARN] [1786096554.368955883] [amcl]: AMCL cannot publish a pose or update the transform. Please set the initial pose...
[WARN] [1786096556.474627987] [amcl]: AMCL cannot publish a pose or update the transform. Please set the initial pose...
[WARN] [1786096558.540663853] [amcl]: AMCL cannot publish a pose or update the transform. Please set the initial pose...
[WARN] [1786096560.540767263] [amcl]: AMCL cannot publish a pose or update the transform. Please set the initial pose...
[WARN] [1786096562.640736113] [amcl]: AMCL cannot publish a pose or update the transform. Please set the initial pose...
[WARN] [1786096564.674043447] [amcl]: AMCL cannot publish a pose or update the transform. Please set the initial pose...
[WARN] [1786096566.807278370] [amcl]: AMCL cannot publish a pose or update the transform. Please set the initial pose...
[INFO] [1786096567.590352952] [amcl]: initialPoseReceived
[WARN] [1786096567.590527490] [amcl]: Failed to transform initial pose in time (Lookup would require extrapolation into the future.  Requested time 1786096567.590437 but the latest data is at time 1786096567.572968, when looking up transform from frame [base_footprint] to frame [odom])
[INFO] [1786096567.590579268] [amcl]: Setting pose (1786096567.590558): 5.138 29.104 -1.164
[INFO] [1786096576.158121556] [amcl]: initialPoseReceived
[WARN] [1786096576.158270279] [amcl]: Failed to transform initial pose in time (Lookup would require extrapolation into the future.  Requested time 1786096576.158195 but the latest data is at time 1786096576.139666, when looking up transform from frame [base_footprint] to frame [odom])
[INFO] [1786096576.158302224] [amcl]: Setting pose (1786096576.158301): 1.918 16.445 -1.835
[INFO] [1786096623.015712984] [amcl]: initialPoseReceived
[WARN] [1786096623.015870762] [amcl]: Failed to transform initial pose in time (Lookup would require extrapolation into the future.  Requested time 1786096623.015792 but the latest data is at time 1786096623.006320, when looking up transform from frame [base_footprint] to frame [odom])
[INFO] [1786096623.015902077] [amcl]: Setting pose (1786096623.015901): -0.444 0.123 -1.814
[INFO] [1786096654.315158575] [rclcpp]: signal_handler(SIGINT/SIGTERM)
[INFO] [1786096654.315248631] [amcl]: Running Nav2 LifecycleNode rcl preshutdown (amcl)
[INFO] [1786096654.315361280] [amcl]: Deactivating
[INFO] [1786096654.315400206] [amcl]: Destroying bond (amcl) to lifecycle manager.
[INFO] [1786096654.325831708] [amcl]: Cleaning up
[INFO] [1786096654.346272617] [amcl]: Destroying bond (amcl) to lifecycle manager.
