[INFO] [1786039229.596708097] [amcl]: 
	amcl lifecycle node launched. 
	Waiting on external lifecycle transitions to activate
	See https://design.ros2.org/articles/node_lifecycle.html for more information.
[INFO] [1786039229.598280994] [amcl]: Creating
[INFO] [1786039229.795198935] [amcl]: Configuring
[INFO] [1786039229.795337510] [amcl]: initTransforms
[INFO] [1786039229.810604946] [amcl]: initPubSub
[INFO] [1786039229.824817432] [amcl]: Subscribed to map topic.
[INFO] [1786039229.872772697] [amcl]: Received a 1552 X 2299 map @ 0.050 m/pix
[INFO] [1786039229.954549594] [amcl]: Activating
[INFO] [1786039229.954637354] [amcl]: Creating bond (amcl) to lifecycle manager.
[INFO] [1786039232.355807521] [amcl]: Message Filter dropping message: frame 'laser' at time 1786039231.354 for reason 'discarding message because the queue is full'
[INFO] [1786039232.686626183] [amcl]: createLaserObject
[WARN] [1786039232.997251197] [amcl]: AMCL cannot publish a pose or update the transform. Please set the initial pose...
[WARN] [1786039235.065935359] [amcl]: AMCL cannot publish a pose or update the transform. Please set the initial pose...
[INFO] [1786039235.374835808] [amcl]: initialPoseReceived
[WARN] [1786039235.374999365] [amcl]: Failed to transform initial pose in time (Lookup would require extrapolation into the future.  Requested time 1786039235.374907 but the latest data is at time 1786039235.363986, when looking up transform from frame [base_footprint] to frame [odom])
[INFO] [1786039235.375052013] [amcl]: Setting pose (1786039235.375035): 24.355 -44.681 -1.010
[INFO] [1786039532.200540296] [amcl]: Message Filter dropping message: frame 'laser' at time 1786039530.195 for reason 'the timestamp on the message is earlier than all the data in the transform cache'
[INFO] [1786041670.567999070] [amcl]: Message Filter dropping message: frame 'laser' at time 1786041668.561 for reason 'the timestamp on the message is earlier than all the data in the transform cache'
