[INFO] [1784073126.393345194] [amcl]: 
	amcl lifecycle node launched. 
	Waiting on external lifecycle transitions to activate
	See https://design.ros2.org/articles/node_lifecycle.html for more information.
[INFO] [1784073126.394525627] [amcl]: Creating
[INFO] [1784073126.624634174] [amcl]: Configuring
[INFO] [1784073126.625150788] [amcl]: initTransforms
[INFO] [1784073126.651468576] [amcl]: initPubSub
[INFO] [1784073126.817858648] [amcl]: Subscribed to map topic.
[INFO] [1784073126.949904866] [amcl]: Received a 514 X 677 map @ 0.050 m/pix
[INFO] [1784073127.063087637] [amcl]: Activating
[INFO] [1784073127.063164397] [amcl]: Creating bond (amcl) to lifecycle manager.
[INFO] [1784073129.312481502] [amcl]: createLaserObject
[WARN] [1784073129.361875557] [amcl]: AMCL cannot publish a pose or update the transform. Please set the initial pose...
[WARN] [1784073131.408921393] [amcl]: AMCL cannot publish a pose or update the transform. Please set the initial pose...
[WARN] [1784073133.506458923] [amcl]: AMCL cannot publish a pose or update the transform. Please set the initial pose...
[WARN] [1784073135.606457540] [amcl]: AMCL cannot publish a pose or update the transform. Please set the initial pose...
[WARN] [1784073137.702543471] [amcl]: AMCL cannot publish a pose or update the transform. Please set the initial pose...
[WARN] [1784073139.802503236] [amcl]: AMCL cannot publish a pose or update the transform. Please set the initial pose...
[WARN] [1784073141.900298527] [amcl]: AMCL cannot publish a pose or update the transform. Please set the initial pose...
[INFO] [1784073143.244149125] [amcl]: initialPoseReceived
[WARN] [1784073143.244391330] [amcl]: Failed to transform initial pose in time (Lookup would require extrapolation into the future.  Requested time 1784073143.244229 but the latest data is at time 1784073143.219284, when looking up transform from frame [base_footprint] to frame [odom])
[INFO] [1784073143.244430256] [amcl]: Setting pose (1784073143.244428): -18.720 -44.014 2.925
[INFO] [1784073347.833325624] [rclcpp]: signal_handler(SIGINT/SIGTERM)
[INFO] [1784073347.833667533] [amcl]: Running Nav2 LifecycleNode rcl preshutdown (amcl)
[INFO] [1784073347.833764014] [amcl]: Deactivating
[INFO] [1784073347.833802033] [amcl]: Destroying bond (amcl) to lifecycle manager.
[INFO] [1784073347.844465416] [amcl]: Cleaning up
[INFO] [1784073347.857243031] [amcl]: Destroying bond (amcl) to lifecycle manager.
