[INFO] [1775932611.253231135] [amcl]: 
	amcl lifecycle node launched. 
	Waiting on external lifecycle transitions to activate
	See https://design.ros2.org/articles/node_lifecycle.html for more information.
[INFO] [1775932611.261855139] [amcl]: Creating
[INFO] [1775932611.762220367] [amcl]: Configuring
[INFO] [1775932611.762405331] [amcl]: initTransforms
[INFO] [1775932611.779105466] [amcl]: initPubSub
[INFO] [1775932611.809441962] [amcl]: Subscribed to map topic.
[INFO] [1775932612.576465216] [amcl]: Received a 338 X 598 map @ 0.050 m/pix
[INFO] [1775932612.692502137] [amcl]: Activating
[INFO] [1775932612.692585378] [amcl]: Creating bond (amcl) to lifecycle manager.
[INFO] [1775932613.240568870] [amcl]: createLaserObject
[WARN] [1775932613.887896370] [amcl]: AMCL cannot publish a pose or update the transform. Please set the initial pose...
[WARN] [1775932616.043369570] [amcl]: AMCL cannot publish a pose or update the transform. Please set the initial pose...
[WARN] [1775932618.043792070] [amcl]: AMCL cannot publish a pose or update the transform. Please set the initial pose...
[WARN] [1775932620.043873940] [amcl]: AMCL cannot publish a pose or update the transform. Please set the initial pose...
[WARN] [1775932622.143369726] [amcl]: AMCL cannot publish a pose or update the transform. Please set the initial pose...
[WARN] [1775932624.343138470] [amcl]: AMCL cannot publish a pose or update the transform. Please set the initial pose...
[WARN] [1775932626.443067268] [amcl]: AMCL cannot publish a pose or update the transform. Please set the initial pose...
[WARN] [1775932628.443666523] [amcl]: AMCL cannot publish a pose or update the transform. Please set the initial pose...
[INFO] [1775932628.558990110] [amcl]: initialPoseReceived
[WARN] [1775932628.560991156] [amcl]: Failed to transform initial pose in time (Lookup would require extrapolation into the future.  Requested time 1775932628.559077 but the latest data is at time 1775932628.511468, when looking up transform from frame [base_footprint] to frame [odom])
[INFO] [1775932628.561077712] [amcl]: Setting pose (1775932628.561075): -0.241 24.716 -2.070
[INFO] [1775934268.613512167] [amcl]: initialPoseReceived
[WARN] [1775934268.613674149] [amcl]: Failed to transform initial pose in time (Lookup would require extrapolation into the future.  Requested time 1775934268.613587 but the latest data is at time 1775934268.451967, when looking up transform from frame [base_footprint] to frame [odom])
[INFO] [1775934268.613705150] [amcl]: Setting pose (1775934268.613703): -0.223 24.996 -2.087
[INFO] [1775934328.661286241] [amcl]: initialPoseReceived
[WARN] [1775934328.661451797] [amcl]: Failed to transform initial pose in time (Lookup would require extrapolation into the future.  Requested time 1775934328.661371 but the latest data is at time 1775934328.524167, when looking up transform from frame [base_footprint] to frame [odom])
[INFO] [1775934328.661482038] [amcl]: Setting pose (1775934328.661481): -0.753 24.410 -2.023
[INFO] [1775934359.903233811] [amcl]: initialPoseReceived
[WARN] [1775934359.903424719] [amcl]: Failed to transform initial pose in time (Lookup would require extrapolation into the future.  Requested time 1775934359.903329 but the latest data is at time 1775934359.782428, when looking up transform from frame [base_footprint] to frame [odom])
[INFO] [1775934359.903458590] [amcl]: Setting pose (1775934359.903457): 0.507 26.807 -2.045
[INFO] [1775934548.599973921] [amcl]: initialPoseReceived
[WARN] [1775934548.600143293] [amcl]: Failed to transform initial pose in time (Lookup would require extrapolation into the future.  Requested time 1775934548.600057 but the latest data is at time 1775934548.485894, when looking up transform from frame [base_footprint] to frame [odom])
[INFO] [1775934548.600174941] [amcl]: Setting pose (1775934548.600174): -0.553 24.555 -2.181
[INFO] [1775934674.640778036] [amcl]: initialPoseReceived
[WARN] [1775934674.640956185] [amcl]: Failed to transform initial pose in time (Lookup would require extrapolation into the future.  Requested time 1775934674.640873 but the latest data is at time 1775934674.427477, when looking up transform from frame [base_footprint] to frame [odom])
[INFO] [1775934674.640982185] [amcl]: Setting pose (1775934674.640981): 10.460 24.229 -2.176
[INFO] [1775934712.830527236] [amcl]: initialPoseReceived
[WARN] [1775934712.830716403] [amcl]: Failed to transform initial pose in time (Lookup would require extrapolation into the future.  Requested time 1775934712.830624 but the latest data is at time 1775934712.637178, when looking up transform from frame [base_footprint] to frame [odom])
[INFO] [1775934712.830753626] [amcl]: Setting pose (1775934712.830751): 1.135 27.310 1.089
[INFO] [1775936732.375868034] [amcl]: Message Filter dropping message: frame 'laser' at time 1775936731.375 for reason 'the timestamp on the message is earlier than all the data in the transform cache'
[INFO] [1775936734.881284803] [amcl]: Message Filter dropping message: frame 'laser' at time 1775936733.881 for reason 'the timestamp on the message is earlier than all the data in the transform cache'
[INFO] [1775936737.386715480] [amcl]: Message Filter dropping message: frame 'laser' at time 1775936736.386 for reason 'the timestamp on the message is earlier than all the data in the transform cache'
[INFO] [1775936739.892468380] [amcl]: Message Filter dropping message: frame 'laser' at time 1775936738.892 for reason 'the timestamp on the message is earlier than all the data in the transform cache'
[INFO] [1775936742.435593303] [amcl]: Message Filter dropping message: frame 'laser' at time 1775936741.434 for reason 'the timestamp on the message is earlier than all the data in the transform cache'
[INFO] [1775936744.952684613] [amcl]: Message Filter dropping message: frame 'laser' at time 1775936743.952 for reason 'the timestamp on the message is earlier than all the data in the transform cache'
[INFO] [1775936747.458117938] [amcl]: Message Filter dropping message: frame 'laser' at time 1775936746.458 for reason 'the timestamp on the message is earlier than all the data in the transform cache'
[INFO] [1775936749.963765337] [amcl]: Message Filter dropping message: frame 'laser' at time 1775936748.963 for reason 'the timestamp on the message is earlier than all the data in the transform cache'
[INFO] [1775940918.377060604] [amcl]: initialPoseReceived
[WARN] [1775940918.377230549] [amcl]: Failed to transform initial pose in time (Lookup would require extrapolation into the future.  Requested time 1775940918.377150 but the latest data is at time 1775940918.260029, when looking up transform from frame [base_footprint] to frame [odom])
[INFO] [1775940918.377284679] [amcl]: Setting pose (1775940918.377283): 0.145 25.507 -2.050
[INFO] [1775940935.039327207] [amcl]: initialPoseReceived
[WARN] [1775940935.039470430] [amcl]: Failed to transform initial pose in time (Lookup would require extrapolation into the future.  Requested time 1775940935.039399 but the latest data is at time 1775940934.902435, when looking up transform from frame [base_footprint] to frame [odom])
[INFO] [1775940935.039501708] [amcl]: Setting pose (1775940935.039501): -0.547 24.469 -2.020
[INFO] [1775940989.527703586] [amcl]: initialPoseReceived
[WARN] [1775940989.527855957] [amcl]: Failed to transform initial pose in time (Lookup would require extrapolation into the future.  Requested time 1775940989.527784 but the latest data is at time 1775940989.373988, when looking up transform from frame [base_footprint] to frame [odom])
[INFO] [1775940989.527886124] [amcl]: Setting pose (1775940989.527885): 0.115 26.135 -2.086
[INFO] [1775941115.679904772] [amcl]: initialPoseReceived
[WARN] [1775941115.680070903] [amcl]: Failed to transform initial pose in time (Lookup would require extrapolation into the future.  Requested time 1775941115.679990 but the latest data is at time 1775941115.536408, when looking up transform from frame [base_footprint] to frame [odom])
[INFO] [1775941115.680102051] [amcl]: Setting pose (1775941115.680100): 1.362 26.795 -2.564
[INFO] [1775941585.293780223] [amcl]: initialPoseReceived
[WARN] [1775941585.293968520] [amcl]: Failed to transform initial pose in time (Lookup would require extrapolation into the future.  Requested time 1775941585.293880 but the latest data is at time 1775941585.072163, when looking up transform from frame [base_footprint] to frame [odom])
[INFO] [1775941585.294007464] [amcl]: Setting pose (1775941585.294006): -0.894 23.662 -1.987
[INFO] [1775942472.597860615] [amcl]: Message Filter dropping message: frame 'laser' at time 1775942471.597 for reason 'the timestamp on the message is earlier than all the data in the transform cache'
[INFO] [1775942937.302031517] [amcl]: Message Filter dropping message: frame 'laser' at time 1775942936.302 for reason 'the timestamp on the message is earlier than all the data in the transform cache'
[INFO] [1775944354.371288590] [amcl]: initialPoseReceived
[WARN] [1775944354.371440406] [amcl]: Failed to transform initial pose in time (Lookup would require extrapolation into the future.  Requested time 1775944354.371374 but the latest data is at time 1775944354.178508, when looking up transform from frame [base_footprint] to frame [odom])
[INFO] [1775944354.371472776] [amcl]: Setting pose (1775944354.371470): -0.320 24.873 -2.128
[INFO] [1775946180.355099748] [amcl]: Message Filter dropping message: frame 'laser' at time 1775946179.355 for reason 'the timestamp on the message is earlier than all the data in the transform cache'
[INFO] [1775946182.873006564] [amcl]: Message Filter dropping message: frame 'laser' at time 1775946181.872 for reason 'the timestamp on the message is earlier than all the data in the transform cache'
[INFO] [1775946185.390921695] [amcl]: Message Filter dropping message: frame 'laser' at time 1775946184.390 for reason 'the timestamp on the message is earlier than all the data in the transform cache'
[INFO] [1775947710.754425641] [amcl]: Message Filter dropping message: frame 'laser' at time 1775947709.753 for reason 'the timestamp on the message is earlier than all the data in the transform cache'
[INFO] [1775947713.332941010] [amcl]: Message Filter dropping message: frame 'laser' at time 1775947712.332 for reason 'the timestamp on the message is earlier than all the data in the transform cache'
[INFO] [1775947718.130116550] [amcl]: Message Filter dropping message: frame 'laser' at time 1775947714.285 for reason 'the timestamp on the message is earlier than all the data in the transform cache'
[INFO] [1775947722.665230361] [rclcpp]: signal_handler(SIGINT/SIGTERM)
[INFO] [1775947722.665452769] [amcl]: Running Nav2 LifecycleNode rcl preshutdown (amcl)
[INFO] [1775947722.665603825] [amcl]: Deactivating
[INFO] [1775947722.665661733] [amcl]: Destroying bond (amcl) to lifecycle manager.
[INFO] [1775947722.676322249] [amcl]: Cleaning up
[INFO] [1775947722.692968054] [amcl]: Destroying bond (amcl) to lifecycle manager.
