[INFO] [1783128785.616720453] [amcl]: 
	amcl lifecycle node launched. 
	Waiting on external lifecycle transitions to activate
	See https://design.ros2.org/articles/node_lifecycle.html for more information.
[INFO] [1783128785.618816150] [amcl]: Creating
[INFO] [1783128786.753432388] [amcl]: Configuring
[INFO] [1783128786.753587092] [amcl]: initTransforms
[INFO] [1783128786.772443828] [amcl]: initPubSub
[INFO] [1783128786.788583716] [amcl]: Subscribed to map topic.
[INFO] [1783128786.852116520] [amcl]: Received a 537 X 439 map @ 0.050 m/pix
[INFO] [1783128787.272901347] [amcl]: Activating
[INFO] [1783128787.272969625] [amcl]: Creating bond (amcl) to lifecycle manager.
[INFO] [1783128801.469688841] [amcl]: initialPoseReceived
[INFO] [1783128801.469930527] [amcl]: Setting pose (1783128801.469929): 3.531 6.913 1.093
[INFO] [1783128892.339357529] [amcl]: initialPoseReceived
[INFO] [1783128892.339515567] [amcl]: Setting pose (1783128892.339514): 3.504 6.544 -2.126
[INFO] [1783128912.058863786] [rclcpp]: signal_handler(SIGINT/SIGTERM)
[INFO] [1783128912.059046046] [amcl]: Running Nav2 LifecycleNode rcl preshutdown (amcl)
[INFO] [1783128912.059156251] [amcl]: Deactivating
[INFO] [1783128912.059195566] [amcl]: Destroying bond (amcl) to lifecycle manager.
[INFO] [1783128912.069666514] [amcl]: Cleaning up
[INFO] [1783128912.078425175] [amcl]: Destroying bond (amcl) to lifecycle manager.
