[INFO] [1784069203.877235184] [amcl]: 
	amcl lifecycle node launched. 
	Waiting on external lifecycle transitions to activate
	See https://design.ros2.org/articles/node_lifecycle.html for more information.
[INFO] [1784069203.879121750] [amcl]: Creating
[INFO] [1784069206.186847757] [amcl]: Configuring
[INFO] [1784069206.186999665] [amcl]: initTransforms
[INFO] [1784069206.204984674] [amcl]: initPubSub
[INFO] [1784069206.220081037] [amcl]: Subscribed to map topic.
[INFO] [1784069206.299075612] [amcl]: Received a 514 X 677 map @ 0.050 m/pix
[INFO] [1784069206.472608886] [amcl]: Activating
[INFO] [1784069206.472678553] [amcl]: Creating bond (amcl) to lifecycle manager.
[INFO] [1784069207.299079748] [amcl]: Message Filter dropping message: frame 'laser' at time 1784069206.180 for reason 'discarding message because the queue is full'
[INFO] [1784069207.303094381] [amcl]: createLaserObject
[WARN] [1784069208.283130498] [amcl]: AMCL cannot publish a pose or update the transform. Please set the initial pose...
[WARN] [1784069210.382190958] [amcl]: AMCL cannot publish a pose or update the transform. Please set the initial pose...
[WARN] [1784069212.479630150] [amcl]: AMCL cannot publish a pose or update the transform. Please set the initial pose...
[WARN] [1784069214.576674191] [amcl]: AMCL cannot publish a pose or update the transform. Please set the initial pose...
[WARN] [1784069216.675129333] [amcl]: AMCL cannot publish a pose or update the transform. Please set the initial pose...
[WARN] [1784069218.775041002] [amcl]: AMCL cannot publish a pose or update the transform. Please set the initial pose...
[WARN] [1784069220.897175592] [amcl]: AMCL cannot publish a pose or update the transform. Please set the initial pose...
[WARN] [1784069222.980143684] [amcl]: AMCL cannot publish a pose or update the transform. Please set the initial pose...
[WARN] [1784069225.068033156] [amcl]: AMCL cannot publish a pose or update the transform. Please set the initial pose...
[WARN] [1784069227.167188172] [amcl]: AMCL cannot publish a pose or update the transform. Please set the initial pose...
[WARN] [1784069229.172927069] [amcl]: AMCL cannot publish a pose or update the transform. Please set the initial pose...
[WARN] [1784069231.276382610] [amcl]: AMCL cannot publish a pose or update the transform. Please set the initial pose...
[WARN] [1784069233.362543386] [amcl]: AMCL cannot publish a pose or update the transform. Please set the initial pose...
[WARN] [1784069235.372080787] [amcl]: AMCL cannot publish a pose or update the transform. Please set the initial pose...
[WARN] [1784069237.414867097] [amcl]: AMCL cannot publish a pose or update the transform. Please set the initial pose...
[WARN] [1784069239.456523548] [amcl]: AMCL cannot publish a pose or update the transform. Please set the initial pose...
[WARN] [1784069241.575180415] [amcl]: AMCL cannot publish a pose or update the transform. Please set the initial pose...
[WARN] [1784069243.682621441] [amcl]: AMCL cannot publish a pose or update the transform. Please set the initial pose...
[WARN] [1784069245.771202083] [amcl]: AMCL cannot publish a pose or update the transform. Please set the initial pose...
[WARN] [1784069247.868413126] [amcl]: AMCL cannot publish a pose or update the transform. Please set the initial pose...
[WARN] [1784069249.946705117] [amcl]: AMCL cannot publish a pose or update the transform. Please set the initial pose...
[WARN] [1784069252.043943512] [amcl]: AMCL cannot publish a pose or update the transform. Please set the initial pose...
[WARN] [1784069254.081443958] [amcl]: AMCL cannot publish a pose or update the transform. Please set the initial pose...
[WARN] [1784069256.155215961] [amcl]: AMCL cannot publish a pose or update the transform. Please set the initial pose...
[WARN] [1784069258.160801969] [amcl]: AMCL cannot publish a pose or update the transform. Please set the initial pose...
[WARN] [1784069260.239423592] [amcl]: AMCL cannot publish a pose or update the transform. Please set the initial pose...
[WARN] [1784069262.337965697] [amcl]: AMCL cannot publish a pose or update the transform. Please set the initial pose...
[WARN] [1784069264.339012124] [amcl]: AMCL cannot publish a pose or update the transform. Please set the initial pose...
[WARN] [1784069266.376950184] [amcl]: AMCL cannot publish a pose or update the transform. Please set the initial pose...
[WARN] [1784069268.444436540] [amcl]: AMCL cannot publish a pose or update the transform. Please set the initial pose...
[WARN] [1784069270.530094962] [amcl]: AMCL cannot publish a pose or update the transform. Please set the initial pose...
[WARN] [1784069272.544449297] [amcl]: AMCL cannot publish a pose or update the transform. Please set the initial pose...
[WARN] [1784069274.567201827] [amcl]: AMCL cannot publish a pose or update the transform. Please set the initial pose...
[WARN] [1784069276.660271105] [amcl]: AMCL cannot publish a pose or update the transform. Please set the initial pose...
[WARN] [1784069278.760593665] [amcl]: AMCL cannot publish a pose or update the transform. Please set the initial pose...
[WARN] [1784069280.819825846] [amcl]: AMCL cannot publish a pose or update the transform. Please set the initial pose...
[WARN] [1784069282.837268383] [amcl]: AMCL cannot publish a pose or update the transform. Please set the initial pose...
[WARN] [1784069284.915865524] [amcl]: AMCL cannot publish a pose or update the transform. Please set the initial pose...
[WARN] [1784069286.916742987] [amcl]: AMCL cannot publish a pose or update the transform. Please set the initial pose...
[WARN] [1784069288.943739355] [amcl]: AMCL cannot publish a pose or update the transform. Please set the initial pose...
[WARN] [1784069291.045015476] [amcl]: AMCL cannot publish a pose or update the transform. Please set the initial pose...
[WARN] [1784069293.050272686] [amcl]: AMCL cannot publish a pose or update the transform. Please set the initial pose...
[WARN] [1784069295.107896375] [amcl]: AMCL cannot publish a pose or update the transform. Please set the initial pose...
[WARN] [1784069297.117503609] [amcl]: AMCL cannot publish a pose or update the transform. Please set the initial pose...
[WARN] [1784069299.125474463] [amcl]: AMCL cannot publish a pose or update the transform. Please set the initial pose...
[WARN] [1784069301.244299943] [amcl]: AMCL cannot publish a pose or update the transform. Please set the initial pose...
[WARN] [1784069303.325849767] [amcl]: AMCL cannot publish a pose or update the transform. Please set the initial pose...
[WARN] [1784069305.399362787] [amcl]: AMCL cannot publish a pose or update the transform. Please set the initial pose...
[WARN] [1784069307.426476657] [amcl]: AMCL cannot publish a pose or update the transform. Please set the initial pose...
[WARN] [1784069309.452500816] [amcl]: AMCL cannot publish a pose or update the transform. Please set the initial pose...
[WARN] [1784069311.494418269] [amcl]: AMCL cannot publish a pose or update the transform. Please set the initial pose...
[WARN] [1784069313.622961914] [amcl]: AMCL cannot publish a pose or update the transform. Please set the initial pose...
[WARN] [1784069315.631981293] [amcl]: AMCL cannot publish a pose or update the transform. Please set the initial pose...
[WARN] [1784069317.703328967] [amcl]: AMCL cannot publish a pose or update the transform. Please set the initial pose...
[WARN] [1784069319.718584177] [amcl]: AMCL cannot publish a pose or update the transform. Please set the initial pose...
[WARN] [1784069321.841812274] [amcl]: AMCL cannot publish a pose or update the transform. Please set the initial pose...
[WARN] [1784069332.548509304] [amcl]: AMCL cannot publish a pose or update the transform. Please set the initial pose...
[WARN] [1784069334.603113902] [amcl]: AMCL cannot publish a pose or update the transform. Please set the initial pose...
[WARN] [1784069336.701639119] [amcl]: AMCL cannot publish a pose or update the transform. Please set the initial pose...
[WARN] [1784069338.786235201] [amcl]: AMCL cannot publish a pose or update the transform. Please set the initial pose...
[WARN] [1784069340.905881148] [amcl]: AMCL cannot publish a pose or update the transform. Please set the initial pose...
[INFO] [1784069341.858984020] [amcl]: initialPoseReceived
[WARN] [1784069341.859166076] [amcl]: Failed to transform initial pose in time (Lookup would require extrapolation into the future.  Requested time 1784069341.859072 but the latest data is at time 1784069341.852028, when looking up transform from frame [base_footprint] to frame [odom])
[INFO] [1784069341.859203669] [amcl]: Setting pose (1784069341.859202): -10.567 -43.147 0.951
[INFO] [1784069502.388041879] [amcl]: initialPoseReceived
[WARN] [1784069502.388241602] [amcl]: Failed to transform initial pose in time (Lookup would require extrapolation into the future.  Requested time 1784069502.388146 but the latest data is at time 1784069502.377003, when looking up transform from frame [base_footprint] to frame [odom])
[INFO] [1784069502.388279176] [amcl]: Setting pose (1784069502.388278): -10.626 -42.757 -2.977
[INFO] [1784069795.416255101] [rclcpp]: signal_handler(SIGINT/SIGTERM)
[INFO] [1784069795.416403990] [amcl]: Running Nav2 LifecycleNode rcl preshutdown (amcl)
[INFO] [1784069795.416519361] [amcl]: Deactivating
[INFO] [1784069795.416558028] [amcl]: Destroying bond (amcl) to lifecycle manager.
[INFO] [1784069795.431189611] [amcl]: Cleaning up
[INFO] [1784069795.529899147] [amcl]: Destroying bond (amcl) to lifecycle manager.
