[INFO] [1786121188.394665481] [amcl]: 
	amcl lifecycle node launched. 
	Waiting on external lifecycle transitions to activate
	See https://design.ros2.org/articles/node_lifecycle.html for more information.
[INFO] [1786121188.395748506] [amcl]: Creating
[INFO] [1786121188.829680316] [amcl]: Configuring
[INFO] [1786121188.829834002] [amcl]: initTransforms
[INFO] [1786121188.857152212] [amcl]: initPubSub
[INFO] [1786121188.879652414] [amcl]: Subscribed to map topic.
[INFO] [1786121189.760132716] [amcl]: Received a 1552 X 2299 map @ 0.050 m/pix
[INFO] [1786121189.860427562] [amcl]: Message Filter dropping message: frame 'laser' at time 1786121188.765 for reason 'discarding message because the queue is full'
[INFO] [1786121190.898627573] [amcl]: Activating
[INFO] [1786121190.898690981] [amcl]: Creating bond (amcl) to lifecycle manager.
[INFO] [1786121190.960727110] [amcl]: createLaserObject
[WARN] [1786121191.289080229] [amcl]: AMCL cannot publish a pose or update the transform. Please set the initial pose...
[INFO] [1786121192.361822861] [amcl]: Message Filter dropping message: frame 'laser' at time 1786121190.259 for reason 'the timestamp on the message is earlier than all the data in the transform cache'
[WARN] [1786121193.356777664] [amcl]: AMCL cannot publish a pose or update the transform. Please set the initial pose...
[INFO] [1786121195.339274376] [amcl]: initialPoseReceived
[WARN] [1786121195.339437692] [amcl]: Failed to transform initial pose in time (Lookup would require extrapolation into the future.  Requested time 1786121195.339346 but the latest data is at time 1786121195.332834, when looking up transform from frame [base_footprint] to frame [odom])
[INFO] [1786121195.339484174] [amcl]: Setting pose (1786121195.339465): 24.160 -45.741 0.486
