[INFO] [1785902705.851174523] [amcl]: 
	amcl lifecycle node launched. 
	Waiting on external lifecycle transitions to activate
	See https://design.ros2.org/articles/node_lifecycle.html for more information.
[INFO] [1785902705.865580668] [amcl]: Creating
[INFO] [1785902706.301540108] [amcl]: Configuring
[INFO] [1785902706.301711683] [amcl]: initTransforms
[INFO] [1785902706.318722267] [amcl]: initPubSub
[INFO] [1785902706.356888160] [amcl]: Subscribed to map topic.
[INFO] [1785902706.409249679] [amcl]: Received a 1552 X 2299 map @ 0.050 m/pix
[INFO] [1785902706.497369856] [amcl]: Activating
[INFO] [1785902706.497432172] [amcl]: Creating bond (amcl) to lifecycle manager.
[INFO] [1785902707.355462593] [amcl]: Message Filter dropping message: frame 'laser' at time 1785902706.355 for reason 'discarding message because the queue is full'
[INFO] [1785902708.035199167] [amcl]: createLaserObject
[WARN] [1785902708.378306387] [amcl]: AMCL cannot publish a pose or update the transform. Please set the initial pose...
[WARN] [1785902710.472099325] [amcl]: AMCL cannot publish a pose or update the transform. Please set the initial pose...
[WARN] [1785902712.572033163] [amcl]: AMCL cannot publish a pose or update the transform. Please set the initial pose...
[WARN] [1785902714.672032891] [amcl]: AMCL cannot publish a pose or update the transform. Please set the initial pose...
[WARN] [1785902716.772020711] [amcl]: AMCL cannot publish a pose or update the transform. Please set the initial pose...
[WARN] [1785902718.871988235] [amcl]: AMCL cannot publish a pose or update the transform. Please set the initial pose...
[WARN] [1785902720.972104130] [amcl]: AMCL cannot publish a pose or update the transform. Please set the initial pose...
[WARN] [1785902723.072104914] [amcl]: AMCL cannot publish a pose or update the transform. Please set the initial pose...
[WARN] [1785902725.139158626] [amcl]: AMCL cannot publish a pose or update the transform. Please set the initial pose...
[WARN] [1785902727.238752149] [amcl]: AMCL cannot publish a pose or update the transform. Please set the initial pose...
[WARN] [1785902729.338711654] [amcl]: AMCL cannot publish a pose or update the transform. Please set the initial pose...
[WARN] [1785902731.438666956] [amcl]: AMCL cannot publish a pose or update the transform. Please set the initial pose...
[WARN] [1785902733.438851355] [amcl]: AMCL cannot publish a pose or update the transform. Please set the initial pose...
[WARN] [1785902735.538669767] [amcl]: AMCL cannot publish a pose or update the transform. Please set the initial pose...
[WARN] [1785902737.638628569] [amcl]: AMCL cannot publish a pose or update the transform. Please set the initial pose...
[WARN] [1785902739.638763061] [amcl]: AMCL cannot publish a pose or update the transform. Please set the initial pose...
[WARN] [1785902741.738640029] [amcl]: AMCL cannot publish a pose or update the transform. Please set the initial pose...
[WARN] [1785902743.838901906] [amcl]: AMCL cannot publish a pose or update the transform. Please set the initial pose...
[WARN] [1785902745.938947653] [amcl]: AMCL cannot publish a pose or update the transform. Please set the initial pose...
[WARN] [1785902748.038786250] [amcl]: AMCL cannot publish a pose or update the transform. Please set the initial pose...
[WARN] [1785902750.072829855] [amcl]: AMCL cannot publish a pose or update the transform. Please set the initial pose...
[WARN] [1785902752.138799654] [amcl]: AMCL cannot publish a pose or update the transform. Please set the initial pose...
[WARN] [1785902754.139762502] [amcl]: AMCL cannot publish a pose or update the transform. Please set the initial pose...
[WARN] [1785902756.272129557] [amcl]: AMCL cannot publish a pose or update the transform. Please set the initial pose...
[WARN] [1785902758.272868774] [amcl]: AMCL cannot publish a pose or update the transform. Please set the initial pose...
[WARN] [1785902760.338830963] [amcl]: AMCL cannot publish a pose or update the transform. Please set the initial pose...
[WARN] [1785902762.372137638] [amcl]: AMCL cannot publish a pose or update the transform. Please set the initial pose...
[WARN] [1785902764.438923516] [amcl]: AMCL cannot publish a pose or update the transform. Please set the initial pose...
[WARN] [1785902766.572230224] [amcl]: AMCL cannot publish a pose or update the transform. Please set the initial pose...
[INFO] [1785902767.500359770] [amcl]: initialPoseReceived
[WARN] [1785902767.502606615] [amcl]: Failed to transform initial pose in time (Lookup would require extrapolation into the future.  Requested time 1785902767.500440 but the latest data is at time 1785902767.471004, when looking up transform from frame [base_footprint] to frame [odom])
[INFO] [1785902767.502708949] [amcl]: Setting pose (1785902767.502694): 24.025 -48.941 0.810
[INFO] [1785902994.811334705] [amcl]: Message Filter dropping message: frame 'laser' at time 1785902992.801 for reason 'the timestamp on the message is earlier than all the data in the transform cache'
[INFO] [1785903157.208873559] [amcl]: initialPoseReceived
[WARN] [1785903157.209072615] [amcl]: Failed to transform initial pose in time (Lookup would require extrapolation into the future.  Requested time 1785903157.208983 but the latest data is at time 1785903157.204631, when looking up transform from frame [base_footprint] to frame [odom])
[INFO] [1785903157.209112764] [amcl]: Setting pose (1785903157.209111): 26.165 -46.681 0.300
[INFO] [1785903363.746207372] [amcl]: initialPoseReceived
[WARN] [1785903363.746357261] [amcl]: Failed to transform initial pose in time (Lookup would require extrapolation into the future.  Requested time 1785903363.746280 but the latest data is at time 1785903363.737637, when looking up transform from frame [base_footprint] to frame [odom])
[INFO] [1785903363.746385984] [amcl]: Setting pose (1785903363.746385): 26.149 -47.758 0.903
[INFO] [1785903914.914835804] [amcl]: Message Filter dropping message: frame 'laser' at time 1785903913.942 for reason 'discarding message because the queue is full'
[INFO] [1785903922.714344666] [amcl]: initialPoseReceived
[WARN] [1785903922.714518000] [amcl]: Failed to transform initial pose in time (Lookup would require extrapolation into the future.  Requested time 1785903922.714432 but the latest data is at time 1785903922.680711, when looking up transform from frame [base_footprint] to frame [odom])
[INFO] [1785903922.714546889] [amcl]: Setting pose (1785903922.714545): 26.476 -46.805 -0.145
[INFO] [1785904139.916856312] [amcl]: Message Filter dropping message: frame 'laser' at time 1785904137.911 for reason 'the timestamp on the message is earlier than all the data in the transform cache'
[INFO] [1785905049.162752236] [rclcpp]: signal_handler(SIGINT/SIGTERM)
[INFO] [1785905049.162943219] [amcl]: Running Nav2 LifecycleNode rcl preshutdown (amcl)
[INFO] [1785905049.163091479] [amcl]: Deactivating
[INFO] [1785905049.163133498] [amcl]: Destroying bond (amcl) to lifecycle manager.
[INFO] [1785905049.174621963] [amcl]: Cleaning up
[INFO] [1785905049.286718764] [amcl]: Destroying bond (amcl) to lifecycle manager.
