[INFO] [1786013240.727396603] [amcl]: 
	amcl lifecycle node launched. 
	Waiting on external lifecycle transitions to activate
	See https://design.ros2.org/articles/node_lifecycle.html for more information.
[INFO] [1786013240.728509294] [amcl]: Creating
[INFO] [1786013241.980088307] [amcl]: Configuring
[INFO] [1786013241.980216549] [amcl]: initTransforms
[INFO] [1786013241.991108296] [amcl]: initPubSub
[INFO] [1786013242.004046647] [amcl]: Subscribed to map topic.
[INFO] [1786013242.035259472] [amcl]: Received a 1552 X 2299 map @ 0.050 m/pix
[INFO] [1786013242.128527148] [amcl]: Activating
[INFO] [1786013242.128586204] [amcl]: Creating bond (amcl) to lifecycle manager.
[INFO] [1786013243.707508867] [amcl]: createLaserObject
[WARN] [1786013244.190878123] [amcl]: AMCL cannot publish a pose or update the transform. Please set the initial pose...
[INFO] [1786013245.324716451] [amcl]: Message Filter dropping message: frame 'laser' at time 1786013243.321 for reason 'the timestamp on the message is earlier than all the data in the transform cache'
[WARN] [1786013246.221950958] [amcl]: AMCL cannot publish a pose or update the transform. Please set the initial pose...
[INFO] [1786013247.490817421] [amcl]: initialPoseReceived
[WARN] [1786013247.491119478] [amcl]: Failed to transform initial pose in time (Lookup would require extrapolation into the future.  Requested time 1786013247.490925 but the latest data is at time 1786013247.487370, when looking up transform from frame [base_footprint] to frame [odom])
[INFO] [1786013247.491212756] [amcl]: Setting pose (1786013247.491187): 24.355 -44.681 -1.010
[INFO] [1786014315.856547348] [amcl]: Message Filter dropping message: frame 'laser' at time 1786014313.851 for reason 'the timestamp on the message is earlier than all the data in the transform cache'
[INFO] [1786015074.356760309] [amcl]: Message Filter dropping message: frame 'laser' at time 1786015072.352 for reason 'the timestamp on the message is earlier than all the data in the transform cache'
[INFO] [1786015232.089999837] [amcl]: Message Filter dropping message: frame 'laser' at time 1786015230.085 for reason 'the timestamp on the message is earlier than all the data in the transform cache'
[INFO] [1786016265.893979531] [amcl]: Message Filter dropping message: frame 'laser' at time 1786016263.887 for reason 'the timestamp on the message is earlier than all the data in the transform cache'
[INFO] [1786017082.624046149] [amcl]: Message Filter dropping message: frame 'laser' at time 1786017080.618 for reason 'the timestamp on the message is earlier than all the data in the transform cache'
[INFO] [1786017794.426215475] [amcl]: Message Filter dropping message: frame 'laser' at time 1786017792.420 for reason 'the timestamp on the message is earlier than all the data in the transform cache'
[INFO] [1786017979.257868817] [amcl]: Message Filter dropping message: frame 'laser' at time 1786017977.252 for reason 'the timestamp on the message is earlier than all the data in the transform cache'
[INFO] [1786018258.756554956] [amcl]: Message Filter dropping message: frame 'laser' at time 1786018256.751 for reason 'the timestamp on the message is earlier than all the data in the transform cache'
[INFO] [1786018351.962294536] [amcl]: Message Filter dropping message: frame 'laser' at time 1786018349.954 for reason 'the timestamp on the message is earlier than all the data in the transform cache'
[INFO] [1786018457.057312720] [amcl]: Message Filter dropping message: frame 'laser' at time 1786018455.053 for reason 'the timestamp on the message is earlier than all the data in the transform cache'
