[INFO] [1775925038.182237870] [amcl]: 
	amcl lifecycle node launched. 
	Waiting on external lifecycle transitions to activate
	See https://design.ros2.org/articles/node_lifecycle.html for more information.
[INFO] [1775925038.186508424] [amcl]: Creating
[INFO] [1775925038.430472153] [amcl]: Configuring
[INFO] [1775925038.430594061] [amcl]: initTransforms
[INFO] [1775925038.447472387] [amcl]: initPubSub
[INFO] [1775925038.477621896] [amcl]: Subscribed to map topic.
[INFO] [1775925038.488322698] [amcl]: Received a 338 X 598 map @ 0.050 m/pix
[INFO] [1775925038.599698104] [amcl]: Activating
[INFO] [1775925038.599771937] [amcl]: Creating bond (amcl) to lifecycle manager.
[INFO] [1775925040.671355729] [amcl]: createLaserObject
[WARN] [1775925040.696765275] [amcl]: AMCL cannot publish a pose or update the transform. Please set the initial pose...
[WARN] [1775925042.871329402] [amcl]: AMCL cannot publish a pose or update the transform. Please set the initial pose...
[WARN] [1775925044.871587133] [amcl]: AMCL cannot publish a pose or update the transform. Please set the initial pose...
[WARN] [1775925047.071410158] [amcl]: AMCL cannot publish a pose or update the transform. Please set the initial pose...
[WARN] [1775925049.171517878] [amcl]: AMCL cannot publish a pose or update the transform. Please set the initial pose...
[WARN] [1775925051.371498310] [amcl]: AMCL cannot publish a pose or update the transform. Please set the initial pose...
[WARN] [1775925053.471352308] [amcl]: AMCL cannot publish a pose or update the transform. Please set the initial pose...
[WARN] [1775925055.471822614] [amcl]: AMCL cannot publish a pose or update the transform. Please set the initial pose...
[WARN] [1775925057.671161710] [amcl]: AMCL cannot publish a pose or update the transform. Please set the initial pose...
[WARN] [1775925059.672613520] [amcl]: AMCL cannot publish a pose or update the transform. Please set the initial pose...
[WARN] [1775925061.771891033] [amcl]: AMCL cannot publish a pose or update the transform. Please set the initial pose...
[WARN] [1775925063.970970249] [amcl]: AMCL cannot publish a pose or update the transform. Please set the initial pose...
[WARN] [1775925065.972130470] [amcl]: AMCL cannot publish a pose or update the transform. Please set the initial pose...
[WARN] [1775925068.171413697] [amcl]: AMCL cannot publish a pose or update the transform. Please set the initial pose...
[WARN] [1775925070.272744001] [amcl]: AMCL cannot publish a pose or update the transform. Please set the initial pose...
[WARN] [1775925072.472196450] [amcl]: AMCL cannot publish a pose or update the transform. Please set the initial pose...
[WARN] [1775925074.671436676] [amcl]: AMCL cannot publish a pose or update the transform. Please set the initial pose...
[WARN] [1775925076.672266469] [amcl]: AMCL cannot publish a pose or update the transform. Please set the initial pose...
[WARN] [1775925078.672471555] [amcl]: AMCL cannot publish a pose or update the transform. Please set the initial pose...
[WARN] [1775925080.772220461] [amcl]: AMCL cannot publish a pose or update the transform. Please set the initial pose...
[WARN] [1775925082.871127103] [amcl]: AMCL cannot publish a pose or update the transform. Please set the initial pose...
[WARN] [1775925084.970539693] [amcl]: AMCL cannot publish a pose or update the transform. Please set the initial pose...
[WARN] [1775925086.971237633] [amcl]: AMCL cannot publish a pose or update the transform. Please set the initial pose...
[WARN] [1775925089.170707101] [amcl]: AMCL cannot publish a pose or update the transform. Please set the initial pose...
[WARN] [1775925091.367978223] [amcl]: AMCL cannot publish a pose or update the transform. Please set the initial pose...
[WARN] [1775925093.370607027] [amcl]: AMCL cannot publish a pose or update the transform. Please set the initial pose...
[WARN] [1775925095.570281496] [amcl]: AMCL cannot publish a pose or update the transform. Please set the initial pose...
[WARN] [1775925097.571178530] [amcl]: AMCL cannot publish a pose or update the transform. Please set the initial pose...
[WARN] [1775925099.670465230] [amcl]: AMCL cannot publish a pose or update the transform. Please set the initial pose...
[INFO] [1775925100.389560638] [amcl]: initialPoseReceived
[WARN] [1775925100.391654242] [amcl]: Failed to transform initial pose in time (Lookup would require extrapolation into the future.  Requested time 1775925100.389627 but the latest data is at time 1775925100.267121, when looking up transform from frame [base_footprint] to frame [odom])
[INFO] [1775925100.391709465] [amcl]: Setting pose (1775925100.391708): -1.531 23.719 1.050
[INFO] [1775925487.140735390] [amcl]: initialPoseReceived
[WARN] [1775925487.140916410] [amcl]: Failed to transform initial pose in time (Lookup would require extrapolation into the future.  Requested time 1775925487.140834 but the latest data is at time 1775925487.008028, when looking up transform from frame [base_footprint] to frame [odom])
[INFO] [1775925487.140949873] [amcl]: Setting pose (1775925487.140948): -1.593 26.138 -2.111
[INFO] [1775925495.790515215] [amcl]: initialPoseReceived
[WARN] [1775925495.790661827] [amcl]: Failed to transform initial pose in time (Lookup would require extrapolation into the future.  Requested time 1775925495.790586 but the latest data is at time 1775925495.617864, when looking up transform from frame [base_footprint] to frame [odom])
[INFO] [1775925495.790692975] [amcl]: Setting pose (1775925495.790692): -0.887 23.926 -2.083
[INFO] [1775925876.354495118] [amcl]: initialPoseReceived
[WARN] [1775925876.354648693] [amcl]: Failed to transform initial pose in time (Lookup would require extrapolation into the future.  Requested time 1775925876.354567 but the latest data is at time 1775925876.230225, when looking up transform from frame [base_footprint] to frame [odom])
[INFO] [1775925876.354679453] [amcl]: Setting pose (1775925876.354678): -0.066 25.109 -2.078
[INFO] [1775926233.474536642] [amcl]: initialPoseReceived
[WARN] [1775926233.474654272] [amcl]: Failed to transform initial pose in time (Lookup would require extrapolation into the future.  Requested time 1775926233.474594 but the latest data is at time 1775926233.420348, when looking up transform from frame [base_footprint] to frame [odom])
[INFO] [1775926233.474676384] [amcl]: Setting pose (1775926233.474676): -0.775 23.896 -2.078
[INFO] [1775928806.031070862] [amcl]: initialPoseReceived
[WARN] [1775928806.031231734] [amcl]: Failed to transform initial pose in time (Lookup would require extrapolation into the future.  Requested time 1775928806.031149 but the latest data is at time 1775928805.909698, when looking up transform from frame [base_footprint] to frame [odom])
[INFO] [1775928806.031264475] [amcl]: Setting pose (1775928806.031263): -0.061 25.502 -2.034
[INFO] [1775928820.381901548] [amcl]: initialPoseReceived
[WARN] [1775928820.382075531] [amcl]: Failed to transform initial pose in time (Lookup would require extrapolation into the future.  Requested time 1775928820.381995 but the latest data is at time 1775928820.206038, when looking up transform from frame [base_footprint] to frame [odom])
[INFO] [1775928820.382109549] [amcl]: Setting pose (1775928820.382107): 0.342 25.907 -2.034
[INFO] [1775929146.923263713] [amcl]: initialPoseReceived
[WARN] [1775929146.923431547] [amcl]: Failed to transform initial pose in time (Lookup would require extrapolation into the future.  Requested time 1775929146.923344 but the latest data is at time 1775929138.712678, when looking up transform from frame [base_footprint] to frame [odom])
[INFO] [1775929146.923467733] [amcl]: Setting pose (1775929146.923466): -0.974 25.146 -2.034
[INFO] [1775929156.616295165] [amcl]: initialPoseReceived
[WARN] [1775929156.616442906] [amcl]: Failed to transform initial pose in time (Lookup would require extrapolation into the future.  Requested time 1775929156.616364 but the latest data is at time 1775929156.491946, when looking up transform from frame [base_footprint] to frame [odom])
[INFO] [1775929156.616472314] [amcl]: Setting pose (1775929156.616471): -0.482 24.561 -2.111
[INFO] [1775929281.039058238] [amcl]: initialPoseReceived
[WARN] [1775929281.039216368] [amcl]: Failed to transform initial pose in time (Lookup would require extrapolation into the future.  Requested time 1775929281.039132 but the latest data is at time 1775929280.247169, when looking up transform from frame [base_footprint] to frame [odom])
[INFO] [1775929281.039246646] [amcl]: Setting pose (1775929281.039245): 2.890 30.228 -2.127
[INFO] [1775929305.169498616] [amcl]: initialPoseReceived
[WARN] [1775929305.169703358] [amcl]: Failed to transform initial pose in time (Lookup would require extrapolation into the future.  Requested time 1775929305.169592 but the latest data is at time 1775929285.177392, when looking up transform from frame [base_footprint] to frame [odom])
[INFO] [1775929305.169739228] [amcl]: Setting pose (1775929305.169737): 4.963 34.214 -2.112
[INFO] [1775929316.915893193] [amcl]: initialPoseReceived
[WARN] [1775929316.916054342] [amcl]: Failed to transform initial pose in time (Lookup would require extrapolation into the future.  Requested time 1775929316.915972 but the latest data is at time 1775929285.177392, when looking up transform from frame [base_footprint] to frame [odom])
[INFO] [1775929316.916084082] [amcl]: Setting pose (1775929316.916082): 4.519 33.642 -2.034
[INFO] [1775929405.066726214] [amcl]: initialPoseReceived
[WARN] [1775929405.066905382] [amcl]: Failed to transform initial pose in time (Lookup would require extrapolation into the future.  Requested time 1775929405.066822 but the latest data is at time 1775929366.510088, when looking up transform from frame [base_footprint] to frame [odom])
[INFO] [1775929405.066937789] [amcl]: Setting pose (1775929405.066936): 3.764 32.230 -2.045
[INFO] [1775929414.151405398] [amcl]: initialPoseReceived
[WARN] [1775929414.151578622] [amcl]: Failed to transform initial pose in time (Lookup would require extrapolation into the future.  Requested time 1775929414.151487 but the latest data is at time 1775929366.510088, when looking up transform from frame [base_footprint] to frame [odom])
[INFO] [1775929414.151611122] [amcl]: Setting pose (1775929414.151609): 3.392 31.234 -2.024
[INFO] [1775929463.450131431] [amcl]: initialPoseReceived
[WARN] [1775929463.450308487] [amcl]: Failed to transform initial pose in time (Lookup would require extrapolation into the future.  Requested time 1775929463.450220 but the latest data is at time 1775929366.510088, when looking up transform from frame [base_footprint] to frame [odom])
[INFO] [1775929463.450343710] [amcl]: Setting pose (1775929463.450341): 1.932 28.637 -2.076
[INFO] [1775930337.186061242] [rclcpp]: signal_handler(SIGINT/SIGTERM)
[INFO] [1775930337.186262595] [amcl]: Running Nav2 LifecycleNode rcl preshutdown (amcl)
[INFO] [1775930337.186428614] [amcl]: Deactivating
[INFO] [1775930337.186473429] [amcl]: Destroying bond (amcl) to lifecycle manager.
[INFO] [1775930337.197069055] [amcl]: Cleaning up
[INFO] [1775930337.214163583] [amcl]: Destroying bond (amcl) to lifecycle manager.
