[INFO] [1782956137.590284028] [amcl]: 
	amcl lifecycle node launched. 
	Waiting on external lifecycle transitions to activate
	See https://design.ros2.org/articles/node_lifecycle.html for more information.
[INFO] [1782956137.591605814] [amcl]: Creating
[INFO] [1782956137.772694651] [amcl]: Configuring
[INFO] [1782956137.772840615] [amcl]: initTransforms
[INFO] [1782956137.790950682] [amcl]: initPubSub
[INFO] [1782956137.815649620] [amcl]: Subscribed to map topic.
[INFO] [1782956137.841192452] [amcl]: Received a 537 X 439 map @ 0.050 m/pix
[INFO] [1782956137.953164836] [amcl]: Activating
[INFO] [1782956137.953233188] [amcl]: Creating bond (amcl) to lifecycle manager.
[INFO] [1782956140.253007054] [amcl]: createLaserObject
[WARN] [1782956140.286025355] [amcl]: AMCL cannot publish a pose or update the transform. Please set the initial pose...
[WARN] [1782956142.350612184] [amcl]: AMCL cannot publish a pose or update the transform. Please set the initial pose...
[WARN] [1782956144.448993837] [amcl]: AMCL cannot publish a pose or update the transform. Please set the initial pose...
[WARN] [1782956146.548175068] [amcl]: AMCL cannot publish a pose or update the transform. Please set the initial pose...
[WARN] [1782956148.645224010] [amcl]: AMCL cannot publish a pose or update the transform. Please set the initial pose...
[INFO] [1782956149.351874108] [amcl]: initialPoseReceived
[WARN] [1782956149.352097183] [amcl]: Failed to transform initial pose in time (Lookup would require extrapolation into the future.  Requested time 1782956149.351946 but the latest data is at time 1782956149.336743, when looking up transform from frame [base_footprint] to frame [odom])
[INFO] [1782956149.352140276] [amcl]: Setting pose (1782956149.352139): 2.553 4.962 1.030
[INFO] [1782957075.780370499] [rclcpp]: signal_handler(SIGINT/SIGTERM)
[INFO] [1782957075.780517888] [amcl]: Running Nav2 LifecycleNode rcl preshutdown (amcl)
[INFO] [1782957075.780622852] [amcl]: Deactivating
[INFO] [1782957075.780660000] [amcl]: Destroying bond (amcl) to lifecycle manager.
[INFO] [1782957075.791137135] [amcl]: Cleaning up
[INFO] [1782957075.800213688] [amcl]: Destroying bond (amcl) to lifecycle manager.
