[INFO] [1786113566.114602171] [amcl]: 
	amcl lifecycle node launched. 
	Waiting on external lifecycle transitions to activate
	See https://design.ros2.org/articles/node_lifecycle.html for more information.
[INFO] [1786113566.116236308] [amcl]: Creating
[INFO] [1786113566.698260804] [amcl]: Configuring
[INFO] [1786113566.698382527] [amcl]: initTransforms
[INFO] [1786113566.712140408] [amcl]: initPubSub
[INFO] [1786113566.725928993] [amcl]: Subscribed to map topic.
[INFO] [1786113566.759128061] [amcl]: Received a 1552 X 2299 map @ 0.050 m/pix
[INFO] [1786113566.851205080] [amcl]: Activating
[INFO] [1786113566.851268654] [amcl]: Creating bond (amcl) to lifecycle manager.
[INFO] [1786113566.885781728] [amcl]: createLaserObject
[WARN] [1786113568.783807580] [amcl]: AMCL cannot publish a pose or update the transform. Please set the initial pose...
[INFO] [1786113568.785210235] [amcl]: Message Filter dropping message: frame 'laser' at time 1786113566.682 for reason 'the timestamp on the message is earlier than all the data in the transform cache'
[WARN] [1786113570.784957430] [amcl]: AMCL cannot publish a pose or update the transform. Please set the initial pose...
[WARN] [1786113572.892126792] [amcl]: AMCL cannot publish a pose or update the transform. Please set the initial pose...
[WARN] [1786113574.981613031] [amcl]: AMCL cannot publish a pose or update the transform. Please set the initial pose...
[WARN] [1786113577.077647709] [amcl]: AMCL cannot publish a pose or update the transform. Please set the initial pose...
[WARN] [1786113579.176227141] [amcl]: AMCL cannot publish a pose or update the transform. Please set the initial pose...
[WARN] [1786113581.274198458] [amcl]: AMCL cannot publish a pose or update the transform. Please set the initial pose...
[WARN] [1786113583.374893326] [amcl]: AMCL cannot publish a pose or update the transform. Please set the initial pose...
[WARN] [1786113585.471327932] [amcl]: AMCL cannot publish a pose or update the transform. Please set the initial pose...
[WARN] [1786113587.568170948] [amcl]: AMCL cannot publish a pose or update the transform. Please set the initial pose...
[WARN] [1786113589.666173339] [amcl]: AMCL cannot publish a pose or update the transform. Please set the initial pose...
[WARN] [1786113591.765270551] [amcl]: AMCL cannot publish a pose or update the transform. Please set the initial pose...
[WARN] [1786113593.862251771] [amcl]: AMCL cannot publish a pose or update the transform. Please set the initial pose...
[WARN] [1786113595.961270612] [amcl]: AMCL cannot publish a pose or update the transform. Please set the initial pose...
[WARN] [1786113598.058472000] [amcl]: AMCL cannot publish a pose or update the transform. Please set the initial pose...
[WARN] [1786113600.157668805] [amcl]: AMCL cannot publish a pose or update the transform. Please set the initial pose...
[WARN] [1786113602.254838525] [amcl]: AMCL cannot publish a pose or update the transform. Please set the initial pose...
[WARN] [1786113604.353631125] [amcl]: AMCL cannot publish a pose or update the transform. Please set the initial pose...
[WARN] [1786113606.452375964] [amcl]: AMCL cannot publish a pose or update the transform. Please set the initial pose...
[WARN] [1786113608.549455166] [amcl]: AMCL cannot publish a pose or update the transform. Please set the initial pose...
[WARN] [1786113610.648469914] [amcl]: AMCL cannot publish a pose or update the transform. Please set the initial pose...
[WARN] [1786113612.747583126] [amcl]: AMCL cannot publish a pose or update the transform. Please set the initial pose...
[WARN] [1786113614.845251942] [amcl]: AMCL cannot publish a pose or update the transform. Please set the initial pose...
[WARN] [1786113616.942434645] [amcl]: AMCL cannot publish a pose or update the transform. Please set the initial pose...
[WARN] [1786113619.041600616] [amcl]: AMCL cannot publish a pose or update the transform. Please set the initial pose...
[WARN] [1786113621.139329673] [amcl]: AMCL cannot publish a pose or update the transform. Please set the initial pose...
[WARN] [1786113623.236055244] [amcl]: AMCL cannot publish a pose or update the transform. Please set the initial pose...
[WARN] [1786113625.335615254] [amcl]: AMCL cannot publish a pose or update the transform. Please set the initial pose...
[WARN] [1786113627.434280167] [amcl]: AMCL cannot publish a pose or update the transform. Please set the initial pose...
[WARN] [1786113629.531092349] [amcl]: AMCL cannot publish a pose or update the transform. Please set the initial pose...
[WARN] [1786113631.629925374] [amcl]: AMCL cannot publish a pose or update the transform. Please set the initial pose...
[WARN] [1786113633.727076577] [amcl]: AMCL cannot publish a pose or update the transform. Please set the initial pose...
[WARN] [1786113635.825800564] [amcl]: AMCL cannot publish a pose or update the transform. Please set the initial pose...
[WARN] [1786113637.923152249] [amcl]: AMCL cannot publish a pose or update the transform. Please set the initial pose...
[WARN] [1786113640.022552536] [amcl]: AMCL cannot publish a pose or update the transform. Please set the initial pose...
[WARN] [1786113642.119241940] [amcl]: AMCL cannot publish a pose or update the transform. Please set the initial pose...
[WARN] [1786113644.217994502] [amcl]: AMCL cannot publish a pose or update the transform. Please set the initial pose...
[WARN] [1786113646.315367187] [amcl]: AMCL cannot publish a pose or update the transform. Please set the initial pose...
[WARN] [1786113648.414321657] [amcl]: AMCL cannot publish a pose or update the transform. Please set the initial pose...
[WARN] [1786113650.511632157] [amcl]: AMCL cannot publish a pose or update the transform. Please set the initial pose...
[WARN] [1786113652.611019351] [amcl]: AMCL cannot publish a pose or update the transform. Please set the initial pose...
[WARN] [1786113654.707627551] [amcl]: AMCL cannot publish a pose or update the transform. Please set the initial pose...
[WARN] [1786113656.806976949] [amcl]: AMCL cannot publish a pose or update the transform. Please set the initial pose...
[WARN] [1786113658.905282675] [amcl]: AMCL cannot publish a pose or update the transform. Please set the initial pose...
[WARN] [1786113661.003302660] [amcl]: AMCL cannot publish a pose or update the transform. Please set the initial pose...
[WARN] [1786113663.102317964] [amcl]: AMCL cannot publish a pose or update the transform. Please set the initial pose...
[WARN] [1786113665.201191471] [amcl]: AMCL cannot publish a pose or update the transform. Please set the initial pose...
[WARN] [1786113667.298793249] [amcl]: AMCL cannot publish a pose or update the transform. Please set the initial pose...
[WARN] [1786113669.398166536] [amcl]: AMCL cannot publish a pose or update the transform. Please set the initial pose...
[WARN] [1786113671.494984755] [amcl]: AMCL cannot publish a pose or update the transform. Please set the initial pose...
[WARN] [1786113673.591939364] [amcl]: AMCL cannot publish a pose or update the transform. Please set the initial pose...
[WARN] [1786113675.690760297] [amcl]: AMCL cannot publish a pose or update the transform. Please set the initial pose...
[WARN] [1786113677.789585822] [amcl]: AMCL cannot publish a pose or update the transform. Please set the initial pose...
[WARN] [1786113679.887431750] [amcl]: AMCL cannot publish a pose or update the transform. Please set the initial pose...
[WARN] [1786113681.986743314] [amcl]: AMCL cannot publish a pose or update the transform. Please set the initial pose...
[WARN] [1786113684.084679113] [amcl]: AMCL cannot publish a pose or update the transform. Please set the initial pose...
[WARN] [1786113686.183088470] [amcl]: AMCL cannot publish a pose or update the transform. Please set the initial pose...
[WARN] [1786113688.280851564] [amcl]: AMCL cannot publish a pose or update the transform. Please set the initial pose...
[WARN] [1786113690.379061308] [amcl]: AMCL cannot publish a pose or update the transform. Please set the initial pose...
[WARN] [1786113692.477400775] [amcl]: AMCL cannot publish a pose or update the transform. Please set the initial pose...
[WARN] [1786113694.576219764] [amcl]: AMCL cannot publish a pose or update the transform. Please set the initial pose...
[WARN] [1786113696.674787973] [amcl]: AMCL cannot publish a pose or update the transform. Please set the initial pose...
[WARN] [1786113698.771956286] [amcl]: AMCL cannot publish a pose or update the transform. Please set the initial pose...
[WARN] [1786113700.871949336] [amcl]: AMCL cannot publish a pose or update the transform. Please set the initial pose...
[WARN] [1786113702.967687494] [amcl]: AMCL cannot publish a pose or update the transform. Please set the initial pose...
[WARN] [1786113705.066587649] [amcl]: AMCL cannot publish a pose or update the transform. Please set the initial pose...
[WARN] [1786113707.164937209] [amcl]: AMCL cannot publish a pose or update the transform. Please set the initial pose...
[WARN] [1786113709.264977907] [amcl]: AMCL cannot publish a pose or update the transform. Please set the initial pose...
[WARN] [1786113711.363333911] [amcl]: AMCL cannot publish a pose or update the transform. Please set the initial pose...
[WARN] [1786113713.460831060] [amcl]: AMCL cannot publish a pose or update the transform. Please set the initial pose...
[WARN] [1786113715.558133337] [amcl]: AMCL cannot publish a pose or update the transform. Please set the initial pose...
[WARN] [1786113717.657219919] [amcl]: AMCL cannot publish a pose or update the transform. Please set the initial pose...
[WARN] [1786113719.754283732] [amcl]: AMCL cannot publish a pose or update the transform. Please set the initial pose...
[WARN] [1786113721.853311999] [amcl]: AMCL cannot publish a pose or update the transform. Please set the initial pose...
[WARN] [1786113723.951476317] [amcl]: AMCL cannot publish a pose or update the transform. Please set the initial pose...
[WARN] [1786113726.050359028] [amcl]: AMCL cannot publish a pose or update the transform. Please set the initial pose...
[WARN] [1786113728.146912875] [amcl]: AMCL cannot publish a pose or update the transform. Please set the initial pose...
[WARN] [1786113730.246973795] [amcl]: AMCL cannot publish a pose or update the transform. Please set the initial pose...
[WARN] [1786113732.345874414] [amcl]: AMCL cannot publish a pose or update the transform. Please set the initial pose...
[WARN] [1786113734.442003574] [amcl]: AMCL cannot publish a pose or update the transform. Please set the initial pose...
[WARN] [1786113736.541055471] [amcl]: AMCL cannot publish a pose or update the transform. Please set the initial pose...
[WARN] [1786113738.638773102] [amcl]: AMCL cannot publish a pose or update the transform. Please set the initial pose...
[WARN] [1786113740.737624164] [amcl]: AMCL cannot publish a pose or update the transform. Please set the initial pose...
[WARN] [1786113742.835424406] [amcl]: AMCL cannot publish a pose or update the transform. Please set the initial pose...
[WARN] [1786113744.933320464] [amcl]: AMCL cannot publish a pose or update the transform. Please set the initial pose...
[WARN] [1786113747.033039827] [amcl]: AMCL cannot publish a pose or update the transform. Please set the initial pose...
[WARN] [1786113749.130595217] [amcl]: AMCL cannot publish a pose or update the transform. Please set the initial pose...
[WARN] [1786113751.226793359] [amcl]: AMCL cannot publish a pose or update the transform. Please set the initial pose...
[WARN] [1786113753.327205929] [amcl]: AMCL cannot publish a pose or update the transform. Please set the initial pose...
[WARN] [1786113755.425525525] [amcl]: AMCL cannot publish a pose or update the transform. Please set the initial pose...
[WARN] [1786113757.524697423] [amcl]: AMCL cannot publish a pose or update the transform. Please set the initial pose...
[WARN] [1786113759.621182937] [amcl]: AMCL cannot publish a pose or update the transform. Please set the initial pose...
[WARN] [1786113761.720660706] [amcl]: AMCL cannot publish a pose or update the transform. Please set the initial pose...
[WARN] [1786113763.817827297] [amcl]: AMCL cannot publish a pose or update the transform. Please set the initial pose...
[WARN] [1786113765.916998842] [amcl]: AMCL cannot publish a pose or update the transform. Please set the initial pose...
[WARN] [1786113768.013852303] [amcl]: AMCL cannot publish a pose or update the transform. Please set the initial pose...
[WARN] [1786113770.112973014] [amcl]: AMCL cannot publish a pose or update the transform. Please set the initial pose...
[WARN] [1786113772.211630594] [amcl]: AMCL cannot publish a pose or update the transform. Please set the initial pose...
[WARN] [1786113774.211731791] [amcl]: AMCL cannot publish a pose or update the transform. Please set the initial pose...
[WARN] [1786113776.308513695] [amcl]: AMCL cannot publish a pose or update the transform. Please set the initial pose...
[WARN] [1786113778.308682448] [amcl]: AMCL cannot publish a pose or update the transform. Please set the initial pose...
[WARN] [1786113780.404857182] [amcl]: AMCL cannot publish a pose or update the transform. Please set the initial pose...
[WARN] [1786113782.405224102] [amcl]: AMCL cannot publish a pose or update the transform. Please set the initial pose...
[WARN] [1786113784.502186600] [amcl]: AMCL cannot publish a pose or update the transform. Please set the initial pose...
[WARN] [1786113786.602182279] [amcl]: AMCL cannot publish a pose or update the transform. Please set the initial pose...
[WARN] [1786113788.698106549] [amcl]: AMCL cannot publish a pose or update the transform. Please set the initial pose...
[WARN] [1786113790.797204872] [amcl]: AMCL cannot publish a pose or update the transform. Please set the initial pose...
[WARN] [1786113792.895187690] [amcl]: AMCL cannot publish a pose or update the transform. Please set the initial pose...
[WARN] [1786113794.992921210] [amcl]: AMCL cannot publish a pose or update the transform. Please set the initial pose...
[WARN] [1786113797.091569808] [amcl]: AMCL cannot publish a pose or update the transform. Please set the initial pose...
[WARN] [1786113799.188933789] [amcl]: AMCL cannot publish a pose or update the transform. Please set the initial pose...
[WARN] [1786113801.285884342] [amcl]: AMCL cannot publish a pose or update the transform. Please set the initial pose...
[WARN] [1786113803.286100428] [amcl]: AMCL cannot publish a pose or update the transform. Please set the initial pose...
[WARN] [1786113805.385324604] [amcl]: AMCL cannot publish a pose or update the transform. Please set the initial pose...
[WARN] [1786113807.482465528] [amcl]: AMCL cannot publish a pose or update the transform. Please set the initial pose...
[WARN] [1786113809.580822533] [amcl]: AMCL cannot publish a pose or update the transform. Please set the initial pose...
[WARN] [1786113811.678974554] [amcl]: AMCL cannot publish a pose or update the transform. Please set the initial pose...
[WARN] [1786113813.778115822] [amcl]: AMCL cannot publish a pose or update the transform. Please set the initial pose...
[WARN] [1786113815.875598878] [amcl]: AMCL cannot publish a pose or update the transform. Please set the initial pose...
[WARN] [1786113817.975788428] [amcl]: AMCL cannot publish a pose or update the transform. Please set the initial pose...
[WARN] [1786113820.071868921] [amcl]: AMCL cannot publish a pose or update the transform. Please set the initial pose...
[WARN] [1786113822.172022768] [amcl]: AMCL cannot publish a pose or update the transform. Please set the initial pose...
[WARN] [1786113824.269095396] [amcl]: AMCL cannot publish a pose or update the transform. Please set the initial pose...
[WARN] [1786113826.367312900] [amcl]: AMCL cannot publish a pose or update the transform. Please set the initial pose...
[WARN] [1786113828.465612033] [amcl]: AMCL cannot publish a pose or update the transform. Please set the initial pose...
[WARN] [1786113830.564172946] [amcl]: AMCL cannot publish a pose or update the transform. Please set the initial pose...
[WARN] [1786113832.661417130] [amcl]: AMCL cannot publish a pose or update the transform. Please set the initial pose...
[WARN] [1786113834.760590120] [amcl]: AMCL cannot publish a pose or update the transform. Please set the initial pose...
[WARN] [1786113836.857823156] [amcl]: AMCL cannot publish a pose or update the transform. Please set the initial pose...
[WARN] [1786113838.956536311] [amcl]: AMCL cannot publish a pose or update the transform. Please set the initial pose...
[WARN] [1786113841.054488535] [amcl]: AMCL cannot publish a pose or update the transform. Please set the initial pose...
[WARN] [1786113843.152870632] [amcl]: AMCL cannot publish a pose or update the transform. Please set the initial pose...
[WARN] [1786113845.250117668] [amcl]: AMCL cannot publish a pose or update the transform. Please set the initial pose...
[WARN] [1786113847.348997361] [amcl]: AMCL cannot publish a pose or update the transform. Please set the initial pose...
[WARN] [1786113849.446504824] [amcl]: AMCL cannot publish a pose or update the transform. Please set the initial pose...
