[INFO] [1785287835.878085872] [amcl]: 
	amcl lifecycle node launched. 
	Waiting on external lifecycle transitions to activate
	See https://design.ros2.org/articles/node_lifecycle.html for more information.
[INFO] [1785287835.878898080] [amcl]: Creating
[INFO] [1785287836.252607195] [amcl]: Configuring
[INFO] [1785287836.252743288] [amcl]: initTransforms
[INFO] [1785287836.263560065] [amcl]: initPubSub
[INFO] [1785287836.275451533] [amcl]: Subscribed to map topic.
[INFO] [1785287836.307480214] [amcl]: Received a 1552 X 2299 map @ 0.050 m/pix
[INFO] [1785287836.397463855] [amcl]: Activating
[INFO] [1785287836.397544577] [amcl]: Creating bond (amcl) to lifecycle manager.
[INFO] [1785287837.552481872] [amcl]: Message Filter dropping message: frame 'laser' at time 1785287836.550 for reason 'discarding message because the queue is full'
[INFO] [1785287838.829696415] [amcl]: createLaserObject
[WARN] [1785287839.102233481] [amcl]: AMCL cannot publish a pose or update the transform. Please set the initial pose...
[WARN] [1785287841.168421872] [amcl]: AMCL cannot publish a pose or update the transform. Please set the initial pose...
[WARN] [1785287843.268306416] [amcl]: AMCL cannot publish a pose or update the transform. Please set the initial pose...
[WARN] [1785287845.368532165] [amcl]: AMCL cannot publish a pose or update the transform. Please set the initial pose...
[WARN] [1785287847.468388041] [amcl]: AMCL cannot publish a pose or update the transform. Please set the initial pose...
[WARN] [1785287849.568314326] [amcl]: AMCL cannot publish a pose or update the transform. Please set the initial pose...
[WARN] [1785287851.668374482] [amcl]: AMCL cannot publish a pose or update the transform. Please set the initial pose...
[WARN] [1785287853.737438443] [amcl]: AMCL cannot publish a pose or update the transform. Please set the initial pose...
[WARN] [1785287855.836604001] [amcl]: AMCL cannot publish a pose or update the transform. Please set the initial pose...
[WARN] [1785287857.935056704] [amcl]: AMCL cannot publish a pose or update the transform. Please set the initial pose...
[WARN] [1785287859.935648171] [amcl]: AMCL cannot publish a pose or update the transform. Please set the initial pose...
[WARN] [1785287862.034932897] [amcl]: AMCL cannot publish a pose or update the transform. Please set the initial pose...
[WARN] [1785287864.134963145] [amcl]: AMCL cannot publish a pose or update the transform. Please set the initial pose...
[WARN] [1785287866.135287925] [amcl]: AMCL cannot publish a pose or update the transform. Please set the initial pose...
[WARN] [1785287868.234997597] [amcl]: AMCL cannot publish a pose or update the transform. Please set the initial pose...
[WARN] [1785287870.235405470] [amcl]: AMCL cannot publish a pose or update the transform. Please set the initial pose...
[WARN] [1785287872.335172309] [amcl]: AMCL cannot publish a pose or update the transform. Please set the initial pose...
[WARN] [1785287874.335678035] [amcl]: AMCL cannot publish a pose or update the transform. Please set the initial pose...
[WARN] [1785287876.435035039] [amcl]: AMCL cannot publish a pose or update the transform. Please set the initial pose...
[WARN] [1785287878.435353022] [amcl]: AMCL cannot publish a pose or update the transform. Please set the initial pose...
[WARN] [1785287880.435419005] [amcl]: AMCL cannot publish a pose or update the transform. Please set the initial pose...
[WARN] [1785287882.535031288] [amcl]: AMCL cannot publish a pose or update the transform. Please set the initial pose...
[WARN] [1785287884.535098474] [amcl]: AMCL cannot publish a pose or update the transform. Please set the initial pose...
[WARN] [1785287886.635036258] [amcl]: AMCL cannot publish a pose or update the transform. Please set the initial pose...
[WARN] [1785287888.635319390] [amcl]: AMCL cannot publish a pose or update the transform. Please set the initial pose...
[WARN] [1785287890.735102396] [amcl]: AMCL cannot publish a pose or update the transform. Please set the initial pose...
[WARN] [1785287892.804260562] [amcl]: AMCL cannot publish a pose or update the transform. Please set the initial pose...
[WARN] [1785287894.804934251] [amcl]: AMCL cannot publish a pose or update the transform. Please set the initial pose...
[INFO] [1785287896.779959736] [amcl]: initialPoseReceived
[WARN] [1785287896.780149367] [amcl]: Failed to transform initial pose in time (Lookup would require extrapolation into the future.  Requested time 1785287896.780030 but the latest data is at time 1785287896.767364, when looking up transform from frame [base_footprint] to frame [odom])
[INFO] [1785287896.780214719] [amcl]: Setting pose (1785287896.780182): 25.200 -49.450 -2.617
[INFO] [1785287917.914033560] [amcl]: initialPoseReceived
[WARN] [1785287917.914176394] [amcl]: Failed to transform initial pose in time (Lookup would require extrapolation into the future.  Requested time 1785287917.914104 but the latest data is at time 1785287917.900748, when looking up transform from frame [base_footprint] to frame [odom])
[INFO] [1785287917.914220802] [amcl]: Setting pose (1785287917.914219): 24.866 -49.614 -2.693
[INFO] [1785289202.658325368] [rclcpp]: signal_handler(SIGINT/SIGTERM)
[INFO] [1785289202.658461073] [amcl]: Running Nav2 LifecycleNode rcl preshutdown (amcl)
[INFO] [1785289202.658570481] [amcl]: Deactivating
[INFO] [1785289202.658605333] [amcl]: Destroying bond (amcl) to lifecycle manager.
[INFO] [1785289202.685757335] [amcl]: Cleaning up
[INFO] [1785289202.747801433] [amcl]: Destroying bond (amcl) to lifecycle manager.
