[INFO] [1786031581.686030007] [amcl]: 
	amcl lifecycle node launched. 
	Waiting on external lifecycle transitions to activate
	See https://design.ros2.org/articles/node_lifecycle.html for more information.
[INFO] [1786031581.689344915] [amcl]: Creating
[INFO] [1786031582.776160448] [amcl]: Configuring
[INFO] [1786031582.776276837] [amcl]: initTransforms
[INFO] [1786031582.790903622] [amcl]: initPubSub
[INFO] [1786031582.805748334] [amcl]: Subscribed to map topic.
[INFO] [1786031582.870994159] [amcl]: Received a 1552 X 2299 map @ 0.050 m/pix
[INFO] [1786031582.939146371] [amcl]: Activating
[INFO] [1786031582.939211760] [amcl]: Creating bond (amcl) to lifecycle manager.
[INFO] [1786031582.958692016] [amcl]: createLaserObject
[WARN] [1786031584.851159521] [amcl]: AMCL cannot publish a pose or update the transform. Please set the initial pose...
[INFO] [1786031588.628407285] [amcl]: initialPoseReceived
[WARN] [1786031588.628606842] [amcl]: Failed to transform initial pose in time (Lookup would require extrapolation into the future.  Requested time 1786031588.628484 but the latest data is at time 1786031588.616597, when looking up transform from frame [base_footprint] to frame [odom])
[INFO] [1786031588.628662620] [amcl]: Setting pose (1786031588.628647): 24.355 -44.681 -1.010
[INFO] [1786031680.467743404] [amcl]: Message Filter dropping message: frame 'laser' at time 1786031679.464 for reason 'discarding message because the queue is full'
[INFO] [1786031685.063544860] [amcl]: Message Filter dropping message: frame 'laser' at time 1786031684.060 for reason 'discarding message because the queue is full'
[INFO] [1786031687.660360497] [amcl]: Message Filter dropping message: frame 'laser' at time 1786031686.657 for reason 'discarding message because the queue is full'
[INFO] [1786031690.259171331] [amcl]: Message Filter dropping message: frame 'laser' at time 1786031689.256 for reason 'discarding message because the queue is full'
[INFO] [1786031694.064349731] [amcl]: Message Filter dropping message: frame 'laser' at time 1786031693.053 for reason 'discarding message because the queue is full'
[INFO] [1786031699.251384099] [amcl]: Message Filter dropping message: frame 'laser' at time 1786031698.249 for reason 'discarding message because the queue is full'
[INFO] [1786031701.848189884] [amcl]: Message Filter dropping message: frame 'laser' at time 1786031700.845 for reason 'discarding message because the queue is full'
[INFO] [1786031707.044299135] [amcl]: Message Filter dropping message: frame 'laser' at time 1786031706.042 for reason 'discarding message because the queue is full'
[INFO] [1786031733.122501100] [amcl]: Message Filter dropping message: frame 'laser' at time 1786031732.120 for reason 'discarding message because the queue is full'
[INFO] [1786031735.720281206] [amcl]: Message Filter dropping message: frame 'laser' at time 1786031734.717 for reason 'discarding message because the queue is full'
[INFO] [1786031770.417971295] [amcl]: Message Filter dropping message: frame 'laser' at time 1786031768.414 for reason 'the timestamp on the message is earlier than all the data in the transform cache'
[INFO] [1786031778.147182608] [amcl]: Message Filter dropping message: frame 'laser' at time 1786031776.139 for reason 'the timestamp on the message is earlier than all the data in the transform cache'
[INFO] [1786031784.106549614] [amcl]: Message Filter dropping message: frame 'laser' at time 1786031782.103 for reason 'the timestamp on the message is earlier than all the data in the transform cache'
