[INFO] [1786022899.191239917] [amcl]: 
	amcl lifecycle node launched. 
	Waiting on external lifecycle transitions to activate
	See https://design.ros2.org/articles/node_lifecycle.html for more information.
[INFO] [1786022899.192497461] [amcl]: Creating
[INFO] [1786022899.458335104] [amcl]: Configuring
[INFO] [1786022899.458516920] [amcl]: initTransforms
[INFO] [1786022899.477285856] [amcl]: initPubSub
[INFO] [1786022899.497163780] [amcl]: Subscribed to map topic.
[INFO] [1786022899.542240619] [amcl]: Received a 1552 X 2299 map @ 0.050 m/pix
[INFO] [1786022899.628174461] [amcl]: Activating
[INFO] [1786022899.628248684] [amcl]: Creating bond (amcl) to lifecycle manager.
[INFO] [1786022905.907230963] [amcl]: initialPoseReceived
[INFO] [1786022905.907489631] [amcl]: Setting pose (1786022905.907475): 24.355 -44.681 -1.010
[INFO] [1786022907.910856671] [amcl]: initialPoseReceived
[INFO] [1786022907.911015283] [amcl]: Setting pose (1786022907.911014): 24.355 -44.681 -1.010
[INFO] [1786022909.914604380] [amcl]: initialPoseReceived
[INFO] [1786022909.914765973] [amcl]: Setting pose (1786022909.914764): 24.355 -44.681 -1.010
[INFO] [1786022910.148992869] [amcl]: Message Filter dropping message: frame 'laser' at time 1786022908.143 for reason 'the timestamp on the message is earlier than all the data in the transform cache'
[INFO] [1786022911.919695207] [amcl]: initialPoseReceived
[INFO] [1786022911.919851615] [amcl]: Setting pose (1786022911.919850): 24.355 -44.681 -1.010
[INFO] [1786022913.220300413] [amcl]: Message Filter dropping message: frame 'laser' at time 1786022911.216 for reason 'the timestamp on the message is earlier than all the data in the transform cache'
[INFO] [1786022913.923438379] [amcl]: initialPoseReceived
[INFO] [1786022913.923589658] [amcl]: Setting pose (1786022913.923587): 24.355 -44.681 -1.010
[INFO] [1786022915.172130670] [amcl]: createLaserObject
[INFO] [1786022924.695596795] [amcl]: Message Filter dropping message: frame 'laser' at time 1786022922.690 for reason 'the timestamp on the message is earlier than all the data in the transform cache'
[INFO] [1786022940.882545974] [amcl]: Message Filter dropping message: frame 'laser' at time 1786022938.877 for reason 'the timestamp on the message is earlier than all the data in the transform cache'
[INFO] [1786022946.013862794] [amcl]: Message Filter dropping message: frame 'laser' at time 1786022944.006 for reason 'the timestamp on the message is earlier than all the data in the transform cache'
[INFO] [1786022951.825705901] [amcl]: Message Filter dropping message: frame 'laser' at time 1786022949.821 for reason 'the timestamp on the message is earlier than all the data in the transform cache'
[INFO] [1786022969.028808651] [rclcpp]: signal_handler(SIGINT/SIGTERM)
[INFO] [1786022969.028939745] [amcl]: Running Nav2 LifecycleNode rcl preshutdown (amcl)
[INFO] [1786022969.029033023] [amcl]: Deactivating
[INFO] [1786022969.029083523] [amcl]: Destroying bond (amcl) to lifecycle manager.
[INFO] [1786022969.060742975] [amcl]: Cleaning up
