[INFO] [1784064092.412873354] [amcl]: 
	amcl lifecycle node launched. 
	Waiting on external lifecycle transitions to activate
	See https://design.ros2.org/articles/node_lifecycle.html for more information.
[INFO] [1784064092.413847101] [amcl]: Creating
[INFO] [1784064092.663795402] [amcl]: Configuring
[INFO] [1784064092.663913328] [amcl]: initTransforms
[INFO] [1784064092.678195468] [amcl]: initPubSub
[INFO] [1784064092.692280143] [amcl]: Subscribed to map topic.
[INFO] [1784064092.700958398] [amcl]: Received a 514 X 677 map @ 0.050 m/pix
[INFO] [1784064092.820356710] [amcl]: Activating
[INFO] [1784064092.820419766] [amcl]: Creating bond (amcl) to lifecycle manager.
[INFO] [1784064094.929279445] [amcl]: createLaserObject
[WARN] [1784064094.975734347] [amcl]: AMCL cannot publish a pose or update the transform. Please set the initial pose...
[INFO] [1784064096.343468044] [amcl]: Message Filter dropping message: frame 'laser' at time 1784064094.125 for reason 'the timestamp on the message is earlier than all the data in the transform cache'
[WARN] [1784064097.026192609] [amcl]: AMCL cannot publish a pose or update the transform. Please set the initial pose...
[WARN] [1784064099.125566658] [amcl]: AMCL cannot publish a pose or update the transform. Please set the initial pose...
[WARN] [1784064101.222261339] [amcl]: AMCL cannot publish a pose or update the transform. Please set the initial pose...
[WARN] [1784064103.320439121] [amcl]: AMCL cannot publish a pose or update the transform. Please set the initial pose...
[WARN] [1784064105.417534750] [amcl]: AMCL cannot publish a pose or update the transform. Please set the initial pose...
[WARN] [1784064107.516742760] [amcl]: AMCL cannot publish a pose or update the transform. Please set the initial pose...
[WARN] [1784064109.615683529] [amcl]: AMCL cannot publish a pose or update the transform. Please set the initial pose...
[WARN] [1784064111.714318777] [amcl]: AMCL cannot publish a pose or update the transform. Please set the initial pose...
[WARN] [1784064113.811891186] [amcl]: AMCL cannot publish a pose or update the transform. Please set the initial pose...
[WARN] [1784064115.912032684] [amcl]: AMCL cannot publish a pose or update the transform. Please set the initial pose...
[WARN] [1784064118.008252529] [amcl]: AMCL cannot publish a pose or update the transform. Please set the initial pose...
[WARN] [1784064120.106424441] [amcl]: AMCL cannot publish a pose or update the transform. Please set the initial pose...
[WARN] [1784064122.206209770] [amcl]: AMCL cannot publish a pose or update the transform. Please set the initial pose...
[WARN] [1784064124.302598135] [amcl]: AMCL cannot publish a pose or update the transform. Please set the initial pose...
[WARN] [1784064126.401579441] [amcl]: AMCL cannot publish a pose or update the transform. Please set the initial pose...
[WARN] [1784064128.498386493] [amcl]: AMCL cannot publish a pose or update the transform. Please set the initial pose...
[WARN] [1784064130.597717431] [amcl]: AMCL cannot publish a pose or update the transform. Please set the initial pose...
[INFO] [1784064131.486970596] [amcl]: initialPoseReceived
[WARN] [1784064131.487151116] [amcl]: Failed to transform initial pose in time (Lookup would require extrapolation into the future.  Requested time 1784064131.487045 but the latest data is at time 1784064131.470913, when looking up transform from frame [base_footprint] to frame [odom])
[INFO] [1784064131.487182190] [amcl]: Setting pose (1784064131.487181): -18.684 -43.827 1.355
[INFO] [1784064598.816898845] [rclcpp]: signal_handler(SIGINT/SIGTERM)
[INFO] [1784064598.817010068] [amcl]: Running Nav2 LifecycleNode rcl preshutdown (amcl)
[INFO] [1784064598.817143995] [amcl]: Deactivating
[INFO] [1784064598.817187199] [amcl]: Destroying bond (amcl) to lifecycle manager.
[INFO] [1784064598.829764773] [amcl]: Cleaning up
[INFO] [1784064598.899635387] [amcl]: Destroying bond (amcl) to lifecycle manager.
