[INFO] [1783987474.134166802] [amcl]: 
	amcl lifecycle node launched. 
	Waiting on external lifecycle transitions to activate
	See https://design.ros2.org/articles/node_lifecycle.html for more information.
[INFO] [1783987474.135401512] [amcl]: Creating
[INFO] [1783987474.842418844] [amcl]: Configuring
[INFO] [1783987474.843687591] [amcl]: initTransforms
[INFO] [1783987474.861278239] [amcl]: initPubSub
[INFO] [1783987474.885959277] [amcl]: Subscribed to map topic.
[INFO] [1783987475.002198499] [amcl]: Received a 514 X 677 map @ 0.050 m/pix
[INFO] [1783987475.116676954] [amcl]: Activating
[INFO] [1783987475.116785288] [amcl]: Creating bond (amcl) to lifecycle manager.
[INFO] [1783987475.238713966] [amcl]: createLaserObject
[WARN] [1783987476.868425858] [amcl]: AMCL cannot publish a pose or update the transform. Please set the initial pose...
[INFO] [1783987476.896477246] [amcl]: Message Filter dropping message: frame 'laser' at time 1783987474.767 for reason 'the timestamp on the message is earlier than all the data in the transform cache'
[WARN] [1783987478.868739922] [amcl]: AMCL cannot publish a pose or update the transform. Please set the initial pose...
[WARN] [1783987480.965087917] [amcl]: AMCL cannot publish a pose or update the transform. Please set the initial pose...
[WARN] [1783987483.064498984] [amcl]: AMCL cannot publish a pose or update the transform. Please set the initial pose...
[WARN] [1783987485.161869985] [amcl]: AMCL cannot publish a pose or update the transform. Please set the initial pose...
[WARN] [1783987487.260299472] [amcl]: AMCL cannot publish a pose or update the transform. Please set the initial pose...
[WARN] [1783987489.357535417] [amcl]: AMCL cannot publish a pose or update the transform. Please set the initial pose...
[WARN] [1783987491.456701779] [amcl]: AMCL cannot publish a pose or update the transform. Please set the initial pose...
[WARN] [1783987493.553680851] [amcl]: AMCL cannot publish a pose or update the transform. Please set the initial pose...
[WARN] [1783987495.653644384] [amcl]: AMCL cannot publish a pose or update the transform. Please set the initial pose...
[WARN] [1783987497.751565777] [amcl]: AMCL cannot publish a pose or update the transform. Please set the initial pose...
[WARN] [1783987499.850868047] [amcl]: AMCL cannot publish a pose or update the transform. Please set the initial pose...
[INFO] [1783987501.111336421] [amcl]: initialPoseReceived
[WARN] [1783987501.111517459] [amcl]: Failed to transform initial pose in time (Lookup would require extrapolation into the future.  Requested time 1783987501.111416 but the latest data is at time 1783987501.108344, when looking up transform from frame [base_footprint] to frame [odom])
[INFO] [1783987501.111552144] [amcl]: Setting pose (1783987501.111550): -7.706 -42.366 -2.956
[INFO] [1783987517.424775087] [amcl]: initialPoseReceived
[WARN] [1783987517.424927496] [amcl]: Failed to transform initial pose in time (Lookup would require extrapolation into the future.  Requested time 1783987517.424847 but the latest data is at time 1783987517.408360, when looking up transform from frame [base_footprint] to frame [odom])
[INFO] [1783987517.424957644] [amcl]: Setting pose (1783987517.424956): -7.378 -42.121 -2.841
[INFO] [1783987534.098547891] [amcl]: initialPoseReceived
[WARN] [1783987534.098702614] [amcl]: Failed to transform initial pose in time (Lookup would require extrapolation into the future.  Requested time 1783987534.098626 but the latest data is at time 1783987534.075022, when looking up transform from frame [base_footprint] to frame [odom])
[INFO] [1783987534.098732540] [amcl]: Setting pose (1783987534.098731): -8.934 -42.884 -3.007
[INFO] [1783988011.355653954] [rclcpp]: signal_handler(SIGINT/SIGTERM)
[INFO] [1783988011.355778455] [amcl]: Running Nav2 LifecycleNode rcl preshutdown (amcl)
[INFO] [1783988011.356111956] [amcl]: Deactivating
[INFO] [1783988011.356198679] [amcl]: Destroying bond (amcl) to lifecycle manager.
[INFO] [1783988011.369386804] [amcl]: Cleaning up
[INFO] [1783988011.442701211] [amcl]: Destroying bond (amcl) to lifecycle manager.
