[INFO] [1783134442.928144670] [amcl]: 
	amcl lifecycle node launched. 
	Waiting on external lifecycle transitions to activate
	See https://design.ros2.org/articles/node_lifecycle.html for more information.
[INFO] [1783134442.928892193] [amcl]: Creating
[INFO] [1783134443.422704865] [amcl]: Configuring
[INFO] [1783134443.422861366] [amcl]: initTransforms
[INFO] [1783134443.439737034] [amcl]: initPubSub
[INFO] [1783134443.457409929] [amcl]: Subscribed to map topic.
[INFO] [1783134443.562510388] [amcl]: Received a 537 X 439 map @ 0.050 m/pix
[INFO] [1783134443.937299820] [amcl]: Activating
[INFO] [1783134443.937374524] [amcl]: Creating bond (amcl) to lifecycle manager.
[INFO] [1783134444.799093052] [amcl]: createLaserObject
[WARN] [1783134445.497496258] [amcl]: AMCL cannot publish a pose or update the transform. Please set the initial pose...
[WARN] [1783134447.595175927] [amcl]: AMCL cannot publish a pose or update the transform. Please set the initial pose...
[WARN] [1783134449.694059492] [amcl]: AMCL cannot publish a pose or update the transform. Please set the initial pose...
[WARN] [1783134451.791643439] [amcl]: AMCL cannot publish a pose or update the transform. Please set the initial pose...
[WARN] [1783134453.889338201] [amcl]: AMCL cannot publish a pose or update the transform. Please set the initial pose...
[WARN] [1783134455.986549312] [amcl]: AMCL cannot publish a pose or update the transform. Please set the initial pose...
[WARN] [1783134458.085039097] [amcl]: AMCL cannot publish a pose or update the transform. Please set the initial pose...
[WARN] [1783134460.182539506] [amcl]: AMCL cannot publish a pose or update the transform. Please set the initial pose...
[WARN] [1783134462.183035743] [amcl]: AMCL cannot publish a pose or update the transform. Please set the initial pose...
[WARN] [1783134464.279547109] [amcl]: AMCL cannot publish a pose or update the transform. Please set the initial pose...
[WARN] [1783134466.376413385] [amcl]: AMCL cannot publish a pose or update the transform. Please set the initial pose...
[WARN] [1783134468.474382667] [amcl]: AMCL cannot publish a pose or update the transform. Please set the initial pose...
[WARN] [1783134470.572456894] [amcl]: AMCL cannot publish a pose or update the transform. Please set the initial pose...
[WARN] [1783134472.673145932] [amcl]: AMCL cannot publish a pose or update the transform. Please set the initial pose...
[WARN] [1783134474.769223315] [amcl]: AMCL cannot publish a pose or update the transform. Please set the initial pose...
[WARN] [1783134476.770716409] [amcl]: AMCL cannot publish a pose or update the transform. Please set the initial pose...
[WARN] [1783134478.865978583] [amcl]: AMCL cannot publish a pose or update the transform. Please set the initial pose...
[WARN] [1783134480.965239946] [amcl]: AMCL cannot publish a pose or update the transform. Please set the initial pose...
[INFO] [1783134482.321913375] [amcl]: initialPoseReceived
[WARN] [1783134482.322144524] [amcl]: Failed to transform initial pose in time (Lookup would require extrapolation into the future.  Requested time 1783134482.321996 but the latest data is at time 1783134482.286867, when looking up transform from frame [base_footprint] to frame [odom])
[INFO] [1783134482.322182691] [amcl]: Setting pose (1783134482.322181): 2.217 4.850 -2.043
[INFO] [1783134502.778245525] [amcl]: initialPoseReceived
[WARN] [1783134502.778404674] [amcl]: Failed to transform initial pose in time (Lookup would require extrapolation into the future.  Requested time 1783134502.778326 but the latest data is at time 1783134502.753487, when looking up transform from frame [base_footprint] to frame [odom])
[INFO] [1783134502.778435711] [amcl]: Setting pose (1783134502.778434): 2.598 4.901 -2.155
[INFO] [1783134541.975324980] [amcl]: initialPoseReceived
[WARN] [1783134541.975480796] [amcl]: Failed to transform initial pose in time (Lookup would require extrapolation into the future.  Requested time 1783134541.975404 but the latest data is at time 1783134541.953475, when looking up transform from frame [base_footprint] to frame [odom])
[INFO] [1783134541.975514130] [amcl]: Setting pose (1783134541.975513): 1.816 4.256 -2.109
[INFO] [1783134582.504364615] [amcl]: initialPoseReceived
[WARN] [1783134582.504511541] [amcl]: Failed to transform initial pose in time (Lookup would require extrapolation into the future.  Requested time 1783134582.504437 but the latest data is at time 1783134582.486928, when looking up transform from frame [base_footprint] to frame [odom])
[INFO] [1783134582.504538930] [amcl]: Setting pose (1783134582.504537): 0.063 1.002 -2.101
[INFO] [1783134592.110478393] [amcl]: initialPoseReceived
[WARN] [1783134592.110642986] [amcl]: Failed to transform initial pose in time (Lookup would require extrapolation into the future.  Requested time 1783134592.110563 but the latest data is at time 1783134592.086978, when looking up transform from frame [base_footprint] to frame [odom])
[INFO] [1783134592.110680616] [amcl]: Setting pose (1783134592.110679): 0.603 1.722 -2.114
[INFO] [1783135495.648877837] [rclcpp]: signal_handler(SIGINT/SIGTERM)
[INFO] [1783135495.649030356] [amcl]: Running Nav2 LifecycleNode rcl preshutdown (amcl)
[INFO] [1783135495.649158357] [amcl]: Deactivating
[INFO] [1783135495.649205894] [amcl]: Destroying bond (amcl) to lifecycle manager.
[INFO] [1783135495.659607896] [amcl]: Cleaning up
[INFO] [1783135495.674051291] [amcl]: Destroying bond (amcl) to lifecycle manager.
