[INFO] [1775868161.763901921] [amcl]: 
	amcl lifecycle node launched. 
	Waiting on external lifecycle transitions to activate
	See https://design.ros2.org/articles/node_lifecycle.html for more information.
[INFO] [1775868161.776411773] [amcl]: Creating
[INFO] [1775868162.177073897] [amcl]: Configuring
[INFO] [1775868162.177197712] [amcl]: initTransforms
[INFO] [1775868162.194042881] [amcl]: initPubSub
[INFO] [1775868162.229850505] [amcl]: Subscribed to map topic.
[INFO] [1775868162.242766434] [amcl]: Received a 548 X 491 map @ 0.050 m/pix
[INFO] [1775868162.356131797] [amcl]: Activating
[INFO] [1775868162.356193520] [amcl]: Creating bond (amcl) to lifecycle manager.
[INFO] [1775868163.508259127] [amcl]: Message Filter dropping message: frame 'laser' at time 1775868162.506 for reason 'the timestamp on the message is earlier than all the data in the transform cache'
[INFO] [1775868164.622974066] [amcl]: createLaserObject
[WARN] [1775868164.659513935] [amcl]: AMCL cannot publish a pose or update the transform. Please set the initial pose...
[WARN] [1775868166.688917335] [amcl]: AMCL cannot publish a pose or update the transform. Please set the initial pose...
[WARN] [1775868168.888989247] [amcl]: AMCL cannot publish a pose or update the transform. Please set the initial pose...
[WARN] [1775868171.088337581] [amcl]: AMCL cannot publish a pose or update the transform. Please set the initial pose...
[WARN] [1775868173.189291453] [amcl]: AMCL cannot publish a pose or update the transform. Please set the initial pose...
[WARN] [1775868175.389384365] [amcl]: AMCL cannot publish a pose or update the transform. Please set the initial pose...
[WARN] [1775868177.488709711] [amcl]: AMCL cannot publish a pose or update the transform. Please set the initial pose...
[WARN] [1775868179.489138129] [amcl]: AMCL cannot publish a pose or update the transform. Please set the initial pose...
[WARN] [1775868181.588687402] [amcl]: AMCL cannot publish a pose or update the transform. Please set the initial pose...
[WARN] [1775868183.589028301] [amcl]: AMCL cannot publish a pose or update the transform. Please set the initial pose...
[WARN] [1775868185.688454573] [amcl]: AMCL cannot publish a pose or update the transform. Please set the initial pose...
[WARN] [1775868187.792632533] [amcl]: AMCL cannot publish a pose or update the transform. Please set the initial pose...
[WARN] [1775868189.888981773] [amcl]: AMCL cannot publish a pose or update the transform. Please set the initial pose...
[WARN] [1775868192.088813017] [amcl]: AMCL cannot publish a pose or update the transform. Please set the initial pose...
[WARN] [1775868194.089256065] [amcl]: AMCL cannot publish a pose or update the transform. Please set the initial pose...
[WARN] [1775868196.288601713] [amcl]: AMCL cannot publish a pose or update the transform. Please set the initial pose...
[WARN] [1775868198.488568397] [amcl]: AMCL cannot publish a pose or update the transform. Please set the initial pose...
[WARN] [1775868200.488850759] [amcl]: AMCL cannot publish a pose or update the transform. Please set the initial pose...
[WARN] [1775868202.588765908] [amcl]: AMCL cannot publish a pose or update the transform. Please set the initial pose...
[WARN] [1775868204.589021492] [amcl]: AMCL cannot publish a pose or update the transform. Please set the initial pose...
[WARN] [1775868206.788955687] [amcl]: AMCL cannot publish a pose or update the transform. Please set the initial pose...
[WARN] [1775868208.789207067] [amcl]: AMCL cannot publish a pose or update the transform. Please set the initial pose...
[WARN] [1775868210.988594168] [amcl]: AMCL cannot publish a pose or update the transform. Please set the initial pose...
[WARN] [1775868213.088604076] [amcl]: AMCL cannot publish a pose or update the transform. Please set the initial pose...
[WARN] [1775868215.188581502] [amcl]: AMCL cannot publish a pose or update the transform. Please set the initial pose...
[WARN] [1775868217.189053124] [amcl]: AMCL cannot publish a pose or update the transform. Please set the initial pose...
[WARN] [1775868219.288611956] [amcl]: AMCL cannot publish a pose or update the transform. Please set the initial pose...
[WARN] [1775868221.388481753] [amcl]: AMCL cannot publish a pose or update the transform. Please set the initial pose...
[WARN] [1775868223.388651485] [amcl]: AMCL cannot publish a pose or update the transform. Please set the initial pose...
[WARN] [1775868225.389115180] [amcl]: AMCL cannot publish a pose or update the transform. Please set the initial pose...
[WARN] [1775868227.488668920] [amcl]: AMCL cannot publish a pose or update the transform. Please set the initial pose...
[WARN] [1775868229.589136959] [amcl]: AMCL cannot publish a pose or update the transform. Please set the initial pose...
[WARN] [1775868231.688720032] [amcl]: AMCL cannot publish a pose or update the transform. Please set the initial pose...
[WARN] [1775868233.888739524] [amcl]: AMCL cannot publish a pose or update the transform. Please set the initial pose...
[WARN] [1775868236.089260221] [amcl]: AMCL cannot publish a pose or update the transform. Please set the initial pose...
[WARN] [1775868238.288817526] [amcl]: AMCL cannot publish a pose or update the transform. Please set the initial pose...
[WARN] [1775868240.489132315] [amcl]: AMCL cannot publish a pose or update the transform. Please set the initial pose...
[WARN] [1775868242.689132714] [amcl]: AMCL cannot publish a pose or update the transform. Please set the initial pose...
[WARN] [1775868244.888893297] [amcl]: AMCL cannot publish a pose or update the transform. Please set the initial pose...
[WARN] [1775868246.888973899] [amcl]: AMCL cannot publish a pose or update the transform. Please set the initial pose...
[WARN] [1775868249.088771520] [amcl]: AMCL cannot publish a pose or update the transform. Please set the initial pose...
[WARN] [1775868251.288416196] [amcl]: AMCL cannot publish a pose or update the transform. Please set the initial pose...
[WARN] [1775868253.288884892] [amcl]: AMCL cannot publish a pose or update the transform. Please set the initial pose...
[WARN] [1775868255.385091955] [amcl]: AMCL cannot publish a pose or update the transform. Please set the initial pose...
[WARN] [1775868257.633790105] [amcl]: AMCL cannot publish a pose or update the transform. Please set the initial pose...
[WARN] [1775868259.696173720] [amcl]: AMCL cannot publish a pose or update the transform. Please set the initial pose...
[WARN] [1775868261.879090033] [amcl]: AMCL cannot publish a pose or update the transform. Please set the initial pose...
[WARN] [1775868263.986915574] [amcl]: AMCL cannot publish a pose or update the transform. Please set the initial pose...
[WARN] [1775868266.178552708] [amcl]: AMCL cannot publish a pose or update the transform. Please set the initial pose...
[WARN] [1775868268.179095960] [amcl]: AMCL cannot publish a pose or update the transform. Please set the initial pose...
[WARN] [1775868270.179298933] [amcl]: AMCL cannot publish a pose or update the transform. Please set the initial pose...
[WARN] [1775868272.378891793] [amcl]: AMCL cannot publish a pose or update the transform. Please set the initial pose...
[WARN] [1775868274.478971387] [amcl]: AMCL cannot publish a pose or update the transform. Please set the initial pose...
[WARN] [1775868276.679222323] [amcl]: AMCL cannot publish a pose or update the transform. Please set the initial pose...
[WARN] [1775868278.679297185] [amcl]: AMCL cannot publish a pose or update the transform. Please set the initial pose...
[WARN] [1775868280.878728860] [amcl]: AMCL cannot publish a pose or update the transform. Please set the initial pose...
[INFO] [1775868281.675874837] [amcl]: initialPoseReceived
[WARN] [1775868281.675946300] [amcl]: Ignoring initial pose in frame "base_link"; initial poses must be in the global frame, "map"
[WARN] [1775868282.879295556] [amcl]: AMCL cannot publish a pose or update the transform. Please set the initial pose...
[WARN] [1775868285.079354566] [amcl]: AMCL cannot publish a pose or update the transform. Please set the initial pose...
[INFO] [1775868287.030739380] [amcl]: initialPoseReceived
[WARN] [1775868287.030806121] [amcl]: Ignoring initial pose in frame "base_link"; initial poses must be in the global frame, "map"
[WARN] [1775868287.279139965] [amcl]: AMCL cannot publish a pose or update the transform. Please set the initial pose...
[WARN] [1775868289.378907094] [amcl]: AMCL cannot publish a pose or update the transform. Please set the initial pose...
[WARN] [1775868291.479166039] [amcl]: AMCL cannot publish a pose or update the transform. Please set the initial pose...
[WARN] [1775868293.578747928] [amcl]: AMCL cannot publish a pose or update the transform. Please set the initial pose...
[WARN] [1775868295.678884632] [amcl]: AMCL cannot publish a pose or update the transform. Please set the initial pose...
[WARN] [1775868297.878964254] [amcl]: AMCL cannot publish a pose or update the transform. Please set the initial pose...
[WARN] [1775868299.977371990] [amcl]: AMCL cannot publish a pose or update the transform. Please set the initial pose...
[WARN] [1775868302.078752587] [amcl]: AMCL cannot publish a pose or update the transform. Please set the initial pose...
[WARN] [1775868304.079164857] [amcl]: AMCL cannot publish a pose or update the transform. Please set the initial pose...
[WARN] [1775868306.279751406] [amcl]: AMCL cannot publish a pose or update the transform. Please set the initial pose...
[WARN] [1775868308.379166497] [amcl]: AMCL cannot publish a pose or update the transform. Please set the initial pose...
[INFO] [1775868308.734734834] [amcl]: initialPoseReceived
[WARN] [1775868308.734967057] [amcl]: Failed to transform initial pose in time (Lookup would require extrapolation into the future.  Requested time 1775868308.734816 but the latest data is at time 1775868308.650759, when looking up transform from frame [base_footprint] to frame [odom])
[INFO] [1775868308.735007946] [amcl]: Setting pose (1775868308.735006): 1.597 0.791 2.967
[INFO] [1775868403.103584184] [amcl]: initialPoseReceived
[WARN] [1775868403.103730537] [amcl]: Failed to transform initial pose in time (Lookup would require extrapolation into the future.  Requested time 1775868403.103662 but the latest data is at time 1775868402.940907, when looking up transform from frame [base_footprint] to frame [odom])
[INFO] [1775868403.103757092] [amcl]: Setting pose (1775868403.103756): 14.612 2.221 -2.866
[INFO] [1775869304.762971846] [rclcpp]: signal_handler(SIGINT/SIGTERM)
[INFO] [1775869304.763087013] [amcl]: Running Nav2 LifecycleNode rcl preshutdown (amcl)
[INFO] [1775869304.763192532] [amcl]: Deactivating
[INFO] [1775869304.763236311] [amcl]: Destroying bond (amcl) to lifecycle manager.
[INFO] [1775869304.773909461] [amcl]: Cleaning up
[INFO] [1775869304.899299805] [amcl]: Destroying bond (amcl) to lifecycle manager.
