[INFO] [1782958574.163320271] [amcl]: 
	amcl lifecycle node launched. 
	Waiting on external lifecycle transitions to activate
	See https://design.ros2.org/articles/node_lifecycle.html for more information.
[INFO] [1782958574.164720816] [amcl]: Creating
[INFO] [1782958574.271271856] [amcl]: Configuring
[INFO] [1782958574.271441968] [amcl]: initTransforms
[INFO] [1782958574.290543355] [amcl]: initPubSub
[INFO] [1782958574.310650304] [amcl]: Subscribed to map topic.
[INFO] [1782958574.321218180] [amcl]: Received a 537 X 439 map @ 0.050 m/pix
[INFO] [1782958574.434666222] [amcl]: Activating
[INFO] [1782958574.434766037] [amcl]: Creating bond (amcl) to lifecycle manager.
[INFO] [1782958576.908857354] [amcl]: createLaserObject
[WARN] [1782958576.939374048] [amcl]: AMCL cannot publish a pose or update the transform. Please set the initial pose...
[WARN] [1782958579.006309910] [amcl]: AMCL cannot publish a pose or update the transform. Please set the initial pose...
[WARN] [1782958581.104404099] [amcl]: AMCL cannot publish a pose or update the transform. Please set the initial pose...
[WARN] [1782958583.203951074] [amcl]: AMCL cannot publish a pose or update the transform. Please set the initial pose...
[WARN] [1782958585.302501655] [amcl]: AMCL cannot publish a pose or update the transform. Please set the initial pose...
[WARN] [1782958587.400068211] [amcl]: AMCL cannot publish a pose or update the transform. Please set the initial pose...
[WARN] [1782958589.498942497] [amcl]: AMCL cannot publish a pose or update the transform. Please set the initial pose...
[WARN] [1782958591.597854487] [amcl]: AMCL cannot publish a pose or update the transform. Please set the initial pose...
[WARN] [1782958593.694867448] [amcl]: AMCL cannot publish a pose or update the transform. Please set the initial pose...
[WARN] [1782958595.792383986] [amcl]: AMCL cannot publish a pose or update the transform. Please set the initial pose...
[INFO] [1782958597.802802763] [amcl]: initialPoseReceived
[WARN] [1782958597.803026153] [amcl]: Failed to transform initial pose in time (Lookup would require extrapolation into the future.  Requested time 1782958597.802877 but the latest data is at time 1782958597.800918, when looking up transform from frame [base_footprint] to frame [odom])
[INFO] [1782958597.803062690] [amcl]: Setting pose (1782958597.803061): 2.003 4.352 -1.256
[INFO] [1782960147.766477596] [rclcpp]: signal_handler(SIGINT/SIGTERM)
[INFO] [1782960147.767588954] [amcl]: Running Nav2 LifecycleNode rcl preshutdown (amcl)
[INFO] [1782960147.767724733] [amcl]: Deactivating
[INFO] [1782960147.767775455] [amcl]: Destroying bond (amcl) to lifecycle manager.
[INFO] [1782960147.778443554] [amcl]: Cleaning up
[INFO] [1782960147.872629432] [amcl]: Destroying bond (amcl) to lifecycle manager.
