[INFO] [1784081163.834680874] [amcl]: 
	amcl lifecycle node launched. 
	Waiting on external lifecycle transitions to activate
	See https://design.ros2.org/articles/node_lifecycle.html for more information.
[INFO] [1784081163.836600959] [amcl]: Creating
[INFO] [1784081164.080908867] [amcl]: Configuring
[INFO] [1784081164.081035756] [amcl]: initTransforms
[INFO] [1784081164.110017322] [amcl]: initPubSub
[INFO] [1784081164.126701209] [amcl]: Subscribed to map topic.
[INFO] [1784081164.144089860] [amcl]: Received a 272 X 427 map @ 0.050 m/pix
[INFO] [1784081164.256122934] [amcl]: Activating
[INFO] [1784081164.256189083] [amcl]: Creating bond (amcl) to lifecycle manager.
[INFO] [1784081164.796314605] [amcl]: Received a 272 X 427 map @ 0.050 m/pix
[INFO] [1784081165.069795117] [amcl]: Received a 272 X 427 map @ 0.050 m/pix
[INFO] [1784081165.168912750] [amcl]: createLaserObject
[INFO] [1784081166.211318015] [amcl]: Received a 272 X 427 map @ 0.050 m/pix
[INFO] [1784081166.313581629] [amcl]: createLaserObject
[WARN] [1784081166.350745609] [amcl]: AMCL cannot publish a pose or update the transform. Please set the initial pose...
[INFO] [1784081167.048375788] [amcl]: Received a 272 X 427 map @ 0.050 m/pix
[INFO] [1784081167.116344511] [amcl]: createLaserObject
[INFO] [1784081168.147141934] [amcl]: Received a 272 X 427 map @ 0.050 m/pix
[INFO] [1784081168.183885265] [amcl]: createLaserObject
[WARN] [1784081168.732548352] [amcl]: AMCL cannot publish a pose or update the transform. Please set the initial pose...
[INFO] [1784081168.783370463] [amcl]: Received a 272 X 427 map @ 0.050 m/pix
[INFO] [1784081168.921948294] [amcl]: createLaserObject
[INFO] [1784081169.958227728] [amcl]: Received a 272 X 427 map @ 0.050 m/pix
[INFO] [1784081170.585119577] [amcl]: createLaserObject
[INFO] [1784081170.780972368] [amcl]: Received a 272 X 427 map @ 0.050 m/pix
[INFO] [1784081171.226846524] [amcl]: Received a 272 X 427 map @ 0.050 m/pix
[INFO] [1784081171.281406304] [amcl]: createLaserObject
[WARN] [1784081171.316398124] [amcl]: AMCL cannot publish a pose or update the transform. Please set the initial pose...
[INFO] [1784081171.722701361] [amcl]: Received a 272 X 427 map @ 0.050 m/pix
[INFO] [1784081171.759163875] [amcl]: createLaserObject
[INFO] [1784081172.236995242] [amcl]: Received a 272 X 427 map @ 0.050 m/pix
[INFO] [1784081172.441479877] [amcl]: createLaserObject
[INFO] [1784081173.096421989] [amcl]: Received a 272 X 427 map @ 0.050 m/pix
[INFO] [1784081173.431788042] [amcl]: createLaserObject
[WARN] [1784081173.466442324] [amcl]: AMCL cannot publish a pose or update the transform. Please set the initial pose...
[INFO] [1784081174.011511318] [amcl]: Received a 272 X 427 map @ 0.050 m/pix
[INFO] [1784081174.564145965] [amcl]: createLaserObject
[INFO] [1784081174.829391394] [amcl]: Received a 272 X 427 map @ 0.050 m/pix
[INFO] [1784081175.030220509] [amcl]: createLaserObject
[INFO] [1784081175.661665715] [amcl]: Received a 272 X 427 map @ 0.050 m/pix
[INFO] [1784081175.902607864] [amcl]: createLaserObject
[WARN] [1784081175.937970631] [amcl]: AMCL cannot publish a pose or update the transform. Please set the initial pose...
[INFO] [1784081176.022630778] [amcl]: Received a 272 X 427 map @ 0.050 m/pix
[INFO] [1784081176.628361604] [amcl]: createLaserObject
[WARN] [1784081177.966441538] [amcl]: AMCL cannot publish a pose or update the transform. Please set the initial pose...
[WARN] [1784081180.174524332] [amcl]: AMCL cannot publish a pose or update the transform. Please set the initial pose...
[WARN] [1784081182.252540899] [amcl]: AMCL cannot publish a pose or update the transform. Please set the initial pose...
[WARN] [1784081184.349795033] [amcl]: AMCL cannot publish a pose or update the transform. Please set the initial pose...
[WARN] [1784081186.447776171] [amcl]: AMCL cannot publish a pose or update the transform. Please set the initial pose...
[WARN] [1784081188.545912587] [amcl]: AMCL cannot publish a pose or update the transform. Please set the initial pose...
[WARN] [1784081190.644131893] [amcl]: AMCL cannot publish a pose or update the transform. Please set the initial pose...
[WARN] [1784081192.742477774] [amcl]: AMCL cannot publish a pose or update the transform. Please set the initial pose...
[WARN] [1784081194.838039454] [amcl]: AMCL cannot publish a pose or update the transform. Please set the initial pose...
[WARN] [1784081196.938258086] [amcl]: AMCL cannot publish a pose or update the transform. Please set the initial pose...
[INFO] [1784081198.282568573] [amcl]: initialPoseReceived
[WARN] [1784081198.282756722] [amcl]: Failed to transform initial pose in time (Lookup would require extrapolation into the future.  Requested time 1784081198.282637 but the latest data is at time 1784081198.265846, when looking up transform from frame [base_footprint] to frame [odom])
[INFO] [1784081198.282789185] [amcl]: Setting pose (1784081198.282788): -9.791 -1.426 1.521
[INFO] [1784081221.059872895] [amcl]: initialPoseReceived
[WARN] [1784081221.060030748] [amcl]: Failed to transform initial pose in time (Lookup would require extrapolation into the future.  Requested time 1784081221.059954 but the latest data is at time 1784081221.032528, when looking up transform from frame [base_footprint] to frame [odom])
[INFO] [1784081221.060059970] [amcl]: Setting pose (1784081221.060059): -10.338 -3.097 1.559
