[INFO] [1786120291.673722886] [amcl]: 
	amcl lifecycle node launched. 
	Waiting on external lifecycle transitions to activate
	See https://design.ros2.org/articles/node_lifecycle.html for more information.
[INFO] [1786120291.674781818] [amcl]: Creating
[INFO] [1786120292.063723074] [amcl]: Configuring
[INFO] [1786120292.063892075] [amcl]: initTransforms
[INFO] [1786120292.078189635] [amcl]: initPubSub
[INFO] [1786120292.092746326] [amcl]: Subscribed to map topic.
[INFO] [1786120292.130747555] [amcl]: Received a 1552 X 2299 map @ 0.050 m/pix
[INFO] [1786120292.221222794] [amcl]: Activating
[INFO] [1786120292.221291443] [amcl]: Creating bond (amcl) to lifecycle manager.
[INFO] [1786120292.232587820] [amcl]: createLaserObject
[WARN] [1786120294.130694416] [amcl]: AMCL cannot publish a pose or update the transform. Please set the initial pose...
[INFO] [1786120294.134086398] [amcl]: Message Filter dropping message: frame 'laser' at time 1786120292.028 for reason 'the timestamp on the message is earlier than all the data in the transform cache'
[WARN] [1786120296.228535391] [amcl]: AMCL cannot publish a pose or update the transform. Please set the initial pose...
[WARN] [1786120298.324842951] [amcl]: AMCL cannot publish a pose or update the transform. Please set the initial pose...
[WARN] [1786120300.422689352] [amcl]: AMCL cannot publish a pose or update the transform. Please set the initial pose...
[INFO] [1786120301.006385311] [amcl]: initialPoseReceived
[WARN] [1786120301.006554238] [amcl]: Failed to transform initial pose in time (Lookup would require extrapolation into the future.  Requested time 1786120301.006458 but the latest data is at time 1786120301.000377, when looking up transform from frame [base_footprint] to frame [odom])
[INFO] [1786120301.006601127] [amcl]: Setting pose (1786120301.006583): 24.160 -45.741 0.486
