[INFO] [1783121103.443234873] [amcl]: 
	amcl lifecycle node launched. 
	Waiting on external lifecycle transitions to activate
	See https://design.ros2.org/articles/node_lifecycle.html for more information.
[INFO] [1783121103.444126952] [amcl]: Creating
[INFO] [1783121103.652175117] [amcl]: Configuring
[INFO] [1783121103.652324080] [amcl]: initTransforms
[INFO] [1783121103.667764684] [amcl]: initPubSub
[INFO] [1783121103.683312029] [amcl]: Subscribed to map topic.
[INFO] [1783121103.692531820] [amcl]: Received a 537 X 439 map @ 0.050 m/pix
[INFO] [1783121103.801606310] [amcl]: Activating
[INFO] [1783121103.802129257] [amcl]: Creating bond (amcl) to lifecycle manager.
[INFO] [1783121104.885995523] [amcl]: createLaserObject
[WARN] [1783121105.681637332] [amcl]: AMCL cannot publish a pose or update the transform. Please set the initial pose...
[WARN] [1783121107.780549781] [amcl]: AMCL cannot publish a pose or update the transform. Please set the initial pose...
[WARN] [1783121109.877344644] [amcl]: AMCL cannot publish a pose or update the transform. Please set the initial pose...
[WARN] [1783121111.975701480] [amcl]: AMCL cannot publish a pose or update the transform. Please set the initial pose...
[INFO] [1783121113.956285536] [amcl]: initialPoseReceived
[WARN] [1783121113.956496352] [amcl]: Failed to transform initial pose in time (Lookup would require extrapolation into the future.  Requested time 1783121113.956358 but the latest data is at time 1783121113.947290, when looking up transform from frame [base_footprint] to frame [odom])
[INFO] [1783121113.956533112] [amcl]: Setting pose (1783121113.956531): 3.372 6.776 -2.113
[INFO] [1783121126.669064704] [amcl]: initialPoseReceived
[WARN] [1783121126.669217686] [amcl]: Failed to transform initial pose in time (Lookup would require extrapolation into the future.  Requested time 1783121126.669143 but the latest data is at time 1783121126.647259, when looking up transform from frame [base_footprint] to frame [odom])
[INFO] [1783121126.669246020] [amcl]: Setting pose (1783121126.669245): 3.078 6.132 -2.083
[INFO] [1783121436.996008152] [amcl]: initialPoseReceived
[WARN] [1783121436.996170597] [amcl]: Failed to transform initial pose in time (Lookup would require extrapolation into the future.  Requested time 1783121436.996084 but the latest data is at time 1783121436.980684, when looking up transform from frame [base_footprint] to frame [odom])
[INFO] [1783121436.996204579] [amcl]: Setting pose (1783121436.996203): 3.351 6.753 -2.074
[INFO] [1783121445.093880386] [amcl]: initialPoseReceived
[WARN] [1783121445.094031368] [amcl]: Failed to transform initial pose in time (Lookup would require extrapolation into the future.  Requested time 1783121445.093955 but the latest data is at time 1783121445.080625, when looking up transform from frame [base_footprint] to frame [odom])
[INFO] [1783121445.094064757] [amcl]: Setting pose (1783121445.094063): 3.029 6.102 -2.099
[INFO] [1783121652.217514266] [amcl]: initialPoseReceived
[WARN] [1783121652.217795638] [amcl]: Failed to transform initial pose in time (Lookup would require extrapolation into the future.  Requested time 1783121652.217708 but the latest data is at time 1783121652.215275, when looking up transform from frame [base_footprint] to frame [odom])
[INFO] [1783121652.217829619] [amcl]: Setting pose (1783121652.217827): 3.262 6.482 -2.065
[INFO] [1783121662.583127150] [amcl]: initialPoseReceived
[WARN] [1783121662.583273132] [amcl]: Failed to transform initial pose in time (Lookup would require extrapolation into the future.  Requested time 1783121662.583204 but the latest data is at time 1783121662.580811, when looking up transform from frame [base_footprint] to frame [odom])
[INFO] [1783121662.583299151] [amcl]: Setting pose (1783121662.583298): 2.975 6.047 -2.099
[INFO] [1783121890.406000022] [rclcpp]: signal_handler(SIGINT/SIGTERM)
[INFO] [1783121890.406280487] [amcl]: Running Nav2 LifecycleNode rcl preshutdown (amcl)
[INFO] [1783121890.406475895] [amcl]: Deactivating
[INFO] [1783121890.406522433] [amcl]: Destroying bond (amcl) to lifecycle manager.
[INFO] [1783121890.417361753] [amcl]: Cleaning up
[INFO] [1783121890.433003250] [amcl]: Destroying bond (amcl) to lifecycle manager.
