[INFO] [1785385965.344764866] [amcl]: 
	amcl lifecycle node launched. 
	Waiting on external lifecycle transitions to activate
	See https://design.ros2.org/articles/node_lifecycle.html for more information.
[INFO] [1785385965.345684834] [amcl]: Creating
[INFO] [1785385966.047591602] [amcl]: Configuring
[INFO] [1785385966.047725603] [amcl]: initTransforms
[INFO] [1785385966.058642088] [amcl]: initPubSub
[INFO] [1785385966.073405964] [amcl]: Subscribed to map topic.
[INFO] [1785385966.105871437] [amcl]: Received a 1552 X 2299 map @ 0.050 m/pix
[INFO] [1785385966.198238234] [amcl]: Activating
[INFO] [1785385966.198325827] [amcl]: Creating bond (amcl) to lifecycle manager.
[INFO] [1785385978.027834858] [amcl]: createLaserObject
[WARN] [1785385978.287036615] [amcl]: AMCL cannot publish a pose or update the transform. Please set the initial pose...
[INFO] [1785385982.000275781] [amcl]: Deactivating
[INFO] [1785385982.000361985] [amcl]: Destroying bond (amcl) to lifecycle manager.
[WARN] [1785385986.411830009] []: TF_OLD_DATA ignoring data from the past for frame front_left_wheel at time 1785385975.214619 according to authority Authority undetectable
Possible reasons are listed at http://wiki.ros.org/tf/Errors%20explained
[WARN] [1785385986.411874102] []: TF_OLD_DATA ignoring data from the past for frame front_right_wheel at time 1785385975.214619 according to authority Authority undetectable
Possible reasons are listed at http://wiki.ros.org/tf/Errors%20explained
[WARN] [1785385986.411887158] []: TF_OLD_DATA ignoring data from the past for frame rear_left_wheel at time 1785385975.214619 according to authority Authority undetectable
Possible reasons are listed at http://wiki.ros.org/tf/Errors%20explained
[WARN] [1785385986.411898713] []: TF_OLD_DATA ignoring data from the past for frame rear_right_wheel at time 1785385975.214619 according to authority Authority undetectable
Possible reasons are listed at http://wiki.ros.org/tf/Errors%20explained
[WARN] [1785385986.693753908] []: TF_OLD_DATA ignoring data from the past for frame front_left_wheel at time 1785385975.314630 according to authority Authority undetectable
Possible reasons are listed at http://wiki.ros.org/tf/Errors%20explained
[WARN] [1785385986.693795297] []: TF_OLD_DATA ignoring data from the past for frame front_right_wheel at time 1785385975.314630 according to authority Authority undetectable
Possible reasons are listed at http://wiki.ros.org/tf/Errors%20explained
[WARN] [1785385986.693808741] []: TF_OLD_DATA ignoring data from the past for frame rear_left_wheel at time 1785385975.314630 according to authority Authority undetectable
Possible reasons are listed at http://wiki.ros.org/tf/Errors%20explained
[WARN] [1785385986.693820315] []: TF_OLD_DATA ignoring data from the past for frame rear_right_wheel at time 1785385975.314630 according to authority Authority undetectable
Possible reasons are listed at http://wiki.ros.org/tf/Errors%20explained
[WARN] [1785385987.971511815] []: TF_OLD_DATA ignoring data from the past for frame front_left_wheel at time 1785385975.414619 according to authority Authority undetectable
Possible reasons are listed at http://wiki.ros.org/tf/Errors%20explained
[WARN] [1785385987.971552742] []: TF_OLD_DATA ignoring data from the past for frame front_right_wheel at time 1785385975.414619 according to authority Authority undetectable
Possible reasons are listed at http://wiki.ros.org/tf/Errors%20explained
[WARN] [1785385987.971566760] []: TF_OLD_DATA ignoring data from the past for frame rear_left_wheel at time 1785385975.414619 according to authority Authority undetectable
Possible reasons are listed at http://wiki.ros.org/tf/Errors%20explained
[WARN] [1785385987.971578205] []: TF_OLD_DATA ignoring data from the past for frame rear_right_wheel at time 1785385975.414619 according to authority Authority undetectable
Possible reasons are listed at http://wiki.ros.org/tf/Errors%20explained
[WARN] [1785385987.971624168] []: TF_OLD_DATA ignoring data from the past for frame front_left_wheel at time 1785385975.514608 according to authority Authority undetectable
Possible reasons are listed at http://wiki.ros.org/tf/Errors%20explained
[WARN] [1785385987.971638909] []: TF_OLD_DATA ignoring data from the past for frame front_right_wheel at time 1785385975.514608 according to authority Authority undetectable
Possible reasons are listed at http://wiki.ros.org/tf/Errors%20explained
[WARN] [1785385987.971651205] []: TF_OLD_DATA ignoring data from the past for frame rear_left_wheel at time 1785385975.514608 according to authority Authority undetectable
Possible reasons are listed at http://wiki.ros.org/tf/Errors%20explained
[WARN] [1785385987.971661872] []: TF_OLD_DATA ignoring data from the past for frame rear_right_wheel at time 1785385975.514608 according to authority Authority undetectable
Possible reasons are listed at http://wiki.ros.org/tf/Errors%20explained
[WARN] [1785385987.997182658] []: TF_OLD_DATA ignoring data from the past for frame front_left_wheel at time 1785385975.614613 according to authority Authority undetectable
Possible reasons are listed at http://wiki.ros.org/tf/Errors%20explained
[WARN] [1785385987.997284826] []: TF_OLD_DATA ignoring data from the past for frame front_right_wheel at time 1785385975.614613 according to authority Authority undetectable
Possible reasons are listed at http://wiki.ros.org/tf/Errors%20explained
[WARN] [1785385987.997298381] []: TF_OLD_DATA ignoring data from the past for frame rear_left_wheel at time 1785385975.614613 according to authority Authority undetectable
Possible reasons are listed at http://wiki.ros.org/tf/Errors%20explained
[WARN] [1785385987.997309548] []: TF_OLD_DATA ignoring data from the past for frame rear_right_wheel at time 1785385975.614613 according to authority Authority undetectable
Possible reasons are listed at http://wiki.ros.org/tf/Errors%20explained
[WARN] [1785385987.997878347] []: TF_OLD_DATA ignoring data from the past for frame front_left_wheel at time 1785385975.714625 according to authority Authority undetectable
Possible reasons are listed at http://wiki.ros.org/tf/Errors%20explained
[WARN] [1785385987.997900903] []: TF_OLD_DATA ignoring data from the past for frame front_right_wheel at time 1785385975.714625 according to authority Authority undetectable
Possible reasons are listed at http://wiki.ros.org/tf/Errors%20explained
[WARN] [1785385987.997913718] []: TF_OLD_DATA ignoring data from the past for frame rear_left_wheel at time 1785385975.714625 according to authority Authority undetectable
Possible reasons are listed at http://wiki.ros.org/tf/Errors%20explained
[WARN] [1785385987.997924088] []: TF_OLD_DATA ignoring data from the past for frame rear_right_wheel at time 1785385975.714625 according to authority Authority undetectable
Possible reasons are listed at http://wiki.ros.org/tf/Errors%20explained
[WARN] [1785385987.998898779] []: TF_OLD_DATA ignoring data from the past for frame front_left_wheel at time 1785385975.814637 according to authority Authority undetectable
Possible reasons are listed at http://wiki.ros.org/tf/Errors%20explained
[WARN] [1785385987.998928427] []: TF_OLD_DATA ignoring data from the past for frame front_right_wheel at time 1785385975.814637 according to authority Authority undetectable
Possible reasons are listed at http://wiki.ros.org/tf/Errors%20explained
[WARN] [1785385987.998942705] []: TF_OLD_DATA ignoring data from the past for frame rear_left_wheel at time 1785385975.814637 according to authority Authority undetectable
Possible reasons are listed at http://wiki.ros.org/tf/Errors%20explained
[WARN] [1785385987.998953464] []: TF_OLD_DATA ignoring data from the past for frame rear_right_wheel at time 1785385975.814637 according to authority Authority undetectable
Possible reasons are listed at http://wiki.ros.org/tf/Errors%20explained
[WARN] [1785385988.363501459] []: TF_OLD_DATA ignoring data from the past for frame front_left_wheel at time 1785385975.914607 according to authority Authority undetectable
Possible reasons are listed at http://wiki.ros.org/tf/Errors%20explained
[WARN] [1785385988.363541570] []: TF_OLD_DATA ignoring data from the past for frame front_right_wheel at time 1785385975.914607 according to authority Authority undetectable
Possible reasons are listed at http://wiki.ros.org/tf/Errors%20explained
[WARN] [1785385988.363554626] []: TF_OLD_DATA ignoring data from the past for frame rear_left_wheel at time 1785385975.914607 according to authority Authority undetectable
Possible reasons are listed at http://wiki.ros.org/tf/Errors%20explained
[WARN] [1785385988.363565385] []: TF_OLD_DATA ignoring data from the past for frame rear_right_wheel at time 1785385975.914607 according to authority Authority undetectable
Possible reasons are listed at http://wiki.ros.org/tf/Errors%20explained
[WARN] [1785385988.391352147] []: TF_OLD_DATA ignoring data from the past for frame front_left_wheel at time 1785385976.014597 according to authority Authority undetectable
Possible reasons are listed at http://wiki.ros.org/tf/Errors%20explained
[WARN] [1785385988.391393110] []: TF_OLD_DATA ignoring data from the past for frame front_right_wheel at time 1785385976.014597 according to authority Authority undetectable
Possible reasons are listed at http://wiki.ros.org/tf/Errors%20explained
[WARN] [1785385988.391460981] []: TF_OLD_DATA ignoring data from the past for frame rear_left_wheel at time 1785385976.014597 according to authority Authority undetectable
Possible reasons are listed at http://wiki.ros.org/tf/Errors%20explained
[WARN] [1785385988.391473722] []: TF_OLD_DATA ignoring data from the past for frame rear_right_wheel at time 1785385976.014597 according to authority Authority undetectable
Possible reasons are listed at http://wiki.ros.org/tf/Errors%20explained
[WARN] [1785385998.209034958] []: TF_OLD_DATA ignoring data from the past for frame front_left_wheel at time 1785385979.014661 according to authority Authority undetectable
Possible reasons are listed at http://wiki.ros.org/tf/Errors%20explained
[WARN] [1785385998.209073347] []: TF_OLD_DATA ignoring data from the past for frame front_right_wheel at time 1785385979.014661 according to authority Authority undetectable
Possible reasons are listed at http://wiki.ros.org/tf/Errors%20explained
[WARN] [1785385998.209112366] []: TF_OLD_DATA ignoring data from the past for frame rear_left_wheel at time 1785385979.014661 according to authority Authority undetectable
Possible reasons are listed at http://wiki.ros.org/tf/Errors%20explained
[WARN] [1785385998.209126551] []: TF_OLD_DATA ignoring data from the past for frame rear_right_wheel at time 1785385979.014661 according to authority Authority undetectable
Possible reasons are listed at http://wiki.ros.org/tf/Errors%20explained
[WARN] [1785385998.209190181] []: TF_OLD_DATA ignoring data from the past for frame front_left_wheel at time 1785385979.114620 according to authority Authority undetectable
Possible reasons are listed at http://wiki.ros.org/tf/Errors%20explained
[WARN] [1785385998.209206126] []: TF_OLD_DATA ignoring data from the past for frame front_right_wheel at time 1785385979.114620 according to authority Authority undetectable
Possible reasons are listed at http://wiki.ros.org/tf/Errors%20explained
[WARN] [1785385998.209216811] []: TF_OLD_DATA ignoring data from the past for frame rear_left_wheel at time 1785385979.114620 according to authority Authority undetectable
Possible reasons are listed at http://wiki.ros.org/tf/Errors%20explained
[WARN] [1785385998.209226626] []: TF_OLD_DATA ignoring data from the past for frame rear_right_wheel at time 1785385979.114620 according to authority Authority undetectable
Possible reasons are listed at http://wiki.ros.org/tf/Errors%20explained
[WARN] [1785385998.209267367] []: TF_OLD_DATA ignoring data from the past for frame front_left_wheel at time 1785385979.214632 according to authority Authority undetectable
Possible reasons are listed at http://wiki.ros.org/tf/Errors%20explained
[WARN] [1785385998.209280515] []: TF_OLD_DATA ignoring data from the past for frame front_right_wheel at time 1785385979.214632 according to authority Authority undetectable
Possible reasons are listed at http://wiki.ros.org/tf/Errors%20explained
[WARN] [1785385998.209291348] []: TF_OLD_DATA ignoring data from the past for frame rear_left_wheel at time 1785385979.214632 according to authority Authority undetectable
Possible reasons are listed at http://wiki.ros.org/tf/Errors%20explained
[WARN] [1785385998.209300756] []: TF_OLD_DATA ignoring data from the past for frame rear_right_wheel at time 1785385979.214632 according to authority Authority undetectable
Possible reasons are listed at http://wiki.ros.org/tf/Errors%20explained
[WARN] [1785385998.209329478] []: TF_OLD_DATA ignoring data from the past for frame front_left_wheel at time 1785385979.314609 according to authority Authority undetectable
Possible reasons are listed at http://wiki.ros.org/tf/Errors%20explained
[WARN] [1785385998.209342201] []: TF_OLD_DATA ignoring data from the past for frame front_right_wheel at time 1785385979.314609 according to authority Authority undetectable
Possible reasons are listed at http://wiki.ros.org/tf/Errors%20explained
[WARN] [1785385998.209353497] []: TF_OLD_DATA ignoring data from the past for frame rear_left_wheel at time 1785385979.314609 according to authority Authority undetectable
Possible reasons are listed at http://wiki.ros.org/tf/Errors%20explained
[WARN] [1785385998.209363164] []: TF_OLD_DATA ignoring data from the past for frame rear_right_wheel at time 1785385979.314609 according to authority Authority undetectable
Possible reasons are listed at http://wiki.ros.org/tf/Errors%20explained
[WARN] [1785385998.209390701] []: TF_OLD_DATA ignoring data from the past for frame front_left_wheel at time 1785385979.414595 according to authority Authority undetectable
Possible reasons are listed at http://wiki.ros.org/tf/Errors%20explained
[WARN] [1785385998.209466923] []: TF_OLD_DATA ignoring data from the past for frame front_right_wheel at time 1785385979.414595 according to authority Authority undetectable
Possible reasons are listed at http://wiki.ros.org/tf/Errors%20explained
[WARN] [1785385998.209479664] []: TF_OLD_DATA ignoring data from the past for frame rear_left_wheel at time 1785385979.414595 according to authority Authority undetectable
Possible reasons are listed at http://wiki.ros.org/tf/Errors%20explained
[WARN] [1785385998.209490368] []: TF_OLD_DATA ignoring data from the past for frame rear_right_wheel at time 1785385979.414595 according to authority Authority undetectable
Possible reasons are listed at http://wiki.ros.org/tf/Errors%20explained
[WARN] [1785385998.209527276] []: TF_OLD_DATA ignoring data from the past for frame front_left_wheel at time 1785385979.514609 according to authority Authority undetectable
Possible reasons are listed at http://wiki.ros.org/tf/Errors%20explained
[WARN] [1785385998.209540016] []: TF_OLD_DATA ignoring data from the past for frame front_right_wheel at time 1785385979.514609 according to authority Authority undetectable
Possible reasons are listed at http://wiki.ros.org/tf/Errors%20explained
[WARN] [1785385998.209551257] []: TF_OLD_DATA ignoring data from the past for frame rear_left_wheel at time 1785385979.514609 according to authority Authority undetectable
Possible reasons are listed at http://wiki.ros.org/tf/Errors%20explained
[WARN] [1785385998.209561239] []: TF_OLD_DATA ignoring data from the past for frame rear_right_wheel at time 1785385979.514609 according to authority Authority undetectable
Possible reasons are listed at http://wiki.ros.org/tf/Errors%20explained
[WARN] [1785385998.209591702] []: TF_OLD_DATA ignoring data from the past for frame front_left_wheel at time 1785385979.614608 according to authority Authority undetectable
Possible reasons are listed at http://wiki.ros.org/tf/Errors%20explained
[WARN] [1785385998.209606776] []: TF_OLD_DATA ignoring data from the past for frame front_right_wheel at time 1785385979.614608 according to authority Authority undetectable
Possible reasons are listed at http://wiki.ros.org/tf/Errors%20explained
[WARN] [1785385998.209617517] []: TF_OLD_DATA ignoring data from the past for frame rear_left_wheel at time 1785385979.614608 according to authority Authority undetectable
Possible reasons are listed at http://wiki.ros.org/tf/Errors%20explained
[WARN] [1785385998.209626924] []: TF_OLD_DATA ignoring data from the past for frame rear_right_wheel at time 1785385979.614608 according to authority Authority undetectable
Possible reasons are listed at http://wiki.ros.org/tf/Errors%20explained
[WARN] [1785385998.209652054] []: TF_OLD_DATA ignoring data from the past for frame front_left_wheel at time 1785385979.714613 according to authority Authority undetectable
Possible reasons are listed at http://wiki.ros.org/tf/Errors%20explained
[WARN] [1785385998.209663721] []: TF_OLD_DATA ignoring data from the past for frame front_right_wheel at time 1785385979.714613 according to authority Authority undetectable
Possible reasons are listed at http://wiki.ros.org/tf/Errors%20explained
[WARN] [1785385998.209674184] []: TF_OLD_DATA ignoring data from the past for frame rear_left_wheel at time 1785385979.714613 according to authority Authority undetectable
Possible reasons are listed at http://wiki.ros.org/tf/Errors%20explained
[WARN] [1785385998.209683462] []: TF_OLD_DATA ignoring data from the past for frame rear_right_wheel at time 1785385979.714613 according to authority Authority undetectable
Possible reasons are listed at http://wiki.ros.org/tf/Errors%20explained
[WARN] [1785385998.209708036] []: TF_OLD_DATA ignoring data from the past for frame front_left_wheel at time 1785385979.814607 according to authority Authority undetectable
Possible reasons are listed at http://wiki.ros.org/tf/Errors%20explained
[WARN] [1785385998.209720221] []: TF_OLD_DATA ignoring data from the past for frame front_right_wheel at time 1785385979.814607 according to authority Authority undetectable
Possible reasons are listed at http://wiki.ros.org/tf/Errors%20explained
[WARN] [1785385998.209749518] []: TF_OLD_DATA ignoring data from the past for frame rear_left_wheel at time 1785385979.814607 according to authority Authority undetectable
Possible reasons are listed at http://wiki.ros.org/tf/Errors%20explained
[WARN] [1785385998.209760851] []: TF_OLD_DATA ignoring data from the past for frame rear_right_wheel at time 1785385979.814607 according to authority Authority undetectable
Possible reasons are listed at http://wiki.ros.org/tf/Errors%20explained
[WARN] [1785385998.209792962] []: TF_OLD_DATA ignoring data from the past for frame front_left_wheel at time 1785385979.914604 according to authority Authority undetectable
Possible reasons are listed at http://wiki.ros.org/tf/Errors%20explained
[WARN] [1785385998.209805073] []: TF_OLD_DATA ignoring data from the past for frame front_right_wheel at time 1785385979.914604 according to authority Authority undetectable
Possible reasons are listed at http://wiki.ros.org/tf/Errors%20explained
[WARN] [1785385998.209815981] []: TF_OLD_DATA ignoring data from the past for frame rear_left_wheel at time 1785385979.914604 according to authority Authority undetectable
Possible reasons are listed at http://wiki.ros.org/tf/Errors%20explained
[WARN] [1785385998.209824888] []: TF_OLD_DATA ignoring data from the past for frame rear_right_wheel at time 1785385979.914604 according to authority Authority undetectable
Possible reasons are listed at http://wiki.ros.org/tf/Errors%20explained
[WARN] [1785385998.209855481] []: TF_OLD_DATA ignoring data from the past for frame front_left_wheel at time 1785385980.014610 according to authority Authority undetectable
Possible reasons are listed at http://wiki.ros.org/tf/Errors%20explained
[WARN] [1785385998.209867463] []: TF_OLD_DATA ignoring data from the past for frame front_right_wheel at time 1785385980.014610 according to authority Authority undetectable
Possible reasons are listed at http://wiki.ros.org/tf/Errors%20explained
[WARN] [1785385998.209878407] []: TF_OLD_DATA ignoring data from the past for frame rear_left_wheel at time 1785385980.014610 according to authority Authority undetectable
Possible reasons are listed at http://wiki.ros.org/tf/Errors%20explained
[WARN] [1785385998.209887907] []: TF_OLD_DATA ignoring data from the past for frame rear_right_wheel at time 1785385980.014610 according to authority Authority undetectable
Possible reasons are listed at http://wiki.ros.org/tf/Errors%20explained
[WARN] [1785385998.209913796] []: TF_OLD_DATA ignoring data from the past for frame front_left_wheel at time 1785385980.114613 according to authority Authority undetectable
Possible reasons are listed at http://wiki.ros.org/tf/Errors%20explained
[WARN] [1785385998.209925611] []: TF_OLD_DATA ignoring data from the past for frame front_right_wheel at time 1785385980.114613 according to authority Authority undetectable
Possible reasons are listed at http://wiki.ros.org/tf/Errors%20explained
[WARN] [1785385998.209936148] []: TF_OLD_DATA ignoring data from the past for frame rear_left_wheel at time 1785385980.114613 according to authority Authority undetectable
Possible reasons are listed at http://wiki.ros.org/tf/Errors%20explained
[WARN] [1785385998.209945704] []: TF_OLD_DATA ignoring data from the past for frame rear_right_wheel at time 1785385980.114613 according to authority Authority undetectable
Possible reasons are listed at http://wiki.ros.org/tf/Errors%20explained
[WARN] [1785385998.209972260] []: TF_OLD_DATA ignoring data from the past for frame front_left_wheel at time 1785385980.214607 according to authority Authority undetectable
Possible reasons are listed at http://wiki.ros.org/tf/Errors%20explained
[WARN] [1785385998.209985297] []: TF_OLD_DATA ignoring data from the past for frame front_right_wheel at time 1785385980.214607 according to authority Authority undetectable
Possible reasons are listed at http://wiki.ros.org/tf/Errors%20explained
[WARN] [1785385998.210012667] []: TF_OLD_DATA ignoring data from the past for frame rear_left_wheel at time 1785385980.214607 according to authority Authority undetectable
Possible reasons are listed at http://wiki.ros.org/tf/Errors%20explained
[WARN] [1785385998.210022538] []: TF_OLD_DATA ignoring data from the past for frame rear_right_wheel at time 1785385980.214607 according to authority Authority undetectable
Possible reasons are listed at http://wiki.ros.org/tf/Errors%20explained
[WARN] [1785385998.210053612] []: TF_OLD_DATA ignoring data from the past for frame front_left_wheel at time 1785385980.314595 according to authority Authority undetectable
Possible reasons are listed at http://wiki.ros.org/tf/Errors%20explained
[WARN] [1785385998.210065853] []: TF_OLD_DATA ignoring data from the past for frame front_right_wheel at time 1785385980.314595 according to authority Authority undetectable
Possible reasons are listed at http://wiki.ros.org/tf/Errors%20explained
[WARN] [1785385998.210076649] []: TF_OLD_DATA ignoring data from the past for frame rear_left_wheel at time 1785385980.314595 according to authority Authority undetectable
Possible reasons are listed at http://wiki.ros.org/tf/Errors%20explained
[WARN] [1785385998.210086427] []: TF_OLD_DATA ignoring data from the past for frame rear_right_wheel at time 1785385980.314595 according to authority Authority undetectable
Possible reasons are listed at http://wiki.ros.org/tf/Errors%20explained
[WARN] [1785385998.210118668] []: TF_OLD_DATA ignoring data from the past for frame front_left_wheel at time 1785385980.414617 according to authority Authority undetectable
Possible reasons are listed at http://wiki.ros.org/tf/Errors%20explained
[WARN] [1785385998.210130705] []: TF_OLD_DATA ignoring data from the past for frame front_right_wheel at time 1785385980.414617 according to authority Authority undetectable
Possible reasons are listed at http://wiki.ros.org/tf/Errors%20explained
[WARN] [1785385998.210141390] []: TF_OLD_DATA ignoring data from the past for frame rear_left_wheel at time 1785385980.414617 according to authority Authority undetectable
Possible reasons are listed at http://wiki.ros.org/tf/Errors%20explained
[WARN] [1785385998.210150816] []: TF_OLD_DATA ignoring data from the past for frame rear_right_wheel at time 1785385980.414617 according to authority Authority undetectable
Possible reasons are listed at http://wiki.ros.org/tf/Errors%20explained
[WARN] [1785385998.210213187] []: TF_OLD_DATA ignoring data from the past for frame front_left_wheel at time 1785385980.514655 according to authority Authority undetectable
Possible reasons are listed at http://wiki.ros.org/tf/Errors%20explained
[WARN] [1785385998.210227557] []: TF_OLD_DATA ignoring data from the past for frame front_right_wheel at time 1785385980.514655 according to authority Authority undetectable
Possible reasons are listed at http://wiki.ros.org/tf/Errors%20explained
[WARN] [1785385998.210238594] []: TF_OLD_DATA ignoring data from the past for frame rear_left_wheel at time 1785385980.514655 according to authority Authority undetectable
Possible reasons are listed at http://wiki.ros.org/tf/Errors%20explained
[WARN] [1785385998.210248280] []: TF_OLD_DATA ignoring data from the past for frame rear_right_wheel at time 1785385980.514655 according to authority Authority undetectable
Possible reasons are listed at http://wiki.ros.org/tf/Errors%20explained
[WARN] [1785385998.210285113] []: TF_OLD_DATA ignoring data from the past for frame front_left_wheel at time 1785385980.614613 according to authority Authority undetectable
Possible reasons are listed at http://wiki.ros.org/tf/Errors%20explained
[WARN] [1785385998.210297428] []: TF_OLD_DATA ignoring data from the past for frame front_right_wheel at time 1785385980.614613 according to authority Authority undetectable
Possible reasons are listed at http://wiki.ros.org/tf/Errors%20explained
[WARN] [1785385998.210308372] []: TF_OLD_DATA ignoring data from the past for frame rear_left_wheel at time 1785385980.614613 according to authority Authority undetectable
Possible reasons are listed at http://wiki.ros.org/tf/Errors%20explained
[WARN] [1785385998.210360706] []: TF_OLD_DATA ignoring data from the past for frame rear_right_wheel at time 1785385980.614613 according to authority Authority undetectable
Possible reasons are listed at http://wiki.ros.org/tf/Errors%20explained
[WARN] [1785385998.210395299] []: TF_OLD_DATA ignoring data from the past for frame front_left_wheel at time 1785385980.714606 according to authority Authority undetectable
Possible reasons are listed at http://wiki.ros.org/tf/Errors%20explained
[WARN] [1785385998.210408243] []: TF_OLD_DATA ignoring data from the past for frame front_right_wheel at time 1785385980.714606 according to authority Authority undetectable
Possible reasons are listed at http://wiki.ros.org/tf/Errors%20explained
[WARN] [1785385998.210420040] []: TF_OLD_DATA ignoring data from the past for frame rear_left_wheel at time 1785385980.714606 according to authority Authority undetectable
Possible reasons are listed at http://wiki.ros.org/tf/Errors%20explained
[WARN] [1785385998.210429799] []: TF_OLD_DATA ignoring data from the past for frame rear_right_wheel at time 1785385980.714606 according to authority Authority undetectable
Possible reasons are listed at http://wiki.ros.org/tf/Errors%20explained
[WARN] [1785385998.210458762] []: TF_OLD_DATA ignoring data from the past for frame front_left_wheel at time 1785385980.814609 according to authority Authority undetectable
Possible reasons are listed at http://wiki.ros.org/tf/Errors%20explained
[WARN] [1785385998.210471188] []: TF_OLD_DATA ignoring data from the past for frame front_right_wheel at time 1785385980.814609 according to authority Authority undetectable
Possible reasons are listed at http://wiki.ros.org/tf/Errors%20explained
[WARN] [1785385998.210481947] []: TF_OLD_DATA ignoring data from the past for frame rear_left_wheel at time 1785385980.814609 according to authority Authority undetectable
Possible reasons are listed at http://wiki.ros.org/tf/Errors%20explained
[WARN] [1785385998.210490855] []: TF_OLD_DATA ignoring data from the past for frame rear_right_wheel at time 1785385980.814609 according to authority Authority undetectable
Possible reasons are listed at http://wiki.ros.org/tf/Errors%20explained
[WARN] [1785385998.210523800] []: TF_OLD_DATA ignoring data from the past for frame front_left_wheel at time 1785385980.914607 according to authority Authority undetectable
Possible reasons are listed at http://wiki.ros.org/tf/Errors%20explained
[WARN] [1785385998.210536966] []: TF_OLD_DATA ignoring data from the past for frame front_right_wheel at time 1785385980.914607 according to authority Authority undetectable
Possible reasons are listed at http://wiki.ros.org/tf/Errors%20explained
[WARN] [1785385998.210547874] []: TF_OLD_DATA ignoring data from the past for frame rear_left_wheel at time 1785385980.914607 according to authority Authority undetectable
Possible reasons are listed at http://wiki.ros.org/tf/Errors%20explained
[WARN] [1785385998.210558189] []: TF_OLD_DATA ignoring data from the past for frame rear_right_wheel at time 1785385980.914607 according to authority Authority undetectable
Possible reasons are listed at http://wiki.ros.org/tf/Errors%20explained
[WARN] [1785385998.210593467] []: TF_OLD_DATA ignoring data from the past for frame front_left_wheel at time 1785385981.014631 according to authority Authority undetectable
Possible reasons are listed at http://wiki.ros.org/tf/Errors%20explained
[WARN] [1785385998.210607078] []: TF_OLD_DATA ignoring data from the past for frame front_right_wheel at time 1785385981.014631 according to authority Authority undetectable
Possible reasons are listed at http://wiki.ros.org/tf/Errors%20explained
[WARN] [1785385998.210618559] []: TF_OLD_DATA ignoring data from the past for frame rear_left_wheel at time 1785385981.014631 according to authority Authority undetectable
Possible reasons are listed at http://wiki.ros.org/tf/Errors%20explained
[WARN] [1785385998.210628467] []: TF_OLD_DATA ignoring data from the past for frame rear_right_wheel at time 1785385981.014631 according to authority Authority undetectable
Possible reasons are listed at http://wiki.ros.org/tf/Errors%20explained
[WARN] [1785385998.210684578] []: TF_OLD_DATA ignoring data from the past for frame front_left_wheel at time 1785385981.114613 according to authority Authority undetectable
Possible reasons are listed at http://wiki.ros.org/tf/Errors%20explained
[WARN] [1785385998.210700152] []: TF_OLD_DATA ignoring data from the past for frame front_right_wheel at time 1785385981.114613 according to authority Authority undetectable
Possible reasons are listed at http://wiki.ros.org/tf/Errors%20explained
[WARN] [1785385998.210710430] []: TF_OLD_DATA ignoring data from the past for frame rear_left_wheel at time 1785385981.114613 according to authority Authority undetectable
Possible reasons are listed at http://wiki.ros.org/tf/Errors%20explained
[WARN] [1785385998.210719856] []: TF_OLD_DATA ignoring data from the past for frame rear_right_wheel at time 1785385981.114613 according to authority Authority undetectable
Possible reasons are listed at http://wiki.ros.org/tf/Errors%20explained
[WARN] [1785385998.210753505] []: TF_OLD_DATA ignoring data from the past for frame front_left_wheel at time 1785385981.214637 according to authority Authority undetectable
Possible reasons are listed at http://wiki.ros.org/tf/Errors%20explained
[WARN] [1785385998.210767875] []: TF_OLD_DATA ignoring data from the past for frame front_right_wheel at time 1785385981.214637 according to authority Authority undetectable
Possible reasons are listed at http://wiki.ros.org/tf/Errors%20explained
[WARN] [1785385998.210778542] []: TF_OLD_DATA ignoring data from the past for frame rear_left_wheel at time 1785385981.214637 according to authority Authority undetectable
Possible reasons are listed at http://wiki.ros.org/tf/Errors%20explained
[WARN] [1785385998.210788134] []: TF_OLD_DATA ignoring data from the past for frame rear_right_wheel at time 1785385981.214637 according to authority Authority undetectable
Possible reasons are listed at http://wiki.ros.org/tf/Errors%20explained
[WARN] [1785385998.210813820] []: TF_OLD_DATA ignoring data from the past for frame front_left_wheel at time 1785385983.960426 according to authority Authority undetectable
Possible reasons are listed at http://wiki.ros.org/tf/Errors%20explained
[WARN] [1785385998.210825560] []: TF_OLD_DATA ignoring data from the past for frame front_right_wheel at time 1785385983.960426 according to authority Authority undetectable
Possible reasons are listed at http://wiki.ros.org/tf/Errors%20explained
[WARN] [1785385998.210836227] []: TF_OLD_DATA ignoring data from the past for frame rear_left_wheel at time 1785385983.960426 according to authority Authority undetectable
Possible reasons are listed at http://wiki.ros.org/tf/Errors%20explained
[WARN] [1785385998.210869024] []: TF_OLD_DATA ignoring data from the past for frame rear_right_wheel at time 1785385983.960426 according to authority Authority undetectable
Possible reasons are listed at http://wiki.ros.org/tf/Errors%20explained
[WARN] [1785385998.210908561] []: TF_OLD_DATA ignoring data from the past for frame front_left_wheel at time 1785385984.014615 according to authority Authority undetectable
Possible reasons are listed at http://wiki.ros.org/tf/Errors%20explained
[WARN] [1785385998.210922191] []: TF_OLD_DATA ignoring data from the past for frame front_right_wheel at time 1785385984.014615 according to authority Authority undetectable
Possible reasons are listed at http://wiki.ros.org/tf/Errors%20explained
[WARN] [1785385998.210932505] []: TF_OLD_DATA ignoring data from the past for frame rear_left_wheel at time 1785385984.014615 according to authority Authority undetectable
Possible reasons are listed at http://wiki.ros.org/tf/Errors%20explained
[WARN] [1785385998.210942080] []: TF_OLD_DATA ignoring data from the past for frame rear_right_wheel at time 1785385984.014615 according to authority Authority undetectable
Possible reasons are listed at http://wiki.ros.org/tf/Errors%20explained
[WARN] [1785385998.210997061] []: TF_OLD_DATA ignoring data from the past for frame front_left_wheel at time 1785385984.114609 according to authority Authority undetectable
Possible reasons are listed at http://wiki.ros.org/tf/Errors%20explained
[WARN] [1785385998.211011080] []: TF_OLD_DATA ignoring data from the past for frame front_right_wheel at time 1785385984.114609 according to authority Authority undetectable
Possible reasons are listed at http://wiki.ros.org/tf/Errors%20explained
[WARN] [1785385998.211020969] []: TF_OLD_DATA ignoring data from the past for frame rear_left_wheel at time 1785385984.114609 according to authority Authority undetectable
Possible reasons are listed at http://wiki.ros.org/tf/Errors%20explained
[WARN] [1785385998.211030339] []: TF_OLD_DATA ignoring data from the past for frame rear_right_wheel at time 1785385984.114609 according to authority Authority undetectable
Possible reasons are listed at http://wiki.ros.org/tf/Errors%20explained
[WARN] [1785385998.211058488] []: TF_OLD_DATA ignoring data from the past for frame front_left_wheel at time 1785385984.214634 according to authority Authority undetectable
Possible reasons are listed at http://wiki.ros.org/tf/Errors%20explained
[WARN] [1785385998.211070710] []: TF_OLD_DATA ignoring data from the past for frame front_right_wheel at time 1785385984.214634 according to authority Authority undetectable
Possible reasons are listed at http://wiki.ros.org/tf/Errors%20explained
[WARN] [1785385998.211081358] []: TF_OLD_DATA ignoring data from the past for frame rear_left_wheel at time 1785385984.214634 according to authority Authority undetectable
Possible reasons are listed at http://wiki.ros.org/tf/Errors%20explained
[WARN] [1785385998.211090599] []: TF_OLD_DATA ignoring data from the past for frame rear_right_wheel at time 1785385984.214634 according to authority Authority undetectable
Possible reasons are listed at http://wiki.ros.org/tf/Errors%20explained
[WARN] [1785385998.211116895] []: TF_OLD_DATA ignoring data from the past for frame front_left_wheel at time 1785385984.314621 according to authority Authority undetectable
Possible reasons are listed at http://wiki.ros.org/tf/Errors%20explained
[WARN] [1785385998.211129340] []: TF_OLD_DATA ignoring data from the past for frame front_right_wheel at time 1785385984.314621 according to authority Authority undetectable
Possible reasons are listed at http://wiki.ros.org/tf/Errors%20explained
[WARN] [1785385998.211140395] []: TF_OLD_DATA ignoring data from the past for frame rear_left_wheel at time 1785385984.314621 according to authority Authority undetectable
Possible reasons are listed at http://wiki.ros.org/tf/Errors%20explained
[WARN] [1785385998.211149914] []: TF_OLD_DATA ignoring data from the past for frame rear_right_wheel at time 1785385984.314621 according to authority Authority undetectable
Possible reasons are listed at http://wiki.ros.org/tf/Errors%20explained
[WARN] [1785385998.211246470] []: TF_OLD_DATA ignoring data from the past for frame front_left_wheel at time 1785385984.414625 according to authority Authority undetectable
Possible reasons are listed at http://wiki.ros.org/tf/Errors%20explained
[WARN] [1785385998.211270933] []: TF_OLD_DATA ignoring data from the past for frame front_right_wheel at time 1785385984.414625 according to authority Authority undetectable
Possible reasons are listed at http://wiki.ros.org/tf/Errors%20explained
[WARN] [1785385998.211281118] []: TF_OLD_DATA ignoring data from the past for frame rear_left_wheel at time 1785385984.414625 according to authority Authority undetectable
Possible reasons are listed at http://wiki.ros.org/tf/Errors%20explained
[WARN] [1785385998.211295563] []: TF_OLD_DATA ignoring data from the past for frame rear_right_wheel at time 1785385984.414625 according to authority Authority undetectable
Possible reasons are listed at http://wiki.ros.org/tf/Errors%20explained
[WARN] [1785385998.211426730] []: TF_OLD_DATA ignoring data from the past for frame front_left_wheel at time 1785385984.514611 according to authority Authority undetectable
Possible reasons are listed at http://wiki.ros.org/tf/Errors%20explained
[WARN] [1785385998.211477120] []: TF_OLD_DATA ignoring data from the past for frame front_right_wheel at time 1785385984.514611 according to authority Authority undetectable
Possible reasons are listed at http://wiki.ros.org/tf/Errors%20explained
[WARN] [1785385998.211492212] []: TF_OLD_DATA ignoring data from the past for frame rear_left_wheel at time 1785385984.514611 according to authority Authority undetectable
Possible reasons are listed at http://wiki.ros.org/tf/Errors%20explained
[WARN] [1785385998.211556527] []: TF_OLD_DATA ignoring data from the past for frame rear_right_wheel at time 1785385984.514611 according to authority Authority undetectable
Possible reasons are listed at http://wiki.ros.org/tf/Errors%20explained
[WARN] [1785385998.211605620] []: TF_OLD_DATA ignoring data from the past for frame front_left_wheel at time 1785385984.614608 according to authority Authority undetectable
Possible reasons are listed at http://wiki.ros.org/tf/Errors%20explained
[WARN] [1785385998.211758806] []: TF_OLD_DATA ignoring data from the past for frame front_right_wheel at time 1785385984.614608 according to authority Authority undetectable
Possible reasons are listed at http://wiki.ros.org/tf/Errors%20explained
[WARN] [1785385998.211785066] []: TF_OLD_DATA ignoring data from the past for frame rear_left_wheel at time 1785385984.614608 according to authority Authority undetectable
Possible reasons are listed at http://wiki.ros.org/tf/Errors%20explained
[WARN] [1785385998.211799010] []: TF_OLD_DATA ignoring data from the past for frame rear_right_wheel at time 1785385984.614608 according to authority Authority undetectable
Possible reasons are listed at http://wiki.ros.org/tf/Errors%20explained
[WARN] [1785385998.211868177] []: TF_OLD_DATA ignoring data from the past for frame front_left_wheel at time 1785385984.714613 according to authority Authority undetectable
Possible reasons are listed at http://wiki.ros.org/tf/Errors%20explained
[WARN] [1785385998.211915974] []: TF_OLD_DATA ignoring data from the past for frame front_right_wheel at time 1785385984.714613 according to authority Authority undetectable
Possible reasons are listed at http://wiki.ros.org/tf/Errors%20explained
[WARN] [1785385998.211928363] []: TF_OLD_DATA ignoring data from the past for frame rear_left_wheel at time 1785385984.714613 according to authority Authority undetectable
Possible reasons are listed at http://wiki.ros.org/tf/Errors%20explained
[WARN] [1785385998.211938233] []: TF_OLD_DATA ignoring data from the past for frame rear_right_wheel at time 1785385984.714613 according to authority Authority undetectable
Possible reasons are listed at http://wiki.ros.org/tf/Errors%20explained
[WARN] [1785385998.211975363] []: TF_OLD_DATA ignoring data from the past for frame front_left_wheel at time 1785385984.814599 according to authority Authority undetectable
Possible reasons are listed at http://wiki.ros.org/tf/Errors%20explained
[WARN] [1785385998.211988845] []: TF_OLD_DATA ignoring data from the past for frame front_right_wheel at time 1785385984.814599 according to authority Authority undetectable
Possible reasons are listed at http://wiki.ros.org/tf/Errors%20explained
[WARN] [1785385998.211999400] []: TF_OLD_DATA ignoring data from the past for frame rear_left_wheel at time 1785385984.814599 according to authority Authority undetectable
Possible reasons are listed at http://wiki.ros.org/tf/Errors%20explained
[WARN] [1785385998.212009067] []: TF_OLD_DATA ignoring data from the past for frame rear_right_wheel at time 1785385984.814599 according to authority Authority undetectable
Possible reasons are listed at http://wiki.ros.org/tf/Errors%20explained
[WARN] [1785385998.212042345] []: TF_OLD_DATA ignoring data from the past for frame front_left_wheel at time 1785385984.914622 according to authority Authority undetectable
Possible reasons are listed at http://wiki.ros.org/tf/Errors%20explained
[WARN] [1785385998.212054789] []: TF_OLD_DATA ignoring data from the past for frame front_right_wheel at time 1785385984.914622 according to authority Authority undetectable
Possible reasons are listed at http://wiki.ros.org/tf/Errors%20explained
[WARN] [1785385998.212086993] []: TF_OLD_DATA ignoring data from the past for frame rear_left_wheel at time 1785385984.914622 according to authority Authority undetectable
Possible reasons are listed at http://wiki.ros.org/tf/Errors%20explained
[WARN] [1785385998.212097938] []: TF_OLD_DATA ignoring data from the past for frame rear_right_wheel at time 1785385984.914622 according to authority Authority undetectable
Possible reasons are listed at http://wiki.ros.org/tf/Errors%20explained
[WARN] [1785385998.212127771] []: TF_OLD_DATA ignoring data from the past for frame front_left_wheel at time 1785385985.014615 according to authority Authority undetectable
Possible reasons are listed at http://wiki.ros.org/tf/Errors%20explained
[WARN] [1785385998.212139808] []: TF_OLD_DATA ignoring data from the past for frame front_right_wheel at time 1785385985.014615 according to authority Authority undetectable
Possible reasons are listed at http://wiki.ros.org/tf/Errors%20explained
[WARN] [1785385998.212150660] []: TF_OLD_DATA ignoring data from the past for frame rear_left_wheel at time 1785385985.014615 according to authority Authority undetectable
Possible reasons are listed at http://wiki.ros.org/tf/Errors%20explained
[WARN] [1785385998.212159957] []: TF_OLD_DATA ignoring data from the past for frame rear_right_wheel at time 1785385985.014615 according to authority Authority undetectable
Possible reasons are listed at http://wiki.ros.org/tf/Errors%20explained
[WARN] [1785385998.212198846] []: TF_OLD_DATA ignoring data from the past for frame front_left_wheel at time 1785385985.114624 according to authority Authority undetectable
Possible reasons are listed at http://wiki.ros.org/tf/Errors%20explained
[WARN] [1785385998.212211549] []: TF_OLD_DATA ignoring data from the past for frame front_right_wheel at time 1785385985.114624 according to authority Authority undetectable
Possible reasons are listed at http://wiki.ros.org/tf/Errors%20explained
[WARN] [1785385998.212222161] []: TF_OLD_DATA ignoring data from the past for frame rear_left_wheel at time 1785385985.114624 according to authority Authority undetectable
Possible reasons are listed at http://wiki.ros.org/tf/Errors%20explained
[WARN] [1785385998.212231624] []: TF_OLD_DATA ignoring data from the past for frame rear_right_wheel at time 1785385985.114624 according to authority Authority undetectable
Possible reasons are listed at http://wiki.ros.org/tf/Errors%20explained
[WARN] [1785385998.212258809] []: TF_OLD_DATA ignoring data from the past for frame front_left_wheel at time 1785385985.214618 according to authority Authority undetectable
Possible reasons are listed at http://wiki.ros.org/tf/Errors%20explained
[WARN] [1785385998.212271105] []: TF_OLD_DATA ignoring data from the past for frame front_right_wheel at time 1785385985.214618 according to authority Authority undetectable
Possible reasons are listed at http://wiki.ros.org/tf/Errors%20explained
[WARN] [1785385998.212281735] []: TF_OLD_DATA ignoring data from the past for frame rear_left_wheel at time 1785385985.214618 according to authority Authority undetectable
Possible reasons are listed at http://wiki.ros.org/tf/Errors%20explained
[WARN] [1785385998.212291550] []: TF_OLD_DATA ignoring data from the past for frame rear_right_wheel at time 1785385985.214618 according to authority Authority undetectable
Possible reasons are listed at http://wiki.ros.org/tf/Errors%20explained
[WARN] [1785385998.212320624] []: TF_OLD_DATA ignoring data from the past for frame front_left_wheel at time 1785385985.314600 according to authority Authority undetectable
Possible reasons are listed at http://wiki.ros.org/tf/Errors%20explained
[WARN] [1785385998.212333643] []: TF_OLD_DATA ignoring data from the past for frame front_right_wheel at time 1785385985.314600 according to authority Authority undetectable
Possible reasons are listed at http://wiki.ros.org/tf/Errors%20explained
[WARN] [1785385998.212367235] []: TF_OLD_DATA ignoring data from the past for frame rear_left_wheel at time 1785385985.314600 according to authority Authority undetectable
Possible reasons are listed at http://wiki.ros.org/tf/Errors%20explained
[WARN] [1785385998.212378050] []: TF_OLD_DATA ignoring data from the past for frame rear_right_wheel at time 1785385985.314600 according to authority Authority undetectable
Possible reasons are listed at http://wiki.ros.org/tf/Errors%20explained
[WARN] [1785385998.212416958] []: TF_OLD_DATA ignoring data from the past for frame front_left_wheel at time 1785385985.414613 according to authority Authority undetectable
Possible reasons are listed at http://wiki.ros.org/tf/Errors%20explained
[WARN] [1785385998.212429921] []: TF_OLD_DATA ignoring data from the past for frame front_right_wheel at time 1785385985.414613 according to authority Authority undetectable
Possible reasons are listed at http://wiki.ros.org/tf/Errors%20explained
[WARN] [1785385998.212441403] []: TF_OLD_DATA ignoring data from the past for frame rear_left_wheel at time 1785385985.414613 according to authority Authority undetectable
Possible reasons are listed at http://wiki.ros.org/tf/Errors%20explained
[WARN] [1785385998.212451236] []: TF_OLD_DATA ignoring data from the past for frame rear_right_wheel at time 1785385985.414613 according to authority Authority undetectable
Possible reasons are listed at http://wiki.ros.org/tf/Errors%20explained
[WARN] [1785385998.212483644] []: TF_OLD_DATA ignoring data from the past for frame front_left_wheel at time 1785385985.514606 according to authority Authority undetectable
Possible reasons are listed at http://wiki.ros.org/tf/Errors%20explained
[WARN] [1785385998.212495662] []: TF_OLD_DATA ignoring data from the past for frame front_right_wheel at time 1785385985.514606 according to authority Authority undetectable
Possible reasons are listed at http://wiki.ros.org/tf/Errors%20explained
[WARN] [1785385998.212505533] []: TF_OLD_DATA ignoring data from the past for frame rear_left_wheel at time 1785385985.514606 according to authority Authority undetectable
Possible reasons are listed at http://wiki.ros.org/tf/Errors%20explained
[WARN] [1785385998.212515033] []: TF_OLD_DATA ignoring data from the past for frame rear_right_wheel at time 1785385985.514606 according to authority Authority undetectable
Possible reasons are listed at http://wiki.ros.org/tf/Errors%20explained
[WARN] [1785385998.212542348] []: TF_OLD_DATA ignoring data from the past for frame front_left_wheel at time 1785385985.614604 according to authority Authority undetectable
Possible reasons are listed at http://wiki.ros.org/tf/Errors%20explained
[WARN] [1785385998.212554107] []: TF_OLD_DATA ignoring data from the past for frame front_right_wheel at time 1785385985.614604 according to authority Authority undetectable
Possible reasons are listed at http://wiki.ros.org/tf/Errors%20explained
[WARN] [1785385998.212564774] []: TF_OLD_DATA ignoring data from the past for frame rear_left_wheel at time 1785385985.614604 according to authority Authority undetectable
Possible reasons are listed at http://wiki.ros.org/tf/Errors%20explained
[WARN] [1785385998.212574014] []: TF_OLD_DATA ignoring data from the past for frame rear_right_wheel at time 1785385985.614604 according to authority Authority undetectable
Possible reasons are listed at http://wiki.ros.org/tf/Errors%20explained
[WARN] [1785385998.212602403] []: TF_OLD_DATA ignoring data from the past for frame front_left_wheel at time 1785385985.714633 according to authority Authority undetectable
Possible reasons are listed at http://wiki.ros.org/tf/Errors%20explained
[WARN] [1785385998.212613903] []: TF_OLD_DATA ignoring data from the past for frame front_right_wheel at time 1785385985.714633 according to authority Authority undetectable
Possible reasons are listed at http://wiki.ros.org/tf/Errors%20explained
[WARN] [1785385998.212624533] []: TF_OLD_DATA ignoring data from the past for frame rear_left_wheel at time 1785385985.714633 according to authority Authority undetectable
Possible reasons are listed at http://wiki.ros.org/tf/Errors%20explained
[WARN] [1785385998.212648533] []: TF_OLD_DATA ignoring data from the past for frame rear_right_wheel at time 1785385985.714633 according to authority Authority undetectable
Possible reasons are listed at http://wiki.ros.org/tf/Errors%20explained
[WARN] [1785385998.212679219] []: TF_OLD_DATA ignoring data from the past for frame front_left_wheel at time 1785385985.814630 according to authority Authority undetectable
Possible reasons are listed at http://wiki.ros.org/tf/Errors%20explained
[WARN] [1785385998.212691422] []: TF_OLD_DATA ignoring data from the past for frame front_right_wheel at time 1785385985.814630 according to authority Authority undetectable
Possible reasons are listed at http://wiki.ros.org/tf/Errors%20explained
[WARN] [1785385998.212701997] []: TF_OLD_DATA ignoring data from the past for frame rear_left_wheel at time 1785385985.814630 according to authority Authority undetectable
Possible reasons are listed at http://wiki.ros.org/tf/Errors%20explained
[WARN] [1785385998.212711719] []: TF_OLD_DATA ignoring data from the past for frame rear_right_wheel at time 1785385985.814630 according to authority Authority undetectable
Possible reasons are listed at http://wiki.ros.org/tf/Errors%20explained
[WARN] [1785385998.212740423] []: TF_OLD_DATA ignoring data from the past for frame front_left_wheel at time 1785385985.914629 according to authority Authority undetectable
Possible reasons are listed at http://wiki.ros.org/tf/Errors%20explained
[WARN] [1785385998.212751886] []: TF_OLD_DATA ignoring data from the past for frame front_right_wheel at time 1785385985.914629 according to authority Authority undetectable
Possible reasons are listed at http://wiki.ros.org/tf/Errors%20explained
[WARN] [1785385998.212762719] []: TF_OLD_DATA ignoring data from the past for frame rear_left_wheel at time 1785385985.914629 according to authority Authority undetectable
Possible reasons are listed at http://wiki.ros.org/tf/Errors%20explained
[WARN] [1785385998.212772256] []: TF_OLD_DATA ignoring data from the past for frame rear_right_wheel at time 1785385985.914629 according to authority Authority undetectable
Possible reasons are listed at http://wiki.ros.org/tf/Errors%20explained
[WARN] [1785385998.212799923] []: TF_OLD_DATA ignoring data from the past for frame front_left_wheel at time 1785385986.014617 according to authority Authority undetectable
Possible reasons are listed at http://wiki.ros.org/tf/Errors%20explained
[WARN] [1785385998.212811553] []: TF_OLD_DATA ignoring data from the past for frame front_right_wheel at time 1785385986.014617 according to authority Authority undetectable
Possible reasons are listed at http://wiki.ros.org/tf/Errors%20explained
[WARN] [1785385998.212822127] []: TF_OLD_DATA ignoring data from the past for frame rear_left_wheel at time 1785385986.014617 according to authority Authority undetectable
Possible reasons are listed at http://wiki.ros.org/tf/Errors%20explained
[WARN] [1785385998.212831423] []: TF_OLD_DATA ignoring data from the past for frame rear_right_wheel at time 1785385986.014617 according to authority Authority undetectable
Possible reasons are listed at http://wiki.ros.org/tf/Errors%20explained
[WARN] [1785385998.212884442] []: TF_OLD_DATA ignoring data from the past for frame front_left_wheel at time 1785385986.114615 according to authority Authority undetectable
Possible reasons are listed at http://wiki.ros.org/tf/Errors%20explained
[WARN] [1785385998.212896998] []: TF_OLD_DATA ignoring data from the past for frame front_right_wheel at time 1785385986.114615 according to authority Authority undetectable
Possible reasons are listed at http://wiki.ros.org/tf/Errors%20explained
[WARN] [1785385998.212907572] []: TF_OLD_DATA ignoring data from the past for frame rear_left_wheel at time 1785385986.114615 according to authority Authority undetectable
Possible reasons are listed at http://wiki.ros.org/tf/Errors%20explained
[WARN] [1785385998.212917090] []: TF_OLD_DATA ignoring data from the past for frame rear_right_wheel at time 1785385986.114615 according to authority Authority undetectable
Possible reasons are listed at http://wiki.ros.org/tf/Errors%20explained
[WARN] [1785385998.212968294] []: TF_OLD_DATA ignoring data from the past for frame front_left_wheel at time 1785385986.214591 according to authority Authority undetectable
Possible reasons are listed at http://wiki.ros.org/tf/Errors%20explained
[WARN] [1785385998.212982905] []: TF_OLD_DATA ignoring data from the past for frame front_right_wheel at time 1785385986.214591 according to authority Authority undetectable
Possible reasons are listed at http://wiki.ros.org/tf/Errors%20explained
[WARN] [1785385998.212994146] []: TF_OLD_DATA ignoring data from the past for frame rear_left_wheel at time 1785385986.214591 according to authority Authority undetectable
Possible reasons are listed at http://wiki.ros.org/tf/Errors%20explained
[WARN] [1785385998.213003720] []: TF_OLD_DATA ignoring data from the past for frame rear_right_wheel at time 1785385986.214591 according to authority Authority undetectable
Possible reasons are listed at http://wiki.ros.org/tf/Errors%20explained
[WARN] [1785385998.213157369] []: TF_OLD_DATA ignoring data from the past for frame front_left_wheel at time 1785385986.314611 according to authority Authority undetectable
Possible reasons are listed at http://wiki.ros.org/tf/Errors%20explained
[WARN] [1785385998.213188333] []: TF_OLD_DATA ignoring data from the past for frame front_right_wheel at time 1785385986.314611 according to authority Authority undetectable
Possible reasons are listed at http://wiki.ros.org/tf/Errors%20explained
[WARN] [1785385998.213199925] []: TF_OLD_DATA ignoring data from the past for frame rear_left_wheel at time 1785385986.314611 according to authority Authority undetectable
Possible reasons are listed at http://wiki.ros.org/tf/Errors%20explained
[WARN] [1785385998.213209518] []: TF_OLD_DATA ignoring data from the past for frame rear_right_wheel at time 1785385986.314611 according to authority Authority undetectable
Possible reasons are listed at http://wiki.ros.org/tf/Errors%20explained
[WARN] [1785385998.213244296] []: TF_OLD_DATA ignoring data from the past for frame front_left_wheel at time 1785385986.414703 according to authority Authority undetectable
Possible reasons are listed at http://wiki.ros.org/tf/Errors%20explained
[WARN] [1785385998.213256092] []: TF_OLD_DATA ignoring data from the past for frame front_right_wheel at time 1785385986.414703 according to authority Authority undetectable
Possible reasons are listed at http://wiki.ros.org/tf/Errors%20explained
[WARN] [1785385998.213266759] []: TF_OLD_DATA ignoring data from the past for frame rear_left_wheel at time 1785385986.414703 according to authority Authority undetectable
Possible reasons are listed at http://wiki.ros.org/tf/Errors%20explained
[WARN] [1785385998.213275722] []: TF_OLD_DATA ignoring data from the past for frame rear_right_wheel at time 1785385986.414703 according to authority Authority undetectable
Possible reasons are listed at http://wiki.ros.org/tf/Errors%20explained
[WARN] [1785385998.213307648] []: TF_OLD_DATA ignoring data from the past for frame front_left_wheel at time 1785385986.514644 according to authority Authority undetectable
Possible reasons are listed at http://wiki.ros.org/tf/Errors%20explained
[WARN] [1785385998.213321111] []: TF_OLD_DATA ignoring data from the past for frame front_right_wheel at time 1785385986.514644 according to authority Authority undetectable
Possible reasons are listed at http://wiki.ros.org/tf/Errors%20explained
[WARN] [1785385998.213332741] []: TF_OLD_DATA ignoring data from the past for frame rear_left_wheel at time 1785385986.514644 according to authority Authority undetectable
Possible reasons are listed at http://wiki.ros.org/tf/Errors%20explained
[WARN] [1785385998.213342074] []: TF_OLD_DATA ignoring data from the past for frame rear_right_wheel at time 1785385986.514644 according to authority Authority undetectable
Possible reasons are listed at http://wiki.ros.org/tf/Errors%20explained
[WARN] [1785385998.213407389] []: TF_OLD_DATA ignoring data from the past for frame front_left_wheel at time 1785385986.614606 according to authority Authority undetectable
Possible reasons are listed at http://wiki.ros.org/tf/Errors%20explained
[WARN] [1785385998.213420204] []: TF_OLD_DATA ignoring data from the past for frame front_right_wheel at time 1785385986.614606 according to authority Authority undetectable
Possible reasons are listed at http://wiki.ros.org/tf/Errors%20explained
[WARN] [1785385998.213430612] []: TF_OLD_DATA ignoring data from the past for frame rear_left_wheel at time 1785385986.614606 according to authority Authority undetectable
Possible reasons are listed at http://wiki.ros.org/tf/Errors%20explained
[WARN] [1785385998.213439797] []: TF_OLD_DATA ignoring data from the past for frame rear_right_wheel at time 1785385986.614606 according to authority Authority undetectable
Possible reasons are listed at http://wiki.ros.org/tf/Errors%20explained
[WARN] [1785385998.213466130] []: TF_OLD_DATA ignoring data from the past for frame front_left_wheel at time 1785385986.714624 according to authority Authority undetectable
Possible reasons are listed at http://wiki.ros.org/tf/Errors%20explained
[WARN] [1785385998.213477482] []: TF_OLD_DATA ignoring data from the past for frame front_right_wheel at time 1785385986.714624 according to authority Authority undetectable
Possible reasons are listed at http://wiki.ros.org/tf/Errors%20explained
[WARN] [1785385998.213488038] []: TF_OLD_DATA ignoring data from the past for frame rear_left_wheel at time 1785385986.714624 according to authority Authority undetectable
Possible reasons are listed at http://wiki.ros.org/tf/Errors%20explained
[WARN] [1785385998.213497260] []: TF_OLD_DATA ignoring data from the past for frame rear_right_wheel at time 1785385986.714624 according to authority Authority undetectable
Possible reasons are listed at http://wiki.ros.org/tf/Errors%20explained
[WARN] [1785385998.213531520] []: TF_OLD_DATA ignoring data from the past for frame front_left_wheel at time 1785385986.814614 according to authority Authority undetectable
Possible reasons are listed at http://wiki.ros.org/tf/Errors%20explained
[WARN] [1785385998.213544112] []: TF_OLD_DATA ignoring data from the past for frame front_right_wheel at time 1785385986.814614 according to authority Authority undetectable
Possible reasons are listed at http://wiki.ros.org/tf/Errors%20explained
[WARN] [1785385998.213554205] []: TF_OLD_DATA ignoring data from the past for frame rear_left_wheel at time 1785385986.814614 according to authority Authority undetectable
Possible reasons are listed at http://wiki.ros.org/tf/Errors%20explained
[WARN] [1785385998.213563316] []: TF_OLD_DATA ignoring data from the past for frame rear_right_wheel at time 1785385986.814614 according to authority Authority undetectable
Possible reasons are listed at http://wiki.ros.org/tf/Errors%20explained
[WARN] [1785385998.213589779] []: TF_OLD_DATA ignoring data from the past for frame front_left_wheel at time 1785385986.914567 according to authority Authority undetectable
Possible reasons are listed at http://wiki.ros.org/tf/Errors%20explained
[WARN] [1785385998.213601372] []: TF_OLD_DATA ignoring data from the past for frame front_right_wheel at time 1785385986.914567 according to authority Authority undetectable
Possible reasons are listed at http://wiki.ros.org/tf/Errors%20explained
[WARN] [1785385998.213611520] []: TF_OLD_DATA ignoring data from the past for frame rear_left_wheel at time 1785385986.914567 according to authority Authority undetectable
Possible reasons are listed at http://wiki.ros.org/tf/Errors%20explained
[WARN] [1785385998.213619687] []: TF_OLD_DATA ignoring data from the past for frame rear_right_wheel at time 1785385986.914567 according to authority Authority undetectable
Possible reasons are listed at http://wiki.ros.org/tf/Errors%20explained
[WARN] [1785385998.213644354] []: TF_OLD_DATA ignoring data from the past for frame front_left_wheel at time 1785385987.014589 according to authority Authority undetectable
Possible reasons are listed at http://wiki.ros.org/tf/Errors%20explained
[WARN] [1785385998.213673594] []: TF_OLD_DATA ignoring data from the past for frame front_right_wheel at time 1785385987.014589 according to authority Authority undetectable
Possible reasons are listed at http://wiki.ros.org/tf/Errors%20explained
[WARN] [1785385998.213683280] []: TF_OLD_DATA ignoring data from the past for frame rear_left_wheel at time 1785385987.014589 according to authority Authority undetectable
Possible reasons are listed at http://wiki.ros.org/tf/Errors%20explained
[WARN] [1785385998.213692687] []: TF_OLD_DATA ignoring data from the past for frame rear_right_wheel at time 1785385987.014589 according to authority Authority undetectable
Possible reasons are listed at http://wiki.ros.org/tf/Errors%20explained
[WARN] [1785385998.213720039] []: TF_OLD_DATA ignoring data from the past for frame front_left_wheel at time 1785385987.114586 according to authority Authority undetectable
Possible reasons are listed at http://wiki.ros.org/tf/Errors%20explained
[WARN] [1785385998.213731335] []: TF_OLD_DATA ignoring data from the past for frame front_right_wheel at time 1785385987.114586 according to authority Authority undetectable
Possible reasons are listed at http://wiki.ros.org/tf/Errors%20explained
[WARN] [1785385998.213741336] []: TF_OLD_DATA ignoring data from the past for frame rear_left_wheel at time 1785385987.114586 according to authority Authority undetectable
Possible reasons are listed at http://wiki.ros.org/tf/Errors%20explained
[WARN] [1785385998.213750150] []: TF_OLD_DATA ignoring data from the past for frame rear_right_wheel at time 1785385987.114586 according to authority Authority undetectable
Possible reasons are listed at http://wiki.ros.org/tf/Errors%20explained
[WARN] [1785385998.213775984] []: TF_OLD_DATA ignoring data from the past for frame front_left_wheel at time 1785385987.214594 according to authority Authority undetectable
Possible reasons are listed at http://wiki.ros.org/tf/Errors%20explained
[WARN] [1785385998.213787021] []: TF_OLD_DATA ignoring data from the past for frame front_right_wheel at time 1785385987.214594 according to authority Authority undetectable
Possible reasons are listed at http://wiki.ros.org/tf/Errors%20explained
[WARN] [1785385998.213796428] []: TF_OLD_DATA ignoring data from the past for frame rear_left_wheel at time 1785385987.214594 according to authority Authority undetectable
Possible reasons are listed at http://wiki.ros.org/tf/Errors%20explained
[WARN] [1785385998.213805540] []: TF_OLD_DATA ignoring data from the past for frame rear_right_wheel at time 1785385987.214594 according to authority Authority undetectable
Possible reasons are listed at http://wiki.ros.org/tf/Errors%20explained
[WARN] [1785385998.213829966] []: TF_OLD_DATA ignoring data from the past for frame front_left_wheel at time 1785385987.314538 according to authority Authority undetectable
Possible reasons are listed at http://wiki.ros.org/tf/Errors%20explained
[WARN] [1785385998.213840818] []: TF_OLD_DATA ignoring data from the past for frame front_right_wheel at time 1785385987.314538 according to authority Authority undetectable
Possible reasons are listed at http://wiki.ros.org/tf/Errors%20explained
[WARN] [1785385998.213850947] []: TF_OLD_DATA ignoring data from the past for frame rear_left_wheel at time 1785385987.314538 according to authority Authority undetectable
Possible reasons are listed at http://wiki.ros.org/tf/Errors%20explained
[WARN] [1785385998.213859947] []: TF_OLD_DATA ignoring data from the past for frame rear_right_wheel at time 1785385987.314538 according to authority Authority undetectable
Possible reasons are listed at http://wiki.ros.org/tf/Errors%20explained
[WARN] [1785385998.213884836] []: TF_OLD_DATA ignoring data from the past for frame front_left_wheel at time 1785385987.414602 according to authority Authority undetectable
Possible reasons are listed at http://wiki.ros.org/tf/Errors%20explained
[WARN] [1785385998.213897836] []: TF_OLD_DATA ignoring data from the past for frame front_right_wheel at time 1785385987.414602 according to authority Authority undetectable
Possible reasons are listed at http://wiki.ros.org/tf/Errors%20explained
[WARN] [1785385998.213920799] []: TF_OLD_DATA ignoring data from the past for frame rear_left_wheel at time 1785385987.414602 according to authority Authority undetectable
Possible reasons are listed at http://wiki.ros.org/tf/Errors%20explained
[WARN] [1785385998.213929707] []: TF_OLD_DATA ignoring data from the past for frame rear_right_wheel at time 1785385987.414602 according to authority Authority undetectable
Possible reasons are listed at http://wiki.ros.org/tf/Errors%20explained
[WARN] [1785385998.213956577] []: TF_OLD_DATA ignoring data from the past for frame front_left_wheel at time 1785385987.514607 according to authority Authority undetectable
Possible reasons are listed at http://wiki.ros.org/tf/Errors%20explained
[WARN] [1785385998.213969800] []: TF_OLD_DATA ignoring data from the past for frame front_right_wheel at time 1785385987.514607 according to authority Authority undetectable
Possible reasons are listed at http://wiki.ros.org/tf/Errors%20explained
[WARN] [1785385998.213980596] []: TF_OLD_DATA ignoring data from the past for frame rear_left_wheel at time 1785385987.514607 according to authority Authority undetectable
Possible reasons are listed at http://wiki.ros.org/tf/Errors%20explained
[WARN] [1785385998.213989652] []: TF_OLD_DATA ignoring data from the past for frame rear_right_wheel at time 1785385987.514607 according to authority Authority undetectable
Possible reasons are listed at http://wiki.ros.org/tf/Errors%20explained
[WARN] [1785385998.214019578] []: TF_OLD_DATA ignoring data from the past for frame front_left_wheel at time 1785385987.614591 according to authority Authority undetectable
Possible reasons are listed at http://wiki.ros.org/tf/Errors%20explained
[WARN] [1785385998.214030856] []: TF_OLD_DATA ignoring data from the past for frame front_right_wheel at time 1785385987.614591 according to authority Authority undetectable
Possible reasons are listed at http://wiki.ros.org/tf/Errors%20explained
[WARN] [1785385998.214041096] []: TF_OLD_DATA ignoring data from the past for frame rear_left_wheel at time 1785385987.614591 according to authority Authority undetectable
Possible reasons are listed at http://wiki.ros.org/tf/Errors%20explained
[WARN] [1785385998.214049948] []: TF_OLD_DATA ignoring data from the past for frame rear_right_wheel at time 1785385987.614591 according to authority Authority undetectable
Possible reasons are listed at http://wiki.ros.org/tf/Errors%20explained
[WARN] [1785385998.214074597] []: TF_OLD_DATA ignoring data from the past for frame front_left_wheel at time 1785385987.714569 according to authority Authority undetectable
Possible reasons are listed at http://wiki.ros.org/tf/Errors%20explained
[WARN] [1785385998.214085782] []: TF_OLD_DATA ignoring data from the past for frame front_right_wheel at time 1785385987.714569 according to authority Authority undetectable
Possible reasons are listed at http://wiki.ros.org/tf/Errors%20explained
[WARN] [1785385998.214096097] []: TF_OLD_DATA ignoring data from the past for frame rear_left_wheel at time 1785385987.714569 according to authority Authority undetectable
Possible reasons are listed at http://wiki.ros.org/tf/Errors%20explained
[WARN] [1785385998.214105300] []: TF_OLD_DATA ignoring data from the past for frame rear_right_wheel at time 1785385987.714569 according to authority Authority undetectable
Possible reasons are listed at http://wiki.ros.org/tf/Errors%20explained
[WARN] [1785385998.214131708] []: TF_OLD_DATA ignoring data from the past for frame front_left_wheel at time 1785385987.814618 according to authority Authority undetectable
Possible reasons are listed at http://wiki.ros.org/tf/Errors%20explained
[WARN] [1785385998.214143060] []: TF_OLD_DATA ignoring data from the past for frame front_right_wheel at time 1785385987.814618 according to authority Authority undetectable
Possible reasons are listed at http://wiki.ros.org/tf/Errors%20explained
[WARN] [1785385998.214185431] []: TF_OLD_DATA ignoring data from the past for frame rear_left_wheel at time 1785385987.814618 according to authority Authority undetectable
Possible reasons are listed at http://wiki.ros.org/tf/Errors%20explained
[WARN] [1785385998.214197857] []: TF_OLD_DATA ignoring data from the past for frame rear_right_wheel at time 1785385987.814618 according to authority Authority undetectable
Possible reasons are listed at http://wiki.ros.org/tf/Errors%20explained
[WARN] [1785385998.214229672] []: TF_OLD_DATA ignoring data from the past for frame front_left_wheel at time 1785385987.914606 according to authority Authority undetectable
Possible reasons are listed at http://wiki.ros.org/tf/Errors%20explained
[WARN] [1785385998.214241042] []: TF_OLD_DATA ignoring data from the past for frame front_right_wheel at time 1785385987.914606 according to authority Authority undetectable
Possible reasons are listed at http://wiki.ros.org/tf/Errors%20explained
[WARN] [1785385998.214251579] []: TF_OLD_DATA ignoring data from the past for frame rear_left_wheel at time 1785385987.914606 according to authority Authority undetectable
Possible reasons are listed at http://wiki.ros.org/tf/Errors%20explained
[WARN] [1785385998.214260820] []: TF_OLD_DATA ignoring data from the past for frame rear_right_wheel at time 1785385987.914606 according to authority Authority undetectable
Possible reasons are listed at http://wiki.ros.org/tf/Errors%20explained
[WARN] [1785385998.214286783] []: TF_OLD_DATA ignoring data from the past for frame front_left_wheel at time 1785385988.014618 according to authority Authority undetectable
Possible reasons are listed at http://wiki.ros.org/tf/Errors%20explained
[WARN] [1785385998.214298783] []: TF_OLD_DATA ignoring data from the past for frame front_right_wheel at time 1785385988.014618 according to authority Authority undetectable
Possible reasons are listed at http://wiki.ros.org/tf/Errors%20explained
[WARN] [1785385998.214314209] []: TF_OLD_DATA ignoring data from the past for frame rear_left_wheel at time 1785385988.014618 according to authority Authority undetectable
Possible reasons are listed at http://wiki.ros.org/tf/Errors%20explained
[WARN] [1785385998.214325302] []: TF_OLD_DATA ignoring data from the past for frame rear_right_wheel at time 1785385988.014618 according to authority Authority undetectable
Possible reasons are listed at http://wiki.ros.org/tf/Errors%20explained
[INFO] [1785385999.348328764] [rclcpp]: signal_handler(SIGINT/SIGTERM)
[INFO] [1785385999.348477135] [amcl]: Running Nav2 LifecycleNode rcl preshutdown (amcl)
[INFO] [1785385999.348585450] [amcl]: Cleaning up
[INFO] [1785385999.358803320] [amcl]: Destroying bond (amcl) to lifecycle manager.
