[INFO] [1784076991.986564425] [amcl]: 
	amcl lifecycle node launched. 
	Waiting on external lifecycle transitions to activate
	See https://design.ros2.org/articles/node_lifecycle.html for more information.
[INFO] [1784076991.987510967] [amcl]: Creating
[INFO] [1784076992.274786004] [amcl]: Configuring
[INFO] [1784076992.275257229] [amcl]: initTransforms
[INFO] [1784076992.298730079] [amcl]: initPubSub
[INFO] [1784076992.324012864] [amcl]: Subscribed to map topic.
[INFO] [1784076992.427772981] [amcl]: Received a 338 X 598 map @ 0.050 m/pix
[INFO] [1784076992.541988118] [amcl]: Activating
[INFO] [1784076992.542053045] [amcl]: Creating bond (amcl) to lifecycle manager.
[INFO] [1784076993.310694282] [amcl]: createLaserObject
[WARN] [1784076994.366404778] [amcl]: AMCL cannot publish a pose or update the transform. Please set the initial pose...
[WARN] [1784076996.407132202] [amcl]: AMCL cannot publish a pose or update the transform. Please set the initial pose...
[WARN] [1784076998.527268742] [amcl]: AMCL cannot publish a pose or update the transform. Please set the initial pose...
[WARN] [1784077000.550192273] [amcl]: AMCL cannot publish a pose or update the transform. Please set the initial pose...
[WARN] [1784077002.655537251] [amcl]: AMCL cannot publish a pose or update the transform. Please set the initial pose...
[WARN] [1784077004.688767561] [amcl]: AMCL cannot publish a pose or update the transform. Please set the initial pose...
[INFO] [1784077006.322102222] [amcl]: initialPoseReceived
[WARN] [1784077006.322340076] [amcl]: Failed to transform initial pose in time (Lookup would require extrapolation into the future.  Requested time 1784077006.322196 but the latest data is at time 1784077006.295575, when looking up transform from frame [base_footprint] to frame [odom])
[INFO] [1784077006.322394817] [amcl]: Setting pose (1784077006.322392): 1.835 28.195 -0.538
[INFO] [1784077692.600561354] [rclcpp]: signal_handler(SIGINT/SIGTERM)
[INFO] [1784077692.600735910] [amcl]: Running Nav2 LifecycleNode rcl preshutdown (amcl)
[INFO] [1784077692.601017134] [amcl]: Deactivating
[INFO] [1784077692.601070079] [amcl]: Destroying bond (amcl) to lifecycle manager.
[INFO] [1784077692.611939330] [amcl]: Cleaning up
[INFO] [1784077692.699561624] [amcl]: Destroying bond (amcl) to lifecycle manager.
