[INFO] [1784080103.325542149] [amcl]: 
	amcl lifecycle node launched. 
	Waiting on external lifecycle transitions to activate
	See https://design.ros2.org/articles/node_lifecycle.html for more information.
[INFO] [1784080103.327644124] [amcl]: Creating
[INFO] [1784080103.511951730] [amcl]: Configuring
[INFO] [1784080103.512076046] [amcl]: initTransforms
[INFO] [1784080103.530364368] [amcl]: initPubSub
[INFO] [1784080103.555144431] [amcl]: Subscribed to map topic.
[INFO] [1784080103.568734820] [amcl]: Received a 338 X 656 map @ 0.050 m/pix
[INFO] [1784080103.678773981] [amcl]: Activating
[INFO] [1784080103.678843296] [amcl]: Creating bond (amcl) to lifecycle manager.
[INFO] [1784080103.700826380] [amcl]: createLaserObject
[INFO] [1784080105.600448050] [amcl]: Message Filter dropping message: frame 'laser' at time 1784080103.502 for reason 'the timestamp on the message is earlier than all the data in the transform cache'
[WARN] [1784080105.602644785] [amcl]: AMCL cannot publish a pose or update the transform. Please set the initial pose...
[WARN] [1784080107.697015008] [amcl]: AMCL cannot publish a pose or update the transform. Please set the initial pose...
[WARN] [1784080109.794049560] [amcl]: AMCL cannot publish a pose or update the transform. Please set the initial pose...
[INFO] [1784080111.631912743] [amcl]: initialPoseReceived
[WARN] [1784080111.632085355] [amcl]: Failed to transform initial pose in time (Lookup would require extrapolation into the future.  Requested time 1784080111.631990 but the latest data is at time 1784080111.599199, when looking up transform from frame [base_footprint] to frame [odom])
[INFO] [1784080111.632117855] [amcl]: Setting pose (1784080111.632116): 6.443 -6.474 -1.362
[WARN] [1784080582.965226120] []: TF_OLD_DATA ignoring data from the past for frame front_left_wheel at time 1784080566.094539 according to authority Authority undetectable
Possible reasons are listed at http://wiki.ros.org/tf/Errors%20explained
[WARN] [1784080582.965278362] []: TF_OLD_DATA ignoring data from the past for frame front_right_wheel at time 1784080566.094539 according to authority Authority undetectable
Possible reasons are listed at http://wiki.ros.org/tf/Errors%20explained
[WARN] [1784080582.965288880] []: TF_OLD_DATA ignoring data from the past for frame rear_left_wheel at time 1784080566.094539 according to authority Authority undetectable
Possible reasons are listed at http://wiki.ros.org/tf/Errors%20explained
[WARN] [1784080582.965298621] []: TF_OLD_DATA ignoring data from the past for frame rear_right_wheel at time 1784080566.094539 according to authority Authority undetectable
Possible reasons are listed at http://wiki.ros.org/tf/Errors%20explained
[WARN] [1784080582.965794105] []: TF_OLD_DATA ignoring data from the past for frame front_left_wheel at time 1784080566.194515 according to authority Authority undetectable
Possible reasons are listed at http://wiki.ros.org/tf/Errors%20explained
[WARN] [1784080582.965817883] []: TF_OLD_DATA ignoring data from the past for frame front_right_wheel at time 1784080566.194515 according to authority Authority undetectable
Possible reasons are listed at http://wiki.ros.org/tf/Errors%20explained
[WARN] [1784080582.965826198] []: TF_OLD_DATA ignoring data from the past for frame rear_left_wheel at time 1784080566.194515 according to authority Authority undetectable
Possible reasons are listed at http://wiki.ros.org/tf/Errors%20explained
[WARN] [1784080582.965833661] []: TF_OLD_DATA ignoring data from the past for frame rear_right_wheel at time 1784080566.194515 according to authority Authority undetectable
Possible reasons are listed at http://wiki.ros.org/tf/Errors%20explained
[WARN] [1784080582.966475831] []: TF_OLD_DATA ignoring data from the past for frame front_left_wheel at time 1784080566.394508 according to authority Authority undetectable
Possible reasons are listed at http://wiki.ros.org/tf/Errors%20explained
[WARN] [1784080582.966506442] []: TF_OLD_DATA ignoring data from the past for frame front_right_wheel at time 1784080566.394508 according to authority Authority undetectable
Possible reasons are listed at http://wiki.ros.org/tf/Errors%20explained
[WARN] [1784080582.966517090] []: TF_OLD_DATA ignoring data from the past for frame rear_left_wheel at time 1784080566.394508 according to authority Authority undetectable
Possible reasons are listed at http://wiki.ros.org/tf/Errors%20explained
[WARN] [1784080582.966525331] []: TF_OLD_DATA ignoring data from the past for frame rear_right_wheel at time 1784080566.394508 according to authority Authority undetectable
Possible reasons are listed at http://wiki.ros.org/tf/Errors%20explained
[WARN] [1784080582.966584517] []: TF_OLD_DATA ignoring data from the past for frame front_left_wheel at time 1784080567.094499 according to authority Authority undetectable
Possible reasons are listed at http://wiki.ros.org/tf/Errors%20explained
[WARN] [1784080582.966599906] []: TF_OLD_DATA ignoring data from the past for frame front_right_wheel at time 1784080567.094499 according to authority Authority undetectable
Possible reasons are listed at http://wiki.ros.org/tf/Errors%20explained
[WARN] [1784080582.966608795] []: TF_OLD_DATA ignoring data from the past for frame rear_left_wheel at time 1784080567.094499 according to authority Authority undetectable
Possible reasons are listed at http://wiki.ros.org/tf/Errors%20explained
[WARN] [1784080582.966616350] []: TF_OLD_DATA ignoring data from the past for frame rear_right_wheel at time 1784080567.094499 according to authority Authority undetectable
Possible reasons are listed at http://wiki.ros.org/tf/Errors%20explained
[WARN] [1784080582.967895450] []: TF_OLD_DATA ignoring data from the past for frame front_left_wheel at time 1784080569.394493 according to authority Authority undetectable
Possible reasons are listed at http://wiki.ros.org/tf/Errors%20explained
[WARN] [1784080582.968185359] []: TF_OLD_DATA ignoring data from the past for frame front_right_wheel at time 1784080569.394493 according to authority Authority undetectable
Possible reasons are listed at http://wiki.ros.org/tf/Errors%20explained
[WARN] [1784080582.968208415] []: TF_OLD_DATA ignoring data from the past for frame rear_left_wheel at time 1784080569.394493 according to authority Authority undetectable
Possible reasons are listed at http://wiki.ros.org/tf/Errors%20explained
[WARN] [1784080582.968218007] []: TF_OLD_DATA ignoring data from the past for frame rear_right_wheel at time 1784080569.394493 according to authority Authority undetectable
Possible reasons are listed at http://wiki.ros.org/tf/Errors%20explained
[WARN] [1784080582.968285452] []: TF_OLD_DATA ignoring data from the past for frame front_left_wheel at time 1784080569.494496 according to authority Authority undetectable
Possible reasons are listed at http://wiki.ros.org/tf/Errors%20explained
[WARN] [1784080582.968300897] []: TF_OLD_DATA ignoring data from the past for frame front_right_wheel at time 1784080569.494496 according to authority Authority undetectable
Possible reasons are listed at http://wiki.ros.org/tf/Errors%20explained
[WARN] [1784080582.968326952] []: TF_OLD_DATA ignoring data from the past for frame rear_left_wheel at time 1784080569.494496 according to authority Authority undetectable
Possible reasons are listed at http://wiki.ros.org/tf/Errors%20explained
[WARN] [1784080582.968335749] []: TF_OLD_DATA ignoring data from the past for frame rear_right_wheel at time 1784080569.494496 according to authority Authority undetectable
Possible reasons are listed at http://wiki.ros.org/tf/Errors%20explained
[WARN] [1784080582.969215827] []: TF_OLD_DATA ignoring data from the past for frame front_left_wheel at time 1784080571.294495 according to authority Authority undetectable
Possible reasons are listed at http://wiki.ros.org/tf/Errors%20explained
[WARN] [1784080582.969251142] []: TF_OLD_DATA ignoring data from the past for frame front_right_wheel at time 1784080571.294495 according to authority Authority undetectable
Possible reasons are listed at http://wiki.ros.org/tf/Errors%20explained
[WARN] [1784080582.969261568] []: TF_OLD_DATA ignoring data from the past for frame rear_left_wheel at time 1784080571.294495 according to authority Authority undetectable
Possible reasons are listed at http://wiki.ros.org/tf/Errors%20explained
[WARN] [1784080582.969271754] []: TF_OLD_DATA ignoring data from the past for frame rear_right_wheel at time 1784080571.294495 according to authority Authority undetectable
Possible reasons are listed at http://wiki.ros.org/tf/Errors%20explained
[WARN] [1784080582.969332476] []: TF_OLD_DATA ignoring data from the past for frame front_left_wheel at time 1784080571.394519 according to authority Authority undetectable
Possible reasons are listed at http://wiki.ros.org/tf/Errors%20explained
[WARN] [1784080582.969351569] []: TF_OLD_DATA ignoring data from the past for frame front_right_wheel at time 1784080571.394519 according to authority Authority undetectable
Possible reasons are listed at http://wiki.ros.org/tf/Errors%20explained
[WARN] [1784080582.969361680] []: TF_OLD_DATA ignoring data from the past for frame rear_left_wheel at time 1784080571.394519 according to authority Authority undetectable
Possible reasons are listed at http://wiki.ros.org/tf/Errors%20explained
[WARN] [1784080582.969370476] []: TF_OLD_DATA ignoring data from the past for frame rear_right_wheel at time 1784080571.394519 according to authority Authority undetectable
Possible reasons are listed at http://wiki.ros.org/tf/Errors%20explained
[WARN] [1784080582.970002406] []: TF_OLD_DATA ignoring data from the past for frame front_left_wheel at time 1784080571.494732 according to authority Authority undetectable
Possible reasons are listed at http://wiki.ros.org/tf/Errors%20explained
[WARN] [1784080582.970038443] []: TF_OLD_DATA ignoring data from the past for frame front_right_wheel at time 1784080571.494732 according to authority Authority undetectable
Possible reasons are listed at http://wiki.ros.org/tf/Errors%20explained
[WARN] [1784080582.970099332] []: TF_OLD_DATA ignoring data from the past for frame rear_left_wheel at time 1784080571.494732 according to authority Authority undetectable
Possible reasons are listed at http://wiki.ros.org/tf/Errors%20explained
[WARN] [1784080582.970121869] []: TF_OLD_DATA ignoring data from the past for frame rear_right_wheel at time 1784080571.494732 according to authority Authority undetectable
Possible reasons are listed at http://wiki.ros.org/tf/Errors%20explained
[WARN] [1784080582.970883355] []: TF_OLD_DATA ignoring data from the past for frame front_left_wheel at time 1784080571.594479 according to authority Authority undetectable
Possible reasons are listed at http://wiki.ros.org/tf/Errors%20explained
[WARN] [1784080582.970916355] []: TF_OLD_DATA ignoring data from the past for frame front_right_wheel at time 1784080571.594479 according to authority Authority undetectable
Possible reasons are listed at http://wiki.ros.org/tf/Errors%20explained
[WARN] [1784080582.970925689] []: TF_OLD_DATA ignoring data from the past for frame rear_left_wheel at time 1784080571.594479 according to authority Authority undetectable
Possible reasons are listed at http://wiki.ros.org/tf/Errors%20explained
[WARN] [1784080582.970933226] []: TF_OLD_DATA ignoring data from the past for frame rear_right_wheel at time 1784080571.594479 according to authority Authority undetectable
Possible reasons are listed at http://wiki.ros.org/tf/Errors%20explained
[WARN] [1784080582.971252505] []: TF_OLD_DATA ignoring data from the past for frame front_left_wheel at time 1784080572.894489 according to authority Authority undetectable
Possible reasons are listed at http://wiki.ros.org/tf/Errors%20explained
[WARN] [1784080582.971279876] []: TF_OLD_DATA ignoring data from the past for frame front_right_wheel at time 1784080572.894489 according to authority Authority undetectable
Possible reasons are listed at http://wiki.ros.org/tf/Errors%20explained
[WARN] [1784080582.971289135] []: TF_OLD_DATA ignoring data from the past for frame rear_left_wheel at time 1784080572.894489 according to authority Authority undetectable
Possible reasons are listed at http://wiki.ros.org/tf/Errors%20explained
[WARN] [1784080582.971314654] []: TF_OLD_DATA ignoring data from the past for frame rear_right_wheel at time 1784080572.894489 according to authority Authority undetectable
Possible reasons are listed at http://wiki.ros.org/tf/Errors%20explained
[INFO] [1784080611.183815536] [rclcpp]: signal_handler(SIGINT/SIGTERM)
[INFO] [1784080611.183940055] [amcl]: Running Nav2 LifecycleNode rcl preshutdown (amcl)
[INFO] [1784080611.184066741] [amcl]: Deactivating
[INFO] [1784080611.184113037] [amcl]: Destroying bond (amcl) to lifecycle manager.
[INFO] [1784080611.197892594] [amcl]: Cleaning up
[INFO] [1784080611.236885418] [amcl]: Destroying bond (amcl) to lifecycle manager.
