[INFO] [1784061989.495216927] [amcl]: 
	amcl lifecycle node launched. 
	Waiting on external lifecycle transitions to activate
	See https://design.ros2.org/articles/node_lifecycle.html for more information.
[INFO] [1784061989.496471638] [amcl]: Creating
[INFO] [1784061989.962713141] [amcl]: Configuring
[INFO] [1784061989.962862198] [amcl]: initTransforms
[INFO] [1784061989.981687121] [amcl]: initPubSub
[INFO] [1784061989.998574941] [amcl]: Subscribed to map topic.
[INFO] [1784061990.015600539] [amcl]: Received a 514 X 677 map @ 0.050 m/pix
[INFO] [1784061990.135558675] [amcl]: Activating
[INFO] [1784061990.135648546] [amcl]: Creating bond (amcl) to lifecycle manager.
[INFO] [1784061991.125976980] [amcl]: Message Filter dropping message: frame 'laser' at time 1784061989.931 for reason 'discarding message because the queue is full'
[INFO] [1784061991.605140484] [amcl]: createLaserObject
[WARN] [1784061992.033477973] [amcl]: AMCL cannot publish a pose or update the transform. Please set the initial pose...
[WARN] [1784061994.130598272] [amcl]: AMCL cannot publish a pose or update the transform. Please set the initial pose...
[WARN] [1784061996.226766713] [amcl]: AMCL cannot publish a pose or update the transform. Please set the initial pose...
[WARN] [1784061998.325653244] [amcl]: AMCL cannot publish a pose or update the transform. Please set the initial pose...
[WARN] [1784062000.421979872] [amcl]: AMCL cannot publish a pose or update the transform. Please set the initial pose...
[WARN] [1784062002.520198547] [amcl]: AMCL cannot publish a pose or update the transform. Please set the initial pose...
[WARN] [1784062004.618315426] [amcl]: AMCL cannot publish a pose or update the transform. Please set the initial pose...
[INFO] [1784062005.083118403] [amcl]: initialPoseReceived
[WARN] [1784062005.083288570] [amcl]: Failed to transform initial pose in time (Lookup would require extrapolation into the future.  Requested time 1784062005.083197 but the latest data is at time 1784062005.077331, when looking up transform from frame [base_footprint] to frame [odom])
[INFO] [1784062005.083362904] [amcl]: Setting pose (1784062005.083361): -11.417 -43.160 -2.978
[INFO] [1784062016.647740860] [amcl]: initialPoseReceived
[WARN] [1784062016.647891842] [amcl]: Failed to transform initial pose in time (Lookup would require extrapolation into the future.  Requested time 1784062016.647820 but the latest data is at time 1784062016.643956, when looking up transform from frame [base_footprint] to frame [odom])
[INFO] [1784062016.647921306] [amcl]: Setting pose (1784062016.647919): -11.021 -43.120 -2.947
[INFO] [1784062027.996457331] [amcl]: initialPoseReceived
[WARN] [1784062027.996602277] [amcl]: Failed to transform initial pose in time (Lookup would require extrapolation into the future.  Requested time 1784062027.996533 but the latest data is at time 1784062027.977266, when looking up transform from frame [base_footprint] to frame [odom])
[INFO] [1784062027.996630925] [amcl]: Setting pose (1784062027.996630): -12.137 -43.322 0.216
[INFO] [1784062037.763357624] [amcl]: initialPoseReceived
[WARN] [1784062037.763504273] [amcl]: Failed to transform initial pose in time (Lookup would require extrapolation into the future.  Requested time 1784062037.763427 but the latest data is at time 1784062037.743989, when looking up transform from frame [base_footprint] to frame [odom])
[INFO] [1784062037.763534996] [amcl]: Setting pose (1784062037.763533): -11.802 -43.334 0.236
[INFO] [1784062191.638181733] [rclcpp]: signal_handler(SIGINT/SIGTERM)
[INFO] [1784062191.638427124] [amcl]: Running Nav2 LifecycleNode rcl preshutdown (amcl)
[INFO] [1784062191.638623847] [amcl]: Deactivating
[INFO] [1784062191.638698107] [amcl]: Destroying bond (amcl) to lifecycle manager.
[INFO] [1784062191.651603255] [amcl]: Cleaning up
[INFO] [1784062191.766655049] [amcl]: Destroying bond (amcl) to lifecycle manager.
