[INFO] [1786029700.130994097] [amcl]: 
	amcl lifecycle node launched. 
	Waiting on external lifecycle transitions to activate
	See https://design.ros2.org/articles/node_lifecycle.html for more information.
[INFO] [1786029700.132321179] [amcl]: Creating
[INFO] [1786029700.290955833] [amcl]: Configuring
[INFO] [1786029700.291666355] [amcl]: initTransforms
[INFO] [1786029700.310570422] [amcl]: initPubSub
[INFO] [1786029700.330035326] [amcl]: Subscribed to map topic.
[INFO] [1786029700.463709860] [amcl]: Activating
[INFO] [1786029700.463776213] [amcl]: Creating bond (amcl) to lifecycle manager.
[INFO] [1786029700.690021740] [amcl]: Received a 1552 X 2299 map @ 0.050 m/pix
[INFO] [1786029701.331891265] [amcl]: Message Filter dropping message: frame 'laser' at time 1786029700.330 for reason 'discarding message because the queue is full'
[INFO] [1786029702.243592892] [amcl]: createLaserObject
[WARN] [1786029702.662575038] [amcl]: AMCL cannot publish a pose or update the transform. Please set the initial pose...
[WARN] [1786029704.739425542] [amcl]: AMCL cannot publish a pose or update the transform. Please set the initial pose...
[INFO] [1786029704.961320471] [amcl]: initialPoseReceived
[WARN] [1786029704.961519583] [amcl]: Failed to transform initial pose in time (Lookup would require extrapolation into the future.  Requested time 1786029704.961395 but the latest data is at time 1786029704.938498, when looking up transform from frame [base_footprint] to frame [odom])
[INFO] [1786029704.961576399] [amcl]: Setting pose (1786029704.961558): 24.355 -44.681 -1.010
[INFO] [1786029834.240568045] [amcl]: Message Filter dropping message: frame 'laser' at time 1786029832.236 for reason 'the timestamp on the message is earlier than all the data in the transform cache'
