[INFO] [1783132773.668166651] [amcl]: 
	amcl lifecycle node launched. 
	Waiting on external lifecycle transitions to activate
	See https://design.ros2.org/articles/node_lifecycle.html for more information.
[INFO] [1783132773.669375954] [amcl]: Creating
[INFO] [1783132774.977592954] [amcl]: Configuring
[INFO] [1783132774.977862233] [amcl]: initTransforms
[INFO] [1783132775.000074988] [amcl]: initPubSub
[INFO] [1783132775.021228033] [amcl]: Subscribed to map topic.
[INFO] [1783132775.412706720] [amcl]: Activating
[INFO] [1783132775.412780553] [amcl]: Creating bond (amcl) to lifecycle manager.
[INFO] [1783132775.466778228] [amcl]: Received a 537 X 439 map @ 0.050 m/pix
[INFO] [1783132776.535121932] [amcl]: createLaserObject
[WARN] [1783132777.034728339] [amcl]: AMCL cannot publish a pose or update the transform. Please set the initial pose...
[WARN] [1783132779.134914392] [amcl]: AMCL cannot publish a pose or update the transform. Please set the initial pose...
[WARN] [1783132781.232997322] [amcl]: AMCL cannot publish a pose or update the transform. Please set the initial pose...
[WARN] [1783132783.330150025] [amcl]: AMCL cannot publish a pose or update the transform. Please set the initial pose...
[WARN] [1783132785.428247604] [amcl]: AMCL cannot publish a pose or update the transform. Please set the initial pose...
[WARN] [1783132787.526488424] [amcl]: AMCL cannot publish a pose or update the transform. Please set the initial pose...
[INFO] [1783132788.106653378] [amcl]: initialPoseReceived
[WARN] [1783132788.106867582] [amcl]: Failed to transform initial pose in time (Lookup would require extrapolation into the future.  Requested time 1783132788.106726 but the latest data is at time 1783132788.103887, when looking up transform from frame [base_footprint] to frame [odom])
[INFO] [1783132788.106903898] [amcl]: Setting pose (1783132788.106902): 3.004 6.041 -2.103
[INFO] [1783132810.866042923] [amcl]: initialPoseReceived
[WARN] [1783132810.866208646] [amcl]: Failed to transform initial pose in time (Lookup would require extrapolation into the future.  Requested time 1783132810.866128 but the latest data is at time 1783132810.837219, when looking up transform from frame [base_footprint] to frame [odom])
[INFO] [1783132810.866241480] [amcl]: Setting pose (1783132810.866240): 3.155 6.138 -2.064
[INFO] [1783132858.317039714] [amcl]: initialPoseReceived
[WARN] [1783132858.317193881] [amcl]: Failed to transform initial pose in time (Lookup would require extrapolation into the future.  Requested time 1783132858.317123 but the latest data is at time 1783132858.303805, when looking up transform from frame [base_footprint] to frame [odom])
[INFO] [1783132858.317221493] [amcl]: Setting pose (1783132858.317220): 3.302 6.368 -2.148
[INFO] [1783132870.859519815] [amcl]: initialPoseReceived
[WARN] [1783132870.859652778] [amcl]: Failed to transform initial pose in time (Lookup would require extrapolation into the future.  Requested time 1783132870.859587 but the latest data is at time 1783132870.837219, when looking up transform from frame [base_footprint] to frame [odom])
[INFO] [1783132870.859680001] [amcl]: Setting pose (1783132870.859679): 2.858 5.613 -2.131
[INFO] [1783133236.027490457] [amcl]: initialPoseReceived
[WARN] [1783133236.027658495] [amcl]: Failed to transform initial pose in time (Lookup would require extrapolation into the future.  Requested time 1783133236.027582 but the latest data is at time 1783133236.003974, when looking up transform from frame [base_footprint] to frame [odom])
[INFO] [1783133236.027692958] [amcl]: Setting pose (1783133236.027692): 0.805 1.968 1.080
[INFO] [1783133577.407589920] [amcl]: initialPoseReceived
[WARN] [1783133577.408044552] [amcl]: Failed to transform initial pose in time (Lookup would require extrapolation into the future.  Requested time 1783133577.407962 but the latest data is at time 1783133577.403956, when looking up transform from frame [base_footprint] to frame [odom])
[INFO] [1783133577.408084219] [amcl]: Setting pose (1783133577.408082): 1.908 4.142 -2.082
[INFO] [1783134303.203244986] [rclcpp]: signal_handler(SIGINT/SIGTERM)
[INFO] [1783134303.203818230] [amcl]: Running Nav2 LifecycleNode rcl preshutdown (amcl)
[INFO] [1783134303.203932397] [amcl]: Deactivating
[INFO] [1783134303.203976046] [amcl]: Destroying bond (amcl) to lifecycle manager.
[INFO] [1783134303.214909107] [amcl]: Cleaning up
[INFO] [1783134303.306595639] [amcl]: Destroying bond (amcl) to lifecycle manager.
