[INFO] [1775786077.205051315] [behavior_server]: 
	behavior_server lifecycle node launched. 
	Waiting on external lifecycle transitions to activate
	See https://design.ros2.org/articles/node_lifecycle.html for more information.
[INFO] [1775786081.030462744] [behavior_server]: Configuring
[INFO] [1775786081.100625429] [behavior_server]: Creating behavior plugin spin of type nav2_behaviors::Spin
[INFO] [1775786081.104899248] [behavior_server]: Creating behavior plugin backup of type nav2_behaviors::BackUp
[INFO] [1775786081.110808520] [behavior_server]: Creating behavior plugin drive_on_heading of type nav2_behaviors::DriveOnHeading
[INFO] [1775786081.117399444] [behavior_server]: Creating behavior plugin assisted_teleop of type nav2_behaviors::AssistedTeleop
[INFO] [1775786081.123952886] [behavior_server]: Creating behavior plugin wait of type nav2_behaviors::Wait
[INFO] [1775786081.146493097] [behavior_server]: Configuring spin
[INFO] [1775786081.188459504] [behavior_server]: Configuring backup
[INFO] [1775786081.223997025] [behavior_server]: Configuring drive_on_heading
[INFO] [1775786081.252915419] [behavior_server]: Configuring assisted_teleop
[INFO] [1775786081.298807809] [behavior_server]: Configuring wait
[INFO] [1775786083.951905361] [behavior_server]: Activating
[INFO] [1775786083.951954565] [behavior_server]: Activating spin
[INFO] [1775786083.951978157] [behavior_server]: Activating backup
[INFO] [1775786083.951996398] [behavior_server]: Activating drive_on_heading
[INFO] [1775786083.952014861] [behavior_server]: Activating assisted_teleop
[INFO] [1775786083.952032954] [behavior_server]: Activating wait
[INFO] [1775786083.952058158] [behavior_server]: Creating bond (behavior_server) to lifecycle manager.
[INFO] [1775786314.721295820] [behavior_server]: Running spin
[INFO] [1775786314.721589525] [behavior_server]: Turning 1.57 for spin behavior.
[WARN] [1775786324.721788033] [behavior_server]: Exceeded time allowance before reaching the Spin goal - Exiting Spin
[WARN] [1775786324.721848811] [behavior_server]: spin failed
[WARN] [1775786324.721875459] [behavior_server]: [spin] [ActionServer] Aborting handle.
[INFO] [1775786324.733099928] [behavior_server]: Running wait
[INFO] [1775786329.733702314] [behavior_server]: wait completed successfully
[INFO] [1775786359.882969685] [behavior_server]: Running backup
[WARN] [1775786369.884185475] [behavior_server]: Exceeded time allowance before reaching the DriveOnHeading goal - Exiting DriveOnHeading
[WARN] [1775786369.884258513] [behavior_server]: backup failed
[WARN] [1775786369.884288457] [behavior_server]: [backup] [ActionServer] Aborting handle.
[INFO] [1775786384.695640760] [behavior_server]: Running spin
[INFO] [1775786384.695785391] [behavior_server]: Turning 1.57 for spin behavior.
[INFO] [1775786388.896038332] [behavior_server]: spin completed successfully
[INFO] [1775786476.688039161] [behavior_server]: Running spin
[INFO] [1775786476.688157032] [behavior_server]: Turning 1.57 for spin behavior.
[INFO] [1775786483.188403868] [behavior_server]: spin completed successfully
[INFO] [1775786498.687469483] [behavior_server]: Running spin
[INFO] [1775786498.687622299] [behavior_server]: Turning 1.57 for spin behavior.
[INFO] [1775786501.588018288] [behavior_server]: spin completed successfully
[INFO] [1775786823.683010827] [behavior_server]: Running spin
[INFO] [1775786823.683146068] [behavior_server]: Turning 1.57 for spin behavior.
[WARN] [1775786826.883506260] [behavior_server]: Collision Ahead - Exiting Spin
[WARN] [1775786826.883580594] [behavior_server]: spin failed
[WARN] [1775786826.883600001] [behavior_server]: [spin] [ActionServer] Aborting handle.
[INFO] [1775786826.902573554] [behavior_server]: Running wait
[INFO] [1775786831.902848671] [behavior_server]: wait completed successfully
[INFO] [1775787247.687309622] [behavior_server]: Running spin
[INFO] [1775787247.687481456] [behavior_server]: Turning 1.57 for spin behavior.
[INFO] [1775787252.887736822] [behavior_server]: spin completed successfully
[INFO] [1775787253.687609034] [behavior_server]: Running wait
[INFO] [1775787258.687853245] [behavior_server]: wait completed successfully
[INFO] [1775787266.713692823] [behavior_server]: Running backup
[INFO] [1775787267.614825101] [behavior_server]: backup completed successfully
[INFO] [1775787273.702936129] [behavior_server]: Running spin
[INFO] [1775787273.703075649] [behavior_server]: Turning 1.57 for spin behavior.
[INFO] [1775787277.103315693] [behavior_server]: spin completed successfully
[INFO] [1775787466.716731573] [behavior_server]: Running spin
[INFO] [1775787466.716889759] [behavior_server]: Turning 1.57 for spin behavior.
[WARN] [1775787472.917222616] [behavior_server]: Collision Ahead - Exiting Spin
[WARN] [1775787472.917285635] [behavior_server]: spin failed
[WARN] [1775787472.917308764] [behavior_server]: [spin] [ActionServer] Aborting handle.
[INFO] [1775787472.928795844] [behavior_server]: Running wait
[INFO] [1775787477.929031984] [behavior_server]: wait completed successfully
[INFO] [1775787478.688621937] [behavior_server]: Running backup
[INFO] [1775787480.788977470] [behavior_server]: backup completed successfully
[INFO] [1775787522.908557676] [behavior_server]: Running spin
[INFO] [1775787522.908698639] [behavior_server]: Turning 1.57 for spin behavior.
[WARN] [1775787532.908899880] [behavior_server]: Exceeded time allowance before reaching the Spin goal - Exiting Spin
[WARN] [1775787532.908965232] [behavior_server]: spin failed
[WARN] [1775787532.908988047] [behavior_server]: [spin] [ActionServer] Aborting handle.
[INFO] [1775787532.928867579] [behavior_server]: Running wait
[INFO] [1775787537.929110960] [behavior_server]: wait completed successfully
[INFO] [1775787651.685131253] [behavior_server]: Running spin
[INFO] [1775787651.685280050] [behavior_server]: Turning 1.57 for spin behavior.
[WARN] [1775787661.685455473] [behavior_server]: Exceeded time allowance before reaching the Spin goal - Exiting Spin
[WARN] [1775787661.685544863] [behavior_server]: spin failed
[WARN] [1775787661.685569122] [behavior_server]: [spin] [ActionServer] Aborting handle.
[INFO] [1775787661.704770151] [behavior_server]: Running wait
[INFO] [1775787666.705010855] [behavior_server]: wait completed successfully
[INFO] [1775787667.684961269] [behavior_server]: Running backup
[WARN] [1775787677.685242137] [behavior_server]: Exceeded time allowance before reaching the DriveOnHeading goal - Exiting DriveOnHeading
[WARN] [1775787677.685302378] [behavior_server]: backup failed
[WARN] [1775787677.685324045] [behavior_server]: [backup] [ActionServer] Aborting handle.
[INFO] [1775787679.684990994] [behavior_server]: Running spin
[INFO] [1775787679.685125791] [behavior_server]: Turning 1.57 for spin behavior.
[WARN] [1775787689.685293937] [behavior_server]: Exceeded time allowance before reaching the Spin goal - Exiting Spin
[WARN] [1775787689.685355196] [behavior_server]: spin failed
[WARN] [1775787689.685377456] [behavior_server]: [spin] [ActionServer] Aborting handle.
[INFO] [1775787689.704870672] [behavior_server]: Running wait
[INFO] [1775787694.705134764] [behavior_server]: wait completed successfully
[INFO] [1775787695.684862084] [behavior_server]: Running backup
[WARN] [1775787705.687470151] [behavior_server]: Exceeded time allowance before reaching the DriveOnHeading goal - Exiting DriveOnHeading
[WARN] [1775787705.687554003] [behavior_server]: backup failed
[WARN] [1775787705.687577781] [behavior_server]: [backup] [ActionServer] Aborting handle.
[INFO] [1775787707.684912329] [behavior_server]: Running spin
[INFO] [1775787707.685063959] [behavior_server]: Turning 1.57 for spin behavior.
[INFO] [1775787713.218308823] [rclcpp]: signal_handler(SIGINT/SIGTERM)
[INFO] [1775787713.218438046] [behavior_server]: Running Nav2 LifecycleNode rcl preshutdown (behavior_server)
[INFO] [1775787713.218560547] [behavior_server]: Deactivating
[WARN] [1775787713.218595677] [behavior_server]: [spin] [ActionServer] Requested to deactivate server but goal is still executing. Should check if action server is running before deactivating.
[INFO] [1775787713.290699823] [behavior_server]: Canceling spin
[WARN] [1775787713.290803120] [LifecyclePublisher]: Trying to publish message on the topic '/cmd_vel_nav', but the publisher is not activated
[INFO] [1775787713.290817731] [behavior_server]: [spin] [ActionServer] Client requested to cancel the goal. Cancelling.
[WARN] [1775787713.291695069] [behavior_server]: [spin] [ActionServer] Stopping the thread per request.
[INFO] [1775787713.299037794] [behavior_server]: Destroying bond (behavior_server) to lifecycle manager.
[INFO] [1775787713.378568814] [behavior_server]: Cleaning up
[INFO] [1775787713.584183011] [behavior_server]: Destroying bond (behavior_server) to lifecycle manager.
