[INFO] [1784081256.136833361] [behavior_server]: 
	behavior_server lifecycle node launched. 
	Waiting on external lifecycle transitions to activate
	See https://design.ros2.org/articles/node_lifecycle.html for more information.
[INFO] [1784081260.621552029] [behavior_server]: Configuring
[INFO] [1784081260.669810144] [behavior_server]: Creating behavior plugin spin of type nav2_behaviors::Spin
[INFO] [1784081260.677408389] [behavior_server]: Creating behavior plugin backup of type nav2_behaviors::BackUp
[INFO] [1784081260.681436004] [behavior_server]: Creating behavior plugin drive_on_heading of type nav2_behaviors::DriveOnHeading
[INFO] [1784081260.683634460] [behavior_server]: Creating behavior plugin assisted_teleop of type nav2_behaviors::AssistedTeleop
[INFO] [1784081260.690492535] [behavior_server]: Creating behavior plugin wait of type nav2_behaviors::Wait
[INFO] [1784081260.734659924] [behavior_server]: Configuring spin
[INFO] [1784081260.894722983] [behavior_server]: Configuring backup
[INFO] [1784081260.968595793] [behavior_server]: Configuring drive_on_heading
[INFO] [1784081261.012846591] [behavior_server]: Configuring assisted_teleop
[INFO] [1784081261.071102686] [behavior_server]: Configuring wait
[INFO] [1784081264.987983161] [behavior_server]: Activating
[INFO] [1784081264.988028587] [behavior_server]: Activating spin
[INFO] [1784081264.988051532] [behavior_server]: Activating backup
[INFO] [1784081264.988070513] [behavior_server]: Activating drive_on_heading
[INFO] [1784081264.988089625] [behavior_server]: Activating assisted_teleop
[INFO] [1784081264.988106810] [behavior_server]: Activating wait
[INFO] [1784081264.988130680] [behavior_server]: Creating bond (behavior_server) to lifecycle manager.
[INFO] [1784081453.373052937] [behavior_server]: Running backup
[INFO] [1784081458.173807961] [behavior_server]: backup completed successfully
[INFO] [1784081521.873174038] [behavior_server]: Running backup
[WARN] [1784081524.673645421] [behavior_server]: Collision Ahead - Exiting DriveOnHeading
[WARN] [1784081524.673722977] [behavior_server]: backup failed
[WARN] [1784081524.673744718] [behavior_server]: [backup] [ActionServer] Aborting handle.
[INFO] [1784081524.675981690] [behavior_server]: Running spin
[INFO] [1784081524.676131524] [behavior_server]: Turning 1.57 for spin behavior.
[WARN] [1784081526.676535551] [behavior_server]: Collision Ahead - Exiting Spin
[WARN] [1784081526.676597533] [behavior_server]: spin failed
[WARN] [1784081526.676622126] [behavior_server]: [spin] [ActionServer] Aborting handle.
[INFO] [1784081526.697440507] [behavior_server]: Running wait
[INFO] [1784081531.698461830] [behavior_server]: wait completed successfully
