[INFO] [1786110905.838954504] [behavior_server]: 
	behavior_server lifecycle node launched. 
	Waiting on external lifecycle transitions to activate
	See https://design.ros2.org/articles/node_lifecycle.html for more information.
[INFO] [1786110908.860267396] [behavior_server]: Configuring
[INFO] [1786110908.882641167] [behavior_server]: Creating behavior plugin spin of type nav2_behaviors::Spin
[INFO] [1786110908.885300441] [behavior_server]: Creating behavior plugin backup of type nav2_behaviors::BackUp
[INFO] [1786110908.888751608] [behavior_server]: Creating behavior plugin drive_on_heading of type nav2_behaviors::DriveOnHeading
[INFO] [1786110908.891538290] [behavior_server]: Creating behavior plugin assisted_teleop of type nav2_behaviors::AssistedTeleop
[INFO] [1786110908.896507576] [behavior_server]: Creating behavior plugin wait of type nav2_behaviors::Wait
[INFO] [1786110908.919507425] [behavior_server]: Configuring spin
[INFO] [1786110908.960219666] [behavior_server]: Configuring backup
[INFO] [1786110908.989311492] [behavior_server]: Configuring drive_on_heading
[INFO] [1786110909.018092261] [behavior_server]: Configuring assisted_teleop
[INFO] [1786110909.058545890] [behavior_server]: Configuring wait
[INFO] [1786110910.777843795] [behavior_server]: Activating
[INFO] [1786110910.777891203] [behavior_server]: Activating spin
[INFO] [1786110910.777930481] [behavior_server]: Activating backup
[INFO] [1786110910.777951296] [behavior_server]: Activating drive_on_heading
[INFO] [1786110910.777971666] [behavior_server]: Activating assisted_teleop
[INFO] [1786110910.777988518] [behavior_server]: Activating wait
[INFO] [1786110910.778013703] [behavior_server]: Creating bond (behavior_server) to lifecycle manager.
[INFO] [1786111430.405831412] [behavior_server]: Running backup
[INFO] [1786111435.106482101] [behavior_server]: backup completed successfully
[INFO] [1786111456.234311677] [behavior_server]: Running backup
[WARN] [1786111456.234677568] [behavior_server]: Collision Ahead - Exiting DriveOnHeading
[WARN] [1786111456.234746013] [behavior_server]: backup failed
[WARN] [1786111456.234769513] [behavior_server]: [backup] [ActionServer] Aborting handle.
[INFO] [1786111456.248275642] [behavior_server]: Running spin
[INFO] [1786111456.248416180] [behavior_server]: Turning 1.57 for spin behavior.
[INFO] [1786111459.448712017] [behavior_server]: spin completed successfully
[INFO] [1786111739.641555277] [rclcpp]: signal_handler(SIGINT/SIGTERM)
[INFO] [1786111739.641659611] [behavior_server]: Running Nav2 LifecycleNode rcl preshutdown (behavior_server)
[INFO] [1786111739.641813056] [behavior_server]: Deactivating
[INFO] [1786111739.641890075] [behavior_server]: Destroying bond (behavior_server) to lifecycle manager.
[INFO] [1786111739.654076901] [behavior_server]: Cleaning up
[INFO] [1786111739.676692858] [behavior_server]: Destroying bond (behavior_server) to lifecycle manager.
