[INFO] [1784065194.590607930] [behavior_server]: 
	behavior_server lifecycle node launched. 
	Waiting on external lifecycle transitions to activate
	See https://design.ros2.org/articles/node_lifecycle.html for more information.
[INFO] [1784065197.401366341] [behavior_server]: Configuring
[INFO] [1784065197.419410447] [behavior_server]: Creating behavior plugin spin of type nav2_behaviors::Spin
[INFO] [1784065197.421995333] [behavior_server]: Creating behavior plugin backup of type nav2_behaviors::BackUp
[INFO] [1784065197.424307309] [behavior_server]: Creating behavior plugin drive_on_heading of type nav2_behaviors::DriveOnHeading
[INFO] [1784065197.426920528] [behavior_server]: Creating behavior plugin assisted_teleop of type nav2_behaviors::AssistedTeleop
[INFO] [1784065197.432274078] [behavior_server]: Creating behavior plugin wait of type nav2_behaviors::Wait
[INFO] [1784065197.456273330] [behavior_server]: Configuring spin
[INFO] [1784065197.502066099] [behavior_server]: Configuring backup
[INFO] [1784065197.544984888] [behavior_server]: Configuring drive_on_heading
[INFO] [1784065197.582840481] [behavior_server]: Configuring assisted_teleop
[INFO] [1784065197.628674139] [behavior_server]: Configuring wait
[INFO] [1784065201.323760872] [behavior_server]: Activating
[INFO] [1784065201.323807872] [behavior_server]: Activating spin
[INFO] [1784065201.323831206] [behavior_server]: Activating backup
[INFO] [1784065201.323848243] [behavior_server]: Activating drive_on_heading
[INFO] [1784065201.323865613] [behavior_server]: Activating assisted_teleop
[INFO] [1784065201.323882206] [behavior_server]: Activating wait
[INFO] [1784065201.323906317] [behavior_server]: Creating bond (behavior_server) to lifecycle manager.
[INFO] [1784065299.208846299] [behavior_server]: Running spin
[INFO] [1784065299.209174578] [behavior_server]: Turning 1.57 for spin behavior.
[WARN] [1784065309.209405666] [behavior_server]: Exceeded time allowance before reaching the Spin goal - Exiting Spin
[WARN] [1784065309.209474537] [behavior_server]: spin failed
[WARN] [1784065309.209501518] [behavior_server]: [spin] [ActionServer] Aborting handle.
[INFO] [1784065309.230557920] [behavior_server]: Running wait
[INFO] [1784065314.231295208] [behavior_server]: wait completed successfully
[INFO] [1784065439.226390147] [behavior_server]: Running spin
[INFO] [1784065439.227284930] [behavior_server]: Turning 1.57 for spin behavior.
[WARN] [1784065449.227520518] [behavior_server]: Exceeded time allowance before reaching the Spin goal - Exiting Spin
[WARN] [1784065449.227586889] [behavior_server]: spin failed
[WARN] [1784065449.227607611] [behavior_server]: [spin] [ActionServer] Aborting handle.
[INFO] [1784065449.245253455] [behavior_server]: Running wait
[INFO] [1784065454.245467018] [behavior_server]: wait completed successfully
[INFO] [1784065494.433007150] [behavior_server]: Running backup
[INFO] [1784065497.033454863] [behavior_server]: backup completed successfully
[INFO] [1784065579.222934169] [behavior_server]: Running spin
[INFO] [1784065579.223094985] [behavior_server]: Turning 1.57 for spin behavior.
[WARN] [1784065589.223293674] [behavior_server]: Exceeded time allowance before reaching the Spin goal - Exiting Spin
[WARN] [1784065589.223368990] [behavior_server]: spin failed
[WARN] [1784065589.223395101] [behavior_server]: [spin] [ActionServer] Aborting handle.
[INFO] [1784065589.243751957] [behavior_server]: Running wait
[INFO] [1784065594.243998802] [behavior_server]: wait completed successfully
[INFO] [1784065623.853027065] [rclcpp]: signal_handler(SIGINT/SIGTERM)
[INFO] [1784065623.853112455] [behavior_server]: Running Nav2 LifecycleNode rcl preshutdown (behavior_server)
[INFO] [1784065623.853223881] [behavior_server]: Deactivating
[INFO] [1784065623.853291159] [behavior_server]: Destroying bond (behavior_server) to lifecycle manager.
[INFO] [1784065623.900169128] [behavior_server]: Cleaning up
[INFO] [1784065624.057087552] [behavior_server]: Destroying bond (behavior_server) to lifecycle manager.
