[INFO] [1786119803.673552488] [behavior_server]: 
	behavior_server lifecycle node launched. 
	Waiting on external lifecycle transitions to activate
	See https://design.ros2.org/articles/node_lifecycle.html for more information.
[INFO] [1786119805.928451767] [behavior_server]: Configuring
[INFO] [1786119805.954438773] [behavior_server]: Creating behavior plugin spin of type nav2_behaviors::Spin
[INFO] [1786119805.957093488] [behavior_server]: Creating behavior plugin backup of type nav2_behaviors::BackUp
[INFO] [1786119805.959685648] [behavior_server]: Creating behavior plugin drive_on_heading of type nav2_behaviors::DriveOnHeading
[INFO] [1786119805.962523976] [behavior_server]: Creating behavior plugin assisted_teleop of type nav2_behaviors::AssistedTeleop
[INFO] [1786119805.966040436] [behavior_server]: Creating behavior plugin wait of type nav2_behaviors::Wait
[INFO] [1786119805.983458181] [behavior_server]: Configuring spin
[INFO] [1786119806.012923387] [behavior_server]: Configuring backup
[INFO] [1786119806.042542168] [behavior_server]: Configuring drive_on_heading
[INFO] [1786119806.071100908] [behavior_server]: Configuring assisted_teleop
[INFO] [1786119806.101208173] [behavior_server]: Configuring wait
[INFO] [1786119808.220863196] [behavior_server]: Activating
[INFO] [1786119808.220917919] [behavior_server]: Activating spin
[INFO] [1786119808.220942937] [behavior_server]: Activating backup
[INFO] [1786119808.220961215] [behavior_server]: Activating drive_on_heading
[INFO] [1786119808.220980067] [behavior_server]: Activating assisted_teleop
[INFO] [1786119808.221000919] [behavior_server]: Activating wait
[INFO] [1786119808.221030086] [behavior_server]: Creating bond (behavior_server) to lifecycle manager.
