[INFO] [1783121141.981276374] [behavior_server]: 
	behavior_server lifecycle node launched. 
	Waiting on external lifecycle transitions to activate
	See https://design.ros2.org/articles/node_lifecycle.html for more information.
[INFO] [1783121145.353737986] [behavior_server]: Configuring
[INFO] [1783121145.388944810] [behavior_server]: Creating behavior plugin spin of type nav2_behaviors::Spin
[INFO] [1783121145.393614613] [behavior_server]: Creating behavior plugin backup of type nav2_behaviors::BackUp
[INFO] [1783121145.397577709] [behavior_server]: Creating behavior plugin drive_on_heading of type nav2_behaviors::DriveOnHeading
[INFO] [1783121145.401743399] [behavior_server]: Creating behavior plugin assisted_teleop of type nav2_behaviors::AssistedTeleop
[INFO] [1783121145.408233509] [behavior_server]: Creating behavior plugin wait of type nav2_behaviors::Wait
[INFO] [1783121145.442705902] [behavior_server]: Configuring spin
[INFO] [1783121145.489605012] [behavior_server]: Configuring backup
[INFO] [1783121145.526628142] [behavior_server]: Configuring drive_on_heading
[INFO] [1783121145.554669685] [behavior_server]: Configuring assisted_teleop
[INFO] [1783121145.602095891] [behavior_server]: Configuring wait
[INFO] [1783121149.344739097] [behavior_server]: Activating
[INFO] [1783121149.344788264] [behavior_server]: Activating spin
[INFO] [1783121149.344814450] [behavior_server]: Activating backup
[INFO] [1783121149.344837265] [behavior_server]: Activating drive_on_heading
[INFO] [1783121149.344857894] [behavior_server]: Activating assisted_teleop
[INFO] [1783121149.344877913] [behavior_server]: Activating wait
[INFO] [1783121149.344904932] [behavior_server]: Creating bond (behavior_server) to lifecycle manager.
[INFO] [1783121263.223585154] [behavior_server]: Running spin
[INFO] [1783121263.223906434] [behavior_server]: Turning 1.57 for spin behavior.
[INFO] [1783121265.924696161] [behavior_server]: spin completed successfully
[INFO] [1783121274.502018033] [behavior_server]: Running wait
[INFO] [1783121279.502487186] [behavior_server]: wait completed successfully
[INFO] [1783121319.682073432] [behavior_server]: Running backup
[WARN] [1783121319.683136697] [behavior_server]: Collision Ahead - Exiting DriveOnHeading
[WARN] [1783121319.684032646] [behavior_server]: backup failed
[WARN] [1783121319.684088350] [behavior_server]: [backup] [ActionServer] Aborting handle.
[INFO] [1783121361.233122070] [behavior_server]: Running spin
[INFO] [1783121361.233287534] [behavior_server]: Turning 1.57 for spin behavior.
[INFO] [1783121363.933577562] [behavior_server]: spin completed successfully
[INFO] [1783121366.191626324] [behavior_server]: Running wait
[INFO] [1783121371.191854775] [behavior_server]: wait completed successfully
[INFO] [1783121385.084940360] [rclcpp]: signal_handler(SIGINT/SIGTERM)
[INFO] [1783121385.085019194] [behavior_server]: Running Nav2 LifecycleNode rcl preshutdown (behavior_server)
[INFO] [1783121385.085133528] [behavior_server]: Deactivating
[INFO] [1783121385.085203917] [behavior_server]: Destroying bond (behavior_server) to lifecycle manager.
[INFO] [1783121385.185812631] [behavior_server]: Cleaning up
[INFO] [1783121385.591929472] [behavior_server]: Destroying bond (behavior_server) to lifecycle manager.
