[INFO] [1786131185.449907059] [behavior_server]: 
	behavior_server lifecycle node launched. 
	Waiting on external lifecycle transitions to activate
	See https://design.ros2.org/articles/node_lifecycle.html for more information.
[INFO] [1786131188.171973336] [behavior_server]: Configuring
[INFO] [1786131188.193483691] [behavior_server]: Creating behavior plugin spin of type nav2_behaviors::Spin
[INFO] [1786131188.195624758] [behavior_server]: Creating behavior plugin backup of type nav2_behaviors::BackUp
[INFO] [1786131188.198607756] [behavior_server]: Creating behavior plugin drive_on_heading of type nav2_behaviors::DriveOnHeading
[INFO] [1786131188.200454284] [behavior_server]: Creating behavior plugin assisted_teleop of type nav2_behaviors::AssistedTeleop
[INFO] [1786131188.204172711] [behavior_server]: Creating behavior plugin wait of type nav2_behaviors::Wait
[INFO] [1786131188.227547891] [behavior_server]: Configuring spin
[INFO] [1786131188.261138828] [behavior_server]: Configuring backup
[INFO] [1786131188.290344594] [behavior_server]: Configuring drive_on_heading
[INFO] [1786131188.315447209] [behavior_server]: Configuring assisted_teleop
[INFO] [1786131188.358674012] [behavior_server]: Configuring wait
[INFO] [1786131189.537040043] [behavior_server]: Activating
[INFO] [1786131189.537097617] [behavior_server]: Activating spin
[INFO] [1786131189.537122043] [behavior_server]: Activating backup
[INFO] [1786131189.537142432] [behavior_server]: Activating drive_on_heading
[INFO] [1786131189.537160655] [behavior_server]: Activating assisted_teleop
[INFO] [1786131189.537179044] [behavior_server]: Activating wait
[INFO] [1786131189.537205136] [behavior_server]: Creating bond (behavior_server) to lifecycle manager.
[INFO] [1786131926.710587007] [behavior_server]: Running backup
[INFO] [1786131932.211203837] [behavior_server]: backup completed successfully
[INFO] [1786131954.346977644] [behavior_server]: Running backup
[INFO] [1786131959.047368247] [behavior_server]: backup completed successfully
[INFO] [1786133264.111049777] [behavior_server]: Running backup
[INFO] [1786133270.312566077] [behavior_server]: backup completed successfully
[INFO] [1786133277.123747418] [behavior_server]: Running backup
[INFO] [1786133283.624757422] [behavior_server]: backup completed successfully
