[INFO] [1775785025.428515150] [behavior_server]: 
	behavior_server lifecycle node launched. 
	Waiting on external lifecycle transitions to activate
	See https://design.ros2.org/articles/node_lifecycle.html for more information.
[INFO] [1775785029.203721490] [behavior_server]: Configuring
[INFO] [1775785029.233517034] [behavior_server]: Creating behavior plugin spin of type nav2_behaviors::Spin
[INFO] [1775785029.237450313] [behavior_server]: Creating behavior plugin backup of type nav2_behaviors::BackUp
[INFO] [1775785029.242042800] [behavior_server]: Creating behavior plugin drive_on_heading of type nav2_behaviors::DriveOnHeading
[INFO] [1775785029.245590152] [behavior_server]: Creating behavior plugin assisted_teleop of type nav2_behaviors::AssistedTeleop
[INFO] [1775785029.251329330] [behavior_server]: Creating behavior plugin wait of type nav2_behaviors::Wait
[INFO] [1775785029.282547288] [behavior_server]: Configuring spin
[INFO] [1775785029.463903062] [behavior_server]: Configuring backup
[INFO] [1775785029.623244907] [behavior_server]: Configuring drive_on_heading
[INFO] [1775785029.665274829] [behavior_server]: Configuring assisted_teleop
[INFO] [1775785029.769497702] [behavior_server]: Configuring wait
[INFO] [1775785032.756615196] [behavior_server]: Activating
[INFO] [1775785032.756683122] [behavior_server]: Activating spin
[INFO] [1775785032.756710215] [behavior_server]: Activating backup
[INFO] [1775785032.756728807] [behavior_server]: Activating drive_on_heading
[INFO] [1775785032.756749196] [behavior_server]: Activating assisted_teleop
[INFO] [1775785032.756773715] [behavior_server]: Activating wait
[INFO] [1775785032.756805326] [behavior_server]: Creating bond (behavior_server) to lifecycle manager.
[INFO] [1775785176.048587637] [behavior_server]: Running spin
[INFO] [1775785176.048901194] [behavior_server]: Turning 1.57 for spin behavior.
[WARN] [1775785176.549226121] [behavior_server]: Collision Ahead - Exiting Spin
[WARN] [1775785176.549293436] [behavior_server]: spin failed
[WARN] [1775785176.549322048] [behavior_server]: [spin] [ActionServer] Aborting handle.
[INFO] [1775785176.568580761] [behavior_server]: Running wait
[INFO] [1775785181.568971351] [behavior_server]: wait completed successfully
[INFO] [1775785324.621976184] [rclcpp]: signal_handler(SIGINT/SIGTERM)
[INFO] [1775785324.622065259] [behavior_server]: Running Nav2 LifecycleNode rcl preshutdown (behavior_server)
[INFO] [1775785324.622207186] [behavior_server]: Deactivating
[INFO] [1775785324.622288353] [behavior_server]: Destroying bond (behavior_server) to lifecycle manager.
[INFO] [1775785324.667151351] [behavior_server]: Cleaning up
[INFO] [1775785325.013561751] [behavior_server]: Destroying bond (behavior_server) to lifecycle manager.
