[INFO] [1783136105.094049913] [behavior_server]: 
	behavior_server lifecycle node launched. 
	Waiting on external lifecycle transitions to activate
	See https://design.ros2.org/articles/node_lifecycle.html for more information.
[INFO] [1783136109.583843523] [behavior_server]: Configuring
[INFO] [1783136109.630676191] [behavior_server]: Creating behavior plugin spin of type nav2_behaviors::Spin
[INFO] [1783136109.635282031] [behavior_server]: Creating behavior plugin backup of type nav2_behaviors::BackUp
[INFO] [1783136109.643567003] [behavior_server]: Creating behavior plugin drive_on_heading of type nav2_behaviors::DriveOnHeading
[INFO] [1783136109.650261336] [behavior_server]: Creating behavior plugin assisted_teleop of type nav2_behaviors::AssistedTeleop
[INFO] [1783136109.659837667] [behavior_server]: Creating behavior plugin wait of type nav2_behaviors::Wait
[INFO] [1783136109.753114223] [behavior_server]: Configuring spin
[INFO] [1783136109.832919259] [behavior_server]: Configuring backup
[INFO] [1783136109.919524684] [behavior_server]: Configuring drive_on_heading
[INFO] [1783136110.023593874] [behavior_server]: Configuring assisted_teleop
[INFO] [1783136110.109646481] [behavior_server]: Configuring wait
[INFO] [1783136113.819648407] [behavior_server]: Activating
[INFO] [1783136113.819695630] [behavior_server]: Activating spin
[INFO] [1783136113.819718334] [behavior_server]: Activating backup
[INFO] [1783136113.819733593] [behavior_server]: Activating drive_on_heading
[INFO] [1783136113.819751501] [behavior_server]: Activating assisted_teleop
[INFO] [1783136113.819769038] [behavior_server]: Activating wait
[INFO] [1783136113.819792816] [behavior_server]: Creating bond (behavior_server) to lifecycle manager.
