[INFO] [1783383289.315445336] [behavior_server]: 
	behavior_server lifecycle node launched. 
	Waiting on external lifecycle transitions to activate
	See https://design.ros2.org/articles/node_lifecycle.html for more information.
[INFO] [1783383291.988301828] [behavior_server]: Configuring
[INFO] [1783383292.040301432] [behavior_server]: Creating behavior plugin spin of type nav2_behaviors::Spin
[INFO] [1783383292.045625779] [behavior_server]: Creating behavior plugin backup of type nav2_behaviors::BackUp
[INFO] [1783383292.050572993] [behavior_server]: Creating behavior plugin drive_on_heading of type nav2_behaviors::DriveOnHeading
[INFO] [1783383292.055500930] [behavior_server]: Creating behavior plugin assisted_teleop of type nav2_behaviors::AssistedTeleop
[INFO] [1783383292.065933325] [behavior_server]: Creating behavior plugin wait of type nav2_behaviors::Wait
[INFO] [1783383292.104786926] [behavior_server]: Configuring spin
[INFO] [1783383292.176439295] [behavior_server]: Configuring backup
[INFO] [1783383292.231596863] [behavior_server]: Configuring drive_on_heading
[INFO] [1783383292.284947586] [behavior_server]: Configuring assisted_teleop
[INFO] [1783383292.353269158] [behavior_server]: Configuring wait
[INFO] [1783383296.200298814] [behavior_server]: Activating
[INFO] [1783383296.200357796] [behavior_server]: Activating spin
[INFO] [1783383296.200382481] [behavior_server]: Activating backup
[INFO] [1783383296.200400204] [behavior_server]: Activating drive_on_heading
[INFO] [1783383296.200426667] [behavior_server]: Activating assisted_teleop
[INFO] [1783383296.200448389] [behavior_server]: Activating wait
[INFO] [1783383296.200475093] [behavior_server]: Creating bond (behavior_server) to lifecycle manager.
[INFO] [1783383500.961486429] [behavior_server]: Running spin
[INFO] [1783383500.961811708] [behavior_server]: Turning 1.57 for spin behavior.
[WARN] [1783383501.462165211] [behavior_server]: Collision Ahead - Exiting Spin
[WARN] [1783383501.462222545] [behavior_server]: spin failed
[WARN] [1783383501.462249045] [behavior_server]: [spin] [ActionServer] Aborting handle.
[INFO] [1783383501.481690290] [behavior_server]: Running wait
[INFO] [1783383506.482003820] [behavior_server]: wait completed successfully
[INFO] [1783383507.542814330] [behavior_server]: Running backup
[WARN] [1783383507.543217481] [behavior_server]: Collision Ahead - Exiting DriveOnHeading
[WARN] [1783383507.543257574] [behavior_server]: backup failed
[WARN] [1783383507.543281315] [behavior_server]: [backup] [ActionServer] Aborting handle.
[INFO] [1783383508.952113055] [behavior_server]: Running spin
[INFO] [1783383508.952375556] [behavior_server]: Turning 1.57 for spin behavior.
[WARN] [1783383510.952719358] [behavior_server]: Collision Ahead - Exiting Spin
[WARN] [1783383510.952790192] [behavior_server]: spin failed
[WARN] [1783383510.952815396] [behavior_server]: [spin] [ActionServer] Aborting handle.
[INFO] [1783383510.970601205] [behavior_server]: Running wait
[INFO] [1783383515.970857031] [behavior_server]: wait completed successfully
[INFO] [1783383517.030850555] [behavior_server]: Running backup
[WARN] [1783383517.031139445] [behavior_server]: Collision Ahead - Exiting DriveOnHeading
[WARN] [1783383517.031174149] [behavior_server]: backup failed
[WARN] [1783383517.031193316] [behavior_server]: [backup] [ActionServer] Aborting handle.
[INFO] [1783383518.952375334] [behavior_server]: Running spin
[INFO] [1783383518.952526705] [behavior_server]: Turning 1.57 for spin behavior.
[WARN] [1783383519.452919135] [behavior_server]: Collision Ahead - Exiting Spin
[WARN] [1783383519.452981783] [behavior_server]: spin failed
[WARN] [1783383519.453005061] [behavior_server]: [spin] [ActionServer] Aborting handle.
[INFO] [1783383519.470622517] [behavior_server]: Running wait
[INFO] [1783383524.471056714] [behavior_server]: wait completed successfully
[INFO] [1783385695.071497362] [rclcpp]: signal_handler(SIGINT/SIGTERM)
[INFO] [1783385695.071562918] [behavior_server]: Running Nav2 LifecycleNode rcl preshutdown (behavior_server)
[INFO] [1783385695.071722827] [behavior_server]: Deactivating
[INFO] [1783385695.071815772] [behavior_server]: Destroying bond (behavior_server) to lifecycle manager.
[INFO] [1783385695.088545834] [behavior_server]: Cleaning up
[INFO] [1783385695.298416781] [behavior_server]: Destroying bond (behavior_server) to lifecycle manager.
