[INFO] [1785999924.152435567] [behavior_server]: 
	behavior_server lifecycle node launched. 
	Waiting on external lifecycle transitions to activate
	See https://design.ros2.org/articles/node_lifecycle.html for more information.
[INFO] [1785999926.420147940] [behavior_server]: Configuring
[INFO] [1785999926.485834376] [behavior_server]: Creating behavior plugin spin of type nav2_behaviors::Spin
[INFO] [1785999926.497720379] [behavior_server]: Creating behavior plugin backup of type nav2_behaviors::BackUp
[INFO] [1785999926.504405523] [behavior_server]: Creating behavior plugin drive_on_heading of type nav2_behaviors::DriveOnHeading
[INFO] [1785999926.510604369] [behavior_server]: Creating behavior plugin assisted_teleop of type nav2_behaviors::AssistedTeleop
[INFO] [1785999926.519468005] [behavior_server]: Creating behavior plugin wait of type nav2_behaviors::Wait
[INFO] [1785999926.574727057] [behavior_server]: Configuring spin
[INFO] [1785999926.633916572] [behavior_server]: Configuring backup
[INFO] [1785999926.678264699] [behavior_server]: Configuring drive_on_heading
[INFO] [1785999926.713696578] [behavior_server]: Configuring assisted_teleop
[INFO] [1785999926.773448948] [behavior_server]: Configuring wait
[INFO] [1785999931.964579920] [behavior_server]: Activating
[INFO] [1785999931.964635439] [behavior_server]: Activating spin
[INFO] [1785999931.964663939] [behavior_server]: Activating backup
[INFO] [1785999931.964684828] [behavior_server]: Activating drive_on_heading
[INFO] [1785999931.964705717] [behavior_server]: Activating assisted_teleop
[INFO] [1785999931.964726124] [behavior_server]: Activating wait
[INFO] [1785999931.964753476] [behavior_server]: Creating bond (behavior_server) to lifecycle manager.
[INFO] [1786001320.016519741] [behavior_server]: Running backup
[INFO] [1786001325.517278829] [behavior_server]: backup completed successfully
[INFO] [1786001653.633802537] [behavior_server]: Running backup
[WARN] [1786001653.634115891] [behavior_server]: Collision Ahead - Exiting DriveOnHeading
[WARN] [1786001653.634154169] [behavior_server]: backup failed
[WARN] [1786001653.634174780] [behavior_server]: [backup] [ActionServer] Aborting handle.
[INFO] [1786001653.649273533] [behavior_server]: Running spin
[INFO] [1786001653.649656906] [behavior_server]: Turning 1.57 for spin behavior.
[WARN] [1786001653.851144300] [behavior_server]: Collision Ahead - Exiting Spin
[WARN] [1786001653.851215967] [behavior_server]: spin failed
[WARN] [1786001653.851248653] [behavior_server]: [spin] [ActionServer] Aborting handle.
[INFO] [1786001653.869204515] [behavior_server]: Running wait
[INFO] [1786001658.869531760] [behavior_server]: wait completed successfully
[INFO] [1786001671.100935931] [behavior_server]: Running backup
[WARN] [1786001671.101377044] [behavior_server]: Collision Ahead - Exiting DriveOnHeading
[WARN] [1786001671.101430322] [behavior_server]: backup failed
[WARN] [1786001671.101454304] [behavior_server]: [backup] [ActionServer] Aborting handle.
[INFO] [1786001671.113375928] [behavior_server]: Running spin
[INFO] [1786001671.113517336] [behavior_server]: Turning 1.57 for spin behavior.
[WARN] [1786001671.613881479] [behavior_server]: Collision Ahead - Exiting Spin
[WARN] [1786001671.613943979] [behavior_server]: spin failed
[WARN] [1786001671.613969609] [behavior_server]: [spin] [ActionServer] Aborting handle.
[INFO] [1786001671.633582203] [behavior_server]: Running wait
[INFO] [1786001676.633849688] [behavior_server]: wait completed successfully
[INFO] [1786001688.866122401] [behavior_server]: Running backup
[WARN] [1786001688.866514533] [behavior_server]: Collision Ahead - Exiting DriveOnHeading
[WARN] [1786001688.866575033] [behavior_server]: backup failed
[WARN] [1786001688.866597978] [behavior_server]: [backup] [ActionServer] Aborting handle.
[INFO] [1786001688.881749435] [behavior_server]: Running spin
[INFO] [1786001688.881884936] [behavior_server]: Turning 1.57 for spin behavior.
[WARN] [1786001690.182633014] [behavior_server]: Collision Ahead - Exiting Spin
[WARN] [1786001690.182702144] [behavior_server]: spin failed
[WARN] [1786001690.182731718] [behavior_server]: [spin] [ActionServer] Aborting handle.
[INFO] [1786001690.202245108] [behavior_server]: Running wait
[INFO] [1786001695.202677261] [behavior_server]: wait completed successfully
[INFO] [1786001707.444974365] [behavior_server]: Running backup
[WARN] [1786001707.446406780] [behavior_server]: Collision Ahead - Exiting DriveOnHeading
[WARN] [1786001707.446478929] [behavior_server]: backup failed
[WARN] [1786001707.446507021] [behavior_server]: [backup] [ActionServer] Aborting handle.
[INFO] [1786001707.459783709] [behavior_server]: Running spin
[INFO] [1786001707.459932154] [behavior_server]: Turning 1.57 for spin behavior.
[WARN] [1786001707.760343189] [behavior_server]: Collision Ahead - Exiting Spin
[WARN] [1786001707.760417782] [behavior_server]: spin failed
[WARN] [1786001707.760444115] [behavior_server]: [spin] [ActionServer] Aborting handle.
[INFO] [1786001707.779678689] [behavior_server]: Running wait
[INFO] [1786001712.779992693] [behavior_server]: wait completed successfully
[INFO] [1786001725.021504810] [behavior_server]: Running backup
[WARN] [1786001725.021845979] [behavior_server]: Collision Ahead - Exiting DriveOnHeading
[WARN] [1786001725.021894202] [behavior_server]: backup failed
[WARN] [1786001725.021915220] [behavior_server]: [backup] [ActionServer] Aborting handle.
[INFO] [1786001725.028589481] [behavior_server]: Running spin
[INFO] [1786001725.028745963] [behavior_server]: Turning 1.57 for spin behavior.
[WARN] [1786001726.029098525] [behavior_server]: Collision Ahead - Exiting Spin
[WARN] [1786001726.029165562] [behavior_server]: spin failed
[WARN] [1786001726.029190988] [behavior_server]: [spin] [ActionServer] Aborting handle.
[INFO] [1786001726.048515321] [behavior_server]: Running wait
[INFO] [1786001731.048814769] [behavior_server]: wait completed successfully
[INFO] [1786001740.897859798] [rclcpp]: signal_handler(SIGINT/SIGTERM)
[INFO] [1786001740.897953484] [behavior_server]: Running Nav2 LifecycleNode rcl preshutdown (behavior_server)
[INFO] [1786001740.898078244] [behavior_server]: Deactivating
[INFO] [1786001740.898281319] [behavior_server]: Destroying bond (behavior_server) to lifecycle manager.
[INFO] [1786001740.945473552] [behavior_server]: Cleaning up
[INFO] [1786001741.071519033] [behavior_server]: Destroying bond (behavior_server) to lifecycle manager.
