[INFO] [1784158956.483141105] [behavior_server]: 
	behavior_server lifecycle node launched. 
	Waiting on external lifecycle transitions to activate
	See https://design.ros2.org/articles/node_lifecycle.html for more information.
[INFO] [1784158959.344874585] [behavior_server]: Configuring
[INFO] [1784158959.434986056] [behavior_server]: Creating behavior plugin spin of type nav2_behaviors::Spin
[INFO] [1784158959.441727054] [behavior_server]: Creating behavior plugin backup of type nav2_behaviors::BackUp
[INFO] [1784158959.451082881] [behavior_server]: Creating behavior plugin drive_on_heading of type nav2_behaviors::DriveOnHeading
[INFO] [1784158959.459331554] [behavior_server]: Creating behavior plugin assisted_teleop of type nav2_behaviors::AssistedTeleop
[INFO] [1784158959.469634885] [behavior_server]: Creating behavior plugin wait of type nav2_behaviors::Wait
[INFO] [1784158959.511391178] [behavior_server]: Configuring spin
[INFO] [1784158959.593046938] [behavior_server]: Configuring backup
[INFO] [1784158959.640303870] [behavior_server]: Configuring drive_on_heading
[INFO] [1784158959.691165229] [behavior_server]: Configuring assisted_teleop
[INFO] [1784158959.757037221] [behavior_server]: Configuring wait
[INFO] [1784158963.894682705] [behavior_server]: Activating
[INFO] [1784158963.894754576] [behavior_server]: Activating spin
[INFO] [1784158963.894782762] [behavior_server]: Activating backup
[INFO] [1784158963.894800873] [behavior_server]: Activating drive_on_heading
[INFO] [1784158963.894817558] [behavior_server]: Activating assisted_teleop
[INFO] [1784158963.894835632] [behavior_server]: Activating wait
[INFO] [1784158963.894861132] [behavior_server]: Creating bond (behavior_server) to lifecycle manager.
[WARN] [1784159208.748878048] []: TF_OLD_DATA ignoring data from the past for frame front_left_wheel at time 1784159185.140262 according to authority Authority undetectable
Possible reasons are listed at http://wiki.ros.org/tf/Errors%20explained
[WARN] [1784159208.748930159] []: TF_OLD_DATA ignoring data from the past for frame front_right_wheel at time 1784159185.140262 according to authority Authority undetectable
Possible reasons are listed at http://wiki.ros.org/tf/Errors%20explained
[WARN] [1784159208.748940511] []: TF_OLD_DATA ignoring data from the past for frame rear_left_wheel at time 1784159185.140262 according to authority Authority undetectable
Possible reasons are listed at http://wiki.ros.org/tf/Errors%20explained
[WARN] [1784159208.748947511] []: TF_OLD_DATA ignoring data from the past for frame rear_right_wheel at time 1784159185.140262 according to authority Authority undetectable
Possible reasons are listed at http://wiki.ros.org/tf/Errors%20explained
[WARN] [1784159208.758216041] []: TF_OLD_DATA ignoring data from the past for frame front_left_wheel at time 1784159185.240326 according to authority Authority undetectable
Possible reasons are listed at http://wiki.ros.org/tf/Errors%20explained
[WARN] [1784159208.758256208] []: TF_OLD_DATA ignoring data from the past for frame front_right_wheel at time 1784159185.240326 according to authority Authority undetectable
Possible reasons are listed at http://wiki.ros.org/tf/Errors%20explained
[WARN] [1784159208.758264319] []: TF_OLD_DATA ignoring data from the past for frame rear_left_wheel at time 1784159185.240326 according to authority Authority undetectable
Possible reasons are listed at http://wiki.ros.org/tf/Errors%20explained
[WARN] [1784159208.758271300] []: TF_OLD_DATA ignoring data from the past for frame rear_right_wheel at time 1784159185.240326 according to authority Authority undetectable
Possible reasons are listed at http://wiki.ros.org/tf/Errors%20explained
[WARN] [1784159208.763662829] []: TF_OLD_DATA ignoring data from the past for frame front_left_wheel at time 1784159185.340270 according to authority Authority undetectable
Possible reasons are listed at http://wiki.ros.org/tf/Errors%20explained
[WARN] [1784159208.763705069] []: TF_OLD_DATA ignoring data from the past for frame front_right_wheel at time 1784159185.340270 according to authority Authority undetectable
Possible reasons are listed at http://wiki.ros.org/tf/Errors%20explained
[WARN] [1784159208.763714273] []: TF_OLD_DATA ignoring data from the past for frame rear_left_wheel at time 1784159185.340270 according to authority Authority undetectable
Possible reasons are listed at http://wiki.ros.org/tf/Errors%20explained
[WARN] [1784159208.763721625] []: TF_OLD_DATA ignoring data from the past for frame rear_right_wheel at time 1784159185.340270 according to authority Authority undetectable
Possible reasons are listed at http://wiki.ros.org/tf/Errors%20explained
[WARN] [1784159208.771102664] []: TF_OLD_DATA ignoring data from the past for frame front_left_wheel at time 1784159185.440278 according to authority Authority undetectable
Possible reasons are listed at http://wiki.ros.org/tf/Errors%20explained
[WARN] [1784159208.771130479] []: TF_OLD_DATA ignoring data from the past for frame front_right_wheel at time 1784159185.440278 according to authority Authority undetectable
Possible reasons are listed at http://wiki.ros.org/tf/Errors%20explained
[WARN] [1784159208.771137812] []: TF_OLD_DATA ignoring data from the past for frame rear_left_wheel at time 1784159185.440278 according to authority Authority undetectable
Possible reasons are listed at http://wiki.ros.org/tf/Errors%20explained
[WARN] [1784159208.771143997] []: TF_OLD_DATA ignoring data from the past for frame rear_right_wheel at time 1784159185.440278 according to authority Authority undetectable
Possible reasons are listed at http://wiki.ros.org/tf/Errors%20explained
[WARN] [1784159208.778885741] []: TF_OLD_DATA ignoring data from the past for frame front_left_wheel at time 1784159185.540277 according to authority Authority undetectable
Possible reasons are listed at http://wiki.ros.org/tf/Errors%20explained
[WARN] [1784159208.779000057] []: TF_OLD_DATA ignoring data from the past for frame front_right_wheel at time 1784159185.540277 according to authority Authority undetectable
Possible reasons are listed at http://wiki.ros.org/tf/Errors%20explained
[WARN] [1784159208.779013112] []: TF_OLD_DATA ignoring data from the past for frame rear_left_wheel at time 1784159185.540277 according to authority Authority undetectable
Possible reasons are listed at http://wiki.ros.org/tf/Errors%20explained
[WARN] [1784159208.779019890] []: TF_OLD_DATA ignoring data from the past for frame rear_right_wheel at time 1784159185.540277 according to authority Authority undetectable
Possible reasons are listed at http://wiki.ros.org/tf/Errors%20explained
[WARN] [1784159208.779081502] []: TF_OLD_DATA ignoring data from the past for frame front_left_wheel at time 1784159185.640297 according to authority Authority undetectable
Possible reasons are listed at http://wiki.ros.org/tf/Errors%20explained
[WARN] [1784159208.779093409] []: TF_OLD_DATA ignoring data from the past for frame front_right_wheel at time 1784159185.640297 according to authority Authority undetectable
Possible reasons are listed at http://wiki.ros.org/tf/Errors%20explained
[WARN] [1784159208.779099613] []: TF_OLD_DATA ignoring data from the past for frame rear_left_wheel at time 1784159185.640297 according to authority Authority undetectable
Possible reasons are listed at http://wiki.ros.org/tf/Errors%20explained
[WARN] [1784159208.779114335] []: TF_OLD_DATA ignoring data from the past for frame rear_right_wheel at time 1784159185.640297 according to authority Authority undetectable
Possible reasons are listed at http://wiki.ros.org/tf/Errors%20explained
[WARN] [1784159208.779139761] []: TF_OLD_DATA ignoring data from the past for frame front_left_wheel at time 1784159185.740280 according to authority Authority undetectable
Possible reasons are listed at http://wiki.ros.org/tf/Errors%20explained
[WARN] [1784159208.779149095] []: TF_OLD_DATA ignoring data from the past for frame front_right_wheel at time 1784159185.740280 according to authority Authority undetectable
Possible reasons are listed at http://wiki.ros.org/tf/Errors%20explained
[WARN] [1784159208.779154947] []: TF_OLD_DATA ignoring data from the past for frame rear_left_wheel at time 1784159185.740280 according to authority Authority undetectable
Possible reasons are listed at http://wiki.ros.org/tf/Errors%20explained
[WARN] [1784159208.779160669] []: TF_OLD_DATA ignoring data from the past for frame rear_right_wheel at time 1784159185.740280 according to authority Authority undetectable
Possible reasons are listed at http://wiki.ros.org/tf/Errors%20explained
[WARN] [1784159208.779181965] []: TF_OLD_DATA ignoring data from the past for frame front_left_wheel at time 1784159185.840269 according to authority Authority undetectable
Possible reasons are listed at http://wiki.ros.org/tf/Errors%20explained
[WARN] [1784159208.779192595] []: TF_OLD_DATA ignoring data from the past for frame front_right_wheel at time 1784159185.840269 according to authority Authority undetectable
Possible reasons are listed at http://wiki.ros.org/tf/Errors%20explained
[WARN] [1784159208.779198539] []: TF_OLD_DATA ignoring data from the past for frame rear_left_wheel at time 1784159185.840269 according to authority Authority undetectable
Possible reasons are listed at http://wiki.ros.org/tf/Errors%20explained
[WARN] [1784159208.779204262] []: TF_OLD_DATA ignoring data from the past for frame rear_right_wheel at time 1784159185.840269 according to authority Authority undetectable
Possible reasons are listed at http://wiki.ros.org/tf/Errors%20explained
[WARN] [1784159208.779226743] []: TF_OLD_DATA ignoring data from the past for frame front_left_wheel at time 1784159185.940274 according to authority Authority undetectable
Possible reasons are listed at http://wiki.ros.org/tf/Errors%20explained
[WARN] [1784159208.779237743] []: TF_OLD_DATA ignoring data from the past for frame front_right_wheel at time 1784159185.940274 according to authority Authority undetectable
Possible reasons are listed at http://wiki.ros.org/tf/Errors%20explained
[WARN] [1784159208.779257373] []: TF_OLD_DATA ignoring data from the past for frame rear_left_wheel at time 1784159185.940274 according to authority Authority undetectable
Possible reasons are listed at http://wiki.ros.org/tf/Errors%20explained
[WARN] [1784159208.779265225] []: TF_OLD_DATA ignoring data from the past for frame rear_right_wheel at time 1784159185.940274 according to authority Authority undetectable
Possible reasons are listed at http://wiki.ros.org/tf/Errors%20explained
[WARN] [1784159208.779285540] []: TF_OLD_DATA ignoring data from the past for frame front_left_wheel at time 1784159186.040271 according to authority Authority undetectable
Possible reasons are listed at http://wiki.ros.org/tf/Errors%20explained
[WARN] [1784159208.779294114] []: TF_OLD_DATA ignoring data from the past for frame front_right_wheel at time 1784159186.040271 according to authority Authority undetectable
Possible reasons are listed at http://wiki.ros.org/tf/Errors%20explained
[WARN] [1784159208.779300744] []: TF_OLD_DATA ignoring data from the past for frame rear_left_wheel at time 1784159186.040271 according to authority Authority undetectable
Possible reasons are listed at http://wiki.ros.org/tf/Errors%20explained
[WARN] [1784159208.779306688] []: TF_OLD_DATA ignoring data from the past for frame rear_right_wheel at time 1784159186.040271 according to authority Authority undetectable
Possible reasons are listed at http://wiki.ros.org/tf/Errors%20explained
[WARN] [1784159208.779323373] []: TF_OLD_DATA ignoring data from the past for frame front_left_wheel at time 1784159186.140272 according to authority Authority undetectable
Possible reasons are listed at http://wiki.ros.org/tf/Errors%20explained
[WARN] [1784159208.779331651] []: TF_OLD_DATA ignoring data from the past for frame front_right_wheel at time 1784159186.140272 according to authority Authority undetectable
Possible reasons are listed at http://wiki.ros.org/tf/Errors%20explained
[WARN] [1784159208.779337522] []: TF_OLD_DATA ignoring data from the past for frame rear_left_wheel at time 1784159186.140272 according to authority Authority undetectable
Possible reasons are listed at http://wiki.ros.org/tf/Errors%20explained
[WARN] [1784159208.779343485] []: TF_OLD_DATA ignoring data from the past for frame rear_right_wheel at time 1784159186.140272 according to authority Authority undetectable
Possible reasons are listed at http://wiki.ros.org/tf/Errors%20explained
[WARN] [1784159208.779360485] []: TF_OLD_DATA ignoring data from the past for frame front_left_wheel at time 1784159186.240267 according to authority Authority undetectable
Possible reasons are listed at http://wiki.ros.org/tf/Errors%20explained
[WARN] [1784159208.779373559] []: TF_OLD_DATA ignoring data from the past for frame front_right_wheel at time 1784159186.240267 according to authority Authority undetectable
Possible reasons are listed at http://wiki.ros.org/tf/Errors%20explained
[WARN] [1784159208.779379503] []: TF_OLD_DATA ignoring data from the past for frame rear_left_wheel at time 1784159186.240267 according to authority Authority undetectable
Possible reasons are listed at http://wiki.ros.org/tf/Errors%20explained
[WARN] [1784159208.779385633] []: TF_OLD_DATA ignoring data from the past for frame rear_right_wheel at time 1784159186.240267 according to authority Authority undetectable
Possible reasons are listed at http://wiki.ros.org/tf/Errors%20explained
[WARN] [1784159208.779406263] []: TF_OLD_DATA ignoring data from the past for frame front_left_wheel at time 1784159186.340377 according to authority Authority undetectable
Possible reasons are listed at http://wiki.ros.org/tf/Errors%20explained
[WARN] [1784159208.779417411] []: TF_OLD_DATA ignoring data from the past for frame front_right_wheel at time 1784159186.340377 according to authority Authority undetectable
Possible reasons are listed at http://wiki.ros.org/tf/Errors%20explained
[WARN] [1784159208.779440892] []: TF_OLD_DATA ignoring data from the past for frame rear_left_wheel at time 1784159186.340377 according to authority Authority undetectable
Possible reasons are listed at http://wiki.ros.org/tf/Errors%20explained
[WARN] [1784159208.779450207] []: TF_OLD_DATA ignoring data from the past for frame rear_right_wheel at time 1784159186.340377 according to authority Authority undetectable
Possible reasons are listed at http://wiki.ros.org/tf/Errors%20explained
[WARN] [1784159208.779472930] []: TF_OLD_DATA ignoring data from the past for frame front_left_wheel at time 1784159186.440266 according to authority Authority undetectable
Possible reasons are listed at http://wiki.ros.org/tf/Errors%20explained
[WARN] [1784159208.779481374] []: TF_OLD_DATA ignoring data from the past for frame front_right_wheel at time 1784159186.440266 according to authority Authority undetectable
Possible reasons are listed at http://wiki.ros.org/tf/Errors%20explained
[WARN] [1784159208.779487356] []: TF_OLD_DATA ignoring data from the past for frame rear_left_wheel at time 1784159186.440266 according to authority Authority undetectable
Possible reasons are listed at http://wiki.ros.org/tf/Errors%20explained
[WARN] [1784159208.779493596] []: TF_OLD_DATA ignoring data from the past for frame rear_right_wheel at time 1784159186.440266 according to authority Authority undetectable
Possible reasons are listed at http://wiki.ros.org/tf/Errors%20explained
[WARN] [1784159208.779512985] []: TF_OLD_DATA ignoring data from the past for frame front_left_wheel at time 1784159186.540291 according to authority Authority undetectable
Possible reasons are listed at http://wiki.ros.org/tf/Errors%20explained
[WARN] [1784159208.779523634] []: TF_OLD_DATA ignoring data from the past for frame front_right_wheel at time 1784159186.540291 according to authority Authority undetectable
Possible reasons are listed at http://wiki.ros.org/tf/Errors%20explained
[WARN] [1784159208.779529467] []: TF_OLD_DATA ignoring data from the past for frame rear_left_wheel at time 1784159186.540291 according to authority Authority undetectable
Possible reasons are listed at http://wiki.ros.org/tf/Errors%20explained
[WARN] [1784159208.779535189] []: TF_OLD_DATA ignoring data from the past for frame rear_right_wheel at time 1784159186.540291 according to authority Authority undetectable
Possible reasons are listed at http://wiki.ros.org/tf/Errors%20explained
[WARN] [1784159208.779558430] []: TF_OLD_DATA ignoring data from the past for frame front_left_wheel at time 1784159186.640275 according to authority Authority undetectable
Possible reasons are listed at http://wiki.ros.org/tf/Errors%20explained
[WARN] [1784159208.779569708] []: TF_OLD_DATA ignoring data from the past for frame front_right_wheel at time 1784159186.640275 according to authority Authority undetectable
Possible reasons are listed at http://wiki.ros.org/tf/Errors%20explained
[WARN] [1784159208.779575912] []: TF_OLD_DATA ignoring data from the past for frame rear_left_wheel at time 1784159186.640275 according to authority Authority undetectable
Possible reasons are listed at http://wiki.ros.org/tf/Errors%20explained
[WARN] [1784159208.779581727] []: TF_OLD_DATA ignoring data from the past for frame rear_right_wheel at time 1784159186.640275 according to authority Authority undetectable
Possible reasons are listed at http://wiki.ros.org/tf/Errors%20explained
[WARN] [1784159208.779603634] []: TF_OLD_DATA ignoring data from the past for frame front_left_wheel at time 1784159186.740460 according to authority Authority undetectable
Possible reasons are listed at http://wiki.ros.org/tf/Errors%20explained
[WARN] [1784159208.779615190] []: TF_OLD_DATA ignoring data from the past for frame front_right_wheel at time 1784159186.740460 according to authority Authority undetectable
Possible reasons are listed at http://wiki.ros.org/tf/Errors%20explained
[WARN] [1784159208.779621338] []: TF_OLD_DATA ignoring data from the past for frame rear_left_wheel at time 1784159186.740460 according to authority Authority undetectable
Possible reasons are listed at http://wiki.ros.org/tf/Errors%20explained
[WARN] [1784159208.779640375] []: TF_OLD_DATA ignoring data from the past for frame rear_right_wheel at time 1784159186.740460 according to authority Authority undetectable
Possible reasons are listed at http://wiki.ros.org/tf/Errors%20explained
[WARN] [1784159208.779664560] []: TF_OLD_DATA ignoring data from the past for frame front_left_wheel at time 1784159186.840294 according to authority Authority undetectable
Possible reasons are listed at http://wiki.ros.org/tf/Errors%20explained
[WARN] [1784159208.779672690] []: TF_OLD_DATA ignoring data from the past for frame front_right_wheel at time 1784159186.840294 according to authority Authority undetectable
Possible reasons are listed at http://wiki.ros.org/tf/Errors%20explained
[WARN] [1784159208.779678838] []: TF_OLD_DATA ignoring data from the past for frame rear_left_wheel at time 1784159186.840294 according to authority Authority undetectable
Possible reasons are listed at http://wiki.ros.org/tf/Errors%20explained
[WARN] [1784159208.779684542] []: TF_OLD_DATA ignoring data from the past for frame rear_right_wheel at time 1784159186.840294 according to authority Authority undetectable
Possible reasons are listed at http://wiki.ros.org/tf/Errors%20explained
[WARN] [1784159208.779701098] []: TF_OLD_DATA ignoring data from the past for frame front_left_wheel at time 1784159186.940270 according to authority Authority undetectable
Possible reasons are listed at http://wiki.ros.org/tf/Errors%20explained
[WARN] [1784159208.779711172] []: TF_OLD_DATA ignoring data from the past for frame front_right_wheel at time 1784159186.940270 according to authority Authority undetectable
Possible reasons are listed at http://wiki.ros.org/tf/Errors%20explained
[WARN] [1784159208.779717579] []: TF_OLD_DATA ignoring data from the past for frame rear_left_wheel at time 1784159186.940270 according to authority Authority undetectable
Possible reasons are listed at http://wiki.ros.org/tf/Errors%20explained
[WARN] [1784159208.779723912] []: TF_OLD_DATA ignoring data from the past for frame rear_right_wheel at time 1784159186.940270 according to authority Authority undetectable
Possible reasons are listed at http://wiki.ros.org/tf/Errors%20explained
[WARN] [1784159208.779745024] []: TF_OLD_DATA ignoring data from the past for frame front_left_wheel at time 1784159187.040401 according to authority Authority undetectable
Possible reasons are listed at http://wiki.ros.org/tf/Errors%20explained
[WARN] [1784159208.779758116] []: TF_OLD_DATA ignoring data from the past for frame front_right_wheel at time 1784159187.040401 according to authority Authority undetectable
Possible reasons are listed at http://wiki.ros.org/tf/Errors%20explained
[WARN] [1784159208.779764487] []: TF_OLD_DATA ignoring data from the past for frame rear_left_wheel at time 1784159187.040401 according to authority Authority undetectable
Possible reasons are listed at http://wiki.ros.org/tf/Errors%20explained
[WARN] [1784159208.779770339] []: TF_OLD_DATA ignoring data from the past for frame rear_right_wheel at time 1784159187.040401 according to authority Authority undetectable
Possible reasons are listed at http://wiki.ros.org/tf/Errors%20explained
[WARN] [1784159208.779791431] []: TF_OLD_DATA ignoring data from the past for frame front_left_wheel at time 1784159187.140292 according to authority Authority undetectable
Possible reasons are listed at http://wiki.ros.org/tf/Errors%20explained
[WARN] [1784159208.779802746] []: TF_OLD_DATA ignoring data from the past for frame front_right_wheel at time 1784159187.140292 according to authority Authority undetectable
Possible reasons are listed at http://wiki.ros.org/tf/Errors%20explained
[WARN] [1784159208.779808487] []: TF_OLD_DATA ignoring data from the past for frame rear_left_wheel at time 1784159187.140292 according to authority Authority undetectable
Possible reasons are listed at http://wiki.ros.org/tf/Errors%20explained
[WARN] [1784159208.779814191] []: TF_OLD_DATA ignoring data from the past for frame rear_right_wheel at time 1784159187.140292 according to authority Authority undetectable
Possible reasons are listed at http://wiki.ros.org/tf/Errors%20explained
[WARN] [1784159208.779852191] []: TF_OLD_DATA ignoring data from the past for frame front_left_wheel at time 1784159187.240316 according to authority Authority undetectable
Possible reasons are listed at http://wiki.ros.org/tf/Errors%20explained
[WARN] [1784159208.786175780] []: TF_OLD_DATA ignoring data from the past for frame front_right_wheel at time 1784159187.240316 according to authority Authority undetectable
Possible reasons are listed at http://wiki.ros.org/tf/Errors%20explained
[WARN] [1784159208.786233187] []: TF_OLD_DATA ignoring data from the past for frame rear_left_wheel at time 1784159187.240316 according to authority Authority undetectable
Possible reasons are listed at http://wiki.ros.org/tf/Errors%20explained
[WARN] [1784159208.786255965] []: TF_OLD_DATA ignoring data from the past for frame rear_right_wheel at time 1784159187.240316 according to authority Authority undetectable
Possible reasons are listed at http://wiki.ros.org/tf/Errors%20explained
[WARN] [1784159208.786467300] []: TF_OLD_DATA ignoring data from the past for frame front_left_wheel at time 1784159187.340281 according to authority Authority undetectable
Possible reasons are listed at http://wiki.ros.org/tf/Errors%20explained
[WARN] [1784159208.786490596] []: TF_OLD_DATA ignoring data from the past for frame front_right_wheel at time 1784159187.340281 according to authority Authority undetectable
Possible reasons are listed at http://wiki.ros.org/tf/Errors%20explained
[WARN] [1784159208.786498337] []: TF_OLD_DATA ignoring data from the past for frame rear_left_wheel at time 1784159187.340281 according to authority Authority undetectable
Possible reasons are listed at http://wiki.ros.org/tf/Errors%20explained
[WARN] [1784159208.786505929] []: TF_OLD_DATA ignoring data from the past for frame rear_right_wheel at time 1784159187.340281 according to authority Authority undetectable
Possible reasons are listed at http://wiki.ros.org/tf/Errors%20explained
[WARN] [1784159208.786548781] []: TF_OLD_DATA ignoring data from the past for frame front_left_wheel at time 1784159187.440271 according to authority Authority undetectable
Possible reasons are listed at http://wiki.ros.org/tf/Errors%20explained
[WARN] [1784159208.786560448] []: TF_OLD_DATA ignoring data from the past for frame front_right_wheel at time 1784159187.440271 according to authority Authority undetectable
Possible reasons are listed at http://wiki.ros.org/tf/Errors%20explained
[WARN] [1784159208.786566745] []: TF_OLD_DATA ignoring data from the past for frame rear_left_wheel at time 1784159187.440271 according to authority Authority undetectable
Possible reasons are listed at http://wiki.ros.org/tf/Errors%20explained
[WARN] [1784159208.786572504] []: TF_OLD_DATA ignoring data from the past for frame rear_right_wheel at time 1784159187.440271 according to authority Authority undetectable
Possible reasons are listed at http://wiki.ros.org/tf/Errors%20explained
[WARN] [1784159209.244476824] []: TF_OLD_DATA ignoring data from the past for frame front_left_wheel at time 1784159187.540280 according to authority Authority undetectable
Possible reasons are listed at http://wiki.ros.org/tf/Errors%20explained
[WARN] [1784159209.244517843] []: TF_OLD_DATA ignoring data from the past for frame front_right_wheel at time 1784159187.540280 according to authority Authority undetectable
Possible reasons are listed at http://wiki.ros.org/tf/Errors%20explained
[WARN] [1784159209.244528213] []: TF_OLD_DATA ignoring data from the past for frame rear_left_wheel at time 1784159187.540280 according to authority Authority undetectable
Possible reasons are listed at http://wiki.ros.org/tf/Errors%20explained
[WARN] [1784159209.244536639] []: TF_OLD_DATA ignoring data from the past for frame rear_right_wheel at time 1784159187.540280 according to authority Authority undetectable
Possible reasons are listed at http://wiki.ros.org/tf/Errors%20explained
[WARN] [1784159209.244622973] []: TF_OLD_DATA ignoring data from the past for frame front_left_wheel at time 1784159187.640324 according to authority Authority undetectable
Possible reasons are listed at http://wiki.ros.org/tf/Errors%20explained
[WARN] [1784159209.244640139] []: TF_OLD_DATA ignoring data from the past for frame front_right_wheel at time 1784159187.640324 according to authority Authority undetectable
Possible reasons are listed at http://wiki.ros.org/tf/Errors%20explained
[WARN] [1784159209.244648084] []: TF_OLD_DATA ignoring data from the past for frame rear_left_wheel at time 1784159187.640324 according to authority Authority undetectable
Possible reasons are listed at http://wiki.ros.org/tf/Errors%20explained
[WARN] [1784159209.244655621] []: TF_OLD_DATA ignoring data from the past for frame rear_right_wheel at time 1784159187.640324 according to authority Authority undetectable
Possible reasons are listed at http://wiki.ros.org/tf/Errors%20explained
[WARN] [1784159209.244682343] []: TF_OLD_DATA ignoring data from the past for frame front_left_wheel at time 1784159188.340265 according to authority Authority undetectable
Possible reasons are listed at http://wiki.ros.org/tf/Errors%20explained
[WARN] [1784159209.244691510] []: TF_OLD_DATA ignoring data from the past for frame front_right_wheel at time 1784159188.340265 according to authority Authority undetectable
Possible reasons are listed at http://wiki.ros.org/tf/Errors%20explained
[WARN] [1784159209.244698380] []: TF_OLD_DATA ignoring data from the past for frame rear_left_wheel at time 1784159188.340265 according to authority Authority undetectable
Possible reasons are listed at http://wiki.ros.org/tf/Errors%20explained
[WARN] [1784159209.244704288] []: TF_OLD_DATA ignoring data from the past for frame rear_right_wheel at time 1784159188.340265 according to authority Authority undetectable
Possible reasons are listed at http://wiki.ros.org/tf/Errors%20explained
[WARN] [1784159209.244724825] []: TF_OLD_DATA ignoring data from the past for frame front_left_wheel at time 1784159188.440293 according to authority Authority undetectable
Possible reasons are listed at http://wiki.ros.org/tf/Errors%20explained
[WARN] [1784159209.244733492] []: TF_OLD_DATA ignoring data from the past for frame front_right_wheel at time 1784159188.440293 according to authority Authority undetectable
Possible reasons are listed at http://wiki.ros.org/tf/Errors%20explained
[WARN] [1784159209.244739677] []: TF_OLD_DATA ignoring data from the past for frame rear_left_wheel at time 1784159188.440293 according to authority Authority undetectable
Possible reasons are listed at http://wiki.ros.org/tf/Errors%20explained
[WARN] [1784159209.244745473] []: TF_OLD_DATA ignoring data from the past for frame rear_right_wheel at time 1784159188.440293 according to authority Authority undetectable
Possible reasons are listed at http://wiki.ros.org/tf/Errors%20explained
[WARN] [1784159209.244762547] []: TF_OLD_DATA ignoring data from the past for frame front_left_wheel at time 1784159188.540231 according to authority Authority undetectable
Possible reasons are listed at http://wiki.ros.org/tf/Errors%20explained
[WARN] [1784159209.244775214] []: TF_OLD_DATA ignoring data from the past for frame front_right_wheel at time 1784159188.540231 according to authority Authority undetectable
Possible reasons are listed at http://wiki.ros.org/tf/Errors%20explained
[WARN] [1784159209.244782659] []: TF_OLD_DATA ignoring data from the past for frame rear_left_wheel at time 1784159188.540231 according to authority Authority undetectable
Possible reasons are listed at http://wiki.ros.org/tf/Errors%20explained
[WARN] [1784159209.244788918] []: TF_OLD_DATA ignoring data from the past for frame rear_right_wheel at time 1784159188.540231 according to authority Authority undetectable
Possible reasons are listed at http://wiki.ros.org/tf/Errors%20explained
[WARN] [1784159209.244806603] []: TF_OLD_DATA ignoring data from the past for frame front_left_wheel at time 1784159188.640254 according to authority Authority undetectable
Possible reasons are listed at http://wiki.ros.org/tf/Errors%20explained
[WARN] [1784159209.244833400] []: TF_OLD_DATA ignoring data from the past for frame front_right_wheel at time 1784159188.640254 according to authority Authority undetectable
Possible reasons are listed at http://wiki.ros.org/tf/Errors%20explained
[WARN] [1784159209.244842085] []: TF_OLD_DATA ignoring data from the past for frame rear_left_wheel at time 1784159188.640254 according to authority Authority undetectable
Possible reasons are listed at http://wiki.ros.org/tf/Errors%20explained
[WARN] [1784159209.244848622] []: TF_OLD_DATA ignoring data from the past for frame rear_right_wheel at time 1784159188.640254 according to authority Authority undetectable
Possible reasons are listed at http://wiki.ros.org/tf/Errors%20explained
[WARN] [1784159209.244873974] []: TF_OLD_DATA ignoring data from the past for frame front_left_wheel at time 1784159188.740275 according to authority Authority undetectable
Possible reasons are listed at http://wiki.ros.org/tf/Errors%20explained
[WARN] [1784159209.244884437] []: TF_OLD_DATA ignoring data from the past for frame front_right_wheel at time 1784159188.740275 according to authority Authority undetectable
Possible reasons are listed at http://wiki.ros.org/tf/Errors%20explained
[WARN] [1784159209.244890381] []: TF_OLD_DATA ignoring data from the past for frame rear_left_wheel at time 1784159188.740275 according to authority Authority undetectable
Possible reasons are listed at http://wiki.ros.org/tf/Errors%20explained
[WARN] [1784159209.244896215] []: TF_OLD_DATA ignoring data from the past for frame rear_right_wheel at time 1784159188.740275 according to authority Authority undetectable
Possible reasons are listed at http://wiki.ros.org/tf/Errors%20explained
[WARN] [1784159209.244914919] []: TF_OLD_DATA ignoring data from the past for frame front_left_wheel at time 1784159188.840273 according to authority Authority undetectable
Possible reasons are listed at http://wiki.ros.org/tf/Errors%20explained
[WARN] [1784159209.244944623] []: TF_OLD_DATA ignoring data from the past for frame front_right_wheel at time 1784159188.840273 according to authority Authority undetectable
Possible reasons are listed at http://wiki.ros.org/tf/Errors%20explained
[WARN] [1784159209.244951993] []: TF_OLD_DATA ignoring data from the past for frame rear_left_wheel at time 1784159188.840273 according to authority Authority undetectable
Possible reasons are listed at http://wiki.ros.org/tf/Errors%20explained
[WARN] [1784159209.244957826] []: TF_OLD_DATA ignoring data from the past for frame rear_right_wheel at time 1784159188.840273 according to authority Authority undetectable
Possible reasons are listed at http://wiki.ros.org/tf/Errors%20explained
[WARN] [1784159209.244980993] []: TF_OLD_DATA ignoring data from the past for frame front_left_wheel at time 1784159188.940272 according to authority Authority undetectable
Possible reasons are listed at http://wiki.ros.org/tf/Errors%20explained
[WARN] [1784159209.244993549] []: TF_OLD_DATA ignoring data from the past for frame front_right_wheel at time 1784159188.940272 according to authority Authority undetectable
Possible reasons are listed at http://wiki.ros.org/tf/Errors%20explained
[WARN] [1784159209.245000030] []: TF_OLD_DATA ignoring data from the past for frame rear_left_wheel at time 1784159188.940272 according to authority Authority undetectable
Possible reasons are listed at http://wiki.ros.org/tf/Errors%20explained
[WARN] [1784159209.245725664] []: TF_OLD_DATA ignoring data from the past for frame rear_right_wheel at time 1784159188.940272 according to authority Authority undetectable
Possible reasons are listed at http://wiki.ros.org/tf/Errors%20explained
[WARN] [1784159209.245846905] []: TF_OLD_DATA ignoring data from the past for frame front_left_wheel at time 1784159189.040248 according to authority Authority undetectable
Possible reasons are listed at http://wiki.ros.org/tf/Errors%20explained
[WARN] [1784159209.245863553] []: TF_OLD_DATA ignoring data from the past for frame front_right_wheel at time 1784159189.040248 according to authority Authority undetectable
Possible reasons are listed at http://wiki.ros.org/tf/Errors%20explained
[WARN] [1784159209.246000406] []: TF_OLD_DATA ignoring data from the past for frame rear_left_wheel at time 1784159189.040248 according to authority Authority undetectable
Possible reasons are listed at http://wiki.ros.org/tf/Errors%20explained
[WARN] [1784159209.246639668] []: TF_OLD_DATA ignoring data from the past for frame rear_right_wheel at time 1784159189.040248 according to authority Authority undetectable
Possible reasons are listed at http://wiki.ros.org/tf/Errors%20explained
[WARN] [1784159209.247704841] []: TF_OLD_DATA ignoring data from the past for frame front_left_wheel at time 1784159189.240263 according to authority Authority undetectable
Possible reasons are listed at http://wiki.ros.org/tf/Errors%20explained
[WARN] [1784159209.247737100] []: TF_OLD_DATA ignoring data from the past for frame front_right_wheel at time 1784159189.240263 according to authority Authority undetectable
Possible reasons are listed at http://wiki.ros.org/tf/Errors%20explained
[WARN] [1784159209.247743933] []: TF_OLD_DATA ignoring data from the past for frame rear_left_wheel at time 1784159189.240263 according to authority Authority undetectable
Possible reasons are listed at http://wiki.ros.org/tf/Errors%20explained
[WARN] [1784159209.247750119] []: TF_OLD_DATA ignoring data from the past for frame rear_right_wheel at time 1784159189.240263 according to authority Authority undetectable
Possible reasons are listed at http://wiki.ros.org/tf/Errors%20explained
[WARN] [1784159209.247794267] []: TF_OLD_DATA ignoring data from the past for frame front_left_wheel at time 1784159189.340473 according to authority Authority undetectable
Possible reasons are listed at http://wiki.ros.org/tf/Errors%20explained
[WARN] [1784159209.247805100] []: TF_OLD_DATA ignoring data from the past for frame front_right_wheel at time 1784159189.340473 according to authority Authority undetectable
Possible reasons are listed at http://wiki.ros.org/tf/Errors%20explained
[WARN] [1784159209.247812582] []: TF_OLD_DATA ignoring data from the past for frame rear_left_wheel at time 1784159189.340473 according to authority Authority undetectable
Possible reasons are listed at http://wiki.ros.org/tf/Errors%20explained
[WARN] [1784159209.247819063] []: TF_OLD_DATA ignoring data from the past for frame rear_right_wheel at time 1784159189.340473 according to authority Authority undetectable
Possible reasons are listed at http://wiki.ros.org/tf/Errors%20explained
[WARN] [1784159209.247840175] []: TF_OLD_DATA ignoring data from the past for frame front_left_wheel at time 1784159189.440315 according to authority Authority undetectable
Possible reasons are listed at http://wiki.ros.org/tf/Errors%20explained
[WARN] [1784159209.247851527] []: TF_OLD_DATA ignoring data from the past for frame front_right_wheel at time 1784159189.440315 according to authority Authority undetectable
Possible reasons are listed at http://wiki.ros.org/tf/Errors%20explained
[WARN] [1784159209.247857730] []: TF_OLD_DATA ignoring data from the past for frame rear_left_wheel at time 1784159189.440315 according to authority Authority undetectable
Possible reasons are listed at http://wiki.ros.org/tf/Errors%20explained
[WARN] [1784159209.247863453] []: TF_OLD_DATA ignoring data from the past for frame rear_right_wheel at time 1784159189.440315 according to authority Authority undetectable
Possible reasons are listed at http://wiki.ros.org/tf/Errors%20explained
[WARN] [1784159209.248685087] []: TF_OLD_DATA ignoring data from the past for frame front_left_wheel at time 1784159189.540275 according to authority Authority undetectable
Possible reasons are listed at http://wiki.ros.org/tf/Errors%20explained
[WARN] [1784159209.250333484] []: TF_OLD_DATA ignoring data from the past for frame front_right_wheel at time 1784159189.540275 according to authority Authority undetectable
Possible reasons are listed at http://wiki.ros.org/tf/Errors%20explained
[WARN] [1784159209.250386058] []: TF_OLD_DATA ignoring data from the past for frame rear_left_wheel at time 1784159189.540275 according to authority Authority undetectable
Possible reasons are listed at http://wiki.ros.org/tf/Errors%20explained
[WARN] [1784159209.250395410] []: TF_OLD_DATA ignoring data from the past for frame rear_right_wheel at time 1784159189.540275 according to authority Authority undetectable
Possible reasons are listed at http://wiki.ros.org/tf/Errors%20explained
[WARN] [1784159209.250701097] []: TF_OLD_DATA ignoring data from the past for frame front_left_wheel at time 1784159189.640247 according to authority Authority undetectable
Possible reasons are listed at http://wiki.ros.org/tf/Errors%20explained
[WARN] [1784159209.250727375] []: TF_OLD_DATA ignoring data from the past for frame front_right_wheel at time 1784159189.640247 according to authority Authority undetectable
Possible reasons are listed at http://wiki.ros.org/tf/Errors%20explained
[WARN] [1784159209.250735042] []: TF_OLD_DATA ignoring data from the past for frame rear_left_wheel at time 1784159189.640247 according to authority Authority undetectable
Possible reasons are listed at http://wiki.ros.org/tf/Errors%20explained
[WARN] [1784159209.250742134] []: TF_OLD_DATA ignoring data from the past for frame rear_right_wheel at time 1784159189.640247 according to authority Authority undetectable
Possible reasons are listed at http://wiki.ros.org/tf/Errors%20explained
[WARN] [1784159209.250797875] []: TF_OLD_DATA ignoring data from the past for frame front_left_wheel at time 1784159189.840272 according to authority Authority undetectable
Possible reasons are listed at http://wiki.ros.org/tf/Errors%20explained
[WARN] [1784159209.250809746] []: TF_OLD_DATA ignoring data from the past for frame front_right_wheel at time 1784159189.840272 according to authority Authority undetectable
Possible reasons are listed at http://wiki.ros.org/tf/Errors%20explained
[WARN] [1784159209.250851265] []: TF_OLD_DATA ignoring data from the past for frame rear_left_wheel at time 1784159189.840272 according to authority Authority undetectable
Possible reasons are listed at http://wiki.ros.org/tf/Errors%20explained
[WARN] [1784159209.250864635] []: TF_OLD_DATA ignoring data from the past for frame rear_right_wheel at time 1784159189.840272 according to authority Authority undetectable
Possible reasons are listed at http://wiki.ros.org/tf/Errors%20explained
[WARN] [1784159209.250902117] []: TF_OLD_DATA ignoring data from the past for frame front_left_wheel at time 1784159189.940255 according to authority Authority undetectable
Possible reasons are listed at http://wiki.ros.org/tf/Errors%20explained
[WARN] [1784159209.250916172] []: TF_OLD_DATA ignoring data from the past for frame front_right_wheel at time 1784159189.940255 according to authority Authority undetectable
Possible reasons are listed at http://wiki.ros.org/tf/Errors%20explained
[WARN] [1784159209.250935006] []: TF_OLD_DATA ignoring data from the past for frame rear_left_wheel at time 1784159189.940255 according to authority Authority undetectable
Possible reasons are listed at http://wiki.ros.org/tf/Errors%20explained
[WARN] [1784159209.250942543] []: TF_OLD_DATA ignoring data from the past for frame rear_right_wheel at time 1784159189.940255 according to authority Authority undetectable
Possible reasons are listed at http://wiki.ros.org/tf/Errors%20explained
[WARN] [1784159209.250971413] []: TF_OLD_DATA ignoring data from the past for frame front_left_wheel at time 1784159190.040276 according to authority Authority undetectable
Possible reasons are listed at http://wiki.ros.org/tf/Errors%20explained
[WARN] [1784159209.250982784] []: TF_OLD_DATA ignoring data from the past for frame front_right_wheel at time 1784159190.040276 according to authority Authority undetectable
Possible reasons are listed at http://wiki.ros.org/tf/Errors%20explained
[WARN] [1784159209.250990895] []: TF_OLD_DATA ignoring data from the past for frame rear_left_wheel at time 1784159190.040276 according to authority Authority undetectable
Possible reasons are listed at http://wiki.ros.org/tf/Errors%20explained
[WARN] [1784159209.251027043] []: TF_OLD_DATA ignoring data from the past for frame rear_right_wheel at time 1784159190.040276 according to authority Authority undetectable
Possible reasons are listed at http://wiki.ros.org/tf/Errors%20explained
[WARN] [1784159209.251365601] []: TF_OLD_DATA ignoring data from the past for frame front_left_wheel at time 1784159190.140272 according to authority Authority undetectable
Possible reasons are listed at http://wiki.ros.org/tf/Errors%20explained
[WARN] [1784159209.251382193] []: TF_OLD_DATA ignoring data from the past for frame front_right_wheel at time 1784159190.140272 according to authority Authority undetectable
Possible reasons are listed at http://wiki.ros.org/tf/Errors%20explained
[WARN] [1784159209.251388915] []: TF_OLD_DATA ignoring data from the past for frame rear_left_wheel at time 1784159190.140272 according to authority Authority undetectable
Possible reasons are listed at http://wiki.ros.org/tf/Errors%20explained
[WARN] [1784159209.251394990] []: TF_OLD_DATA ignoring data from the past for frame rear_right_wheel at time 1784159190.140272 according to authority Authority undetectable
Possible reasons are listed at http://wiki.ros.org/tf/Errors%20explained
[WARN] [1784159209.251432286] []: TF_OLD_DATA ignoring data from the past for frame front_left_wheel at time 1784159190.240282 according to authority Authority undetectable
Possible reasons are listed at http://wiki.ros.org/tf/Errors%20explained
[WARN] [1784159209.251443675] []: TF_OLD_DATA ignoring data from the past for frame front_right_wheel at time 1784159190.240282 according to authority Authority undetectable
Possible reasons are listed at http://wiki.ros.org/tf/Errors%20explained
[WARN] [1784159209.251450305] []: TF_OLD_DATA ignoring data from the past for frame rear_left_wheel at time 1784159190.240282 according to authority Authority undetectable
Possible reasons are listed at http://wiki.ros.org/tf/Errors%20explained
[WARN] [1784159209.251456138] []: TF_OLD_DATA ignoring data from the past for frame rear_right_wheel at time 1784159190.240282 according to authority Authority undetectable
Possible reasons are listed at http://wiki.ros.org/tf/Errors%20explained
[WARN] [1784159209.251476712] []: TF_OLD_DATA ignoring data from the past for frame front_left_wheel at time 1784159190.340278 according to authority Authority undetectable
Possible reasons are listed at http://wiki.ros.org/tf/Errors%20explained
[WARN] [1784159209.251488527] []: TF_OLD_DATA ignoring data from the past for frame front_right_wheel at time 1784159190.340278 according to authority Authority undetectable
Possible reasons are listed at http://wiki.ros.org/tf/Errors%20explained
[WARN] [1784159209.251494546] []: TF_OLD_DATA ignoring data from the past for frame rear_left_wheel at time 1784159190.340278 according to authority Authority undetectable
Possible reasons are listed at http://wiki.ros.org/tf/Errors%20explained
[WARN] [1784159209.251500231] []: TF_OLD_DATA ignoring data from the past for frame rear_right_wheel at time 1784159190.340278 according to authority Authority undetectable
Possible reasons are listed at http://wiki.ros.org/tf/Errors%20explained
[WARN] [1784159209.251521731] []: TF_OLD_DATA ignoring data from the past for frame front_left_wheel at time 1784159190.440260 according to authority Authority undetectable
Possible reasons are listed at http://wiki.ros.org/tf/Errors%20explained
[WARN] [1784159209.251529620] []: TF_OLD_DATA ignoring data from the past for frame front_right_wheel at time 1784159190.440260 according to authority Authority undetectable
Possible reasons are listed at http://wiki.ros.org/tf/Errors%20explained
[WARN] [1784159209.251535398] []: TF_OLD_DATA ignoring data from the past for frame rear_left_wheel at time 1784159190.440260 according to authority Authority undetectable
Possible reasons are listed at http://wiki.ros.org/tf/Errors%20explained
[WARN] [1784159209.251541101] []: TF_OLD_DATA ignoring data from the past for frame rear_right_wheel at time 1784159190.440260 according to authority Authority undetectable
Possible reasons are listed at http://wiki.ros.org/tf/Errors%20explained
[WARN] [1784159209.251573657] []: TF_OLD_DATA ignoring data from the past for frame front_left_wheel at time 1784159190.540281 according to authority Authority undetectable
Possible reasons are listed at http://wiki.ros.org/tf/Errors%20explained
[WARN] [1784159209.251586176] []: TF_OLD_DATA ignoring data from the past for frame front_right_wheel at time 1784159190.540281 according to authority Authority undetectable
Possible reasons are listed at http://wiki.ros.org/tf/Errors%20explained
[WARN] [1784159209.251594102] []: TF_OLD_DATA ignoring data from the past for frame rear_left_wheel at time 1784159190.540281 according to authority Authority undetectable
Possible reasons are listed at http://wiki.ros.org/tf/Errors%20explained
[WARN] [1784159209.251601546] []: TF_OLD_DATA ignoring data from the past for frame rear_right_wheel at time 1784159190.540281 according to authority Authority undetectable
Possible reasons are listed at http://wiki.ros.org/tf/Errors%20explained
[WARN] [1784159209.251621194] []: TF_OLD_DATA ignoring data from the past for frame front_left_wheel at time 1784159190.640272 according to authority Authority undetectable
Possible reasons are listed at http://wiki.ros.org/tf/Errors%20explained
[WARN] [1784159209.251629250] []: TF_OLD_DATA ignoring data from the past for frame front_right_wheel at time 1784159190.640272 according to authority Authority undetectable
Possible reasons are listed at http://wiki.ros.org/tf/Errors%20explained
[WARN] [1784159209.251635491] []: TF_OLD_DATA ignoring data from the past for frame rear_left_wheel at time 1784159190.640272 according to authority Authority undetectable
Possible reasons are listed at http://wiki.ros.org/tf/Errors%20explained
[WARN] [1784159209.251641546] []: TF_OLD_DATA ignoring data from the past for frame rear_right_wheel at time 1784159190.640272 according to authority Authority undetectable
Possible reasons are listed at http://wiki.ros.org/tf/Errors%20explained
[WARN] [1784159209.251668676] []: TF_OLD_DATA ignoring data from the past for frame front_left_wheel at time 1784159190.740266 according to authority Authority undetectable
Possible reasons are listed at http://wiki.ros.org/tf/Errors%20explained
[WARN] [1784159209.251681306] []: TF_OLD_DATA ignoring data from the past for frame front_right_wheel at time 1784159190.740266 according to authority Authority undetectable
Possible reasons are listed at http://wiki.ros.org/tf/Errors%20explained
[WARN] [1784159209.251688917] []: TF_OLD_DATA ignoring data from the past for frame rear_left_wheel at time 1784159190.740266 according to authority Authority undetectable
Possible reasons are listed at http://wiki.ros.org/tf/Errors%20explained
[WARN] [1784159209.251695528] []: TF_OLD_DATA ignoring data from the past for frame rear_right_wheel at time 1784159190.740266 according to authority Authority undetectable
Possible reasons are listed at http://wiki.ros.org/tf/Errors%20explained
[WARN] [1784159209.252293013] []: TF_OLD_DATA ignoring data from the past for frame front_left_wheel at time 1784159191.340300 according to authority Authority undetectable
Possible reasons are listed at http://wiki.ros.org/tf/Errors%20explained
[WARN] [1784159209.252316531] []: TF_OLD_DATA ignoring data from the past for frame front_right_wheel at time 1784159191.340300 according to authority Authority undetectable
Possible reasons are listed at http://wiki.ros.org/tf/Errors%20explained
[WARN] [1784159209.252325587] []: TF_OLD_DATA ignoring data from the past for frame rear_left_wheel at time 1784159191.340300 according to authority Authority undetectable
Possible reasons are listed at http://wiki.ros.org/tf/Errors%20explained
[WARN] [1784159209.252337198] []: TF_OLD_DATA ignoring data from the past for frame rear_right_wheel at time 1784159191.340300 according to authority Authority undetectable
Possible reasons are listed at http://wiki.ros.org/tf/Errors%20explained
[WARN] [1784159209.252429588] []: TF_OLD_DATA ignoring data from the past for frame front_left_wheel at time 1784159191.440272 according to authority Authority undetectable
Possible reasons are listed at http://wiki.ros.org/tf/Errors%20explained
[WARN] [1784159209.252445532] []: TF_OLD_DATA ignoring data from the past for frame front_right_wheel at time 1784159191.440272 according to authority Authority undetectable
Possible reasons are listed at http://wiki.ros.org/tf/Errors%20explained
[WARN] [1784159209.252452458] []: TF_OLD_DATA ignoring data from the past for frame rear_left_wheel at time 1784159191.440272 according to authority Authority undetectable
Possible reasons are listed at http://wiki.ros.org/tf/Errors%20explained
[WARN] [1784159209.252459217] []: TF_OLD_DATA ignoring data from the past for frame rear_right_wheel at time 1784159191.440272 according to authority Authority undetectable
Possible reasons are listed at http://wiki.ros.org/tf/Errors%20explained
[WARN] [1784159209.252488829] []: TF_OLD_DATA ignoring data from the past for frame front_left_wheel at time 1784159191.540268 according to authority Authority undetectable
Possible reasons are listed at http://wiki.ros.org/tf/Errors%20explained
[WARN] [1784159209.252499662] []: TF_OLD_DATA ignoring data from the past for frame front_right_wheel at time 1784159191.540268 according to authority Authority undetectable
Possible reasons are listed at http://wiki.ros.org/tf/Errors%20explained
[WARN] [1784159209.252506273] []: TF_OLD_DATA ignoring data from the past for frame rear_left_wheel at time 1784159191.540268 according to authority Authority undetectable
Possible reasons are listed at http://wiki.ros.org/tf/Errors%20explained
[WARN] [1784159209.252512273] []: TF_OLD_DATA ignoring data from the past for frame rear_right_wheel at time 1784159191.540268 according to authority Authority undetectable
Possible reasons are listed at http://wiki.ros.org/tf/Errors%20explained
[WARN] [1784159209.252541551] []: TF_OLD_DATA ignoring data from the past for frame front_left_wheel at time 1784159191.640266 according to authority Authority undetectable
Possible reasons are listed at http://wiki.ros.org/tf/Errors%20explained
[WARN] [1784159209.252557736] []: TF_OLD_DATA ignoring data from the past for frame front_right_wheel at time 1784159191.640266 according to authority Authority undetectable
Possible reasons are listed at http://wiki.ros.org/tf/Errors%20explained
[WARN] [1784159209.252565033] []: TF_OLD_DATA ignoring data from the past for frame rear_left_wheel at time 1784159191.640266 according to authority Authority undetectable
Possible reasons are listed at http://wiki.ros.org/tf/Errors%20explained
[WARN] [1784159209.253248814] []: TF_OLD_DATA ignoring data from the past for frame rear_right_wheel at time 1784159191.640266 according to authority Authority undetectable
Possible reasons are listed at http://wiki.ros.org/tf/Errors%20explained
[WARN] [1784159209.253856280] []: TF_OLD_DATA ignoring data from the past for frame front_left_wheel at time 1784159191.740295 according to authority Authority undetectable
Possible reasons are listed at http://wiki.ros.org/tf/Errors%20explained
[WARN] [1784159209.254666951] []: TF_OLD_DATA ignoring data from the past for frame front_right_wheel at time 1784159191.740295 according to authority Authority undetectable
Possible reasons are listed at http://wiki.ros.org/tf/Errors%20explained
[WARN] [1784159209.254724637] []: TF_OLD_DATA ignoring data from the past for frame rear_left_wheel at time 1784159191.740295 according to authority Authority undetectable
Possible reasons are listed at http://wiki.ros.org/tf/Errors%20explained
[WARN] [1784159209.254732785] []: TF_OLD_DATA ignoring data from the past for frame rear_right_wheel at time 1784159191.740295 according to authority Authority undetectable
Possible reasons are listed at http://wiki.ros.org/tf/Errors%20explained
[WARN] [1784159209.255355918] []: TF_OLD_DATA ignoring data from the past for frame front_left_wheel at time 1784159191.840294 according to authority Authority undetectable
Possible reasons are listed at http://wiki.ros.org/tf/Errors%20explained
[WARN] [1784159209.255405788] []: TF_OLD_DATA ignoring data from the past for frame front_right_wheel at time 1784159191.840294 according to authority Authority undetectable
Possible reasons are listed at http://wiki.ros.org/tf/Errors%20explained
[WARN] [1784159209.255415362] []: TF_OLD_DATA ignoring data from the past for frame rear_left_wheel at time 1784159191.840294 according to authority Authority undetectable
Possible reasons are listed at http://wiki.ros.org/tf/Errors%20explained
[WARN] [1784159209.255421455] []: TF_OLD_DATA ignoring data from the past for frame rear_right_wheel at time 1784159191.840294 according to authority Authority undetectable
Possible reasons are listed at http://wiki.ros.org/tf/Errors%20explained
[WARN] [1784159209.255452196] []: TF_OLD_DATA ignoring data from the past for frame front_left_wheel at time 1784159191.940277 according to authority Authority undetectable
Possible reasons are listed at http://wiki.ros.org/tf/Errors%20explained
[WARN] [1784159209.255463400] []: TF_OLD_DATA ignoring data from the past for frame front_right_wheel at time 1784159191.940277 according to authority Authority undetectable
Possible reasons are listed at http://wiki.ros.org/tf/Errors%20explained
[WARN] [1784159209.255470122] []: TF_OLD_DATA ignoring data from the past for frame rear_left_wheel at time 1784159191.940277 according to authority Authority undetectable
Possible reasons are listed at http://wiki.ros.org/tf/Errors%20explained
[WARN] [1784159209.255475955] []: TF_OLD_DATA ignoring data from the past for frame rear_right_wheel at time 1784159191.940277 according to authority Authority undetectable
Possible reasons are listed at http://wiki.ros.org/tf/Errors%20explained
[WARN] [1784159209.255495307] []: TF_OLD_DATA ignoring data from the past for frame front_left_wheel at time 1784159192.040259 according to authority Authority undetectable
Possible reasons are listed at http://wiki.ros.org/tf/Errors%20explained
[WARN] [1784159209.255506993] []: TF_OLD_DATA ignoring data from the past for frame front_right_wheel at time 1784159192.040259 according to authority Authority undetectable
Possible reasons are listed at http://wiki.ros.org/tf/Errors%20explained
[WARN] [1784159209.255512881] []: TF_OLD_DATA ignoring data from the past for frame rear_left_wheel at time 1784159192.040259 according to authority Authority undetectable
Possible reasons are listed at http://wiki.ros.org/tf/Errors%20explained
[WARN] [1784159209.255518844] []: TF_OLD_DATA ignoring data from the past for frame rear_right_wheel at time 1784159192.040259 according to authority Authority undetectable
Possible reasons are listed at http://wiki.ros.org/tf/Errors%20explained
[WARN] [1784159209.255536030] []: TF_OLD_DATA ignoring data from the past for frame front_left_wheel at time 1784159192.140260 according to authority Authority undetectable
Possible reasons are listed at http://wiki.ros.org/tf/Errors%20explained
[WARN] [1784159209.255544271] []: TF_OLD_DATA ignoring data from the past for frame front_right_wheel at time 1784159192.140260 according to authority Authority undetectable
Possible reasons are listed at http://wiki.ros.org/tf/Errors%20explained
[WARN] [1784159209.255550122] []: TF_OLD_DATA ignoring data from the past for frame rear_left_wheel at time 1784159192.140260 according to authority Authority undetectable
Possible reasons are listed at http://wiki.ros.org/tf/Errors%20explained
[WARN] [1784159209.255555882] []: TF_OLD_DATA ignoring data from the past for frame rear_right_wheel at time 1784159192.140260 according to authority Authority undetectable
Possible reasons are listed at http://wiki.ros.org/tf/Errors%20explained
[WARN] [1784159209.255576437] []: TF_OLD_DATA ignoring data from the past for frame front_left_wheel at time 1784159192.240281 according to authority Authority undetectable
Possible reasons are listed at http://wiki.ros.org/tf/Errors%20explained
[WARN] [1784159209.255586863] []: TF_OLD_DATA ignoring data from the past for frame front_right_wheel at time 1784159192.240281 according to authority Authority undetectable
Possible reasons are listed at http://wiki.ros.org/tf/Errors%20explained
[WARN] [1784159209.255607789] []: TF_OLD_DATA ignoring data from the past for frame rear_left_wheel at time 1784159192.240281 according to authority Authority undetectable
Possible reasons are listed at http://wiki.ros.org/tf/Errors%20explained
[WARN] [1784159209.255808290] []: TF_OLD_DATA ignoring data from the past for frame rear_right_wheel at time 1784159192.240281 according to authority Authority undetectable
Possible reasons are listed at http://wiki.ros.org/tf/Errors%20explained
[WARN] [1784159209.255867365] []: TF_OLD_DATA ignoring data from the past for frame front_left_wheel at time 1784159192.440273 according to authority Authority undetectable
Possible reasons are listed at http://wiki.ros.org/tf/Errors%20explained
[WARN] [1784159209.255878624] []: TF_OLD_DATA ignoring data from the past for frame front_right_wheel at time 1784159192.440273 according to authority Authority undetectable
Possible reasons are listed at http://wiki.ros.org/tf/Errors%20explained
[WARN] [1784159209.255884828] []: TF_OLD_DATA ignoring data from the past for frame rear_left_wheel at time 1784159192.440273 according to authority Authority undetectable
Possible reasons are listed at http://wiki.ros.org/tf/Errors%20explained
[WARN] [1784159209.255890846] []: TF_OLD_DATA ignoring data from the past for frame rear_right_wheel at time 1784159192.440273 according to authority Authority undetectable
Possible reasons are listed at http://wiki.ros.org/tf/Errors%20explained
[WARN] [1784159209.255911643] []: TF_OLD_DATA ignoring data from the past for frame front_left_wheel at time 1784159192.540273 according to authority Authority undetectable
Possible reasons are listed at http://wiki.ros.org/tf/Errors%20explained
[WARN] [1784159209.256002625] []: TF_OLD_DATA ignoring data from the past for frame front_right_wheel at time 1784159192.540273 according to authority Authority undetectable
Possible reasons are listed at http://wiki.ros.org/tf/Errors%20explained
[WARN] [1784159209.256045014] []: TF_OLD_DATA ignoring data from the past for frame rear_left_wheel at time 1784159192.540273 according to authority Authority undetectable
Possible reasons are listed at http://wiki.ros.org/tf/Errors%20explained
[WARN] [1784159209.256053366] []: TF_OLD_DATA ignoring data from the past for frame rear_right_wheel at time 1784159192.540273 according to authority Authority undetectable
Possible reasons are listed at http://wiki.ros.org/tf/Errors%20explained
[WARN] [1784159209.256085847] []: TF_OLD_DATA ignoring data from the past for frame front_left_wheel at time 1784159192.640250 according to authority Authority undetectable
Possible reasons are listed at http://wiki.ros.org/tf/Errors%20explained
[WARN] [1784159209.256096440] []: TF_OLD_DATA ignoring data from the past for frame front_right_wheel at time 1784159192.640250 according to authority Authority undetectable
Possible reasons are listed at http://wiki.ros.org/tf/Errors%20explained
[WARN] [1784159209.256102644] []: TF_OLD_DATA ignoring data from the past for frame rear_left_wheel at time 1784159192.640250 according to authority Authority undetectable
Possible reasons are listed at http://wiki.ros.org/tf/Errors%20explained
[WARN] [1784159209.256108422] []: TF_OLD_DATA ignoring data from the past for frame rear_right_wheel at time 1784159192.640250 according to authority Authority undetectable
Possible reasons are listed at http://wiki.ros.org/tf/Errors%20explained
[WARN] [1784159209.256128829] []: TF_OLD_DATA ignoring data from the past for frame front_left_wheel at time 1784159192.740253 according to authority Authority undetectable
Possible reasons are listed at http://wiki.ros.org/tf/Errors%20explained
[WARN] [1784159209.256137459] []: TF_OLD_DATA ignoring data from the past for frame front_right_wheel at time 1784159192.740253 according to authority Authority undetectable
Possible reasons are listed at http://wiki.ros.org/tf/Errors%20explained
[WARN] [1784159209.256162848] []: TF_OLD_DATA ignoring data from the past for frame rear_left_wheel at time 1784159192.740253 according to authority Authority undetectable
Possible reasons are listed at http://wiki.ros.org/tf/Errors%20explained
[WARN] [1784159209.256170885] []: TF_OLD_DATA ignoring data from the past for frame rear_right_wheel at time 1784159192.740253 according to authority Authority undetectable
Possible reasons are listed at http://wiki.ros.org/tf/Errors%20explained
[WARN] [1784159209.256192681] []: TF_OLD_DATA ignoring data from the past for frame front_left_wheel at time 1784159192.840299 according to authority Authority undetectable
Possible reasons are listed at http://wiki.ros.org/tf/Errors%20explained
[WARN] [1784159209.256201959] []: TF_OLD_DATA ignoring data from the past for frame front_right_wheel at time 1784159192.840299 according to authority Authority undetectable
Possible reasons are listed at http://wiki.ros.org/tf/Errors%20explained
[WARN] [1784159209.256209404] []: TF_OLD_DATA ignoring data from the past for frame rear_left_wheel at time 1784159192.840299 according to authority Authority undetectable
Possible reasons are listed at http://wiki.ros.org/tf/Errors%20explained
[WARN] [1784159209.256216126] []: TF_OLD_DATA ignoring data from the past for frame rear_right_wheel at time 1784159192.840299 according to authority Authority undetectable
Possible reasons are listed at http://wiki.ros.org/tf/Errors%20explained
[WARN] [1784159209.256239719] []: TF_OLD_DATA ignoring data from the past for frame front_left_wheel at time 1784159192.940273 according to authority Authority undetectable
Possible reasons are listed at http://wiki.ros.org/tf/Errors%20explained
[WARN] [1784159209.256249663] []: TF_OLD_DATA ignoring data from the past for frame front_right_wheel at time 1784159192.940273 according to authority Authority undetectable
Possible reasons are listed at http://wiki.ros.org/tf/Errors%20explained
[WARN] [1784159209.256256459] []: TF_OLD_DATA ignoring data from the past for frame rear_left_wheel at time 1784159192.940273 according to authority Authority undetectable
Possible reasons are listed at http://wiki.ros.org/tf/Errors%20explained
[WARN] [1784159209.256262441] []: TF_OLD_DATA ignoring data from the past for frame rear_right_wheel at time 1784159192.940273 according to authority Authority undetectable
Possible reasons are listed at http://wiki.ros.org/tf/Errors%20explained
[WARN] [1784159209.256404701] []: TF_OLD_DATA ignoring data from the past for frame front_left_wheel at time 1784159193.440526 according to authority Authority undetectable
Possible reasons are listed at http://wiki.ros.org/tf/Errors%20explained
[WARN] [1784159209.256418683] []: TF_OLD_DATA ignoring data from the past for frame front_right_wheel at time 1784159193.440526 according to authority Authority undetectable
Possible reasons are listed at http://wiki.ros.org/tf/Errors%20explained
[WARN] [1784159209.256425960] []: TF_OLD_DATA ignoring data from the past for frame rear_left_wheel at time 1784159193.440526 according to authority Authority undetectable
Possible reasons are listed at http://wiki.ros.org/tf/Errors%20explained
[WARN] [1784159209.256432183] []: TF_OLD_DATA ignoring data from the past for frame rear_right_wheel at time 1784159193.440526 according to authority Authority undetectable
Possible reasons are listed at http://wiki.ros.org/tf/Errors%20explained
[WARN] [1784159209.256453331] []: TF_OLD_DATA ignoring data from the past for frame front_left_wheel at time 1784159193.540291 according to authority Authority undetectable
Possible reasons are listed at http://wiki.ros.org/tf/Errors%20explained
[WARN] [1784159209.256462090] []: TF_OLD_DATA ignoring data from the past for frame front_right_wheel at time 1784159193.540291 according to authority Authority undetectable
Possible reasons are listed at http://wiki.ros.org/tf/Errors%20explained
[WARN] [1784159209.256468831] []: TF_OLD_DATA ignoring data from the past for frame rear_left_wheel at time 1784159193.540291 according to authority Authority undetectable
Possible reasons are listed at http://wiki.ros.org/tf/Errors%20explained
[WARN] [1784159209.256498442] []: TF_OLD_DATA ignoring data from the past for frame rear_right_wheel at time 1784159193.540291 according to authority Authority undetectable
Possible reasons are listed at http://wiki.ros.org/tf/Errors%20explained
[WARN] [1784159209.256528905] []: TF_OLD_DATA ignoring data from the past for frame front_left_wheel at time 1784159193.640270 according to authority Authority undetectable
Possible reasons are listed at http://wiki.ros.org/tf/Errors%20explained
[WARN] [1784159209.256541979] []: TF_OLD_DATA ignoring data from the past for frame front_right_wheel at time 1784159193.640270 according to authority Authority undetectable
Possible reasons are listed at http://wiki.ros.org/tf/Errors%20explained
[WARN] [1784159209.256549572] []: TF_OLD_DATA ignoring data from the past for frame rear_left_wheel at time 1784159193.640270 according to authority Authority undetectable
Possible reasons are listed at http://wiki.ros.org/tf/Errors%20explained
[WARN] [1784159209.256555387] []: TF_OLD_DATA ignoring data from the past for frame rear_right_wheel at time 1784159193.640270 according to authority Authority undetectable
Possible reasons are listed at http://wiki.ros.org/tf/Errors%20explained
[WARN] [1784159209.256575461] []: TF_OLD_DATA ignoring data from the past for frame front_left_wheel at time 1784159193.740260 according to authority Authority undetectable
Possible reasons are listed at http://wiki.ros.org/tf/Errors%20explained
[WARN] [1784159209.256586276] []: TF_OLD_DATA ignoring data from the past for frame front_right_wheel at time 1784159193.740260 according to authority Authority undetectable
Possible reasons are listed at http://wiki.ros.org/tf/Errors%20explained
[WARN] [1784159209.256667406] []: TF_OLD_DATA ignoring data from the past for frame rear_left_wheel at time 1784159193.740260 according to authority Authority undetectable
Possible reasons are listed at http://wiki.ros.org/tf/Errors%20explained
[WARN] [1784159209.256720129] []: TF_OLD_DATA ignoring data from the past for frame rear_right_wheel at time 1784159193.740260 according to authority Authority undetectable
Possible reasons are listed at http://wiki.ros.org/tf/Errors%20explained
[WARN] [1784159209.257675171] []: TF_OLD_DATA ignoring data from the past for frame front_left_wheel at time 1784159194.740294 according to authority Authority undetectable
Possible reasons are listed at http://wiki.ros.org/tf/Errors%20explained
[WARN] [1784159209.257704948] []: TF_OLD_DATA ignoring data from the past for frame front_right_wheel at time 1784159194.740294 according to authority Authority undetectable
Possible reasons are listed at http://wiki.ros.org/tf/Errors%20explained
[WARN] [1784159209.257712708] []: TF_OLD_DATA ignoring data from the past for frame rear_left_wheel at time 1784159194.740294 according to authority Authority undetectable
Possible reasons are listed at http://wiki.ros.org/tf/Errors%20explained
[WARN] [1784159209.257719560] []: TF_OLD_DATA ignoring data from the past for frame rear_right_wheel at time 1784159194.740294 according to authority Authority undetectable
Possible reasons are listed at http://wiki.ros.org/tf/Errors%20explained
[WARN] [1784159209.257912579] []: TF_OLD_DATA ignoring data from the past for frame front_left_wheel at time 1784159194.840260 according to authority Authority undetectable
Possible reasons are listed at http://wiki.ros.org/tf/Errors%20explained
[WARN] [1784159209.257949765] []: TF_OLD_DATA ignoring data from the past for frame front_right_wheel at time 1784159194.840260 according to authority Authority undetectable
Possible reasons are listed at http://wiki.ros.org/tf/Errors%20explained
[WARN] [1784159209.257958357] []: TF_OLD_DATA ignoring data from the past for frame rear_left_wheel at time 1784159194.840260 according to authority Authority undetectable
Possible reasons are listed at http://wiki.ros.org/tf/Errors%20explained
[WARN] [1784159209.257965061] []: TF_OLD_DATA ignoring data from the past for frame rear_right_wheel at time 1784159194.840260 according to authority Authority undetectable
Possible reasons are listed at http://wiki.ros.org/tf/Errors%20explained
[WARN] [1784159209.259450569] []: TF_OLD_DATA ignoring data from the past for frame front_left_wheel at time 1784159195.040287 according to authority Authority undetectable
Possible reasons are listed at http://wiki.ros.org/tf/Errors%20explained
[WARN] [1784159209.259673681] []: TF_OLD_DATA ignoring data from the past for frame front_right_wheel at time 1784159195.040287 according to authority Authority undetectable
Possible reasons are listed at http://wiki.ros.org/tf/Errors%20explained
[WARN] [1784159209.259683959] []: TF_OLD_DATA ignoring data from the past for frame rear_left_wheel at time 1784159195.040287 according to authority Authority undetectable
Possible reasons are listed at http://wiki.ros.org/tf/Errors%20explained
[WARN] [1784159209.259690700] []: TF_OLD_DATA ignoring data from the past for frame rear_right_wheel at time 1784159195.040287 according to authority Authority undetectable
Possible reasons are listed at http://wiki.ros.org/tf/Errors%20explained
[WARN] [1784159209.261700488] []: TF_OLD_DATA ignoring data from the past for frame front_left_wheel at time 1784159195.140286 according to authority Authority undetectable
Possible reasons are listed at http://wiki.ros.org/tf/Errors%20explained
[WARN] [1784159209.261737858] []: TF_OLD_DATA ignoring data from the past for frame front_right_wheel at time 1784159195.140286 according to authority Authority undetectable
Possible reasons are listed at http://wiki.ros.org/tf/Errors%20explained
[WARN] [1784159209.261745599] []: TF_OLD_DATA ignoring data from the past for frame rear_left_wheel at time 1784159195.140286 according to authority Authority undetectable
Possible reasons are listed at http://wiki.ros.org/tf/Errors%20explained
[WARN] [1784159209.261814174] []: TF_OLD_DATA ignoring data from the past for frame rear_right_wheel at time 1784159195.140286 according to authority Authority undetectable
Possible reasons are listed at http://wiki.ros.org/tf/Errors%20explained
[WARN] [1784159209.261943897] []: TF_OLD_DATA ignoring data from the past for frame front_left_wheel at time 1784159195.740269 according to authority Authority undetectable
Possible reasons are listed at http://wiki.ros.org/tf/Errors%20explained
[WARN] [1784159209.261958397] []: TF_OLD_DATA ignoring data from the past for frame front_right_wheel at time 1784159195.740269 according to authority Authority undetectable
Possible reasons are listed at http://wiki.ros.org/tf/Errors%20explained
[WARN] [1784159209.261966119] []: TF_OLD_DATA ignoring data from the past for frame rear_left_wheel at time 1784159195.740269 according to authority Authority undetectable
Possible reasons are listed at http://wiki.ros.org/tf/Errors%20explained
[WARN] [1784159209.261973693] []: TF_OLD_DATA ignoring data from the past for frame rear_right_wheel at time 1784159195.740269 according to authority Authority undetectable
Possible reasons are listed at http://wiki.ros.org/tf/Errors%20explained
[WARN] [1784159209.262002934] []: TF_OLD_DATA ignoring data from the past for frame front_left_wheel at time 1784159195.840332 according to authority Authority undetectable
Possible reasons are listed at http://wiki.ros.org/tf/Errors%20explained
[WARN] [1784159209.262052508] []: TF_OLD_DATA ignoring data from the past for frame front_right_wheel at time 1784159195.840332 according to authority Authority undetectable
Possible reasons are listed at http://wiki.ros.org/tf/Errors%20explained
[WARN] [1784159209.262134027] []: TF_OLD_DATA ignoring data from the past for frame rear_left_wheel at time 1784159195.840332 according to authority Authority undetectable
Possible reasons are listed at http://wiki.ros.org/tf/Errors%20explained
[WARN] [1784159209.262145583] []: TF_OLD_DATA ignoring data from the past for frame rear_right_wheel at time 1784159195.840332 according to authority Authority undetectable
Possible reasons are listed at http://wiki.ros.org/tf/Errors%20explained
[WARN] [1784159209.262267528] []: TF_OLD_DATA ignoring data from the past for frame front_left_wheel at time 1784159195.940254 according to authority Authority undetectable
Possible reasons are listed at http://wiki.ros.org/tf/Errors%20explained
[WARN] [1784159209.262283843] []: TF_OLD_DATA ignoring data from the past for frame front_right_wheel at time 1784159195.940254 according to authority Authority undetectable
Possible reasons are listed at http://wiki.ros.org/tf/Errors%20explained
[WARN] [1784159209.262290417] []: TF_OLD_DATA ignoring data from the past for frame rear_left_wheel at time 1784159195.940254 according to authority Authority undetectable
Possible reasons are listed at http://wiki.ros.org/tf/Errors%20explained
[WARN] [1784159209.262296917] []: TF_OLD_DATA ignoring data from the past for frame rear_right_wheel at time 1784159195.940254 according to authority Authority undetectable
Possible reasons are listed at http://wiki.ros.org/tf/Errors%20explained
[WARN] [1784159209.262326213] []: TF_OLD_DATA ignoring data from the past for frame front_left_wheel at time 1784159196.040298 according to authority Authority undetectable
Possible reasons are listed at http://wiki.ros.org/tf/Errors%20explained
[WARN] [1784159209.262336917] []: TF_OLD_DATA ignoring data from the past for frame front_right_wheel at time 1784159196.040298 according to authority Authority undetectable
Possible reasons are listed at http://wiki.ros.org/tf/Errors%20explained
[WARN] [1784159209.262344102] []: TF_OLD_DATA ignoring data from the past for frame rear_left_wheel at time 1784159196.040298 according to authority Authority undetectable
Possible reasons are listed at http://wiki.ros.org/tf/Errors%20explained
[WARN] [1784159209.262350565] []: TF_OLD_DATA ignoring data from the past for frame rear_right_wheel at time 1784159196.040298 according to authority Authority undetectable
Possible reasons are listed at http://wiki.ros.org/tf/Errors%20explained
[WARN] [1784159209.262374103] []: TF_OLD_DATA ignoring data from the past for frame front_left_wheel at time 1784159196.140262 according to authority Authority undetectable
Possible reasons are listed at http://wiki.ros.org/tf/Errors%20explained
[WARN] [1784159209.262384399] []: TF_OLD_DATA ignoring data from the past for frame front_right_wheel at time 1784159196.140262 according to authority Authority undetectable
Possible reasons are listed at http://wiki.ros.org/tf/Errors%20explained
[WARN] [1784159209.262391288] []: TF_OLD_DATA ignoring data from the past for frame rear_left_wheel at time 1784159196.140262 according to authority Authority undetectable
Possible reasons are listed at http://wiki.ros.org/tf/Errors%20explained
[WARN] [1784159209.262397010] []: TF_OLD_DATA ignoring data from the past for frame rear_right_wheel at time 1784159196.140262 according to authority Authority undetectable
Possible reasons are listed at http://wiki.ros.org/tf/Errors%20explained
[WARN] [1784159209.262416658] []: TF_OLD_DATA ignoring data from the past for frame front_left_wheel at time 1784159196.240268 according to authority Authority undetectable
Possible reasons are listed at http://wiki.ros.org/tf/Errors%20explained
[WARN] [1784159209.262544140] []: TF_OLD_DATA ignoring data from the past for frame front_right_wheel at time 1784159196.240268 according to authority Authority undetectable
Possible reasons are listed at http://wiki.ros.org/tf/Errors%20explained
[WARN] [1784159209.262559752] []: TF_OLD_DATA ignoring data from the past for frame rear_left_wheel at time 1784159196.240268 according to authority Authority undetectable
Possible reasons are listed at http://wiki.ros.org/tf/Errors%20explained
[WARN] [1784159209.262566289] []: TF_OLD_DATA ignoring data from the past for frame rear_right_wheel at time 1784159196.240268 according to authority Authority undetectable
Possible reasons are listed at http://wiki.ros.org/tf/Errors%20explained
[WARN] [1784159209.262601622] []: TF_OLD_DATA ignoring data from the past for frame front_left_wheel at time 1784159196.340283 according to authority Authority undetectable
Possible reasons are listed at http://wiki.ros.org/tf/Errors%20explained
[WARN] [1784159209.262630437] []: TF_OLD_DATA ignoring data from the past for frame front_right_wheel at time 1784159196.340283 according to authority Authority undetectable
Possible reasons are listed at http://wiki.ros.org/tf/Errors%20explained
[WARN] [1784159209.262638715] []: TF_OLD_DATA ignoring data from the past for frame rear_left_wheel at time 1784159196.340283 according to authority Authority undetectable
Possible reasons are listed at http://wiki.ros.org/tf/Errors%20explained
[WARN] [1784159209.262644660] []: TF_OLD_DATA ignoring data from the past for frame rear_right_wheel at time 1784159196.340283 according to authority Authority undetectable
Possible reasons are listed at http://wiki.ros.org/tf/Errors%20explained
[INFO] [1784159209.274533407] [rclcpp]: signal_handler(SIGINT/SIGTERM)
[INFO] [1784159209.274778167] [behavior_server]: Running Nav2 LifecycleNode rcl preshutdown (behavior_server)
[INFO] [1784159209.274955428] [behavior_server]: Deactivating
[INFO] [1784159209.275038465] [behavior_server]: Destroying bond (behavior_server) to lifecycle manager.
[INFO] [1784159209.384054720] [behavior_server]: Cleaning up
[INFO] [1784159209.539041049] [behavior_server]: Destroying bond (behavior_server) to lifecycle manager.
