[INFO] [1785294156.240085359] [behavior_server]: 
	behavior_server lifecycle node launched. 
	Waiting on external lifecycle transitions to activate
	See https://design.ros2.org/articles/node_lifecycle.html for more information.
[INFO] [1785294159.297415587] [behavior_server]: Configuring
[INFO] [1785294159.338840703] [behavior_server]: Creating behavior plugin spin of type nav2_behaviors::Spin
[INFO] [1785294159.344376419] [behavior_server]: Creating behavior plugin backup of type nav2_behaviors::BackUp
[INFO] [1785294159.350309266] [behavior_server]: Creating behavior plugin drive_on_heading of type nav2_behaviors::DriveOnHeading
[INFO] [1785294159.356293558] [behavior_server]: Creating behavior plugin assisted_teleop of type nav2_behaviors::AssistedTeleop
[INFO] [1785294159.363577302] [behavior_server]: Creating behavior plugin wait of type nav2_behaviors::Wait
[INFO] [1785294159.404161950] [behavior_server]: Configuring spin
[INFO] [1785294159.448226358] [behavior_server]: Configuring backup
[INFO] [1785294159.515787803] [behavior_server]: Configuring drive_on_heading
[INFO] [1785294159.559073114] [behavior_server]: Configuring assisted_teleop
[INFO] [1785294159.604029676] [behavior_server]: Configuring wait
[INFO] [1785294164.666730214] [behavior_server]: Activating
[INFO] [1785294164.666782344] [behavior_server]: Activating spin
[INFO] [1785294164.666806029] [behavior_server]: Activating backup
[INFO] [1785294164.666825659] [behavior_server]: Activating drive_on_heading
[INFO] [1785294164.666844900] [behavior_server]: Activating assisted_teleop
[INFO] [1785294164.666863196] [behavior_server]: Activating wait
[INFO] [1785294164.666889845] [behavior_server]: Creating bond (behavior_server) to lifecycle manager.
[INFO] [1785294282.583047557] [behavior_server]: Running backup
[INFO] [1785294287.584920485] [behavior_server]: backup completed successfully
[INFO] [1785294499.123605624] [rclcpp]: signal_handler(SIGINT/SIGTERM)
[INFO] [1785294499.123675773] [behavior_server]: Running Nav2 LifecycleNode rcl preshutdown (behavior_server)
[INFO] [1785294499.123955572] [behavior_server]: Deactivating
[INFO] [1785294499.124225001] [behavior_server]: Destroying bond (behavior_server) to lifecycle manager.
[INFO] [1785294499.146528497] [behavior_server]: Cleaning up
[INFO] [1785294499.663803087] [behavior_server]: Destroying bond (behavior_server) to lifecycle manager.
