[INFO] [1783129040.631017269] [behavior_server]: 
	behavior_server lifecycle node launched. 
	Waiting on external lifecycle transitions to activate
	See https://design.ros2.org/articles/node_lifecycle.html for more information.
[INFO] [1783129043.521741744] [behavior_server]: Configuring
[INFO] [1783129043.545007024] [behavior_server]: Creating behavior plugin spin of type nav2_behaviors::Spin
[INFO] [1783129043.548591841] [behavior_server]: Creating behavior plugin backup of type nav2_behaviors::BackUp
[INFO] [1783129043.551640765] [behavior_server]: Creating behavior plugin drive_on_heading of type nav2_behaviors::DriveOnHeading
[INFO] [1783129043.554804265] [behavior_server]: Creating behavior plugin assisted_teleop of type nav2_behaviors::AssistedTeleop
[INFO] [1783129043.559453643] [behavior_server]: Creating behavior plugin wait of type nav2_behaviors::Wait
[INFO] [1783129043.583818577] [behavior_server]: Configuring spin
[INFO] [1783129043.625103737] [behavior_server]: Configuring backup
[INFO] [1783129043.656524803] [behavior_server]: Configuring drive_on_heading
[INFO] [1783129043.681210647] [behavior_server]: Configuring assisted_teleop
[INFO] [1783129043.723037032] [behavior_server]: Configuring wait
[INFO] [1783129047.759473992] [behavior_server]: Activating
[INFO] [1783129047.759529196] [behavior_server]: Activating spin
[INFO] [1783129047.759553196] [behavior_server]: Activating backup
[INFO] [1783129047.759571159] [behavior_server]: Activating drive_on_heading
[INFO] [1783129047.759589530] [behavior_server]: Activating assisted_teleop
[INFO] [1783129047.759609845] [behavior_server]: Activating wait
[INFO] [1783129047.759637438] [behavior_server]: Creating bond (behavior_server) to lifecycle manager.
[INFO] [1783129107.024468291] [behavior_server]: Running spin
[INFO] [1783129107.024788145] [behavior_server]: Turning 1.57 for spin behavior.
[INFO] [1783129111.225180817] [behavior_server]: spin completed successfully
[INFO] [1783129115.498231140] [behavior_server]: Running wait
[INFO] [1783129120.498530864] [behavior_server]: wait completed successfully
[INFO] [1783129121.481006354] [behavior_server]: Running backup
[WARN] [1783129121.481448487] [behavior_server]: Collision Ahead - Exiting DriveOnHeading
[WARN] [1783129121.481489561] [behavior_server]: backup failed
[WARN] [1783129121.481511654] [behavior_server]: [backup] [ActionServer] Aborting handle.
[INFO] [1783129123.480838920] [behavior_server]: Running spin
[INFO] [1783129123.480985217] [behavior_server]: Turning 1.57 for spin behavior.
[INFO] [1783129126.081340432] [behavior_server]: spin completed successfully
[INFO] [1783129130.141794611] [behavior_server]: Running wait
[INFO] [1783129135.142046187] [behavior_server]: wait completed successfully
[INFO] [1783129236.036723302] [behavior_server]: Running spin
[INFO] [1783129236.036850896] [behavior_server]: Turning 1.57 for spin behavior.
[INFO] [1783129240.337116187] [behavior_server]: spin completed successfully
[INFO] [1783129527.308865679] [rclcpp]: signal_handler(SIGINT/SIGTERM)
[INFO] [1783129527.308930142] [behavior_server]: Running Nav2 LifecycleNode rcl preshutdown (behavior_server)
[INFO] [1783129527.309023031] [behavior_server]: Deactivating
[INFO] [1783129527.309083865] [behavior_server]: Destroying bond (behavior_server) to lifecycle manager.
[INFO] [1783129527.361208252] [behavior_server]: Cleaning up
[INFO] [1783129527.574725938] [behavior_server]: Destroying bond (behavior_server) to lifecycle manager.
