[INFO] [1786042470.903697553] [behavior_server]: 
	behavior_server lifecycle node launched. 
	Waiting on external lifecycle transitions to activate
	See https://design.ros2.org/articles/node_lifecycle.html for more information.
[INFO] [1786042472.937224298] [behavior_server]: Configuring
[INFO] [1786042472.954278189] [behavior_server]: Creating behavior plugin spin of type nav2_behaviors::Spin
[INFO] [1786042472.956419719] [behavior_server]: Creating behavior plugin backup of type nav2_behaviors::BackUp
[INFO] [1786042472.958205989] [behavior_server]: Creating behavior plugin drive_on_heading of type nav2_behaviors::DriveOnHeading
[INFO] [1786042472.960967596] [behavior_server]: Creating behavior plugin assisted_teleop of type nav2_behaviors::AssistedTeleop
[INFO] [1786042472.965111860] [behavior_server]: Creating behavior plugin wait of type nav2_behaviors::Wait
[INFO] [1786042472.982602920] [behavior_server]: Configuring spin
[INFO] [1786042473.013389646] [behavior_server]: Configuring backup
[INFO] [1786042473.035621306] [behavior_server]: Configuring drive_on_heading
[INFO] [1786042473.059441048] [behavior_server]: Configuring assisted_teleop
[INFO] [1786042473.084312760] [behavior_server]: Configuring wait
[INFO] [1786042478.795910105] [behavior_server]: Activating
[INFO] [1786042478.795965457] [behavior_server]: Activating spin
[INFO] [1786042478.795989105] [behavior_server]: Activating backup
[INFO] [1786042478.796006661] [behavior_server]: Activating drive_on_heading
[INFO] [1786042478.796022809] [behavior_server]: Activating assisted_teleop
[INFO] [1786042478.796043143] [behavior_server]: Activating wait
[INFO] [1786042478.796087976] [behavior_server]: Creating bond (behavior_server) to lifecycle manager.
