[INFO] [1783380244.637747688] [behavior_server]: 
	behavior_server lifecycle node launched. 
	Waiting on external lifecycle transitions to activate
	See https://design.ros2.org/articles/node_lifecycle.html for more information.
[INFO] [1783380248.865266283] [behavior_server]: Configuring
[INFO] [1783380248.890068796] [behavior_server]: Creating behavior plugin spin of type nav2_behaviors::Spin
[INFO] [1783380248.893442873] [behavior_server]: Creating behavior plugin backup of type nav2_behaviors::BackUp
[INFO] [1783380248.897240953] [behavior_server]: Creating behavior plugin drive_on_heading of type nav2_behaviors::DriveOnHeading
[INFO] [1783380248.900633549] [behavior_server]: Creating behavior plugin assisted_teleop of type nav2_behaviors::AssistedTeleop
[INFO] [1783380248.906395642] [behavior_server]: Creating behavior plugin wait of type nav2_behaviors::Wait
[INFO] [1783380248.933179964] [behavior_server]: Configuring spin
[INFO] [1783380248.977036063] [behavior_server]: Configuring backup
[INFO] [1783380249.011001209] [behavior_server]: Configuring drive_on_heading
[INFO] [1783380249.043705032] [behavior_server]: Configuring assisted_teleop
[INFO] [1783380249.085415876] [behavior_server]: Configuring wait
[INFO] [1783380252.854668020] [behavior_server]: Activating
[INFO] [1783380252.854739613] [behavior_server]: Activating spin
[INFO] [1783380252.854771650] [behavior_server]: Activating backup
[INFO] [1783380252.854818003] [behavior_server]: Activating drive_on_heading
[INFO] [1783380252.854843355] [behavior_server]: Activating assisted_teleop
[INFO] [1783380252.854867503] [behavior_server]: Activating wait
[INFO] [1783380252.854903577] [behavior_server]: Creating bond (behavior_server) to lifecycle manager.
[INFO] [1783380297.236415004] [behavior_server]: Running spin
[INFO] [1783380297.236713006] [behavior_server]: Turning 1.57 for spin behavior.
[WARN] [1783380297.637226731] [behavior_server]: Collision Ahead - Exiting Spin
[WARN] [1783380297.637320343] [behavior_server]: spin failed
[WARN] [1783380297.637353047] [behavior_server]: [spin] [ActionServer] Aborting handle.
[INFO] [1783380297.658223515] [behavior_server]: Running wait
[INFO] [1783380302.658457061] [behavior_server]: wait completed successfully
[INFO] [1783380320.345209287] [behavior_server]: Running backup
[WARN] [1783380320.345685030] [behavior_server]: Collision Ahead - Exiting DriveOnHeading
[WARN] [1783380320.345734994] [behavior_server]: backup failed
[WARN] [1783380320.345758698] [behavior_server]: [backup] [ActionServer] Aborting handle.
[INFO] [1783380371.944619203] [behavior_server]: Running spin
[INFO] [1783380371.944838371] [behavior_server]: Turning 1.57 for spin behavior.
[WARN] [1783380374.845578869] [behavior_server]: Collision Ahead - Exiting Spin
[WARN] [1783380374.845737685] [behavior_server]: spin failed
[WARN] [1783380374.845783685] [behavior_server]: [spin] [ActionServer] Aborting handle.
[INFO] [1783380374.865250311] [behavior_server]: Running wait
[INFO] [1783380379.865497505] [behavior_server]: wait completed successfully
[INFO] [1783380502.930473758] [behavior_server]: Running spin
[INFO] [1783380502.930656000] [behavior_server]: Turning 1.57 for spin behavior.
[INFO] [1783380502.964098087] [behavior_server]: Running wait
[INFO] [1783380502.966013506] [behavior_server]: Running backup
[WARN] [1783380502.967366940] [behavior_server]: Collision Ahead - Exiting DriveOnHeading
[WARN] [1783380502.967410921] [behavior_server]: backup failed
[WARN] [1783380502.967428533] [behavior_server]: [backup] [ActionServer] Aborting handle.
[INFO] [1783380507.964390906] [behavior_server]: wait completed successfully
[WARN] [1783380512.930868413] [behavior_server]: Exceeded time allowance before reaching the Spin goal - Exiting Spin
[WARN] [1783380512.930932580] [behavior_server]: spin failed
[WARN] [1783380512.930956969] [behavior_server]: [spin] [ActionServer] Aborting handle.
[INFO] [1783380574.575472680] [behavior_server]: Running spin
[INFO] [1783380574.575647292] [behavior_server]: Turning 1.57 for spin behavior.
[WARN] [1783380576.376920481] [behavior_server]: Collision Ahead - Exiting Spin
[WARN] [1783380576.380183167] [behavior_server]: spin failed
[WARN] [1783380576.382419865] [behavior_server]: [spin] [ActionServer] Aborting handle.
[INFO] [1783380576.420296460] [behavior_server]: Running wait
[INFO] [1783380581.422405623] [behavior_server]: wait completed successfully
[INFO] [1783381048.800668493] [rclcpp]: signal_handler(SIGINT/SIGTERM)
[INFO] [1783381048.800747975] [behavior_server]: Running Nav2 LifecycleNode rcl preshutdown (behavior_server)
[INFO] [1783381048.800877032] [behavior_server]: Deactivating
[INFO] [1783381048.800947051] [behavior_server]: Destroying bond (behavior_server) to lifecycle manager.
[INFO] [1783381048.818146375] [behavior_server]: Cleaning up
[INFO] [1783381049.297580640] [behavior_server]: Destroying bond (behavior_server) to lifecycle manager.
