[INFO] [1786089510.209582352] [behavior_server]: 
	behavior_server lifecycle node launched. 
	Waiting on external lifecycle transitions to activate
	See https://design.ros2.org/articles/node_lifecycle.html for more information.
[INFO] [1786089512.571177546] [behavior_server]: Configuring
[INFO] [1786089512.607554933] [behavior_server]: Creating behavior plugin spin of type nav2_behaviors::Spin
[INFO] [1786089512.613051426] [behavior_server]: Creating behavior plugin backup of type nav2_behaviors::BackUp
[INFO] [1786089512.620006835] [behavior_server]: Creating behavior plugin drive_on_heading of type nav2_behaviors::DriveOnHeading
[INFO] [1786089512.629687259] [behavior_server]: Creating behavior plugin assisted_teleop of type nav2_behaviors::AssistedTeleop
[INFO] [1786089512.640072779] [behavior_server]: Creating behavior plugin wait of type nav2_behaviors::Wait
[INFO] [1786089512.693659909] [behavior_server]: Configuring spin
[INFO] [1786089512.761857453] [behavior_server]: Configuring backup
[INFO] [1786089512.804555763] [behavior_server]: Configuring drive_on_heading
[INFO] [1786089512.850858594] [behavior_server]: Configuring assisted_teleop
[INFO] [1786089512.910161792] [behavior_server]: Configuring wait
[INFO] [1786089514.656636158] [behavior_server]: Activating
[INFO] [1786089514.656694214] [behavior_server]: Activating spin
[INFO] [1786089514.656721862] [behavior_server]: Activating backup
[INFO] [1786089514.656744214] [behavior_server]: Activating drive_on_heading
[INFO] [1786089514.656766399] [behavior_server]: Activating assisted_teleop
[INFO] [1786089514.656785918] [behavior_server]: Activating wait
[INFO] [1786089514.656814973] [behavior_server]: Creating bond (behavior_server) to lifecycle manager.
[INFO] [1786089687.021560934] [behavior_server]: Running backup
[WARN] [1786089687.125504027] [behavior_server]: Collision Ahead - Exiting DriveOnHeading
[WARN] [1786089687.125566268] [behavior_server]: backup failed
[WARN] [1786089687.125599935] [behavior_server]: [backup] [ActionServer] Aborting handle.
[INFO] [1786089687.145712917] [behavior_server]: Running spin
[INFO] [1786089687.145861140] [behavior_server]: Turning 1.57 for spin behavior.
[INFO] [1786089690.346244493] [behavior_server]: spin completed successfully
[INFO] [1786089690.617541198] [behavior_server]: Running backup
[INFO] [1786089695.917901373] [behavior_server]: backup completed successfully
[INFO] [1786089734.160341848] [behavior_server]: Running backup
[INFO] [1786089739.460864265] [behavior_server]: backup completed successfully
[INFO] [1786089767.810786938] [behavior_server]: Running backup
[WARN] [1786089768.711211605] [behavior_server]: Collision Ahead - Exiting DriveOnHeading
[WARN] [1786089768.711271253] [behavior_server]: backup failed
[WARN] [1786089768.711408865] [behavior_server]: [backup] [ActionServer] Aborting handle.
[INFO] [1786089768.724660587] [behavior_server]: Running spin
[INFO] [1786089768.725656111] [behavior_server]: Turning 1.57 for spin behavior.
[WARN] [1786089768.825955036] [behavior_server]: Collision Ahead - Exiting Spin
[WARN] [1786089768.826008518] [behavior_server]: spin failed
[WARN] [1786089768.826028370] [behavior_server]: [spin] [ActionServer] Aborting handle.
[INFO] [1786089768.844234433] [behavior_server]: Running wait
[INFO] [1786089773.844536245] [behavior_server]: wait completed successfully
[INFO] [1786089774.189188448] [behavior_server]: Running backup
[WARN] [1786089775.390045480] [behavior_server]: Collision Ahead - Exiting DriveOnHeading
[WARN] [1786089775.390111591] [behavior_server]: backup failed
[WARN] [1786089775.390138906] [behavior_server]: [backup] [ActionServer] Aborting handle.
[INFO] [1786089775.404198725] [behavior_server]: Running spin
[INFO] [1786089775.404317392] [behavior_server]: Turning 1.57 for spin behavior.
[WARN] [1786089776.104639193] [behavior_server]: Collision Ahead - Exiting Spin
[WARN] [1786089776.104910916] [behavior_server]: spin failed
[WARN] [1786089776.104963139] [behavior_server]: [spin] [ActionServer] Aborting handle.
[INFO] [1786089776.124329598] [behavior_server]: Running wait
[INFO] [1786089781.125353783] [behavior_server]: wait completed successfully
[INFO] [1786089781.397042527] [behavior_server]: Running backup
[INFO] [1786089785.697444300] [behavior_server]: backup completed successfully
[INFO] [1786089792.394492294] [behavior_server]: Running backup
[WARN] [1786089795.595469596] [behavior_server]: Collision Ahead - Exiting DriveOnHeading
[WARN] [1786089795.595529837] [behavior_server]: backup failed
[WARN] [1786089795.595555966] [behavior_server]: [backup] [ActionServer] Aborting handle.
[INFO] [1786089795.616244414] [behavior_server]: Running spin
[INFO] [1786089795.616426989] [behavior_server]: Turning 1.57 for spin behavior.
[INFO] [1786089798.516719831] [behavior_server]: spin completed successfully
[INFO] [1786089843.214177736] [behavior_server]: Running backup
[INFO] [1786089848.115910958] [behavior_server]: backup completed successfully
[INFO] [1786089901.229425867] [behavior_server]: Running backup
[INFO] [1786089907.130579017] [behavior_server]: backup completed successfully
[INFO] [1786089916.028175831] [behavior_server]: Running backup
[INFO] [1786089916.528341335] [behavior_server]: Canceling backup
[INFO] [1786089916.528519317] [behavior_server]: [backup] [ActionServer] Client requested to cancel the goal. Cancelling.
[WARN] [1786090388.213979130] []: TF_OLD_DATA ignoring data from the past for frame front_left_wheel at time 1786090377.707954 according to authority Authority undetectable
Possible reasons are listed at http://wiki.ros.org/tf/Errors%20explained
[WARN] [1786090388.214081594] []: TF_OLD_DATA ignoring data from the past for frame front_right_wheel at time 1786090377.707954 according to authority Authority undetectable
Possible reasons are listed at http://wiki.ros.org/tf/Errors%20explained
[WARN] [1786090388.214095797] []: TF_OLD_DATA ignoring data from the past for frame rear_left_wheel at time 1786090377.707954 according to authority Authority undetectable
Possible reasons are listed at http://wiki.ros.org/tf/Errors%20explained
[WARN] [1786090388.214106686] []: TF_OLD_DATA ignoring data from the past for frame rear_right_wheel at time 1786090377.707954 according to authority Authority undetectable
Possible reasons are listed at http://wiki.ros.org/tf/Errors%20explained
[WARN] [1786090526.250365418] []: TF_OLD_DATA ignoring data from the past for frame front_left_wheel at time 1786090515.007941 according to authority Authority undetectable
Possible reasons are listed at http://wiki.ros.org/tf/Errors%20explained
[WARN] [1786090526.250422307] []: TF_OLD_DATA ignoring data from the past for frame front_right_wheel at time 1786090515.007941 according to authority Authority undetectable
Possible reasons are listed at http://wiki.ros.org/tf/Errors%20explained
[WARN] [1786090526.250438548] []: TF_OLD_DATA ignoring data from the past for frame rear_left_wheel at time 1786090515.007941 according to authority Authority undetectable
Possible reasons are listed at http://wiki.ros.org/tf/Errors%20explained
[WARN] [1786090526.250450456] []: TF_OLD_DATA ignoring data from the past for frame rear_right_wheel at time 1786090515.007941 according to authority Authority undetectable
Possible reasons are listed at http://wiki.ros.org/tf/Errors%20explained
[WARN] [1786090526.250519623] []: TF_OLD_DATA ignoring data from the past for frame front_left_wheel at time 1786090515.107976 according to authority Authority undetectable
Possible reasons are listed at http://wiki.ros.org/tf/Errors%20explained
[WARN] [1786090526.250541863] []: TF_OLD_DATA ignoring data from the past for frame front_right_wheel at time 1786090515.107976 according to authority Authority undetectable
Possible reasons are listed at http://wiki.ros.org/tf/Errors%20explained
[WARN] [1786090526.250553845] []: TF_OLD_DATA ignoring data from the past for frame rear_left_wheel at time 1786090515.107976 according to authority Authority undetectable
Possible reasons are listed at http://wiki.ros.org/tf/Errors%20explained
[WARN] [1786090526.250564734] []: TF_OLD_DATA ignoring data from the past for frame rear_right_wheel at time 1786090515.107976 according to authority Authority undetectable
Possible reasons are listed at http://wiki.ros.org/tf/Errors%20explained
[WARN] [1786090526.250607642] []: TF_OLD_DATA ignoring data from the past for frame front_left_wheel at time 1786090515.207943 according to authority Authority undetectable
Possible reasons are listed at http://wiki.ros.org/tf/Errors%20explained
[WARN] [1786090526.250627475] []: TF_OLD_DATA ignoring data from the past for frame front_right_wheel at time 1786090515.207943 according to authority Authority undetectable
Possible reasons are listed at http://wiki.ros.org/tf/Errors%20explained
[WARN] [1786090526.250639086] []: TF_OLD_DATA ignoring data from the past for frame rear_left_wheel at time 1786090515.207943 according to authority Authority undetectable
Possible reasons are listed at http://wiki.ros.org/tf/Errors%20explained
[WARN] [1786090526.250650012] []: TF_OLD_DATA ignoring data from the past for frame rear_right_wheel at time 1786090515.207943 according to authority Authority undetectable
Possible reasons are listed at http://wiki.ros.org/tf/Errors%20explained
[WARN] [1786090526.250691272] []: TF_OLD_DATA ignoring data from the past for frame front_left_wheel at time 1786090515.308096 according to authority Authority undetectable
Possible reasons are listed at http://wiki.ros.org/tf/Errors%20explained
[WARN] [1786090526.250710161] []: TF_OLD_DATA ignoring data from the past for frame front_right_wheel at time 1786090515.308096 according to authority Authority undetectable
Possible reasons are listed at http://wiki.ros.org/tf/Errors%20explained
[WARN] [1786090526.250721179] []: TF_OLD_DATA ignoring data from the past for frame rear_left_wheel at time 1786090515.308096 according to authority Authority undetectable
Possible reasons are listed at http://wiki.ros.org/tf/Errors%20explained
[WARN] [1786090526.250731661] []: TF_OLD_DATA ignoring data from the past for frame rear_right_wheel at time 1786090515.308096 according to authority Authority undetectable
Possible reasons are listed at http://wiki.ros.org/tf/Errors%20explained
[WARN] [1786090526.250769920] []: TF_OLD_DATA ignoring data from the past for frame front_left_wheel at time 1786090515.408220 according to authority Authority undetectable
Possible reasons are listed at http://wiki.ros.org/tf/Errors%20explained
[WARN] [1786090526.250946773] []: TF_OLD_DATA ignoring data from the past for frame front_right_wheel at time 1786090515.408220 according to authority Authority undetectable
Possible reasons are listed at http://wiki.ros.org/tf/Errors%20explained
[WARN] [1786090526.250970403] []: TF_OLD_DATA ignoring data from the past for frame rear_left_wheel at time 1786090515.408220 according to authority Authority undetectable
Possible reasons are listed at http://wiki.ros.org/tf/Errors%20explained
[WARN] [1786090526.250982570] []: TF_OLD_DATA ignoring data from the past for frame rear_right_wheel at time 1786090515.408220 according to authority Authority undetectable
Possible reasons are listed at http://wiki.ros.org/tf/Errors%20explained
[WARN] [1786090526.251044329] []: TF_OLD_DATA ignoring data from the past for frame front_left_wheel at time 1786090515.507968 according to authority Authority undetectable
Possible reasons are listed at http://wiki.ros.org/tf/Errors%20explained
[WARN] [1786090526.251086829] []: TF_OLD_DATA ignoring data from the past for frame front_right_wheel at time 1786090515.507968 according to authority Authority undetectable
Possible reasons are listed at http://wiki.ros.org/tf/Errors%20explained
[WARN] [1786090526.251098978] []: TF_OLD_DATA ignoring data from the past for frame rear_left_wheel at time 1786090515.507968 according to authority Authority undetectable
Possible reasons are listed at http://wiki.ros.org/tf/Errors%20explained
[WARN] [1786090526.251110181] []: TF_OLD_DATA ignoring data from the past for frame rear_right_wheel at time 1786090515.507968 according to authority Authority undetectable
Possible reasons are listed at http://wiki.ros.org/tf/Errors%20explained
[WARN] [1786090526.251154293] []: TF_OLD_DATA ignoring data from the past for frame front_left_wheel at time 1786090515.607959 according to authority Authority undetectable
Possible reasons are listed at http://wiki.ros.org/tf/Errors%20explained
[WARN] [1786090526.251171441] []: TF_OLD_DATA ignoring data from the past for frame front_right_wheel at time 1786090515.607959 according to authority Authority undetectable
Possible reasons are listed at http://wiki.ros.org/tf/Errors%20explained
[WARN] [1786090526.251182886] []: TF_OLD_DATA ignoring data from the past for frame rear_left_wheel at time 1786090515.607959 according to authority Authority undetectable
Possible reasons are listed at http://wiki.ros.org/tf/Errors%20explained
[WARN] [1786090526.251194163] []: TF_OLD_DATA ignoring data from the past for frame rear_right_wheel at time 1786090515.607959 according to authority Authority undetectable
Possible reasons are listed at http://wiki.ros.org/tf/Errors%20explained
[WARN] [1786090526.278556927] []: TF_OLD_DATA ignoring data from the past for frame front_left_wheel at time 1786090515.707982 according to authority Authority undetectable
Possible reasons are listed at http://wiki.ros.org/tf/Errors%20explained
[WARN] [1786090526.278648779] []: TF_OLD_DATA ignoring data from the past for frame front_right_wheel at time 1786090515.707982 according to authority Authority undetectable
Possible reasons are listed at http://wiki.ros.org/tf/Errors%20explained
[WARN] [1786090526.278661242] []: TF_OLD_DATA ignoring data from the past for frame rear_left_wheel at time 1786090515.707982 according to authority Authority undetectable
Possible reasons are listed at http://wiki.ros.org/tf/Errors%20explained
[WARN] [1786090526.278672187] []: TF_OLD_DATA ignoring data from the past for frame rear_right_wheel at time 1786090515.707982 according to authority Authority undetectable
Possible reasons are listed at http://wiki.ros.org/tf/Errors%20explained
[WARN] [1786090526.278726076] []: TF_OLD_DATA ignoring data from the past for frame front_left_wheel at time 1786090515.807938 according to authority Authority undetectable
Possible reasons are listed at http://wiki.ros.org/tf/Errors%20explained
[WARN] [1786090526.278744094] []: TF_OLD_DATA ignoring data from the past for frame front_right_wheel at time 1786090515.807938 according to authority Authority undetectable
Possible reasons are listed at http://wiki.ros.org/tf/Errors%20explained
[WARN] [1786090526.278807465] []: TF_OLD_DATA ignoring data from the past for frame rear_left_wheel at time 1786090515.807938 according to authority Authority undetectable
Possible reasons are listed at http://wiki.ros.org/tf/Errors%20explained
[WARN] [1786090526.278819817] []: TF_OLD_DATA ignoring data from the past for frame rear_right_wheel at time 1786090515.807938 according to authority Authority undetectable
Possible reasons are listed at http://wiki.ros.org/tf/Errors%20explained
[WARN] [1786090526.278854613] []: TF_OLD_DATA ignoring data from the past for frame front_left_wheel at time 1786090516.007939 according to authority Authority undetectable
Possible reasons are listed at http://wiki.ros.org/tf/Errors%20explained
[WARN] [1786090526.278866188] []: TF_OLD_DATA ignoring data from the past for frame front_right_wheel at time 1786090516.007939 according to authority Authority undetectable
Possible reasons are listed at http://wiki.ros.org/tf/Errors%20explained
[WARN] [1786090526.278874280] []: TF_OLD_DATA ignoring data from the past for frame rear_left_wheel at time 1786090516.007939 according to authority Authority undetectable
Possible reasons are listed at http://wiki.ros.org/tf/Errors%20explained
[WARN] [1786090526.278881910] []: TF_OLD_DATA ignoring data from the past for frame rear_right_wheel at time 1786090516.007939 according to authority Authority undetectable
Possible reasons are listed at http://wiki.ros.org/tf/Errors%20explained
[WARN] [1786090526.278906114] []: TF_OLD_DATA ignoring data from the past for frame front_left_wheel at time 1786090516.107957 according to authority Authority undetectable
Possible reasons are listed at http://wiki.ros.org/tf/Errors%20explained
[WARN] [1786090526.278919429] []: TF_OLD_DATA ignoring data from the past for frame front_right_wheel at time 1786090516.107957 according to authority Authority undetectable
Possible reasons are listed at http://wiki.ros.org/tf/Errors%20explained
[WARN] [1786090526.278927095] []: TF_OLD_DATA ignoring data from the past for frame rear_left_wheel at time 1786090516.107957 according to authority Authority undetectable
Possible reasons are listed at http://wiki.ros.org/tf/Errors%20explained
[WARN] [1786090526.278934836] []: TF_OLD_DATA ignoring data from the past for frame rear_right_wheel at time 1786090516.107957 according to authority Authority undetectable
Possible reasons are listed at http://wiki.ros.org/tf/Errors%20explained
[WARN] [1786090550.194376185] []: TF_OLD_DATA ignoring data from the past for frame front_left_wheel at time 1786090536.508008 according to authority Authority undetectable
Possible reasons are listed at http://wiki.ros.org/tf/Errors%20explained
[WARN] [1786090550.194422500] []: TF_OLD_DATA ignoring data from the past for frame front_right_wheel at time 1786090536.508008 according to authority Authority undetectable
Possible reasons are listed at http://wiki.ros.org/tf/Errors%20explained
[WARN] [1786090550.194435352] []: TF_OLD_DATA ignoring data from the past for frame rear_left_wheel at time 1786090536.508008 according to authority Authority undetectable
Possible reasons are listed at http://wiki.ros.org/tf/Errors%20explained
[WARN] [1786090550.194446482] []: TF_OLD_DATA ignoring data from the past for frame rear_right_wheel at time 1786090536.508008 according to authority Authority undetectable
Possible reasons are listed at http://wiki.ros.org/tf/Errors%20explained
[WARN] [1786090550.194642464] []: TF_OLD_DATA ignoring data from the past for frame front_left_wheel at time 1786090536.707944 according to authority Authority undetectable
Possible reasons are listed at http://wiki.ros.org/tf/Errors%20explained
[WARN] [1786090550.194659872] []: TF_OLD_DATA ignoring data from the past for frame front_right_wheel at time 1786090536.707944 according to authority Authority undetectable
Possible reasons are listed at http://wiki.ros.org/tf/Errors%20explained
[WARN] [1786090550.194669502] []: TF_OLD_DATA ignoring data from the past for frame rear_left_wheel at time 1786090536.707944 according to authority Authority undetectable
Possible reasons are listed at http://wiki.ros.org/tf/Errors%20explained
[WARN] [1786090550.194678909] []: TF_OLD_DATA ignoring data from the past for frame rear_right_wheel at time 1786090536.707944 according to authority Authority undetectable
Possible reasons are listed at http://wiki.ros.org/tf/Errors%20explained
[WARN] [1786090550.204669576] []: TF_OLD_DATA ignoring data from the past for frame front_left_wheel at time 1786090536.807939 according to authority Authority undetectable
Possible reasons are listed at http://wiki.ros.org/tf/Errors%20explained
[WARN] [1786090550.204706650] []: TF_OLD_DATA ignoring data from the past for frame front_right_wheel at time 1786090536.807939 according to authority Authority undetectable
Possible reasons are listed at http://wiki.ros.org/tf/Errors%20explained
[WARN] [1786090550.204810947] []: TF_OLD_DATA ignoring data from the past for frame rear_left_wheel at time 1786090536.807939 according to authority Authority undetectable
Possible reasons are listed at http://wiki.ros.org/tf/Errors%20explained
[WARN] [1786090550.204824762] []: TF_OLD_DATA ignoring data from the past for frame rear_right_wheel at time 1786090536.807939 according to authority Authority undetectable
Possible reasons are listed at http://wiki.ros.org/tf/Errors%20explained
[WARN] [1786090550.204875595] []: TF_OLD_DATA ignoring data from the past for frame front_left_wheel at time 1786090536.907949 according to authority Authority undetectable
Possible reasons are listed at http://wiki.ros.org/tf/Errors%20explained
[WARN] [1786090550.204891725] []: TF_OLD_DATA ignoring data from the past for frame front_right_wheel at time 1786090536.907949 according to authority Authority undetectable
Possible reasons are listed at http://wiki.ros.org/tf/Errors%20explained
[WARN] [1786090550.204900096] []: TF_OLD_DATA ignoring data from the past for frame rear_left_wheel at time 1786090536.907949 according to authority Authority undetectable
Possible reasons are listed at http://wiki.ros.org/tf/Errors%20explained
[WARN] [1786090550.204908892] []: TF_OLD_DATA ignoring data from the past for frame rear_right_wheel at time 1786090536.907949 according to authority Authority undetectable
Possible reasons are listed at http://wiki.ros.org/tf/Errors%20explained
[WARN] [1786090550.205027096] []: TF_OLD_DATA ignoring data from the past for frame front_left_wheel at time 1786090537.008006 according to authority Authority undetectable
Possible reasons are listed at http://wiki.ros.org/tf/Errors%20explained
[WARN] [1786090550.205180079] []: TF_OLD_DATA ignoring data from the past for frame front_right_wheel at time 1786090537.008006 according to authority Authority undetectable
Possible reasons are listed at http://wiki.ros.org/tf/Errors%20explained
[WARN] [1786090550.205198338] []: TF_OLD_DATA ignoring data from the past for frame rear_left_wheel at time 1786090537.008006 according to authority Authority undetectable
Possible reasons are listed at http://wiki.ros.org/tf/Errors%20explained
[WARN] [1786090550.205207931] []: TF_OLD_DATA ignoring data from the past for frame rear_right_wheel at time 1786090537.008006 according to authority Authority undetectable
Possible reasons are listed at http://wiki.ros.org/tf/Errors%20explained
[WARN] [1786090550.205398043] []: TF_OLD_DATA ignoring data from the past for frame front_left_wheel at time 1786090537.107926 according to authority Authority undetectable
Possible reasons are listed at http://wiki.ros.org/tf/Errors%20explained
[WARN] [1786090550.205421839] []: TF_OLD_DATA ignoring data from the past for frame front_right_wheel at time 1786090537.107926 according to authority Authority undetectable
Possible reasons are listed at http://wiki.ros.org/tf/Errors%20explained
[WARN] [1786090550.205431802] []: TF_OLD_DATA ignoring data from the past for frame rear_left_wheel at time 1786090537.107926 according to authority Authority undetectable
Possible reasons are listed at http://wiki.ros.org/tf/Errors%20explained
[WARN] [1786090550.205440136] []: TF_OLD_DATA ignoring data from the past for frame rear_right_wheel at time 1786090537.107926 according to authority Authority undetectable
Possible reasons are listed at http://wiki.ros.org/tf/Errors%20explained
[WARN] [1786090550.205482099] []: TF_OLD_DATA ignoring data from the past for frame front_left_wheel at time 1786090537.207934 according to authority Authority undetectable
Possible reasons are listed at http://wiki.ros.org/tf/Errors%20explained
[WARN] [1786090550.205499377] []: TF_OLD_DATA ignoring data from the past for frame front_right_wheel at time 1786090537.207934 according to authority Authority undetectable
Possible reasons are listed at http://wiki.ros.org/tf/Errors%20explained
[WARN] [1786090550.205507617] []: TF_OLD_DATA ignoring data from the past for frame rear_left_wheel at time 1786090537.207934 according to authority Authority undetectable
Possible reasons are listed at http://wiki.ros.org/tf/Errors%20explained
[WARN] [1786090550.205515284] []: TF_OLD_DATA ignoring data from the past for frame rear_right_wheel at time 1786090537.207934 according to authority Authority undetectable
Possible reasons are listed at http://wiki.ros.org/tf/Errors%20explained
[WARN] [1786090550.205543229] []: TF_OLD_DATA ignoring data from the past for frame front_left_wheel at time 1786090537.307918 according to authority Authority undetectable
Possible reasons are listed at http://wiki.ros.org/tf/Errors%20explained
[WARN] [1786090550.205555821] []: TF_OLD_DATA ignoring data from the past for frame front_right_wheel at time 1786090537.307918 according to authority Authority undetectable
Possible reasons are listed at http://wiki.ros.org/tf/Errors%20explained
[WARN] [1786090550.205563858] []: TF_OLD_DATA ignoring data from the past for frame rear_left_wheel at time 1786090537.307918 according to authority Authority undetectable
Possible reasons are listed at http://wiki.ros.org/tf/Errors%20explained
[WARN] [1786090550.205572155] []: TF_OLD_DATA ignoring data from the past for frame rear_right_wheel at time 1786090537.307918 according to authority Authority undetectable
Possible reasons are listed at http://wiki.ros.org/tf/Errors%20explained
[WARN] [1786090550.205596748] []: TF_OLD_DATA ignoring data from the past for frame front_left_wheel at time 1786090537.407960 according to authority Authority undetectable
Possible reasons are listed at http://wiki.ros.org/tf/Errors%20explained
[WARN] [1786090550.205610211] []: TF_OLD_DATA ignoring data from the past for frame front_right_wheel at time 1786090537.407960 according to authority Authority undetectable
Possible reasons are listed at http://wiki.ros.org/tf/Errors%20explained
[WARN] [1786090550.205647989] []: TF_OLD_DATA ignoring data from the past for frame rear_left_wheel at time 1786090537.407960 according to authority Authority undetectable
Possible reasons are listed at http://wiki.ros.org/tf/Errors%20explained
[WARN] [1786090550.205657581] []: TF_OLD_DATA ignoring data from the past for frame rear_right_wheel at time 1786090537.407960 according to authority Authority undetectable
Possible reasons are listed at http://wiki.ros.org/tf/Errors%20explained
[WARN] [1786090550.205684915] []: TF_OLD_DATA ignoring data from the past for frame front_left_wheel at time 1786090537.507986 according to authority Authority undetectable
Possible reasons are listed at http://wiki.ros.org/tf/Errors%20explained
[WARN] [1786090550.205700785] []: TF_OLD_DATA ignoring data from the past for frame front_right_wheel at time 1786090537.507986 according to authority Authority undetectable
Possible reasons are listed at http://wiki.ros.org/tf/Errors%20explained
[WARN] [1786090550.205709952] []: TF_OLD_DATA ignoring data from the past for frame rear_left_wheel at time 1786090537.507986 according to authority Authority undetectable
Possible reasons are listed at http://wiki.ros.org/tf/Errors%20explained
[WARN] [1786090550.205717933] []: TF_OLD_DATA ignoring data from the past for frame rear_right_wheel at time 1786090537.507986 according to authority Authority undetectable
Possible reasons are listed at http://wiki.ros.org/tf/Errors%20explained
[WARN] [1786090550.205745600] []: TF_OLD_DATA ignoring data from the past for frame front_left_wheel at time 1786090537.607934 according to authority Authority undetectable
Possible reasons are listed at http://wiki.ros.org/tf/Errors%20explained
[WARN] [1786090550.205760378] []: TF_OLD_DATA ignoring data from the past for frame front_right_wheel at time 1786090537.607934 according to authority Authority undetectable
Possible reasons are listed at http://wiki.ros.org/tf/Errors%20explained
[WARN] [1786090550.205772989] []: TF_OLD_DATA ignoring data from the past for frame rear_left_wheel at time 1786090537.607934 according to authority Authority undetectable
Possible reasons are listed at http://wiki.ros.org/tf/Errors%20explained
[WARN] [1786090550.205781582] []: TF_OLD_DATA ignoring data from the past for frame rear_right_wheel at time 1786090537.607934 according to authority Authority undetectable
Possible reasons are listed at http://wiki.ros.org/tf/Errors%20explained
[WARN] [1786090550.205822656] []: TF_OLD_DATA ignoring data from the past for frame front_left_wheel at time 1786090537.707983 according to authority Authority undetectable
Possible reasons are listed at http://wiki.ros.org/tf/Errors%20explained
[WARN] [1786090550.205842804] []: TF_OLD_DATA ignoring data from the past for frame front_right_wheel at time 1786090537.707983 according to authority Authority undetectable
Possible reasons are listed at http://wiki.ros.org/tf/Errors%20explained
[WARN] [1786090550.205851360] []: TF_OLD_DATA ignoring data from the past for frame rear_left_wheel at time 1786090537.707983 according to authority Authority undetectable
Possible reasons are listed at http://wiki.ros.org/tf/Errors%20explained
[WARN] [1786090550.205860027] []: TF_OLD_DATA ignoring data from the past for frame rear_right_wheel at time 1786090537.707983 according to authority Authority undetectable
Possible reasons are listed at http://wiki.ros.org/tf/Errors%20explained
[WARN] [1786090550.206131139] []: TF_OLD_DATA ignoring data from the past for frame front_left_wheel at time 1786090537.807943 according to authority Authority undetectable
Possible reasons are listed at http://wiki.ros.org/tf/Errors%20explained
[WARN] [1786090550.206156473] []: TF_OLD_DATA ignoring data from the past for frame front_right_wheel at time 1786090537.807943 according to authority Authority undetectable
Possible reasons are listed at http://wiki.ros.org/tf/Errors%20explained
[WARN] [1786090550.206774865] []: TF_OLD_DATA ignoring data from the past for frame rear_left_wheel at time 1786090537.807943 according to authority Authority undetectable
Possible reasons are listed at http://wiki.ros.org/tf/Errors%20explained
[WARN] [1786090550.206806199] []: TF_OLD_DATA ignoring data from the past for frame rear_right_wheel at time 1786090537.807943 according to authority Authority undetectable
Possible reasons are listed at http://wiki.ros.org/tf/Errors%20explained
[WARN] [1786090550.206884069] []: TF_OLD_DATA ignoring data from the past for frame front_left_wheel at time 1786090537.907922 according to authority Authority undetectable
Possible reasons are listed at http://wiki.ros.org/tf/Errors%20explained
[WARN] [1786090550.206904310] []: TF_OLD_DATA ignoring data from the past for frame front_right_wheel at time 1786090537.907922 according to authority Authority undetectable
Possible reasons are listed at http://wiki.ros.org/tf/Errors%20explained
[WARN] [1786090550.208783006] []: TF_OLD_DATA ignoring data from the past for frame rear_left_wheel at time 1786090537.907922 according to authority Authority undetectable
Possible reasons are listed at http://wiki.ros.org/tf/Errors%20explained
[WARN] [1786090550.208801025] []: TF_OLD_DATA ignoring data from the past for frame rear_right_wheel at time 1786090537.907922 according to authority Authority undetectable
Possible reasons are listed at http://wiki.ros.org/tf/Errors%20explained
[WARN] [1786090550.208897581] []: TF_OLD_DATA ignoring data from the past for frame front_left_wheel at time 1786090538.007982 according to authority Authority undetectable
Possible reasons are listed at http://wiki.ros.org/tf/Errors%20explained
[WARN] [1786090550.208917451] []: TF_OLD_DATA ignoring data from the past for frame front_right_wheel at time 1786090538.007982 according to authority Authority undetectable
Possible reasons are listed at http://wiki.ros.org/tf/Errors%20explained
[WARN] [1786090550.208928951] []: TF_OLD_DATA ignoring data from the past for frame rear_left_wheel at time 1786090538.007982 according to authority Authority undetectable
Possible reasons are listed at http://wiki.ros.org/tf/Errors%20explained
[WARN] [1786090550.208937377] []: TF_OLD_DATA ignoring data from the past for frame rear_right_wheel at time 1786090538.007982 according to authority Authority undetectable
Possible reasons are listed at http://wiki.ros.org/tf/Errors%20explained
[WARN] [1786090550.208973711] []: TF_OLD_DATA ignoring data from the past for frame front_left_wheel at time 1786090538.107957 according to authority Authority undetectable
Possible reasons are listed at http://wiki.ros.org/tf/Errors%20explained
[WARN] [1786090550.208989489] []: TF_OLD_DATA ignoring data from the past for frame front_right_wheel at time 1786090538.107957 according to authority Authority undetectable
Possible reasons are listed at http://wiki.ros.org/tf/Errors%20explained
[WARN] [1786090550.208998470] []: TF_OLD_DATA ignoring data from the past for frame rear_left_wheel at time 1786090538.107957 according to authority Authority undetectable
Possible reasons are listed at http://wiki.ros.org/tf/Errors%20explained
[WARN] [1786090550.209007507] []: TF_OLD_DATA ignoring data from the past for frame rear_right_wheel at time 1786090538.107957 according to authority Authority undetectable
Possible reasons are listed at http://wiki.ros.org/tf/Errors%20explained
[WARN] [1786090550.209042970] []: TF_OLD_DATA ignoring data from the past for frame front_left_wheel at time 1786090538.207938 according to authority Authority undetectable
Possible reasons are listed at http://wiki.ros.org/tf/Errors%20explained
[WARN] [1786090550.209071989] []: TF_OLD_DATA ignoring data from the past for frame front_right_wheel at time 1786090538.207938 according to authority Authority undetectable
Possible reasons are listed at http://wiki.ros.org/tf/Errors%20explained
[WARN] [1786090550.209083304] []: TF_OLD_DATA ignoring data from the past for frame rear_left_wheel at time 1786090538.207938 according to authority Authority undetectable
Possible reasons are listed at http://wiki.ros.org/tf/Errors%20explained
[WARN] [1786090550.209133989] []: TF_OLD_DATA ignoring data from the past for frame rear_right_wheel at time 1786090538.207938 according to authority Authority undetectable
Possible reasons are listed at http://wiki.ros.org/tf/Errors%20explained
[WARN] [1786090550.209179138] []: TF_OLD_DATA ignoring data from the past for frame front_left_wheel at time 1786090538.307935 according to authority Authority undetectable
Possible reasons are listed at http://wiki.ros.org/tf/Errors%20explained
[WARN] [1786090550.209193971] []: TF_OLD_DATA ignoring data from the past for frame front_right_wheel at time 1786090538.307935 according to authority Authority undetectable
Possible reasons are listed at http://wiki.ros.org/tf/Errors%20explained
[WARN] [1786090550.209207897] []: TF_OLD_DATA ignoring data from the past for frame rear_left_wheel at time 1786090538.307935 according to authority Authority undetectable
Possible reasons are listed at http://wiki.ros.org/tf/Errors%20explained
[WARN] [1786090550.209216786] []: TF_OLD_DATA ignoring data from the past for frame rear_right_wheel at time 1786090538.307935 according to authority Authority undetectable
Possible reasons are listed at http://wiki.ros.org/tf/Errors%20explained
[WARN] [1786090550.209256527] []: TF_OLD_DATA ignoring data from the past for frame front_left_wheel at time 1786090538.407957 according to authority Authority undetectable
Possible reasons are listed at http://wiki.ros.org/tf/Errors%20explained
[WARN] [1786090550.209275083] []: TF_OLD_DATA ignoring data from the past for frame front_right_wheel at time 1786090538.407957 according to authority Authority undetectable
Possible reasons are listed at http://wiki.ros.org/tf/Errors%20explained
[WARN] [1786090550.209284398] []: TF_OLD_DATA ignoring data from the past for frame rear_left_wheel at time 1786090538.407957 according to authority Authority undetectable
Possible reasons are listed at http://wiki.ros.org/tf/Errors%20explained
[WARN] [1786090550.209292694] []: TF_OLD_DATA ignoring data from the past for frame rear_right_wheel at time 1786090538.407957 according to authority Authority undetectable
Possible reasons are listed at http://wiki.ros.org/tf/Errors%20explained
[WARN] [1786090550.209329750] []: TF_OLD_DATA ignoring data from the past for frame front_left_wheel at time 1786090538.707957 according to authority Authority undetectable
Possible reasons are listed at http://wiki.ros.org/tf/Errors%20explained
[WARN] [1786090550.209345454] []: TF_OLD_DATA ignoring data from the past for frame front_right_wheel at time 1786090538.707957 according to authority Authority undetectable
Possible reasons are listed at http://wiki.ros.org/tf/Errors%20explained
[WARN] [1786090550.209354342] []: TF_OLD_DATA ignoring data from the past for frame rear_left_wheel at time 1786090538.707957 according to authority Authority undetectable
Possible reasons are listed at http://wiki.ros.org/tf/Errors%20explained
[WARN] [1786090550.209365250] []: TF_OLD_DATA ignoring data from the past for frame rear_right_wheel at time 1786090538.707957 according to authority Authority undetectable
Possible reasons are listed at http://wiki.ros.org/tf/Errors%20explained
[WARN] [1786090550.209404917] []: TF_OLD_DATA ignoring data from the past for frame front_left_wheel at time 1786090538.807941 according to authority Authority undetectable
Possible reasons are listed at http://wiki.ros.org/tf/Errors%20explained
[WARN] [1786090550.209421750] []: TF_OLD_DATA ignoring data from the past for frame front_right_wheel at time 1786090538.807941 according to authority Authority undetectable
Possible reasons are listed at http://wiki.ros.org/tf/Errors%20explained
[WARN] [1786090550.209430584] []: TF_OLD_DATA ignoring data from the past for frame rear_left_wheel at time 1786090538.807941 according to authority Authority undetectable
Possible reasons are listed at http://wiki.ros.org/tf/Errors%20explained
[WARN] [1786090550.209438917] []: TF_OLD_DATA ignoring data from the past for frame rear_right_wheel at time 1786090538.807941 according to authority Authority undetectable
Possible reasons are listed at http://wiki.ros.org/tf/Errors%20explained
[WARN] [1786090550.209507195] []: TF_OLD_DATA ignoring data from the past for frame front_left_wheel at time 1786090538.907932 according to authority Authority undetectable
Possible reasons are listed at http://wiki.ros.org/tf/Errors%20explained
[WARN] [1786090550.209525418] []: TF_OLD_DATA ignoring data from the past for frame front_right_wheel at time 1786090538.907932 according to authority Authority undetectable
Possible reasons are listed at http://wiki.ros.org/tf/Errors%20explained
[WARN] [1786090550.209533695] []: TF_OLD_DATA ignoring data from the past for frame rear_left_wheel at time 1786090538.907932 according to authority Authority undetectable
Possible reasons are listed at http://wiki.ros.org/tf/Errors%20explained
[WARN] [1786090550.209546677] []: TF_OLD_DATA ignoring data from the past for frame rear_right_wheel at time 1786090538.907932 according to authority Authority undetectable
Possible reasons are listed at http://wiki.ros.org/tf/Errors%20explained
[WARN] [1786090550.209811512] []: TF_OLD_DATA ignoring data from the past for frame front_left_wheel at time 1786090539.007970 according to authority Authority undetectable
Possible reasons are listed at http://wiki.ros.org/tf/Errors%20explained
[WARN] [1786090550.209901216] []: TF_OLD_DATA ignoring data from the past for frame front_right_wheel at time 1786090539.007970 according to authority Authority undetectable
Possible reasons are listed at http://wiki.ros.org/tf/Errors%20explained
[WARN] [1786090550.209912697] []: TF_OLD_DATA ignoring data from the past for frame rear_left_wheel at time 1786090539.007970 according to authority Authority undetectable
Possible reasons are listed at http://wiki.ros.org/tf/Errors%20explained
[WARN] [1786090550.209920920] []: TF_OLD_DATA ignoring data from the past for frame rear_right_wheel at time 1786090539.007970 according to authority Authority undetectable
Possible reasons are listed at http://wiki.ros.org/tf/Errors%20explained
[WARN] [1786090550.209963846] []: TF_OLD_DATA ignoring data from the past for frame front_left_wheel at time 1786090539.107955 according to authority Authority undetectable
Possible reasons are listed at http://wiki.ros.org/tf/Errors%20explained
[WARN] [1786090550.210235366] []: TF_OLD_DATA ignoring data from the past for frame front_right_wheel at time 1786090539.107955 according to authority Authority undetectable
Possible reasons are listed at http://wiki.ros.org/tf/Errors%20explained
[WARN] [1786090550.210248403] []: TF_OLD_DATA ignoring data from the past for frame rear_left_wheel at time 1786090539.107955 according to authority Authority undetectable
Possible reasons are listed at http://wiki.ros.org/tf/Errors%20explained
[WARN] [1786090550.210256403] []: TF_OLD_DATA ignoring data from the past for frame rear_right_wheel at time 1786090539.107955 according to authority Authority undetectable
Possible reasons are listed at http://wiki.ros.org/tf/Errors%20explained
[WARN] [1786090550.210305626] []: TF_OLD_DATA ignoring data from the past for frame front_left_wheel at time 1786090539.207957 according to authority Authority undetectable
Possible reasons are listed at http://wiki.ros.org/tf/Errors%20explained
[WARN] [1786090550.210321940] []: TF_OLD_DATA ignoring data from the past for frame front_right_wheel at time 1786090539.207957 according to authority Authority undetectable
Possible reasons are listed at http://wiki.ros.org/tf/Errors%20explained
[WARN] [1786090550.210330181] []: TF_OLD_DATA ignoring data from the past for frame rear_left_wheel at time 1786090539.207957 according to authority Authority undetectable
Possible reasons are listed at http://wiki.ros.org/tf/Errors%20explained
[WARN] [1786090550.210338422] []: TF_OLD_DATA ignoring data from the past for frame rear_right_wheel at time 1786090539.207957 according to authority Authority undetectable
Possible reasons are listed at http://wiki.ros.org/tf/Errors%20explained
[WARN] [1786090550.210440867] []: TF_OLD_DATA ignoring data from the past for frame front_left_wheel at time 1786090539.307937 according to authority Authority undetectable
Possible reasons are listed at http://wiki.ros.org/tf/Errors%20explained
[WARN] [1786090550.210457700] []: TF_OLD_DATA ignoring data from the past for frame front_right_wheel at time 1786090539.307937 according to authority Authority undetectable
Possible reasons are listed at http://wiki.ros.org/tf/Errors%20explained
[WARN] [1786090550.210466867] []: TF_OLD_DATA ignoring data from the past for frame rear_left_wheel at time 1786090539.307937 according to authority Authority undetectable
Possible reasons are listed at http://wiki.ros.org/tf/Errors%20explained
[WARN] [1786090550.210474812] []: TF_OLD_DATA ignoring data from the past for frame rear_right_wheel at time 1786090539.307937 according to authority Authority undetectable
Possible reasons are listed at http://wiki.ros.org/tf/Errors%20explained
[WARN] [1786090550.210509423] []: TF_OLD_DATA ignoring data from the past for frame front_left_wheel at time 1786090539.407935 according to authority Authority undetectable
Possible reasons are listed at http://wiki.ros.org/tf/Errors%20explained
[WARN] [1786090550.210526849] []: TF_OLD_DATA ignoring data from the past for frame front_right_wheel at time 1786090539.407935 according to authority Authority undetectable
Possible reasons are listed at http://wiki.ros.org/tf/Errors%20explained
[WARN] [1786090550.210536701] []: TF_OLD_DATA ignoring data from the past for frame rear_left_wheel at time 1786090539.407935 according to authority Authority undetectable
Possible reasons are listed at http://wiki.ros.org/tf/Errors%20explained
[WARN] [1786090550.210544886] []: TF_OLD_DATA ignoring data from the past for frame rear_right_wheel at time 1786090539.407935 according to authority Authority undetectable
Possible reasons are listed at http://wiki.ros.org/tf/Errors%20explained
[WARN] [1786090550.210574534] []: TF_OLD_DATA ignoring data from the past for frame front_left_wheel at time 1786090539.507959 according to authority Authority undetectable
Possible reasons are listed at http://wiki.ros.org/tf/Errors%20explained
[WARN] [1786090550.210589942] []: TF_OLD_DATA ignoring data from the past for frame front_right_wheel at time 1786090539.507959 according to authority Authority undetectable
Possible reasons are listed at http://wiki.ros.org/tf/Errors%20explained
[WARN] [1786090550.210598405] []: TF_OLD_DATA ignoring data from the past for frame rear_left_wheel at time 1786090539.507959 according to authority Authority undetectable
Possible reasons are listed at http://wiki.ros.org/tf/Errors%20explained
[WARN] [1786090550.210606312] []: TF_OLD_DATA ignoring data from the past for frame rear_right_wheel at time 1786090539.507959 according to authority Authority undetectable
Possible reasons are listed at http://wiki.ros.org/tf/Errors%20explained
[WARN] [1786090550.210638016] []: TF_OLD_DATA ignoring data from the past for frame front_left_wheel at time 1786090539.707943 according to authority Authority undetectable
Possible reasons are listed at http://wiki.ros.org/tf/Errors%20explained
[WARN] [1786090550.210653609] []: TF_OLD_DATA ignoring data from the past for frame front_right_wheel at time 1786090539.707943 according to authority Authority undetectable
Possible reasons are listed at http://wiki.ros.org/tf/Errors%20explained
[WARN] [1786090550.210661757] []: TF_OLD_DATA ignoring data from the past for frame rear_left_wheel at time 1786090539.707943 according to authority Authority undetectable
Possible reasons are listed at http://wiki.ros.org/tf/Errors%20explained
[WARN] [1786090550.210669461] []: TF_OLD_DATA ignoring data from the past for frame rear_right_wheel at time 1786090539.707943 according to authority Authority undetectable
Possible reasons are listed at http://wiki.ros.org/tf/Errors%20explained
[WARN] [1786090550.210703183] []: TF_OLD_DATA ignoring data from the past for frame front_left_wheel at time 1786090539.807958 according to authority Authority undetectable
Possible reasons are listed at http://wiki.ros.org/tf/Errors%20explained
[WARN] [1786090550.210774073] []: TF_OLD_DATA ignoring data from the past for frame front_right_wheel at time 1786090539.807958 according to authority Authority undetectable
Possible reasons are listed at http://wiki.ros.org/tf/Errors%20explained
[WARN] [1786090550.210788054] []: TF_OLD_DATA ignoring data from the past for frame rear_left_wheel at time 1786090539.807958 according to authority Authority undetectable
Possible reasons are listed at http://wiki.ros.org/tf/Errors%20explained
[WARN] [1786090550.210796388] []: TF_OLD_DATA ignoring data from the past for frame rear_right_wheel at time 1786090539.807958 according to authority Authority undetectable
Possible reasons are listed at http://wiki.ros.org/tf/Errors%20explained
[WARN] [1786090550.210841110] []: TF_OLD_DATA ignoring data from the past for frame front_left_wheel at time 1786090540.007995 according to authority Authority undetectable
Possible reasons are listed at http://wiki.ros.org/tf/Errors%20explained
[WARN] [1786090550.210856425] []: TF_OLD_DATA ignoring data from the past for frame front_right_wheel at time 1786090540.007995 according to authority Authority undetectable
Possible reasons are listed at http://wiki.ros.org/tf/Errors%20explained
[WARN] [1786090550.210867444] []: TF_OLD_DATA ignoring data from the past for frame rear_left_wheel at time 1786090540.007995 according to authority Authority undetectable
Possible reasons are listed at http://wiki.ros.org/tf/Errors%20explained
[WARN] [1786090550.210875832] []: TF_OLD_DATA ignoring data from the past for frame rear_right_wheel at time 1786090540.007995 according to authority Authority undetectable
Possible reasons are listed at http://wiki.ros.org/tf/Errors%20explained
[WARN] [1786090550.210910333] []: TF_OLD_DATA ignoring data from the past for frame front_left_wheel at time 1786090540.107952 according to authority Authority undetectable
Possible reasons are listed at http://wiki.ros.org/tf/Errors%20explained
[WARN] [1786090550.210926333] []: TF_OLD_DATA ignoring data from the past for frame front_right_wheel at time 1786090540.107952 according to authority Authority undetectable
Possible reasons are listed at http://wiki.ros.org/tf/Errors%20explained
[WARN] [1786090550.210936925] []: TF_OLD_DATA ignoring data from the past for frame rear_left_wheel at time 1786090540.107952 according to authority Authority undetectable
Possible reasons are listed at http://wiki.ros.org/tf/Errors%20explained
[WARN] [1786090550.210944833] []: TF_OLD_DATA ignoring data from the past for frame rear_right_wheel at time 1786090540.107952 according to authority Authority undetectable
Possible reasons are listed at http://wiki.ros.org/tf/Errors%20explained
[INFO] [1786091053.895673663] [behavior_server]: Running backup
[INFO] [1786091059.096048275] [behavior_server]: backup completed successfully
[INFO] [1786091212.002604551] [behavior_server]: Running backup
[INFO] [1786091216.403351179] [behavior_server]: backup completed successfully
[INFO] [1786091579.795980052] [behavior_server]: Running backup
[INFO] [1786091584.096761552] [behavior_server]: backup completed successfully
[INFO] [1786091584.399718045] [behavior_server]: Running backup
[INFO] [1786091588.600192601] [behavior_server]: backup completed successfully
[INFO] [1786091612.382509089] [behavior_server]: Running backup
[WARN] [1786091613.083099542] [behavior_server]: Collision Ahead - Exiting DriveOnHeading
[WARN] [1786091613.083162450] [behavior_server]: backup failed
[WARN] [1786091613.083184672] [behavior_server]: [backup] [ActionServer] Aborting handle.
[INFO] [1786091613.097692493] [behavior_server]: Running spin
[INFO] [1786091613.097835050] [behavior_server]: Turning 1.57 for spin behavior.
[WARN] [1786091614.098192867] [behavior_server]: Collision Ahead - Exiting Spin
[WARN] [1786091614.098256775] [behavior_server]: spin failed
[WARN] [1786091614.098280719] [behavior_server]: [spin] [ActionServer] Aborting handle.
[INFO] [1786091614.117710457] [behavior_server]: Running wait
[INFO] [1786091619.117975923] [behavior_server]: wait completed successfully
[INFO] [1786091626.014443833] [behavior_server]: Running backup
[WARN] [1786091626.016847384] [behavior_server]: Collision Ahead - Exiting DriveOnHeading
[WARN] [1786091626.016922143] [behavior_server]: backup failed
[WARN] [1786091626.016948440] [behavior_server]: [backup] [ActionServer] Aborting handle.
[INFO] [1786091626.030073401] [behavior_server]: Running spin
[INFO] [1786091626.030189624] [behavior_server]: Turning 1.57 for spin behavior.
[INFO] [1786091629.030453312] [behavior_server]: spin completed successfully
[INFO] [1786091631.423670490] [behavior_server]: Running backup
[INFO] [1786091636.324406164] [behavior_server]: backup completed successfully
[INFO] [1786091636.597522528] [behavior_server]: Running backup
[INFO] [1786091640.697955067] [behavior_server]: backup completed successfully
[INFO] [1786091640.991453563] [behavior_server]: Running backup
[INFO] [1786091645.092294993] [behavior_server]: backup completed successfully
[INFO] [1786091645.410209439] [behavior_server]: Running backup
[WARN] [1786091645.410519570] [behavior_server]: Collision Ahead - Exiting DriveOnHeading
[WARN] [1786091645.410556274] [behavior_server]: backup failed
[WARN] [1786091645.410574959] [behavior_server]: [backup] [ActionServer] Aborting handle.
[INFO] [1786091645.414489425] [behavior_server]: Running spin
[INFO] [1786091645.417155959] [behavior_server]: Turning 1.57 for spin behavior.
[WARN] [1786091646.218074375] [behavior_server]: Collision Ahead - Exiting Spin
[WARN] [1786091646.218139024] [behavior_server]: spin failed
[WARN] [1786091646.218164246] [behavior_server]: [spin] [ActionServer] Aborting handle.
[INFO] [1786091646.233997834] [behavior_server]: Running wait
[INFO] [1786091651.234268337] [behavior_server]: wait completed successfully
[INFO] [1786091651.577047661] [behavior_server]: Running backup
[WARN] [1786091651.577527386] [behavior_server]: Collision Ahead - Exiting DriveOnHeading
[WARN] [1786091651.577570294] [behavior_server]: backup failed
[WARN] [1786091651.577593108] [behavior_server]: [backup] [ActionServer] Aborting handle.
[INFO] [1786091651.593927643] [behavior_server]: Running spin
[INFO] [1786091651.594051218] [behavior_server]: Turning 1.57 for spin behavior.
[WARN] [1786091653.294585412] [behavior_server]: Collision Ahead - Exiting Spin
[WARN] [1786091653.294669302] [behavior_server]: spin failed
[WARN] [1786091653.294697209] [behavior_server]: [spin] [ActionServer] Aborting handle.
[INFO] [1786091653.314160243] [behavior_server]: Running wait
[INFO] [1786091658.314418635] [behavior_server]: wait completed successfully
[INFO] [1786091658.588433541] [behavior_server]: Running backup
[WARN] [1786091658.588720858] [behavior_server]: Collision Ahead - Exiting DriveOnHeading
[WARN] [1786091658.589023841] [behavior_server]: backup failed
[WARN] [1786091658.589078878] [behavior_server]: [backup] [ActionServer] Aborting handle.
[INFO] [1786091658.603921349] [behavior_server]: Running spin
[INFO] [1786091658.604048091] [behavior_server]: Turning 1.57 for spin behavior.
[INFO] [1786091661.004351734] [behavior_server]: spin completed successfully
[INFO] [1786091661.404579450] [behavior_server]: Running backup
[WARN] [1786091661.405387214] [behavior_server]: Collision Ahead - Exiting DriveOnHeading
[WARN] [1786091661.405439362] [behavior_server]: backup failed
[WARN] [1786091661.405459918] [behavior_server]: [backup] [ActionServer] Aborting handle.
[INFO] [1786091661.419449866] [behavior_server]: Running spin
[INFO] [1786091661.419571700] [behavior_server]: Turning 1.57 for spin behavior.
[INFO] [1786091663.119964930] [behavior_server]: spin completed successfully
[INFO] [1786091663.400219723] [behavior_server]: Running backup
[INFO] [1786091668.200617619] [behavior_server]: backup completed successfully
[INFO] [1786091682.983190532] [behavior_server]: Running backup
[INFO] [1786091687.283635549] [behavior_server]: backup completed successfully
[INFO] [1786091687.594954939] [behavior_server]: Running backup
[INFO] [1786091691.695321404] [behavior_server]: backup completed successfully
[INFO] [1786091694.432101781] [behavior_server]: Running backup
[INFO] [1786091699.032493107] [behavior_server]: backup completed successfully
[INFO] [1786091720.219788799] [behavior_server]: Running backup
[INFO] [1786091725.120197786] [behavior_server]: backup completed successfully
[INFO] [1786091819.010264210] [behavior_server]: Running backup
[INFO] [1786091823.810823496] [behavior_server]: backup completed successfully
[INFO] [1786091827.428113916] [behavior_server]: Running backup
[WARN] [1786091830.928533317] [behavior_server]: Collision Ahead - Exiting DriveOnHeading
[WARN] [1786091830.929177451] [behavior_server]: backup failed
[WARN] [1786091830.929213099] [behavior_server]: [backup] [ActionServer] Aborting handle.
[INFO] [1786091830.930350179] [behavior_server]: Running spin
[INFO] [1786091830.930469328] [behavior_server]: Turning 1.57 for spin behavior.
[WARN] [1786091832.130903753] [behavior_server]: Collision Ahead - Exiting Spin
[WARN] [1786091832.130959087] [behavior_server]: spin failed
[WARN] [1786091832.130986179] [behavior_server]: [spin] [ActionServer] Aborting handle.
[INFO] [1786091832.149805469] [behavior_server]: Running wait
[INFO] [1786091837.150142898] [behavior_server]: wait completed successfully
[INFO] [1786093568.550021946] [rclcpp]: signal_handler(SIGINT/SIGTERM)
[INFO] [1786093568.550100280] [behavior_server]: Running Nav2 LifecycleNode rcl preshutdown (behavior_server)
[INFO] [1786093568.550224744] [behavior_server]: Deactivating
[INFO] [1786093568.550292392] [behavior_server]: Destroying bond (behavior_server) to lifecycle manager.
[INFO] [1786093568.566331850] [behavior_server]: Cleaning up
[INFO] [1786093568.616957977] [behavior_server]: Destroying bond (behavior_server) to lifecycle manager.
