[INFO] [1786096248.972175519] [behavior_server]: 
	behavior_server lifecycle node launched. 
	Waiting on external lifecycle transitions to activate
	See https://design.ros2.org/articles/node_lifecycle.html for more information.
[INFO] [1786096249.695554660] [behavior_server]: Configuring
[INFO] [1786096249.717572948] [behavior_server]: Creating behavior plugin spin of type nav2_behaviors::Spin
[INFO] [1786096249.721648433] [behavior_server]: Creating behavior plugin backup of type nav2_behaviors::BackUp
[INFO] [1786096249.725023526] [behavior_server]: Creating behavior plugin drive_on_heading of type nav2_behaviors::DriveOnHeading
[INFO] [1786096249.728919159] [behavior_server]: Creating behavior plugin assisted_teleop of type nav2_behaviors::AssistedTeleop
[INFO] [1786096249.740641316] [behavior_server]: Creating behavior plugin wait of type nav2_behaviors::Wait
[INFO] [1786096249.761730303] [behavior_server]: Configuring spin
[INFO] [1786096249.792543399] [behavior_server]: Configuring backup
[INFO] [1786096249.820988556] [behavior_server]: Configuring drive_on_heading
[INFO] [1786096249.839134304] [behavior_server]: Configuring assisted_teleop
[INFO] [1786096249.869792158] [behavior_server]: Configuring wait
[INFO] [1786096252.723748152] [behavior_server]: Activating
[INFO] [1786096252.723818189] [behavior_server]: Activating spin
[INFO] [1786096252.723847893] [behavior_server]: Activating backup
[INFO] [1786096252.723867208] [behavior_server]: Activating drive_on_heading
[INFO] [1786096252.723884078] [behavior_server]: Activating assisted_teleop
[INFO] [1786096252.723901708] [behavior_server]: Activating wait
[INFO] [1786096252.723935560] [behavior_server]: Creating bond (behavior_server) to lifecycle manager.
[INFO] [1786096398.005518462] [rclcpp]: signal_handler(SIGINT/SIGTERM)
[INFO] [1786096398.005642389] [behavior_server]: Running Nav2 LifecycleNode rcl preshutdown (behavior_server)
[INFO] [1786096398.005734890] [behavior_server]: Deactivating
[INFO] [1786096398.005786075] [behavior_server]: Destroying bond (behavior_server) to lifecycle manager.
[INFO] [1786096398.017948939] [behavior_server]: Cleaning up
[INFO] [1786096398.055413701] [behavior_server]: Destroying bond (behavior_server) to lifecycle manager.
