[INFO] [1783987270.528191834] [behavior_server]: 
	behavior_server lifecycle node launched. 
	Waiting on external lifecycle transitions to activate
	See https://design.ros2.org/articles/node_lifecycle.html for more information.
[INFO] [1783987273.640640196] [behavior_server]: Configuring
[INFO] [1783987273.673796277] [behavior_server]: Creating behavior plugin spin of type nav2_behaviors::Spin
[INFO] [1783987273.678607858] [behavior_server]: Creating behavior plugin backup of type nav2_behaviors::BackUp
[INFO] [1783987273.682744676] [behavior_server]: Creating behavior plugin drive_on_heading of type nav2_behaviors::DriveOnHeading
[INFO] [1783987273.686510918] [behavior_server]: Creating behavior plugin assisted_teleop of type nav2_behaviors::AssistedTeleop
[INFO] [1783987273.693025379] [behavior_server]: Creating behavior plugin wait of type nav2_behaviors::Wait
[INFO] [1783987273.725192733] [behavior_server]: Configuring spin
[INFO] [1783987273.777287285] [behavior_server]: Configuring backup
[INFO] [1783987273.819868305] [behavior_server]: Configuring drive_on_heading
[INFO] [1783987273.858898548] [behavior_server]: Configuring assisted_teleop
[INFO] [1783987273.913990449] [behavior_server]: Configuring wait
[INFO] [1783987277.845584862] [behavior_server]: Activating
[INFO] [1783987277.845641362] [behavior_server]: Activating spin
[INFO] [1783987277.845669158] [behavior_server]: Activating backup
[INFO] [1783987277.845689973] [behavior_server]: Activating drive_on_heading
[INFO] [1783987277.845713325] [behavior_server]: Activating assisted_teleop
[INFO] [1783987277.845736566] [behavior_server]: Activating wait
[INFO] [1783987277.845775437] [behavior_server]: Creating bond (behavior_server) to lifecycle manager.
[INFO] [1783987457.041009291] [rclcpp]: signal_handler(SIGINT/SIGTERM)
[INFO] [1783987457.041272792] [behavior_server]: Running Nav2 LifecycleNode rcl preshutdown (behavior_server)
[INFO] [1783987457.041401775] [behavior_server]: Deactivating
[INFO] [1783987457.041456979] [behavior_server]: Destroying bond (behavior_server) to lifecycle manager.
[INFO] [1783987457.145512674] [behavior_server]: Cleaning up
[INFO] [1783987457.368175198] [behavior_server]: Destroying bond (behavior_server) to lifecycle manager.
