[INFO] [1784082128.942627321] [behavior_server]: 
	behavior_server lifecycle node launched. 
	Waiting on external lifecycle transitions to activate
	See https://design.ros2.org/articles/node_lifecycle.html for more information.
[INFO] [1784082130.602609176] [behavior_server]: Configuring
[INFO] [1784082130.667379011] [behavior_server]: Creating behavior plugin spin of type nav2_behaviors::Spin
[INFO] [1784082130.681116445] [behavior_server]: Creating behavior plugin backup of type nav2_behaviors::BackUp
[INFO] [1784082130.691395696] [behavior_server]: Creating behavior plugin drive_on_heading of type nav2_behaviors::DriveOnHeading
[INFO] [1784082130.705530187] [behavior_server]: Creating behavior plugin assisted_teleop of type nav2_behaviors::AssistedTeleop
[INFO] [1784082130.723956327] [behavior_server]: Creating behavior plugin wait of type nav2_behaviors::Wait
[INFO] [1784082130.763168211] [behavior_server]: Configuring spin
[INFO] [1784082130.805047977] [behavior_server]: Configuring backup
[INFO] [1784082130.840759864] [behavior_server]: Configuring drive_on_heading
[INFO] [1784082130.873778942] [behavior_server]: Configuring assisted_teleop
[INFO] [1784082130.935357651] [behavior_server]: Configuring wait
[INFO] [1784082135.316275961] [behavior_server]: Activating
[INFO] [1784082135.316321535] [behavior_server]: Activating spin
[INFO] [1784082135.316343813] [behavior_server]: Activating backup
[INFO] [1784082135.316360850] [behavior_server]: Activating drive_on_heading
[INFO] [1784082135.316379517] [behavior_server]: Activating assisted_teleop
[INFO] [1784082135.316398610] [behavior_server]: Activating wait
[INFO] [1784082135.316426165] [behavior_server]: Creating bond (behavior_server) to lifecycle manager.
[INFO] [1784082236.297226460] [behavior_server]: Running spin
[INFO] [1784082236.298956564] [behavior_server]: Turning 1.57 for spin behavior.
[WARN] [1784082246.300568030] [behavior_server]: Exceeded time allowance before reaching the Spin goal - Exiting Spin
[WARN] [1784082246.300632141] [behavior_server]: spin failed
[WARN] [1784082246.300657012] [behavior_server]: [spin] [ActionServer] Aborting handle.
[INFO] [1784082246.316541166] [behavior_server]: Running wait
[INFO] [1784082251.316794387] [behavior_server]: wait completed successfully
[INFO] [1784082252.372295616] [behavior_server]: Running backup
[WARN] [1784082262.372766742] [behavior_server]: Exceeded time allowance before reaching the DriveOnHeading goal - Exiting DriveOnHeading
[WARN] [1784082262.372843391] [behavior_server]: backup failed
[WARN] [1784082262.372873465] [behavior_server]: [backup] [ActionServer] Aborting handle.
[INFO] [1784082264.062165580] [behavior_server]: Running spin
[INFO] [1784082264.062306710] [behavior_server]: Turning 1.57 for spin behavior.
[WARN] [1784082274.062672039] [behavior_server]: Exceeded time allowance before reaching the Spin goal - Exiting Spin
[WARN] [1784082274.062751003] [behavior_server]: spin failed
[WARN] [1784082274.062775392] [behavior_server]: [spin] [ActionServer] Aborting handle.
[INFO] [1784082274.081672102] [behavior_server]: Running wait
[INFO] [1784082279.081917192] [behavior_server]: wait completed successfully
[INFO] [1784082319.272154733] [behavior_server]: Running backup
[WARN] [1784082329.272486145] [behavior_server]: Exceeded time allowance before reaching the DriveOnHeading goal - Exiting DriveOnHeading
[WARN] [1784082329.272546219] [behavior_server]: backup failed
[WARN] [1784082329.272571904] [behavior_server]: [backup] [ActionServer] Aborting handle.
[INFO] [1784082371.192051233] [behavior_server]: Running spin
[INFO] [1784082371.192242882] [behavior_server]: Turning 1.57 for spin behavior.
[WARN] [1784082381.192441987] [behavior_server]: Exceeded time allowance before reaching the Spin goal - Exiting Spin
[WARN] [1784082381.192504839] [behavior_server]: spin failed
[WARN] [1784082381.192522599] [behavior_server]: [spin] [ActionServer] Aborting handle.
[INFO] [1784082381.215163847] [behavior_server]: Running wait
[INFO] [1784082386.215715106] [behavior_server]: wait completed successfully
[INFO] [1784082593.227022295] [rclcpp]: signal_handler(SIGINT/SIGTERM)
[INFO] [1784082593.227117814] [behavior_server]: Running Nav2 LifecycleNode rcl preshutdown (behavior_server)
[INFO] [1784082593.227244982] [behavior_server]: Deactivating
[INFO] [1784082593.229536402] [behavior_server]: Destroying bond (behavior_server) to lifecycle manager.
[INFO] [1784082593.309985168] [behavior_server]: Cleaning up
[INFO] [1784082593.432733782] [behavior_server]: Destroying bond (behavior_server) to lifecycle manager.
