[INFO] [1786118020.922750102] [behavior_server]: 
	behavior_server lifecycle node launched. 
	Waiting on external lifecycle transitions to activate
	See https://design.ros2.org/articles/node_lifecycle.html for more information.
[INFO] [1786118022.489945297] [behavior_server]: Configuring
[INFO] [1786118022.508552025] [behavior_server]: Creating behavior plugin spin of type nav2_behaviors::Spin
[INFO] [1786118022.515050003] [behavior_server]: Creating behavior plugin backup of type nav2_behaviors::BackUp
[INFO] [1786118022.521296296] [behavior_server]: Creating behavior plugin drive_on_heading of type nav2_behaviors::DriveOnHeading
[INFO] [1786118022.528110202] [behavior_server]: Creating behavior plugin assisted_teleop of type nav2_behaviors::AssistedTeleop
[INFO] [1786118022.543400579] [behavior_server]: Creating behavior plugin wait of type nav2_behaviors::Wait
[INFO] [1786118022.567181352] [behavior_server]: Configuring spin
[INFO] [1786118022.596015967] [behavior_server]: Configuring backup
[INFO] [1786118022.616958818] [behavior_server]: Configuring drive_on_heading
[INFO] [1786118022.637191443] [behavior_server]: Configuring assisted_teleop
[INFO] [1786118022.666917562] [behavior_server]: Configuring wait
[INFO] [1786118024.674467631] [behavior_server]: Activating
[INFO] [1786118024.674525335] [behavior_server]: Activating spin
[INFO] [1786118024.674550354] [behavior_server]: Activating backup
[INFO] [1786118024.674568224] [behavior_server]: Activating drive_on_heading
[INFO] [1786118024.674587669] [behavior_server]: Activating assisted_teleop
[INFO] [1786118024.674604002] [behavior_server]: Activating wait
[INFO] [1786118024.674631984] [behavior_server]: Creating bond (behavior_server) to lifecycle manager.
