[INFO] [1783378300.027733437] [behavior_server]: 
	behavior_server lifecycle node launched. 
	Waiting on external lifecycle transitions to activate
	See https://design.ros2.org/articles/node_lifecycle.html for more information.
[INFO] [1783378303.139630825] [behavior_server]: Configuring
[INFO] [1783378303.168719462] [behavior_server]: Creating behavior plugin spin of type nav2_behaviors::Spin
[INFO] [1783378303.177277219] [behavior_server]: Creating behavior plugin backup of type nav2_behaviors::BackUp
[INFO] [1783378303.184189007] [behavior_server]: Creating behavior plugin drive_on_heading of type nav2_behaviors::DriveOnHeading
[INFO] [1783378303.192514744] [behavior_server]: Creating behavior plugin assisted_teleop of type nav2_behaviors::AssistedTeleop
[INFO] [1783378303.209174534] [behavior_server]: Creating behavior plugin wait of type nav2_behaviors::Wait
[INFO] [1783378303.239229934] [behavior_server]: Configuring spin
[INFO] [1783378303.285672456] [behavior_server]: Configuring backup
[INFO] [1783378303.325677174] [behavior_server]: Configuring drive_on_heading
[INFO] [1783378303.359088940] [behavior_server]: Configuring assisted_teleop
[INFO] [1783378303.406448336] [behavior_server]: Configuring wait
[INFO] [1783378307.338094167] [behavior_server]: Activating
[INFO] [1783378307.338141908] [behavior_server]: Activating spin
[INFO] [1783378307.338163945] [behavior_server]: Activating backup
[INFO] [1783378307.338181445] [behavior_server]: Activating drive_on_heading
[INFO] [1783378307.338205112] [behavior_server]: Activating assisted_teleop
[INFO] [1783378307.338225334] [behavior_server]: Activating wait
[INFO] [1783378307.338251594] [behavior_server]: Creating bond (behavior_server) to lifecycle manager.
[INFO] [1783378408.488805097] [behavior_server]: Running spin
[INFO] [1783378408.489648211] [behavior_server]: Turning 1.57 for spin behavior.
[WARN] [1783378410.690582153] [behavior_server]: Collision Ahead - Exiting Spin
[WARN] [1783378410.690991450] [behavior_server]: spin failed
[WARN] [1783378410.691164858] [behavior_server]: [spin] [ActionServer] Aborting handle.
[INFO] [1783378410.717908518] [behavior_server]: Running wait
[INFO] [1783378415.723058086] [behavior_server]: wait completed successfully
[INFO] [1783378415.860720808] [behavior_server]: Running backup
[WARN] [1783378415.865912454] [behavior_server]: Collision Ahead - Exiting DriveOnHeading
[WARN] [1783378415.866021010] [behavior_server]: backup failed
[WARN] [1783378415.866061047] [behavior_server]: [backup] [ActionServer] Aborting handle.
[INFO] [1783378664.234947141] [behavior_server]: Running spin
[INFO] [1783378664.235095845] [behavior_server]: Turning 1.57 for spin behavior.
[WARN] [1783378665.935399229] [behavior_server]: Collision Ahead - Exiting Spin
[WARN] [1783378665.935466914] [behavior_server]: spin failed
[WARN] [1783378665.935490174] [behavior_server]: [spin] [ActionServer] Aborting handle.
[INFO] [1783378665.956659295] [behavior_server]: Running wait
[INFO] [1783378670.956956445] [behavior_server]: wait completed successfully
[INFO] [1783378679.646193602] [behavior_server]: Running backup
[WARN] [1783378679.646493363] [behavior_server]: Collision Ahead - Exiting DriveOnHeading
[WARN] [1783378679.646537086] [behavior_server]: backup failed
[WARN] [1783378679.646559179] [behavior_server]: [backup] [ActionServer] Aborting handle.
[INFO] [1783378906.659298520] [behavior_server]: Running spin
[INFO] [1783378906.659823338] [behavior_server]: Turning 1.57 for spin behavior.
[WARN] [1783378908.160168399] [behavior_server]: Collision Ahead - Exiting Spin
[WARN] [1783378908.160232900] [behavior_server]: spin failed
[WARN] [1783378908.160304585] [behavior_server]: [spin] [ActionServer] Aborting handle.
[INFO] [1783378908.173632218] [behavior_server]: Running wait
[INFO] [1783378913.173879547] [behavior_server]: wait completed successfully
[INFO] [1783379751.590594913] [rclcpp]: signal_handler(SIGINT/SIGTERM)
[INFO] [1783379751.590672302] [behavior_server]: Running Nav2 LifecycleNode rcl preshutdown (behavior_server)
[INFO] [1783379751.590825136] [behavior_server]: Deactivating
[INFO] [1783379751.590906896] [behavior_server]: Destroying bond (behavior_server) to lifecycle manager.
[INFO] [1783379751.631589951] [behavior_server]: Cleaning up
[INFO] [1783379751.905882055] [behavior_server]: Destroying bond (behavior_server) to lifecycle manager.
