[INFO] [1785366209.873165248] [behavior_server]: 
	behavior_server lifecycle node launched. 
	Waiting on external lifecycle transitions to activate
	See https://design.ros2.org/articles/node_lifecycle.html for more information.
[INFO] [1785366213.491752793] [behavior_server]: Configuring
[INFO] [1785366213.522015990] [behavior_server]: Creating behavior plugin spin of type nav2_behaviors::Spin
[INFO] [1785366213.530544170] [behavior_server]: Creating behavior plugin backup of type nav2_behaviors::BackUp
[INFO] [1785366213.541869404] [behavior_server]: Creating behavior plugin drive_on_heading of type nav2_behaviors::DriveOnHeading
[INFO] [1785366213.551635628] [behavior_server]: Creating behavior plugin assisted_teleop of type nav2_behaviors::AssistedTeleop
[INFO] [1785366213.571296985] [behavior_server]: Creating behavior plugin wait of type nav2_behaviors::Wait
[INFO] [1785366213.604435106] [behavior_server]: Configuring spin
[INFO] [1785366213.651360050] [behavior_server]: Configuring backup
[INFO] [1785366213.684673913] [behavior_server]: Configuring drive_on_heading
[INFO] [1785366213.719645342] [behavior_server]: Configuring assisted_teleop
[INFO] [1785366213.767166085] [behavior_server]: Configuring wait
[INFO] [1785366219.268132427] [behavior_server]: Activating
[INFO] [1785366219.268194446] [behavior_server]: Activating spin
[INFO] [1785366219.268220057] [behavior_server]: Activating backup
[INFO] [1785366219.268239280] [behavior_server]: Activating drive_on_heading
[INFO] [1785366219.268257557] [behavior_server]: Activating assisted_teleop
[INFO] [1785366219.268281965] [behavior_server]: Activating wait
[INFO] [1785366219.268309947] [behavior_server]: Creating bond (behavior_server) to lifecycle manager.
[INFO] [1785366508.071286723] [rclcpp]: signal_handler(SIGINT/SIGTERM)
[INFO] [1785366508.071426298] [behavior_server]: Running Nav2 LifecycleNode rcl preshutdown (behavior_server)
[INFO] [1785366508.076309208] [behavior_server]: Deactivating
[INFO] [1785366508.082111917] [behavior_server]: Destroying bond (behavior_server) to lifecycle manager.
[INFO] [1785366508.156733435] [behavior_server]: Cleaning up
[INFO] [1785366508.382567663] [behavior_server]: Destroying bond (behavior_server) to lifecycle manager.
