[INFO] [1784762509.656434888] [behavior_server]: 
	behavior_server lifecycle node launched. 
	Waiting on external lifecycle transitions to activate
	See https://design.ros2.org/articles/node_lifecycle.html for more information.
[INFO] [1784762512.715112468] [behavior_server]: Configuring
[INFO] [1784762512.767833188] [behavior_server]: Creating behavior plugin spin of type nav2_behaviors::Spin
[INFO] [1784762512.770826962] [behavior_server]: Creating behavior plugin backup of type nav2_behaviors::BackUp
[INFO] [1784762512.775856375] [behavior_server]: Creating behavior plugin drive_on_heading of type nav2_behaviors::DriveOnHeading
[INFO] [1784762512.778603130] [behavior_server]: Creating behavior plugin assisted_teleop of type nav2_behaviors::AssistedTeleop
[INFO] [1784762512.785179254] [behavior_server]: Creating behavior plugin wait of type nav2_behaviors::Wait
[INFO] [1784762512.822119527] [behavior_server]: Configuring spin
[INFO] [1784762512.885017612] [behavior_server]: Configuring backup
[INFO] [1784762512.933469293] [behavior_server]: Configuring drive_on_heading
[INFO] [1784762512.985414084] [behavior_server]: Configuring assisted_teleop
[INFO] [1784762513.020367662] [behavior_server]: Configuring wait
[INFO] [1784762516.996739314] [behavior_server]: Activating
[INFO] [1784762516.996797278] [behavior_server]: Activating spin
[INFO] [1784762516.996822574] [behavior_server]: Activating backup
[INFO] [1784762516.996841445] [behavior_server]: Activating drive_on_heading
[INFO] [1784762516.996861926] [behavior_server]: Activating assisted_teleop
[INFO] [1784762516.996883500] [behavior_server]: Activating wait
[INFO] [1784762516.997053483] [behavior_server]: Creating bond (behavior_server) to lifecycle manager.
[INFO] [1784763709.037938029] [behavior_server]: Running backup
[INFO] [1784763713.438561581] [behavior_server]: backup completed successfully
[INFO] [1784763755.034052358] [behavior_server]: Running backup
[INFO] [1784763759.534499971] [behavior_server]: backup completed successfully
[INFO] [1784763760.595401013] [behavior_server]: Running backup
[WARN] [1784763762.696044525] [behavior_server]: Collision Ahead - Exiting DriveOnHeading
[WARN] [1784763762.696107951] [behavior_server]: backup failed
[WARN] [1784763762.696126933] [behavior_server]: [backup] [ActionServer] Aborting handle.
[INFO] [1784763762.713327351] [behavior_server]: Running spin
[INFO] [1784763762.713467000] [behavior_server]: Turning 1.57 for spin behavior.
[WARN] [1784763766.113983892] [behavior_server]: Collision Ahead - Exiting Spin
[WARN] [1784763766.114043004] [behavior_server]: spin failed
[WARN] [1784763766.114068467] [behavior_server]: [spin] [ActionServer] Aborting handle.
[INFO] [1784763766.132528189] [behavior_server]: Running wait
[INFO] [1784763771.132866982] [behavior_server]: wait completed successfully
[INFO] [1784763772.194440213] [behavior_server]: Running backup
[WARN] [1784763772.194753604] [behavior_server]: Collision Ahead - Exiting DriveOnHeading
[WARN] [1784763772.194797345] [behavior_server]: backup failed
[WARN] [1784763772.194816548] [behavior_server]: [backup] [ActionServer] Aborting handle.
[INFO] [1784763772.212597803] [behavior_server]: Running spin
[INFO] [1784763772.212785323] [behavior_server]: Turning 1.57 for spin behavior.
[WARN] [1784763773.113118217] [behavior_server]: Collision Ahead - Exiting Spin
[WARN] [1784763773.113180625] [behavior_server]: spin failed
[WARN] [1784763773.113210569] [behavior_server]: [spin] [ActionServer] Aborting handle.
[INFO] [1784763773.132086201] [behavior_server]: Running wait
[INFO] [1784763778.132318179] [behavior_server]: wait completed successfully
[INFO] [1784763778.709684231] [behavior_server]: Running backup
[WARN] [1784763778.711120462] [behavior_server]: Collision Ahead - Exiting DriveOnHeading
[WARN] [1784763778.711199481] [behavior_server]: backup failed
[WARN] [1784763778.711228333] [behavior_server]: [backup] [ActionServer] Aborting handle.
[INFO] [1784763778.721382801] [behavior_server]: Running spin
[INFO] [1784763778.721515709] [behavior_server]: Turning 1.57 for spin behavior.
[WARN] [1784763788.723378414] [behavior_server]: Exceeded time allowance before reaching the Spin goal - Exiting Spin
[WARN] [1784763788.723912343] [behavior_server]: spin failed
[WARN] [1784763788.723979973] [behavior_server]: [spin] [ActionServer] Aborting handle.
[INFO] [1784763788.742580862] [behavior_server]: Running wait
[INFO] [1784763793.743043841] [behavior_server]: wait completed successfully
[INFO] [1784763794.435216618] [behavior_server]: Running backup
[WARN] [1784763794.435691732] [behavior_server]: Collision Ahead - Exiting DriveOnHeading
[WARN] [1784763794.435732991] [behavior_server]: backup failed
[WARN] [1784763794.435779084] [behavior_server]: [backup] [ActionServer] Aborting handle.
[INFO] [1784763794.451780384] [behavior_server]: Running spin
[INFO] [1784763794.451926125] [behavior_server]: Turning 1.57 for spin behavior.
[WARN] [1784763804.452168190] [behavior_server]: Exceeded time allowance before reaching the Spin goal - Exiting Spin
[WARN] [1784763804.452660027] [behavior_server]: spin failed
[WARN] [1784763804.452754212] [behavior_server]: [spin] [ActionServer] Aborting handle.
[INFO] [1784763804.471799253] [behavior_server]: Running wait
[INFO] [1784763809.472523029] [behavior_server]: wait completed successfully
[INFO] [1784763840.075187980] [behavior_server]: Running backup
[WARN] [1784763840.075636779] [behavior_server]: Collision Ahead - Exiting DriveOnHeading
[WARN] [1784763840.075683464] [behavior_server]: backup failed
[WARN] [1784763840.075705612] [behavior_server]: [backup] [ActionServer] Aborting handle.
[INFO] [1784763840.093658257] [behavior_server]: Running spin
[INFO] [1784763840.094531818] [behavior_server]: Turning 1.57 for spin behavior.
[WARN] [1784763850.094822971] [behavior_server]: Exceeded time allowance before reaching the Spin goal - Exiting Spin
[WARN] [1784763850.094921898] [behavior_server]: spin failed
[WARN] [1784763850.094943768] [behavior_server]: [spin] [ActionServer] Aborting handle.
[INFO] [1784763850.112348841] [behavior_server]: Running wait
[INFO] [1784763855.112553969] [behavior_server]: wait completed successfully
[INFO] [1784763855.834007840] [behavior_server]: Running backup
[WARN] [1784763855.834326490] [behavior_server]: Collision Ahead - Exiting DriveOnHeading
[WARN] [1784763855.834364694] [behavior_server]: backup failed
[WARN] [1784763855.834384601] [behavior_server]: [backup] [ActionServer] Aborting handle.
[INFO] [1784763855.843781429] [behavior_server]: Running spin
[INFO] [1784763855.844017504] [behavior_server]: Turning 1.57 for spin behavior.
[WARN] [1784763865.844239075] [behavior_server]: Exceeded time allowance before reaching the Spin goal - Exiting Spin
[WARN] [1784763865.844296464] [behavior_server]: spin failed
[WARN] [1784763865.844315779] [behavior_server]: [spin] [ActionServer] Aborting handle.
[INFO] [1784763865.861748759] [behavior_server]: Running wait
[INFO] [1784763870.861998888] [behavior_server]: wait completed successfully
[INFO] [1784763871.633810042] [behavior_server]: Running backup
[WARN] [1784763871.634098618] [behavior_server]: Collision Ahead - Exiting DriveOnHeading
[WARN] [1784763871.634133155] [behavior_server]: backup failed
[WARN] [1784763871.634149877] [behavior_server]: [backup] [ActionServer] Aborting handle.
[INFO] [1784763871.653789258] [behavior_server]: Running spin
[INFO] [1784763871.654662115] [behavior_server]: Turning 1.57 for spin behavior.
[WARN] [1784763881.655218965] [behavior_server]: Exceeded time allowance before reaching the Spin goal - Exiting Spin
[WARN] [1784763881.655292095] [behavior_server]: spin failed
[WARN] [1784763881.655317465] [behavior_server]: [spin] [ActionServer] Aborting handle.
[INFO] [1784763881.673668858] [behavior_server]: Running wait
[INFO] [1784763886.673934579] [behavior_server]: wait completed successfully
[INFO] [1784763893.921779647] [behavior_server]: Running backup
[INFO] [1784763900.225136763] [behavior_server]: backup completed successfully
[INFO] [1784763901.829892708] [behavior_server]: Running backup
[WARN] [1784763901.830171154] [behavior_server]: Collision Ahead - Exiting DriveOnHeading
[WARN] [1784763901.830218469] [behavior_server]: backup failed
[WARN] [1784763901.830242987] [behavior_server]: [backup] [ActionServer] Aborting handle.
[INFO] [1784763901.843902522] [behavior_server]: Running spin
[INFO] [1784763901.844420284] [behavior_server]: Turning 1.57 for spin behavior.
[WARN] [1784763901.944816738] [behavior_server]: Collision Ahead - Exiting Spin
[WARN] [1784763901.944878868] [behavior_server]: spin failed
[WARN] [1784763901.944904869] [behavior_server]: [spin] [ActionServer] Aborting handle.
[INFO] [1784763901.961959032] [behavior_server]: Running wait
[INFO] [1784763906.962232735] [behavior_server]: wait completed successfully
[INFO] [1784763947.244116366] [behavior_server]: Running backup
[WARN] [1784763947.244440238] [behavior_server]: Collision Ahead - Exiting DriveOnHeading
[WARN] [1784763947.244468386] [behavior_server]: backup failed
[WARN] [1784763947.244485312] [behavior_server]: [backup] [ActionServer] Aborting handle.
[INFO] [1784763947.261846348] [behavior_server]: Running spin
[INFO] [1784763947.261991145] [behavior_server]: Turning 1.57 for spin behavior.
[WARN] [1784763957.262218549] [behavior_server]: Exceeded time allowance before reaching the Spin goal - Exiting Spin
[WARN] [1784763957.262301105] [behavior_server]: spin failed
[WARN] [1784763957.262408772] [behavior_server]: [spin] [ActionServer] Aborting handle.
[INFO] [1784763957.281799560] [behavior_server]: Running wait
[INFO] [1784763962.282030836] [behavior_server]: wait completed successfully
[INFO] [1784764102.345996902] [behavior_server]: Running backup
[WARN] [1784764102.346286682] [behavior_server]: Collision Ahead - Exiting DriveOnHeading
[WARN] [1784764102.346317682] [behavior_server]: backup failed
[WARN] [1784764102.346336756] [behavior_server]: [backup] [ActionServer] Aborting handle.
[INFO] [1784764102.364056553] [behavior_server]: Running spin
[INFO] [1784764102.364164757] [behavior_server]: Turning 1.57 for spin behavior.
[WARN] [1784764112.364364642] [behavior_server]: Exceeded time allowance before reaching the Spin goal - Exiting Spin
[WARN] [1784764112.364427920] [behavior_server]: spin failed
[WARN] [1784764112.364449550] [behavior_server]: [spin] [ActionServer] Aborting handle.
[INFO] [1784764112.384095987] [behavior_server]: Running wait
[INFO] [1784764117.384363041] [behavior_server]: wait completed successfully
[INFO] [1784764118.435533166] [behavior_server]: Running backup
[WARN] [1784764118.435843445] [behavior_server]: Collision Ahead - Exiting DriveOnHeading
[WARN] [1784764118.435877686] [behavior_server]: backup failed
[WARN] [1784764118.435899668] [behavior_server]: [backup] [ActionServer] Aborting handle.
[INFO] [1784764118.443886988] [behavior_server]: Running spin
[INFO] [1784764118.444048081] [behavior_server]: Turning 1.57 for spin behavior.
[WARN] [1784764128.444255096] [behavior_server]: Exceeded time allowance before reaching the Spin goal - Exiting Spin
[WARN] [1784764128.444312800] [behavior_server]: spin failed
[WARN] [1784764128.444336781] [behavior_server]: [spin] [ActionServer] Aborting handle.
[INFO] [1784764128.464022052] [behavior_server]: Running wait
[INFO] [1784764133.464284125] [behavior_server]: wait completed successfully
[INFO] [1784764134.526516733] [behavior_server]: Running backup
[WARN] [1784764134.526825420] [behavior_server]: Collision Ahead - Exiting DriveOnHeading
[WARN] [1784764134.526865365] [behavior_server]: backup failed
[WARN] [1784764134.526886457] [behavior_server]: [backup] [ActionServer] Aborting handle.
[INFO] [1784764134.544008177] [behavior_server]: Running spin
[INFO] [1784764134.544148270] [behavior_server]: Turning 1.57 for spin behavior.
[WARN] [1784764144.544339415] [behavior_server]: Exceeded time allowance before reaching the Spin goal - Exiting Spin
[WARN] [1784764144.544401545] [behavior_server]: spin failed
[WARN] [1784764144.544423193] [behavior_server]: [spin] [ActionServer] Aborting handle.
[INFO] [1784764144.564031667] [behavior_server]: Running wait
[INFO] [1784764149.564369147] [behavior_server]: wait completed successfully
[INFO] [1784764150.626768998] [behavior_server]: Running backup
[WARN] [1784764150.627071481] [behavior_server]: Collision Ahead - Exiting DriveOnHeading
[WARN] [1784764150.627105444] [behavior_server]: backup failed
[WARN] [1784764150.627132111] [behavior_server]: [backup] [ActionServer] Aborting handle.
[INFO] [1784764150.643911106] [behavior_server]: Running spin
[INFO] [1784764150.644045144] [behavior_server]: Turning 1.57 for spin behavior.
[WARN] [1784764160.644244825] [behavior_server]: Exceeded time allowance before reaching the Spin goal - Exiting Spin
[WARN] [1784764160.644302659] [behavior_server]: spin failed
[WARN] [1784764160.644324085] [behavior_server]: [spin] [ActionServer] Aborting handle.
[INFO] [1784764160.663969318] [behavior_server]: Running wait
[INFO] [1784764165.664232447] [behavior_server]: wait completed successfully
[INFO] [1784764166.814210406] [behavior_server]: Running backup
[WARN] [1784764166.814620353] [behavior_server]: Collision Ahead - Exiting DriveOnHeading
[WARN] [1784764166.814652482] [behavior_server]: backup failed
[WARN] [1784764166.814669945] [behavior_server]: [backup] [ActionServer] Aborting handle.
[INFO] [1784764166.825442298] [behavior_server]: Running spin
[INFO] [1784764166.825581818] [behavior_server]: Turning 1.57 for spin behavior.
[WARN] [1784764176.825770610] [behavior_server]: Exceeded time allowance before reaching the Spin goal - Exiting Spin
[WARN] [1784764176.825836185] [behavior_server]: spin failed
[WARN] [1784764176.825857055] [behavior_server]: [spin] [ActionServer] Aborting handle.
[INFO] [1784764176.843921076] [behavior_server]: Running wait
[INFO] [1784764181.844169205] [behavior_server]: wait completed successfully
[INFO] [1784764182.775563717] [behavior_server]: Running backup
[WARN] [1784764182.775864682] [behavior_server]: Collision Ahead - Exiting DriveOnHeading
[WARN] [1784764182.775894830] [behavior_server]: backup failed
[WARN] [1784764182.775911330] [behavior_server]: [backup] [ActionServer] Aborting handle.
[INFO] [1784764182.784107244] [behavior_server]: Running spin
[INFO] [1784764182.784234837] [behavior_server]: Turning 1.57 for spin behavior.
[WARN] [1784764192.784407444] [behavior_server]: Exceeded time allowance before reaching the Spin goal - Exiting Spin
[WARN] [1784764192.784464648] [behavior_server]: spin failed
[WARN] [1784764192.784483926] [behavior_server]: [spin] [ActionServer] Aborting handle.
[INFO] [1784764192.809089092] [behavior_server]: Running wait
[INFO] [1784764197.809438814] [behavior_server]: wait completed successfully
[INFO] [1784764403.450927925] [behavior_server]: Running backup
[INFO] [1784764407.952162409] [behavior_server]: backup completed successfully
[INFO] [1784764449.233117650] [behavior_server]: Running backup
[INFO] [1784764453.633745160] [behavior_server]: backup completed successfully
[INFO] [1784764495.113473057] [behavior_server]: Running backup
[INFO] [1784764499.714087713] [behavior_server]: backup completed successfully
[INFO] [1784764541.295013624] [behavior_server]: Running backup
[WARN] [1784764542.195492678] [behavior_server]: Collision Ahead - Exiting DriveOnHeading
[WARN] [1784764542.195565104] [behavior_server]: backup failed
[WARN] [1784764542.195588382] [behavior_server]: [backup] [ActionServer] Aborting handle.
[INFO] [1784764542.212400785] [behavior_server]: Running spin
[INFO] [1784764542.212549564] [behavior_server]: Turning 1.57 for spin behavior.
[INFO] [1784764549.112860988] [behavior_server]: spin completed successfully
[INFO] [1784764681.913954259] [behavior_server]: Running backup
[INFO] [1784764686.514334320] [behavior_server]: backup completed successfully
[INFO] [1784764890.885384976] [behavior_server]: Running backup
[INFO] [1784764895.385829814] [behavior_server]: backup completed successfully
[INFO] [1784764958.194767342] [behavior_server]: Running backup
[INFO] [1784764964.395500406] [behavior_server]: backup completed successfully
[INFO] [1784764970.884092846] [behavior_server]: Running backup
[WARN] [1784764970.884416829] [behavior_server]: Collision Ahead - Exiting DriveOnHeading
[WARN] [1784764970.884445218] [behavior_server]: backup failed
[WARN] [1784764970.884461718] [behavior_server]: [backup] [ActionServer] Aborting handle.
[INFO] [1784764970.890034913] [behavior_server]: Running spin
[INFO] [1784764970.890575564] [behavior_server]: Turning 1.57 for spin behavior.
[WARN] [1784764970.991885988] [behavior_server]: Collision Ahead - Exiting Spin
[WARN] [1784764970.997173108] [behavior_server]: spin failed
[WARN] [1784764970.997226386] [behavior_server]: [spin] [ActionServer] Aborting handle.
[INFO] [1784764971.017554582] [behavior_server]: Running wait
[INFO] [1784764976.017938155] [behavior_server]: wait completed successfully
[INFO] [1784764976.701230954] [behavior_server]: Running backup
[WARN] [1784764976.701511067] [behavior_server]: Collision Ahead - Exiting DriveOnHeading
[WARN] [1784764976.701536493] [behavior_server]: backup failed
[WARN] [1784764976.701552882] [behavior_server]: [backup] [ActionServer] Aborting handle.
[INFO] [1784764976.716768904] [behavior_server]: Running spin
[INFO] [1784764976.716912683] [behavior_server]: Turning 1.57 for spin behavior.
[WARN] [1784764986.717213382] [behavior_server]: Exceeded time allowance before reaching the Spin goal - Exiting Spin
[WARN] [1784764986.717341142] [behavior_server]: spin failed
[WARN] [1784764986.717369179] [behavior_server]: [spin] [ActionServer] Aborting handle.
[INFO] [1784764986.737498096] [behavior_server]: Running wait
[INFO] [1784764991.738984212] [behavior_server]: wait completed successfully
[INFO] [1784764992.442632504] [behavior_server]: Running backup
[WARN] [1784764992.443172969] [behavior_server]: Collision Ahead - Exiting DriveOnHeading
[WARN] [1784764992.443228581] [behavior_server]: backup failed
[WARN] [1784764992.443249303] [behavior_server]: [backup] [ActionServer] Aborting handle.
[INFO] [1784764992.456495297] [behavior_server]: Running spin
[INFO] [1784764992.456689020] [behavior_server]: Turning 1.57 for spin behavior.
[WARN] [1784764996.957093099] [behavior_server]: Collision Ahead - Exiting Spin
[WARN] [1784764996.957152599] [behavior_server]: spin failed
[WARN] [1784764996.957172747] [behavior_server]: [spin] [ActionServer] Aborting handle.
[INFO] [1784764996.976529253] [behavior_server]: Running wait
[INFO] [1784765001.976823104] [behavior_server]: wait completed successfully
[INFO] [1784765002.658424524] [behavior_server]: Running backup
[WARN] [1784765002.659780549] [behavior_server]: Collision Ahead - Exiting DriveOnHeading
[WARN] [1784765002.659866402] [behavior_server]: backup failed
[WARN] [1784765002.659893217] [behavior_server]: [backup] [ActionServer] Aborting handle.
[INFO] [1784765002.676742414] [behavior_server]: Running spin
[INFO] [1784765002.676974378] [behavior_server]: Turning 1.57 for spin behavior.
[WARN] [1784765012.677242410] [behavior_server]: Exceeded time allowance before reaching the Spin goal - Exiting Spin
[WARN] [1784765012.677312392] [behavior_server]: spin failed
[WARN] [1784765012.677332040] [behavior_server]: [spin] [ActionServer] Aborting handle.
[INFO] [1784765012.696445397] [behavior_server]: Running wait
[INFO] [1784765017.696685043] [behavior_server]: wait completed successfully
[INFO] [1784765988.236248445] [behavior_server]: Running backup
[WARN] [1784765992.739301738] [behavior_server]: Collision Ahead - Exiting DriveOnHeading
[WARN] [1784765992.739376128] [behavior_server]: backup failed
[WARN] [1784765992.739404961] [behavior_server]: [backup] [ActionServer] Aborting handle.
[INFO] [1784765992.754107610] [behavior_server]: Running spin
[INFO] [1784765992.754669576] [behavior_server]: Turning 1.57 for spin behavior.
[WARN] [1784765992.854996529] [behavior_server]: Collision Ahead - Exiting Spin
[WARN] [1784765992.855061604] [behavior_server]: spin failed
[WARN] [1784765992.855086419] [behavior_server]: [spin] [ActionServer] Aborting handle.
[INFO] [1784765992.875113557] [behavior_server]: Running wait
[INFO] [1784765997.875471708] [behavior_server]: wait completed successfully
[INFO] [1784766038.058491828] [behavior_server]: Running backup
[WARN] [1784766038.058793311] [behavior_server]: Collision Ahead - Exiting DriveOnHeading
[WARN] [1784766038.058825459] [behavior_server]: backup failed
[WARN] [1784766038.058845107] [behavior_server]: [backup] [ActionServer] Aborting handle.
[INFO] [1784766038.075638544] [behavior_server]: Running spin
[INFO] [1784766038.076116176] [behavior_server]: Turning 1.57 for spin behavior.
[WARN] [1784766040.076530642] [behavior_server]: Collision Ahead - Exiting Spin
[WARN] [1784766040.076606438] [behavior_server]: spin failed
[WARN] [1784766040.076629772] [behavior_server]: [spin] [ActionServer] Aborting handle.
[INFO] [1784766040.096418743] [behavior_server]: Running wait
[INFO] [1784766045.096663504] [behavior_server]: wait completed successfully
[INFO] [1784766085.288390279] [behavior_server]: Running backup
[WARN] [1784766085.288864133] [behavior_server]: Collision Ahead - Exiting DriveOnHeading
[WARN] [1784766085.288904985] [behavior_server]: backup failed
[WARN] [1784766085.288929393] [behavior_server]: [backup] [ActionServer] Aborting handle.
[INFO] [1784766085.295203610] [behavior_server]: Running spin
[INFO] [1784766085.295326462] [behavior_server]: Turning 1.57 for spin behavior.
[WARN] [1784766087.395616990] [behavior_server]: Collision Ahead - Exiting Spin
[WARN] [1784766087.395676009] [behavior_server]: spin failed
[WARN] [1784766087.395699398] [behavior_server]: [spin] [ActionServer] Aborting handle.
[INFO] [1784766087.415209015] [behavior_server]: Running wait
[INFO] [1784766092.415633426] [behavior_server]: wait completed successfully
[INFO] [1784766132.647050013] [behavior_server]: Running backup
[WARN] [1784766132.647385996] [behavior_server]: Collision Ahead - Exiting DriveOnHeading
[WARN] [1784766132.647428515] [behavior_server]: backup failed
[WARN] [1784766132.647455608] [behavior_server]: [backup] [ActionServer] Aborting handle.
[INFO] [1784766132.665295513] [behavior_server]: Running spin
[INFO] [1784766132.665440847] [behavior_server]: Turning 1.57 for spin behavior.
[WARN] [1784766133.865739660] [behavior_server]: Collision Ahead - Exiting Spin
[WARN] [1784766133.865804420] [behavior_server]: spin failed
[WARN] [1784766133.865826938] [behavior_server]: [spin] [ActionServer] Aborting handle.
[INFO] [1784766133.885225722] [behavior_server]: Running wait
[INFO] [1784766138.885579484] [behavior_server]: wait completed successfully
[INFO] [1784766199.093948142] [behavior_server]: Running backup
[WARN] [1784766199.094269829] [behavior_server]: Collision Ahead - Exiting DriveOnHeading
[WARN] [1784766199.094311181] [behavior_server]: backup failed
[WARN] [1784766199.094329274] [behavior_server]: [backup] [ActionServer] Aborting handle.
[INFO] [1784766199.106039852] [behavior_server]: Running spin
[INFO] [1784766199.106954653] [behavior_server]: Turning 1.57 for spin behavior.
[WARN] [1784766199.909199316] [behavior_server]: Collision Ahead - Exiting Spin
[WARN] [1784766199.909263168] [behavior_server]: spin failed
[WARN] [1784766199.909286779] [behavior_server]: [spin] [ActionServer] Aborting handle.
[INFO] [1784766199.925369194] [behavior_server]: Running wait
[INFO] [1784766204.925635733] [behavior_server]: wait completed successfully
[INFO] [1784766245.113093654] [behavior_server]: Running backup
[WARN] [1784766245.113379266] [behavior_server]: Collision Ahead - Exiting DriveOnHeading
[WARN] [1784766245.113416137] [behavior_server]: backup failed
[WARN] [1784766245.113431192] [behavior_server]: [backup] [ActionServer] Aborting handle.
[INFO] [1784766245.115766834] [behavior_server]: Running spin
[INFO] [1784766245.115885427] [behavior_server]: Turning 1.57 for spin behavior.
[WARN] [1784766246.116551060] [behavior_server]: Collision Ahead - Exiting Spin
[WARN] [1784766246.116613375] [behavior_server]: spin failed
[WARN] [1784766246.116637986] [behavior_server]: [spin] [ActionServer] Aborting handle.
[INFO] [1784766246.135334415] [behavior_server]: Running wait
[INFO] [1784766251.136437921] [behavior_server]: wait completed successfully
[INFO] [1784767684.439800340] [rclcpp]: signal_handler(SIGINT/SIGTERM)
[INFO] [1784767684.439903488] [behavior_server]: Running Nav2 LifecycleNode rcl preshutdown (behavior_server)
[INFO] [1784767684.442748079] [behavior_server]: Deactivating
[INFO] [1784767684.442853136] [behavior_server]: Destroying bond (behavior_server) to lifecycle manager.
[INFO] [1784767684.491296295] [behavior_server]: Cleaning up
[INFO] [1784767684.659641319] [behavior_server]: Destroying bond (behavior_server) to lifecycle manager.
