[INFO] [1784069823.688610950] [behavior_server]: 
	behavior_server lifecycle node launched. 
	Waiting on external lifecycle transitions to activate
	See https://design.ros2.org/articles/node_lifecycle.html for more information.
[INFO] [1784069828.057069461] [behavior_server]: Configuring
[INFO] [1784069828.110716522] [behavior_server]: Creating behavior plugin spin of type nav2_behaviors::Spin
[INFO] [1784069828.118068638] [behavior_server]: Creating behavior plugin backup of type nav2_behaviors::BackUp
[INFO] [1784069828.123330149] [behavior_server]: Creating behavior plugin drive_on_heading of type nav2_behaviors::DriveOnHeading
[INFO] [1784069828.127322041] [behavior_server]: Creating behavior plugin assisted_teleop of type nav2_behaviors::AssistedTeleop
[INFO] [1784069828.132047346] [behavior_server]: Creating behavior plugin wait of type nav2_behaviors::Wait
[INFO] [1784069828.161457456] [behavior_server]: Configuring spin
[INFO] [1784069828.212544595] [behavior_server]: Configuring backup
[INFO] [1784069828.252142021] [behavior_server]: Configuring drive_on_heading
[INFO] [1784069828.290204624] [behavior_server]: Configuring assisted_teleop
[INFO] [1784069828.341543376] [behavior_server]: Configuring wait
[INFO] [1784069832.017835773] [behavior_server]: Activating
[INFO] [1784069832.017880662] [behavior_server]: Activating spin
[INFO] [1784069832.017906403] [behavior_server]: Activating backup
[INFO] [1784069832.017928032] [behavior_server]: Activating drive_on_heading
[INFO] [1784069832.017948310] [behavior_server]: Activating assisted_teleop
[INFO] [1784069832.017967588] [behavior_server]: Activating wait
[INFO] [1784069832.017992977] [behavior_server]: Creating bond (behavior_server) to lifecycle manager.
[INFO] [1784070078.504692882] [behavior_server]: Running backup
[INFO] [1784070081.105244488] [behavior_server]: backup completed successfully
[INFO] [1784070127.785089579] [behavior_server]: Running backup
[INFO] [1784070130.385549463] [behavior_server]: backup completed successfully
[INFO] [1784070174.364559716] [behavior_server]: Running backup
[INFO] [1784070176.864968741] [behavior_server]: backup completed successfully
[INFO] [1784070253.749552677] [behavior_server]: Running backup
[INFO] [1784070256.350026801] [behavior_server]: backup completed successfully
[INFO] [1784070257.410317598] [behavior_server]: Running backup
[INFO] [1784070259.911869610] [behavior_server]: backup completed successfully
[INFO] [1784070260.990263897] [behavior_server]: Running backup
[INFO] [1784070263.490659940] [behavior_server]: backup completed successfully
[INFO] [1784070263.749893565] [behavior_server]: Running backup
[WARN] [1784070263.750518790] [behavior_server]: Collision Ahead - Exiting DriveOnHeading
[WARN] [1784070263.750562142] [behavior_server]: backup failed
[WARN] [1784070263.750581772] [behavior_server]: [backup] [ActionServer] Aborting handle.
[INFO] [1784070263.757176791] [behavior_server]: Running spin
[INFO] [1784070263.757356051] [behavior_server]: Turning 1.57 for spin behavior.
[INFO] [1784070267.957587505] [behavior_server]: spin completed successfully
[INFO] [1784070269.032514902] [behavior_server]: Running backup
[WARN] [1784070269.032862460] [behavior_server]: Collision Ahead - Exiting DriveOnHeading
[WARN] [1784070269.032895942] [behavior_server]: backup failed
[WARN] [1784070269.032918238] [behavior_server]: [backup] [ActionServer] Aborting handle.
[INFO] [1784070269.047721173] [behavior_server]: Running spin
[INFO] [1784070269.047853655] [behavior_server]: Turning 1.57 for spin behavior.
[INFO] [1784070272.848553881] [behavior_server]: spin completed successfully
[INFO] [1784070294.138687853] [behavior_server]: Running backup
[WARN] [1784070294.439099542] [behavior_server]: Collision Ahead - Exiting DriveOnHeading
[WARN] [1784070294.439158839] [behavior_server]: backup failed
[WARN] [1784070294.439213747] [behavior_server]: [backup] [ActionServer] Aborting handle.
[INFO] [1784070294.454477407] [behavior_server]: Running spin
[INFO] [1784070294.454788131] [behavior_server]: Turning 1.57 for spin behavior.
[WARN] [1784070294.556257831] [behavior_server]: Collision Ahead - Exiting Spin
[WARN] [1784070294.556321683] [behavior_server]: spin failed
[WARN] [1784070294.556360109] [behavior_server]: [spin] [ActionServer] Aborting handle.
[INFO] [1784070294.574358599] [behavior_server]: Running wait
[INFO] [1784070299.574641497] [behavior_server]: wait completed successfully
[INFO] [1784070334.758964681] [behavior_server]: Running backup
[WARN] [1784070334.759296127] [behavior_server]: Collision Ahead - Exiting DriveOnHeading
[WARN] [1784070334.759358127] [behavior_server]: backup failed
[WARN] [1784070334.759384535] [behavior_server]: [backup] [ActionServer] Aborting handle.
[INFO] [1784070334.780707988] [behavior_server]: Running spin
[INFO] [1784070334.780885211] [behavior_server]: Turning 1.57 for spin behavior.
[WARN] [1784070335.483583145] [behavior_server]: Collision Ahead - Exiting Spin
[WARN] [1784070335.483657238] [behavior_server]: spin failed
[WARN] [1784070335.483693664] [behavior_server]: [spin] [ActionServer] Aborting handle.
[INFO] [1784070335.502388676] [behavior_server]: Running wait
[INFO] [1784070340.502705612] [behavior_server]: wait completed successfully
[INFO] [1784070380.720884456] [behavior_server]: Running backup
[WARN] [1784070380.721235458] [behavior_server]: Collision Ahead - Exiting DriveOnHeading
[WARN] [1784070380.721269236] [behavior_server]: backup failed
[WARN] [1784070380.721286439] [behavior_server]: [backup] [ActionServer] Aborting handle.
[INFO] [1784070380.727010749] [behavior_server]: Running spin
[INFO] [1784070380.727170343] [behavior_server]: Turning 1.57 for spin behavior.
[INFO] [1784070384.527535234] [behavior_server]: spin completed successfully
[INFO] [1784070391.884820887] [behavior_server]: Running backup
[INFO] [1784070396.885464324] [behavior_server]: backup completed successfully
[INFO] [1784070409.386129107] [behavior_server]: Running backup
[WARN] [1784070410.586846470] [behavior_server]: Collision Ahead - Exiting DriveOnHeading
[WARN] [1784070410.586922286] [behavior_server]: backup failed
[WARN] [1784070410.586943841] [behavior_server]: [backup] [ActionServer] Aborting handle.
[INFO] [1784070410.605608761] [behavior_server]: Running spin
[INFO] [1784070410.605740354] [behavior_server]: Turning 1.57 for spin behavior.
[INFO] [1784070415.805996488] [behavior_server]: spin completed successfully
[INFO] [1784070451.907515033] [behavior_server]: Running backup
[WARN] [1784070451.908448020] [behavior_server]: Collision Ahead - Exiting DriveOnHeading
[WARN] [1784070451.908506428] [behavior_server]: backup failed
[WARN] [1784070451.908530002] [behavior_server]: [backup] [ActionServer] Aborting handle.
[INFO] [1784070451.926520584] [behavior_server]: Running spin
[INFO] [1784070451.926664863] [behavior_server]: Turning 1.57 for spin behavior.
[WARN] [1784070452.026995390] [behavior_server]: Collision Ahead - Exiting Spin
[WARN] [1784070452.027049242] [behavior_server]: spin failed
[WARN] [1784070452.027070650] [behavior_server]: [spin] [ActionServer] Aborting handle.
[INFO] [1784070452.045372771] [behavior_server]: Running wait
[INFO] [1784070457.045735170] [behavior_server]: wait completed successfully
[INFO] [1784070461.242991645] [behavior_server]: Running backup
[INFO] [1784070465.943984786] [behavior_server]: backup completed successfully
[INFO] [1784070745.128863767] [rclcpp]: signal_handler(SIGINT/SIGTERM)
[INFO] [1784070745.128979453] [behavior_server]: Running Nav2 LifecycleNode rcl preshutdown (behavior_server)
[INFO] [1784070745.129153824] [behavior_server]: Deactivating
[INFO] [1784070745.129237287] [behavior_server]: Destroying bond (behavior_server) to lifecycle manager.
[INFO] [1784070745.161321449] [behavior_server]: Cleaning up
[INFO] [1784070745.454452353] [behavior_server]: Destroying bond (behavior_server) to lifecycle manager.
