[INFO] [1784067793.920239295] [behavior_server]: 
	behavior_server lifecycle node launched. 
	Waiting on external lifecycle transitions to activate
	See https://design.ros2.org/articles/node_lifecycle.html for more information.
[INFO] [1784067797.420922402] [behavior_server]: Configuring
[INFO] [1784067797.454227608] [behavior_server]: Creating behavior plugin spin of type nav2_behaviors::Spin
[INFO] [1784067797.456988790] [behavior_server]: Creating behavior plugin backup of type nav2_behaviors::BackUp
[INFO] [1784067797.460853868] [behavior_server]: Creating behavior plugin drive_on_heading of type nav2_behaviors::DriveOnHeading
[INFO] [1784067797.464118553] [behavior_server]: Creating behavior plugin assisted_teleop of type nav2_behaviors::AssistedTeleop
[INFO] [1784067797.468214039] [behavior_server]: Creating behavior plugin wait of type nav2_behaviors::Wait
[INFO] [1784067797.490849814] [behavior_server]: Configuring spin
[INFO] [1784067797.537403781] [behavior_server]: Configuring backup
[INFO] [1784067797.576774743] [behavior_server]: Configuring drive_on_heading
[INFO] [1784067797.610770194] [behavior_server]: Configuring assisted_teleop
[INFO] [1784067797.658924373] [behavior_server]: Configuring wait
[INFO] [1784067801.407588544] [behavior_server]: Activating
[INFO] [1784067801.407663285] [behavior_server]: Activating spin
[INFO] [1784067801.407696174] [behavior_server]: Activating backup
[INFO] [1784067801.407723193] [behavior_server]: Activating drive_on_heading
[INFO] [1784067801.407747193] [behavior_server]: Activating assisted_teleop
[INFO] [1784067801.407767601] [behavior_server]: Activating wait
[INFO] [1784067801.407801712] [behavior_server]: Creating bond (behavior_server) to lifecycle manager.
[INFO] [1784067939.094509102] [behavior_server]: Running backup
[WARN] [1784067939.197569627] [behavior_server]: Collision Ahead - Exiting DriveOnHeading
[WARN] [1784067939.197657480] [behavior_server]: backup failed
[WARN] [1784067939.197690202] [behavior_server]: [backup] [ActionServer] Aborting handle.
[INFO] [1784067939.220527553] [behavior_server]: Running spin
[INFO] [1784067939.220707350] [behavior_server]: Turning 1.57 for spin behavior.
[WARN] [1784067941.121129027] [behavior_server]: Collision Ahead - Exiting Spin
[WARN] [1784067941.121187194] [behavior_server]: spin failed
[WARN] [1784067941.121216102] [behavior_server]: [spin] [ActionServer] Aborting handle.
[INFO] [1784067941.140148320] [behavior_server]: Running wait
[INFO] [1784067946.140514270] [behavior_server]: wait completed successfully
[INFO] [1784067960.908876141] [behavior_server]: Running backup
[INFO] [1784067963.409281978] [behavior_server]: backup completed successfully
[INFO] [1784067968.708947264] [behavior_server]: Running backup
[INFO] [1784067971.209500935] [behavior_server]: backup completed successfully
[INFO] [1784067975.592384960] [behavior_server]: Running backup
[WARN] [1784067975.692872156] [behavior_server]: Collision Ahead - Exiting DriveOnHeading
[WARN] [1784067975.692931804] [behavior_server]: backup failed
[WARN] [1784067975.692952767] [behavior_server]: [backup] [ActionServer] Aborting handle.
[INFO] [1784067975.710176865] [behavior_server]: Running spin
[INFO] [1784067975.710311939] [behavior_server]: Turning 1.57 for spin behavior.
[WARN] [1784067975.811235157] [behavior_server]: Collision Ahead - Exiting Spin
[WARN] [1784067975.811292324] [behavior_server]: spin failed
[WARN] [1784067975.811314416] [behavior_server]: [spin] [ActionServer] Aborting handle.
[INFO] [1784067975.831257881] [behavior_server]: Running wait
[INFO] [1784067980.831670035] [behavior_server]: wait completed successfully
[INFO] [1784068139.147399096] [rclcpp]: signal_handler(SIGINT/SIGTERM)
[INFO] [1784068139.147461207] [behavior_server]: Running Nav2 LifecycleNode rcl preshutdown (behavior_server)
[INFO] [1784068139.147577041] [behavior_server]: Deactivating
[INFO] [1784068139.147658986] [behavior_server]: Destroying bond (behavior_server) to lifecycle manager.
[INFO] [1784068139.168281843] [behavior_server]: Cleaning up
[INFO] [1784068139.374431950] [behavior_server]: Destroying bond (behavior_server) to lifecycle manager.
