[INFO] [1784865402.052334733] [behavior_server]: 
	behavior_server lifecycle node launched. 
	Waiting on external lifecycle transitions to activate
	See https://design.ros2.org/articles/node_lifecycle.html for more information.
[INFO] [1784865405.735665307] [behavior_server]: Configuring
[INFO] [1784865405.758043808] [behavior_server]: Creating behavior plugin spin of type nav2_behaviors::Spin
[INFO] [1784865405.763011556] [behavior_server]: Creating behavior plugin backup of type nav2_behaviors::BackUp
[INFO] [1784865405.767560004] [behavior_server]: Creating behavior plugin drive_on_heading of type nav2_behaviors::DriveOnHeading
[INFO] [1784865405.769842016] [behavior_server]: Creating behavior plugin assisted_teleop of type nav2_behaviors::AssistedTeleop
[INFO] [1784865405.774716688] [behavior_server]: Creating behavior plugin wait of type nav2_behaviors::Wait
[INFO] [1784865405.802245605] [behavior_server]: Configuring spin
[INFO] [1784865405.842619789] [behavior_server]: Configuring backup
[INFO] [1784865405.872388439] [behavior_server]: Configuring drive_on_heading
[INFO] [1784865405.907085076] [behavior_server]: Configuring assisted_teleop
[INFO] [1784865405.942591903] [behavior_server]: Configuring wait
[INFO] [1784865409.538411334] [behavior_server]: Activating
[INFO] [1784865409.538457278] [behavior_server]: Activating spin
[INFO] [1784865409.538478149] [behavior_server]: Activating backup
[INFO] [1784865409.538495408] [behavior_server]: Activating drive_on_heading
[INFO] [1784865409.538510705] [behavior_server]: Activating assisted_teleop
[INFO] [1784865409.538527779] [behavior_server]: Activating wait
[INFO] [1784865409.538554631] [behavior_server]: Creating bond (behavior_server) to lifecycle manager.
[INFO] [1784865514.623959364] [behavior_server]: Running backup
[INFO] [1784865519.325392853] [behavior_server]: backup completed successfully
[INFO] [1784866208.021852918] [behavior_server]: Running backup
[INFO] [1784866212.522267156] [behavior_server]: backup completed successfully
[INFO] [1784866253.673531110] [behavior_server]: Running backup
[INFO] [1784866258.274064074] [behavior_server]: backup completed successfully
[INFO] [1784866299.418352126] [behavior_server]: Running backup
[INFO] [1784866303.919187394] [behavior_server]: backup completed successfully
[INFO] [1784866345.059797006] [behavior_server]: Running backup
[INFO] [1784866349.662862973] [behavior_server]: backup completed successfully
[INFO] [1784866391.022417745] [behavior_server]: Running backup
[WARN] [1784866391.022741049] [behavior_server]: Collision Ahead - Exiting DriveOnHeading
[WARN] [1784866391.022776198] [behavior_server]: backup failed
[WARN] [1784866391.022794402] [behavior_server]: [backup] [ActionServer] Aborting handle.
[INFO] [1784866391.028291764] [behavior_server]: Running spin
[INFO] [1784866391.028422007] [behavior_server]: Turning 1.57 for spin behavior.
[WARN] [1784866391.528784928] [behavior_server]: Collision Ahead - Exiting Spin
[WARN] [1784866391.528843485] [behavior_server]: spin failed
[WARN] [1784866391.528869245] [behavior_server]: [spin] [ActionServer] Aborting handle.
[INFO] [1784866391.547208112] [behavior_server]: Running wait
[INFO] [1784866396.547463669] [behavior_server]: wait completed successfully
[INFO] [1784866436.893985762] [behavior_server]: Running backup
[WARN] [1784866436.894385000] [behavior_server]: Collision Ahead - Exiting DriveOnHeading
[WARN] [1784866436.894421948] [behavior_server]: backup failed
[WARN] [1784866436.894440227] [behavior_server]: [backup] [ActionServer] Aborting handle.
[INFO] [1784866436.906170873] [behavior_server]: Running spin
[INFO] [1784866436.906288068] [behavior_server]: Turning 1.57 for spin behavior.
[INFO] [1784866443.006521397] [behavior_server]: spin completed successfully
[INFO] [1784866705.475159226] [behavior_server]: Running backup
[INFO] [1784866709.975465730] [behavior_server]: backup completed successfully
[INFO] [1784866751.104693971] [behavior_server]: Running backup
[INFO] [1784866755.605077569] [behavior_server]: backup completed successfully
[INFO] [1784866797.015363530] [behavior_server]: Running backup
[INFO] [1784866802.615717376] [behavior_server]: backup completed successfully
[INFO] [1784866843.852836776] [behavior_server]: Running backup
[INFO] [1784866848.353455738] [behavior_server]: backup completed successfully
[INFO] [1784866889.627272718] [behavior_server]: Running backup
[INFO] [1784866894.227650930] [behavior_server]: backup completed successfully
[INFO] [1784866935.872938610] [behavior_server]: Running backup
[INFO] [1784866940.673404883] [behavior_server]: backup completed successfully
[INFO] [1784867087.213259624] [behavior_server]: Running backup
[INFO] [1784867091.913657631] [behavior_server]: backup completed successfully
[INFO] [1784867439.631165127] [behavior_server]: Running backup
[INFO] [1784867444.331551352] [behavior_server]: backup completed successfully
[INFO] [1784867485.627625634] [behavior_server]: Running backup
[INFO] [1784867490.328009783] [behavior_server]: backup completed successfully
[INFO] [1784867531.615370477] [behavior_server]: Running backup
[INFO] [1784867536.117246748] [behavior_server]: backup completed successfully
[INFO] [1784867577.414099401] [behavior_server]: Running backup
[INFO] [1784867581.914462589] [behavior_server]: backup completed successfully
[INFO] [1784867622.660387370] [behavior_server]: Running backup
[INFO] [1784867627.362897771] [behavior_server]: backup completed successfully
[INFO] [1784867627.430313065] [behavior_server]: Running spin
[INFO] [1784867627.430450325] [behavior_server]: Turning 1.57 for spin behavior.
[INFO] [1784867636.030728705] [behavior_server]: spin completed successfully
[INFO] [1784867805.216234479] [behavior_server]: Running backup
[INFO] [1784867809.816797195] [behavior_server]: backup completed successfully
[INFO] [1784867851.438439033] [behavior_server]: Running backup
[INFO] [1784867855.938772155] [behavior_server]: backup completed successfully
[INFO] [1784867856.001013512] [behavior_server]: Running spin
[INFO] [1784867856.001153031] [behavior_server]: Turning 1.57 for spin behavior.
[INFO] [1784867863.701425709] [behavior_server]: spin completed successfully
[INFO] [1784869189.404387564] [behavior_server]: Running backup
[WARN] [1784869199.404675831] [behavior_server]: Exceeded time allowance before reaching the DriveOnHeading goal - Exiting DriveOnHeading
[WARN] [1784869199.404742091] [behavior_server]: backup failed
[WARN] [1784869199.404766258] [behavior_server]: [backup] [ActionServer] Aborting handle.
[INFO] [1784869199.417619161] [behavior_server]: Running spin
[INFO] [1784869199.417727791] [behavior_server]: Turning 1.57 for spin behavior.
[WARN] [1784869209.417918632] [behavior_server]: Exceeded time allowance before reaching the Spin goal - Exiting Spin
[WARN] [1784869209.417982947] [behavior_server]: spin failed
[WARN] [1784869209.418007040] [behavior_server]: [spin] [ActionServer] Aborting handle.
[INFO] [1784869209.438065390] [behavior_server]: Running wait
[INFO] [1784869214.438314089] [behavior_server]: wait completed successfully
[INFO] [1784869254.679814264] [behavior_server]: Running backup
[WARN] [1784869264.680071809] [behavior_server]: Exceeded time allowance before reaching the DriveOnHeading goal - Exiting DriveOnHeading
[WARN] [1784869264.680134050] [behavior_server]: backup failed
[WARN] [1784869264.680154532] [behavior_server]: [backup] [ActionServer] Aborting handle.
[INFO] [1784869264.697025179] [behavior_server]: Running spin
[INFO] [1784869264.697595386] [behavior_server]: Turning 1.57 for spin behavior.
[WARN] [1784869274.697765115] [behavior_server]: Exceeded time allowance before reaching the Spin goal - Exiting Spin
[WARN] [1784869274.697821079] [behavior_server]: spin failed
[WARN] [1784869274.697840079] [behavior_server]: [spin] [ActionServer] Aborting handle.
[INFO] [1784869274.717077906] [behavior_server]: Running wait
[INFO] [1784869279.717311845] [behavior_server]: wait completed successfully
[INFO] [1784869320.023884282] [behavior_server]: Running backup
[WARN] [1784869330.024454977] [behavior_server]: Exceeded time allowance before reaching the DriveOnHeading goal - Exiting DriveOnHeading
[WARN] [1784869330.024517014] [behavior_server]: backup failed
[WARN] [1784869330.024544588] [behavior_server]: [backup] [ActionServer] Aborting handle.
[INFO] [1784869330.039628115] [behavior_server]: Running spin
[INFO] [1784869330.039749467] [behavior_server]: Turning 1.57 for spin behavior.
[WARN] [1784869340.039935845] [behavior_server]: Exceeded time allowance before reaching the Spin goal - Exiting Spin
[WARN] [1784869340.039996494] [behavior_server]: spin failed
[WARN] [1784869340.040018846] [behavior_server]: [spin] [ActionServer] Aborting handle.
[INFO] [1784869340.059911380] [behavior_server]: Running wait
[INFO] [1784869345.060304802] [behavior_server]: wait completed successfully
[INFO] [1784869372.628593650] [behavior_server]: Running spin
[INFO] [1784869372.629213932] [behavior_server]: Turning 1.57 for spin behavior.
[INFO] [1784869372.649983748] [behavior_server]: Running wait
[INFO] [1784869377.655588088] [behavior_server]: wait completed successfully
[INFO] [1784869380.729474053] [behavior_server]: spin completed successfully
[INFO] [1784869728.616773920] [behavior_server]: Running backup
[INFO] [1784869733.017957850] [behavior_server]: backup completed successfully
[INFO] [1784869733.079106051] [behavior_server]: Running spin
[INFO] [1784869733.079249904] [behavior_server]: Turning 1.57 for spin behavior.
[INFO] [1784869740.679522419] [behavior_server]: spin completed successfully
[INFO] [1784869781.019799200] [behavior_server]: Running backup
[INFO] [1784869785.521832435] [behavior_server]: backup completed successfully
[INFO] [1784869785.609626206] [behavior_server]: Running spin
[INFO] [1784869785.609750374] [behavior_server]: Turning 1.57 for spin behavior.
[INFO] [1784869792.411827807] [behavior_server]: spin completed successfully
[INFO] [1784870100.419603181] [behavior_server]: Running backup
[INFO] [1784870104.920343851] [behavior_server]: backup completed successfully
[INFO] [1784870104.981033791] [behavior_server]: Running spin
[INFO] [1784870104.981322088] [behavior_server]: Turning 1.57 for spin behavior.
[WARN] [1784870109.283010646] [behavior_server]: Collision Ahead - Exiting Spin
[WARN] [1784870109.283071479] [behavior_server]: spin failed
[WARN] [1784870109.283092905] [behavior_server]: [spin] [ActionServer] Aborting handle.
[INFO] [1784870109.305520193] [behavior_server]: Running wait
[INFO] [1784870114.305803047] [behavior_server]: wait completed successfully
[INFO] [1784870154.618785590] [behavior_server]: Running backup
[WARN] [1784870154.619713373] [behavior_server]: Collision Ahead - Exiting DriveOnHeading
[WARN] [1784870154.619755910] [behavior_server]: backup failed
[WARN] [1784870154.619775985] [behavior_server]: [backup] [ActionServer] Aborting handle.
[INFO] [1784870154.625552368] [behavior_server]: Running spin
[INFO] [1784870154.625703461] [behavior_server]: Turning 1.57 for spin behavior.
[INFO] [1784870161.126078704] [behavior_server]: spin completed successfully
[INFO] [1784870173.222917709] [behavior_server]: Running backup
[WARN] [1784870173.223153543] [behavior_server]: Collision Ahead - Exiting DriveOnHeading
[WARN] [1784870173.223176414] [behavior_server]: backup failed
[WARN] [1784870173.223784713] [behavior_server]: [backup] [ActionServer] Aborting handle.
[INFO] [1784870173.227232973] [behavior_server]: Running spin
[INFO] [1784870173.227354844] [behavior_server]: Turning 1.57 for spin behavior.
[WARN] [1784870173.527735801] [behavior_server]: Collision Ahead - Exiting Spin
[WARN] [1784870173.527798209] [behavior_server]: spin failed
[WARN] [1784870173.527821654] [behavior_server]: [spin] [ActionServer] Aborting handle.
[INFO] [1784870173.545508101] [behavior_server]: Running wait
[INFO] [1784870178.546575422] [behavior_server]: wait completed successfully
[INFO] [1784870180.102043481] [behavior_server]: Running backup
[WARN] [1784870180.102352946] [behavior_server]: Collision Ahead - Exiting DriveOnHeading
[WARN] [1784870180.102384261] [behavior_server]: backup failed
[WARN] [1784870180.102402316] [behavior_server]: [backup] [ActionServer] Aborting handle.
[INFO] [1784870180.111511884] [behavior_server]: Running spin
[INFO] [1784870180.111659348] [behavior_server]: Turning 1.57 for spin behavior.
[WARN] [1784870181.511984179] [behavior_server]: Collision Ahead - Exiting Spin
[WARN] [1784870181.512043124] [behavior_server]: spin failed
[WARN] [1784870181.512062643] [behavior_server]: [spin] [ActionServer] Aborting handle.
[INFO] [1784870181.529698979] [behavior_server]: Running wait
[INFO] [1784870186.529939962] [behavior_server]: wait completed successfully
[INFO] [1784870189.038872454] [behavior_server]: Running backup
[WARN] [1784870189.039215715] [behavior_server]: Collision Ahead - Exiting DriveOnHeading
[WARN] [1784870189.039248123] [behavior_server]: backup failed
[WARN] [1784870189.039265234] [behavior_server]: [backup] [ActionServer] Aborting handle.
[INFO] [1784870189.040817483] [behavior_server]: Running spin
[INFO] [1784870189.040932280] [behavior_server]: Turning 1.57 for spin behavior.
[WARN] [1784870190.241254697] [behavior_server]: Collision Ahead - Exiting Spin
[WARN] [1784870190.241314660] [behavior_server]: spin failed
[WARN] [1784870190.241337531] [behavior_server]: [spin] [ActionServer] Aborting handle.
[INFO] [1784870190.254921919] [behavior_server]: Running wait
[INFO] [1784870195.255993888] [behavior_server]: wait completed successfully
[INFO] [1784870220.418594063] [behavior_server]: Running backup
[WARN] [1784870220.520018278] [behavior_server]: Collision Ahead - Exiting DriveOnHeading
[WARN] [1784870220.520077519] [behavior_server]: backup failed
[WARN] [1784870220.520097593] [behavior_server]: [backup] [ActionServer] Aborting handle.
[INFO] [1784870220.538623693] [behavior_server]: Running spin
[INFO] [1784870220.539869496] [behavior_server]: Turning 1.57 for spin behavior.
[WARN] [1784870220.640226150] [behavior_server]: Collision Ahead - Exiting Spin
[WARN] [1784870220.640280854] [behavior_server]: spin failed
[WARN] [1784870220.640299576] [behavior_server]: [spin] [ActionServer] Aborting handle.
[INFO] [1784870220.654935359] [behavior_server]: Running wait
[INFO] [1784870225.655204379] [behavior_server]: wait completed successfully
[INFO] [1784870225.722105371] [behavior_server]: Running spin
[INFO] [1784870225.722232890] [behavior_server]: Turning 1.57 for spin behavior.
[WARN] [1784870229.023282555] [behavior_server]: Collision Ahead - Exiting Spin
[WARN] [1784870229.023343222] [behavior_server]: spin failed
[WARN] [1784870229.023369889] [behavior_server]: [spin] [ActionServer] Aborting handle.
[INFO] [1784870229.035215008] [behavior_server]: Running wait
[INFO] [1784870234.035465880] [behavior_server]: wait completed successfully
[INFO] [1784870234.106990655] [behavior_server]: Running spin
[INFO] [1784870234.108279755] [behavior_server]: Turning 1.57 for spin behavior.
[WARN] [1784870235.308874284] [behavior_server]: Collision Ahead - Exiting Spin
[WARN] [1784870235.308938581] [behavior_server]: spin failed
[WARN] [1784870235.308960729] [behavior_server]: [spin] [ActionServer] Aborting handle.
[INFO] [1784870235.329899250] [behavior_server]: Running wait
[INFO] [1784870240.330322252] [behavior_server]: wait completed successfully
[INFO] [1784870241.133723948] [behavior_server]: Running spin
[INFO] [1784870241.135716477] [behavior_server]: Turning 1.57 for spin behavior.
[WARN] [1784870241.536230347] [behavior_server]: Collision Ahead - Exiting Spin
[WARN] [1784870241.536291143] [behavior_server]: spin failed
[WARN] [1784870241.536309310] [behavior_server]: [spin] [ActionServer] Aborting handle.
[INFO] [1784870241.553961665] [behavior_server]: Running wait
[INFO] [1784870246.554414408] [behavior_server]: wait completed successfully
[INFO] [1784870246.622295960] [behavior_server]: Running spin
[INFO] [1784870246.622425665] [behavior_server]: Turning 1.57 for spin behavior.
[WARN] [1784870248.822841897] [behavior_server]: Collision Ahead - Exiting Spin
[WARN] [1784870248.822894286] [behavior_server]: spin failed
[WARN] [1784870248.822912601] [behavior_server]: [spin] [ActionServer] Aborting handle.
[INFO] [1784870248.839903415] [behavior_server]: Running wait
[INFO] [1784870253.840131286] [behavior_server]: wait completed successfully
[INFO] [1784870258.317973611] [behavior_server]: Running backup
[WARN] [1784870261.218619481] [behavior_server]: Collision Ahead - Exiting DriveOnHeading
[WARN] [1784870261.218712333] [behavior_server]: backup failed
[WARN] [1784870261.218734815] [behavior_server]: [backup] [ActionServer] Aborting handle.
[INFO] [1784870261.232084572] [behavior_server]: Running spin
[INFO] [1784870261.232234721] [behavior_server]: Turning 1.57 for spin behavior.
[WARN] [1784870262.533503498] [behavior_server]: Collision Ahead - Exiting Spin
[WARN] [1784870262.533597888] [behavior_server]: spin failed
[WARN] [1784870262.533622388] [behavior_server]: [spin] [ActionServer] Aborting handle.
[INFO] [1784870262.554134554] [behavior_server]: Running wait
[INFO] [1784870267.554522816] [behavior_server]: wait completed successfully
[INFO] [1784870421.914914874] [behavior_server]: Running backup
[INFO] [1784870426.415372876] [behavior_server]: backup completed successfully
[INFO] [1784870426.477331748] [behavior_server]: Running spin
[INFO] [1784870426.477584620] [behavior_server]: Turning 1.57 for spin behavior.
[INFO] [1784870433.377852210] [behavior_server]: spin completed successfully
[INFO] [1784870433.449040706] [behavior_server]: Running spin
[INFO] [1784870433.449168652] [behavior_server]: Turning 1.57 for spin behavior.
[INFO] [1784870439.649994663] [behavior_server]: spin completed successfully
[INFO] [1784871368.727122176] [rclcpp]: signal_handler(SIGINT/SIGTERM)
[INFO] [1784871368.727221491] [behavior_server]: Running Nav2 LifecycleNode rcl preshutdown (behavior_server)
[INFO] [1784871368.727352140] [behavior_server]: Deactivating
[INFO] [1784871368.727410641] [behavior_server]: Destroying bond (behavior_server) to lifecycle manager.
[INFO] [1784871368.739734095] [behavior_server]: Cleaning up
[INFO] [1784871368.807582032] [behavior_server]: Destroying bond (behavior_server) to lifecycle manager.
