[INFO] [1785385218.974191470] [behavior_server]: 
	behavior_server lifecycle node launched. 
	Waiting on external lifecycle transitions to activate
	See https://design.ros2.org/articles/node_lifecycle.html for more information.
[INFO] [1785385222.237264048] [behavior_server]: Configuring
[INFO] [1785385222.283702800] [behavior_server]: Creating behavior plugin spin of type nav2_behaviors::Spin
[INFO] [1785385222.285976609] [behavior_server]: Creating behavior plugin backup of type nav2_behaviors::BackUp
[INFO] [1785385222.288085028] [behavior_server]: Creating behavior plugin drive_on_heading of type nav2_behaviors::DriveOnHeading
[INFO] [1785385222.290887969] [behavior_server]: Creating behavior plugin assisted_teleop of type nav2_behaviors::AssistedTeleop
[INFO] [1785385222.307410021] [behavior_server]: Creating behavior plugin wait of type nav2_behaviors::Wait
[INFO] [1785385222.338279689] [behavior_server]: Configuring spin
[INFO] [1785385222.384337364] [behavior_server]: Configuring backup
[INFO] [1785385222.423505503] [behavior_server]: Configuring drive_on_heading
[INFO] [1785385222.511601999] [behavior_server]: Configuring assisted_teleop
[INFO] [1785385222.569646795] [behavior_server]: Configuring wait
[INFO] [1785385227.200776067] [behavior_server]: Activating
[INFO] [1785385227.200849493] [behavior_server]: Activating spin
[INFO] [1785385227.200878401] [behavior_server]: Activating backup
[INFO] [1785385227.200902345] [behavior_server]: Activating drive_on_heading
[INFO] [1785385227.200923012] [behavior_server]: Activating assisted_teleop
[INFO] [1785385227.200941623] [behavior_server]: Activating wait
[INFO] [1785385227.200968253] [behavior_server]: Creating bond (behavior_server) to lifecycle manager.
[INFO] [1785385650.596256450] [behavior_server]: Deactivating
[INFO] [1785385650.596367135] [behavior_server]: Destroying bond (behavior_server) to lifecycle manager.
[INFO] [1785385655.254019161] [behavior_server]: Cleaning up
[INFO] [1785385658.160146877] [behavior_server]: Configuring
[INFO] [1785385658.169603688] [behavior_server]: Creating behavior plugin spin of type nav2_behaviors::Spin
[INFO] [1785385658.169723836] [behavior_server]: Creating behavior plugin backup of type nav2_behaviors::BackUp
[INFO] [1785385658.169758114] [behavior_server]: Creating behavior plugin drive_on_heading of type nav2_behaviors::DriveOnHeading
[INFO] [1785385658.169788837] [behavior_server]: Creating behavior plugin assisted_teleop of type nav2_behaviors::AssistedTeleop
[INFO] [1785385658.169816170] [behavior_server]: Creating behavior plugin wait of type nav2_behaviors::Wait
[INFO] [1785385658.181996033] [behavior_server]: Configuring spin
[INFO] [1785385658.210236204] [behavior_server]: Configuring backup
[INFO] [1785385658.345798217] [behavior_server]: Configuring drive_on_heading
[INFO] [1785385658.448078845] [behavior_server]: Configuring assisted_teleop
[INFO] [1785385658.550840106] [behavior_server]: Configuring wait
[INFO] [1785385663.191677911] [behavior_server]: Activating
[INFO] [1785385663.191737356] [behavior_server]: Activating spin
[INFO] [1785385663.191757504] [behavior_server]: Activating backup
[INFO] [1785385663.191773782] [behavior_server]: Activating drive_on_heading
[INFO] [1785385663.191790671] [behavior_server]: Activating assisted_teleop
[INFO] [1785385663.191810134] [behavior_server]: Activating wait
[INFO] [1785385663.191831356] [behavior_server]: Creating bond (behavior_server) to lifecycle manager.
[WARN] [1785385850.822254593] []: TF_OLD_DATA ignoring data from the past for frame front_left_wheel at time 1785385838.514690 according to authority Authority undetectable
Possible reasons are listed at http://wiki.ros.org/tf/Errors%20explained
[WARN] [1785385850.822321593] []: TF_OLD_DATA ignoring data from the past for frame front_right_wheel at time 1785385838.514690 according to authority Authority undetectable
Possible reasons are listed at http://wiki.ros.org/tf/Errors%20explained
[WARN] [1785385850.822333797] []: TF_OLD_DATA ignoring data from the past for frame rear_left_wheel at time 1785385838.514690 according to authority Authority undetectable
Possible reasons are listed at http://wiki.ros.org/tf/Errors%20explained
[WARN] [1785385850.822344852] []: TF_OLD_DATA ignoring data from the past for frame rear_right_wheel at time 1785385838.514690 according to authority Authority undetectable
Possible reasons are listed at http://wiki.ros.org/tf/Errors%20explained
[WARN] [1785385850.822390205] []: TF_OLD_DATA ignoring data from the past for frame front_left_wheel at time 1785385838.614682 according to authority Authority undetectable
Possible reasons are listed at http://wiki.ros.org/tf/Errors%20explained
[WARN] [1785385850.822406112] []: TF_OLD_DATA ignoring data from the past for frame front_right_wheel at time 1785385838.614682 according to authority Authority undetectable
Possible reasons are listed at http://wiki.ros.org/tf/Errors%20explained
[WARN] [1785385850.822417205] []: TF_OLD_DATA ignoring data from the past for frame rear_left_wheel at time 1785385838.614682 according to authority Authority undetectable
Possible reasons are listed at http://wiki.ros.org/tf/Errors%20explained
[WARN] [1785385850.822426890] []: TF_OLD_DATA ignoring data from the past for frame rear_right_wheel at time 1785385838.614682 according to authority Authority undetectable
Possible reasons are listed at http://wiki.ros.org/tf/Errors%20explained
[WARN] [1785385850.822453464] []: TF_OLD_DATA ignoring data from the past for frame front_left_wheel at time 1785385838.714663 according to authority Authority undetectable
Possible reasons are listed at http://wiki.ros.org/tf/Errors%20explained
[WARN] [1785385850.822468909] []: TF_OLD_DATA ignoring data from the past for frame front_right_wheel at time 1785385838.714663 according to authority Authority undetectable
Possible reasons are listed at http://wiki.ros.org/tf/Errors%20explained
[WARN] [1785385850.822479909] []: TF_OLD_DATA ignoring data from the past for frame rear_left_wheel at time 1785385838.714663 according to authority Authority undetectable
Possible reasons are listed at http://wiki.ros.org/tf/Errors%20explained
[WARN] [1785385850.822491020] []: TF_OLD_DATA ignoring data from the past for frame rear_right_wheel at time 1785385838.714663 according to authority Authority undetectable
Possible reasons are listed at http://wiki.ros.org/tf/Errors%20explained
[WARN] [1785385850.822517168] []: TF_OLD_DATA ignoring data from the past for frame front_left_wheel at time 1785385838.914639 according to authority Authority undetectable
Possible reasons are listed at http://wiki.ros.org/tf/Errors%20explained
[WARN] [1785385850.822529779] []: TF_OLD_DATA ignoring data from the past for frame front_right_wheel at time 1785385838.914639 according to authority Authority undetectable
Possible reasons are listed at http://wiki.ros.org/tf/Errors%20explained
[WARN] [1785385850.822541150] []: TF_OLD_DATA ignoring data from the past for frame rear_left_wheel at time 1785385838.914639 according to authority Authority undetectable
Possible reasons are listed at http://wiki.ros.org/tf/Errors%20explained
[WARN] [1785385850.822550854] []: TF_OLD_DATA ignoring data from the past for frame rear_right_wheel at time 1785385838.914639 according to authority Authority undetectable
Possible reasons are listed at http://wiki.ros.org/tf/Errors%20explained
[INFO] [1785385874.878823829] [rclcpp]: signal_handler(SIGINT/SIGTERM)
[INFO] [1785385874.878954089] [behavior_server]: Running Nav2 LifecycleNode rcl preshutdown (behavior_server)
[INFO] [1785385874.879075386] [behavior_server]: Deactivating
[INFO] [1785385874.879137702] [behavior_server]: Destroying bond (behavior_server) to lifecycle manager.
[INFO] [1785385874.904370524] [behavior_server]: Cleaning up
[INFO] [1785385874.980475103] [behavior_server]: Destroying bond (behavior_server) to lifecycle manager.
