[INFO] [1784007094.677969358] [behavior_server]: 
	behavior_server lifecycle node launched. 
	Waiting on external lifecycle transitions to activate
	See https://design.ros2.org/articles/node_lifecycle.html for more information.
[INFO] [1784007098.100947997] [behavior_server]: Configuring
[INFO] [1784007098.133100863] [behavior_server]: Creating behavior plugin spin of type nav2_behaviors::Spin
[INFO] [1784007098.139096749] [behavior_server]: Creating behavior plugin backup of type nav2_behaviors::BackUp
[INFO] [1784007098.142870807] [behavior_server]: Creating behavior plugin drive_on_heading of type nav2_behaviors::DriveOnHeading
[INFO] [1784007098.148249801] [behavior_server]: Creating behavior plugin assisted_teleop of type nav2_behaviors::AssistedTeleop
[INFO] [1784007098.155320563] [behavior_server]: Creating behavior plugin wait of type nav2_behaviors::Wait
[INFO] [1784007098.192690607] [behavior_server]: Configuring spin
[INFO] [1784007098.256818488] [behavior_server]: Configuring backup
[INFO] [1784007098.304482442] [behavior_server]: Configuring drive_on_heading
[INFO] [1784007098.354040518] [behavior_server]: Configuring assisted_teleop
[INFO] [1784007098.453684451] [behavior_server]: Configuring wait
[INFO] [1784007102.583341764] [behavior_server]: Activating
[INFO] [1784007102.583383061] [behavior_server]: Activating spin
[INFO] [1784007102.583404635] [behavior_server]: Activating backup
[INFO] [1784007102.583422098] [behavior_server]: Activating drive_on_heading
[INFO] [1784007102.583439468] [behavior_server]: Activating assisted_teleop
[INFO] [1784007102.583455617] [behavior_server]: Activating wait
[INFO] [1784007102.583479839] [behavior_server]: Creating bond (behavior_server) to lifecycle manager.
[INFO] [1784007141.322926499] [behavior_server]: Running spin
[INFO] [1784007141.323367113] [behavior_server]: Turning 1.57 for spin behavior.
[WARN] [1784007143.223961750] [behavior_server]: Collision Ahead - Exiting Spin
[WARN] [1784007143.224338585] [behavior_server]: spin failed
[WARN] [1784007143.224380993] [behavior_server]: [spin] [ActionServer] Aborting handle.
[INFO] [1784007143.241206458] [behavior_server]: Running wait
[INFO] [1784007148.241477446] [behavior_server]: wait completed successfully
[INFO] [1784007158.303612657] [behavior_server]: Running backup
[WARN] [1784007158.305341130] [behavior_server]: Collision Ahead - Exiting DriveOnHeading
[WARN] [1784007158.305407649] [behavior_server]: backup failed
[WARN] [1784007158.305438094] [behavior_server]: [backup] [ActionServer] Aborting handle.
[INFO] [1784007168.296730720] [behavior_server]: Running spin
[INFO] [1784007168.296982814] [behavior_server]: Turning 1.57 for spin behavior.
[WARN] [1784007169.597373433] [behavior_server]: Collision Ahead - Exiting Spin
[WARN] [1784007169.597435804] [behavior_server]: spin failed
[WARN] [1784007169.597459378] [behavior_server]: [spin] [ActionServer] Aborting handle.
[INFO] [1784007169.613779581] [behavior_server]: Running wait
[INFO] [1784007174.614009050] [behavior_server]: wait completed successfully
[INFO] [1784007175.671413797] [behavior_server]: Running backup
[INFO] [1784007178.279876467] [behavior_server]: backup completed successfully
[INFO] [1784007431.598128127] [behavior_server]: Running spin
[INFO] [1784007431.598892076] [behavior_server]: Turning 1.57 for spin behavior.
[WARN] [1784007437.400165474] [behavior_server]: Collision Ahead - Exiting Spin
[WARN] [1784007437.400226678] [behavior_server]: spin failed
[WARN] [1784007437.400250827] [behavior_server]: [spin] [ActionServer] Aborting handle.
[INFO] [1784007437.411713947] [behavior_server]: Running wait
[INFO] [1784007442.411946564] [behavior_server]: wait completed successfully
[INFO] [1784007456.804072719] [behavior_server]: Running backup
[WARN] [1784007456.804657612] [behavior_server]: Collision Ahead - Exiting DriveOnHeading
[WARN] [1784007456.804706834] [behavior_server]: backup failed
[WARN] [1784007456.804730390] [behavior_server]: [backup] [ActionServer] Aborting handle.
[INFO] [1784007486.373002128] [rclcpp]: signal_handler(SIGINT/SIGTERM)
[INFO] [1784007486.373071535] [behavior_server]: Running Nav2 LifecycleNode rcl preshutdown (behavior_server)
[INFO] [1784007486.373363759] [behavior_server]: Deactivating
[INFO] [1784007486.373454019] [behavior_server]: Destroying bond (behavior_server) to lifecycle manager.
[INFO] [1784007486.456872657] [behavior_server]: Cleaning up
[INFO] [1784007487.007092633] [behavior_server]: Destroying bond (behavior_server) to lifecycle manager.
