[INFO] [1785197424.548333209] [behavior_server]: 
	behavior_server lifecycle node launched. 
	Waiting on external lifecycle transitions to activate
	See https://design.ros2.org/articles/node_lifecycle.html for more information.
[INFO] [1785197427.762451771] [behavior_server]: Configuring
[INFO] [1785197427.824176929] [behavior_server]: Creating behavior plugin spin of type nav2_behaviors::Spin
[INFO] [1785197427.831626299] [behavior_server]: Creating behavior plugin backup of type nav2_behaviors::BackUp
[INFO] [1785197427.835388226] [behavior_server]: Creating behavior plugin drive_on_heading of type nav2_behaviors::DriveOnHeading
[INFO] [1785197427.838628205] [behavior_server]: Creating behavior plugin assisted_teleop of type nav2_behaviors::AssistedTeleop
[INFO] [1785197427.844248640] [behavior_server]: Creating behavior plugin wait of type nav2_behaviors::Wait
[INFO] [1785197427.879181443] [behavior_server]: Configuring spin
[INFO] [1785197427.950477205] [behavior_server]: Configuring backup
[INFO] [1785197428.002220036] [behavior_server]: Configuring drive_on_heading
[INFO] [1785197428.047087296] [behavior_server]: Configuring assisted_teleop
[INFO] [1785197428.107082909] [behavior_server]: Configuring wait
[INFO] [1785197433.140080712] [behavior_server]: Activating
[INFO] [1785197433.140126379] [behavior_server]: Activating spin
[INFO] [1785197433.140149860] [behavior_server]: Activating backup
[INFO] [1785197433.140168527] [behavior_server]: Activating drive_on_heading
[INFO] [1785197433.140187657] [behavior_server]: Activating assisted_teleop
[INFO] [1785197433.140224361] [behavior_server]: Activating wait
[INFO] [1785197433.140251009] [behavior_server]: Creating bond (behavior_server) to lifecycle manager.
[INFO] [1785197519.556366561] [behavior_server]: Running backup
[WARN] [1785197519.758188144] [behavior_server]: Collision Ahead - Exiting DriveOnHeading
[WARN] [1785197519.758249051] [behavior_server]: backup failed
[WARN] [1785197519.758273681] [behavior_server]: [backup] [ActionServer] Aborting handle.
[INFO] [1785197519.771136152] [behavior_server]: Running spin
[INFO] [1785197519.771480153] [behavior_server]: Turning 1.57 for spin behavior.
[WARN] [1785197522.171802060] [behavior_server]: Collision Ahead - Exiting Spin
[WARN] [1785197522.171862968] [behavior_server]: spin failed
[WARN] [1785197522.171887431] [behavior_server]: [spin] [ActionServer] Aborting handle.
[INFO] [1785197522.191141285] [behavior_server]: Running wait
[INFO] [1785197527.191416245] [behavior_server]: wait completed successfully
[INFO] [1785197567.477603394] [behavior_server]: Running backup
[WARN] [1785197568.278726695] [behavior_server]: Collision Ahead - Exiting DriveOnHeading
[WARN] [1785197568.278782399] [behavior_server]: backup failed
[WARN] [1785197568.278828306] [behavior_server]: [backup] [ActionServer] Aborting handle.
[INFO] [1785197568.292199798] [behavior_server]: Running spin
[INFO] [1785197568.292989950] [behavior_server]: Turning 1.57 for spin behavior.
[WARN] [1785197568.493918343] [behavior_server]: Collision Ahead - Exiting Spin
[WARN] [1785197568.493969232] [behavior_server]: spin failed
[WARN] [1785197568.493986455] [behavior_server]: [spin] [ActionServer] Aborting handle.
[INFO] [1785197568.513815256] [behavior_server]: Running wait
[INFO] [1785197573.514034623] [behavior_server]: wait completed successfully
[INFO] [1785197615.472818571] [behavior_server]: Running backup
[WARN] [1785197617.973455692] [behavior_server]: Collision Ahead - Exiting DriveOnHeading
[WARN] [1785197617.973506081] [behavior_server]: backup failed
[WARN] [1785197617.973523248] [behavior_server]: [backup] [ActionServer] Aborting handle.
[INFO] [1785197617.990519017] [behavior_server]: Running spin
[INFO] [1785197617.990643240] [behavior_server]: Turning 1.57 for spin behavior.
[WARN] [1785197627.991692496] [behavior_server]: Exceeded time allowance before reaching the Spin goal - Exiting Spin
[WARN] [1785197627.992085627] [behavior_server]: spin failed
[WARN] [1785197627.992124683] [behavior_server]: [spin] [ActionServer] Aborting handle.
[INFO] [1785197628.008296466] [behavior_server]: Running wait
[INFO] [1785197633.008576537] [behavior_server]: wait completed successfully
[INFO] [1785197673.269210913] [behavior_server]: Running backup
[WARN] [1785197676.470265360] [behavior_server]: Collision Ahead - Exiting DriveOnHeading
[WARN] [1785197676.470985548] [behavior_server]: backup failed
[WARN] [1785197676.471007326] [behavior_server]: [backup] [ActionServer] Aborting handle.
[INFO] [1785197676.498058051] [behavior_server]: Running spin
[INFO] [1785197676.498239460] [behavior_server]: Turning 1.57 for spin behavior.
[WARN] [1785197686.498976511] [behavior_server]: Exceeded time allowance before reaching the Spin goal - Exiting Spin
[WARN] [1785197686.499045011] [behavior_server]: spin failed
[WARN] [1785197686.499066678] [behavior_server]: [spin] [ActionServer] Aborting handle.
[INFO] [1785197686.516893339] [behavior_server]: Running wait
[INFO] [1785197691.517119744] [behavior_server]: wait completed successfully
[INFO] [1785197724.894413234] [behavior_server]: Running backup
[WARN] [1785197734.894870672] [behavior_server]: Exceeded time allowance before reaching the DriveOnHeading goal - Exiting DriveOnHeading
[WARN] [1785197734.895024599] [behavior_server]: backup failed
[WARN] [1785197734.895049396] [behavior_server]: [backup] [ActionServer] Aborting handle.
[INFO] [1785197734.908210738] [behavior_server]: Running spin
[INFO] [1785197734.908354627] [behavior_server]: Turning 1.57 for spin behavior.
[WARN] [1785197744.908534824] [behavior_server]: Exceeded time allowance before reaching the Spin goal - Exiting Spin
[WARN] [1785197744.908587176] [behavior_server]: spin failed
[WARN] [1785197744.908606528] [behavior_server]: [spin] [ActionServer] Aborting handle.
[INFO] [1785197744.927930845] [behavior_server]: Running wait
[INFO] [1785197749.928221953] [behavior_server]: wait completed successfully
[INFO] [1785197777.889964038] [rclcpp]: signal_handler(SIGINT/SIGTERM)
[INFO] [1785197777.890037428] [behavior_server]: Running Nav2 LifecycleNode rcl preshutdown (behavior_server)
[INFO] [1785197777.891766362] [behavior_server]: Deactivating
[INFO] [1785197777.891852455] [behavior_server]: Destroying bond (behavior_server) to lifecycle manager.
[INFO] [1785197777.931353982] [behavior_server]: Cleaning up
[INFO] [1785197778.278179795] [behavior_server]: Destroying bond (behavior_server) to lifecycle manager.
