[INFO] [1786101908.068282591] [behavior_server]: 
	behavior_server lifecycle node launched. 
	Waiting on external lifecycle transitions to activate
	See https://design.ros2.org/articles/node_lifecycle.html for more information.
[INFO] [1786101909.349607664] [behavior_server]: Configuring
[INFO] [1786101909.371919007] [behavior_server]: Creating behavior plugin spin of type nav2_behaviors::Spin
[INFO] [1786101909.374496893] [behavior_server]: Creating behavior plugin backup of type nav2_behaviors::BackUp
[INFO] [1786101909.376624240] [behavior_server]: Creating behavior plugin drive_on_heading of type nav2_behaviors::DriveOnHeading
[INFO] [1786101909.379987687] [behavior_server]: Creating behavior plugin assisted_teleop of type nav2_behaviors::AssistedTeleop
[INFO] [1786101909.384778569] [behavior_server]: Creating behavior plugin wait of type nav2_behaviors::Wait
[INFO] [1786101909.409710558] [behavior_server]: Configuring spin
[INFO] [1786101909.452153915] [behavior_server]: Configuring backup
[INFO] [1786101909.488733773] [behavior_server]: Configuring drive_on_heading
[INFO] [1786101909.514715195] [behavior_server]: Configuring assisted_teleop
[INFO] [1786101909.582107245] [behavior_server]: Configuring wait
[INFO] [1786101911.777834804] [behavior_server]: Activating
[INFO] [1786101911.777892416] [behavior_server]: Activating spin
[INFO] [1786101911.777934379] [behavior_server]: Activating backup
[INFO] [1786101911.777952879] [behavior_server]: Activating drive_on_heading
[INFO] [1786101911.777970453] [behavior_server]: Activating assisted_teleop
[INFO] [1786101911.777991990] [behavior_server]: Activating wait
[INFO] [1786101911.778023305] [behavior_server]: Creating bond (behavior_server) to lifecycle manager.
[INFO] [1786102211.469854120] [behavior_server]: Running backup
[WARN] [1786102213.971811245] [behavior_server]: Collision Ahead - Exiting DriveOnHeading
[WARN] [1786102213.971914542] [behavior_server]: backup failed
[WARN] [1786102213.971947042] [behavior_server]: [backup] [ActionServer] Aborting handle.
[INFO] [1786102214.001841669] [behavior_server]: Running spin
[INFO] [1786102214.002577450] [behavior_server]: Turning 1.57 for spin behavior.
[WARN] [1786102215.910050676] [behavior_server]: Collision Ahead - Exiting Spin
[WARN] [1786102215.913050115] [behavior_server]: spin failed
[WARN] [1786102215.913160726] [behavior_server]: [spin] [ActionServer] Aborting handle.
[INFO] [1786102215.932890810] [behavior_server]: Running wait
[INFO] [1786102220.939483979] [behavior_server]: wait completed successfully
[INFO] [1786102221.508365566] [behavior_server]: Running spin
[INFO] [1786102221.512375602] [behavior_server]: Turning 1.57 for spin behavior.
[INFO] [1786102221.525627028] [behavior_server]: Running wait
[WARN] [1786102222.913586989] [behavior_server]: Collision Ahead - Exiting Spin
[WARN] [1786102222.913645081] [behavior_server]: spin failed
[WARN] [1786102222.913726860] [behavior_server]: [spin] [ActionServer] Aborting handle.
[INFO] [1786102226.525969745] [behavior_server]: wait completed successfully
[INFO] [1786102227.029827092] [behavior_server]: Running spin
[INFO] [1786102227.030091149] [behavior_server]: Turning 1.57 for spin behavior.
[WARN] [1786102231.932023132] [behavior_server]: Collision Ahead - Exiting Spin
[WARN] [1786102231.932676005] [behavior_server]: spin failed
[WARN] [1786102231.932709117] [behavior_server]: [spin] [ActionServer] Aborting handle.
[INFO] [1786102231.952014939] [behavior_server]: Running wait
[INFO] [1786102236.954095849] [behavior_server]: wait completed successfully
[INFO] [1786102247.030722402] [behavior_server]: Running spin
[INFO] [1786102247.030878143] [behavior_server]: Turning 1.57 for spin behavior.
[WARN] [1786102249.231236930] [behavior_server]: Collision Ahead - Exiting Spin
[WARN] [1786102249.231306800] [behavior_server]: spin failed
[WARN] [1786102249.231330504] [behavior_server]: [spin] [ActionServer] Aborting handle.
[INFO] [1786102249.249728027] [behavior_server]: Running wait
[INFO] [1786102249.449880230] [behavior_server]: Canceling wait
[INFO] [1786102249.450161046] [behavior_server]: [wait] [ActionServer] Client requested to cancel the goal. Cancelling.
