[INFO] [1784074497.585894405] [behavior_server]: 
	behavior_server lifecycle node launched. 
	Waiting on external lifecycle transitions to activate
	See https://design.ros2.org/articles/node_lifecycle.html for more information.
[INFO] [1784074504.687993556] [behavior_server]: Configuring
[INFO] [1784074504.713636306] [behavior_server]: Creating behavior plugin spin of type nav2_behaviors::Spin
[INFO] [1784074504.716716341] [behavior_server]: Creating behavior plugin backup of type nav2_behaviors::BackUp
[INFO] [1784074504.719397392] [behavior_server]: Creating behavior plugin drive_on_heading of type nav2_behaviors::DriveOnHeading
[INFO] [1784074504.722040406] [behavior_server]: Creating behavior plugin assisted_teleop of type nav2_behaviors::AssistedTeleop
[INFO] [1784074504.726342485] [behavior_server]: Creating behavior plugin wait of type nav2_behaviors::Wait
[INFO] [1784074504.747136282] [behavior_server]: Configuring spin
[INFO] [1784074505.831248472] [behavior_server]: Configuring backup
[INFO] [1784074506.578486088] [behavior_server]: Configuring drive_on_heading
[INFO] [1784074506.953352070] [behavior_server]: Configuring assisted_teleop
[INFO] [1784074507.215205054] [behavior_server]: Configuring wait
[INFO] [1784074514.730814358] [behavior_server]: Activating
[INFO] [1784074514.730859080] [behavior_server]: Activating spin
[INFO] [1784074514.730883210] [behavior_server]: Activating backup
[INFO] [1784074514.730902210] [behavior_server]: Activating drive_on_heading
[INFO] [1784074514.730920303] [behavior_server]: Activating assisted_teleop
[INFO] [1784074514.730939729] [behavior_server]: Activating wait
[INFO] [1784074514.730968266] [behavior_server]: Creating bond (behavior_server) to lifecycle manager.
[INFO] [1784074639.922025088] [behavior_server]: Running backup
[INFO] [1784074642.424590175] [behavior_server]: backup completed successfully
[INFO] [1784074687.763344101] [behavior_server]: Running backup
[WARN] [1784074688.763932404] [behavior_server]: Collision Ahead - Exiting DriveOnHeading
[WARN] [1784074688.763999719] [behavior_server]: backup failed
[WARN] [1784074688.764024071] [behavior_server]: [backup] [ActionServer] Aborting handle.
[INFO] [1784074688.774981202] [behavior_server]: Running spin
[INFO] [1784074688.775138481] [behavior_server]: Turning 1.57 for spin behavior.
[INFO] [1784074695.475436784] [behavior_server]: spin completed successfully
[INFO] [1784074704.357366185] [behavior_server]: Running backup
[WARN] [1784074704.458196912] [behavior_server]: Collision Ahead - Exiting DriveOnHeading
[WARN] [1784074704.458260597] [behavior_server]: backup failed
[WARN] [1784074704.458286319] [behavior_server]: [backup] [ActionServer] Aborting handle.
[INFO] [1784074704.474783238] [behavior_server]: Running spin
[INFO] [1784074704.474947647] [behavior_server]: Turning 1.57 for spin behavior.
[WARN] [1784074704.576029875] [behavior_server]: Collision Ahead - Exiting Spin
[WARN] [1784074704.576107005] [behavior_server]: spin failed
[WARN] [1784074704.576132431] [behavior_server]: [spin] [ActionServer] Aborting handle.
[INFO] [1784074704.595545717] [behavior_server]: Running wait
[INFO] [1784074709.596006107] [behavior_server]: wait completed successfully
[INFO] [1784074749.856570490] [behavior_server]: Running backup
[WARN] [1784074749.857829126] [behavior_server]: Collision Ahead - Exiting DriveOnHeading
[WARN] [1784074749.857882071] [behavior_server]: backup failed
[WARN] [1784074749.857904126] [behavior_server]: [backup] [ActionServer] Aborting handle.
[INFO] [1784074749.874844233] [behavior_server]: Running spin
[INFO] [1784074749.875026382] [behavior_server]: Turning 1.57 for spin behavior.
[WARN] [1784074750.575355682] [behavior_server]: Collision Ahead - Exiting Spin
[WARN] [1784074750.575419646] [behavior_server]: spin failed
[WARN] [1784074750.575439053] [behavior_server]: [spin] [ActionServer] Aborting handle.
[INFO] [1784074750.594932450] [behavior_server]: Running wait
[INFO] [1784074755.595209766] [behavior_server]: wait completed successfully
[INFO] [1784074795.869295478] [behavior_server]: Running backup
[INFO] [1784074798.369815934] [behavior_server]: backup completed successfully
[INFO] [1784074839.946665816] [behavior_server]: Running backup
[INFO] [1784074842.449101785] [behavior_server]: backup completed successfully
[INFO] [1784074937.928360321] [rclcpp]: signal_handler(SIGINT/SIGTERM)
[INFO] [1784074937.928438488] [behavior_server]: Running Nav2 LifecycleNode rcl preshutdown (behavior_server)
[INFO] [1784074937.930463498] [behavior_server]: Deactivating
[INFO] [1784074937.930555721] [behavior_server]: Destroying bond (behavior_server) to lifecycle manager.
[INFO] [1784074938.047951681] [behavior_server]: Cleaning up
[INFO] [1784074938.224755846] [behavior_server]: Destroying bond (behavior_server) to lifecycle manager.
