[INFO] [1785191167.064730883] [behavior_server]: 
	behavior_server lifecycle node launched. 
	Waiting on external lifecycle transitions to activate
	See https://design.ros2.org/articles/node_lifecycle.html for more information.
[INFO] [1785191170.293947287] [behavior_server]: Configuring
[INFO] [1785191170.318363415] [behavior_server]: Creating behavior plugin spin of type nav2_behaviors::Spin
[INFO] [1785191170.321168539] [behavior_server]: Creating behavior plugin backup of type nav2_behaviors::BackUp
[INFO] [1785191170.323753569] [behavior_server]: Creating behavior plugin drive_on_heading of type nav2_behaviors::DriveOnHeading
[INFO] [1785191170.326175784] [behavior_server]: Creating behavior plugin assisted_teleop of type nav2_behaviors::AssistedTeleop
[INFO] [1785191170.330054449] [behavior_server]: Creating behavior plugin wait of type nav2_behaviors::Wait
[INFO] [1785191170.356300882] [behavior_server]: Configuring spin
[INFO] [1785191170.397234787] [behavior_server]: Configuring backup
[INFO] [1785191170.425539062] [behavior_server]: Configuring drive_on_heading
[INFO] [1785191170.449230132] [behavior_server]: Configuring assisted_teleop
[INFO] [1785191170.476488772] [behavior_server]: Configuring wait
[INFO] [1785191175.409449908] [behavior_server]: Activating
[INFO] [1785191175.409500649] [behavior_server]: Activating spin
[INFO] [1785191175.409526131] [behavior_server]: Activating backup
[INFO] [1785191175.409548057] [behavior_server]: Activating drive_on_heading
[INFO] [1785191175.409567020] [behavior_server]: Activating assisted_teleop
[INFO] [1785191175.409586242] [behavior_server]: Activating wait
[INFO] [1785191175.409614224] [behavior_server]: Creating bond (behavior_server) to lifecycle manager.
[INFO] [1785191653.565698626] [behavior_server]: Running backup
[INFO] [1785191657.969656157] [behavior_server]: backup completed successfully
[INFO] [1785191916.589902002] [behavior_server]: Running backup
[INFO] [1785191920.990479592] [behavior_server]: backup completed successfully
[INFO] [1785191962.556150895] [behavior_server]: Running backup
[INFO] [1785191966.956696059] [behavior_server]: backup completed successfully
[INFO] [1785191968.078076870] [behavior_server]: Running backup
[INFO] [1785191972.378533018] [behavior_server]: backup completed successfully
[INFO] [1785193040.950147524] [behavior_server]: Running backup
[INFO] [1785193045.252116783] [behavior_server]: backup completed successfully
[INFO] [1785193045.312671802] [behavior_server]: Running spin
[INFO] [1785193045.313167619] [behavior_server]: Turning 1.57 for spin behavior.
[INFO] [1785193052.413465686] [behavior_server]: spin completed successfully
[INFO] [1785193052.474951987] [behavior_server]: Running spin
[INFO] [1785193052.475113506] [behavior_server]: Turning 1.57 for spin behavior.
[INFO] [1785193058.375410810] [behavior_server]: spin completed successfully
[INFO] [1785193471.156555354] [behavior_server]: Running backup
[INFO] [1785193475.557024542] [behavior_server]: backup completed successfully
[INFO] [1785193475.624504184] [behavior_server]: Running spin
[INFO] [1785193475.624614111] [behavior_server]: Turning 1.57 for spin behavior.
[INFO] [1785193482.324823089] [behavior_server]: spin completed successfully
[INFO] [1785193482.393391849] [behavior_server]: Running spin
[INFO] [1785193482.393805851] [behavior_server]: Turning 1.57 for spin behavior.
[INFO] [1785193488.194576845] [behavior_server]: spin completed successfully
[INFO] [1785193604.149330004] [behavior_server]: Running backup
[INFO] [1785193608.550122990] [behavior_server]: backup completed successfully
[INFO] [1785193608.616683165] [behavior_server]: Running spin
[INFO] [1785193608.616805036] [behavior_server]: Turning 1.57 for spin behavior.
[INFO] [1785193615.317085830] [behavior_server]: spin completed successfully
[INFO] [1785193615.381783588] [behavior_server]: Running spin
[INFO] [1785193615.381920163] [behavior_server]: Turning 1.57 for spin behavior.
[INFO] [1785193621.082266818] [behavior_server]: spin completed successfully
[INFO] [1785193621.140849992] [behavior_server]: Running spin
[INFO] [1785193621.140976844] [behavior_server]: Turning 1.57 for spin behavior.
[INFO] [1785193627.141254124] [behavior_server]: spin completed successfully
[INFO] [1785193627.199487333] [behavior_server]: Running spin
[INFO] [1785193627.199625037] [behavior_server]: Turning 1.57 for spin behavior.
[INFO] [1785193633.099938905] [behavior_server]: spin completed successfully
[INFO] [1785193633.170833175] [behavior_server]: Running spin
[INFO] [1785193633.171606049] [behavior_server]: Turning 1.57 for spin behavior.
[INFO] [1785193639.174021136] [behavior_server]: spin completed successfully
[INFO] [1785193685.753433011] [behavior_server]: Running backup
[INFO] [1785193690.153890569] [behavior_server]: backup completed successfully
[INFO] [1785193690.219090294] [behavior_server]: Running spin
[INFO] [1785193690.219231905] [behavior_server]: Turning 1.57 for spin behavior.
[INFO] [1785193697.220629829] [behavior_server]: spin completed successfully
[INFO] [1785193697.279685802] [behavior_server]: Running spin
[INFO] [1785193697.279820154] [behavior_server]: Turning 1.57 for spin behavior.
[INFO] [1785193703.080088943] [behavior_server]: spin completed successfully
[INFO] [1785193703.137649963] [behavior_server]: Running spin
[INFO] [1785193703.137784279] [behavior_server]: Turning 1.57 for spin behavior.
[INFO] [1785193708.838070859] [behavior_server]: spin completed successfully
[INFO] [1785193708.880995031] [behavior_server]: Running backup
[INFO] [1785193713.281368718] [behavior_server]: backup completed successfully
[INFO] [1785193713.341885846] [behavior_server]: Running spin
[INFO] [1785193713.342030754] [behavior_server]: Turning 1.57 for spin behavior.
[INFO] [1785193720.344261108] [behavior_server]: spin completed successfully
[INFO] [1785196667.415371977] [behavior_server]: Running backup
[WARN] [1785196670.016413609] [behavior_server]: Collision Ahead - Exiting DriveOnHeading
[WARN] [1785196670.016475720] [behavior_server]: backup failed
[WARN] [1785196670.016495628] [behavior_server]: [backup] [ActionServer] Aborting handle.
[INFO] [1785196670.037012957] [behavior_server]: Running spin
[INFO] [1785196670.037112513] [behavior_server]: Turning 1.57 for spin behavior.
[WARN] [1785196670.238043946] [behavior_server]: Collision Ahead - Exiting Spin
[WARN] [1785196670.238098687] [behavior_server]: spin failed
[WARN] [1785196670.238115428] [behavior_server]: [spin] [ActionServer] Aborting handle.
[INFO] [1785196670.256993045] [behavior_server]: Running wait
[INFO] [1785196675.257249406] [behavior_server]: wait completed successfully
[INFO] [1785196676.358115758] [behavior_server]: Running backup
[WARN] [1785196676.358422408] [behavior_server]: Collision Ahead - Exiting DriveOnHeading
[WARN] [1785196676.358453223] [behavior_server]: backup failed
[WARN] [1785196676.358470520] [behavior_server]: [backup] [ActionServer] Aborting handle.
[INFO] [1785196676.375520627] [behavior_server]: Running spin
[INFO] [1785196676.375656516] [behavior_server]: Turning 1.57 for spin behavior.
[WARN] [1785196678.177361548] [behavior_server]: Collision Ahead - Exiting Spin
[WARN] [1785196678.177423363] [behavior_server]: spin failed
[WARN] [1785196678.177449827] [behavior_server]: [spin] [ActionServer] Aborting handle.
[INFO] [1785196678.196107368] [behavior_server]: Running wait
[INFO] [1785196683.197397680] [behavior_server]: wait completed successfully
[INFO] [1785196684.312938867] [behavior_server]: Running backup
[WARN] [1785196685.913974523] [behavior_server]: Collision Ahead - Exiting DriveOnHeading
[WARN] [1785196685.914043097] [behavior_server]: backup failed
[WARN] [1785196685.914067838] [behavior_server]: [backup] [ActionServer] Aborting handle.
[INFO] [1785196685.925136507] [behavior_server]: Running spin
[INFO] [1785196685.925272063] [behavior_server]: Turning 1.57 for spin behavior.
[WARN] [1785196688.225554613] [behavior_server]: Collision Ahead - Exiting Spin
[WARN] [1785196688.225664391] [behavior_server]: spin failed
[WARN] [1785196688.225687076] [behavior_server]: [spin] [ActionServer] Aborting handle.
[INFO] [1785196688.246023700] [behavior_server]: Running wait
[INFO] [1785196693.246264877] [behavior_server]: wait completed successfully
[INFO] [1785196694.348144568] [behavior_server]: Running backup
[WARN] [1785196694.348479514] [behavior_server]: Collision Ahead - Exiting DriveOnHeading
[WARN] [1785196694.348512421] [behavior_server]: backup failed
[WARN] [1785196694.348530940] [behavior_server]: [backup] [ActionServer] Aborting handle.
[INFO] [1785196694.365135471] [behavior_server]: Running spin
[INFO] [1785196694.365280638] [behavior_server]: Turning 1.57 for spin behavior.
[WARN] [1785196694.965734556] [behavior_server]: Collision Ahead - Exiting Spin
[WARN] [1785196694.965789760] [behavior_server]: spin failed
[WARN] [1785196694.965809612] [behavior_server]: [spin] [ActionServer] Aborting handle.
[INFO] [1785196694.985657178] [behavior_server]: Running wait
[INFO] [1785196699.985884873] [behavior_server]: wait completed successfully
[INFO] [1785196701.103869555] [behavior_server]: Running backup
[WARN] [1785196701.104158075] [behavior_server]: Collision Ahead - Exiting DriveOnHeading
[WARN] [1785196701.104188556] [behavior_server]: backup failed
[WARN] [1785196701.104888949] [behavior_server]: [backup] [ActionServer] Aborting handle.
[INFO] [1785196701.125129573] [behavior_server]: Running spin
[INFO] [1785196701.125275536] [behavior_server]: Turning 1.57 for spin behavior.
[WARN] [1785196702.925749321] [behavior_server]: Collision Ahead - Exiting Spin
[WARN] [1785196702.925801210] [behavior_server]: spin failed
[WARN] [1785196702.925848785] [behavior_server]: [spin] [ActionServer] Aborting handle.
[INFO] [1785196702.945507572] [behavior_server]: Running wait
[INFO] [1785196707.945732563] [behavior_server]: wait completed successfully
[INFO] [1785196708.599266312] [behavior_server]: Running backup
[WARN] [1785196709.599718291] [behavior_server]: Collision Ahead - Exiting DriveOnHeading
[WARN] [1785196709.599770106] [behavior_server]: backup failed
[WARN] [1785196709.599788365] [behavior_server]: [backup] [ActionServer] Aborting handle.
[INFO] [1785196709.621348366] [behavior_server]: Running spin
[INFO] [1785196709.621462792] [behavior_server]: Turning 1.57 for spin behavior.
[INFO] [1785196711.112611136] [rclcpp]: signal_handler(SIGINT/SIGTERM)
[INFO] [1785196711.112728544] [behavior_server]: Running Nav2 LifecycleNode rcl preshutdown (behavior_server)
[INFO] [1785196711.116733954] [behavior_server]: Deactivating
[WARN] [1785196711.116824343] [behavior_server]: [spin] [ActionServer] Requested to deactivate server but goal is still executing. Should check if action server is running before deactivating.
[WARN] [1785196711.123079820] [LifecyclePublisher]: Trying to publish message on the topic '/cmd_vel_nav', but the publisher is not activated
[INFO] [1785196711.229668911] [behavior_server]: [spin] [ActionServer] Waiting for async process to finish.
[INFO] [1785196711.229842616] [behavior_server]: Canceling spin
[INFO] [1785196711.230007228] [behavior_server]: [spin] [ActionServer] Client requested to cancel the goal. Cancelling.
[WARN] [1785196711.239234091] [behavior_server]: [spin] [ActionServer] Stopping the thread per request.
[INFO] [1785196711.241042989] [behavior_server]: Destroying bond (behavior_server) to lifecycle manager.
[INFO] [1785196711.319177247] [behavior_server]: Cleaning up
[INFO] [1785196711.633932124] [behavior_server]: Destroying bond (behavior_server) to lifecycle manager.
