[INFO] [1782966641.464319864] [behavior_server]: 
	behavior_server lifecycle node launched. 
	Waiting on external lifecycle transitions to activate
	See https://design.ros2.org/articles/node_lifecycle.html for more information.
[INFO] [1782966643.981037949] [behavior_server]: Configuring
[INFO] [1782966644.010341141] [behavior_server]: Creating behavior plugin spin of type nav2_behaviors::Spin
[INFO] [1782966644.014568499] [behavior_server]: Creating behavior plugin backup of type nav2_behaviors::BackUp
[INFO] [1782966644.017631017] [behavior_server]: Creating behavior plugin drive_on_heading of type nav2_behaviors::DriveOnHeading
[INFO] [1782966644.022228859] [behavior_server]: Creating behavior plugin assisted_teleop of type nav2_behaviors::AssistedTeleop
[INFO] [1782966644.027320575] [behavior_server]: Creating behavior plugin wait of type nav2_behaviors::Wait
[INFO] [1782966644.048770424] [behavior_server]: Configuring spin
[INFO] [1782966644.097250711] [behavior_server]: Configuring backup
[INFO] [1782966644.133069922] [behavior_server]: Configuring drive_on_heading
[INFO] [1782966644.165202686] [behavior_server]: Configuring assisted_teleop
[INFO] [1782966644.218002721] [behavior_server]: Configuring wait
[INFO] [1782966647.848025723] [behavior_server]: Activating
[INFO] [1782966647.848071853] [behavior_server]: Activating spin
[INFO] [1782966647.848095816] [behavior_server]: Activating backup
[INFO] [1782966647.848113650] [behavior_server]: Activating drive_on_heading
[INFO] [1782966647.848133761] [behavior_server]: Activating assisted_teleop
[INFO] [1782966647.848152187] [behavior_server]: Activating wait
[INFO] [1782966647.848177261] [behavior_server]: Creating bond (behavior_server) to lifecycle manager.
[INFO] [1782966926.606996786] [behavior_server]: Running spin
[INFO] [1782966926.607644865] [behavior_server]: Turning 1.57 for spin behavior.
[INFO] [1782966929.608265261] [behavior_server]: spin completed successfully
[INFO] [1782966932.725293527] [behavior_server]: Running wait
[INFO] [1782966937.726426614] [behavior_server]: wait completed successfully
[INFO] [1782966942.266302293] [rclcpp]: signal_handler(SIGINT/SIGTERM)
[INFO] [1782966942.266382331] [behavior_server]: Running Nav2 LifecycleNode rcl preshutdown (behavior_server)
[INFO] [1782966942.266484905] [behavior_server]: Deactivating
[INFO] [1782966942.266547128] [behavior_server]: Destroying bond (behavior_server) to lifecycle manager.
[INFO] [1782966942.316526134] [behavior_server]: Cleaning up
[INFO] [1782966942.727860852] [behavior_server]: Destroying bond (behavior_server) to lifecycle manager.
