[INFO] [1782878533.186554241] [behavior_server]: 
	behavior_server lifecycle node launched. 
	Waiting on external lifecycle transitions to activate
	See https://design.ros2.org/articles/node_lifecycle.html for more information.
[INFO] [1782878538.830280993] [behavior_server]: Configuring
[INFO] [1782878538.860677389] [behavior_server]: Creating behavior plugin spin of type nav2_behaviors::Spin
[INFO] [1782878538.872170862] [behavior_server]: Creating behavior plugin backup of type nav2_behaviors::BackUp
[INFO] [1782878538.877644652] [behavior_server]: Creating behavior plugin drive_on_heading of type nav2_behaviors::DriveOnHeading
[INFO] [1782878538.882640681] [behavior_server]: Creating behavior plugin assisted_teleop of type nav2_behaviors::AssistedTeleop
[INFO] [1782878538.890257039] [behavior_server]: Creating behavior plugin wait of type nav2_behaviors::Wait
[INFO] [1782878538.919943653] [behavior_server]: Configuring spin
[INFO] [1782878539.026069833] [behavior_server]: Configuring backup
[INFO] [1782878539.081071777] [behavior_server]: Configuring drive_on_heading
[INFO] [1782878539.123762928] [behavior_server]: Configuring assisted_teleop
[INFO] [1782878539.189297136] [behavior_server]: Configuring wait
[INFO] [1782878543.939462006] [behavior_server]: Activating
[INFO] [1782878543.939530118] [behavior_server]: Activating spin
[INFO] [1782878543.939553729] [behavior_server]: Activating backup
[INFO] [1782878543.939572155] [behavior_server]: Activating drive_on_heading
[INFO] [1782878543.939649063] [behavior_server]: Activating assisted_teleop
[INFO] [1782878543.939675211] [behavior_server]: Activating wait
[INFO] [1782878543.939703471] [behavior_server]: Creating bond (behavior_server) to lifecycle manager.
[INFO] [1782878621.811069145] [rclcpp]: signal_handler(SIGINT/SIGTERM)
[INFO] [1782878621.811185997] [behavior_server]: Running Nav2 LifecycleNode rcl preshutdown (behavior_server)
[INFO] [1782878621.811306109] [behavior_server]: Deactivating
[INFO] [1782878621.811406869] [behavior_server]: Destroying bond (behavior_server) to lifecycle manager.
[INFO] [1782878621.842211248] [behavior_server]: Cleaning up
[INFO] [1782878622.066430955] [behavior_server]: Destroying bond (behavior_server) to lifecycle manager.
