[INFO] [1786130587.556445463] [behavior_server]: 
	behavior_server lifecycle node launched. 
	Waiting on external lifecycle transitions to activate
	See https://design.ros2.org/articles/node_lifecycle.html for more information.
[INFO] [1786130589.361485982] [behavior_server]: Configuring
[INFO] [1786130589.379982060] [behavior_server]: Creating behavior plugin spin of type nav2_behaviors::Spin
[INFO] [1786130589.383517264] [behavior_server]: Creating behavior plugin backup of type nav2_behaviors::BackUp
[INFO] [1786130589.387147894] [behavior_server]: Creating behavior plugin drive_on_heading of type nav2_behaviors::DriveOnHeading
[INFO] [1786130589.389591981] [behavior_server]: Creating behavior plugin assisted_teleop of type nav2_behaviors::AssistedTeleop
[INFO] [1786130589.394491080] [behavior_server]: Creating behavior plugin wait of type nav2_behaviors::Wait
[INFO] [1786130589.415991952] [behavior_server]: Configuring spin
[INFO] [1786130589.450510799] [behavior_server]: Configuring backup
[INFO] [1786130589.477925442] [behavior_server]: Configuring drive_on_heading
[INFO] [1786130589.509411440] [behavior_server]: Configuring assisted_teleop
[INFO] [1786130589.544625383] [behavior_server]: Configuring wait
[INFO] [1786130591.736401885] [behavior_server]: Activating
[INFO] [1786130591.736485885] [behavior_server]: Activating spin
[INFO] [1786130591.736517608] [behavior_server]: Activating backup
[INFO] [1786130591.736538923] [behavior_server]: Activating drive_on_heading
[INFO] [1786130591.736559052] [behavior_server]: Activating assisted_teleop
[INFO] [1786130591.736577701] [behavior_server]: Activating wait
[INFO] [1786130591.736615367] [behavior_server]: Creating bond (behavior_server) to lifecycle manager.
