[INFO] [1785381830.435440203] [behavior_server]: 
	behavior_server lifecycle node launched. 
	Waiting on external lifecycle transitions to activate
	See https://design.ros2.org/articles/node_lifecycle.html for more information.
[INFO] [1785381832.866112209] [behavior_server]: Configuring
[INFO] [1785381832.929766963] [behavior_server]: Creating behavior plugin spin of type nav2_behaviors::Spin
[INFO] [1785381832.933884207] [behavior_server]: Creating behavior plugin backup of type nav2_behaviors::BackUp
[INFO] [1785381832.940748465] [behavior_server]: Creating behavior plugin drive_on_heading of type nav2_behaviors::DriveOnHeading
[INFO] [1785381832.946104251] [behavior_server]: Creating behavior plugin assisted_teleop of type nav2_behaviors::AssistedTeleop
[INFO] [1785381832.956515157] [behavior_server]: Creating behavior plugin wait of type nav2_behaviors::Wait
[INFO] [1785381833.000010659] [behavior_server]: Configuring spin
[INFO] [1785381833.050193326] [behavior_server]: Configuring backup
[INFO] [1785381833.085161913] [behavior_server]: Configuring drive_on_heading
[INFO] [1785381833.116865540] [behavior_server]: Configuring assisted_teleop
[INFO] [1785381833.163281780] [behavior_server]: Configuring wait
[INFO] [1785381837.629539012] [behavior_server]: Activating
[INFO] [1785381837.629590642] [behavior_server]: Activating spin
[INFO] [1785381837.629614087] [behavior_server]: Activating backup
[INFO] [1785381837.629634735] [behavior_server]: Activating drive_on_heading
[INFO] [1785381837.629655772] [behavior_server]: Activating assisted_teleop
[INFO] [1785381837.629676587] [behavior_server]: Activating wait
[INFO] [1785381837.629701291] [behavior_server]: Creating bond (behavior_server) to lifecycle manager.
[INFO] [1785382418.959573317] [behavior_server]: Running backup
[WARN] [1785382420.660207630] [behavior_server]: Collision Ahead - Exiting DriveOnHeading
[WARN] [1785382420.660269075] [behavior_server]: backup failed
[WARN] [1785382420.660311297] [behavior_server]: [backup] [ActionServer] Aborting handle.
[INFO] [1785382420.671604208] [behavior_server]: Running spin
[INFO] [1785382420.671768245] [behavior_server]: Turning 1.57 for spin behavior.
[INFO] [1785382423.472117641] [behavior_server]: spin completed successfully
[INFO] [1785383488.571503619] [rclcpp]: signal_handler(SIGINT/SIGTERM)
[INFO] [1785383488.571579508] [behavior_server]: Running Nav2 LifecycleNode rcl preshutdown (behavior_server)
[INFO] [1785383488.571696805] [behavior_server]: Deactivating
[INFO] [1785383488.571776991] [behavior_server]: Destroying bond (behavior_server) to lifecycle manager.
[INFO] [1785383488.582833328] [behavior_server]: Cleaning up
[INFO] [1785383488.641957149] [behavior_server]: Destroying bond (behavior_server) to lifecycle manager.
