[INFO] [1783023975.855129531] [behavior_server]: 
	behavior_server lifecycle node launched. 
	Waiting on external lifecycle transitions to activate
	See https://design.ros2.org/articles/node_lifecycle.html for more information.
[INFO] [1783023979.190859828] [behavior_server]: Configuring
[INFO] [1783023979.225250421] [behavior_server]: Creating behavior plugin spin of type nav2_behaviors::Spin
[INFO] [1783023979.230227615] [behavior_server]: Creating behavior plugin backup of type nav2_behaviors::BackUp
[INFO] [1783023979.233532763] [behavior_server]: Creating behavior plugin drive_on_heading of type nav2_behaviors::DriveOnHeading
[INFO] [1783023979.237239727] [behavior_server]: Creating behavior plugin assisted_teleop of type nav2_behaviors::AssistedTeleop
[INFO] [1783023979.244137912] [behavior_server]: Creating behavior plugin wait of type nav2_behaviors::Wait
[INFO] [1783023979.276424105] [behavior_server]: Configuring spin
[INFO] [1783023979.335323979] [behavior_server]: Configuring backup
[INFO] [1783023979.391066132] [behavior_server]: Configuring drive_on_heading
[INFO] [1783023979.422398949] [behavior_server]: Configuring assisted_teleop
[INFO] [1783023979.488503251] [behavior_server]: Configuring wait
[INFO] [1783023983.691261658] [behavior_server]: Activating
[INFO] [1783023983.691321658] [behavior_server]: Activating spin
[INFO] [1783023983.691347770] [behavior_server]: Activating backup
[INFO] [1783023983.691366973] [behavior_server]: Activating drive_on_heading
[INFO] [1783023983.691387325] [behavior_server]: Activating assisted_teleop
[INFO] [1783023983.691406066] [behavior_server]: Activating wait
[INFO] [1783023983.691442437] [behavior_server]: Creating bond (behavior_server) to lifecycle manager.
[INFO] [1783024127.618371194] [behavior_server]: Running spin
[INFO] [1783024127.618713288] [behavior_server]: Turning 1.57 for spin behavior.
[WARN] [1783024128.819319938] [behavior_server]: Collision Ahead - Exiting Spin
[WARN] [1783024128.819369439] [behavior_server]: spin failed
[WARN] [1783024128.819391291] [behavior_server]: [spin] [ActionServer] Aborting handle.
[INFO] [1783024128.837285105] [behavior_server]: Running wait
[INFO] [1783024133.837561689] [behavior_server]: wait completed successfully
[INFO] [1783024141.310163478] [behavior_server]: Running backup
[INFO] [1783024144.711155450] [behavior_server]: backup completed successfully
[INFO] [1783024749.602405002] [behavior_server]: Running spin
[INFO] [1783024749.602566725] [behavior_server]: Turning 1.57 for spin behavior.
[INFO] [1783024752.103148723] [behavior_server]: spin completed successfully
[INFO] [1783024890.177075673] [behavior_server]: Running spin
[INFO] [1783024890.177217156] [behavior_server]: Turning 1.57 for spin behavior.
[INFO] [1783024892.777975202] [behavior_server]: spin completed successfully
[INFO] [1783024896.908748643] [behavior_server]: Running wait
[INFO] [1783024901.908988194] [behavior_server]: wait completed successfully
[INFO] [1783024918.306657747] [rclcpp]: signal_handler(SIGINT/SIGTERM)
[INFO] [1783024918.306730340] [behavior_server]: Running Nav2 LifecycleNode rcl preshutdown (behavior_server)
[INFO] [1783024918.306835841] [behavior_server]: Deactivating
[INFO] [1783024918.306900285] [behavior_server]: Destroying bond (behavior_server) to lifecycle manager.
[INFO] [1783024918.328319938] [behavior_server]: Cleaning up
[INFO] [1783024918.671546492] [behavior_server]: Destroying bond (behavior_server) to lifecycle manager.
