[INFO] [1786120840.677630345] [behavior_server]: 
	behavior_server lifecycle node launched. 
	Waiting on external lifecycle transitions to activate
	See https://design.ros2.org/articles/node_lifecycle.html for more information.
[INFO] [1786120841.879211808] [behavior_server]: Configuring
[INFO] [1786120841.899482289] [behavior_server]: Creating behavior plugin spin of type nav2_behaviors::Spin
[INFO] [1786120841.902063989] [behavior_server]: Creating behavior plugin backup of type nav2_behaviors::BackUp
[INFO] [1786120841.905001857] [behavior_server]: Creating behavior plugin drive_on_heading of type nav2_behaviors::DriveOnHeading
[INFO] [1786120841.908094041] [behavior_server]: Creating behavior plugin assisted_teleop of type nav2_behaviors::AssistedTeleop
[INFO] [1786120841.912782622] [behavior_server]: Creating behavior plugin wait of type nav2_behaviors::Wait
[INFO] [1786120841.933094456] [behavior_server]: Configuring spin
[INFO] [1786120841.967539997] [behavior_server]: Configuring backup
[INFO] [1786120841.990936089] [behavior_server]: Configuring drive_on_heading
[INFO] [1786120842.014137087] [behavior_server]: Configuring assisted_teleop
[INFO] [1786120842.046407653] [behavior_server]: Configuring wait
[INFO] [1786120844.203898726] [behavior_server]: Activating
[INFO] [1786120844.203959727] [behavior_server]: Activating spin
[INFO] [1786120844.203986153] [behavior_server]: Activating backup
[INFO] [1786120844.204007838] [behavior_server]: Activating drive_on_heading
[INFO] [1786120844.204031190] [behavior_server]: Activating assisted_teleop
[INFO] [1786120844.204054727] [behavior_server]: Activating wait
[INFO] [1786120844.204083746] [behavior_server]: Creating bond (behavior_server) to lifecycle manager.
