[INFO] [1785903438.303062931] [behavior_server]: 
	behavior_server lifecycle node launched. 
	Waiting on external lifecycle transitions to activate
	See https://design.ros2.org/articles/node_lifecycle.html for more information.
[INFO] [1785903443.069466193] [behavior_server]: Configuring
[INFO] [1785903443.099425895] [behavior_server]: Creating behavior plugin spin of type nav2_behaviors::Spin
[INFO] [1785903443.103812286] [behavior_server]: Creating behavior plugin backup of type nav2_behaviors::BackUp
[INFO] [1785903443.108895330] [behavior_server]: Creating behavior plugin drive_on_heading of type nav2_behaviors::DriveOnHeading
[INFO] [1785903443.112486032] [behavior_server]: Creating behavior plugin assisted_teleop of type nav2_behaviors::AssistedTeleop
[INFO] [1785903443.116392496] [behavior_server]: Creating behavior plugin wait of type nav2_behaviors::Wait
[INFO] [1785903443.143767000] [behavior_server]: Configuring spin
[INFO] [1785903443.192711554] [behavior_server]: Configuring backup
[INFO] [1785903443.235422077] [behavior_server]: Configuring drive_on_heading
[INFO] [1785903443.274129229] [behavior_server]: Configuring assisted_teleop
[INFO] [1785903443.314009405] [behavior_server]: Configuring wait
[INFO] [1785903448.523757498] [behavior_server]: Activating
[INFO] [1785903448.523800850] [behavior_server]: Activating spin
[INFO] [1785903448.523823961] [behavior_server]: Activating backup
[INFO] [1785903448.523841128] [behavior_server]: Activating drive_on_heading
[INFO] [1785903448.523859183] [behavior_server]: Activating assisted_teleop
[INFO] [1785903448.523878591] [behavior_server]: Activating wait
[INFO] [1785903448.523903332] [behavior_server]: Creating bond (behavior_server) to lifecycle manager.
[INFO] [1785903527.317922477] [behavior_server]: Running backup
[WARN] [1785903529.818911202] [behavior_server]: Collision Ahead - Exiting DriveOnHeading
[WARN] [1785903529.818969869] [behavior_server]: backup failed
[WARN] [1785903529.818991739] [behavior_server]: [backup] [ActionServer] Aborting handle.
[INFO] [1785903529.831077298] [behavior_server]: Running spin
[INFO] [1785903529.831251966] [behavior_server]: Turning 1.57 for spin behavior.
[WARN] [1785903530.832539130] [behavior_server]: Collision Ahead - Exiting Spin
[WARN] [1785903530.832608612] [behavior_server]: spin failed
[WARN] [1785903530.832637353] [behavior_server]: [spin] [ActionServer] Aborting handle.
[INFO] [1785903530.851088350] [behavior_server]: Running wait
[INFO] [1785903535.851370921] [behavior_server]: wait completed successfully
[INFO] [1785903539.274220681] [behavior_server]: Running backup
[WARN] [1785903539.274563942] [behavior_server]: Collision Ahead - Exiting DriveOnHeading
[WARN] [1785903539.274601072] [behavior_server]: backup failed
[WARN] [1785903539.274620961] [behavior_server]: [backup] [ActionServer] Aborting handle.
[INFO] [1785903539.284757288] [behavior_server]: Running spin
[INFO] [1785903539.284887548] [behavior_server]: Turning 1.57 for spin behavior.
[INFO] [1785903545.885179187] [behavior_server]: spin completed successfully
[INFO] [1785903568.457902667] [behavior_server]: Running backup
[INFO] [1785903573.558411986] [behavior_server]: backup completed successfully
[INFO] [1785903615.159061573] [rclcpp]: signal_handler(SIGINT/SIGTERM)
[INFO] [1785903615.159165555] [behavior_server]: Running Nav2 LifecycleNode rcl preshutdown (behavior_server)
[INFO] [1785903615.163632503] [behavior_server]: Deactivating
[INFO] [1785903615.163830096] [behavior_server]: Destroying bond (behavior_server) to lifecycle manager.
[INFO] [1785903615.290305232] [behavior_server]: Cleaning up
[INFO] [1785903615.512000759] [behavior_server]: Destroying bond (behavior_server) to lifecycle manager.
