[INFO] [1785981348.502189480] [behavior_server]: 
	behavior_server lifecycle node launched. 
	Waiting on external lifecycle transitions to activate
	See https://design.ros2.org/articles/node_lifecycle.html for more information.
[INFO] [1785981351.888422891] [behavior_server]: Configuring
[INFO] [1785981351.906597823] [behavior_server]: Creating behavior plugin spin of type nav2_behaviors::Spin
[INFO] [1785981351.909366159] [behavior_server]: Creating behavior plugin backup of type nav2_behaviors::BackUp
[INFO] [1785981351.912018845] [behavior_server]: Creating behavior plugin drive_on_heading of type nav2_behaviors::DriveOnHeading
[INFO] [1785981351.916001375] [behavior_server]: Creating behavior plugin assisted_teleop of type nav2_behaviors::AssistedTeleop
[INFO] [1785981351.920531057] [behavior_server]: Creating behavior plugin wait of type nav2_behaviors::Wait
[INFO] [1785981351.942075144] [behavior_server]: Configuring spin
[INFO] [1785981351.980671544] [behavior_server]: Configuring backup
[INFO] [1785981352.008770514] [behavior_server]: Configuring drive_on_heading
[INFO] [1785981352.036045737] [behavior_server]: Configuring assisted_teleop
[INFO] [1785981352.075415087] [behavior_server]: Configuring wait
[INFO] [1785981357.424339415] [behavior_server]: Activating
[INFO] [1785981357.424381860] [behavior_server]: Activating spin
[INFO] [1785981357.424403564] [behavior_server]: Activating backup
[INFO] [1785981357.424420786] [behavior_server]: Activating drive_on_heading
[INFO] [1785981357.424438638] [behavior_server]: Activating assisted_teleop
[INFO] [1785981357.424456861] [behavior_server]: Activating wait
[INFO] [1785981357.424481694] [behavior_server]: Creating bond (behavior_server) to lifecycle manager.
[INFO] [1785981417.089524479] [behavior_server]: Running backup
[WARN] [1785981417.090275892] [behavior_server]: Collision Ahead - Exiting DriveOnHeading
[WARN] [1785981417.090325652] [behavior_server]: backup failed
[WARN] [1785981417.090350300] [behavior_server]: [backup] [ActionServer] Aborting handle.
[INFO] [1785981417.108729512] [behavior_server]: Running spin
[INFO] [1785981417.109276775] [behavior_server]: Turning 1.57 for spin behavior.
[WARN] [1785981418.409614289] [behavior_server]: Collision Ahead - Exiting Spin
[WARN] [1785981418.409692234] [behavior_server]: spin failed
[WARN] [1785981418.409726938] [behavior_server]: [spin] [ActionServer] Aborting handle.
[INFO] [1785981418.429469605] [behavior_server]: Running wait
[INFO] [1785981423.429919361] [behavior_server]: wait completed successfully
[INFO] [1785981435.652232358] [behavior_server]: Running backup
[WARN] [1785981435.652586120] [behavior_server]: Collision Ahead - Exiting DriveOnHeading
[WARN] [1785981435.652623787] [behavior_server]: backup failed
[WARN] [1785981435.652644250] [behavior_server]: [backup] [ActionServer] Aborting handle.
[INFO] [1785981435.666584743] [behavior_server]: Running spin
[INFO] [1785981435.666745134] [behavior_server]: Turning 1.57 for spin behavior.
[WARN] [1785981437.267332248] [behavior_server]: Collision Ahead - Exiting Spin
[WARN] [1785981437.267405415] [behavior_server]: spin failed
[WARN] [1785981437.267433378] [behavior_server]: [spin] [ActionServer] Aborting handle.
[INFO] [1785981437.286891079] [behavior_server]: Running wait
[INFO] [1785981442.287128964] [behavior_server]: wait completed successfully
[INFO] [1785981454.612580193] [behavior_server]: Running backup
[WARN] [1785981454.613357530] [behavior_server]: Collision Ahead - Exiting DriveOnHeading
[WARN] [1785981454.613418493] [behavior_server]: backup failed
[WARN] [1785981454.613449215] [behavior_server]: [backup] [ActionServer] Aborting handle.
[INFO] [1785981454.617432440] [behavior_server]: Running spin
[INFO] [1785981454.617541200] [behavior_server]: Turning 1.57 for spin behavior.
[WARN] [1785981455.817857191] [behavior_server]: Collision Ahead - Exiting Spin
[WARN] [1785981455.817925765] [behavior_server]: spin failed
[WARN] [1785981455.817949580] [behavior_server]: [spin] [ActionServer] Aborting handle.
[INFO] [1785981455.838034647] [behavior_server]: Running wait
[INFO] [1785981460.838336470] [behavior_server]: wait completed successfully
[INFO] [1785981473.074199878] [behavior_server]: Running backup
[WARN] [1785981473.075143031] [behavior_server]: Collision Ahead - Exiting DriveOnHeading
[WARN] [1785981473.075212643] [behavior_server]: backup failed
[WARN] [1785981473.075238902] [behavior_server]: [backup] [ActionServer] Aborting handle.
[INFO] [1785981473.090510092] [behavior_server]: Running spin
[INFO] [1785981473.090667963] [behavior_server]: Turning 1.57 for spin behavior.
[WARN] [1785981474.391105377] [behavior_server]: Collision Ahead - Exiting Spin
[WARN] [1785981474.391163988] [behavior_server]: spin failed
[WARN] [1785981474.391184692] [behavior_server]: [spin] [ActionServer] Aborting handle.
[INFO] [1785981474.411427741] [behavior_server]: Running wait
[INFO] [1785981479.411693193] [behavior_server]: wait completed successfully
[INFO] [1785981491.647567879] [behavior_server]: Running backup
[WARN] [1785981491.648351643] [behavior_server]: Collision Ahead - Exiting DriveOnHeading
[WARN] [1785981491.648394847] [behavior_server]: backup failed
[WARN] [1785981491.648415606] [behavior_server]: [backup] [ActionServer] Aborting handle.
[INFO] [1785981491.652369126] [behavior_server]: Running spin
[INFO] [1785981491.652487201] [behavior_server]: Turning 1.57 for spin behavior.
[WARN] [1785981492.952757540] [behavior_server]: Collision Ahead - Exiting Spin
[WARN] [1785981492.952814763] [behavior_server]: spin failed
[WARN] [1785981492.952835578] [behavior_server]: [spin] [ActionServer] Aborting handle.
[INFO] [1785981492.969062976] [behavior_server]: Running wait
[INFO] [1785981497.969297725] [behavior_server]: wait completed successfully
[INFO] [1785981510.207520886] [behavior_server]: Running backup
[WARN] [1785981510.208973245] [behavior_server]: Collision Ahead - Exiting DriveOnHeading
[WARN] [1785981510.209040931] [behavior_server]: backup failed
[WARN] [1785981510.209066412] [behavior_server]: [backup] [ActionServer] Aborting handle.
[INFO] [1785981510.223243374] [behavior_server]: Running spin
[INFO] [1785981510.223384523] [behavior_server]: Turning 1.57 for spin behavior.
[WARN] [1785981511.823643072] [behavior_server]: Collision Ahead - Exiting Spin
[WARN] [1785981511.823730591] [behavior_server]: spin failed
[WARN] [1785981511.823755388] [behavior_server]: [spin] [ActionServer] Aborting handle.
[INFO] [1785981511.844139196] [behavior_server]: Running wait
[INFO] [1785981516.844437909] [behavior_server]: wait completed successfully
[INFO] [1785981554.217271581] [behavior_server]: Running backup
[WARN] [1785981554.217555656] [behavior_server]: Collision Ahead - Exiting DriveOnHeading
[WARN] [1785981554.217584712] [behavior_server]: backup failed
[WARN] [1785981554.217602749] [behavior_server]: [backup] [ActionServer] Aborting handle.
[INFO] [1785981554.232642495] [behavior_server]: Running spin
[INFO] [1785981554.232786495] [behavior_server]: Turning 1.57 for spin behavior.
[WARN] [1785981555.833111416] [behavior_server]: Collision Ahead - Exiting Spin
[WARN] [1785981555.833171268] [behavior_server]: spin failed
[WARN] [1785981555.833194916] [behavior_server]: [spin] [ActionServer] Aborting handle.
[INFO] [1785981555.852692444] [behavior_server]: Running wait
[INFO] [1785981560.852935623] [behavior_server]: wait completed successfully
[INFO] [1785981581.422889796] [behavior_server]: Running backup
[WARN] [1785981581.423216501] [behavior_server]: Collision Ahead - Exiting DriveOnHeading
[WARN] [1785981581.423251798] [behavior_server]: backup failed
[WARN] [1785981581.423270539] [behavior_server]: [backup] [ActionServer] Aborting handle.
[INFO] [1785981581.440729982] [behavior_server]: Running spin
[INFO] [1785981581.440865298] [behavior_server]: Turning 1.57 for spin behavior.
[WARN] [1785981582.841215981] [behavior_server]: Collision Ahead - Exiting Spin
[WARN] [1785981582.841276851] [behavior_server]: spin failed
[WARN] [1785981582.841297833] [behavior_server]: [spin] [ActionServer] Aborting handle.
[INFO] [1785981582.860580879] [behavior_server]: Running wait
[INFO] [1785981587.860839002] [behavior_server]: wait completed successfully
[INFO] [1785981600.082803678] [behavior_server]: Running backup
[WARN] [1785981600.083130254] [behavior_server]: Collision Ahead - Exiting DriveOnHeading
[WARN] [1785981600.083167717] [behavior_server]: backup failed
[WARN] [1785981600.083189458] [behavior_server]: [backup] [ActionServer] Aborting handle.
[INFO] [1785981600.089589992] [behavior_server]: Running spin
[INFO] [1785981600.089720603] [behavior_server]: Turning 1.57 for spin behavior.
[WARN] [1785981602.790074941] [behavior_server]: Collision Ahead - Exiting Spin
[WARN] [1785981602.790131256] [behavior_server]: spin failed
[WARN] [1785981602.790154163] [behavior_server]: [spin] [ActionServer] Aborting handle.
[INFO] [1785981602.810722235] [behavior_server]: Running wait
[INFO] [1785981607.811077488] [behavior_server]: wait completed successfully
[INFO] [1785981628.056053617] [behavior_server]: Running backup
[WARN] [1785981629.256449507] [behavior_server]: Collision Ahead - Exiting DriveOnHeading
[WARN] [1785981629.256525137] [behavior_server]: backup failed
[WARN] [1785981629.256547582] [behavior_server]: [backup] [ActionServer] Aborting handle.
[INFO] [1785981629.272898761] [behavior_server]: Running spin
[INFO] [1785981629.273037224] [behavior_server]: Turning 1.57 for spin behavior.
[INFO] [1785981631.673309446] [behavior_server]: spin completed successfully
[INFO] [1785984488.943609322] [rclcpp]: signal_handler(SIGINT/SIGTERM)
[INFO] [1785984488.943711675] [behavior_server]: Running Nav2 LifecycleNode rcl preshutdown (behavior_server)
[INFO] [1785984488.944903330] [behavior_server]: Deactivating
[INFO] [1785984488.945597630] [behavior_server]: Destroying bond (behavior_server) to lifecycle manager.
[INFO] [1785984488.970395601] [behavior_server]: Cleaning up
[INFO] [1785984489.084171418] [behavior_server]: Destroying bond (behavior_server) to lifecycle manager.
