[INFO] [1786023491.948651617] [behavior_server]: 
	behavior_server lifecycle node launched. 
	Waiting on external lifecycle transitions to activate
	See https://design.ros2.org/articles/node_lifecycle.html for more information.
[INFO] [1786023493.562169242] [behavior_server]: Configuring
[INFO] [1786023493.583337266] [behavior_server]: Creating behavior plugin spin of type nav2_behaviors::Spin
[INFO] [1786023493.586219930] [behavior_server]: Creating behavior plugin backup of type nav2_behaviors::BackUp
[INFO] [1786023493.588535553] [behavior_server]: Creating behavior plugin drive_on_heading of type nav2_behaviors::DriveOnHeading
[INFO] [1786023493.591383643] [behavior_server]: Creating behavior plugin assisted_teleop of type nav2_behaviors::AssistedTeleop
[INFO] [1786023493.595879723] [behavior_server]: Creating behavior plugin wait of type nav2_behaviors::Wait
[INFO] [1786023493.615850148] [behavior_server]: Configuring spin
[INFO] [1786023493.644716639] [behavior_server]: Configuring backup
[INFO] [1786023493.671948992] [behavior_server]: Configuring drive_on_heading
[INFO] [1786023493.714259317] [behavior_server]: Configuring assisted_teleop
[INFO] [1786023493.772921268] [behavior_server]: Configuring wait
[INFO] [1786023499.153927198] [behavior_server]: Activating
[INFO] [1786023499.154034550] [behavior_server]: Activating spin
[INFO] [1786023499.154079643] [behavior_server]: Activating backup
[INFO] [1786023499.154101032] [behavior_server]: Activating drive_on_heading
[INFO] [1786023499.154119569] [behavior_server]: Activating assisted_teleop
[INFO] [1786023499.154139773] [behavior_server]: Activating wait
[INFO] [1786023499.154168199] [behavior_server]: Creating bond (behavior_server) to lifecycle manager.
