[INFO] [1786032066.080173065] [behavior_server]: 
	behavior_server lifecycle node launched. 
	Waiting on external lifecycle transitions to activate
	See https://design.ros2.org/articles/node_lifecycle.html for more information.
[INFO] [1786032068.149208365] [behavior_server]: Configuring
[INFO] [1786032068.164566709] [behavior_server]: Creating behavior plugin spin of type nav2_behaviors::Spin
[INFO] [1786032068.169276699] [behavior_server]: Creating behavior plugin backup of type nav2_behaviors::BackUp
[INFO] [1786032068.172320678] [behavior_server]: Creating behavior plugin drive_on_heading of type nav2_behaviors::DriveOnHeading
[INFO] [1786032068.176584684] [behavior_server]: Creating behavior plugin assisted_teleop of type nav2_behaviors::AssistedTeleop
[INFO] [1786032068.181253617] [behavior_server]: Creating behavior plugin wait of type nav2_behaviors::Wait
[INFO] [1786032068.205521511] [behavior_server]: Configuring spin
[INFO] [1786032068.240599909] [behavior_server]: Configuring backup
[INFO] [1786032068.266025384] [behavior_server]: Configuring drive_on_heading
[INFO] [1786032068.290693113] [behavior_server]: Configuring assisted_teleop
[INFO] [1786032068.324520208] [behavior_server]: Configuring wait
[INFO] [1786032073.802118837] [behavior_server]: Activating
[INFO] [1786032073.802188597] [behavior_server]: Activating spin
[INFO] [1786032073.802219986] [behavior_server]: Activating backup
[INFO] [1786032073.802243597] [behavior_server]: Activating drive_on_heading
[INFO] [1786032073.802263875] [behavior_server]: Activating assisted_teleop
[INFO] [1786032073.802287838] [behavior_server]: Activating wait
[INFO] [1786032073.802319820] [behavior_server]: Creating bond (behavior_server) to lifecycle manager.
[INFO] [1786032163.491664818] [behavior_server]: Running backup
[INFO] [1786032167.692224525] [behavior_server]: backup completed successfully
[INFO] [1786032168.792516447] [behavior_server]: Running backup
[WARN] [1786032168.792852357] [behavior_server]: Collision Ahead - Exiting DriveOnHeading
[WARN] [1786032168.792896783] [behavior_server]: backup failed
[WARN] [1786032168.792919746] [behavior_server]: [backup] [ActionServer] Aborting handle.
[INFO] [1786032168.813292655] [behavior_server]: Running spin
[INFO] [1786032168.813457471] [behavior_server]: Turning 1.57 for spin behavior.
[INFO] [1786032171.113853426] [behavior_server]: spin completed successfully
[INFO] [1786032172.216126248] [behavior_server]: Running backup
[INFO] [1786032176.516519805] [behavior_server]: backup completed successfully
[INFO] [1786032177.064967849] [behavior_server]: Running backup
[WARN] [1786032177.065251055] [behavior_server]: Collision Ahead - Exiting DriveOnHeading
[WARN] [1786032177.065280888] [behavior_server]: backup failed
[WARN] [1786032177.065299629] [behavior_server]: [backup] [ActionServer] Aborting handle.
[INFO] [1786032177.069530430] [behavior_server]: Running spin
[INFO] [1786032177.069660413] [behavior_server]: Turning 1.57 for spin behavior.
[WARN] [1786032177.770171597] [behavior_server]: Collision Ahead - Exiting Spin
[WARN] [1786032177.770239894] [behavior_server]: spin failed
[WARN] [1786032177.770263876] [behavior_server]: [spin] [ActionServer] Aborting handle.
[INFO] [1786032177.789846818] [behavior_server]: Running wait
[INFO] [1786032182.790221982] [behavior_server]: wait completed successfully
[INFO] [1786032183.733483644] [behavior_server]: Running backup
[WARN] [1786032183.733738461] [behavior_server]: Collision Ahead - Exiting DriveOnHeading
[WARN] [1786032183.733766553] [behavior_server]: backup failed
[WARN] [1786032183.733783905] [behavior_server]: [backup] [ActionServer] Aborting handle.
[INFO] [1786032183.749499678] [behavior_server]: Running spin
[INFO] [1786032183.749625438] [behavior_server]: Turning 1.57 for spin behavior.
[WARN] [1786032183.849976791] [behavior_server]: Collision Ahead - Exiting Spin
[WARN] [1786032183.850042717] [behavior_server]: spin failed
[WARN] [1786032183.850083718] [behavior_server]: [spin] [ActionServer] Aborting handle.
[INFO] [1786032183.869544603] [behavior_server]: Running wait
[INFO] [1786032188.869804601] [behavior_server]: wait completed successfully
[INFO] [1786032189.979142999] [behavior_server]: Running backup
[WARN] [1786032190.379808612] [behavior_server]: Collision Ahead - Exiting DriveOnHeading
[WARN] [1786032190.379898428] [behavior_server]: backup failed
[WARN] [1786032190.379921335] [behavior_server]: [backup] [ActionServer] Aborting handle.
[INFO] [1786032190.392226478] [behavior_server]: Running spin
[INFO] [1786032190.392343127] [behavior_server]: Turning 1.57 for spin behavior.
[WARN] [1786032190.492659350] [behavior_server]: Collision Ahead - Exiting Spin
[WARN] [1786032190.492719350] [behavior_server]: spin failed
[WARN] [1786032190.492742184] [behavior_server]: [spin] [ActionServer] Aborting handle.
[INFO] [1786032190.513023370] [behavior_server]: Running wait
[INFO] [1786032195.513293609] [behavior_server]: wait completed successfully
[INFO] [1786032196.655348782] [behavior_server]: Running backup
[WARN] [1786032198.156150131] [behavior_server]: Collision Ahead - Exiting DriveOnHeading
[WARN] [1786032198.156225687] [behavior_server]: backup failed
[WARN] [1786032198.156248428] [behavior_server]: [backup] [ActionServer] Aborting handle.
[INFO] [1786032198.168624737] [behavior_server]: Running spin
[INFO] [1786032198.168777220] [behavior_server]: Turning 1.57 for spin behavior.
[WARN] [1786032198.869613832] [behavior_server]: Collision Ahead - Exiting Spin
[WARN] [1786032198.871353342] [behavior_server]: spin failed
[WARN] [1786032198.871422102] [behavior_server]: [spin] [ActionServer] Aborting handle.
[INFO] [1786032198.889104792] [behavior_server]: Running wait
[INFO] [1786032203.889353123] [behavior_server]: wait completed successfully
[INFO] [1786032205.003305788] [behavior_server]: Running backup
[WARN] [1786032205.003626086] [behavior_server]: Collision Ahead - Exiting DriveOnHeading
[WARN] [1786032205.003662549] [behavior_server]: backup failed
[WARN] [1786032205.003681290] [behavior_server]: [backup] [ActionServer] Aborting handle.
[INFO] [1786032205.011761039] [behavior_server]: Running spin
[INFO] [1786032205.011922929] [behavior_server]: Turning 1.57 for spin behavior.
[WARN] [1786032206.012529872] [behavior_server]: Collision Ahead - Exiting Spin
[WARN] [1786032206.012859040] [behavior_server]: spin failed
[WARN] [1786032206.012885744] [behavior_server]: [spin] [ActionServer] Aborting handle.
[INFO] [1786032206.027965920] [behavior_server]: Running wait
[INFO] [1786032211.028210047] [behavior_server]: wait completed successfully
[INFO] [1786032215.436915835] [behavior_server]: Running backup
[WARN] [1786032225.437260755] [behavior_server]: Exceeded time allowance before reaching the DriveOnHeading goal - Exiting DriveOnHeading
[WARN] [1786032225.437362533] [behavior_server]: backup failed
[WARN] [1786032225.437391107] [behavior_server]: [backup] [ActionServer] Aborting handle.
[INFO] [1786032225.450523440] [behavior_server]: Running spin
[INFO] [1786032225.451156425] [behavior_server]: Turning 1.57 for spin behavior.
[WARN] [1786032226.553137134] [behavior_server]: Collision Ahead - Exiting Spin
[WARN] [1786032226.553215524] [behavior_server]: spin failed
[WARN] [1786032226.553237672] [behavior_server]: [spin] [ActionServer] Aborting handle.
[INFO] [1786032226.570418767] [behavior_server]: Running wait
[INFO] [1786032231.570673839] [behavior_server]: wait completed successfully
[INFO] [1786032252.078512734] [behavior_server]: Running backup
[WARN] [1786032255.779993874] [behavior_server]: Collision Ahead - Exiting DriveOnHeading
[WARN] [1786032255.781771476] [behavior_server]: backup failed
[WARN] [1786032255.781828588] [behavior_server]: [backup] [ActionServer] Aborting handle.
[INFO] [1786032255.784578140] [behavior_server]: Running spin
[INFO] [1786032255.784775919] [behavior_server]: Turning 1.57 for spin behavior.
[WARN] [1786032255.985763831] [behavior_server]: Collision Ahead - Exiting Spin
[WARN] [1786032255.986085740] [behavior_server]: spin failed
[WARN] [1786032255.986141629] [behavior_server]: [spin] [ActionServer] Aborting handle.
[INFO] [1786032256.007724045] [behavior_server]: Running wait
[INFO] [1786032261.007973580] [behavior_server]: wait completed successfully
[INFO] [1786032397.641683631] [behavior_server]: Running backup
[INFO] [1786032405.106749737] [behavior_server]: backup completed successfully
[INFO] [1786032418.911540942] [behavior_server]: Running backup
[WARN] [1786032421.113319220] [behavior_server]: Collision Ahead - Exiting DriveOnHeading
[WARN] [1786032421.113382275] [behavior_server]: backup failed
[WARN] [1786032421.114100854] [behavior_server]: [backup] [ActionServer] Aborting handle.
[INFO] [1786032421.125941716] [behavior_server]: Running spin
[INFO] [1786032421.126083402] [behavior_server]: Turning 1.57 for spin behavior.
[INFO] [1786032423.826461854] [behavior_server]: spin completed successfully
[INFO] [1786032424.937961265] [behavior_server]: Running backup
[WARN] [1786032434.938303759] [behavior_server]: Exceeded time allowance before reaching the DriveOnHeading goal - Exiting DriveOnHeading
[WARN] [1786032434.938412556] [behavior_server]: backup failed
[WARN] [1786032434.938444797] [behavior_server]: [backup] [ActionServer] Aborting handle.
[INFO] [1786032434.955378483] [behavior_server]: Running spin
[INFO] [1786032434.955512502] [behavior_server]: Turning 1.57 for spin behavior.
[INFO] [1786032440.055760536] [behavior_server]: spin completed successfully
[INFO] [1786032445.594063465] [behavior_server]: Running backup
[WARN] [1786032447.894987885] [behavior_server]: Collision Ahead - Exiting DriveOnHeading
[WARN] [1786032447.895084886] [behavior_server]: backup failed
[WARN] [1786032447.895113645] [behavior_server]: [backup] [ActionServer] Aborting handle.
[INFO] [1786032447.915983187] [behavior_server]: Running spin
[INFO] [1786032447.916147725] [behavior_server]: Turning 1.57 for spin behavior.
[INFO] [1786032451.316748713] [behavior_server]: spin completed successfully
[INFO] [1786032455.128301556] [behavior_server]: Running backup
[WARN] [1786032455.128663318] [behavior_server]: Collision Ahead - Exiting DriveOnHeading
[WARN] [1786032455.128699262] [behavior_server]: backup failed
[WARN] [1786032455.128722244] [behavior_server]: [backup] [ActionServer] Aborting handle.
[INFO] [1786032455.142764026] [behavior_server]: Running spin
[INFO] [1786032455.142899119] [behavior_server]: Turning 1.57 for spin behavior.
[INFO] [1786032462.543458126] [behavior_server]: spin completed successfully
[INFO] [1786032463.766637619] [behavior_server]: Running backup
[WARN] [1786032473.766940076] [behavior_server]: Exceeded time allowance before reaching the DriveOnHeading goal - Exiting DriveOnHeading
[WARN] [1786032473.767003539] [behavior_server]: backup failed
[WARN] [1786032473.767025761] [behavior_server]: [backup] [ActionServer] Aborting handle.
[INFO] [1786032473.783022628] [behavior_server]: Running spin
[INFO] [1786032473.783156610] [behavior_server]: Turning 1.57 for spin behavior.
[INFO] [1786032476.583479785] [behavior_server]: spin completed successfully
[INFO] [1786032480.403086950] [behavior_server]: Running backup
[WARN] [1786032480.403401730] [behavior_server]: Collision Ahead - Exiting DriveOnHeading
[WARN] [1786032480.403435489] [behavior_server]: backup failed
[WARN] [1786032480.403455934] [behavior_server]: [backup] [ActionServer] Aborting handle.
[INFO] [1786032480.409967248] [behavior_server]: Running spin
[INFO] [1786032480.410115989] [behavior_server]: Turning 1.57 for spin behavior.
[WARN] [1786032490.410327464] [behavior_server]: Exceeded time allowance before reaching the Spin goal - Exiting Spin
[WARN] [1786032490.410401131] [behavior_server]: spin failed
[WARN] [1786032490.410425372] [behavior_server]: [spin] [ActionServer] Aborting handle.
[INFO] [1786032490.429348107] [behavior_server]: Running wait
[INFO] [1786032495.429596363] [behavior_server]: wait completed successfully
