[INFO] [1783987241.507071459] [behavior_server]: 
	behavior_server lifecycle node launched. 
	Waiting on external lifecycle transitions to activate
	See https://design.ros2.org/articles/node_lifecycle.html for more information.
[INFO] [1783987244.015974977] [behavior_server]: Configuring
[INFO] [1783987244.045855912] [behavior_server]: Creating behavior plugin spin of type nav2_behaviors::Spin
[INFO] [1783987244.059138723] [behavior_server]: Creating behavior plugin backup of type nav2_behaviors::BackUp
[INFO] [1783987244.068059418] [behavior_server]: Creating behavior plugin drive_on_heading of type nav2_behaviors::DriveOnHeading
[INFO] [1783987244.079327403] [behavior_server]: Creating behavior plugin assisted_teleop of type nav2_behaviors::AssistedTeleop
[INFO] [1783987244.099786381] [behavior_server]: Creating behavior plugin wait of type nav2_behaviors::Wait
[INFO] [1783987244.135772737] [behavior_server]: Configuring spin
[INFO] [1783987244.179763617] [behavior_server]: Configuring backup
[INFO] [1783987244.221678522] [behavior_server]: Configuring drive_on_heading
[INFO] [1783987244.255021383] [behavior_server]: Configuring assisted_teleop
[INFO] [1783987244.319344833] [behavior_server]: Configuring wait
[INFO] [1783987248.843648420] [behavior_server]: Activating
[INFO] [1783987248.843722161] [behavior_server]: Activating spin
[INFO] [1783987248.843749976] [behavior_server]: Activating backup
[INFO] [1783987248.843773532] [behavior_server]: Activating drive_on_heading
[INFO] [1783987248.843796736] [behavior_server]: Activating assisted_teleop
[INFO] [1783987248.843818884] [behavior_server]: Activating wait
[INFO] [1783987248.843852977] [behavior_server]: Creating bond (behavior_server) to lifecycle manager.
[INFO] [1783987257.575872690] [rclcpp]: signal_handler(SIGINT/SIGTERM)
[INFO] [1783987257.575990301] [behavior_server]: Running Nav2 LifecycleNode rcl preshutdown (behavior_server)
[INFO] [1783987257.576093357] [behavior_server]: Deactivating
[INFO] [1783987257.576149913] [behavior_server]: Destroying bond (behavior_server) to lifecycle manager.
[INFO] [1783987257.612664087] [behavior_server]: Cleaning up
[INFO] [1783987257.899364114] [behavior_server]: Destroying bond (behavior_server) to lifecycle manager.
