[INFO] [1783989355.997702749] [bt_navigator]: 
	bt_navigator lifecycle node launched. 
	Waiting on external lifecycle transitions to activate
	See https://design.ros2.org/articles/node_lifecycle.html for more information.
[INFO] [1783989356.002239384] [bt_navigator]: Creating
[INFO] [1783989360.506192907] [bt_navigator]: Configuring
[INFO] [1783989360.541324057] [bt_navigator]: Creating navigator id navigate_to_pose of type nav2_bt_navigator::NavigateToPoseNavigator
[INFO] [1783989360.852404434] [bt_navigator]: Creating navigator id navigate_through_poses of type nav2_bt_navigator::NavigateThroughPosesNavigator
[INFO] [1783989364.611269143] [bt_navigator]: Activating
[INFO] [1783989365.279619511] [bt_navigator]: Creating bond (bt_navigator) to lifecycle manager.
[INFO] [1783989923.130300063] [bt_navigator]: Begin navigating from current location (-8.55, -42.70) to (-11.38, -43.36)
[INFO] [1783989968.524188363] [rclcpp]: signal_handler(SIGINT/SIGTERM)
[INFO] [1783989968.524383383] [bt_navigator]: Running Nav2 LifecycleNode rcl preshutdown (bt_navigator)
[INFO] [1783989968.524478050] [bt_navigator]: Deactivating
[WARN] [1783989968.524515069] [bt_navigator]: [navigate_to_pose] [ActionServer] Requested to deactivate server but goal is still executing. Should check if action server is running before deactivating.
[ERROR] [1783989968.561308135] [bt_navigator_navigate_to_pose_rclcpp_node]: Failed to get result for wait in node halt!
[WARN] [1783989968.568269357] [bt_navigator]: [navigate_to_pose] [ActionServer] Aborting handle.
[INFO] [1783989968.577809537] [bt_navigator]: Goal canceled
[WARN] [1783989968.577970890] [bt_navigator]: [navigate_to_pose] [ActionServer] Stopping the thread per request.
[INFO] [1783989968.579265415] [bt_navigator]: Destroying bond (bt_navigator) to lifecycle manager.
[INFO] [1783989968.648718248] [bt_navigator]: Cleaning up
[INFO] [1783989970.413192037] [bt_navigator]: Completed Cleaning up
[INFO] [1783989970.413600262] [bt_navigator]: Destroying bond (bt_navigator) to lifecycle manager.
