[INFO] [1785976580.133326425] [bt_navigator]: 
	bt_navigator lifecycle node launched. 
	Waiting on external lifecycle transitions to activate
	See https://design.ros2.org/articles/node_lifecycle.html for more information.
[INFO] [1785976580.136198402] [bt_navigator]: Creating
[INFO] [1785976582.561178860] [bt_navigator]: Configuring
[INFO] [1785976582.594661194] [bt_navigator]: Creating navigator id navigate_to_pose of type nav2_bt_navigator::NavigateToPoseNavigator
[INFO] [1785976582.808234391] [bt_navigator]: Creating navigator id navigate_through_poses of type nav2_bt_navigator::NavigateThroughPosesNavigator
[INFO] [1785976587.536638384] [bt_navigator]: Activating
[INFO] [1785976587.937531573] [bt_navigator]: Creating bond (bt_navigator) to lifecycle manager.
[INFO] [1785976636.486846544] [bt_navigator]: Begin navigating from current location (27.52, -46.19) to (29.41, -49.29)
[INFO] [1785976664.624264278] [bt_navigator]: Goal succeeded
[INFO] [1785976760.998992712] [bt_navigator]: Begin navigating from current location (29.33, -49.28) to (30.48, -44.86)
[ERROR] [1785976796.937471893] [bt_navigator_navigate_to_pose_rclcpp_node]: Failed to get result for follow_path in node halt!
[ERROR] [1785976839.185700212] [bt_navigator_navigate_to_pose_rclcpp_node]: Failed to get result for follow_path in node halt!
[WARN] [1785976853.916543195] [bt_navigator_navigate_to_pose_rclcpp_node]: Node timed out while executing service call to global_costmap/clear_entirely_global_costmap.
[INFO] [1785976861.573293291] [bt_navigator]: Goal succeeded
[INFO] [1785977103.433262096] [bt_navigator]: Begin navigating from current location (30.41, -44.96) to (25.90, -44.80)
[INFO] [1785977147.236917507] [bt_navigator]: Goal succeeded
[INFO] [1785977183.410789735] [bt_navigator]: Begin navigating from current location (25.99, -44.93) to (24.16, -45.17)
[INFO] [1785977207.915981938] [bt_navigator]: Goal succeeded
[INFO] [1785977730.255472674] [bt_navigator]: Begin navigating from current location (24.24, -45.00) to (27.37, -46.94)
[ERROR] [1785977744.045241829] [bt_navigator_navigate_to_pose_rclcpp_node]: Failed to get result for follow_path in node halt!
[INFO] [1785977791.997733304] [bt_navigator]: Goal succeeded
[INFO] [1785978626.106215292] [bt_navigator]: Begin navigating from current location (27.49, -46.66) to (24.38, -44.98)
[INFO] [1785978682.520555115] [bt_navigator]: Goal succeeded
[INFO] [1785979689.304205977] [bt_navigator]: Begin navigating from current location (24.49, -44.98) to (27.86, -47.02)
[INFO] [1785979725.916544082] [bt_navigator]: Goal succeeded
[INFO] [1785979738.775949499] [bt_navigator]: Begin navigating from current location (27.79, -46.89) to (24.37, -45.04)
[INFO] [1785979799.695670515] [bt_navigator]: Goal succeeded
[INFO] [1785979859.429425705] [bt_navigator]: Begin navigating from current location (24.44, -45.02) to (30.31, -44.46)
[INFO] [1785979940.968775713] [bt_navigator]: Goal succeeded
[INFO] [1785980288.550287401] [bt_navigator]: Begin navigating from current location (30.22, -44.56) to (24.27, -44.68)
[ERROR] [1785980463.323578159] [bt_navigator_navigate_to_pose_rclcpp_node]: Failed to get result for compute_path_to_pose in node halt!
[WARN] [1785980519.975154102] [bt_navigator]: [navigate_to_pose] [ActionServer] Aborting handle.
[ERROR] [1785980519.975565419] [bt_navigator]: Goal failed
[INFO] [1785980654.401391232] [bt_navigator]: Begin navigating from current location (24.29, -44.72) to (26.17, -44.76)
[INFO] [1785980686.516403044] [bt_navigator]: Goal succeeded
[INFO] [1785980842.462945242] [rclcpp]: signal_handler(SIGINT/SIGTERM)
[INFO] [1785980842.463035280] [bt_navigator]: Running Nav2 LifecycleNode rcl preshutdown (bt_navigator)
[INFO] [1785980842.463153558] [bt_navigator]: Deactivating
[INFO] [1785980842.463209040] [bt_navigator]: Destroying bond (bt_navigator) to lifecycle manager.
[INFO] [1785980842.483868363] [bt_navigator]: Cleaning up
[INFO] [1785980843.222582407] [bt_navigator]: Completed Cleaning up
[INFO] [1785980843.222688797] [bt_navigator]: Destroying bond (bt_navigator) to lifecycle manager.
