[INFO] [1784865403.217277275] [bt_navigator]: 
	bt_navigator lifecycle node launched. 
	Waiting on external lifecycle transitions to activate
	See https://design.ros2.org/articles/node_lifecycle.html for more information.
[INFO] [1784865403.223257360] [bt_navigator]: Creating
[INFO] [1784865406.101302886] [bt_navigator]: Configuring
[INFO] [1784865406.132682433] [bt_navigator]: Creating navigator id navigate_to_pose of type nav2_bt_navigator::NavigateToPoseNavigator
[INFO] [1784865406.386141651] [bt_navigator]: Creating navigator id navigate_through_poses of type nav2_bt_navigator::NavigateThroughPosesNavigator
[INFO] [1784865409.893323785] [bt_navigator]: Activating
[INFO] [1784865410.547993910] [bt_navigator]: Creating bond (bt_navigator) to lifecycle manager.
[INFO] [1784865474.292323919] [bt_navigator]: Begin navigating from current location (51.37, -81.59) to (42.43, -67.60)
[INFO] [1784865651.208212188] [bt_navigator]: Goal succeeded
[INFO] [1784865719.099617381] [bt_navigator]: Begin navigating from current location (42.47, -67.75) to (28.78, -51.18)
[WARN] [1784865839.309331267] [bt_navigator]: [navigate_to_pose] [ActionServer] Aborting handle.
[ERROR] [1784865839.310314161] [bt_navigator]: Goal failed
[INFO] [1784866036.776310158] [bt_navigator]: Begin navigating from current location (34.63, -54.45) to (27.47, -45.60)
[INFO] [1784866111.196856919] [bt_navigator]: Goal succeeded
[INFO] [1784866167.686959679] [bt_navigator]: Begin navigating from current location (27.67, -45.46) to (30.28, -51.16)
[INFO] [1784866484.898953849] [bt_navigator]: Goal succeeded
[INFO] [1784866665.091108920] [bt_navigator]: Begin navigating from current location (30.11, -51.06) to (28.80, -46.23)
[ERROR] [1784866952.717417598] [bt_navigator_navigate_to_pose_rclcpp_node]: Failed to get result for compute_path_to_pose in node halt!
[WARN] [1784866952.733407037] [bt_navigator]: [navigate_to_pose] [ActionServer] Aborting handle.
[ERROR] [1784866952.735723050] [bt_navigator]: Goal failed
[INFO] [1784867046.899644916] [bt_navigator]: Begin navigating from current location (29.71, -47.21) to (22.82, -48.57)
[WARN] [1784867138.191891533] [bt_navigator_navigate_to_pose_rclcpp_node]: Timed out while waiting for action server to acknowledge goal request for compute_path_to_pose
[WARN] [1784867138.228311733] [bt_navigator]: [navigate_to_pose] [ActionServer] Aborting handle.
[ERROR] [1784867138.231467268] [bt_navigator]: Goal failed
[INFO] [1784867399.390002450] [bt_navigator]: Begin navigating from current location (24.35, -48.09) to (32.44, -50.19)
[WARN] [1784867627.406838863] [bt_navigator_navigate_to_pose_rclcpp_node]: Timed out while waiting for action server to acknowledge goal request for compute_path_to_pose
[WARN] [1784867627.428917613] [bt_navigator_navigate_to_pose_rclcpp_node]: Node timed out while executing service call to global_costmap/clear_entirely_global_costmap.
[INFO] [1784867704.994652923] [bt_navigator]: Goal succeeded
[INFO] [1784867764.939629721] [bt_navigator]: Begin navigating from current location (32.16, -49.97) to (27.67, -46.65)
[WARN] [1784867855.974602239] [bt_navigator_navigate_to_pose_rclcpp_node]: Timed out while waiting for action server to acknowledge goal request for compute_path_to_pose
[WARN] [1784867856.000269230] [bt_navigator_navigate_to_pose_rclcpp_node]: Node timed out while executing service call to global_costmap/clear_entirely_global_costmap.
[WARN] [1784867884.635214560] [bt_navigator]: [navigate_to_pose] [ActionServer] Aborting handle.
[ERROR] [1784867884.635852934] [bt_navigator]: Goal failed
[INFO] [1784869149.099455044] [bt_navigator]: Begin navigating from current location (30.90, -49.65) to (23.81, -49.04)
[WARN] [1784869372.516804727] [bt_navigator_navigate_to_pose_rclcpp_node]: Timed out while waiting for action server to acknowledge goal request for follow_path
[WARN] [1784869372.570789317] [bt_navigator_navigate_to_pose_rclcpp_node]: Node timed out while executing service call to global_costmap/clear_entirely_global_costmap.
[WARN] [1784869372.591086779] [bt_navigator_navigate_to_pose_rclcpp_node]: Timed out while waiting for action server to acknowledge goal request for spin
[WARN] [1784869372.621602909] [bt_navigator_navigate_to_pose_rclcpp_node]: Timed out while waiting for action server to acknowledge goal request for wait
[WARN] [1784869372.634478257] [bt_navigator]: [navigate_to_pose] [ActionServer] Aborting handle.
[ERROR] [1784869372.634791332] [bt_navigator]: Goal failed
[INFO] [1784869609.844566183] [bt_navigator]: Begin navigating from current location (30.41, -49.55) to (23.74, -49.03)
[INFO] [1784869656.945525617] [bt_navigator]: Goal succeeded
[INFO] [1784869688.282177745] [bt_navigator]: Begin navigating from current location (24.01, -48.96) to (24.57, -45.09)
[WARN] [1784869733.055411441] [bt_navigator_navigate_to_pose_rclcpp_node]: Timed out while waiting for action server to acknowledge goal request for compute_path_to_pose
[WARN] [1784869733.077691340] [bt_navigator_navigate_to_pose_rclcpp_node]: Node timed out while executing service call to global_costmap/clear_entirely_global_costmap.
[WARN] [1784869785.571248628] [bt_navigator_navigate_to_pose_rclcpp_node]: Timed out while waiting for action server to acknowledge goal request for compute_path_to_pose
[WARN] [1784869785.606567505] [bt_navigator_navigate_to_pose_rclcpp_node]: Node timed out while executing service call to global_costmap/clear_entirely_global_costmap.
[WARN] [1784869800.255229713] [bt_navigator_navigate_to_pose_rclcpp_node]: Timed out while waiting for action server to acknowledge goal request for compute_path_to_pose
[ERROR] [1784869800.276431605] [bt_navigator_navigate_to_pose_rclcpp_node]: Failed to get result for follow_path in node halt!
[WARN] [1784869800.276683625] [bt_navigator]: [navigate_to_pose] [ActionServer] Aborting handle.
[ERROR] [1784869800.276973608] [bt_navigator]: Goal failed
[INFO] [1784869852.823790555] [bt_navigator]: Begin navigating from current location (24.93, -47.60) to (24.52, -45.08)
[WARN] [1784869888.394701967] [bt_navigator_navigate_to_pose_rclcpp_node]: Timed out while waiting for action server to acknowledge goal request for compute_path_to_pose
[WARN] [1784869888.415606544] [bt_navigator]: [navigate_to_pose] [ActionServer] Aborting handle.
[ERROR] [1784869888.417912186] [bt_navigator]: Goal failed
[INFO] [1784869906.646236281] [bt_navigator]: Begin navigating from current location (24.83, -45.42) to (24.41, -45.12)
[INFO] [1784869909.848983979] [bt_navigator]: Goal succeeded
[INFO] [1784870060.145489606] [bt_navigator]: Begin navigating from current location (24.63, -45.26) to (28.19, -46.96)
[WARN] [1784870104.956804623] [bt_navigator_navigate_to_pose_rclcpp_node]: Timed out while waiting for action server to acknowledge goal request for compute_path_to_pose
[WARN] [1784870104.980150064] [bt_navigator_navigate_to_pose_rclcpp_node]: Node timed out while executing service call to global_costmap/clear_entirely_global_costmap.
[WARN] [1784870195.295002543] [bt_navigator_navigate_to_pose_rclcpp_node]: Timed out while waiting for action server to acknowledge goal request for compute_path_to_pose
[WARN] [1784870195.304534594] [bt_navigator]: [navigate_to_pose] [ActionServer] Aborting handle.
[ERROR] [1784870195.305009097] [bt_navigator]: Goal failed
[INFO] [1784870216.421128502] [bt_navigator]: Begin navigating from current location (25.42, -45.38) to (28.15, -46.87)
[WARN] [1784870225.695891896] [bt_navigator_navigate_to_pose_rclcpp_node]: Timed out while waiting for action server to acknowledge goal request for compute_path_to_pose
[WARN] [1784870225.718354869] [bt_navigator_navigate_to_pose_rclcpp_node]: Node timed out while executing service call to global_costmap/clear_entirely_global_costmap.
[WARN] [1784870234.076658065] [bt_navigator_navigate_to_pose_rclcpp_node]: Timed out while waiting for action server to acknowledge goal request for compute_path_to_pose
[WARN] [1784870234.103177024] [bt_navigator_navigate_to_pose_rclcpp_node]: Node timed out while executing service call to global_costmap/clear_entirely_global_costmap.
[WARN] [1784870241.132082865] [bt_navigator_navigate_to_pose_rclcpp_node]: Node timed out while executing service call to global_costmap/clear_entirely_global_costmap.
[WARN] [1784870246.592081908] [bt_navigator_navigate_to_pose_rclcpp_node]: Timed out while waiting for action server to acknowledge goal request for compute_path_to_pose
[WARN] [1784870246.621176047] [bt_navigator_navigate_to_pose_rclcpp_node]: Node timed out while executing service call to global_costmap/clear_entirely_global_costmap.
[ERROR] [1784870258.313038047] [bt_navigator_navigate_to_pose_rclcpp_node]: Failed to get result for follow_path in node halt!
[WARN] [1784870267.592255224] [bt_navigator_navigate_to_pose_rclcpp_node]: Timed out while waiting for action server to acknowledge goal request for compute_path_to_pose
[WARN] [1784870267.615781573] [bt_navigator_navigate_to_pose_rclcpp_node]: Node timed out while executing service call to global_costmap/clear_entirely_global_costmap.
[WARN] [1784870267.621563141] [bt_navigator]: [navigate_to_pose] [ActionServer] Aborting handle.
[ERROR] [1784870267.623027631] [bt_navigator]: Goal failed
[INFO] [1784870338.616887522] [bt_navigator]: Begin navigating from current location (25.32, -45.16) to (27.71, -46.23)
[INFO] [1784870359.842666484] [bt_navigator]: Goal succeeded
[INFO] [1784870381.690570995] [bt_navigator]: Begin navigating from current location (27.51, -46.14) to (30.01, -50.35)
[WARN] [1784870426.450169398] [bt_navigator_navigate_to_pose_rclcpp_node]: Timed out while waiting for action server to acknowledge goal request for compute_path_to_pose
[WARN] [1784870426.476323206] [bt_navigator_navigate_to_pose_rclcpp_node]: Node timed out while executing service call to global_costmap/clear_entirely_global_costmap.
[WARN] [1784870433.419215193] [bt_navigator_navigate_to_pose_rclcpp_node]: Timed out while waiting for action server to acknowledge goal request for compute_path_to_pose
[WARN] [1784870433.447604069] [bt_navigator_navigate_to_pose_rclcpp_node]: Node timed out while executing service call to global_costmap/clear_entirely_global_costmap.
[INFO] [1784870489.974775937] [bt_navigator]: Goal succeeded
[INFO] [1784871173.303077116] [bt_navigator]: Begin navigating from current location (29.98, -50.01) to (27.81, -52.67)
[INFO] [1784871198.021813702] [bt_navigator]: Goal succeeded
[INFO] [1784871368.727159065] [rclcpp]: signal_handler(SIGINT/SIGTERM)
[INFO] [1784871368.727239677] [bt_navigator]: Running Nav2 LifecycleNode rcl preshutdown (bt_navigator)
[INFO] [1784871368.727351566] [bt_navigator]: Deactivating
[INFO] [1784871368.727401548] [bt_navigator]: Destroying bond (bt_navigator) to lifecycle manager.
[INFO] [1784871368.738843554] [bt_navigator]: Cleaning up
[INFO] [1784871372.481832410] [bt_navigator]: Completed Cleaning up
[INFO] [1784871372.481920559] [bt_navigator]: Destroying bond (bt_navigator) to lifecycle manager.
