[INFO] [1783120080.387670562] [bt_navigator]: 
	bt_navigator lifecycle node launched. 
	Waiting on external lifecycle transitions to activate
	See https://design.ros2.org/articles/node_lifecycle.html for more information.
[INFO] [1783120080.420438456] [bt_navigator]: Creating
[INFO] [1783120082.969492730] [bt_navigator]: Configuring
[INFO] [1783120083.005038253] [bt_navigator]: Creating navigator id navigate_to_pose of type nav2_bt_navigator::NavigateToPoseNavigator
[INFO] [1783120083.530443566] [bt_navigator]: Creating navigator id navigate_through_poses of type nav2_bt_navigator::NavigateThroughPosesNavigator
[INFO] [1783120087.102547272] [bt_navigator]: Activating
[INFO] [1783120087.612392005] [bt_navigator]: Creating bond (bt_navigator) to lifecycle manager.
[INFO] [1783120668.154312383] [bt_navigator]: Begin navigating from current location (3.17, 6.35) to (-0.20, -0.10)
[ERROR] [1783120774.762799596] [bt_navigator_navigate_to_pose_rclcpp_node]: Failed to get result for follow_path in node halt!
[INFO] [1783120774.765209035] [bt_navigator]: [navigate_to_pose] [ActionServer] Client requested to cancel the goal. Cancelling.
[INFO] [1783120774.765984614] [bt_navigator]: Goal canceled
[INFO] [1783120778.765342942] [rclcpp]: signal_handler(SIGINT/SIGTERM)
[INFO] [1783120778.765444276] [bt_navigator]: Running Nav2 LifecycleNode rcl preshutdown (bt_navigator)
[INFO] [1783120778.765592370] [bt_navigator]: Deactivating
[INFO] [1783120778.765660648] [bt_navigator]: Destroying bond (bt_navigator) to lifecycle manager.
[INFO] [1783120778.921264778] [bt_navigator]: Cleaning up
[INFO] [1783120780.381102365] [bt_navigator]: Completed Cleaning up
[INFO] [1783120780.381239903] [bt_navigator]: Destroying bond (bt_navigator) to lifecycle manager.
