[INFO] [1783988210.286007877] [bt_navigator]: 
	bt_navigator lifecycle node launched. 
	Waiting on external lifecycle transitions to activate
	See https://design.ros2.org/articles/node_lifecycle.html for more information.
[INFO] [1783988210.308905166] [bt_navigator]: Creating
[INFO] [1783988213.897578853] [bt_navigator]: Configuring
[INFO] [1783988213.949023256] [bt_navigator]: Creating navigator id navigate_to_pose of type nav2_bt_navigator::NavigateToPoseNavigator
[INFO] [1783988214.269686127] [bt_navigator]: Creating navigator id navigate_through_poses of type nav2_bt_navigator::NavigateThroughPosesNavigator
[INFO] [1783988217.995416525] [bt_navigator]: Activating
[INFO] [1783988218.468149408] [bt_navigator]: Creating bond (bt_navigator) to lifecycle manager.
[INFO] [1783988259.788660946] [bt_navigator]: Begin navigating from current location (-8.48, -42.70) to (-12.41, -43.44)
[WARN] [1783988429.279031986] [bt_navigator]: [navigate_to_pose] [ActionServer] Aborting handle.
[ERROR] [1783988429.279600545] [bt_navigator]: Goal failed
[INFO] [1783988658.653849800] [bt_navigator]: Begin navigating from current location (-8.61, -42.71) to (-11.37, -43.08)
[WARN] [1783988797.674101313] [bt_navigator]: [navigate_to_pose] [ActionServer] Aborting handle.
[ERROR] [1783988797.675181541] [bt_navigator]: Goal failed
[INFO] [1783989120.494995140] [bt_navigator]: Begin navigating from current location (-8.61, -42.71) to (-12.41, -43.19)
[INFO] [1783989342.412295104] [rclcpp]: signal_handler(SIGINT/SIGTERM)
[INFO] [1783989342.412415586] [bt_navigator]: Running Nav2 LifecycleNode rcl preshutdown (bt_navigator)
[INFO] [1783989342.412527494] [bt_navigator]: Deactivating
[WARN] [1783989342.412564346] [bt_navigator]: [navigate_to_pose] [ActionServer] Requested to deactivate server but goal is still executing. Should check if action server is running before deactivating.
[WARN] [1783989342.436406621] [bt_navigator]: [navigate_to_pose] [ActionServer] Aborting handle.
[INFO] [1783989342.444058699] [bt_navigator]: Goal canceled
[WARN] [1783989342.445322761] [bt_navigator]: [navigate_to_pose] [ActionServer] Stopping the thread per request.
[INFO] [1783989342.447537032] [bt_navigator]: Destroying bond (bt_navigator) to lifecycle manager.
[INFO] [1783989342.501271725] [bt_navigator]: Cleaning up
[INFO] [1783989344.266012461] [bt_navigator]: Completed Cleaning up
[INFO] [1783989344.266182813] [bt_navigator]: Destroying bond (bt_navigator) to lifecycle manager.
