[INFO] [1786109268.578085491] [bt_navigator]: 
	bt_navigator lifecycle node launched. 
	Waiting on external lifecycle transitions to activate
	See https://design.ros2.org/articles/node_lifecycle.html for more information.
[INFO] [1786109268.615310872] [bt_navigator]: Creating
[INFO] [1786109270.908158956] [bt_navigator]: Configuring
[INFO] [1786109270.962457482] [bt_navigator]: Creating navigator id navigate_to_pose of type nav2_bt_navigator::NavigateToPoseNavigator
[INFO] [1786109271.198337702] [bt_navigator]: Creating navigator id navigate_through_poses of type nav2_bt_navigator::NavigateThroughPosesNavigator
[INFO] [1786109273.575679249] [bt_navigator]: Activating
[INFO] [1786109274.113820910] [bt_navigator]: Creating bond (bt_navigator) to lifecycle manager.
[INFO] [1786109420.864656095] [bt_navigator]: Begin navigating from current location (23.98, -45.92) to (37.98, -57.96)
[WARN] [1786109446.199066160] [bt_navigator]: [navigate_to_pose] [ActionServer] Aborting handle.
[ERROR] [1786109446.199476551] [bt_navigator]: Goal failed
[INFO] [1786109448.537309601] [bt_navigator]: Begin navigating from current location (26.01, -45.28) to (37.98, -57.96)
[WARN] [1786109449.238616138] [bt_navigator]: [navigate_to_pose] [ActionServer] Aborting handle.
[ERROR] [1786109449.238946769] [bt_navigator]: Goal failed
[INFO] [1786109451.554217432] [bt_navigator]: Begin navigating from current location (26.00, -45.27) to (37.98, -57.96)
[WARN] [1786109454.254445687] [bt_navigator]: [navigate_to_pose] [ActionServer] Aborting handle.
[ERROR] [1786109454.254705022] [bt_navigator]: Goal failed
[INFO] [1786109456.571701749] [bt_navigator]: Begin navigating from current location (26.08, -45.32) to (37.98, -57.96)
[WARN] [1786109461.572134415] [bt_navigator]: [navigate_to_pose] [ActionServer] Aborting handle.
[ERROR] [1786109461.572396213] [bt_navigator]: Goal failed
[INFO] [1786109463.897682932] [bt_navigator]: Begin navigating from current location (26.25, -45.45) to (37.98, -57.96)
[WARN] [1786109467.703138924] [bt_navigator]: [navigate_to_pose] [ActionServer] Aborting handle.
[ERROR] [1786109467.705378474] [bt_navigator]: Goal failed
[INFO] [1786109470.077249162] [bt_navigator]: Begin navigating from current location (26.43, -45.52) to (37.98, -57.96)
[WARN] [1786109485.077608004] [bt_navigator_navigate_to_pose_rclcpp_node]: Timed out while waiting for action server to acknowledge goal request for compute_path_to_pose
[ERROR] [1786109485.098364178] [bt_navigator_navigate_to_pose_rclcpp_node]: Failed to cancel action server for follow_path
[ERROR] [1786109485.119145222] [bt_navigator_navigate_to_pose_rclcpp_node]: Failed to get result for follow_path in node halt!
[WARN] [1786109485.123580747] [bt_navigator]: [navigate_to_pose] [ActionServer] Aborting handle.
[ERROR] [1786109485.137310343] [bt_navigator]: Goal failed
[INFO] [1786109487.507519484] [bt_navigator]: Begin navigating from current location (27.52, -46.44) to (37.98, -57.96)
[WARN] [1786109487.907752793] [bt_navigator]: [navigate_to_pose] [ActionServer] Aborting handle.
[ERROR] [1786109487.908061258] [bt_navigator]: Goal failed
[INFO] [1786109490.221575744] [bt_navigator]: Begin navigating from current location (27.51, -46.44) to (37.98, -57.96)
[WARN] [1786109491.031921252] [bt_navigator]: [navigate_to_pose] [ActionServer] Aborting handle.
[ERROR] [1786109491.032215198] [bt_navigator]: Goal failed
[INFO] [1786109493.382157538] [bt_navigator]: Begin navigating from current location (27.51, -46.44) to (37.98, -57.96)
[WARN] [1786109497.179178409] [bt_navigator]: [navigate_to_pose] [ActionServer] Aborting handle.
[ERROR] [1786109497.179459151] [bt_navigator]: Goal failed
[INFO] [1786109499.518659505] [bt_navigator]: Begin navigating from current location (27.61, -46.54) to (37.98, -57.96)
[WARN] [1786109503.310859200] [bt_navigator]: [navigate_to_pose] [ActionServer] Aborting handle.
[ERROR] [1786109503.311182665] [bt_navigator]: Goal failed
[INFO] [1786109505.643538369] [bt_navigator]: Begin navigating from current location (27.77, -46.62) to (37.98, -57.96)
[WARN] [1786109506.453854710] [bt_navigator]: [navigate_to_pose] [ActionServer] Aborting handle.
[ERROR] [1786109506.454173971] [bt_navigator]: Goal failed
[INFO] [1786109508.775641391] [bt_navigator]: Begin navigating from current location (27.78, -46.61) to (37.98, -57.96)
[WARN] [1786109527.876605587] [bt_navigator]: [navigate_to_pose] [ActionServer] Aborting handle.
[ERROR] [1786109527.876946774] [bt_navigator]: Goal failed
[INFO] [1786109530.306862142] [bt_navigator]: Begin navigating from current location (29.01, -47.71) to (37.98, -57.96)
[WARN] [1786109538.522718599] [bt_navigator]: [navigate_to_pose] [ActionServer] Aborting handle.
[ERROR] [1786109538.523013286] [bt_navigator]: Goal failed
[INFO] [1786109540.835173893] [bt_navigator]: Begin navigating from current location (29.43, -48.20) to (37.98, -57.96)
[WARN] [1786109541.436057305] [bt_navigator]: [navigate_to_pose] [ActionServer] Aborting handle.
[ERROR] [1786109541.436397103] [bt_navigator]: Goal failed
[INFO] [1786109543.746122586] [bt_navigator]: Begin navigating from current location (29.43, -48.20) to (37.98, -57.96)
[WARN] [1786109544.446426135] [bt_navigator]: [navigate_to_pose] [ActionServer] Aborting handle.
[ERROR] [1786109544.446738804] [bt_navigator]: Goal failed
[INFO] [1786109546.788337301] [bt_navigator]: Begin navigating from current location (29.43, -48.20) to (37.98, -57.96)
[WARN] [1786109550.588580282] [bt_navigator]: [navigate_to_pose] [ActionServer] Aborting handle.
[ERROR] [1786109550.588850914] [bt_navigator]: Goal failed
[INFO] [1786109552.915317214] [bt_navigator]: Begin navigating from current location (29.91, -48.34) to (37.98, -57.96)
[WARN] [1786109555.625560803] [bt_navigator]: [navigate_to_pose] [ActionServer] Aborting handle.
[ERROR] [1786109555.625859972] [bt_navigator]: Goal failed
[INFO] [1786109557.952261586] [bt_navigator]: Begin navigating from current location (29.98, -48.46) to (37.98, -57.96)
[WARN] [1786109558.652527154] [bt_navigator]: [navigate_to_pose] [ActionServer] Aborting handle.
[ERROR] [1786109558.652824248] [bt_navigator]: Goal failed
[INFO] [1786109560.982936254] [bt_navigator]: Begin navigating from current location (29.98, -48.47) to (37.98, -57.96)
[WARN] [1786109564.883229785] [bt_navigator]: [navigate_to_pose] [ActionServer] Aborting handle.
[ERROR] [1786109564.883552324] [bt_navigator]: Goal failed
[INFO] [1786109567.216572939] [bt_navigator]: Begin navigating from current location (30.08, -48.59) to (37.98, -57.96)
[WARN] [1786109574.125468624] [bt_navigator]: [navigate_to_pose] [ActionServer] Aborting handle.
[ERROR] [1786109574.125799330] [bt_navigator]: Goal failed
[INFO] [1786109576.464110382] [bt_navigator]: Begin navigating from current location (30.43, -48.89) to (37.98, -57.96)
[INFO] [1786109577.087557607] [rclcpp]: signal_handler(SIGINT/SIGTERM)
[INFO] [1786109577.087685385] [bt_navigator]: Running Nav2 LifecycleNode rcl preshutdown (bt_navigator)
[INFO] [1786109577.087820386] [bt_navigator]: Deactivating
[WARN] [1786109577.087859571] [bt_navigator]: [navigate_to_pose] [ActionServer] Requested to deactivate server but goal is still executing. Should check if action server is running before deactivating.
[ERROR] [1786109577.116027917] [bt_navigator_navigate_to_pose_rclcpp_node]: Failed to cancel action server for follow_path
