[INFO] [1784075116.432407791] [bt_navigator]: 
	bt_navigator lifecycle node launched. 
	Waiting on external lifecycle transitions to activate
	See https://design.ros2.org/articles/node_lifecycle.html for more information.
[INFO] [1784075116.454816703] [bt_navigator]: Creating
[INFO] [1784075119.930842013] [bt_navigator]: Configuring
[INFO] [1784075119.978964689] [bt_navigator]: Creating navigator id navigate_to_pose of type nav2_bt_navigator::NavigateToPoseNavigator
[INFO] [1784075120.330046029] [bt_navigator]: Creating navigator id navigate_through_poses of type nav2_bt_navigator::NavigateThroughPosesNavigator
[INFO] [1784075124.071714328] [bt_navigator]: Activating
[INFO] [1784075124.624668271] [bt_navigator]: Creating bond (bt_navigator) to lifecycle manager.
[INFO] [1784075152.751197088] [bt_navigator]: Begin navigating from current location (4.18, 33.01) to (2.16, 28.88)
[INFO] [1784075196.022188580] [bt_navigator]: Goal succeeded
[INFO] [1784075278.264440865] [bt_navigator]: Begin navigating from current location (2.19, 29.01) to (-0.49, 24.58)
[WARN] [1784075310.476360288] [bt_navigator]: [navigate_to_pose] [ActionServer] Aborting handle.
[ERROR] [1784075310.477085108] [bt_navigator]: Goal failed
[INFO] [1784075443.930790075] [bt_navigator]: Deactivating
[WARN] [1784075443.930857946] [bt_navigator]: [navigate_to_pose] [ActionServer] Requested to deactivate server but goal is still executing. Should check if action server is running before deactivating.
[INFO] [1784075444.030965482] [bt_navigator]: [navigate_to_pose] [ActionServer] Waiting for async process to finish.
[INFO] [1784075444.131075945] [bt_navigator]: [navigate_to_pose] [ActionServer] Waiting for async process to finish.
[INFO] [1784075444.231227333] [bt_navigator]: [navigate_to_pose] [ActionServer] Waiting for async process to finish.
[INFO] [1784075444.331429241] [bt_navigator]: [navigate_to_pose] [ActionServer] Waiting for async process to finish.
[INFO] [1784075444.431604889] [bt_navigator]: [navigate_to_pose] [ActionServer] Waiting for async process to finish.
[WARN] [1784075444.431695575] [bt_navigator]: [navigate_to_pose] [ActionServer] Aborting handle.
[ERROR] [1784075444.628166178] [bt_navigator]: [navigate_to_pose] [ActionServer] Action callback is still running and missed deadline to stop
[INFO] [1784075444.728364493] [bt_navigator]: [navigate_to_pose] [ActionServer] Waiting for async process to finish.
[ERROR] [1784075444.728447438] [bt_navigator]: [navigate_to_pose] [ActionServer] Action callback is still running and missed deadline to stop
[INFO] [1784075444.828560345] [bt_navigator]: [navigate_to_pose] [ActionServer] Waiting for async process to finish.
[ERROR] [1784075444.828643568] [bt_navigator]: [navigate_to_pose] [ActionServer] Action callback is still running and missed deadline to stop
[INFO] [1784075444.928763808] [bt_navigator]: [navigate_to_pose] [ActionServer] Waiting for async process to finish.
[ERROR] [1784075444.928849735] [bt_navigator]: [navigate_to_pose] [ActionServer] Action callback is still running and missed deadline to stop
[INFO] [1784075445.028968438] [bt_navigator]: [navigate_to_pose] [ActionServer] Waiting for async process to finish.
[ERROR] [1784075445.029049420] [bt_navigator]: [navigate_to_pose] [ActionServer] Action callback is still running and missed deadline to stop
[INFO] [1784075445.129157864] [bt_navigator]: [navigate_to_pose] [ActionServer] Waiting for async process to finish.
[ERROR] [1784075445.129243457] [bt_navigator]: [navigate_to_pose] [ActionServer] Action callback is still running and missed deadline to stop
[WARN] [1784075445.210590609] []: TF_OLD_DATA ignoring data from the past for frame front_left_wheel at time 1784075429.994500 according to authority Authority undetectable
Possible reasons are listed at http://wiki.ros.org/tf/Errors%20explained
[WARN] [1784075445.210706962] []: TF_OLD_DATA ignoring data from the past for frame front_right_wheel at time 1784075429.994500 according to authority Authority undetectable
Possible reasons are listed at http://wiki.ros.org/tf/Errors%20explained
[WARN] [1784075445.210721240] []: TF_OLD_DATA ignoring data from the past for frame rear_left_wheel at time 1784075429.994500 according to authority Authority undetectable
Possible reasons are listed at http://wiki.ros.org/tf/Errors%20explained
[WARN] [1784075445.210728832] []: TF_OLD_DATA ignoring data from the past for frame rear_right_wheel at time 1784075429.994500 according to authority Authority undetectable
Possible reasons are listed at http://wiki.ros.org/tf/Errors%20explained
[WARN] [1784075445.210786462] []: TF_OLD_DATA ignoring data from the past for frame front_left_wheel at time 1784075430.094481 according to authority Authority undetectable
Possible reasons are listed at http://wiki.ros.org/tf/Errors%20explained
[WARN] [1784075445.210798536] []: TF_OLD_DATA ignoring data from the past for frame front_right_wheel at time 1784075430.094481 according to authority Authority undetectable
Possible reasons are listed at http://wiki.ros.org/tf/Errors%20explained
[WARN] [1784075445.210804925] []: TF_OLD_DATA ignoring data from the past for frame rear_left_wheel at time 1784075430.094481 according to authority Authority undetectable
Possible reasons are listed at http://wiki.ros.org/tf/Errors%20explained
[WARN] [1784075445.210811555] []: TF_OLD_DATA ignoring data from the past for frame rear_right_wheel at time 1784075430.094481 according to authority Authority undetectable
Possible reasons are listed at http://wiki.ros.org/tf/Errors%20explained
[WARN] [1784075445.210838740] []: TF_OLD_DATA ignoring data from the past for frame front_left_wheel at time 1784075430.194487 according to authority Authority undetectable
Possible reasons are listed at http://wiki.ros.org/tf/Errors%20explained
[WARN] [1784075445.210853333] []: TF_OLD_DATA ignoring data from the past for frame front_right_wheel at time 1784075430.194487 according to authority Authority undetectable
Possible reasons are listed at http://wiki.ros.org/tf/Errors%20explained
[WARN] [1784075445.210861463] []: TF_OLD_DATA ignoring data from the past for frame rear_left_wheel at time 1784075430.194487 according to authority Authority undetectable
Possible reasons are listed at http://wiki.ros.org/tf/Errors%20explained
[WARN] [1784075445.210869500] []: TF_OLD_DATA ignoring data from the past for frame rear_right_wheel at time 1784075430.194487 according to authority Authority undetectable
Possible reasons are listed at http://wiki.ros.org/tf/Errors%20explained
[WARN] [1784075445.210899759] []: TF_OLD_DATA ignoring data from the past for frame front_left_wheel at time 1784075430.294497 according to authority Authority undetectable
Possible reasons are listed at http://wiki.ros.org/tf/Errors%20explained
[WARN] [1784075445.210915037] []: TF_OLD_DATA ignoring data from the past for frame front_right_wheel at time 1784075430.294497 according to authority Authority undetectable
Possible reasons are listed at http://wiki.ros.org/tf/Errors%20explained
[WARN] [1784075445.210922445] []: TF_OLD_DATA ignoring data from the past for frame rear_left_wheel at time 1784075430.294497 according to authority Authority undetectable
Possible reasons are listed at http://wiki.ros.org/tf/Errors%20explained
[WARN] [1784075445.210929371] []: TF_OLD_DATA ignoring data from the past for frame rear_right_wheel at time 1784075430.294497 according to authority Authority undetectable
Possible reasons are listed at http://wiki.ros.org/tf/Errors%20explained
[WARN] [1784075445.210956149] []: TF_OLD_DATA ignoring data from the past for frame front_left_wheel at time 1784075430.394534 according to authority Authority undetectable
Possible reasons are listed at http://wiki.ros.org/tf/Errors%20explained
[WARN] [1784075445.211033927] []: TF_OLD_DATA ignoring data from the past for frame front_right_wheel at time 1784075430.394534 according to authority Authority undetectable
Possible reasons are listed at http://wiki.ros.org/tf/Errors%20explained
[WARN] [1784075445.211047057] []: TF_OLD_DATA ignoring data from the past for frame rear_left_wheel at time 1784075430.394534 according to authority Authority undetectable
Possible reasons are listed at http://wiki.ros.org/tf/Errors%20explained
[WARN] [1784075445.211054057] []: TF_OLD_DATA ignoring data from the past for frame rear_right_wheel at time 1784075430.394534 according to authority Authority undetectable
Possible reasons are listed at http://wiki.ros.org/tf/Errors%20explained
[WARN] [1784075445.217516729] []: TF_OLD_DATA ignoring data from the past for frame front_left_wheel at time 1784075430.494519 according to authority Authority undetectable
Possible reasons are listed at http://wiki.ros.org/tf/Errors%20explained
[WARN] [1784075445.217565211] []: TF_OLD_DATA ignoring data from the past for frame front_right_wheel at time 1784075430.494519 according to authority Authority undetectable
Possible reasons are listed at http://wiki.ros.org/tf/Errors%20explained
[WARN] [1784075445.217573433] []: TF_OLD_DATA ignoring data from the past for frame rear_left_wheel at time 1784075430.494519 according to authority Authority undetectable
Possible reasons are listed at http://wiki.ros.org/tf/Errors%20explained
[WARN] [1784075445.217580600] []: TF_OLD_DATA ignoring data from the past for frame rear_right_wheel at time 1784075430.494519 according to authority Authority undetectable
Possible reasons are listed at http://wiki.ros.org/tf/Errors%20explained
[WARN] [1784075445.217646897] []: TF_OLD_DATA ignoring data from the past for frame front_left_wheel at time 1784075430.594560 according to authority Authority undetectable
Possible reasons are listed at http://wiki.ros.org/tf/Errors%20explained
[WARN] [1784075445.217663064] []: TF_OLD_DATA ignoring data from the past for frame front_right_wheel at time 1784075430.594560 according to authority Authority undetectable
Possible reasons are listed at http://wiki.ros.org/tf/Errors%20explained
[WARN] [1784075445.217671953] []: TF_OLD_DATA ignoring data from the past for frame rear_left_wheel at time 1784075430.594560 according to authority Authority undetectable
Possible reasons are listed at http://wiki.ros.org/tf/Errors%20explained
[WARN] [1784075445.217678230] []: TF_OLD_DATA ignoring data from the past for frame rear_right_wheel at time 1784075430.594560 according to authority Authority undetectable
Possible reasons are listed at http://wiki.ros.org/tf/Errors%20explained
[WARN] [1784075445.217703342] []: TF_OLD_DATA ignoring data from the past for frame front_left_wheel at time 1784075430.694504 according to authority Authority undetectable
Possible reasons are listed at http://wiki.ros.org/tf/Errors%20explained
[WARN] [1784075445.217713897] []: TF_OLD_DATA ignoring data from the past for frame front_right_wheel at time 1784075430.694504 according to authority Authority undetectable
Possible reasons are listed at http://wiki.ros.org/tf/Errors%20explained
[WARN] [1784075445.217720620] []: TF_OLD_DATA ignoring data from the past for frame rear_left_wheel at time 1784075430.694504 according to authority Authority undetectable
Possible reasons are listed at http://wiki.ros.org/tf/Errors%20explained
[WARN] [1784075445.217726453] []: TF_OLD_DATA ignoring data from the past for frame rear_right_wheel at time 1784075430.694504 according to authority Authority undetectable
Possible reasons are listed at http://wiki.ros.org/tf/Errors%20explained
[WARN] [1784075445.217759231] []: TF_OLD_DATA ignoring data from the past for frame front_left_wheel at time 1784075430.794489 according to authority Authority undetectable
Possible reasons are listed at http://wiki.ros.org/tf/Errors%20explained
[WARN] [1784075445.217770120] []: TF_OLD_DATA ignoring data from the past for frame front_right_wheel at time 1784075430.794489 according to authority Authority undetectable
Possible reasons are listed at http://wiki.ros.org/tf/Errors%20explained
[WARN] [1784075445.217823639] []: TF_OLD_DATA ignoring data from the past for frame rear_left_wheel at time 1784075430.794489 according to authority Authority undetectable
Possible reasons are listed at http://wiki.ros.org/tf/Errors%20explained
[WARN] [1784075445.217833120] []: TF_OLD_DATA ignoring data from the past for frame rear_right_wheel at time 1784075430.794489 according to authority Authority undetectable
Possible reasons are listed at http://wiki.ros.org/tf/Errors%20explained
[WARN] [1784075445.217878232] []: TF_OLD_DATA ignoring data from the past for frame front_left_wheel at time 1784075430.894504 according to authority Authority undetectable
Possible reasons are listed at http://wiki.ros.org/tf/Errors%20explained
[WARN] [1784075445.217896510] []: TF_OLD_DATA ignoring data from the past for frame front_right_wheel at time 1784075430.894504 according to authority Authority undetectable
Possible reasons are listed at http://wiki.ros.org/tf/Errors%20explained
[WARN] [1784075445.217902806] []: TF_OLD_DATA ignoring data from the past for frame rear_left_wheel at time 1784075430.894504 according to authority Authority undetectable
Possible reasons are listed at http://wiki.ros.org/tf/Errors%20explained
[WARN] [1784075445.220395378] []: TF_OLD_DATA ignoring data from the past for frame rear_right_wheel at time 1784075430.894504 according to authority Authority undetectable
Possible reasons are listed at http://wiki.ros.org/tf/Errors%20explained
[WARN] [1784075445.220550268] []: TF_OLD_DATA ignoring data from the past for frame front_left_wheel at time 1784075430.994528 according to authority Authority undetectable
Possible reasons are listed at http://wiki.ros.org/tf/Errors%20explained
[WARN] [1784075445.220570083] []: TF_OLD_DATA ignoring data from the past for frame front_right_wheel at time 1784075430.994528 according to authority Authority undetectable
Possible reasons are listed at http://wiki.ros.org/tf/Errors%20explained
[WARN] [1784075445.220577046] []: TF_OLD_DATA ignoring data from the past for frame rear_left_wheel at time 1784075430.994528 according to authority Authority undetectable
Possible reasons are listed at http://wiki.ros.org/tf/Errors%20explained
[WARN] [1784075445.220583953] []: TF_OLD_DATA ignoring data from the past for frame rear_right_wheel at time 1784075430.994528 according to authority Authority undetectable
Possible reasons are listed at http://wiki.ros.org/tf/Errors%20explained
[WARN] [1784075445.220618972] []: TF_OLD_DATA ignoring data from the past for frame front_left_wheel at time 1784075431.094532 according to authority Authority undetectable
Possible reasons are listed at http://wiki.ros.org/tf/Errors%20explained
[WARN] [1784075445.220632194] []: TF_OLD_DATA ignoring data from the past for frame front_right_wheel at time 1784075431.094532 according to authority Authority undetectable
Possible reasons are listed at http://wiki.ros.org/tf/Errors%20explained
[WARN] [1784075445.220639398] []: TF_OLD_DATA ignoring data from the past for frame rear_left_wheel at time 1784075431.094532 according to authority Authority undetectable
Possible reasons are listed at http://wiki.ros.org/tf/Errors%20explained
[WARN] [1784075445.220645935] []: TF_OLD_DATA ignoring data from the past for frame rear_right_wheel at time 1784075431.094532 according to authority Authority undetectable
Possible reasons are listed at http://wiki.ros.org/tf/Errors%20explained
[WARN] [1784075445.220674491] []: TF_OLD_DATA ignoring data from the past for frame front_left_wheel at time 1784075431.194516 according to authority Authority undetectable
Possible reasons are listed at http://wiki.ros.org/tf/Errors%20explained
[WARN] [1784075445.220685306] []: TF_OLD_DATA ignoring data from the past for frame front_right_wheel at time 1784075431.194516 according to authority Authority undetectable
Possible reasons are listed at http://wiki.ros.org/tf/Errors%20explained
[WARN] [1784075445.220757325] []: TF_OLD_DATA ignoring data from the past for frame rear_left_wheel at time 1784075431.194516 according to authority Authority undetectable
Possible reasons are listed at http://wiki.ros.org/tf/Errors%20explained
[WARN] [1784075445.220767603] []: TF_OLD_DATA ignoring data from the past for frame rear_right_wheel at time 1784075431.194516 according to authority Authority undetectable
Possible reasons are listed at http://wiki.ros.org/tf/Errors%20explained
[WARN] [1784075445.220802214] []: TF_OLD_DATA ignoring data from the past for frame front_left_wheel at time 1784075431.294521 according to authority Authority undetectable
Possible reasons are listed at http://wiki.ros.org/tf/Errors%20explained
[WARN] [1784075445.220816696] []: TF_OLD_DATA ignoring data from the past for frame front_right_wheel at time 1784075431.294521 according to authority Authority undetectable
Possible reasons are listed at http://wiki.ros.org/tf/Errors%20explained
[WARN] [1784075445.220823159] []: TF_OLD_DATA ignoring data from the past for frame rear_left_wheel at time 1784075431.294521 according to authority Authority undetectable
Possible reasons are listed at http://wiki.ros.org/tf/Errors%20explained
[WARN] [1784075445.220829085] []: TF_OLD_DATA ignoring data from the past for frame rear_right_wheel at time 1784075431.294521 according to authority Authority undetectable
Possible reasons are listed at http://wiki.ros.org/tf/Errors%20explained
[WARN] [1784075445.220859492] []: TF_OLD_DATA ignoring data from the past for frame front_left_wheel at time 1784075431.394523 according to authority Authority undetectable
Possible reasons are listed at http://wiki.ros.org/tf/Errors%20explained
[WARN] [1784075445.220871807] []: TF_OLD_DATA ignoring data from the past for frame front_right_wheel at time 1784075431.394523 according to authority Authority undetectable
Possible reasons are listed at http://wiki.ros.org/tf/Errors%20explained
[WARN] [1784075445.220878363] []: TF_OLD_DATA ignoring data from the past for frame rear_left_wheel at time 1784075431.394523 according to authority Authority undetectable
Possible reasons are listed at http://wiki.ros.org/tf/Errors%20explained
[WARN] [1784075445.220884400] []: TF_OLD_DATA ignoring data from the past for frame rear_right_wheel at time 1784075431.394523 according to authority Authority undetectable
Possible reasons are listed at http://wiki.ros.org/tf/Errors%20explained
[WARN] [1784075445.220917696] []: TF_OLD_DATA ignoring data from the past for frame front_left_wheel at time 1784075431.494522 according to authority Authority undetectable
Possible reasons are listed at http://wiki.ros.org/tf/Errors%20explained
[WARN] [1784075445.220942567] []: TF_OLD_DATA ignoring data from the past for frame front_right_wheel at time 1784075431.494522 according to authority Authority undetectable
Possible reasons are listed at http://wiki.ros.org/tf/Errors%20explained
[WARN] [1784075445.220953493] []: TF_OLD_DATA ignoring data from the past for frame rear_left_wheel at time 1784075431.494522 according to authority Authority undetectable
Possible reasons are listed at http://wiki.ros.org/tf/Errors%20explained
[WARN] [1784075445.220960030] []: TF_OLD_DATA ignoring data from the past for frame rear_right_wheel at time 1784075431.494522 according to authority Authority undetectable
Possible reasons are listed at http://wiki.ros.org/tf/Errors%20explained
[WARN] [1784075445.220992660] []: TF_OLD_DATA ignoring data from the past for frame front_left_wheel at time 1784075431.594494 according to authority Authority undetectable
Possible reasons are listed at http://wiki.ros.org/tf/Errors%20explained
[WARN] [1784075445.221002753] []: TF_OLD_DATA ignoring data from the past for frame front_right_wheel at time 1784075431.594494 according to authority Authority undetectable
Possible reasons are listed at http://wiki.ros.org/tf/Errors%20explained
[WARN] [1784075445.221008716] []: TF_OLD_DATA ignoring data from the past for frame rear_left_wheel at time 1784075431.594494 according to authority Authority undetectable
Possible reasons are listed at http://wiki.ros.org/tf/Errors%20explained
[WARN] [1784075445.221043605] []: TF_OLD_DATA ignoring data from the past for frame rear_right_wheel at time 1784075431.594494 according to authority Authority undetectable
Possible reasons are listed at http://wiki.ros.org/tf/Errors%20explained
[WARN] [1784075445.221084586] []: TF_OLD_DATA ignoring data from the past for frame front_left_wheel at time 1784075431.694510 according to authority Authority undetectable
Possible reasons are listed at http://wiki.ros.org/tf/Errors%20explained
[WARN] [1784075445.221101475] []: TF_OLD_DATA ignoring data from the past for frame front_right_wheel at time 1784075431.694510 according to authority Authority undetectable
Possible reasons are listed at http://wiki.ros.org/tf/Errors%20explained
[WARN] [1784075445.221109050] []: TF_OLD_DATA ignoring data from the past for frame rear_left_wheel at time 1784075431.694510 according to authority Authority undetectable
Possible reasons are listed at http://wiki.ros.org/tf/Errors%20explained
[WARN] [1784075445.221115716] []: TF_OLD_DATA ignoring data from the past for frame rear_right_wheel at time 1784075431.694510 according to authority Authority undetectable
Possible reasons are listed at http://wiki.ros.org/tf/Errors%20explained
[WARN] [1784075445.221153457] []: TF_OLD_DATA ignoring data from the past for frame front_left_wheel at time 1784075431.794525 according to authority Authority undetectable
Possible reasons are listed at http://wiki.ros.org/tf/Errors%20explained
[WARN] [1784075445.221169772] []: TF_OLD_DATA ignoring data from the past for frame front_right_wheel at time 1784075431.794525 according to authority Authority undetectable
Possible reasons are listed at http://wiki.ros.org/tf/Errors%20explained
[WARN] [1784075445.221176346] []: TF_OLD_DATA ignoring data from the past for frame rear_left_wheel at time 1784075431.794525 according to authority Authority undetectable
Possible reasons are listed at http://wiki.ros.org/tf/Errors%20explained
[WARN] [1784075445.221182402] []: TF_OLD_DATA ignoring data from the past for frame rear_right_wheel at time 1784075431.794525 according to authority Authority undetectable
Possible reasons are listed at http://wiki.ros.org/tf/Errors%20explained
[WARN] [1784075445.221217069] []: TF_OLD_DATA ignoring data from the past for frame front_left_wheel at time 1784075431.894658 according to authority Authority undetectable
Possible reasons are listed at http://wiki.ros.org/tf/Errors%20explained
[WARN] [1784075445.221229661] []: TF_OLD_DATA ignoring data from the past for frame front_right_wheel at time 1784075431.894658 according to authority Authority undetectable
Possible reasons are listed at http://wiki.ros.org/tf/Errors%20explained
[WARN] [1784075445.221254569] []: TF_OLD_DATA ignoring data from the past for frame rear_left_wheel at time 1784075431.894658 according to authority Authority undetectable
Possible reasons are listed at http://wiki.ros.org/tf/Errors%20explained
[WARN] [1784075445.221262939] []: TF_OLD_DATA ignoring data from the past for frame rear_right_wheel at time 1784075431.894658 according to authority Authority undetectable
Possible reasons are listed at http://wiki.ros.org/tf/Errors%20explained
[WARN] [1784075445.221294051] []: TF_OLD_DATA ignoring data from the past for frame front_left_wheel at time 1784075431.994516 according to authority Authority undetectable
Possible reasons are listed at http://wiki.ros.org/tf/Errors%20explained
[WARN] [1784075445.221311921] []: TF_OLD_DATA ignoring data from the past for frame front_right_wheel at time 1784075431.994516 according to authority Authority undetectable
Possible reasons are listed at http://wiki.ros.org/tf/Errors%20explained
[WARN] [1784075445.221323310] []: TF_OLD_DATA ignoring data from the past for frame rear_left_wheel at time 1784075431.994516 according to authority Authority undetectable
Possible reasons are listed at http://wiki.ros.org/tf/Errors%20explained
[WARN] [1784075445.221329958] []: TF_OLD_DATA ignoring data from the past for frame rear_right_wheel at time 1784075431.994516 according to authority Authority undetectable
Possible reasons are listed at http://wiki.ros.org/tf/Errors%20explained
[WARN] [1784075445.221415829] []: TF_OLD_DATA ignoring data from the past for frame front_left_wheel at time 1784075432.094518 according to authority Authority undetectable
Possible reasons are listed at http://wiki.ros.org/tf/Errors%20explained
[WARN] [1784075445.221437607] []: TF_OLD_DATA ignoring data from the past for frame front_right_wheel at time 1784075432.094518 according to authority Authority undetectable
Possible reasons are listed at http://wiki.ros.org/tf/Errors%20explained
[WARN] [1784075445.221444515] []: TF_OLD_DATA ignoring data from the past for frame rear_left_wheel at time 1784075432.094518 according to authority Authority undetectable
Possible reasons are listed at http://wiki.ros.org/tf/Errors%20explained
[WARN] [1784075445.221452496] []: TF_OLD_DATA ignoring data from the past for frame rear_right_wheel at time 1784075432.094518 according to authority Authority undetectable
Possible reasons are listed at http://wiki.ros.org/tf/Errors%20explained
[WARN] [1784075445.221484533] []: TF_OLD_DATA ignoring data from the past for frame front_left_wheel at time 1784075432.194523 according to authority Authority undetectable
Possible reasons are listed at http://wiki.ros.org/tf/Errors%20explained
[WARN] [1784075445.221498497] []: TF_OLD_DATA ignoring data from the past for frame front_right_wheel at time 1784075432.194523 according to authority Authority undetectable
Possible reasons are listed at http://wiki.ros.org/tf/Errors%20explained
[WARN] [1784075445.221504571] []: TF_OLD_DATA ignoring data from the past for frame rear_left_wheel at time 1784075432.194523 according to authority Authority undetectable
Possible reasons are listed at http://wiki.ros.org/tf/Errors%20explained
[WARN] [1784075445.221510423] []: TF_OLD_DATA ignoring data from the past for frame rear_right_wheel at time 1784075432.194523 according to authority Authority undetectable
Possible reasons are listed at http://wiki.ros.org/tf/Errors%20explained
[WARN] [1784075445.221544293] []: TF_OLD_DATA ignoring data from the past for frame front_left_wheel at time 1784075432.294518 according to authority Authority undetectable
Possible reasons are listed at http://wiki.ros.org/tf/Errors%20explained
[WARN] [1784075445.221560590] []: TF_OLD_DATA ignoring data from the past for frame front_right_wheel at time 1784075432.294518 according to authority Authority undetectable
Possible reasons are listed at http://wiki.ros.org/tf/Errors%20explained
[WARN] [1784075445.221566682] []: TF_OLD_DATA ignoring data from the past for frame rear_left_wheel at time 1784075432.294518 according to authority Authority undetectable
Possible reasons are listed at http://wiki.ros.org/tf/Errors%20explained
[WARN] [1784075445.221572534] []: TF_OLD_DATA ignoring data from the past for frame rear_right_wheel at time 1784075432.294518 according to authority Authority undetectable
Possible reasons are listed at http://wiki.ros.org/tf/Errors%20explained
[WARN] [1784075445.221605590] []: TF_OLD_DATA ignoring data from the past for frame front_left_wheel at time 1784075432.394511 according to authority Authority undetectable
Possible reasons are listed at http://wiki.ros.org/tf/Errors%20explained
[WARN] [1784075445.221623146] []: TF_OLD_DATA ignoring data from the past for frame front_right_wheel at time 1784075432.394511 according to authority Authority undetectable
Possible reasons are listed at http://wiki.ros.org/tf/Errors%20explained
[WARN] [1784075445.221629294] []: TF_OLD_DATA ignoring data from the past for frame rear_left_wheel at time 1784075432.394511 according to authority Authority undetectable
Possible reasons are listed at http://wiki.ros.org/tf/Errors%20explained
[WARN] [1784075445.221635220] []: TF_OLD_DATA ignoring data from the past for frame rear_right_wheel at time 1784075432.394511 according to authority Authority undetectable
Possible reasons are listed at http://wiki.ros.org/tf/Errors%20explained
[WARN] [1784075445.221698776] []: TF_OLD_DATA ignoring data from the past for frame front_left_wheel at time 1784075432.494692 according to authority Authority undetectable
Possible reasons are listed at http://wiki.ros.org/tf/Errors%20explained
[WARN] [1784075445.221717609] []: TF_OLD_DATA ignoring data from the past for frame front_right_wheel at time 1784075432.494692 according to authority Authority undetectable
Possible reasons are listed at http://wiki.ros.org/tf/Errors%20explained
[WARN] [1784075445.221726776] []: TF_OLD_DATA ignoring data from the past for frame rear_left_wheel at time 1784075432.494692 according to authority Authority undetectable
Possible reasons are listed at http://wiki.ros.org/tf/Errors%20explained
[WARN] [1784075445.221733739] []: TF_OLD_DATA ignoring data from the past for frame rear_right_wheel at time 1784075432.494692 according to authority Authority undetectable
Possible reasons are listed at http://wiki.ros.org/tf/Errors%20explained
[WARN] [1784075445.221761832] []: TF_OLD_DATA ignoring data from the past for frame front_left_wheel at time 1784075432.594604 according to authority Authority undetectable
Possible reasons are listed at http://wiki.ros.org/tf/Errors%20explained
[WARN] [1784075445.221773239] []: TF_OLD_DATA ignoring data from the past for frame front_right_wheel at time 1784075432.594604 according to authority Authority undetectable
Possible reasons are listed at http://wiki.ros.org/tf/Errors%20explained
[WARN] [1784075445.221780554] []: TF_OLD_DATA ignoring data from the past for frame rear_left_wheel at time 1784075432.594604 according to authority Authority undetectable
Possible reasons are listed at http://wiki.ros.org/tf/Errors%20explained
[WARN] [1784075445.221787054] []: TF_OLD_DATA ignoring data from the past for frame rear_right_wheel at time 1784075432.594604 according to authority Authority undetectable
Possible reasons are listed at http://wiki.ros.org/tf/Errors%20explained
[WARN] [1784075445.221821536] []: TF_OLD_DATA ignoring data from the past for frame front_left_wheel at time 1784075432.694531 according to authority Authority undetectable
Possible reasons are listed at http://wiki.ros.org/tf/Errors%20explained
[WARN] [1784075445.221833869] []: TF_OLD_DATA ignoring data from the past for frame front_right_wheel at time 1784075432.694531 according to authority Authority undetectable
Possible reasons are listed at http://wiki.ros.org/tf/Errors%20explained
[WARN] [1784075445.221840295] []: TF_OLD_DATA ignoring data from the past for frame rear_left_wheel at time 1784075432.694531 according to authority Authority undetectable
Possible reasons are listed at http://wiki.ros.org/tf/Errors%20explained
[WARN] [1784075445.221848703] []: TF_OLD_DATA ignoring data from the past for frame rear_right_wheel at time 1784075432.694531 according to authority Authority undetectable
Possible reasons are listed at http://wiki.ros.org/tf/Errors%20explained
[WARN] [1784075445.221887851] []: TF_OLD_DATA ignoring data from the past for frame front_left_wheel at time 1784075432.794549 according to authority Authority undetectable
Possible reasons are listed at http://wiki.ros.org/tf/Errors%20explained
[WARN] [1784075445.221902351] []: TF_OLD_DATA ignoring data from the past for frame front_right_wheel at time 1784075432.794549 according to authority Authority undetectable
Possible reasons are listed at http://wiki.ros.org/tf/Errors%20explained
[WARN] [1784075445.221909573] []: TF_OLD_DATA ignoring data from the past for frame rear_left_wheel at time 1784075432.794549 according to authority Authority undetectable
Possible reasons are listed at http://wiki.ros.org/tf/Errors%20explained
[WARN] [1784075445.221916203] []: TF_OLD_DATA ignoring data from the past for frame rear_right_wheel at time 1784075432.794549 according to authority Authority undetectable
Possible reasons are listed at http://wiki.ros.org/tf/Errors%20explained
[WARN] [1784075445.221946407] []: TF_OLD_DATA ignoring data from the past for frame front_left_wheel at time 1784075432.894533 according to authority Authority undetectable
Possible reasons are listed at http://wiki.ros.org/tf/Errors%20explained
[WARN] [1784075445.221987629] []: TF_OLD_DATA ignoring data from the past for frame front_right_wheel at time 1784075432.894533 according to authority Authority undetectable
Possible reasons are listed at http://wiki.ros.org/tf/Errors%20explained
[WARN] [1784075445.221998889] []: TF_OLD_DATA ignoring data from the past for frame rear_left_wheel at time 1784075432.894533 according to authority Authority undetectable
Possible reasons are listed at http://wiki.ros.org/tf/Errors%20explained
[WARN] [1784075445.222006704] []: TF_OLD_DATA ignoring data from the past for frame rear_right_wheel at time 1784075432.894533 according to authority Authority undetectable
Possible reasons are listed at http://wiki.ros.org/tf/Errors%20explained
[WARN] [1784075445.222038963] []: TF_OLD_DATA ignoring data from the past for frame front_left_wheel at time 1784075432.994614 according to authority Authority undetectable
Possible reasons are listed at http://wiki.ros.org/tf/Errors%20explained
[WARN] [1784075445.222051611] []: TF_OLD_DATA ignoring data from the past for frame front_right_wheel at time 1784075432.994614 according to authority Authority undetectable
Possible reasons are listed at http://wiki.ros.org/tf/Errors%20explained
[WARN] [1784075445.222057871] []: TF_OLD_DATA ignoring data from the past for frame rear_left_wheel at time 1784075432.994614 according to authority Authority undetectable
Possible reasons are listed at http://wiki.ros.org/tf/Errors%20explained
[WARN] [1784075445.222063667] []: TF_OLD_DATA ignoring data from the past for frame rear_right_wheel at time 1784075432.994614 according to authority Authority undetectable
Possible reasons are listed at http://wiki.ros.org/tf/Errors%20explained
[WARN] [1784075445.222088130] []: TF_OLD_DATA ignoring data from the past for frame front_left_wheel at time 1784075433.094504 according to authority Authority undetectable
Possible reasons are listed at http://wiki.ros.org/tf/Errors%20explained
[WARN] [1784075445.222101297] []: TF_OLD_DATA ignoring data from the past for frame front_right_wheel at time 1784075433.094504 according to authority Authority undetectable
Possible reasons are listed at http://wiki.ros.org/tf/Errors%20explained
[WARN] [1784075445.222108278] []: TF_OLD_DATA ignoring data from the past for frame rear_left_wheel at time 1784075433.094504 according to authority Authority undetectable
Possible reasons are listed at http://wiki.ros.org/tf/Errors%20explained
[WARN] [1784075445.222115019] []: TF_OLD_DATA ignoring data from the past for frame rear_right_wheel at time 1784075433.094504 according to authority Authority undetectable
Possible reasons are listed at http://wiki.ros.org/tf/Errors%20explained
[WARN] [1784075445.229471383] []: TF_OLD_DATA ignoring data from the past for frame front_left_wheel at time 1784075433.194551 according to authority Authority undetectable
Possible reasons are listed at http://wiki.ros.org/tf/Errors%20explained
[WARN] [1784075445.229492494] []: TF_OLD_DATA ignoring data from the past for frame front_right_wheel at time 1784075433.194551 according to authority Authority undetectable
Possible reasons are listed at http://wiki.ros.org/tf/Errors%20explained
[WARN] [1784075445.229502124] []: TF_OLD_DATA ignoring data from the past for frame rear_left_wheel at time 1784075433.194551 according to authority Authority undetectable
Possible reasons are listed at http://wiki.ros.org/tf/Errors%20explained
[WARN] [1784075445.229508994] []: TF_OLD_DATA ignoring data from the past for frame rear_right_wheel at time 1784075433.194551 according to authority Authority undetectable
Possible reasons are listed at http://wiki.ros.org/tf/Errors%20explained
[WARN] [1784075445.229540828] []: TF_OLD_DATA ignoring data from the past for frame front_left_wheel at time 1784075433.294691 according to authority Authority undetectable
Possible reasons are listed at http://wiki.ros.org/tf/Errors%20explained
[WARN] [1784075445.229556606] []: TF_OLD_DATA ignoring data from the past for frame front_right_wheel at time 1784075433.294691 according to authority Authority undetectable
Possible reasons are listed at http://wiki.ros.org/tf/Errors%20explained
[INFO] [1784075445.229621384] [bt_navigator]: [navigate_to_pose] [ActionServer] Waiting for async process to finish.
[ERROR] [1784075445.229752033] [bt_navigator]: [navigate_to_pose] [ActionServer] Action callback is still running and missed deadline to stop
[WARN] [1784075445.229847922] []: TF_OLD_DATA ignoring data from the past for frame rear_left_wheel at time 1784075433.294691 according to authority Authority undetectable
Possible reasons are listed at http://wiki.ros.org/tf/Errors%20explained
[WARN] [1784075445.229885997] []: TF_OLD_DATA ignoring data from the past for frame rear_right_wheel at time 1784075433.294691 according to authority Authority undetectable
Possible reasons are listed at http://wiki.ros.org/tf/Errors%20explained
[WARN] [1784075445.229946312] []: TF_OLD_DATA ignoring data from the past for frame front_left_wheel at time 1784075433.394726 according to authority Authority undetectable
Possible reasons are listed at http://wiki.ros.org/tf/Errors%20explained
[WARN] [1784075445.230365704] []: TF_OLD_DATA ignoring data from the past for frame front_right_wheel at time 1784075433.394726 according to authority Authority undetectable
Possible reasons are listed at http://wiki.ros.org/tf/Errors%20explained
[WARN] [1784075445.230615298] []: TF_OLD_DATA ignoring data from the past for frame rear_left_wheel at time 1784075433.394726 according to authority Authority undetectable
Possible reasons are listed at http://wiki.ros.org/tf/Errors%20explained
[WARN] [1784075445.230630854] []: TF_OLD_DATA ignoring data from the past for frame rear_right_wheel at time 1784075433.394726 according to authority Authority undetectable
Possible reasons are listed at http://wiki.ros.org/tf/Errors%20explained
[WARN] [1784075445.231531545] []: TF_OLD_DATA ignoring data from the past for frame front_left_wheel at time 1784075433.494562 according to authority Authority undetectable
Possible reasons are listed at http://wiki.ros.org/tf/Errors%20explained
[WARN] [1784075445.232294828] []: TF_OLD_DATA ignoring data from the past for frame front_right_wheel at time 1784075433.494562 according to authority Authority undetectable
Possible reasons are listed at http://wiki.ros.org/tf/Errors%20explained
[WARN] [1784075445.232442477] []: TF_OLD_DATA ignoring data from the past for frame rear_left_wheel at time 1784075433.494562 according to authority Authority undetectable
Possible reasons are listed at http://wiki.ros.org/tf/Errors%20explained
[WARN] [1784075445.232835239] []: TF_OLD_DATA ignoring data from the past for frame rear_right_wheel at time 1784075433.494562 according to authority Authority undetectable
Possible reasons are listed at http://wiki.ros.org/tf/Errors%20explained
[WARN] [1784075445.233964931] []: TF_OLD_DATA ignoring data from the past for frame front_left_wheel at time 1784075433.594662 according to authority Authority undetectable
Possible reasons are listed at http://wiki.ros.org/tf/Errors%20explained
[WARN] [1784075445.234010654] []: TF_OLD_DATA ignoring data from the past for frame front_right_wheel at time 1784075433.594662 according to authority Authority undetectable
Possible reasons are listed at http://wiki.ros.org/tf/Errors%20explained
[WARN] [1784075445.234020858] []: TF_OLD_DATA ignoring data from the past for frame rear_left_wheel at time 1784075433.594662 according to authority Authority undetectable
Possible reasons are listed at http://wiki.ros.org/tf/Errors%20explained
[WARN] [1784075445.234027913] []: TF_OLD_DATA ignoring data from the past for frame rear_right_wheel at time 1784075433.594662 according to authority Authority undetectable
Possible reasons are listed at http://wiki.ros.org/tf/Errors%20explained
[WARN] [1784075445.234064469] []: TF_OLD_DATA ignoring data from the past for frame front_left_wheel at time 1784075433.695287 according to authority Authority undetectable
Possible reasons are listed at http://wiki.ros.org/tf/Errors%20explained
[WARN] [1784075445.234074951] []: TF_OLD_DATA ignoring data from the past for frame front_right_wheel at time 1784075433.695287 according to authority Authority undetectable
Possible reasons are listed at http://wiki.ros.org/tf/Errors%20explained
[WARN] [1784075445.234081784] []: TF_OLD_DATA ignoring data from the past for frame rear_left_wheel at time 1784075433.695287 according to authority Authority undetectable
Possible reasons are listed at http://wiki.ros.org/tf/Errors%20explained
[WARN] [1784075445.234153396] []: TF_OLD_DATA ignoring data from the past for frame rear_right_wheel at time 1784075433.695287 according to authority Authority undetectable
Possible reasons are listed at http://wiki.ros.org/tf/Errors%20explained
[INFO] [1784075445.329887940] [bt_navigator]: [navigate_to_pose] [ActionServer] Waiting for async process to finish.
[ERROR] [1784075445.329981792] [bt_navigator]: [navigate_to_pose] [ActionServer] Action callback is still running and missed deadline to stop
[INFO] [1784075445.430119885] [bt_navigator]: [navigate_to_pose] [ActionServer] Waiting for async process to finish.
[ERROR] [1784075445.430199774] [bt_navigator]: [navigate_to_pose] [ActionServer] Action callback is still running and missed deadline to stop
[INFO] [1784075445.530319885] [bt_navigator]: [navigate_to_pose] [ActionServer] Waiting for async process to finish.
[ERROR] [1784075445.530405496] [bt_navigator]: [navigate_to_pose] [ActionServer] Action callback is still running and missed deadline to stop
[INFO] [1784075445.630473903] [bt_navigator]: [navigate_to_pose] [ActionServer] Waiting for async process to finish.
[ERROR] [1784075445.630557404] [bt_navigator]: [navigate_to_pose] [ActionServer] Action callback is still running and missed deadline to stop
[INFO] [1784075445.730669810] [bt_navigator]: [navigate_to_pose] [ActionServer] Waiting for async process to finish.
[ERROR] [1784075445.730754663] [bt_navigator]: [navigate_to_pose] [ActionServer] Action callback is still running and missed deadline to stop
[INFO] [1784075445.830865810] [bt_navigator]: [navigate_to_pose] [ActionServer] Waiting for async process to finish.
[ERROR] [1784075445.830946144] [bt_navigator]: [navigate_to_pose] [ActionServer] Action callback is still running and missed deadline to stop
[INFO] [1784075445.931057977] [bt_navigator]: [navigate_to_pose] [ActionServer] Waiting for async process to finish.
[ERROR] [1784075445.931141829] [bt_navigator]: [navigate_to_pose] [ActionServer] Action callback is still running and missed deadline to stop
[INFO] [1784075446.031256181] [bt_navigator]: [navigate_to_pose] [ActionServer] Waiting for async process to finish.
[ERROR] [1784075446.031353885] [bt_navigator]: [navigate_to_pose] [ActionServer] Action callback is still running and missed deadline to stop
[INFO] [1784075446.131477662] [bt_navigator]: [navigate_to_pose] [ActionServer] Waiting for async process to finish.
[ERROR] [1784075446.131568293] [bt_navigator]: [navigate_to_pose] [ActionServer] Action callback is still running and missed deadline to stop
[INFO] [1784075446.231701200] [bt_navigator]: [navigate_to_pose] [ActionServer] Waiting for async process to finish.
[ERROR] [1784075446.231803404] [bt_navigator]: [navigate_to_pose] [ActionServer] Action callback is still running and missed deadline to stop
[INFO] [1784075446.331879051] [bt_navigator]: [navigate_to_pose] [ActionServer] Waiting for async process to finish.
[ERROR] [1784075446.331961737] [bt_navigator]: [navigate_to_pose] [ActionServer] Action callback is still running and missed deadline to stop
[INFO] [1784075446.432084959] [bt_navigator]: [navigate_to_pose] [ActionServer] Waiting for async process to finish.
[ERROR] [1784075446.432195645] [bt_navigator]: [navigate_to_pose] [ActionServer] Action callback is still running and missed deadline to stop
[INFO] [1784075446.532285700] [bt_navigator]: [navigate_to_pose] [ActionServer] Waiting for async process to finish.
[ERROR] [1784075446.532391423] [bt_navigator]: [navigate_to_pose] [ActionServer] Action callback is still running and missed deadline to stop
[INFO] [1784075446.632502681] [bt_navigator]: [navigate_to_pose] [ActionServer] Waiting for async process to finish.
[ERROR] [1784075446.632587163] [bt_navigator]: [navigate_to_pose] [ActionServer] Action callback is still running and missed deadline to stop
[INFO] [1784075446.732716570] [bt_navigator]: [navigate_to_pose] [ActionServer] Waiting for async process to finish.
[ERROR] [1784075446.732809756] [bt_navigator]: [navigate_to_pose] [ActionServer] Action callback is still running and missed deadline to stop
[INFO] [1784075446.833227832] [bt_navigator]: [navigate_to_pose] [ActionServer] Waiting for async process to finish.
[ERROR] [1784075446.833538834] [bt_navigator]: [navigate_to_pose] [ActionServer] Action callback is still running and missed deadline to stop
[INFO] [1784075446.933719667] [bt_navigator]: [navigate_to_pose] [ActionServer] Waiting for async process to finish.
[ERROR] [1784075446.933826760] [bt_navigator]: [navigate_to_pose] [ActionServer] Action callback is still running and missed deadline to stop
[INFO] [1784075447.033960741] [bt_navigator]: [navigate_to_pose] [ActionServer] Waiting for async process to finish.
[ERROR] [1784075447.034065335] [bt_navigator]: [navigate_to_pose] [ActionServer] Action callback is still running and missed deadline to stop
[INFO] [1784075447.134418280] [bt_navigator]: [navigate_to_pose] [ActionServer] Waiting for async process to finish.
[ERROR] [1784075447.134516799] [bt_navigator]: [navigate_to_pose] [ActionServer] Action callback is still running and missed deadline to stop
[INFO] [1784075447.234628428] [bt_navigator]: [navigate_to_pose] [ActionServer] Waiting for async process to finish.
[ERROR] [1784075447.234709633] [bt_navigator]: [navigate_to_pose] [ActionServer] Action callback is still running and missed deadline to stop
[INFO] [1784075447.334775558] [bt_navigator]: [navigate_to_pose] [ActionServer] Waiting for async process to finish.
[ERROR] [1784075447.334861836] [bt_navigator]: [navigate_to_pose] [ActionServer] Action callback is still running and missed deadline to stop
[INFO] [1784075447.434985558] [bt_navigator]: [navigate_to_pose] [ActionServer] Waiting for async process to finish.
[ERROR] [1784075447.435087133] [bt_navigator]: [navigate_to_pose] [ActionServer] Action callback is still running and missed deadline to stop
[INFO] [1784075447.535229595] [bt_navigator]: [navigate_to_pose] [ActionServer] Waiting for async process to finish.
[ERROR] [1784075447.535325263] [bt_navigator]: [navigate_to_pose] [ActionServer] Action callback is still running and missed deadline to stop
[INFO] [1784075447.635439169] [bt_navigator]: [navigate_to_pose] [ActionServer] Waiting for async process to finish.
[ERROR] [1784075447.635531040] [bt_navigator]: [navigate_to_pose] [ActionServer] Action callback is still running and missed deadline to stop
[INFO] [1784075447.735642781] [bt_navigator]: [navigate_to_pose] [ActionServer] Waiting for async process to finish.
[ERROR] [1784075447.735726485] [bt_navigator]: [navigate_to_pose] [ActionServer] Action callback is still running and missed deadline to stop
[INFO] [1784075447.835840169] [bt_navigator]: [navigate_to_pose] [ActionServer] Waiting for async process to finish.
[ERROR] [1784075447.835920170] [bt_navigator]: [navigate_to_pose] [ActionServer] Action callback is still running and missed deadline to stop
[INFO] [1784075447.936032762] [bt_navigator]: [navigate_to_pose] [ActionServer] Waiting for async process to finish.
[ERROR] [1784075447.936113818] [bt_navigator]: [navigate_to_pose] [ActionServer] Action callback is still running and missed deadline to stop
[INFO] [1784075448.036223799] [bt_navigator]: [navigate_to_pose] [ActionServer] Waiting for async process to finish.
[ERROR] [1784075448.036321115] [bt_navigator]: [navigate_to_pose] [ActionServer] Action callback is still running and missed deadline to stop
[INFO] [1784075448.136525652] [bt_navigator]: [navigate_to_pose] [ActionServer] Waiting for async process to finish.
[ERROR] [1784075448.136633449] [bt_navigator]: [navigate_to_pose] [ActionServer] Action callback is still running and missed deadline to stop
[INFO] [1784075448.236765078] [bt_navigator]: [navigate_to_pose] [ActionServer] Waiting for async process to finish.
[ERROR] [1784075448.236849634] [bt_navigator]: [navigate_to_pose] [ActionServer] Action callback is still running and missed deadline to stop
[INFO] [1784075448.336964578] [bt_navigator]: [navigate_to_pose] [ActionServer] Waiting for async process to finish.
[ERROR] [1784075448.337049171] [bt_navigator]: [navigate_to_pose] [ActionServer] Action callback is still running and missed deadline to stop
[INFO] [1784075448.437174134] [bt_navigator]: [navigate_to_pose] [ActionServer] Waiting for async process to finish.
[ERROR] [1784075448.437261801] [bt_navigator]: [navigate_to_pose] [ActionServer] Action callback is still running and missed deadline to stop
[INFO] [1784075448.537434301] [bt_navigator]: [navigate_to_pose] [ActionServer] Waiting for async process to finish.
[ERROR] [1784075448.537518209] [bt_navigator]: [navigate_to_pose] [ActionServer] Action callback is still running and missed deadline to stop
[INFO] [1784075448.637633856] [bt_navigator]: [navigate_to_pose] [ActionServer] Waiting for async process to finish.
[ERROR] [1784075448.637715616] [bt_navigator]: [navigate_to_pose] [ActionServer] Action callback is still running and missed deadline to stop
[INFO] [1784075448.660916493] [bt_navigator]: Begin navigating from current location (-0.40, 25.04) to (4.55, 33.69)
[INFO] [1784075448.661127846] [bt_navigator]: Goal canceled
[WARN] [1784075448.661158809] [bt_navigator]: [navigate_to_pose] [ActionServer] Stopping the thread per request.
[INFO] [1784075448.661661831] [bt_navigator]: Destroying bond (bt_navigator) to lifecycle manager.
[INFO] [1784075452.333885728] [bt_navigator]: Cleaning up
[INFO] [1784075454.619729660] [bt_navigator]: Completed Cleaning up
[INFO] [1784075458.902850485] [bt_navigator]: Configuring
[INFO] [1784075458.923324188] [bt_navigator]: Creating navigator id navigate_to_pose of type nav2_bt_navigator::NavigateToPoseNavigator
[INFO] [1784075459.557874255] [bt_navigator]: Creating navigator id navigate_through_poses of type nav2_bt_navigator::NavigateThroughPosesNavigator
[INFO] [1784075463.971368759] [bt_navigator]: Activating
[INFO] [1784075466.952743342] [bt_navigator]: Creating bond (bt_navigator) to lifecycle manager.
[INFO] [1784075491.415664787] [bt_navigator]: Begin navigating from current location (-0.40, 25.04) to (4.80, 34.21)
[WARN] [1784075497.982572098] [bt_navigator_navigate_to_pose_rclcpp_node]: Timed out while waiting for action server to acknowledge goal request for compute_path_to_pose
[ERROR] [1784075498.015483238] [bt_navigator_navigate_to_pose_rclcpp_node]: Failed to get result for follow_path in node halt!
[WARN] [1784075498.015723888] [bt_navigator]: [navigate_to_pose] [ActionServer] Aborting handle.
[ERROR] [1784075498.016034519] [bt_navigator]: Goal failed
[INFO] [1784075745.868677544] [bt_navigator]: Deactivating
[INFO] [1784075745.869597235] [bt_navigator]: Destroying bond (bt_navigator) to lifecycle manager.
[WARN] [1784075767.998373751] []: TF_OLD_DATA ignoring data from the past for frame front_left_wheel at time 1784075729.794555 according to authority Authority undetectable
Possible reasons are listed at http://wiki.ros.org/tf/Errors%20explained
[WARN] [1784075767.998407103] []: TF_OLD_DATA ignoring data from the past for frame front_right_wheel at time 1784075729.794555 according to authority Authority undetectable
Possible reasons are listed at http://wiki.ros.org/tf/Errors%20explained
[WARN] [1784075767.998418177] []: TF_OLD_DATA ignoring data from the past for frame rear_left_wheel at time 1784075729.794555 according to authority Authority undetectable
Possible reasons are listed at http://wiki.ros.org/tf/Errors%20explained
[WARN] [1784075767.998427732] []: TF_OLD_DATA ignoring data from the past for frame rear_right_wheel at time 1784075729.794555 according to authority Authority undetectable
Possible reasons are listed at http://wiki.ros.org/tf/Errors%20explained
[WARN] [1784075767.998473881] []: TF_OLD_DATA ignoring data from the past for frame front_left_wheel at time 1784075729.894503 according to authority Authority undetectable
Possible reasons are listed at http://wiki.ros.org/tf/Errors%20explained
[WARN] [1784075767.998487492] []: TF_OLD_DATA ignoring data from the past for frame front_right_wheel at time 1784075729.894503 according to authority Authority undetectable
Possible reasons are listed at http://wiki.ros.org/tf/Errors%20explained
[WARN] [1784075767.998497233] []: TF_OLD_DATA ignoring data from the past for frame rear_left_wheel at time 1784075729.894503 according to authority Authority undetectable
Possible reasons are listed at http://wiki.ros.org/tf/Errors%20explained
[WARN] [1784075767.998507011] []: TF_OLD_DATA ignoring data from the past for frame rear_right_wheel at time 1784075729.894503 according to authority Authority undetectable
Possible reasons are listed at http://wiki.ros.org/tf/Errors%20explained
[WARN] [1784075794.809619627] []: TF_OLD_DATA ignoring data from the past for frame front_left_wheel at time 1784075729.994528 according to authority Authority undetectable
Possible reasons are listed at http://wiki.ros.org/tf/Errors%20explained
[WARN] [1784075794.809678794] []: TF_OLD_DATA ignoring data from the past for frame front_right_wheel at time 1784075729.994528 according to authority Authority undetectable
Possible reasons are listed at http://wiki.ros.org/tf/Errors%20explained
[WARN] [1784075794.809701683] []: TF_OLD_DATA ignoring data from the past for frame rear_left_wheel at time 1784075729.994528 according to authority Authority undetectable
Possible reasons are listed at http://wiki.ros.org/tf/Errors%20explained
[WARN] [1784075794.809722646] []: TF_OLD_DATA ignoring data from the past for frame rear_right_wheel at time 1784075729.994528 according to authority Authority undetectable
Possible reasons are listed at http://wiki.ros.org/tf/Errors%20explained
[WARN] [1784075794.809792017] []: TF_OLD_DATA ignoring data from the past for frame front_left_wheel at time 1784075730.094472 according to authority Authority undetectable
Possible reasons are listed at http://wiki.ros.org/tf/Errors%20explained
[WARN] [1784075794.809812888] []: TF_OLD_DATA ignoring data from the past for frame front_right_wheel at time 1784075730.094472 according to authority Authority undetectable
Possible reasons are listed at http://wiki.ros.org/tf/Errors%20explained
[WARN] [1784075794.809823406] []: TF_OLD_DATA ignoring data from the past for frame rear_left_wheel at time 1784075730.094472 according to authority Authority undetectable
Possible reasons are listed at http://wiki.ros.org/tf/Errors%20explained
[WARN] [1784075794.809832851] []: TF_OLD_DATA ignoring data from the past for frame rear_right_wheel at time 1784075730.094472 according to authority Authority undetectable
Possible reasons are listed at http://wiki.ros.org/tf/Errors%20explained
[WARN] [1784075794.809907092] []: TF_OLD_DATA ignoring data from the past for frame front_left_wheel at time 1784075730.194479 according to authority Authority undetectable
Possible reasons are listed at http://wiki.ros.org/tf/Errors%20explained
[WARN] [1784075794.809928148] []: TF_OLD_DATA ignoring data from the past for frame front_right_wheel at time 1784075730.194479 according to authority Authority undetectable
Possible reasons are listed at http://wiki.ros.org/tf/Errors%20explained
[WARN] [1784075794.809938462] []: TF_OLD_DATA ignoring data from the past for frame rear_left_wheel at time 1784075730.194479 according to authority Authority undetectable
Possible reasons are listed at http://wiki.ros.org/tf/Errors%20explained
[WARN] [1784075794.809947129] []: TF_OLD_DATA ignoring data from the past for frame rear_right_wheel at time 1784075730.194479 according to authority Authority undetectable
Possible reasons are listed at http://wiki.ros.org/tf/Errors%20explained
[WARN] [1784075794.809990222] []: TF_OLD_DATA ignoring data from the past for frame front_left_wheel at time 1784075730.494497 according to authority Authority undetectable
Possible reasons are listed at http://wiki.ros.org/tf/Errors%20explained
[WARN] [1784075794.810004870] []: TF_OLD_DATA ignoring data from the past for frame front_right_wheel at time 1784075730.494497 according to authority Authority undetectable
Possible reasons are listed at http://wiki.ros.org/tf/Errors%20explained
[WARN] [1784075794.810014111] []: TF_OLD_DATA ignoring data from the past for frame rear_left_wheel at time 1784075730.494497 according to authority Authority undetectable
Possible reasons are listed at http://wiki.ros.org/tf/Errors%20explained
[WARN] [1784075794.810023167] []: TF_OLD_DATA ignoring data from the past for frame rear_right_wheel at time 1784075730.494497 according to authority Authority undetectable
Possible reasons are listed at http://wiki.ros.org/tf/Errors%20explained
[WARN] [1784075794.810059463] []: TF_OLD_DATA ignoring data from the past for frame front_left_wheel at time 1784075730.594841 according to authority Authority undetectable
Possible reasons are listed at http://wiki.ros.org/tf/Errors%20explained
[WARN] [1784075794.810137038] []: TF_OLD_DATA ignoring data from the past for frame front_right_wheel at time 1784075730.594841 according to authority Authority undetectable
Possible reasons are listed at http://wiki.ros.org/tf/Errors%20explained
[WARN] [1784075794.810152408] []: TF_OLD_DATA ignoring data from the past for frame rear_left_wheel at time 1784075730.594841 according to authority Authority undetectable
Possible reasons are listed at http://wiki.ros.org/tf/Errors%20explained
[WARN] [1784075794.810161908] []: TF_OLD_DATA ignoring data from the past for frame rear_right_wheel at time 1784075730.594841 according to authority Authority undetectable
Possible reasons are listed at http://wiki.ros.org/tf/Errors%20explained
[WARN] [1784075794.810228260] []: TF_OLD_DATA ignoring data from the past for frame front_left_wheel at time 1784075730.694484 according to authority Authority undetectable
Possible reasons are listed at http://wiki.ros.org/tf/Errors%20explained
[WARN] [1784075794.810250742] []: TF_OLD_DATA ignoring data from the past for frame front_right_wheel at time 1784075730.694484 according to authority Authority undetectable
Possible reasons are listed at http://wiki.ros.org/tf/Errors%20explained
[WARN] [1784075794.810263057] []: TF_OLD_DATA ignoring data from the past for frame rear_left_wheel at time 1784075730.694484 according to authority Authority undetectable
Possible reasons are listed at http://wiki.ros.org/tf/Errors%20explained
[WARN] [1784075794.810271890] []: TF_OLD_DATA ignoring data from the past for frame rear_right_wheel at time 1784075730.694484 according to authority Authority undetectable
Possible reasons are listed at http://wiki.ros.org/tf/Errors%20explained
[WARN] [1784075794.810335094] []: TF_OLD_DATA ignoring data from the past for frame front_left_wheel at time 1784075730.894485 according to authority Authority undetectable
Possible reasons are listed at http://wiki.ros.org/tf/Errors%20explained
[WARN] [1784075794.810353205] []: TF_OLD_DATA ignoring data from the past for frame front_right_wheel at time 1784075730.894485 according to authority Authority undetectable
Possible reasons are listed at http://wiki.ros.org/tf/Errors%20explained
[WARN] [1784075794.810362298] []: TF_OLD_DATA ignoring data from the past for frame rear_left_wheel at time 1784075730.894485 according to authority Authority undetectable
Possible reasons are listed at http://wiki.ros.org/tf/Errors%20explained
[WARN] [1784075794.810370891] []: TF_OLD_DATA ignoring data from the past for frame rear_right_wheel at time 1784075730.894485 according to authority Authority undetectable
Possible reasons are listed at http://wiki.ros.org/tf/Errors%20explained
[WARN] [1784075794.810514466] []: TF_OLD_DATA ignoring data from the past for frame front_left_wheel at time 1784075730.994653 according to authority Authority undetectable
Possible reasons are listed at http://wiki.ros.org/tf/Errors%20explained
[WARN] [1784075794.810536132] []: TF_OLD_DATA ignoring data from the past for frame front_right_wheel at time 1784075730.994653 according to authority Authority undetectable
Possible reasons are listed at http://wiki.ros.org/tf/Errors%20explained
[WARN] [1784075794.810545632] []: TF_OLD_DATA ignoring data from the past for frame rear_left_wheel at time 1784075730.994653 according to authority Authority undetectable
Possible reasons are listed at http://wiki.ros.org/tf/Errors%20explained
[WARN] [1784075794.810554392] []: TF_OLD_DATA ignoring data from the past for frame rear_right_wheel at time 1784075730.994653 according to authority Authority undetectable
Possible reasons are listed at http://wiki.ros.org/tf/Errors%20explained
[WARN] [1784075794.810597133] []: TF_OLD_DATA ignoring data from the past for frame front_left_wheel at time 1784075731.094495 according to authority Authority undetectable
Possible reasons are listed at http://wiki.ros.org/tf/Errors%20explained
[WARN] [1784075794.810614170] []: TF_OLD_DATA ignoring data from the past for frame front_right_wheel at time 1784075731.094495 according to authority Authority undetectable
Possible reasons are listed at http://wiki.ros.org/tf/Errors%20explained
[WARN] [1784075794.810664059] []: TF_OLD_DATA ignoring data from the past for frame rear_left_wheel at time 1784075731.094495 according to authority Authority undetectable
Possible reasons are listed at http://wiki.ros.org/tf/Errors%20explained
[WARN] [1784075794.810676596] []: TF_OLD_DATA ignoring data from the past for frame rear_right_wheel at time 1784075731.094495 according to authority Authority undetectable
Possible reasons are listed at http://wiki.ros.org/tf/Errors%20explained
[WARN] [1784075794.810716596] []: TF_OLD_DATA ignoring data from the past for frame front_left_wheel at time 1784075731.194478 according to authority Authority undetectable
Possible reasons are listed at http://wiki.ros.org/tf/Errors%20explained
[WARN] [1784075794.810735059] []: TF_OLD_DATA ignoring data from the past for frame front_right_wheel at time 1784075731.194478 according to authority Authority undetectable
Possible reasons are listed at http://wiki.ros.org/tf/Errors%20explained
[WARN] [1784075794.810744467] []: TF_OLD_DATA ignoring data from the past for frame rear_left_wheel at time 1784075731.194478 according to authority Authority undetectable
Possible reasons are listed at http://wiki.ros.org/tf/Errors%20explained
[WARN] [1784075794.810752948] []: TF_OLD_DATA ignoring data from the past for frame rear_right_wheel at time 1784075731.194478 according to authority Authority undetectable
Possible reasons are listed at http://wiki.ros.org/tf/Errors%20explained
[WARN] [1784075794.810792930] []: TF_OLD_DATA ignoring data from the past for frame front_left_wheel at time 1784075731.294523 according to authority Authority undetectable
Possible reasons are listed at http://wiki.ros.org/tf/Errors%20explained
[WARN] [1784075794.810807430] []: TF_OLD_DATA ignoring data from the past for frame front_right_wheel at time 1784075731.294523 according to authority Authority undetectable
Possible reasons are listed at http://wiki.ros.org/tf/Errors%20explained
[WARN] [1784075794.810816726] []: TF_OLD_DATA ignoring data from the past for frame rear_left_wheel at time 1784075731.294523 according to authority Authority undetectable
Possible reasons are listed at http://wiki.ros.org/tf/Errors%20explained
[WARN] [1784075794.810825949] []: TF_OLD_DATA ignoring data from the past for frame rear_right_wheel at time 1784075731.294523 according to authority Authority undetectable
Possible reasons are listed at http://wiki.ros.org/tf/Errors%20explained
[WARN] [1784075794.810869282] []: TF_OLD_DATA ignoring data from the past for frame front_left_wheel at time 1784075731.394506 according to authority Authority undetectable
Possible reasons are listed at http://wiki.ros.org/tf/Errors%20explained
[WARN] [1784075794.810885634] []: TF_OLD_DATA ignoring data from the past for frame front_right_wheel at time 1784075731.394506 according to authority Authority undetectable
Possible reasons are listed at http://wiki.ros.org/tf/Errors%20explained
[WARN] [1784075794.810894579] []: TF_OLD_DATA ignoring data from the past for frame rear_left_wheel at time 1784075731.394506 according to authority Authority undetectable
Possible reasons are listed at http://wiki.ros.org/tf/Errors%20explained
[WARN] [1784075794.810903394] []: TF_OLD_DATA ignoring data from the past for frame rear_right_wheel at time 1784075731.394506 according to authority Authority undetectable
Possible reasons are listed at http://wiki.ros.org/tf/Errors%20explained
[WARN] [1784075794.810937746] []: TF_OLD_DATA ignoring data from the past for frame front_left_wheel at time 1784075731.494529 according to authority Authority undetectable
Possible reasons are listed at http://wiki.ros.org/tf/Errors%20explained
[WARN] [1784075794.810959209] []: TF_OLD_DATA ignoring data from the past for frame front_right_wheel at time 1784075731.494529 according to authority Authority undetectable
Possible reasons are listed at http://wiki.ros.org/tf/Errors%20explained
[WARN] [1784075794.811006116] []: TF_OLD_DATA ignoring data from the past for frame rear_left_wheel at time 1784075731.494529 according to authority Authority undetectable
Possible reasons are listed at http://wiki.ros.org/tf/Errors%20explained
[WARN] [1784075794.811032042] []: TF_OLD_DATA ignoring data from the past for frame rear_right_wheel at time 1784075731.494529 according to authority Authority undetectable
Possible reasons are listed at http://wiki.ros.org/tf/Errors%20explained
[WARN] [1784075794.811088339] []: TF_OLD_DATA ignoring data from the past for frame front_left_wheel at time 1784075731.594486 according to authority Authority undetectable
Possible reasons are listed at http://wiki.ros.org/tf/Errors%20explained
[WARN] [1784075794.811105172] []: TF_OLD_DATA ignoring data from the past for frame front_right_wheel at time 1784075731.594486 according to authority Authority undetectable
Possible reasons are listed at http://wiki.ros.org/tf/Errors%20explained
[WARN] [1784075794.811115043] []: TF_OLD_DATA ignoring data from the past for frame rear_left_wheel at time 1784075731.594486 according to authority Authority undetectable
Possible reasons are listed at http://wiki.ros.org/tf/Errors%20explained
[WARN] [1784075794.811123580] []: TF_OLD_DATA ignoring data from the past for frame rear_right_wheel at time 1784075731.594486 according to authority Authority undetectable
Possible reasons are listed at http://wiki.ros.org/tf/Errors%20explained
[WARN] [1784075794.811170265] []: TF_OLD_DATA ignoring data from the past for frame front_left_wheel at time 1784075731.894451 according to authority Authority undetectable
Possible reasons are listed at http://wiki.ros.org/tf/Errors%20explained
[WARN] [1784075794.811187840] []: TF_OLD_DATA ignoring data from the past for frame front_right_wheel at time 1784075731.894451 according to authority Authority undetectable
Possible reasons are listed at http://wiki.ros.org/tf/Errors%20explained
[WARN] [1784075794.811198377] []: TF_OLD_DATA ignoring data from the past for frame rear_left_wheel at time 1784075731.894451 according to authority Authority undetectable
Possible reasons are listed at http://wiki.ros.org/tf/Errors%20explained
[WARN] [1784075794.811207543] []: TF_OLD_DATA ignoring data from the past for frame rear_right_wheel at time 1784075731.894451 according to authority Authority undetectable
Possible reasons are listed at http://wiki.ros.org/tf/Errors%20explained
[WARN] [1784075794.812886367] []: TF_OLD_DATA ignoring data from the past for frame front_left_wheel at time 1784075731.994761 according to authority Authority undetectable
Possible reasons are listed at http://wiki.ros.org/tf/Errors%20explained
[WARN] [1784075794.812921830] []: TF_OLD_DATA ignoring data from the past for frame front_right_wheel at time 1784075731.994761 according to authority Authority undetectable
Possible reasons are listed at http://wiki.ros.org/tf/Errors%20explained
[WARN] [1784075794.812934979] []: TF_OLD_DATA ignoring data from the past for frame rear_left_wheel at time 1784075731.994761 according to authority Authority undetectable
Possible reasons are listed at http://wiki.ros.org/tf/Errors%20explained
[WARN] [1784075794.812944664] []: TF_OLD_DATA ignoring data from the past for frame rear_right_wheel at time 1784075731.994761 according to authority Authority undetectable
Possible reasons are listed at http://wiki.ros.org/tf/Errors%20explained
[WARN] [1784075794.813017442] []: TF_OLD_DATA ignoring data from the past for frame front_left_wheel at time 1784075732.094482 according to authority Authority undetectable
Possible reasons are listed at http://wiki.ros.org/tf/Errors%20explained
[WARN] [1784075794.813033942] []: TF_OLD_DATA ignoring data from the past for frame front_right_wheel at time 1784075732.094482 according to authority Authority undetectable
Possible reasons are listed at http://wiki.ros.org/tf/Errors%20explained
[WARN] [1784075794.813045109] []: TF_OLD_DATA ignoring data from the past for frame rear_left_wheel at time 1784075732.094482 according to authority Authority undetectable
Possible reasons are listed at http://wiki.ros.org/tf/Errors%20explained
[WARN] [1784075794.813109128] []: TF_OLD_DATA ignoring data from the past for frame rear_right_wheel at time 1784075732.094482 according to authority Authority undetectable
Possible reasons are listed at http://wiki.ros.org/tf/Errors%20explained
[WARN] [1784075794.813168387] []: TF_OLD_DATA ignoring data from the past for frame front_left_wheel at time 1784075732.394483 according to authority Authority undetectable
Possible reasons are listed at http://wiki.ros.org/tf/Errors%20explained
[WARN] [1784075794.813184758] []: TF_OLD_DATA ignoring data from the past for frame front_right_wheel at time 1784075732.394483 according to authority Authority undetectable
Possible reasons are listed at http://wiki.ros.org/tf/Errors%20explained
[WARN] [1784075794.813194573] []: TF_OLD_DATA ignoring data from the past for frame rear_left_wheel at time 1784075732.394483 according to authority Authority undetectable
Possible reasons are listed at http://wiki.ros.org/tf/Errors%20explained
[WARN] [1784075794.813203424] []: TF_OLD_DATA ignoring data from the past for frame rear_right_wheel at time 1784075732.394483 according to authority Authority undetectable
Possible reasons are listed at http://wiki.ros.org/tf/Errors%20explained
[WARN] [1784075794.813245128] []: TF_OLD_DATA ignoring data from the past for frame front_left_wheel at time 1784075732.494467 according to authority Authority undetectable
Possible reasons are listed at http://wiki.ros.org/tf/Errors%20explained
[WARN] [1784075794.813260166] []: TF_OLD_DATA ignoring data from the past for frame front_right_wheel at time 1784075732.494467 according to authority Authority undetectable
Possible reasons are listed at http://wiki.ros.org/tf/Errors%20explained
[WARN] [1784075794.813269851] []: TF_OLD_DATA ignoring data from the past for frame rear_left_wheel at time 1784075732.494467 according to authority Authority undetectable
Possible reasons are listed at http://wiki.ros.org/tf/Errors%20explained
[WARN] [1784075794.813278666] []: TF_OLD_DATA ignoring data from the past for frame rear_right_wheel at time 1784075732.494467 according to authority Authority undetectable
Possible reasons are listed at http://wiki.ros.org/tf/Errors%20explained
[WARN] [1784075794.813548371] []: TF_OLD_DATA ignoring data from the past for frame front_left_wheel at time 1784075732.594478 according to authority Authority undetectable
Possible reasons are listed at http://wiki.ros.org/tf/Errors%20explained
[WARN] [1784075794.813576297] []: TF_OLD_DATA ignoring data from the past for frame front_right_wheel at time 1784075732.594478 according to authority Authority undetectable
Possible reasons are listed at http://wiki.ros.org/tf/Errors%20explained
[WARN] [1784075794.813585649] []: TF_OLD_DATA ignoring data from the past for frame rear_left_wheel at time 1784075732.594478 according to authority Authority undetectable
Possible reasons are listed at http://wiki.ros.org/tf/Errors%20explained
[WARN] [1784075794.813594112] []: TF_OLD_DATA ignoring data from the past for frame rear_right_wheel at time 1784075732.594478 according to authority Authority undetectable
Possible reasons are listed at http://wiki.ros.org/tf/Errors%20explained
[WARN] [1784075794.813629056] []: TF_OLD_DATA ignoring data from the past for frame front_left_wheel at time 1784075732.694478 according to authority Authority undetectable
Possible reasons are listed at http://wiki.ros.org/tf/Errors%20explained
[WARN] [1784075794.813641001] []: TF_OLD_DATA ignoring data from the past for frame front_right_wheel at time 1784075732.694478 according to authority Authority undetectable
Possible reasons are listed at http://wiki.ros.org/tf/Errors%20explained
[WARN] [1784075794.813648575] []: TF_OLD_DATA ignoring data from the past for frame rear_left_wheel at time 1784075732.694478 according to authority Authority undetectable
Possible reasons are listed at http://wiki.ros.org/tf/Errors%20explained
[WARN] [1784075794.813655760] []: TF_OLD_DATA ignoring data from the past for frame rear_right_wheel at time 1784075732.694478 according to authority Authority undetectable
Possible reasons are listed at http://wiki.ros.org/tf/Errors%20explained
[WARN] [1784075794.813713594] []: TF_OLD_DATA ignoring data from the past for frame front_left_wheel at time 1784075732.894464 according to authority Authority undetectable
Possible reasons are listed at http://wiki.ros.org/tf/Errors%20explained
[WARN] [1784075794.813726261] []: TF_OLD_DATA ignoring data from the past for frame front_right_wheel at time 1784075732.894464 according to authority Authority undetectable
Possible reasons are listed at http://wiki.ros.org/tf/Errors%20explained
[WARN] [1784075794.813733520] []: TF_OLD_DATA ignoring data from the past for frame rear_left_wheel at time 1784075732.894464 according to authority Authority undetectable
Possible reasons are listed at http://wiki.ros.org/tf/Errors%20explained
[WARN] [1784075794.813740483] []: TF_OLD_DATA ignoring data from the past for frame rear_right_wheel at time 1784075732.894464 according to authority Authority undetectable
Possible reasons are listed at http://wiki.ros.org/tf/Errors%20explained
[WARN] [1784075794.813763705] []: TF_OLD_DATA ignoring data from the past for frame front_left_wheel at time 1784075732.994482 according to authority Authority undetectable
Possible reasons are listed at http://wiki.ros.org/tf/Errors%20explained
[WARN] [1784075794.813775779] []: TF_OLD_DATA ignoring data from the past for frame front_right_wheel at time 1784075732.994482 according to authority Authority undetectable
Possible reasons are listed at http://wiki.ros.org/tf/Errors%20explained
[WARN] [1784075794.813783242] []: TF_OLD_DATA ignoring data from the past for frame rear_left_wheel at time 1784075732.994482 according to authority Authority undetectable
Possible reasons are listed at http://wiki.ros.org/tf/Errors%20explained
[WARN] [1784075794.813790205] []: TF_OLD_DATA ignoring data from the past for frame rear_right_wheel at time 1784075732.994482 according to authority Authority undetectable
Possible reasons are listed at http://wiki.ros.org/tf/Errors%20explained
[WARN] [1784075794.813812594] []: TF_OLD_DATA ignoring data from the past for frame front_left_wheel at time 1784075733.194485 according to authority Authority undetectable
Possible reasons are listed at http://wiki.ros.org/tf/Errors%20explained
[WARN] [1784075794.813825187] []: TF_OLD_DATA ignoring data from the past for frame front_right_wheel at time 1784075733.194485 according to authority Authority undetectable
Possible reasons are listed at http://wiki.ros.org/tf/Errors%20explained
[WARN] [1784075794.813832502] []: TF_OLD_DATA ignoring data from the past for frame rear_left_wheel at time 1784075733.194485 according to authority Authority undetectable
Possible reasons are listed at http://wiki.ros.org/tf/Errors%20explained
[WARN] [1784075794.813839520] []: TF_OLD_DATA ignoring data from the past for frame rear_right_wheel at time 1784075733.194485 according to authority Authority undetectable
Possible reasons are listed at http://wiki.ros.org/tf/Errors%20explained
[WARN] [1784075794.813864465] []: TF_OLD_DATA ignoring data from the past for frame front_left_wheel at time 1784075733.394463 according to authority Authority undetectable
Possible reasons are listed at http://wiki.ros.org/tf/Errors%20explained
[WARN] [1784075794.813877132] []: TF_OLD_DATA ignoring data from the past for frame front_right_wheel at time 1784075733.394463 according to authority Authority undetectable
Possible reasons are listed at http://wiki.ros.org/tf/Errors%20explained
[WARN] [1784075794.813884706] []: TF_OLD_DATA ignoring data from the past for frame rear_left_wheel at time 1784075733.394463 according to authority Authority undetectable
Possible reasons are listed at http://wiki.ros.org/tf/Errors%20explained
[WARN] [1784075794.813891965] []: TF_OLD_DATA ignoring data from the past for frame rear_right_wheel at time 1784075733.394463 according to authority Authority undetectable
Possible reasons are listed at http://wiki.ros.org/tf/Errors%20explained
[WARN] [1784075794.813933688] []: TF_OLD_DATA ignoring data from the past for frame front_left_wheel at time 1784075733.494567 according to authority Authority undetectable
Possible reasons are listed at http://wiki.ros.org/tf/Errors%20explained
[WARN] [1784075794.813945410] []: TF_OLD_DATA ignoring data from the past for frame front_right_wheel at time 1784075733.494567 according to authority Authority undetectable
Possible reasons are listed at http://wiki.ros.org/tf/Errors%20explained
[WARN] [1784075794.813952669] []: TF_OLD_DATA ignoring data from the past for frame rear_left_wheel at time 1784075733.494567 according to authority Authority undetectable
Possible reasons are listed at http://wiki.ros.org/tf/Errors%20explained
[WARN] [1784075794.813959725] []: TF_OLD_DATA ignoring data from the past for frame rear_right_wheel at time 1784075733.494567 according to authority Authority undetectable
Possible reasons are listed at http://wiki.ros.org/tf/Errors%20explained
[WARN] [1784075794.813983669] []: TF_OLD_DATA ignoring data from the past for frame front_left_wheel at time 1784075733.594510 according to authority Authority undetectable
Possible reasons are listed at http://wiki.ros.org/tf/Errors%20explained
[WARN] [1784075794.813994966] []: TF_OLD_DATA ignoring data from the past for frame front_right_wheel at time 1784075733.594510 according to authority Authority undetectable
Possible reasons are listed at http://wiki.ros.org/tf/Errors%20explained
[WARN] [1784075794.814002632] []: TF_OLD_DATA ignoring data from the past for frame rear_left_wheel at time 1784075733.594510 according to authority Authority undetectable
Possible reasons are listed at http://wiki.ros.org/tf/Errors%20explained
[WARN] [1784075794.814010058] []: TF_OLD_DATA ignoring data from the past for frame rear_right_wheel at time 1784075733.594510 according to authority Authority undetectable
Possible reasons are listed at http://wiki.ros.org/tf/Errors%20explained
[WARN] [1784075816.085002656] []: TF_OLD_DATA ignoring data from the past for frame front_left_wheel at time 1784075733.694492 according to authority Authority undetectable
Possible reasons are listed at http://wiki.ros.org/tf/Errors%20explained
[WARN] [1784075816.085044249] []: TF_OLD_DATA ignoring data from the past for frame front_right_wheel at time 1784075733.694492 according to authority Authority undetectable
Possible reasons are listed at http://wiki.ros.org/tf/Errors%20explained
[WARN] [1784075816.085056564] []: TF_OLD_DATA ignoring data from the past for frame rear_left_wheel at time 1784075733.694492 according to authority Authority undetectable
Possible reasons are listed at http://wiki.ros.org/tf/Errors%20explained
[WARN] [1784075816.085067342] []: TF_OLD_DATA ignoring data from the past for frame rear_right_wheel at time 1784075733.694492 according to authority Authority undetectable
Possible reasons are listed at http://wiki.ros.org/tf/Errors%20explained
[WARN] [1784075816.085111657] []: TF_OLD_DATA ignoring data from the past for frame front_left_wheel at time 1784075733.894694 according to authority Authority undetectable
Possible reasons are listed at http://wiki.ros.org/tf/Errors%20explained
[WARN] [1784075816.085125953] []: TF_OLD_DATA ignoring data from the past for frame front_right_wheel at time 1784075733.894694 according to authority Authority undetectable
Possible reasons are listed at http://wiki.ros.org/tf/Errors%20explained
[WARN] [1784075816.085135231] []: TF_OLD_DATA ignoring data from the past for frame rear_left_wheel at time 1784075733.894694 according to authority Authority undetectable
Possible reasons are listed at http://wiki.ros.org/tf/Errors%20explained
[WARN] [1784075816.085144194] []: TF_OLD_DATA ignoring data from the past for frame rear_right_wheel at time 1784075733.894694 according to authority Authority undetectable
Possible reasons are listed at http://wiki.ros.org/tf/Errors%20explained
[WARN] [1784075816.085173176] []: TF_OLD_DATA ignoring data from the past for frame front_left_wheel at time 1784075733.994740 according to authority Authority undetectable
Possible reasons are listed at http://wiki.ros.org/tf/Errors%20explained
[WARN] [1784075816.085189416] []: TF_OLD_DATA ignoring data from the past for frame front_right_wheel at time 1784075733.994740 according to authority Authority undetectable
Possible reasons are listed at http://wiki.ros.org/tf/Errors%20explained
[WARN] [1784075816.085198824] []: TF_OLD_DATA ignoring data from the past for frame rear_left_wheel at time 1784075733.994740 according to authority Authority undetectable
Possible reasons are listed at http://wiki.ros.org/tf/Errors%20explained
[WARN] [1784075816.085208342] []: TF_OLD_DATA ignoring data from the past for frame rear_right_wheel at time 1784075733.994740 according to authority Authority undetectable
Possible reasons are listed at http://wiki.ros.org/tf/Errors%20explained
[WARN] [1784075816.085240102] []: TF_OLD_DATA ignoring data from the past for frame front_left_wheel at time 1784075734.094515 according to authority Authority undetectable
Possible reasons are listed at http://wiki.ros.org/tf/Errors%20explained
[WARN] [1784075816.085254176] []: TF_OLD_DATA ignoring data from the past for frame front_right_wheel at time 1784075734.094515 according to authority Authority undetectable
Possible reasons are listed at http://wiki.ros.org/tf/Errors%20explained
[WARN] [1784075816.085264991] []: TF_OLD_DATA ignoring data from the past for frame rear_left_wheel at time 1784075734.094515 according to authority Authority undetectable
Possible reasons are listed at http://wiki.ros.org/tf/Errors%20explained
[WARN] [1784075816.085273935] []: TF_OLD_DATA ignoring data from the past for frame rear_right_wheel at time 1784075734.094515 according to authority Authority undetectable
Possible reasons are listed at http://wiki.ros.org/tf/Errors%20explained
[WARN] [1784075816.085299176] []: TF_OLD_DATA ignoring data from the past for frame front_left_wheel at time 1784075734.194542 according to authority Authority undetectable
Possible reasons are listed at http://wiki.ros.org/tf/Errors%20explained
[WARN] [1784075816.085397973] []: TF_OLD_DATA ignoring data from the past for frame front_right_wheel at time 1784075734.194542 according to authority Authority undetectable
Possible reasons are listed at http://wiki.ros.org/tf/Errors%20explained
[WARN] [1784075816.085412603] []: TF_OLD_DATA ignoring data from the past for frame rear_left_wheel at time 1784075734.194542 according to authority Authority undetectable
Possible reasons are listed at http://wiki.ros.org/tf/Errors%20explained
[WARN] [1784075816.085421825] []: TF_OLD_DATA ignoring data from the past for frame rear_right_wheel at time 1784075734.194542 according to authority Authority undetectable
Possible reasons are listed at http://wiki.ros.org/tf/Errors%20explained
[WARN] [1784075816.085461288] []: TF_OLD_DATA ignoring data from the past for frame front_left_wheel at time 1784075734.294498 according to authority Authority undetectable
Possible reasons are listed at http://wiki.ros.org/tf/Errors%20explained
[WARN] [1784075816.085475677] []: TF_OLD_DATA ignoring data from the past for frame front_right_wheel at time 1784075734.294498 according to authority Authority undetectable
Possible reasons are listed at http://wiki.ros.org/tf/Errors%20explained
[WARN] [1784075816.085486566] []: TF_OLD_DATA ignoring data from the past for frame rear_left_wheel at time 1784075734.294498 according to authority Authority undetectable
Possible reasons are listed at http://wiki.ros.org/tf/Errors%20explained
[WARN] [1784075816.085495437] []: TF_OLD_DATA ignoring data from the past for frame rear_right_wheel at time 1784075734.294498 according to authority Authority undetectable
Possible reasons are listed at http://wiki.ros.org/tf/Errors%20explained
[WARN] [1784075816.085522418] []: TF_OLD_DATA ignoring data from the past for frame front_left_wheel at time 1784075734.394496 according to authority Authority undetectable
Possible reasons are listed at http://wiki.ros.org/tf/Errors%20explained
[WARN] [1784075816.085535029] []: TF_OLD_DATA ignoring data from the past for frame front_right_wheel at time 1784075734.394496 according to authority Authority undetectable
Possible reasons are listed at http://wiki.ros.org/tf/Errors%20explained
[WARN] [1784075816.085544122] []: TF_OLD_DATA ignoring data from the past for frame rear_left_wheel at time 1784075734.394496 according to authority Authority undetectable
Possible reasons are listed at http://wiki.ros.org/tf/Errors%20explained
[WARN] [1784075816.085556752] []: TF_OLD_DATA ignoring data from the past for frame rear_right_wheel at time 1784075734.394496 according to authority Authority undetectable
Possible reasons are listed at http://wiki.ros.org/tf/Errors%20explained
[WARN] [1784075816.085586030] []: TF_OLD_DATA ignoring data from the past for frame front_left_wheel at time 1784075734.494536 according to authority Authority undetectable
Possible reasons are listed at http://wiki.ros.org/tf/Errors%20explained
[WARN] [1784075816.085598382] []: TF_OLD_DATA ignoring data from the past for frame front_right_wheel at time 1784075734.494536 according to authority Authority undetectable
Possible reasons are listed at http://wiki.ros.org/tf/Errors%20explained
[WARN] [1784075816.085607215] []: TF_OLD_DATA ignoring data from the past for frame rear_left_wheel at time 1784075734.494536 according to authority Authority undetectable
Possible reasons are listed at http://wiki.ros.org/tf/Errors%20explained
[WARN] [1784075816.085616382] []: TF_OLD_DATA ignoring data from the past for frame rear_right_wheel at time 1784075734.494536 according to authority Authority undetectable
Possible reasons are listed at http://wiki.ros.org/tf/Errors%20explained
[WARN] [1784075816.085646493] []: TF_OLD_DATA ignoring data from the past for frame front_left_wheel at time 1784075734.894511 according to authority Authority undetectable
Possible reasons are listed at http://wiki.ros.org/tf/Errors%20explained
[WARN] [1784075816.085678123] []: TF_OLD_DATA ignoring data from the past for frame front_right_wheel at time 1784075734.894511 according to authority Authority undetectable
Possible reasons are listed at http://wiki.ros.org/tf/Errors%20explained
[WARN] [1784075816.085719253] []: TF_OLD_DATA ignoring data from the past for frame rear_left_wheel at time 1784075734.894511 according to authority Authority undetectable
Possible reasons are listed at http://wiki.ros.org/tf/Errors%20explained
[WARN] [1784075816.085733401] []: TF_OLD_DATA ignoring data from the past for frame rear_right_wheel at time 1784075734.894511 according to authority Authority undetectable
Possible reasons are listed at http://wiki.ros.org/tf/Errors%20explained
[WARN] [1784075816.085778271] []: TF_OLD_DATA ignoring data from the past for frame front_left_wheel at time 1784075734.994545 according to authority Authority undetectable
Possible reasons are listed at http://wiki.ros.org/tf/Errors%20explained
[WARN] [1784075816.085793031] []: TF_OLD_DATA ignoring data from the past for frame front_right_wheel at time 1784075734.994545 according to authority Authority undetectable
Possible reasons are listed at http://wiki.ros.org/tf/Errors%20explained
[WARN] [1784075816.085802809] []: TF_OLD_DATA ignoring data from the past for frame rear_left_wheel at time 1784075734.994545 according to authority Authority undetectable
Possible reasons are listed at http://wiki.ros.org/tf/Errors%20explained
[WARN] [1784075816.085811735] []: TF_OLD_DATA ignoring data from the past for frame rear_right_wheel at time 1784075734.994545 according to authority Authority undetectable
Possible reasons are listed at http://wiki.ros.org/tf/Errors%20explained
[WARN] [1784075816.085848198] []: TF_OLD_DATA ignoring data from the past for frame front_left_wheel at time 1784075735.094495 according to authority Authority undetectable
Possible reasons are listed at http://wiki.ros.org/tf/Errors%20explained
[WARN] [1784075816.085863068] []: TF_OLD_DATA ignoring data from the past for frame front_right_wheel at time 1784075735.094495 according to authority Authority undetectable
Possible reasons are listed at http://wiki.ros.org/tf/Errors%20explained
[WARN] [1784075816.085874624] []: TF_OLD_DATA ignoring data from the past for frame rear_left_wheel at time 1784075735.094495 according to authority Authority undetectable
Possible reasons are listed at http://wiki.ros.org/tf/Errors%20explained
[WARN] [1784075816.085886828] []: TF_OLD_DATA ignoring data from the past for frame rear_right_wheel at time 1784075735.094495 according to authority Authority undetectable
Possible reasons are listed at http://wiki.ros.org/tf/Errors%20explained
[WARN] [1784075816.085923365] []: TF_OLD_DATA ignoring data from the past for frame front_left_wheel at time 1784075735.194492 according to authority Authority undetectable
Possible reasons are listed at http://wiki.ros.org/tf/Errors%20explained
[WARN] [1784075816.085937735] []: TF_OLD_DATA ignoring data from the past for frame front_right_wheel at time 1784075735.194492 according to authority Authority undetectable
Possible reasons are listed at http://wiki.ros.org/tf/Errors%20explained
[WARN] [1784075816.085946661] []: TF_OLD_DATA ignoring data from the past for frame rear_left_wheel at time 1784075735.194492 according to authority Authority undetectable
Possible reasons are listed at http://wiki.ros.org/tf/Errors%20explained
[WARN] [1784075816.085956106] []: TF_OLD_DATA ignoring data from the past for frame rear_right_wheel at time 1784075735.194492 according to authority Authority undetectable
Possible reasons are listed at http://wiki.ros.org/tf/Errors%20explained
[WARN] [1784075816.085993606] []: TF_OLD_DATA ignoring data from the past for frame front_left_wheel at time 1784075735.294532 according to authority Authority undetectable
Possible reasons are listed at http://wiki.ros.org/tf/Errors%20explained
[WARN] [1784075816.086008884] []: TF_OLD_DATA ignoring data from the past for frame front_right_wheel at time 1784075735.294532 according to authority Authority undetectable
Possible reasons are listed at http://wiki.ros.org/tf/Errors%20explained
[WARN] [1784075816.086047847] []: TF_OLD_DATA ignoring data from the past for frame rear_left_wheel at time 1784075735.294532 according to authority Authority undetectable
Possible reasons are listed at http://wiki.ros.org/tf/Errors%20explained
[WARN] [1784075816.086064921] []: TF_OLD_DATA ignoring data from the past for frame rear_right_wheel at time 1784075735.294532 according to authority Authority undetectable
Possible reasons are listed at http://wiki.ros.org/tf/Errors%20explained
[WARN] [1784075816.086112495] []: TF_OLD_DATA ignoring data from the past for frame front_left_wheel at time 1784075735.494550 according to authority Authority undetectable
Possible reasons are listed at http://wiki.ros.org/tf/Errors%20explained
[WARN] [1784075816.086135329] []: TF_OLD_DATA ignoring data from the past for frame front_right_wheel at time 1784075735.494550 according to authority Authority undetectable
Possible reasons are listed at http://wiki.ros.org/tf/Errors%20explained
[WARN] [1784075816.086146162] []: TF_OLD_DATA ignoring data from the past for frame rear_left_wheel at time 1784075735.494550 according to authority Authority undetectable
Possible reasons are listed at http://wiki.ros.org/tf/Errors%20explained
[WARN] [1784075816.086155792] []: TF_OLD_DATA ignoring data from the past for frame rear_right_wheel at time 1784075735.494550 according to authority Authority undetectable
Possible reasons are listed at http://wiki.ros.org/tf/Errors%20explained
[WARN] [1784075816.086244867] []: TF_OLD_DATA ignoring data from the past for frame front_left_wheel at time 1784075735.594512 according to authority Authority undetectable
Possible reasons are listed at http://wiki.ros.org/tf/Errors%20explained
[WARN] [1784075816.086265126] []: TF_OLD_DATA ignoring data from the past for frame front_right_wheel at time 1784075735.594512 according to authority Authority undetectable
Possible reasons are listed at http://wiki.ros.org/tf/Errors%20explained
[WARN] [1784075816.086274941] []: TF_OLD_DATA ignoring data from the past for frame rear_left_wheel at time 1784075735.594512 according to authority Authority undetectable
Possible reasons are listed at http://wiki.ros.org/tf/Errors%20explained
[WARN] [1784075816.086284126] []: TF_OLD_DATA ignoring data from the past for frame rear_right_wheel at time 1784075735.594512 according to authority Authority undetectable
Possible reasons are listed at http://wiki.ros.org/tf/Errors%20explained
[WARN] [1784075816.086338071] []: TF_OLD_DATA ignoring data from the past for frame front_left_wheel at time 1784075735.694506 according to authority Authority undetectable
Possible reasons are listed at http://wiki.ros.org/tf/Errors%20explained
[WARN] [1784075816.086355071] []: TF_OLD_DATA ignoring data from the past for frame front_right_wheel at time 1784075735.694506 according to authority Authority undetectable
Possible reasons are listed at http://wiki.ros.org/tf/Errors%20explained
[WARN] [1784075816.086366738] []: TF_OLD_DATA ignoring data from the past for frame rear_left_wheel at time 1784075735.694506 according to authority Authority undetectable
Possible reasons are listed at http://wiki.ros.org/tf/Errors%20explained
[WARN] [1784075816.086378127] []: TF_OLD_DATA ignoring data from the past for frame rear_right_wheel at time 1784075735.694506 according to authority Authority undetectable
Possible reasons are listed at http://wiki.ros.org/tf/Errors%20explained
[WARN] [1784075816.086411164] []: TF_OLD_DATA ignoring data from the past for frame front_left_wheel at time 1784075735.894520 according to authority Authority undetectable
Possible reasons are listed at http://wiki.ros.org/tf/Errors%20explained
[WARN] [1784075816.086425053] []: TF_OLD_DATA ignoring data from the past for frame front_right_wheel at time 1784075735.894520 according to authority Authority undetectable
Possible reasons are listed at http://wiki.ros.org/tf/Errors%20explained
[WARN] [1784075816.086434460] []: TF_OLD_DATA ignoring data from the past for frame rear_left_wheel at time 1784075735.894520 according to authority Authority undetectable
Possible reasons are listed at http://wiki.ros.org/tf/Errors%20explained
[WARN] [1784075816.086481831] []: TF_OLD_DATA ignoring data from the past for frame rear_right_wheel at time 1784075735.894520 according to authority Authority undetectable
Possible reasons are listed at http://wiki.ros.org/tf/Errors%20explained
[INFO] [1784075839.602468377] [rclcpp]: signal_handler(SIGINT/SIGTERM)
[INFO] [1784075839.602594804] [bt_navigator]: Running Nav2 LifecycleNode rcl preshutdown (bt_navigator)
[INFO] [1784075839.602736471] [bt_navigator]: Cleaning up
[INFO] [1784075841.181434700] [bt_navigator]: Completed Cleaning up
[INFO] [1784075841.181584719] [bt_navigator]: Destroying bond (bt_navigator) to lifecycle manager.
