[INFO] [1784066944.193138499] [bt_navigator]: 
	bt_navigator lifecycle node launched. 
	Waiting on external lifecycle transitions to activate
	See https://design.ros2.org/articles/node_lifecycle.html for more information.
[INFO] [1784066944.204553045] [bt_navigator]: Creating
[INFO] [1784066948.517837563] [bt_navigator]: Configuring
[INFO] [1784066948.573915917] [bt_navigator]: Creating navigator id navigate_to_pose of type nav2_bt_navigator::NavigateToPoseNavigator
[INFO] [1784066949.052559086] [bt_navigator]: Creating navigator id navigate_through_poses of type nav2_bt_navigator::NavigateThroughPosesNavigator
[INFO] [1784066952.964495852] [bt_navigator]: Activating
[INFO] [1784066953.564389133] [bt_navigator]: Creating bond (bt_navigator) to lifecycle manager.
[INFO] [1784066987.285991352] [bt_navigator]: Begin navigating from current location (-10.24, -43.32) to (-18.86, -42.42)
[WARN] [1784067072.299143373] [bt_navigator]: [navigate_to_pose] [ActionServer] Aborting handle.
[ERROR] [1784067072.299809302] [bt_navigator]: Goal failed
[INFO] [1784067179.028646623] [rclcpp]: signal_handler(SIGINT/SIGTERM)
[INFO] [1784067179.028723920] [bt_navigator]: Running Nav2 LifecycleNode rcl preshutdown (bt_navigator)
[INFO] [1784067179.028846680] [bt_navigator]: Deactivating
[INFO] [1784067179.028897939] [bt_navigator]: Destroying bond (bt_navigator) to lifecycle manager.
[INFO] [1784067179.048015362] [bt_navigator]: Cleaning up
[INFO] [1784067180.666388883] [bt_navigator]: Completed Cleaning up
[INFO] [1784067180.666548828] [bt_navigator]: Destroying bond (bt_navigator) to lifecycle manager.
