[INFO] [1783134568.948103575] [bt_navigator]: 
	bt_navigator lifecycle node launched. 
	Waiting on external lifecycle transitions to activate
	See https://design.ros2.org/articles/node_lifecycle.html for more information.
[INFO] [1783134568.974291573] [bt_navigator]: Creating
[INFO] [1783134574.001350383] [bt_navigator]: Configuring
[INFO] [1783134574.045600130] [bt_navigator]: Creating navigator id navigate_to_pose of type nav2_bt_navigator::NavigateToPoseNavigator
[INFO] [1783134574.331534842] [bt_navigator]: Creating navigator id navigate_through_poses of type nav2_bt_navigator::NavigateThroughPosesNavigator
[INFO] [1783134578.178259581] [bt_navigator]: Activating
[INFO] [1783134578.659894463] [bt_navigator]: Creating bond (bt_navigator) to lifecycle manager.
[INFO] [1783134614.772029314] [bt_navigator]: Begin navigating from current location (0.61, 1.67) to (2.20, 4.70)
[WARN] [1783134735.396456402] [bt_navigator_navigate_to_pose_rclcpp_node]: Timed out while waiting for action server to acknowledge goal request for compute_path_to_pose
[ERROR] [1783134735.427384815] [bt_navigator_navigate_to_pose_rclcpp_node]: Failed to cancel action server for follow_path
[WARN] [1783134735.437365871] [bt_navigator]: [navigate_to_pose] [ActionServer] Aborting handle.
[ERROR] [1783134735.439368142] [bt_navigator]: Goal failed
[INFO] [1783134756.037709606] [rclcpp]: signal_handler(SIGINT/SIGTERM)
[INFO] [1783134756.037773791] [bt_navigator]: Running Nav2 LifecycleNode rcl preshutdown (bt_navigator)
[INFO] [1783134756.037863106] [bt_navigator]: Deactivating
[INFO] [1783134756.037922329] [bt_navigator]: Destroying bond (bt_navigator) to lifecycle manager.
[INFO] [1783134756.067386642] [bt_navigator]: Cleaning up
[INFO] [1783134757.682940686] [bt_navigator]: Completed Cleaning up
[INFO] [1783134757.683062169] [bt_navigator]: Destroying bond (bt_navigator) to lifecycle manager.
