[INFO] [1784063683.582985353] [bt_navigator]: 
	bt_navigator lifecycle node launched. 
	Waiting on external lifecycle transitions to activate
	See https://design.ros2.org/articles/node_lifecycle.html for more information.
[INFO] [1784063683.588116180] [bt_navigator]: Creating
[INFO] [1784063686.830622219] [bt_navigator]: Configuring
[INFO] [1784063686.869682318] [bt_navigator]: Creating navigator id navigate_to_pose of type nav2_bt_navigator::NavigateToPoseNavigator
[INFO] [1784063687.211434751] [bt_navigator]: Creating navigator id navigate_through_poses of type nav2_bt_navigator::NavigateThroughPosesNavigator
[INFO] [1784063690.910731620] [bt_navigator]: Activating
[INFO] [1784063691.682943765] [bt_navigator]: Creating bond (bt_navigator) to lifecycle manager.
[INFO] [1784063715.285027532] [bt_navigator]: Begin navigating from current location (-17.35, -44.53) to (-10.16, -42.89)
[INFO] [1784063775.150208443] [bt_navigator]: Goal succeeded
[INFO] [1784063845.810973057] [bt_navigator]: Begin navigating from current location (-12.21, -43.88) to (-18.90, -41.40)
[ERROR] [1784063873.707078314] [bt_navigator_navigate_to_pose_rclcpp_node]: Failed to get result for follow_path in node halt!
[WARN] [1784063920.561580832] [bt_navigator_navigate_to_pose_rclcpp_node]: Timed out while waiting for action server to acknowledge goal request for compute_path_to_pose
[ERROR] [1784063920.588722029] [bt_navigator_navigate_to_pose_rclcpp_node]: Failed to get result for follow_path in node halt!
[WARN] [1784063920.588993789] [bt_navigator]: [navigate_to_pose] [ActionServer] Aborting handle.
[ERROR] [1784063920.589389199] [bt_navigator]: Goal failed
[INFO] [1784064087.209325431] [rclcpp]: signal_handler(SIGINT/SIGTERM)
[INFO] [1784064087.209524784] [bt_navigator]: Running Nav2 LifecycleNode rcl preshutdown (bt_navigator)
[INFO] [1784064087.209662840] [bt_navigator]: Deactivating
[INFO] [1784064087.209713674] [bt_navigator]: Destroying bond (bt_navigator) to lifecycle manager.
[INFO] [1784064087.221988820] [bt_navigator]: Cleaning up
[INFO] [1784064088.780979529] [bt_navigator]: Completed Cleaning up
[INFO] [1784064088.781072715] [bt_navigator]: Destroying bond (bt_navigator) to lifecycle manager.
