[INFO] [1785368261.285018287] [bt_navigator]: 
	bt_navigator lifecycle node launched. 
	Waiting on external lifecycle transitions to activate
	See https://design.ros2.org/articles/node_lifecycle.html for more information.
[INFO] [1785368261.357242459] [bt_navigator]: Creating
[INFO] [1785368264.632761878] [bt_navigator]: Configuring
[INFO] [1785368264.665797448] [bt_navigator]: Creating navigator id navigate_to_pose of type nav2_bt_navigator::NavigateToPoseNavigator
[INFO] [1785368264.923281942] [bt_navigator]: Creating navigator id navigate_through_poses of type nav2_bt_navigator::NavigateThroughPosesNavigator
[INFO] [1785368269.886987755] [bt_navigator]: Activating
[INFO] [1785368270.295149715] [bt_navigator]: Creating bond (bt_navigator) to lifecycle manager.
[INFO] [1785368311.625159312] [bt_navigator]: Begin navigating from current location (29.43, -48.15) to (24.37, -45.04)
[WARN] [1785368328.466524901] [bt_navigator_navigate_to_pose_rclcpp_node]: Timed out while waiting for action server to acknowledge goal request for follow_path
[WARN] [1785368328.469503064] [bt_navigator]: [navigate_to_pose] [ActionServer] Aborting handle.
[ERROR] [1785368328.472986174] [bt_navigator]: Goal failed
[INFO] [1785368416.226815286] [bt_navigator]: Begin navigating from current location (24.47, -45.13) to (28.25, -47.66)
[INFO] [1785368468.686154759] [bt_navigator]: Goal succeeded
[INFO] [1785374162.127907319] [bt_navigator]: Begin navigating from current location (28.36, -47.83) to (25.31, -42.02)
[WARN] [1785374168.794747332] [bt_navigator_navigate_to_pose_rclcpp_node]: Timed out while waiting for action server to acknowledge goal request for compute_path_to_pose
[WARN] [1785374168.841568909] [bt_navigator]: [navigate_to_pose] [ActionServer] Aborting handle.
[ERROR] [1785374168.842291839] [bt_navigator]: Goal failed
[INFO] [1785374175.745835341] [bt_navigator]: Begin navigating from current location (28.09, -48.13) to (25.53, -41.99)
[WARN] [1785374238.770366706] [bt_navigator_navigate_to_pose_rclcpp_node]: Timed out while waiting for action server to acknowledge goal request for follow_path
[WARN] [1785374238.796760946] [bt_navigator_navigate_to_pose_rclcpp_node]: Node timed out while executing service call to global_costmap/clear_entirely_global_costmap.
[INFO] [1785374292.719105709] [bt_navigator]: Goal succeeded
[INFO] [1785374399.885407812] [bt_navigator]: Begin navigating from current location (25.54, -41.89) to (35.54, -54.59)
[WARN] [1785374428.804802910] [bt_navigator_navigate_to_pose_rclcpp_node]: Timed out while waiting for action server to acknowledge goal request for compute_path_to_pose
[ERROR] [1785374428.833882373] [bt_navigator_navigate_to_pose_rclcpp_node]: Failed to get result for follow_path in node halt!
[WARN] [1785374428.834656878] [bt_navigator]: [navigate_to_pose] [ActionServer] Aborting handle.
[ERROR] [1785374428.841094590] [bt_navigator]: Goal failed
[INFO] [1785374445.620563930] [bt_navigator]: Begin navigating from current location (26.87, -44.31) to (35.38, -54.69)
[WARN] [1785374467.972645836] [bt_navigator_navigate_to_pose_rclcpp_node]: Timed out while waiting for action server to acknowledge goal request for compute_path_to_pose
[ERROR] [1785374468.016763727] [bt_navigator_navigate_to_pose_rclcpp_node]: Failed to cancel action server for follow_path
[ERROR] [1785374468.038353865] [bt_navigator_navigate_to_pose_rclcpp_node]: Failed to get result for follow_path in node halt!
[WARN] [1785374468.038656570] [bt_navigator]: [navigate_to_pose] [ActionServer] Aborting handle.
[ERROR] [1785374468.042272053] [bt_navigator]: Goal failed
[INFO] [1785374646.357559776] [bt_navigator]: Begin navigating from current location (28.66, -46.59) to (35.13, -54.59)
[WARN] [1785374652.352756468] [bt_navigator_navigate_to_pose_rclcpp_node]: Timed out while waiting for action server to acknowledge goal request for compute_path_to_pose
[ERROR] [1785374652.431973904] [bt_navigator_navigate_to_pose_rclcpp_node]: Failed to cancel action server for follow_path
[ERROR] [1785374652.465471478] [bt_navigator_navigate_to_pose_rclcpp_node]: Failed to get result for follow_path in node halt!
[WARN] [1785374652.477883639] [bt_navigator]: [navigate_to_pose] [ActionServer] Aborting handle.
[ERROR] [1785374652.533489352] [bt_navigator]: Goal failed
[INFO] [1785375328.497070440] [bt_navigator]: Begin navigating from current location (29.09, -47.13) to (35.29, -54.75)
[ERROR] [1785375390.523199637] [bt_navigator_navigate_to_pose_rclcpp_node]: Failed to get result for follow_path in node halt!
[WARN] [1785375421.310679923] [bt_navigator]: [navigate_to_pose] [ActionServer] Aborting handle.
[ERROR] [1785375421.311725688] [bt_navigator]: Goal failed
[INFO] [1785375642.693467969] [bt_navigator]: Begin navigating from current location (33.68, -52.60) to (35.37, -54.77)
[ERROR] [1785375646.034333417] [bt_navigator_navigate_to_pose_rclcpp_node]: Failed to get result for compute_path_to_pose in node halt!
[WARN] [1785375646.035337570] [bt_navigator]: [navigate_to_pose] [ActionServer] Aborting handle.
[ERROR] [1785375646.043409893] [bt_navigator]: Goal failed
[INFO] [1785375818.795537063] [bt_navigator]: Begin navigating from current location (34.01, -52.46) to (28.96, -48.84)
[WARN] [1785375838.664087292] [bt_navigator_navigate_to_pose_rclcpp_node]: Timed out while waiting for action server to acknowledge goal request for compute_path_to_pose
[ERROR] [1785375838.686903492] [bt_navigator_navigate_to_pose_rclcpp_node]: Failed to get result for follow_path in node halt!
[WARN] [1785375838.702361892] [bt_navigator]: [navigate_to_pose] [ActionServer] Aborting handle.
[ERROR] [1785375838.709877267] [bt_navigator]: Goal failed
[INFO] [1785378465.911165402] [rclcpp]: signal_handler(SIGINT/SIGTERM)
[INFO] [1785378465.911270847] [bt_navigator]: Running Nav2 LifecycleNode rcl preshutdown (bt_navigator)
[INFO] [1785378465.911367978] [bt_navigator]: Deactivating
[INFO] [1785378465.911457034] [bt_navigator]: Destroying bond (bt_navigator) to lifecycle manager.
[INFO] [1785378466.012336055] [bt_navigator]: Cleaning up
[INFO] [1785378468.059307324] [bt_navigator]: Completed Cleaning up
[INFO] [1785378468.059501510] [bt_navigator]: Destroying bond (bt_navigator) to lifecycle manager.
