[INFO] [1785981348.491337677] [bt_navigator]: 
	bt_navigator lifecycle node launched. 
	Waiting on external lifecycle transitions to activate
	See https://design.ros2.org/articles/node_lifecycle.html for more information.
[INFO] [1785981348.496654957] [bt_navigator]: Creating
[INFO] [1785981352.101933934] [bt_navigator]: Configuring
[INFO] [1785981352.132876851] [bt_navigator]: Creating navigator id navigate_to_pose of type nav2_bt_navigator::NavigateToPoseNavigator
[INFO] [1785981352.339428490] [bt_navigator]: Creating navigator id navigate_through_poses of type nav2_bt_navigator::NavigateThroughPosesNavigator
[INFO] [1785981357.538352973] [bt_navigator]: Activating
[INFO] [1785981357.927581239] [bt_navigator]: Creating bond (bt_navigator) to lifecycle manager.
[INFO] [1785981370.453337953] [bt_navigator]: Begin navigating from current location (26.01, -44.89) to (24.24, -44.78)
[WARN] [1785981529.092642602] [bt_navigator]: [navigate_to_pose] [ActionServer] Aborting handle.
[ERROR] [1785981529.093080882] [bt_navigator]: Goal failed
[INFO] [1785981542.011625359] [bt_navigator]: Begin navigating from current location (24.13, -44.77) to (24.43, -45.05)
[INFO] [1785981642.109178409] [bt_navigator]: Goal succeeded
[INFO] [1785984436.857481044] [bt_navigator]: Begin navigating from current location (24.35, -45.03) to (23.48, -54.76)
[INFO] [1785984488.947336769] [rclcpp]: signal_handler(SIGINT/SIGTERM)
[INFO] [1785984488.947474233] [bt_navigator]: Running Nav2 LifecycleNode rcl preshutdown (bt_navigator)
[INFO] [1785984488.948777888] [bt_navigator]: Deactivating
[WARN] [1785984488.948873092] [bt_navigator]: [navigate_to_pose] [ActionServer] Requested to deactivate server but goal is still executing. Should check if action server is running before deactivating.
[ERROR] [1785984488.977524733] [bt_navigator_navigate_to_pose_rclcpp_node]: Failed to get result for follow_path in node halt!
[WARN] [1785984488.983018041] [bt_navigator]: [navigate_to_pose] [ActionServer] Aborting handle.
[INFO] [1785984488.991009530] [bt_navigator]: Goal canceled
[WARN] [1785984488.991127123] [bt_navigator]: [navigate_to_pose] [ActionServer] Stopping the thread per request.
[INFO] [1785984488.995755575] [bt_navigator]: Destroying bond (bt_navigator) to lifecycle manager.
[INFO] [1785984489.023356876] [bt_navigator]: Cleaning up
[INFO] [1785984490.132454610] [bt_navigator]: Completed Cleaning up
[INFO] [1785984490.132572704] [bt_navigator]: Destroying bond (bt_navigator) to lifecycle manager.
