[INFO] [1784068177.734440417] [bt_navigator]: 
	bt_navigator lifecycle node launched. 
	Waiting on external lifecycle transitions to activate
	See https://design.ros2.org/articles/node_lifecycle.html for more information.
[INFO] [1784068177.753448209] [bt_navigator]: Creating
[INFO] [1784068183.133856728] [bt_navigator]: Configuring
[INFO] [1784068183.170719177] [bt_navigator]: Creating navigator id navigate_to_pose of type nav2_bt_navigator::NavigateToPoseNavigator
[INFO] [1784068183.393476840] [bt_navigator]: Creating navigator id navigate_through_poses of type nav2_bt_navigator::NavigateThroughPosesNavigator
[INFO] [1784068186.950865988] [bt_navigator]: Activating
[INFO] [1784068187.579212105] [bt_navigator]: Creating bond (bt_navigator) to lifecycle manager.
[INFO] [1784068204.519784574] [bt_navigator]: Begin navigating from current location (-18.83, -44.50) to (-12.94, -43.37)
[WARN] [1784068223.040859991] [bt_navigator_navigate_to_pose_rclcpp_node]: Timed out while waiting for action server to acknowledge goal request for compute_path_to_pose
[WARN] [1784068223.056748007] [bt_navigator]: [navigate_to_pose] [ActionServer] Aborting handle.
[ERROR] [1784068223.057734401] [bt_navigator]: Goal failed
[INFO] [1784068248.775076815] [bt_navigator]: Begin navigating from current location (-18.83, -44.50) to (-16.19, -43.94)
[WARN] [1784068257.054503399] [bt_navigator_navigate_to_pose_rclcpp_node]: Timed out while waiting for action server to acknowledge goal request for compute_path_to_pose
[ERROR] [1784068257.101372293] [bt_navigator_navigate_to_pose_rclcpp_node]: Failed to cancel action server for follow_path
[ERROR] [1784068257.123826660] [bt_navigator_navigate_to_pose_rclcpp_node]: Failed to get result for follow_path in node halt!
[WARN] [1784068257.124267385] [bt_navigator]: [navigate_to_pose] [ActionServer] Aborting handle.
[ERROR] [1784068257.155295523] [bt_navigator]: Goal failed
[INFO] [1784068326.570912463] [bt_navigator]: Begin navigating from current location (-18.83, -44.50) to (-15.51, -43.90)
[INFO] [1784068451.957607286] [bt_navigator]: Goal succeeded
[INFO] [1784068461.047231272] [bt_navigator]: Begin navigating from current location (-15.56, -43.92) to (-10.39, -43.00)
[INFO] [1784068495.997885963] [bt_navigator]: Goal succeeded
[INFO] [1784068793.919973009] [rclcpp]: signal_handler(SIGINT/SIGTERM)
[INFO] [1784068793.920046769] [bt_navigator]: Running Nav2 LifecycleNode rcl preshutdown (bt_navigator)
[INFO] [1784068793.920174640] [bt_navigator]: Deactivating
[INFO] [1784068793.920228326] [bt_navigator]: Destroying bond (bt_navigator) to lifecycle manager.
[INFO] [1784068793.948169594] [bt_navigator]: Cleaning up
[INFO] [1784068795.614447615] [bt_navigator]: Completed Cleaning up
[INFO] [1784068795.614565764] [bt_navigator]: Destroying bond (bt_navigator) to lifecycle manager.
