[INFO] [1782957168.722767385] [bt_navigator]: 
	bt_navigator lifecycle node launched. 
	Waiting on external lifecycle transitions to activate
	See https://design.ros2.org/articles/node_lifecycle.html for more information.
[INFO] [1782957168.734435342] [bt_navigator]: Creating
[INFO] [1782957172.829611322] [bt_navigator]: Configuring
[INFO] [1782957172.864234135] [bt_navigator]: Creating navigator id navigate_to_pose of type nav2_bt_navigator::NavigateToPoseNavigator
[INFO] [1782957173.232454069] [bt_navigator]: Creating navigator id navigate_through_poses of type nav2_bt_navigator::NavigateThroughPosesNavigator
[INFO] [1782957177.156807057] [bt_navigator]: Activating
[INFO] [1782957177.741877806] [bt_navigator]: Creating bond (bt_navigator) to lifecycle manager.
[INFO] [1782957203.470013722] [bt_navigator]: Begin navigating from current location (1.52, 4.16) to (2.86, 6.10)
[WARN] [1782957228.501947429] [bt_navigator_navigate_to_pose_rclcpp_node]: Timed out while waiting for action server to acknowledge goal request for compute_path_to_pose
[WARN] [1782957228.520195090] [bt_navigator]: [navigate_to_pose] [ActionServer] Aborting handle.
[ERROR] [1782957228.520810168] [bt_navigator]: Goal failed
[INFO] [1782957361.644472384] [bt_navigator]: Begin navigating from current location (1.46, 4.17) to (2.47, 5.10)
[WARN] [1782957384.517788529] [bt_navigator_navigate_to_pose_rclcpp_node]: Timed out while waiting for action server to acknowledge goal request for compute_path_to_pose
[ERROR] [1782957384.541665000] [bt_navigator_navigate_to_pose_rclcpp_node]: Failed to get result for follow_path in node halt!
[WARN] [1782957384.541940835] [bt_navigator]: [navigate_to_pose] [ActionServer] Aborting handle.
[ERROR] [1782957384.542426930] [bt_navigator]: Goal failed
[INFO] [1782957427.835679549] [bt_navigator]: Begin navigating from current location (1.91, 4.50) to (0.27, 0.74)
[ERROR] [1782957457.811525438] [bt_navigator_navigate_to_pose_rclcpp_node]: Failed to get result for follow_path in node halt!
[ERROR] [1782957487.315343377] [bt_navigator_navigate_to_pose_rclcpp_node]: Failed to get result for compute_path_to_pose in node halt!
[WARN] [1782957487.315646657] [bt_navigator]: [navigate_to_pose] [ActionServer] Aborting handle.
[ERROR] [1782957487.316335809] [bt_navigator]: Goal failed
[INFO] [1782957720.800003635] [rclcpp]: signal_handler(SIGINT/SIGTERM)
[INFO] [1782957720.800471897] [bt_navigator]: Running Nav2 LifecycleNode rcl preshutdown (bt_navigator)
[INFO] [1782957720.805794465] [bt_navigator]: Deactivating
[INFO] [1782957720.814454126] [bt_navigator]: Destroying bond (bt_navigator) to lifecycle manager.
[INFO] [1782957720.887993236] [bt_navigator]: Cleaning up
[INFO] [1782957722.262392415] [bt_navigator]: Completed Cleaning up
[INFO] [1782957722.262509230] [bt_navigator]: Destroying bond (bt_navigator) to lifecycle manager.
