[INFO] [1783018999.518001263] [bt_navigator]: 
	bt_navigator lifecycle node launched. 
	Waiting on external lifecycle transitions to activate
	See https://design.ros2.org/articles/node_lifecycle.html for more information.
[INFO] [1783018999.529552250] [bt_navigator]: Creating
[INFO] [1783019004.359019264] [bt_navigator]: Configuring
[INFO] [1783019004.394867509] [bt_navigator]: Creating navigator id navigate_to_pose of type nav2_bt_navigator::NavigateToPoseNavigator
[INFO] [1783019004.803613523] [bt_navigator]: Creating navigator id navigate_through_poses of type nav2_bt_navigator::NavigateThroughPosesNavigator
[INFO] [1783019008.595095398] [bt_navigator]: Activating
[INFO] [1783019009.074487267] [bt_navigator]: Creating bond (bt_navigator) to lifecycle manager.
[INFO] [1783019064.324859782] [bt_navigator]: Begin navigating from current location (-0.85, 23.79) to (0.29, 25.97)
[ERROR] [1783019067.443214929] [bt_navigator_navigate_to_pose_rclcpp_node]: Failed to get result for follow_path in node halt!
[INFO] [1783019123.758469361] [rclcpp]: signal_handler(SIGINT/SIGTERM)
[INFO] [1783019123.758620788] [bt_navigator]: Running Nav2 LifecycleNode rcl preshutdown (bt_navigator)
[INFO] [1783019123.758729659] [bt_navigator]: Deactivating
[WARN] [1783019123.758761825] [bt_navigator]: [navigate_to_pose] [ActionServer] Requested to deactivate server but goal is still executing. Should check if action server is running before deactivating.
[WARN] [1783019123.800136623] [bt_navigator]: [navigate_to_pose] [ActionServer] Aborting handle.
[INFO] [1783019123.800565181] [bt_navigator]: Goal canceled
[WARN] [1783019123.816084813] [bt_navigator]: [navigate_to_pose] [ActionServer] Stopping the thread per request.
[INFO] [1783019123.819991129] [bt_navigator]: Destroying bond (bt_navigator) to lifecycle manager.
[INFO] [1783019123.925964451] [bt_navigator]: Cleaning up
[INFO] [1783019125.869255197] [bt_navigator]: Completed Cleaning up
[INFO] [1783019125.869378809] [bt_navigator]: Destroying bond (bt_navigator) to lifecycle manager.
