[INFO] [1785902819.234524891] [bt_navigator]: 
	bt_navigator lifecycle node launched. 
	Waiting on external lifecycle transitions to activate
	See https://design.ros2.org/articles/node_lifecycle.html for more information.
[INFO] [1785902819.251262937] [bt_navigator]: Creating
[INFO] [1785902822.569223926] [bt_navigator]: Configuring
[INFO] [1785902822.610694002] [bt_navigator]: Creating navigator id navigate_to_pose of type nav2_bt_navigator::NavigateToPoseNavigator
[INFO] [1785902823.191873680] [bt_navigator]: Creating navigator id navigate_through_poses of type nav2_bt_navigator::NavigateThroughPosesNavigator
[INFO] [1785902828.398864722] [bt_navigator]: Activating
[INFO] [1785902829.011218517] [bt_navigator]: Creating bond (bt_navigator) to lifecycle manager.
[INFO] [1785902860.952277677] [bt_navigator]: Begin navigating from current location (24.08, -48.98) to (24.22, -44.75)
[WARN] [1785902864.362895923] [bt_navigator_navigate_to_pose_rclcpp_node]: Timed out while waiting for action server to acknowledge goal request for compute_path_to_pose
[ERROR] [1785902864.393484482] [bt_navigator_navigate_to_pose_rclcpp_node]: Failed to get result for follow_path in node halt!
[WARN] [1785902864.394868229] [bt_navigator]: [navigate_to_pose] [ActionServer] Aborting handle.
[ERROR] [1785902864.396881776] [bt_navigator]: Goal failed
[INFO] [1785902915.695457440] [bt_navigator]: Begin navigating from current location (24.08, -48.98) to (24.19, -44.78)
[WARN] [1785902930.407115741] [bt_navigator_navigate_to_pose_rclcpp_node]: Timed out while waiting for action server to acknowledge goal request for compute_path_to_pose
[WARN] [1785902930.487055712] [bt_navigator]: [navigate_to_pose] [ActionServer] Aborting handle.
[ERROR] [1785902930.489738595] [bt_navigator]: Goal failed
[INFO] [1785902986.825402477] [bt_navigator]: Begin navigating from current location (25.48, -47.22) to (24.22, -44.81)
[WARN] [1785902999.108478939] [bt_navigator_navigate_to_pose_rclcpp_node]: Timed out while waiting for action server to acknowledge goal request for compute_path_to_pose
[ERROR] [1785902999.138000030] [bt_navigator_navigate_to_pose_rclcpp_node]: Failed to get result for follow_path in node halt!
[WARN] [1785902999.148830102] [bt_navigator]: [navigate_to_pose] [ActionServer] Aborting handle.
[ERROR] [1785902999.176170553] [bt_navigator]: Goal failed
[INFO] [1785903074.906794847] [bt_navigator]: Begin navigating from current location (26.46, -46.69) to (24.13, -44.68)
[WARN] [1785903078.850773644] [bt_navigator_navigate_to_pose_rclcpp_node]: Timed out while waiting for action server to acknowledge goal request for follow_path
[WARN] [1785903078.859315945] [bt_navigator]: [navigate_to_pose] [ActionServer] Aborting handle.
[ERROR] [1785903078.860904175] [bt_navigator]: Goal failed
[INFO] [1785903094.345211919] [rclcpp]: signal_handler(SIGINT/SIGTERM)
[INFO] [1785903094.345290752] [bt_navigator]: Running Nav2 LifecycleNode rcl preshutdown (bt_navigator)
[INFO] [1785903094.345409420] [bt_navigator]: Deactivating
[INFO] [1785903094.345466512] [bt_navigator]: Destroying bond (bt_navigator) to lifecycle manager.
[INFO] [1785903094.405154420] [bt_navigator]: Cleaning up
[INFO] [1785903096.570428990] [bt_navigator]: Completed Cleaning up
[INFO] [1785903096.570539397] [bt_navigator]: Destroying bond (bt_navigator) to lifecycle manager.
