[INFO] [1785384790.151684759] [bt_navigator]: 
	bt_navigator lifecycle node launched. 
	Waiting on external lifecycle transitions to activate
	See https://design.ros2.org/articles/node_lifecycle.html for more information.
[INFO] [1785384790.188729793] [bt_navigator]: Creating
[INFO] [1785384792.675104809] [bt_navigator]: Configuring
[INFO] [1785384792.776943176] [bt_navigator]: Creating navigator id navigate_to_pose of type nav2_bt_navigator::NavigateToPoseNavigator
[INFO] [1785384793.511674696] [bt_navigator]: Creating navigator id navigate_through_poses of type nav2_bt_navigator::NavigateThroughPosesNavigator
[INFO] [1785384798.100312904] [bt_navigator]: Activating
[INFO] [1785384798.495332990] [bt_navigator]: Creating bond (bt_navigator) to lifecycle manager.
[INFO] [1785384802.448877126] [bt_navigator]: Begin navigating from current location (28.31, -46.78) to (24.36, -44.68)
[INFO] [1785384806.897422538] [bt_navigator]: Received goal preemption request
[INFO] [1785384806.898100431] [bt_navigator]: Begin navigating from current location (28.26, -46.60) to (44.71, -71.18)
[INFO] [1785384815.386807318] [bt_navigator]: Received goal preemption request
[INFO] [1785384815.389434370] [bt_navigator]: Begin navigating from current location (28.62, -46.83) to (44.71, -71.18)
[INFO] [1785384900.102587287] [rclcpp]: signal_handler(SIGINT/SIGTERM)
[INFO] [1785384900.102718213] [bt_navigator]: Running Nav2 LifecycleNode rcl preshutdown (bt_navigator)
[INFO] [1785384900.102821066] [bt_navigator]: Deactivating
[WARN] [1785384900.102857881] [bt_navigator]: [navigate_to_pose] [ActionServer] Requested to deactivate server but goal is still executing. Should check if action server is running before deactivating.
[ERROR] [1785384900.137888200] [bt_navigator_navigate_to_pose_rclcpp_node]: Failed to get result for follow_path in node halt!
[WARN] [1785384900.138611815] [bt_navigator]: [navigate_to_pose] [ActionServer] Aborting handle.
[INFO] [1785384900.143498508] [bt_navigator]: Goal canceled
[WARN] [1785384900.146799730] [bt_navigator]: [navigate_to_pose] [ActionServer] Stopping the thread per request.
[INFO] [1785384900.152466335] [bt_navigator]: Destroying bond (bt_navigator) to lifecycle manager.
[INFO] [1785384900.175619775] [bt_navigator]: Cleaning up
[INFO] [1785384901.640318419] [bt_navigator]: Completed Cleaning up
[INFO] [1785384901.640416383] [bt_navigator]: Destroying bond (bt_navigator) to lifecycle manager.
