[INFO] [1783019777.820501977] [bt_navigator]: 
	bt_navigator lifecycle node launched. 
	Waiting on external lifecycle transitions to activate
	See https://design.ros2.org/articles/node_lifecycle.html for more information.
[INFO] [1783019777.829122077] [bt_navigator]: Creating
[INFO] [1783019781.898401691] [bt_navigator]: Configuring
[INFO] [1783019781.939802980] [bt_navigator]: Creating navigator id navigate_to_pose of type nav2_bt_navigator::NavigateToPoseNavigator
[INFO] [1783019782.280711931] [bt_navigator]: Creating navigator id navigate_through_poses of type nav2_bt_navigator::NavigateThroughPosesNavigator
[INFO] [1783019785.980623391] [bt_navigator]: Activating
[INFO] [1783019786.466898539] [bt_navigator]: Creating bond (bt_navigator) to lifecycle manager.
[INFO] [1783019808.795809452] [bt_navigator]: Begin navigating from current location (0.25, 25.00) to (1.34, 26.88)
[ERROR] [1783019838.623385833] [bt_navigator_navigate_to_pose_rclcpp_node]: Failed to get result for follow_path in node halt!
[ERROR] [1783019864.045739249] [bt_navigator_navigate_to_pose_rclcpp_node]: Failed to get result for compute_path_to_pose in node halt!
[WARN] [1783019864.046038862] [bt_navigator]: [navigate_to_pose] [ActionServer] Aborting handle.
[ERROR] [1783019864.047073830] [bt_navigator]: Goal failed
[INFO] [1783019866.961297184] [rclcpp]: signal_handler(SIGINT/SIGTERM)
[INFO] [1783019866.961384888] [bt_navigator]: Running Nav2 LifecycleNode rcl preshutdown (bt_navigator)
[INFO] [1783019866.961527685] [bt_navigator]: Deactivating
[INFO] [1783019866.961579685] [bt_navigator]: Destroying bond (bt_navigator) to lifecycle manager.
[INFO] [1783019866.983443928] [bt_navigator]: Cleaning up
[INFO] [1783019868.793089931] [bt_navigator]: Completed Cleaning up
[INFO] [1783019868.793203172] [bt_navigator]: Destroying bond (bt_navigator) to lifecycle manager.
