[INFO] [1782957960.366170479] [bt_navigator]: 
	bt_navigator lifecycle node launched. 
	Waiting on external lifecycle transitions to activate
	See https://design.ros2.org/articles/node_lifecycle.html for more information.
[INFO] [1782957960.387360917] [bt_navigator]: Creating
[INFO] [1782957963.822321811] [bt_navigator]: Configuring
[INFO] [1782957963.865224522] [bt_navigator]: Creating navigator id navigate_to_pose of type nav2_bt_navigator::NavigateToPoseNavigator
[INFO] [1782957964.153788726] [bt_navigator]: Creating navigator id navigate_through_poses of type nav2_bt_navigator::NavigateThroughPosesNavigator
[INFO] [1782958002.726204135] [bt_navigator]: Activating
[INFO] [1782958003.762293026] [bt_navigator]: Creating bond (bt_navigator) to lifecycle manager.
[INFO] [1782958023.600178528] [bt_navigator]: Begin navigating from current location (2.25, 5.10) to (0.85, 2.31)
[WARN] [1782958034.927483524] [bt_navigator_navigate_to_pose_rclcpp_node]: Timed out while waiting for action server to acknowledge goal request for compute_path_to_pose
[ERROR] [1782958034.951774572] [bt_navigator_navigate_to_pose_rclcpp_node]: Failed to get result for follow_path in node halt!
[WARN] [1782958034.956486729] [bt_navigator]: [navigate_to_pose] [ActionServer] Aborting handle.
[ERROR] [1782958034.960110083] [bt_navigator]: Goal failed
[INFO] [1782958556.603444093] [rclcpp]: signal_handler(SIGINT/SIGTERM)
[INFO] [1782958556.603543426] [bt_navigator]: Running Nav2 LifecycleNode rcl preshutdown (bt_navigator)
[INFO] [1782958556.603784169] [bt_navigator]: Deactivating
[INFO] [1782958556.603903225] [bt_navigator]: Destroying bond (bt_navigator) to lifecycle manager.
[INFO] [1782958556.756772475] [bt_navigator]: Cleaning up
[INFO] [1782958557.757727571] [bt_navigator]: Completed Cleaning up
[INFO] [1782958557.757811145] [bt_navigator]: Destroying bond (bt_navigator) to lifecycle manager.
