[INFO] [1783383287.861182808] [bt_navigator]: 
	bt_navigator lifecycle node launched. 
	Waiting on external lifecycle transitions to activate
	See https://design.ros2.org/articles/node_lifecycle.html for more information.
[INFO] [1783383287.868214997] [bt_navigator]: Creating
[INFO] [1783383292.742065370] [bt_navigator]: Configuring
[INFO] [1783383292.777163541] [bt_navigator]: Creating navigator id navigate_to_pose of type nav2_bt_navigator::NavigateToPoseNavigator
[INFO] [1783383293.006293418] [bt_navigator]: Creating navigator id navigate_through_poses of type nav2_bt_navigator::NavigateThroughPosesNavigator
[INFO] [1783383296.556659278] [bt_navigator]: Activating
[INFO] [1783383297.097730282] [bt_navigator]: Creating bond (bt_navigator) to lifecycle manager.
[INFO] [1783383319.397397359] [bt_navigator]: Begin navigating from current location (2.64, 5.28) to (4.07, 7.69)
[INFO] [1783383409.878146006] [bt_navigator]: Goal succeeded
[INFO] [1783383451.419765034] [bt_navigator]: Begin navigating from current location (4.02, 7.50) to (1.75, 3.58)
[ERROR] [1783383499.503536953] [bt_navigator_navigate_to_pose_rclcpp_node]: Failed to get result for compute_path_to_pose in node halt!
[WARN] [1783383525.542020507] [bt_navigator]: [navigate_to_pose] [ActionServer] Aborting handle.
[ERROR] [1783383525.542673511] [bt_navigator]: Goal failed
[INFO] [1783385695.071407140] [rclcpp]: signal_handler(SIGINT/SIGTERM)
[INFO] [1783385695.071516733] [bt_navigator]: Running Nav2 LifecycleNode rcl preshutdown (bt_navigator)
[INFO] [1783385695.071662845] [bt_navigator]: Deactivating
[INFO] [1783385695.071724586] [bt_navigator]: Destroying bond (bt_navigator) to lifecycle manager.
[INFO] [1783385695.096298232] [bt_navigator]: Cleaning up
[INFO] [1783385696.572477388] [bt_navigator]: Completed Cleaning up
[INFO] [1783385696.572565333] [bt_navigator]: Destroying bond (bt_navigator) to lifecycle manager.
