[INFO] [1784068842.074311674] [bt_navigator]: 
	bt_navigator lifecycle node launched. 
	Waiting on external lifecycle transitions to activate
	See https://design.ros2.org/articles/node_lifecycle.html for more information.
[INFO] [1784068842.156225191] [bt_navigator]: Creating
[INFO] [1784068846.445527052] [bt_navigator]: Configuring
[INFO] [1784068846.508052756] [bt_navigator]: Creating navigator id navigate_to_pose of type nav2_bt_navigator::NavigateToPoseNavigator
[INFO] [1784068846.757403124] [bt_navigator]: Creating navigator id navigate_through_poses of type nav2_bt_navigator::NavigateThroughPosesNavigator
[INFO] [1784068850.324936861] [bt_navigator]: Activating
[INFO] [1784068850.758018357] [bt_navigator]: Creating bond (bt_navigator) to lifecycle manager.
[INFO] [1784068871.550751086] [bt_navigator]: Begin navigating from current location (-10.49, -43.23) to (-18.91, -42.73)
[WARN] [1784068909.754436056] [bt_navigator_navigate_to_pose_rclcpp_node]: Timed out while waiting for action server to acknowledge goal request for compute_path_to_pose
[ERROR] [1784068909.795842641] [bt_navigator_navigate_to_pose_rclcpp_node]: Failed to get result for follow_path in node halt!
[WARN] [1784068909.796220976] [bt_navigator]: [navigate_to_pose] [ActionServer] Aborting handle.
[ERROR] [1784068909.796592552] [bt_navigator]: Goal failed
[INFO] [1784068941.166133189] [bt_navigator]: Begin navigating from current location (-10.49, -43.23) to (-10.17, -42.78)
[INFO] [1784069104.944069711] [bt_navigator]: Deactivating
[WARN] [1784069104.944131693] [bt_navigator]: [navigate_to_pose] [ActionServer] Requested to deactivate server but goal is still executing. Should check if action server is running before deactivating.
[ERROR] [1784069104.980112711] [bt_navigator_navigate_to_pose_rclcpp_node]: Failed to get result for spin in node halt!
[WARN] [1784069104.980355638] [bt_navigator]: [navigate_to_pose] [ActionServer] Aborting handle.
[INFO] [1784069104.980670529] [bt_navigator]: Goal canceled
[WARN] [1784069104.980720918] [bt_navigator]: [navigate_to_pose] [ActionServer] Stopping the thread per request.
[INFO] [1784069104.980935512] [bt_navigator]: Destroying bond (bt_navigator) to lifecycle manager.
[INFO] [1784069106.362184630] [bt_navigator]: Cleaning up
[INFO] [1784069106.924202186] [bt_navigator]: Completed Cleaning up
[INFO] [1784069139.890072006] [rclcpp]: signal_handler(SIGINT/SIGTERM)
[INFO] [1784069139.890222599] [bt_navigator]: Running Nav2 LifecycleNode rcl preshutdown (bt_navigator)
[INFO] [1784069139.890322729] [bt_navigator]: Destroying bond (bt_navigator) to lifecycle manager.
