[INFO] [1784155402.384770943] [bt_navigator]: 
	bt_navigator lifecycle node launched. 
	Waiting on external lifecycle transitions to activate
	See https://design.ros2.org/articles/node_lifecycle.html for more information.
[INFO] [1784155402.454293424] [bt_navigator]: Creating
[INFO] [1784155405.355677514] [bt_navigator]: Configuring
[INFO] [1784155405.392988857] [bt_navigator]: Creating navigator id navigate_to_pose of type nav2_bt_navigator::NavigateToPoseNavigator
[INFO] [1784155405.931969699] [bt_navigator]: Creating navigator id navigate_through_poses of type nav2_bt_navigator::NavigateThroughPosesNavigator
[INFO] [1784155409.595112369] [bt_navigator]: Activating
[INFO] [1784155410.216068664] [bt_navigator]: Creating bond (bt_navigator) to lifecycle manager.
[INFO] [1784155430.721216488] [bt_navigator]: Begin navigating from current location (-9.73, 6.72) to (-10.20, -2.04)
[INFO] [1784155495.080131427] [bt_navigator]: Goal succeeded
[INFO] [1784155544.306403291] [bt_navigator]: Begin navigating from current location (-10.06, -1.83) to (-9.93, 5.49)
[INFO] [1784155657.218064070] [bt_navigator]: Goal succeeded
[INFO] [1784155944.483693173] [bt_navigator]: Begin navigating from current location (-10.38, 5.81) to (-9.54, 4.93)
[INFO] [1784156091.075756871] [bt_navigator]: Goal succeeded
[INFO] [1784156404.585539226] [bt_navigator]: Begin navigating from current location (-9.71, 4.71) to (-9.94, 1.15)
[INFO] [1784156430.439893876] [bt_navigator]: Goal succeeded
[INFO] [1784156556.214119243] [bt_navigator]: Begin navigating from current location (-10.17, 1.68) to (-8.67, 3.90)
[INFO] [1784156626.375721078] [bt_navigator]: Goal succeeded
[INFO] [1784157209.215649190] [bt_navigator]: Begin navigating from current location (-8.66, 3.76) to (-9.89, 0.24)
[INFO] [1784157339.261334648] [bt_navigator]: Goal succeeded
[INFO] [1784157564.471085944] [bt_navigator]: Begin navigating from current location (-9.47, 0.38) to (-9.75, 6.01)
[WARN] [1784157615.280803763] [bt_navigator_navigate_to_pose_rclcpp_node]: Timed out while waiting for action server to acknowledge goal request for compute_path_to_pose
[ERROR] [1784157615.305357697] [bt_navigator_navigate_to_pose_rclcpp_node]: Failed to get result for follow_path in node halt!
[WARN] [1784157615.305765773] [bt_navigator]: [navigate_to_pose] [ActionServer] Aborting handle.
[ERROR] [1784157615.306844409] [bt_navigator]: Goal failed
[INFO] [1784158868.986267323] [bt_navigator]: Begin navigating from current location (-9.92, 6.08) to (-10.27, 0.15)
[ERROR] [1784158878.270418418] [bt_navigator_navigate_to_pose_rclcpp_node]: Failed to get result for follow_path in node halt!
[INFO] [1784158942.939771002] [rclcpp]: signal_handler(SIGINT/SIGTERM)
[INFO] [1784158942.939951910] [bt_navigator]: Running Nav2 LifecycleNode rcl preshutdown (bt_navigator)
[INFO] [1784158942.940108244] [bt_navigator]: Deactivating
[WARN] [1784158942.940141355] [bt_navigator]: [navigate_to_pose] [ActionServer] Requested to deactivate server but goal is still executing. Should check if action server is running before deactivating.
[ERROR] [1784158942.965224542] [bt_navigator_navigate_to_pose_rclcpp_node]: Failed to cancel action server for follow_path
[ERROR] [1784158942.985856057] [bt_navigator_navigate_to_pose_rclcpp_node]: Failed to get result for follow_path in node halt!
[WARN] [1784158942.990130228] [bt_navigator]: [navigate_to_pose] [ActionServer] Aborting handle.
[INFO] [1784158942.993522931] [bt_navigator]: Goal canceled
[WARN] [1784158942.993627691] [bt_navigator]: [navigate_to_pose] [ActionServer] Stopping the thread per request.
[INFO] [1784158942.994115082] [bt_navigator]: Destroying bond (bt_navigator) to lifecycle manager.
[INFO] [1784158943.104035175] [bt_navigator]: Cleaning up
[INFO] [1784158945.084163324] [bt_navigator]: Completed Cleaning up
[INFO] [1784158945.084336436] [bt_navigator]: Destroying bond (bt_navigator) to lifecycle manager.
