[INFO] [1785386255.724407298] [bt_navigator]: 
	bt_navigator lifecycle node launched. 
	Waiting on external lifecycle transitions to activate
	See https://design.ros2.org/articles/node_lifecycle.html for more information.
[INFO] [1785386255.731453540] [bt_navigator]: Creating
[INFO] [1785386262.637998164] [bt_navigator]: Configuring
[INFO] [1785386262.664052175] [bt_navigator]: Creating navigator id navigate_to_pose of type nav2_bt_navigator::NavigateToPoseNavigator
[INFO] [1785386263.302765027] [bt_navigator]: Creating navigator id navigate_through_poses of type nav2_bt_navigator::NavigateThroughPosesNavigator
[INFO] [1785386268.291828978] [bt_navigator]: Activating
[INFO] [1785386273.617743904] [bt_navigator]: Creating bond (bt_navigator) to lifecycle manager.
[INFO] [1785386344.062153836] [bt_navigator]: Begin navigating from current location (35.54, -55.69) to (42.06, -67.94)
[INFO] [1785386472.214623012] [bt_navigator]: Goal succeeded
[INFO] [1785386705.221049010] [bt_navigator]: Begin navigating from current location (42.17, -68.14) to (38.11, -58.03)
[INFO] [1785386815.630802613] [bt_navigator]: Goal succeeded
[INFO] [1785387100.725311830] [bt_navigator]: Begin navigating from current location (38.17, -58.42) to (24.36, -44.68)
[WARN] [1785387493.404288084] [bt_navigator]: [navigate_to_pose] [ActionServer] Aborting handle.
[ERROR] [1785387493.404831624] [bt_navigator]: Goal failed
[INFO] [1785387554.608567123] [bt_navigator]: Begin navigating from current location (25.65, -44.94) to (24.34, -44.74)
[INFO] [1785387692.295549336] [rclcpp]: signal_handler(SIGINT/SIGTERM)
[INFO] [1785387692.295947894] [bt_navigator]: Running Nav2 LifecycleNode rcl preshutdown (bt_navigator)
[INFO] [1785387692.297250308] [bt_navigator]: Deactivating
[WARN] [1785387692.297452032] [bt_navigator]: [navigate_to_pose] [ActionServer] Requested to deactivate server but goal is still executing. Should check if action server is running before deactivating.
[ERROR] [1785387692.321289013] [bt_navigator_navigate_to_pose_rclcpp_node]: Failed to get result for follow_path in node halt!
[WARN] [1785387692.323610895] [bt_navigator]: [navigate_to_pose] [ActionServer] Aborting handle.
[INFO] [1785387692.326560930] [bt_navigator]: Goal canceled
[WARN] [1785387692.327790196] [bt_navigator]: [navigate_to_pose] [ActionServer] Stopping the thread per request.
[INFO] [1785387692.332069071] [bt_navigator]: Destroying bond (bt_navigator) to lifecycle manager.
[INFO] [1785387692.354250691] [bt_navigator]: Cleaning up
[INFO] [1785387694.789620329] [bt_navigator]: Completed Cleaning up
[INFO] [1785387694.789726033] [bt_navigator]: Destroying bond (bt_navigator) to lifecycle manager.
