[INFO] [1784077795.711988566] [bt_navigator]: 
	bt_navigator lifecycle node launched. 
	Waiting on external lifecycle transitions to activate
	See https://design.ros2.org/articles/node_lifecycle.html for more information.
[INFO] [1784077795.727792166] [bt_navigator]: Creating
[INFO] [1784077799.756396257] [bt_navigator]: Configuring
[INFO] [1784077799.822139860] [bt_navigator]: Creating navigator id navigate_to_pose of type nav2_bt_navigator::NavigateToPoseNavigator
[INFO] [1784077800.253886570] [bt_navigator]: Creating navigator id navigate_through_poses of type nav2_bt_navigator::NavigateThroughPosesNavigator
[INFO] [1784077803.836460452] [bt_navigator]: Activating
[INFO] [1784077804.389207320] [bt_navigator]: Creating bond (bt_navigator) to lifecycle manager.
[INFO] [1784077839.273926216] [bt_navigator]: Begin navigating from current location (3.57, 31.98) to (2.39, 28.20)
[WARN] [1784077991.384977665] [bt_navigator]: [navigate_to_pose] [ActionServer] Aborting handle.
[ERROR] [1784077991.385950708] [bt_navigator]: Goal failed
[INFO] [1784077993.118866287] [rclcpp]: signal_handler(SIGINT/SIGTERM)
[INFO] [1784077993.118965677] [bt_navigator]: Running Nav2 LifecycleNode rcl preshutdown (bt_navigator)
[INFO] [1784077993.119079566] [bt_navigator]: Deactivating
[INFO] [1784077993.119144937] [bt_navigator]: Destroying bond (bt_navigator) to lifecycle manager.
[INFO] [1784077993.141420505] [bt_navigator]: Cleaning up
[INFO] [1784077994.618676791] [bt_navigator]: Completed Cleaning up
[INFO] [1784077994.618766310] [bt_navigator]: Destroying bond (bt_navigator) to lifecycle manager.
