[INFO] [1784004332.761561193] [bt_navigator]: 
	bt_navigator lifecycle node launched. 
	Waiting on external lifecycle transitions to activate
	See https://design.ros2.org/articles/node_lifecycle.html for more information.
[INFO] [1784004332.765903199] [bt_navigator]: Creating
[INFO] [1784004336.202067781] [bt_navigator]: Configuring
[INFO] [1784004336.243955406] [bt_navigator]: Creating navigator id navigate_to_pose of type nav2_bt_navigator::NavigateToPoseNavigator
[INFO] [1784004336.532347537] [bt_navigator]: Creating navigator id navigate_through_poses of type nav2_bt_navigator::NavigateThroughPosesNavigator
[INFO] [1784004340.418827351] [bt_navigator]: Activating
[INFO] [1784004340.927639191] [bt_navigator]: Creating bond (bt_navigator) to lifecycle manager.
[INFO] [1784004429.264195665] [bt_navigator]: Begin navigating from current location (-8.33, -42.37) to (-13.03, -43.46)
[INFO] [1784004585.075879816] [bt_navigator]: Goal succeeded
[INFO] [1784004612.563884070] [bt_navigator]: Begin navigating from current location (-12.91, -43.33) to (-10.35, -42.75)
[WARN] [1784004699.404186545] [bt_navigator]: [navigate_to_pose] [ActionServer] Aborting handle.
[ERROR] [1784004699.404666992] [bt_navigator]: Goal failed
[INFO] [1784004733.508048233] [bt_navigator]: Begin navigating from current location (-13.31, -43.63) to (-10.44, -42.90)
[WARN] [1784004794.199188051] [bt_navigator]: [navigate_to_pose] [ActionServer] Aborting handle.
[ERROR] [1784004794.200267261] [bt_navigator]: Goal failed
[INFO] [1784004902.484000750] [rclcpp]: signal_handler(SIGINT/SIGTERM)
[INFO] [1784004902.484166566] [bt_navigator]: Running Nav2 LifecycleNode rcl preshutdown (bt_navigator)
[INFO] [1784004902.484308104] [bt_navigator]: Deactivating
[INFO] [1784004902.484383160] [bt_navigator]: Destroying bond (bt_navigator) to lifecycle manager.
[INFO] [1784004902.567509745] [bt_navigator]: Cleaning up
[INFO] [1784004903.969682109] [bt_navigator]: Completed Cleaning up
[INFO] [1784004903.969897721] [bt_navigator]: Destroying bond (bt_navigator) to lifecycle manager.
