[INFO] [1783135534.158172760] [bt_navigator]: 
	bt_navigator lifecycle node launched. 
	Waiting on external lifecycle transitions to activate
	See https://design.ros2.org/articles/node_lifecycle.html for more information.
[INFO] [1783135534.166282102] [bt_navigator]: Creating
[INFO] [1783135539.989147655] [bt_navigator]: Configuring
[INFO] [1783135540.018447003] [bt_navigator]: Creating navigator id navigate_to_pose of type nav2_bt_navigator::NavigateToPoseNavigator
[INFO] [1783135540.257351349] [bt_navigator]: Creating navigator id navigate_through_poses of type nav2_bt_navigator::NavigateThroughPosesNavigator
[INFO] [1783135543.805450060] [bt_navigator]: Activating
[INFO] [1783135544.295776192] [bt_navigator]: Creating bond (bt_navigator) to lifecycle manager.
[INFO] [1783135562.620473756] [bt_navigator]: Begin navigating from current location (0.61, 1.60) to (-0.50, -0.18)
[INFO] [1783135650.955774975] [rclcpp]: signal_handler(SIGINT/SIGTERM)
[INFO] [1783135650.955919457] [bt_navigator]: Running Nav2 LifecycleNode rcl preshutdown (bt_navigator)
[INFO] [1783135650.956024013] [bt_navigator]: Deactivating
[WARN] [1783135650.956062699] [bt_navigator]: [navigate_to_pose] [ActionServer] Requested to deactivate server but goal is still executing. Should check if action server is running before deactivating.
[ERROR] [1783135650.983338869] [bt_navigator_navigate_to_pose_rclcpp_node]: Failed to get result for spin in node halt!
[WARN] [1783135650.990220389] [bt_navigator]: [navigate_to_pose] [ActionServer] Aborting handle.
[INFO] [1783135650.998890678] [bt_navigator]: Goal canceled
[WARN] [1783135650.999026512] [bt_navigator]: [navigate_to_pose] [ActionServer] Stopping the thread per request.
[INFO] [1783135651.000225759] [bt_navigator]: Destroying bond (bt_navigator) to lifecycle manager.
[INFO] [1783135651.025508751] [bt_navigator]: Cleaning up
[INFO] [1783135652.320542316] [bt_navigator]: Completed Cleaning up
[INFO] [1783135652.320640113] [bt_navigator]: Destroying bond (bt_navigator) to lifecycle manager.
