[INFO] [1783385912.957306149] [bt_navigator]: 
	bt_navigator lifecycle node launched. 
	Waiting on external lifecycle transitions to activate
	See https://design.ros2.org/articles/node_lifecycle.html for more information.
[INFO] [1783385912.993846124] [bt_navigator]: Creating
[INFO] [1783385916.347547427] [bt_navigator]: Configuring
[INFO] [1783385916.392853288] [bt_navigator]: Creating navigator id navigate_to_pose of type nav2_bt_navigator::NavigateToPoseNavigator
[INFO] [1783385916.700024757] [bt_navigator]: Creating navigator id navigate_through_poses of type nav2_bt_navigator::NavigateThroughPosesNavigator
[INFO] [1783385920.279417822] [bt_navigator]: Activating
[INFO] [1783385920.820228361] [bt_navigator]: Creating bond (bt_navigator) to lifecycle manager.
[INFO] [1783385942.921299329] [bt_navigator]: Begin navigating from current location (4.00, 7.67) to (1.73, 3.86)
[INFO] [1783385981.521975825] [bt_navigator]: Goal succeeded
[INFO] [1783385998.259297744] [bt_navigator]: Begin navigating from current location (1.81, 3.97) to (3.26, 6.51)
[INFO] [1783386082.820398689] [bt_navigator]: Goal succeeded
[INFO] [1783386101.567249074] [bt_navigator]: Begin navigating from current location (3.02, 6.53) to (5.00, 9.68)
[INFO] [1783386137.647822793] [bt_navigator]: Goal succeeded
[INFO] [1783386289.780310662] [rclcpp]: signal_handler(SIGINT/SIGTERM)
[INFO] [1783386289.780387496] [bt_navigator]: Running Nav2 LifecycleNode rcl preshutdown (bt_navigator)
[INFO] [1783386289.781049444] [bt_navigator]: Deactivating
[INFO] [1783386289.782862047] [bt_navigator]: Destroying bond (bt_navigator) to lifecycle manager.
[INFO] [1783386289.816934508] [bt_navigator]: Cleaning up
[INFO] [1783386291.585830657] [bt_navigator]: Completed Cleaning up
[INFO] [1783386291.585956010] [bt_navigator]: Destroying bond (bt_navigator) to lifecycle manager.
