[INFO] [1785287949.318480794] [bt_navigator]: 
	bt_navigator lifecycle node launched. 
	Waiting on external lifecycle transitions to activate
	See https://design.ros2.org/articles/node_lifecycle.html for more information.
[INFO] [1785287949.345319115] [bt_navigator]: Creating
[INFO] [1785287953.744785510] [bt_navigator]: Configuring
[INFO] [1785287953.775608462] [bt_navigator]: Creating navigator id navigate_to_pose of type nav2_bt_navigator::NavigateToPoseNavigator
[INFO] [1785287953.995367187] [bt_navigator]: Creating navigator id navigate_through_poses of type nav2_bt_navigator::NavigateThroughPosesNavigator
[INFO] [1785287959.359749506] [bt_navigator]: Activating
[INFO] [1785287959.815404592] [bt_navigator]: Creating bond (bt_navigator) to lifecycle manager.
[INFO] [1785288021.951208168] [bt_navigator]: Begin navigating from current location (24.81, -49.55) to (26.74, -47.35)
[INFO] [1785288099.055927657] [bt_navigator]: Goal succeeded
[INFO] [1785288227.269755704] [bt_navigator]: Begin navigating from current location (26.43, -47.58) to (24.18, -42.11)
[INFO] [1785288271.678637566] [bt_navigator]: Goal succeeded
[INFO] [1785288286.177183799] [bt_navigator]: Begin navigating from current location (24.32, -42.32) to (24.98, -49.27)
[INFO] [1785288449.011150275] [bt_navigator]: Goal succeeded
[INFO] [1785288693.454707249] [bt_navigator]: Begin navigating from current location (25.08, -49.04) to (25.33, -48.26)
[INFO] [1785288738.284479250] [bt_navigator]: Goal succeeded
[INFO] [1785289205.266469406] [rclcpp]: signal_handler(SIGINT/SIGTERM)
[INFO] [1785289205.266564036] [bt_navigator]: Running Nav2 LifecycleNode rcl preshutdown (bt_navigator)
[INFO] [1785289205.266705167] [bt_navigator]: Deactivating
[INFO] [1785289205.266754630] [bt_navigator]: Destroying bond (bt_navigator) to lifecycle manager.
[INFO] [1785289205.277364311] [bt_navigator]: Cleaning up
[INFO] [1785289206.490466564] [bt_navigator]: Completed Cleaning up
[INFO] [1785289206.490550527] [bt_navigator]: Destroying bond (bt_navigator) to lifecycle manager.
