[INFO] [1785908022.738471728] [bt_navigator]: 
	bt_navigator lifecycle node launched. 
	Waiting on external lifecycle transitions to activate
	See https://design.ros2.org/articles/node_lifecycle.html for more information.
[INFO] [1785908022.810857548] [bt_navigator]: Creating
[INFO] [1785908027.361650050] [bt_navigator]: Configuring
[INFO] [1785908027.397376475] [bt_navigator]: Creating navigator id navigate_to_pose of type nav2_bt_navigator::NavigateToPoseNavigator
[INFO] [1785908027.796093042] [bt_navigator]: Creating navigator id navigate_through_poses of type nav2_bt_navigator::NavigateThroughPosesNavigator
[INFO] [1785908032.831049605] [bt_navigator]: Activating
[INFO] [1785908033.344871442] [bt_navigator]: Creating bond (bt_navigator) to lifecycle manager.
[INFO] [1785908060.568224134] [bt_navigator]: Begin navigating from current location (26.17, -44.66) to (28.26, -47.67)
[WARN] [1785908086.147494494] [bt_navigator_navigate_to_pose_rclcpp_node]: Timed out while waiting for action server to acknowledge goal request for follow_path
[WARN] [1785908086.154706390] [bt_navigator]: [navigate_to_pose] [ActionServer] Aborting handle.
[ERROR] [1785908086.156818644] [bt_navigator]: Goal failed
[INFO] [1785908317.505296126] [bt_navigator]: Begin navigating from current location (28.10, -47.75) to (25.84, -47.69)
[INFO] [1785908392.350535590] [bt_navigator]: Goal succeeded
[INFO] [1785908872.742366786] [rclcpp]: signal_handler(SIGINT/SIGTERM)
[INFO] [1785908872.742455861] [bt_navigator]: Running Nav2 LifecycleNode rcl preshutdown (bt_navigator)
[INFO] [1785908872.742561158] [bt_navigator]: Deactivating
[INFO] [1785908872.742613584] [bt_navigator]: Destroying bond (bt_navigator) to lifecycle manager.
[INFO] [1785908872.798298288] [bt_navigator]: Cleaning up
[INFO] [1785908873.995520994] [bt_navigator]: Completed Cleaning up
[INFO] [1785908873.995614532] [bt_navigator]: Destroying bond (bt_navigator) to lifecycle manager.
