[INFO] [1786009087.743491614] [bt_navigator]: 
	bt_navigator lifecycle node launched. 
	Waiting on external lifecycle transitions to activate
	See https://design.ros2.org/articles/node_lifecycle.html for more information.
[INFO] [1786009087.748464865] [bt_navigator]: Creating
[INFO] [1786009089.324763472] [bt_navigator]: Configuring
[INFO] [1786009089.348471555] [bt_navigator]: Creating navigator id navigate_to_pose of type nav2_bt_navigator::NavigateToPoseNavigator
[INFO] [1786009090.259605447] [bt_navigator]: Creating navigator id navigate_through_poses of type nav2_bt_navigator::NavigateThroughPosesNavigator
[INFO] [1786009096.255366183] [bt_navigator]: Activating
[INFO] [1786009096.600324733] [bt_navigator]: Creating bond (bt_navigator) to lifecycle manager.
[INFO] [1786009336.605687285] [bt_navigator]: Begin navigating from current location (24.36, -44.65) to (38.11, -58.03)
[ERROR] [1786009437.252872765] [bt_navigator_navigate_to_pose_rclcpp_node]: Failed to get result for follow_path in node halt!
[WARN] [1786009478.137925368] [bt_navigator]: [navigate_to_pose] [ActionServer] Aborting handle.
[ERROR] [1786009478.138396406] [bt_navigator]: Goal failed
[INFO] [1786009480.488697774] [bt_navigator]: Begin navigating from current location (33.07, -48.04) to (38.11, -58.03)
[WARN] [1786009565.370543123] [bt_navigator_navigate_to_pose_rclcpp_node]: Timed out while waiting for action server to acknowledge goal request for compute_path_to_pose
[ERROR] [1786009565.407267790] [bt_navigator_navigate_to_pose_rclcpp_node]: Failed to get result for follow_path in node halt!
[WARN] [1786009565.411224364] [bt_navigator]: [navigate_to_pose] [ActionServer] Aborting handle.
[ERROR] [1786009565.419658736] [bt_navigator]: Goal failed
[INFO] [1786009567.862182045] [bt_navigator]: Begin navigating from current location (36.98, -56.45) to (38.11, -58.03)
[INFO] [1786009586.603398002] [bt_navigator]: Goal succeeded
[INFO] [1786009625.778542622] [bt_navigator]: Begin navigating from current location (37.90, -58.13) to (24.36, -44.68)
[WARN] [1786009686.412137932] [bt_navigator]: [navigate_to_pose] [ActionServer] Aborting handle.
[ERROR] [1786009686.412390378] [bt_navigator]: Goal failed
[INFO] [1786009688.746710715] [bt_navigator]: Begin navigating from current location (33.91, -53.35) to (24.36, -44.68)
[WARN] [1786009777.906465210] [bt_navigator_navigate_to_pose_rclcpp_node]: Timed out while waiting for action server to acknowledge goal request for compute_path_to_pose
[WARN] [1786009777.930738699] [bt_navigator]: [navigate_to_pose] [ActionServer] Aborting handle.
[ERROR] [1786009777.931026423] [bt_navigator]: Goal failed
[INFO] [1786009780.370014389] [bt_navigator]: Begin navigating from current location (26.87, -45.84) to (24.36, -44.68)
[ERROR] [1786009922.492954519] [bt_navigator_navigate_to_pose_rclcpp_node]: Failed to get result for compute_path_to_pose in node halt!
[WARN] [1786010061.404446370] [bt_navigator]: [navigate_to_pose] [ActionServer] Aborting handle.
[ERROR] [1786010061.404801168] [bt_navigator]: Goal failed
[INFO] [1786010063.849839750] [bt_navigator]: Begin navigating from current location (24.39, -44.68) to (24.36, -44.68)
[WARN] [1786010186.801159757] [bt_navigator]: [navigate_to_pose] [ActionServer] Aborting handle.
[ERROR] [1786010186.801672982] [bt_navigator]: Goal failed
[INFO] [1786010189.134600351] [bt_navigator]: Begin navigating from current location (24.36, -44.66) to (24.36, -44.68)
[INFO] [1786010295.458592232] [bt_navigator]: Goal succeeded
[INFO] [1786011836.867757851] [bt_navigator]: Begin navigating from current location (24.54, -44.73) to (38.11, -58.03)
[WARN] [1786011851.471404374] [bt_navigator_navigate_to_pose_rclcpp_node]: Timed out while waiting for action server to acknowledge goal request for compute_path_to_pose
[ERROR] [1786011851.507317512] [bt_navigator_navigate_to_pose_rclcpp_node]: Failed to cancel action server for follow_path
[ERROR] [1786011851.528334477] [bt_navigator_navigate_to_pose_rclcpp_node]: Failed to get result for follow_path in node halt!
[WARN] [1786011851.532033349] [bt_navigator]: [navigate_to_pose] [ActionServer] Aborting handle.
[ERROR] [1786011851.551128545] [bt_navigator]: Goal failed
[INFO] [1786011854.011356706] [bt_navigator]: Begin navigating from current location (24.75, -45.37) to (38.11, -58.03)
[WARN] [1786011955.126206411] [bt_navigator]: [navigate_to_pose] [ActionServer] Aborting handle.
[ERROR] [1786011955.126713747] [bt_navigator]: Goal failed
[INFO] [1786011957.476755128] [bt_navigator]: Begin navigating from current location (33.51, -48.54) to (38.11, -58.03)
[WARN] [1786011957.887135416] [bt_navigator]: [navigate_to_pose] [ActionServer] Aborting handle.
[ERROR] [1786011957.887452955] [bt_navigator]: Goal failed
[INFO] [1786011960.329763612] [bt_navigator]: Begin navigating from current location (33.32, -50.25) to (38.11, -58.03)
[WARN] [1786011972.344214019] [bt_navigator]: [navigate_to_pose] [ActionServer] Aborting handle.
[ERROR] [1786011972.345081042] [bt_navigator]: Goal failed
[INFO] [1786011974.686356210] [bt_navigator]: Begin navigating from current location (33.69, -53.46) to (38.11, -58.03)
[WARN] [1786011980.783315360] [bt_navigator]: [navigate_to_pose] [ActionServer] Aborting handle.
[ERROR] [1786011980.783586269] [bt_navigator]: Goal failed
[INFO] [1786011983.114464362] [bt_navigator]: Begin navigating from current location (32.56, -48.26) to (38.11, -58.03)
[WARN] [1786012024.468608584] [bt_navigator]: [navigate_to_pose] [ActionServer] Aborting handle.
[ERROR] [1786012024.468906048] [bt_navigator]: Goal failed
[INFO] [1786012026.799855938] [bt_navigator]: Begin navigating from current location (32.27, -48.28) to (38.11, -58.03)
[ERROR] [1786012062.051631610] [bt_navigator_navigate_to_pose_rclcpp_node]: Failed to get result for follow_path in node halt!
[ERROR] [1786012069.679808484] [bt_navigator_navigate_to_pose_rclcpp_node]: Failed to get result for follow_path in node halt!
[ERROR] [1786012075.678948311] [bt_navigator_navigate_to_pose_rclcpp_node]: Failed to get result for follow_path in node halt!
[WARN] [1786012075.679186053] [bt_navigator]: [navigate_to_pose] [ActionServer] Aborting handle.
[ERROR] [1786012075.679434350] [bt_navigator]: Goal failed
[INFO] [1786012078.015250618] [bt_navigator]: Begin navigating from current location (32.73, -47.92) to (38.11, -58.03)
[WARN] [1786012113.999588112] [bt_navigator]: [navigate_to_pose] [ActionServer] Aborting handle.
[ERROR] [1786012113.999908873] [bt_navigator]: Goal failed
[INFO] [1786012116.347518575] [bt_navigator]: Begin navigating from current location (32.89, -46.16) to (38.11, -58.03)
[ERROR] [1786012127.424654018] [bt_navigator_navigate_to_pose_rclcpp_node]: Failed to get result for follow_path in node halt!
[ERROR] [1786012142.472907865] [bt_navigator_navigate_to_pose_rclcpp_node]: Failed to get result for follow_path in node halt!
[ERROR] [1786012188.716282833] [bt_navigator_navigate_to_pose_rclcpp_node]: Failed to get result for follow_path in node halt!
[WARN] [1786012188.716498094] [bt_navigator]: [navigate_to_pose] [ActionServer] Aborting handle.
[ERROR] [1786012188.716762484] [bt_navigator]: Goal failed
[INFO] [1786012191.060250201] [bt_navigator]: Begin navigating from current location (33.89, -47.10) to (38.11, -58.03)
[WARN] [1786012191.085633449] [bt_navigator_navigate_to_pose_rclcpp_node]: Timed out while waiting for action server to acknowledge goal request for compute_path_to_pose
[WARN] [1786012191.091911520] [bt_navigator]: [navigate_to_pose] [ActionServer] Aborting handle.
[ERROR] [1786012191.097804292] [bt_navigator]: Goal failed
[INFO] [1786012193.453476519] [bt_navigator]: Begin navigating from current location (33.89, -47.10) to (38.11, -58.03)
[WARN] [1786012193.477857817] [bt_navigator_navigate_to_pose_rclcpp_node]: Timed out while waiting for action server to acknowledge goal request for compute_path_to_pose
[WARN] [1786012193.485845934] [bt_navigator]: [navigate_to_pose] [ActionServer] Aborting handle.
[ERROR] [1786012193.488861395] [bt_navigator]: Goal failed
[INFO] [1786012195.851006342] [bt_navigator]: Begin navigating from current location (33.89, -47.10) to (38.11, -58.03)
[WARN] [1786012195.872404050] [bt_navigator_navigate_to_pose_rclcpp_node]: Timed out while waiting for action server to acknowledge goal request for compute_path_to_pose
[WARN] [1786012195.881763063] [bt_navigator]: [navigate_to_pose] [ActionServer] Aborting handle.
[ERROR] [1786012195.883897334] [bt_navigator]: Goal failed
[INFO] [1786012198.241957184] [bt_navigator]: Begin navigating from current location (33.89, -47.10) to (38.11, -58.03)
[WARN] [1786012198.265285329] [bt_navigator_navigate_to_pose_rclcpp_node]: Timed out while waiting for action server to acknowledge goal request for compute_path_to_pose
[WARN] [1786012198.287121058] [bt_navigator]: [navigate_to_pose] [ActionServer] Aborting handle.
[ERROR] [1786012198.300392296] [bt_navigator]: Goal failed
[INFO] [1786012200.634471536] [bt_navigator]: Begin navigating from current location (33.89, -47.10) to (38.11, -58.03)
[WARN] [1786012200.674354121] [bt_navigator_navigate_to_pose_rclcpp_node]: Timed out while waiting for action server to acknowledge goal request for compute_path_to_pose
[WARN] [1786012200.688288585] [bt_navigator]: [navigate_to_pose] [ActionServer] Aborting handle.
[ERROR] [1786012200.692967203] [bt_navigator]: Goal failed
[INFO] [1786012203.032694492] [bt_navigator]: Begin navigating from current location (33.89, -47.10) to (38.11, -58.03)
[ERROR] [1786012225.290191268] [bt_navigator_navigate_to_pose_rclcpp_node]: Failed to get result for follow_path in node halt!
[WARN] [1786012236.064949487] [bt_navigator]: [navigate_to_pose] [ActionServer] Aborting handle.
[ERROR] [1786012236.065252507] [bt_navigator]: Goal failed
[INFO] [1786012238.391444575] [bt_navigator]: Begin navigating from current location (32.61, -46.63) to (38.11, -58.03)
[ERROR] [1786012282.771961533] [bt_navigator_navigate_to_pose_rclcpp_node]: Failed to get result for follow_path in node halt!
[WARN] [1786012343.748670871] [bt_navigator]: [navigate_to_pose] [ActionServer] Aborting handle.
[ERROR] [1786012343.749730803] [bt_navigator]: Goal failed
[INFO] [1786012346.111684999] [bt_navigator]: Begin navigating from current location (33.00, -46.33) to (38.11, -58.03)
[ERROR] [1786012354.851157222] [bt_navigator_navigate_to_pose_rclcpp_node]: Failed to get result for follow_path in node halt!
[ERROR] [1786012380.490946874] [bt_navigator_navigate_to_pose_rclcpp_node]: Failed to get result for follow_path in node halt!
[ERROR] [1786012406.084509958] [bt_navigator_navigate_to_pose_rclcpp_node]: Failed to get result for follow_path in node halt!
[WARN] [1786012416.098901320] [bt_navigator]: [navigate_to_pose] [ActionServer] Aborting handle.
[ERROR] [1786012416.099469990] [bt_navigator]: Goal failed
[INFO] [1786012418.512293390] [bt_navigator]: Begin navigating from current location (32.44, -47.83) to (38.11, -58.03)
[WARN] [1786012439.868606189] [bt_navigator]: [navigate_to_pose] [ActionServer] Aborting handle.
[ERROR] [1786012439.868923228] [bt_navigator]: Goal failed
[INFO] [1786012442.205500896] [bt_navigator]: Begin navigating from current location (33.28, -48.29) to (38.11, -58.03)
[ERROR] [1786012444.428611073] [bt_navigator_navigate_to_pose_rclcpp_node]: Failed to get result for follow_path in node halt!
[WARN] [1786012449.397287488] [bt_navigator]: [navigate_to_pose] [ActionServer] Aborting handle.
[ERROR] [1786012449.397598656] [bt_navigator]: Goal failed
[INFO] [1786012451.730817842] [bt_navigator]: Begin navigating from current location (32.63, -48.03) to (38.11, -58.03)
[ERROR] [1786012468.040147577] [bt_navigator_navigate_to_pose_rclcpp_node]: Failed to get result for follow_path in node halt!
[WARN] [1786012488.025792028] [bt_navigator]: [navigate_to_pose] [ActionServer] Aborting handle.
[ERROR] [1786012488.026100752] [bt_navigator]: Goal failed
[INFO] [1786012490.373314756] [bt_navigator]: Begin navigating from current location (32.73, -45.29) to (38.11, -58.03)
[WARN] [1786012496.279419557] [bt_navigator]: [navigate_to_pose] [ActionServer] Aborting handle.
[ERROR] [1786012496.279711762] [bt_navigator]: Goal failed
[INFO] [1786012498.675412290] [bt_navigator]: Begin navigating from current location (32.39, -48.27) to (38.11, -58.03)
[ERROR] [1786012539.406894869] [bt_navigator_navigate_to_pose_rclcpp_node]: Failed to get result for follow_path in node halt!
[ERROR] [1786012549.408802607] [bt_navigator_navigate_to_pose_rclcpp_node]: Failed to get result for follow_path in node halt!
[ERROR] [1786012558.541357758] [bt_navigator_navigate_to_pose_rclcpp_node]: Failed to get result for follow_path in node halt!
[ERROR] [1786012564.289849252] [bt_navigator_navigate_to_pose_rclcpp_node]: Failed to get result for follow_path in node halt!
[WARN] [1786012564.290098031] [bt_navigator]: [navigate_to_pose] [ActionServer] Aborting handle.
[ERROR] [1786012564.290624201] [bt_navigator]: Goal failed
[INFO] [1786012566.754777159] [bt_navigator]: Begin navigating from current location (32.88, -46.58) to (38.11, -58.03)
