[INFO] [1786104893.661661103] [bt_navigator]: 
	bt_navigator lifecycle node launched. 
	Waiting on external lifecycle transitions to activate
	See https://design.ros2.org/articles/node_lifecycle.html for more information.
[INFO] [1786104893.666233859] [bt_navigator]: Creating
[INFO] [1786104895.307806454] [bt_navigator]: Configuring
[INFO] [1786104895.340024618] [bt_navigator]: Creating navigator id navigate_to_pose of type nav2_bt_navigator::NavigateToPoseNavigator
[INFO] [1786104895.827787149] [bt_navigator]: Creating navigator id navigate_through_poses of type nav2_bt_navigator::NavigateThroughPosesNavigator
[INFO] [1786104898.273558262] [bt_navigator]: Activating
[INFO] [1786104898.679118093] [bt_navigator]: Creating bond (bt_navigator) to lifecycle manager.
[INFO] [1786105178.058000711] [bt_navigator]: Begin navigating from current location (23.94, -45.88) to (37.98, -57.96)
[ERROR] [1786105282.825049631] [bt_navigator_navigate_to_pose_rclcpp_node]: Failed to get result for follow_path in node halt!
[INFO] [1786105329.371419681] [bt_navigator]: Goal succeeded
[INFO] [1786105395.638962620] [bt_navigator]: Begin navigating from current location (37.23, -59.65) to (24.16, -45.74)
[ERROR] [1786105412.984650694] [bt_navigator_navigate_to_pose_rclcpp_node]: Failed to get result for follow_path in node halt!
[WARN] [1786105413.015281126] [bt_navigator_navigate_to_pose_rclcpp_node]: Node timed out while executing service call to global_costmap/clear_entirely_global_costmap.
[ERROR] [1786105423.731184668] [bt_navigator_navigate_to_pose_rclcpp_node]: Failed to get result for follow_path in node halt!
[WARN] [1786105472.565551504] [bt_navigator_navigate_to_pose_rclcpp_node]: Timed out while waiting for action server to acknowledge goal request for compute_path_to_pose
[ERROR] [1786105472.597114978] [bt_navigator_navigate_to_pose_rclcpp_node]: Failed to get result for follow_path in node halt!
[WARN] [1786105472.597434794] [bt_navigator]: [navigate_to_pose] [ActionServer] Aborting handle.
[ERROR] [1786105472.599978401] [bt_navigator]: Goal failed
[INFO] [1786105475.044626772] [bt_navigator]: Begin navigating from current location (35.35, -55.00) to (24.16, -45.74)
[WARN] [1786105523.812122162] [bt_navigator_navigate_to_pose_rclcpp_node]: Timed out while waiting for action server to acknowledge goal request for compute_path_to_pose
[ERROR] [1786105523.842092403] [bt_navigator_navigate_to_pose_rclcpp_node]: Failed to cancel action server for follow_path
[ERROR] [1786105523.883665108] [bt_navigator_navigate_to_pose_rclcpp_node]: Failed to get result for follow_path in node halt!
[WARN] [1786105523.887591961] [bt_navigator]: [navigate_to_pose] [ActionServer] Aborting handle.
[ERROR] [1786105523.897548584] [bt_navigator]: Goal failed
[INFO] [1786105526.320595389] [bt_navigator]: Begin navigating from current location (32.58, -50.24) to (24.16, -45.74)
[WARN] [1786105539.933801313] [bt_navigator]: [navigate_to_pose] [ActionServer] Aborting handle.
[ERROR] [1786105539.934042574] [bt_navigator]: Goal failed
[INFO] [1786105542.328398681] [bt_navigator]: Begin navigating from current location (34.07, -53.15) to (24.16, -45.74)
[WARN] [1786105560.127321749] [bt_navigator_navigate_to_pose_rclcpp_node]: Timed out while waiting for action server to acknowledge goal request for compute_path_to_pose
[ERROR] [1786105560.178624243] [bt_navigator_navigate_to_pose_rclcpp_node]: Failed to get result for follow_path in node halt!
[WARN] [1786105560.179472655] [bt_navigator]: [navigate_to_pose] [ActionServer] Aborting handle.
[ERROR] [1786105560.190976434] [bt_navigator]: Goal failed
[INFO] [1786105562.714821996] [bt_navigator]: Begin navigating from current location (33.13, -51.97) to (24.16, -45.74)
[WARN] [1786105602.147814060] [bt_navigator]: [navigate_to_pose] [ActionServer] Aborting handle.
[ERROR] [1786105602.148123599] [bt_navigator]: Goal failed
[INFO] [1786105604.528822046] [bt_navigator]: Begin navigating from current location (39.14, -59.27) to (24.16, -45.74)
[ERROR] [1786105690.950791503] [bt_navigator_navigate_to_pose_rclcpp_node]: Failed to get result for follow_path in node halt!
[ERROR] [1786105706.020142034] [bt_navigator_navigate_to_pose_rclcpp_node]: Failed to get result for follow_path in node halt!
[WARN] [1786105706.055772169] [bt_navigator_navigate_to_pose_rclcpp_node]: Node timed out while executing service call to global_costmap/clear_entirely_global_costmap.
[WARN] [1786105722.274155111] [bt_navigator_navigate_to_pose_rclcpp_node]: Timed out while waiting for action server to acknowledge goal request for compute_path_to_pose
[ERROR] [1786105722.300488539] [bt_navigator_navigate_to_pose_rclcpp_node]: Failed to cancel action server for follow_path
[ERROR] [1786105722.324940182] [bt_navigator_navigate_to_pose_rclcpp_node]: Failed to get result for follow_path in node halt!
[WARN] [1786105722.355184682] [bt_navigator]: [navigate_to_pose] [ActionServer] Aborting handle.
[ERROR] [1786105722.390100184] [bt_navigator]: Goal failed
[INFO] [1786105725.481932445] [bt_navigator]: Begin navigating from current location (33.21, -50.28) to (24.16, -45.74)
[INFO] [1786105725.482184687] [bt_navigator]: [navigate_to_pose] [ActionServer] Client requested to cancel the goal. Cancelling.
[INFO] [1786105725.483267673] [bt_navigator]: Goal canceled
[INFO] [1786105738.098641450] [bt_navigator]: Begin navigating from current location (33.21, -50.28) to (24.16, -45.74)
[WARN] [1786105741.577273191] [bt_navigator_navigate_to_pose_rclcpp_node]: Node timed out while executing service call to global_costmap/clear_entirely_global_costmap.
[ERROR] [1786105741.603367359] [bt_navigator_navigate_to_pose_rclcpp_node]: Failed to get result for follow_path in node halt!
[WARN] [1786105741.633210061] [bt_navigator_navigate_to_pose_rclcpp_node]: Node timed out while executing service call to global_costmap/clear_entirely_global_costmap.
[WARN] [1786105748.205826313] [bt_navigator]: [navigate_to_pose] [ActionServer] Aborting handle.
[ERROR] [1786105748.206083555] [bt_navigator]: Goal failed
[INFO] [1786105750.805182323] [bt_navigator]: Begin navigating from current location (32.67, -48.74) to (24.16, -45.74)
[WARN] [1786105762.809181244] [bt_navigator_navigate_to_pose_rclcpp_node]: Node timed out while executing service call to global_costmap/clear_entirely_global_costmap.
[ERROR] [1786105773.660507627] [bt_navigator_navigate_to_pose_rclcpp_node]: Failed to get result for spin in node halt!
[INFO] [1786105773.660773017] [bt_navigator]: [navigate_to_pose] [ActionServer] Client requested to cancel the goal. Cancelling.
[INFO] [1786105773.661736596] [bt_navigator]: Goal canceled
