[INFO] [1786094858.241931480] [bt_navigator]: 
	bt_navigator lifecycle node launched. 
	Waiting on external lifecycle transitions to activate
	See https://design.ros2.org/articles/node_lifecycle.html for more information.
[INFO] [1786094858.245074886] [bt_navigator]: Creating
[INFO] [1786094859.722269169] [bt_navigator]: Configuring
[INFO] [1786094859.813824483] [bt_navigator]: Creating navigator id navigate_to_pose of type nav2_bt_navigator::NavigateToPoseNavigator
[INFO] [1786094860.098883738] [bt_navigator]: Creating navigator id navigate_through_poses of type nav2_bt_navigator::NavigateThroughPosesNavigator
[INFO] [1786094862.129496165] [bt_navigator]: Activating
[INFO] [1786094862.588097976] [bt_navigator]: Creating bond (bt_navigator) to lifecycle manager.
[INFO] [1786095378.152317450] [bt_navigator]: Begin navigating from current location (23.89, -46.00) to (37.98, -57.96)
[WARN] [1786095498.173946399] [bt_navigator]: [navigate_to_pose] [ActionServer] Aborting handle.
[ERROR] [1786095498.174848867] [bt_navigator]: Goal failed
[INFO] [1786095500.620847925] [bt_navigator]: Begin navigating from current location (31.85, -45.11) to (37.98, -57.96)
[ERROR] [1786095536.968423656] [bt_navigator_navigate_to_pose_rclcpp_node]: Failed to get result for wait in node halt!
[INFO] [1786095536.969543495] [bt_navigator]: [navigate_to_pose] [ActionServer] Client requested to cancel the goal. Cancelling.
[WARN] [1786095536.970027646] [bt_navigator]: [navigate_to_pose] [ActionServer] Aborting handle.
[INFO] [1786095536.971170671] [bt_navigator]: Goal canceled
[INFO] [1786095539.645729436] [bt_navigator]: Begin navigating from current location (32.70, -47.67) to (23.88, -45.90)
[ERROR] [1786095561.626837299] [bt_navigator_navigate_to_pose_rclcpp_node]: Failed to get result for wait in node halt!
[INFO] [1786095561.627050300] [bt_navigator]: [navigate_to_pose] [ActionServer] Client requested to cancel the goal. Cancelling.
[INFO] [1786095561.627599674] [bt_navigator]: Goal canceled
[INFO] [1786095756.010216534] [bt_navigator]: Begin navigating from current location (32.59, -47.51) to (23.88, -45.90)
[INFO] [1786095790.762946333] [bt_navigator]: [navigate_to_pose] [ActionServer] Client requested to cancel the goal. Cancelling.
[INFO] [1786095790.764213026] [bt_navigator]: Goal canceled
[INFO] [1786095791.323564576] [bt_navigator]: Begin navigating from current location (34.15, -45.17) to (23.88, -45.90)
[ERROR] [1786095830.677141974] [bt_navigator_navigate_to_pose_rclcpp_node]: Failed to get result for spin in node halt!
[INFO] [1786095830.677392160] [bt_navigator]: [navigate_to_pose] [ActionServer] Client requested to cancel the goal. Cancelling.
[INFO] [1786095830.677783774] [bt_navigator]: Goal canceled
[INFO] [1786095901.740452579] [rclcpp]: signal_handler(SIGINT/SIGTERM)
[INFO] [1786095901.740612395] [bt_navigator]: Running Nav2 LifecycleNode rcl preshutdown (bt_navigator)
[INFO] [1786095901.740843878] [bt_navigator]: Deactivating
[INFO] [1786095901.740909396] [bt_navigator]: Destroying bond (bt_navigator) to lifecycle manager.
[INFO] [1786095901.754560194] [bt_navigator]: Cleaning up
[INFO] [1786095902.869220458] [bt_navigator]: Completed Cleaning up
[INFO] [1786095902.869320884] [bt_navigator]: Destroying bond (bt_navigator) to lifecycle manager.
