[INFO] [1775784699.176031242] [bt_navigator]: 
	bt_navigator lifecycle node launched. 
	Waiting on external lifecycle transitions to activate
	See https://design.ros2.org/articles/node_lifecycle.html for more information.
[INFO] [1775784699.184825138] [bt_navigator]: Creating
[INFO] [1775784704.818177645] [bt_navigator]: Configuring
[INFO] [1775784704.863775599] [bt_navigator]: Creating navigator id navigate_to_pose of type nav2_bt_navigator::NavigateToPoseNavigator
[INFO] [1775784705.241388112] [bt_navigator]: Creating navigator id navigate_through_poses of type nav2_bt_navigator::NavigateThroughPosesNavigator
[INFO] [1775784707.981419503] [bt_navigator]: Activating
[INFO] [1775784708.472358443] [bt_navigator]: Creating bond (bt_navigator) to lifecycle manager.
[INFO] [1775784805.307291570] [bt_navigator]: Begin navigating from current location (8.80, 0.61) to (9.17, 0.64)
[ERROR] [1775784822.389555424] [bt_navigator_navigate_to_pose_rclcpp_node]: Failed to get result for follow_path in node halt!
[WARN] [1775784831.549926271] [bt_navigator_navigate_to_pose_rclcpp_node]: Timed out while waiting for action server to acknowledge goal request for compute_path_to_pose
[ERROR] [1775784831.575612623] [bt_navigator_navigate_to_pose_rclcpp_node]: Failed to get result for follow_path in node halt!
[WARN] [1775784831.578050321] [bt_navigator]: [navigate_to_pose] [ActionServer] Aborting handle.
[ERROR] [1775784831.578454879] [bt_navigator]: Goal failed
[INFO] [1775784961.211243448] [rclcpp]: signal_handler(SIGINT/SIGTERM)
[INFO] [1775784961.211421541] [bt_navigator]: Running Nav2 LifecycleNode rcl preshutdown (bt_navigator)
[INFO] [1775784961.211603228] [bt_navigator]: Deactivating
[INFO] [1775784961.211658802] [bt_navigator]: Destroying bond (bt_navigator) to lifecycle manager.
[INFO] [1775784961.252383102] [bt_navigator]: Cleaning up
[INFO] [1775784962.999498768] [bt_navigator]: Completed Cleaning up
[INFO] [1775784962.999607657] [bt_navigator]: Destroying bond (bt_navigator) to lifecycle manager.
