[INFO] [1785294155.445369483] [bt_navigator]: 
	bt_navigator lifecycle node launched. 
	Waiting on external lifecycle transitions to activate
	See https://design.ros2.org/articles/node_lifecycle.html for more information.
[INFO] [1785294155.449692822] [bt_navigator]: Creating
[INFO] [1785294159.936441850] [bt_navigator]: Configuring
[INFO] [1785294159.977558168] [bt_navigator]: Creating navigator id navigate_to_pose of type nav2_bt_navigator::NavigateToPoseNavigator
[INFO] [1785294160.189069810] [bt_navigator]: Creating navigator id navigate_through_poses of type nav2_bt_navigator::NavigateThroughPosesNavigator
[INFO] [1785294165.033415410] [bt_navigator]: Activating
[INFO] [1785294165.493212431] [bt_navigator]: Creating bond (bt_navigator) to lifecycle manager.
[INFO] [1785294212.463284208] [bt_navigator]: Begin navigating from current location (23.56, -49.60) to (26.67, -44.88)
[ERROR] [1785294282.575483797] [bt_navigator_navigate_to_pose_rclcpp_node]: Failed to get result for follow_path in node halt!
[INFO] [1785294322.437963313] [bt_navigator]: Goal succeeded
[INFO] [1785294344.579030434] [bt_navigator]: Begin navigating from current location (26.86, -44.92) to (28.98, -49.05)
[WARN] [1785294369.450157896] [bt_navigator_navigate_to_pose_rclcpp_node]: Timed out while waiting for action server to acknowledge goal request for compute_path_to_pose
[ERROR] [1785294369.500924723] [bt_navigator_navigate_to_pose_rclcpp_node]: Failed to get result for follow_path in node halt!
[WARN] [1785294369.501235115] [bt_navigator]: [navigate_to_pose] [ActionServer] Aborting handle.
[ERROR] [1785294369.501595935] [bt_navigator]: Goal failed
[INFO] [1785294409.715619821] [bt_navigator]: Begin navigating from current location (27.35, -46.78) to (27.43, -52.50)
[INFO] [1785294457.019080479] [bt_navigator]: Goal succeeded
[INFO] [1785294468.661011515] [bt_navigator]: Begin navigating from current location (27.62, -52.46) to (24.94, -48.44)
[INFO] [1785294499.125511980] [rclcpp]: signal_handler(SIGINT/SIGTERM)
[INFO] [1785294499.125642074] [bt_navigator]: Running Nav2 LifecycleNode rcl preshutdown (bt_navigator)
[INFO] [1785294499.126022357] [bt_navigator]: Deactivating
[WARN] [1785294499.126074654] [bt_navigator]: [navigate_to_pose] [ActionServer] Requested to deactivate server but goal is still executing. Should check if action server is running before deactivating.
[WARN] [1785294499.138025060] [bt_navigator]: [navigate_to_pose] [ActionServer] Aborting handle.
[INFO] [1785294499.141796125] [bt_navigator]: Goal canceled
[WARN] [1785294499.142097110] [bt_navigator]: [navigate_to_pose] [ActionServer] Stopping the thread per request.
[INFO] [1785294499.142652005] [bt_navigator]: Destroying bond (bt_navigator) to lifecycle manager.
[INFO] [1785294499.396517825] [bt_navigator]: Cleaning up
[INFO] [1785294500.763720605] [bt_navigator]: Completed Cleaning up
[INFO] [1785294500.763813570] [bt_navigator]: Destroying bond (bt_navigator) to lifecycle manager.
