[INFO] [1784080136.398314740] [bt_navigator]: 
	bt_navigator lifecycle node launched. 
	Waiting on external lifecycle transitions to activate
	See https://design.ros2.org/articles/node_lifecycle.html for more information.
[INFO] [1784080136.424280734] [bt_navigator]: Creating
[INFO] [1784080141.188009213] [bt_navigator]: Configuring
[INFO] [1784080141.232270568] [bt_navigator]: Creating navigator id navigate_to_pose of type nav2_bt_navigator::NavigateToPoseNavigator
[INFO] [1784080141.534703694] [bt_navigator]: Creating navigator id navigate_through_poses of type nav2_bt_navigator::NavigateThroughPosesNavigator
[INFO] [1784080145.239555923] [bt_navigator]: Activating
[INFO] [1784080145.722517135] [bt_navigator]: Creating bond (bt_navigator) to lifecycle manager.
[INFO] [1784080167.593411373] [bt_navigator]: Begin navigating from current location (6.38, -6.47) to (8.12, -18.80)
[WARN] [1784080253.813367191] [bt_navigator_navigate_to_pose_rclcpp_node]: Timed out while waiting for action server to acknowledge goal request for compute_path_to_pose
[ERROR] [1784080253.839957284] [bt_navigator_navigate_to_pose_rclcpp_node]: Failed to get result for follow_path in node halt!
[WARN] [1784080253.841721905] [bt_navigator]: [navigate_to_pose] [ActionServer] Aborting handle.
[ERROR] [1784080253.843962436] [bt_navigator]: Goal failed
[INFO] [1784080395.714863111] [bt_navigator]: Begin navigating from current location (8.20, -18.24) to (6.57, -6.58)
[ERROR] [1784080453.758531375] [bt_navigator_navigate_to_pose_rclcpp_node]: Failed to get result for follow_path in node halt!
[ERROR] [1784080473.802455591] [bt_navigator_navigate_to_pose_rclcpp_node]: Failed to get result for follow_path in node halt!
[ERROR] [1784080482.836475760] [bt_navigator_navigate_to_pose_rclcpp_node]: Failed to get result for follow_path in node halt!
[INFO] [1784080482.836742057] [bt_navigator]: [navigate_to_pose] [ActionServer] Client requested to cancel the goal. Cancelling.
[INFO] [1784080482.850557948] [bt_navigator]: Goal canceled
[WARN] [1784080583.020620015] []: TF_OLD_DATA ignoring data from the past for frame front_left_wheel at time 1784080565.994485 according to authority Authority undetectable
Possible reasons are listed at http://wiki.ros.org/tf/Errors%20explained
[WARN] [1784080583.020684720] []: TF_OLD_DATA ignoring data from the past for frame front_right_wheel at time 1784080565.994485 according to authority Authority undetectable
Possible reasons are listed at http://wiki.ros.org/tf/Errors%20explained
[WARN] [1784080583.020694997] []: TF_OLD_DATA ignoring data from the past for frame rear_left_wheel at time 1784080565.994485 according to authority Authority undetectable
Possible reasons are listed at http://wiki.ros.org/tf/Errors%20explained
[WARN] [1784080583.020704516] []: TF_OLD_DATA ignoring data from the past for frame rear_right_wheel at time 1784080565.994485 according to authority Authority undetectable
Possible reasons are listed at http://wiki.ros.org/tf/Errors%20explained
[WARN] [1784080583.020749775] []: TF_OLD_DATA ignoring data from the past for frame front_left_wheel at time 1784080566.094539 according to authority Authority undetectable
Possible reasons are listed at http://wiki.ros.org/tf/Errors%20explained
[WARN] [1784080583.020764090] []: TF_OLD_DATA ignoring data from the past for frame front_right_wheel at time 1784080566.094539 according to authority Authority undetectable
Possible reasons are listed at http://wiki.ros.org/tf/Errors%20explained
[WARN] [1784080583.020772757] []: TF_OLD_DATA ignoring data from the past for frame rear_left_wheel at time 1784080566.094539 according to authority Authority undetectable
Possible reasons are listed at http://wiki.ros.org/tf/Errors%20explained
[WARN] [1784080583.020781127] []: TF_OLD_DATA ignoring data from the past for frame rear_right_wheel at time 1784080566.094539 according to authority Authority undetectable
Possible reasons are listed at http://wiki.ros.org/tf/Errors%20explained
[WARN] [1784080583.020806609] []: TF_OLD_DATA ignoring data from the past for frame front_left_wheel at time 1784080566.194515 according to authority Authority undetectable
Possible reasons are listed at http://wiki.ros.org/tf/Errors%20explained
[WARN] [1784080583.020818072] []: TF_OLD_DATA ignoring data from the past for frame front_right_wheel at time 1784080566.194515 according to authority Authority undetectable
Possible reasons are listed at http://wiki.ros.org/tf/Errors%20explained
[WARN] [1784080583.020826424] []: TF_OLD_DATA ignoring data from the past for frame rear_left_wheel at time 1784080566.194515 according to authority Authority undetectable
Possible reasons are listed at http://wiki.ros.org/tf/Errors%20explained
[WARN] [1784080583.020834239] []: TF_OLD_DATA ignoring data from the past for frame rear_right_wheel at time 1784080566.194515 according to authority Authority undetectable
Possible reasons are listed at http://wiki.ros.org/tf/Errors%20explained
[WARN] [1784080583.020861813] []: TF_OLD_DATA ignoring data from the past for frame front_left_wheel at time 1784080566.394508 according to authority Authority undetectable
Possible reasons are listed at http://wiki.ros.org/tf/Errors%20explained
[WARN] [1784080583.020872091] []: TF_OLD_DATA ignoring data from the past for frame front_right_wheel at time 1784080566.394508 according to authority Authority undetectable
Possible reasons are listed at http://wiki.ros.org/tf/Errors%20explained
[WARN] [1784080583.020880739] []: TF_OLD_DATA ignoring data from the past for frame rear_left_wheel at time 1784080566.394508 according to authority Authority undetectable
Possible reasons are listed at http://wiki.ros.org/tf/Errors%20explained
[WARN] [1784080583.020889017] []: TF_OLD_DATA ignoring data from the past for frame rear_right_wheel at time 1784080566.394508 according to authority Authority undetectable
Possible reasons are listed at http://wiki.ros.org/tf/Errors%20explained
[WARN] [1784080583.020913610] []: TF_OLD_DATA ignoring data from the past for frame front_left_wheel at time 1784080567.094499 according to authority Authority undetectable
Possible reasons are listed at http://wiki.ros.org/tf/Errors%20explained
[WARN] [1784080583.020964777] []: TF_OLD_DATA ignoring data from the past for frame front_right_wheel at time 1784080567.094499 according to authority Authority undetectable
Possible reasons are listed at http://wiki.ros.org/tf/Errors%20explained
[WARN] [1784080583.020975869] []: TF_OLD_DATA ignoring data from the past for frame rear_left_wheel at time 1784080567.094499 according to authority Authority undetectable
Possible reasons are listed at http://wiki.ros.org/tf/Errors%20explained
[WARN] [1784080583.020984110] []: TF_OLD_DATA ignoring data from the past for frame rear_right_wheel at time 1784080567.094499 according to authority Authority undetectable
Possible reasons are listed at http://wiki.ros.org/tf/Errors%20explained
[WARN] [1784080583.021013814] []: TF_OLD_DATA ignoring data from the past for frame front_left_wheel at time 1784080569.394493 according to authority Authority undetectable
Possible reasons are listed at http://wiki.ros.org/tf/Errors%20explained
[WARN] [1784080583.021024925] []: TF_OLD_DATA ignoring data from the past for frame front_right_wheel at time 1784080569.394493 according to authority Authority undetectable
Possible reasons are listed at http://wiki.ros.org/tf/Errors%20explained
[WARN] [1784080583.021033425] []: TF_OLD_DATA ignoring data from the past for frame rear_left_wheel at time 1784080569.394493 according to authority Authority undetectable
Possible reasons are listed at http://wiki.ros.org/tf/Errors%20explained
[WARN] [1784080583.021041110] []: TF_OLD_DATA ignoring data from the past for frame rear_right_wheel at time 1784080569.394493 according to authority Authority undetectable
Possible reasons are listed at http://wiki.ros.org/tf/Errors%20explained
[WARN] [1784080583.021347482] []: TF_OLD_DATA ignoring data from the past for frame front_left_wheel at time 1784080569.494496 according to authority Authority undetectable
Possible reasons are listed at http://wiki.ros.org/tf/Errors%20explained
[WARN] [1784080583.021391797] []: TF_OLD_DATA ignoring data from the past for frame front_right_wheel at time 1784080569.494496 according to authority Authority undetectable
Possible reasons are listed at http://wiki.ros.org/tf/Errors%20explained
[WARN] [1784080583.021404149] []: TF_OLD_DATA ignoring data from the past for frame rear_left_wheel at time 1784080569.494496 according to authority Authority undetectable
Possible reasons are listed at http://wiki.ros.org/tf/Errors%20explained
[WARN] [1784080583.021413557] []: TF_OLD_DATA ignoring data from the past for frame rear_right_wheel at time 1784080569.494496 according to authority Authority undetectable
Possible reasons are listed at http://wiki.ros.org/tf/Errors%20explained
[WARN] [1784080583.021847856] []: TF_OLD_DATA ignoring data from the past for frame front_left_wheel at time 1784080571.294495 according to authority Authority undetectable
Possible reasons are listed at http://wiki.ros.org/tf/Errors%20explained
[WARN] [1784080583.021919986] []: TF_OLD_DATA ignoring data from the past for frame front_right_wheel at time 1784080571.294495 according to authority Authority undetectable
Possible reasons are listed at http://wiki.ros.org/tf/Errors%20explained
[WARN] [1784080583.021930597] []: TF_OLD_DATA ignoring data from the past for frame rear_left_wheel at time 1784080571.294495 according to authority Authority undetectable
Possible reasons are listed at http://wiki.ros.org/tf/Errors%20explained
[WARN] [1784080583.021940893] []: TF_OLD_DATA ignoring data from the past for frame rear_right_wheel at time 1784080571.294495 according to authority Authority undetectable
Possible reasons are listed at http://wiki.ros.org/tf/Errors%20explained
[WARN] [1784080583.022025375] []: TF_OLD_DATA ignoring data from the past for frame front_left_wheel at time 1784080571.394519 according to authority Authority undetectable
Possible reasons are listed at http://wiki.ros.org/tf/Errors%20explained
[WARN] [1784080583.022045375] []: TF_OLD_DATA ignoring data from the past for frame front_right_wheel at time 1784080571.394519 according to authority Authority undetectable
Possible reasons are listed at http://wiki.ros.org/tf/Errors%20explained
[WARN] [1784080583.022284099] []: TF_OLD_DATA ignoring data from the past for frame rear_left_wheel at time 1784080571.394519 according to authority Authority undetectable
Possible reasons are listed at http://wiki.ros.org/tf/Errors%20explained
[WARN] [1784080583.022330562] []: TF_OLD_DATA ignoring data from the past for frame rear_right_wheel at time 1784080571.394519 according to authority Authority undetectable
Possible reasons are listed at http://wiki.ros.org/tf/Errors%20explained
[WARN] [1784080583.022415062] []: TF_OLD_DATA ignoring data from the past for frame front_left_wheel at time 1784080571.494732 according to authority Authority undetectable
Possible reasons are listed at http://wiki.ros.org/tf/Errors%20explained
[WARN] [1784080583.022447840] []: TF_OLD_DATA ignoring data from the past for frame front_right_wheel at time 1784080571.494732 according to authority Authority undetectable
Possible reasons are listed at http://wiki.ros.org/tf/Errors%20explained
[WARN] [1784080583.022511859] []: TF_OLD_DATA ignoring data from the past for frame rear_left_wheel at time 1784080571.494732 according to authority Authority undetectable
Possible reasons are listed at http://wiki.ros.org/tf/Errors%20explained
[WARN] [1784080583.022522081] []: TF_OLD_DATA ignoring data from the past for frame rear_right_wheel at time 1784080571.494732 according to authority Authority undetectable
Possible reasons are listed at http://wiki.ros.org/tf/Errors%20explained
[WARN] [1784080583.022585693] []: TF_OLD_DATA ignoring data from the past for frame front_left_wheel at time 1784080571.594479 according to authority Authority undetectable
Possible reasons are listed at http://wiki.ros.org/tf/Errors%20explained
[WARN] [1784080583.022602026] []: TF_OLD_DATA ignoring data from the past for frame front_right_wheel at time 1784080571.594479 according to authority Authority undetectable
Possible reasons are listed at http://wiki.ros.org/tf/Errors%20explained
[WARN] [1784080583.022610397] []: TF_OLD_DATA ignoring data from the past for frame rear_left_wheel at time 1784080571.594479 according to authority Authority undetectable
Possible reasons are listed at http://wiki.ros.org/tf/Errors%20explained
[WARN] [1784080583.022618415] []: TF_OLD_DATA ignoring data from the past for frame rear_right_wheel at time 1784080571.594479 according to authority Authority undetectable
Possible reasons are listed at http://wiki.ros.org/tf/Errors%20explained
[WARN] [1784080583.022725120] []: TF_OLD_DATA ignoring data from the past for frame front_left_wheel at time 1784080572.894489 according to authority Authority undetectable
Possible reasons are listed at http://wiki.ros.org/tf/Errors%20explained
[WARN] [1784080583.022741083] []: TF_OLD_DATA ignoring data from the past for frame front_right_wheel at time 1784080572.894489 according to authority Authority undetectable
Possible reasons are listed at http://wiki.ros.org/tf/Errors%20explained
[WARN] [1784080583.022751268] []: TF_OLD_DATA ignoring data from the past for frame rear_left_wheel at time 1784080572.894489 according to authority Authority undetectable
Possible reasons are listed at http://wiki.ros.org/tf/Errors%20explained
[WARN] [1784080583.022782749] []: TF_OLD_DATA ignoring data from the past for frame rear_right_wheel at time 1784080572.894489 according to authority Authority undetectable
Possible reasons are listed at http://wiki.ros.org/tf/Errors%20explained
[INFO] [1784080614.947446674] [rclcpp]: signal_handler(SIGINT/SIGTERM)
[INFO] [1784080614.948215234] [bt_navigator]: Running Nav2 LifecycleNode rcl preshutdown (bt_navigator)
[INFO] [1784080614.951612234] [bt_navigator]: Deactivating
[INFO] [1784080614.951735216] [bt_navigator]: Destroying bond (bt_navigator) to lifecycle manager.
[INFO] [1784080615.035840916] [bt_navigator]: Cleaning up
[INFO] [1784080618.540514622] [bt_navigator]: Completed Cleaning up
[INFO] [1784080618.540605585] [bt_navigator]: Destroying bond (bt_navigator) to lifecycle manager.
