[INFO] [1783135535.534413295] [collision_monitor]: 
	collision_monitor lifecycle node launched. 
	Waiting on external lifecycle transitions to activate
	See https://design.ros2.org/articles/node_lifecycle.html for more information.
[INFO] [1783135539.879254415] [collision_monitor]: Configuring
[INFO] [1783135539.918078742] [collision_monitor]: [scan]: Creating Scan
[INFO] [1783135539.930857405] [collision_monitor]: [FootprintApproach]: Creating Polygon
[INFO] [1783135539.931200333] [collision_monitor]: [FootprintApproach]: Polygon points are not defined. Using dynamic subscription instead.
[INFO] [1783135539.940737497] [collision_monitor]: [FootprintApproach]: Making footprint subscriber on /local_costmap/published_footprint topic
[INFO] [1783135543.685444672] [collision_monitor]: Activating
[INFO] [1783135543.685516690] [collision_monitor]: Creating bond (collision_monitor) to lifecycle manager.
[INFO] [1783135562.693556829] [collision_monitor]: Robot to approach for 2.300000 seconds away from collision
[INFO] [1783135603.023914222] [collision_monitor]: Robot to continue normal operation
[INFO] [1783135603.234549799] [collision_monitor]: Robot to approach for 2.300000 seconds away from collision
[INFO] [1783135650.954173948] [rclcpp]: signal_handler(SIGINT/SIGTERM)
[INFO] [1783135650.954327745] [collision_monitor]: Running Nav2 LifecycleNode rcl preshutdown (collision_monitor)
[INFO] [1783135650.955845846] [collision_monitor]: Deactivating
[INFO] [1783135650.955890124] [collision_monitor]: Destroying bond (collision_monitor) to lifecycle manager.
[INFO] [1783135650.982495809] [collision_monitor]: Cleaning up
[INFO] [1783135650.982564902] [collision_monitor]: [FootprintApproach]: Destroying Polygon
[INFO] [1783135650.982593883] [collision_monitor]: [scan]: Destroying Scan
[INFO] [1783135651.068276470] [collision_monitor]: Destroying bond (collision_monitor) to lifecycle manager.
