[INFO] [1784064158.934870278] [collision_monitor]: 
	collision_monitor lifecycle node launched. 
	Waiting on external lifecycle transitions to activate
	See https://design.ros2.org/articles/node_lifecycle.html for more information.
[INFO] [1784064161.879079065] [collision_monitor]: Configuring
[INFO] [1784064161.916816935] [collision_monitor]: [scan]: Creating Scan
[INFO] [1784064161.934166129] [collision_monitor]: [FootprintApproach]: Creating Polygon
[INFO] [1784064161.937688835] [collision_monitor]: [FootprintApproach]: Polygon points are not defined. Using dynamic subscription instead.
[INFO] [1784064161.954783121] [collision_monitor]: [FootprintApproach]: Making footprint subscriber on /local_costmap/published_footprint topic
[INFO] [1784064165.857514888] [collision_monitor]: Activating
[INFO] [1784064165.857588703] [collision_monitor]: Creating bond (collision_monitor) to lifecycle manager.
[INFO] [1784064249.413450476] [collision_monitor]: Robot to approach for 2.300000 seconds away from collision
[INFO] [1784064249.451643496] [collision_monitor]: Robot to continue normal operation
[INFO] [1784064249.551772714] [collision_monitor]: Robot to approach for 2.300000 seconds away from collision
[INFO] [1784064250.142247607] [collision_monitor]: Robot to continue normal operation
[INFO] [1784064258.812266347] [collision_monitor]: Robot to approach for 2.300000 seconds away from collision
[INFO] [1784064258.855619972] [collision_monitor]: Robot to continue normal operation
[INFO] [1784064403.912175963] [collision_monitor]: Robot to approach for 2.300000 seconds away from collision
[INFO] [1784064404.110938704] [collision_monitor]: Robot to continue normal operation
[INFO] [1784064450.221471168] [collision_monitor]: Robot to approach for 2.300000 seconds away from collision
[INFO] [1784064450.452498210] [collision_monitor]: Robot to continue normal operation
[INFO] [1784064625.210941691] [rclcpp]: signal_handler(SIGINT/SIGTERM)
[INFO] [1784064625.211101266] [collision_monitor]: Running Nav2 LifecycleNode rcl preshutdown (collision_monitor)
[INFO] [1784064625.211225007] [collision_monitor]: Deactivating
[INFO] [1784064625.211263896] [collision_monitor]: Destroying bond (collision_monitor) to lifecycle manager.
[INFO] [1784064625.319573643] [collision_monitor]: Cleaning up
[INFO] [1784064625.319674829] [collision_monitor]: [FootprintApproach]: Destroying Polygon
[INFO] [1784064625.319704348] [collision_monitor]: [scan]: Destroying Scan
[INFO] [1784064625.457942048] [collision_monitor]: Destroying bond (collision_monitor) to lifecycle manager.
