[INFO] [1784069823.975494433] [collision_monitor]: 
	collision_monitor lifecycle node launched. 
	Waiting on external lifecycle transitions to activate
	See https://design.ros2.org/articles/node_lifecycle.html for more information.
[INFO] [1784069828.413202242] [collision_monitor]: Configuring
[INFO] [1784069828.441031361] [collision_monitor]: [scan]: Creating Scan
[INFO] [1784069828.453562784] [collision_monitor]: [FootprintApproach]: Creating Polygon
[INFO] [1784069828.454170954] [collision_monitor]: [FootprintApproach]: Polygon points are not defined. Using dynamic subscription instead.
[INFO] [1784069828.460124728] [collision_monitor]: [FootprintApproach]: Making footprint subscriber on /local_costmap/published_footprint topic
[INFO] [1784069832.259187074] [collision_monitor]: Activating
[INFO] [1784069832.259249167] [collision_monitor]: Creating bond (collision_monitor) to lifecycle manager.
[WARN] [1784069847.537416958] [collision_monitor]: [scan]: Latest source and current collision monitor node timestamps differ on 10.087835 seconds. Ignoring the source.
[WARN] [1784069847.537594385] [collision_monitor]: Robot to stop due to invalid source. Either due to data not published yet, or to lack of new data received within the sensor timeout, or if impossible to transform data to base frame
[WARN] [1784069847.586794032] [collision_monitor]: [scan]: Latest source and current collision monitor node timestamps differ on 10.137226 seconds. Ignoring the source.
[WARN] [1784069847.637927487] [collision_monitor]: [scan]: Latest source and current collision monitor node timestamps differ on 10.188360 seconds. Ignoring the source.
[WARN] [1784069847.686873614] [collision_monitor]: [scan]: Latest source and current collision monitor node timestamps differ on 10.237305 seconds. Ignoring the source.
[WARN] [1784069847.737287545] [collision_monitor]: [scan]: Latest source and current collision monitor node timestamps differ on 10.287720 seconds. Ignoring the source.
[WARN] [1784069847.786937547] [collision_monitor]: [scan]: Latest source and current collision monitor node timestamps differ on 10.337370 seconds. Ignoring the source.
[WARN] [1784069847.837022569] [collision_monitor]: [scan]: Latest source and current collision monitor node timestamps differ on 10.387452 seconds. Ignoring the source.
[WARN] [1784069847.886803312] [collision_monitor]: [scan]: Latest source and current collision monitor node timestamps differ on 10.437235 seconds. Ignoring the source.
[WARN] [1784069847.937296392] [collision_monitor]: [scan]: Latest source and current collision monitor node timestamps differ on 10.487726 seconds. Ignoring the source.
[WARN] [1784069847.986754911] [collision_monitor]: [scan]: Latest source and current collision monitor node timestamps differ on 10.537187 seconds. Ignoring the source.
[WARN] [1784069848.037606345] [collision_monitor]: [scan]: Latest source and current collision monitor node timestamps differ on 10.588038 seconds. Ignoring the source.
[WARN] [1784069848.086842845] [collision_monitor]: [scan]: Latest source and current collision monitor node timestamps differ on 10.637275 seconds. Ignoring the source.
[WARN] [1784069848.137152553] [collision_monitor]: [scan]: Latest source and current collision monitor node timestamps differ on 10.687585 seconds. Ignoring the source.
[WARN] [1784069848.186904333] [collision_monitor]: [scan]: Latest source and current collision monitor node timestamps differ on 10.737335 seconds. Ignoring the source.
[WARN] [1784069848.237198264] [collision_monitor]: [scan]: Latest source and current collision monitor node timestamps differ on 10.787628 seconds. Ignoring the source.
[WARN] [1784069848.286834692] [collision_monitor]: [scan]: Latest source and current collision monitor node timestamps differ on 10.837261 seconds. Ignoring the source.
[WARN] [1784069848.337024696] [collision_monitor]: [scan]: Latest source and current collision monitor node timestamps differ on 10.887456 seconds. Ignoring the source.
[WARN] [1784069848.386819106] [collision_monitor]: [scan]: Latest source and current collision monitor node timestamps differ on 10.937250 seconds. Ignoring the source.
[WARN] [1784069848.437436890] [collision_monitor]: [scan]: Latest source and current collision monitor node timestamps differ on 10.987863 seconds. Ignoring the source.
[WARN] [1784069848.486768149] [collision_monitor]: [scan]: Latest source and current collision monitor node timestamps differ on 11.037200 seconds. Ignoring the source.
[INFO] [1784069943.818779459] [collision_monitor]: Robot to continue normal operation
[INFO] [1784070080.819069175] [collision_monitor]: Robot to approach for 2.300000 seconds away from collision
[INFO] [1784070081.151955492] [collision_monitor]: Robot to continue normal operation
[INFO] [1784070263.349185885] [collision_monitor]: Robot to approach for 2.300000 seconds away from collision
[INFO] [1784070263.550658907] [collision_monitor]: Robot to continue normal operation
[INFO] [1784070293.160014182] [collision_monitor]: Robot to approach for 2.300000 seconds away from collision
[INFO] [1784070293.620413383] [collision_monitor]: Robot to continue normal operation
[INFO] [1784070335.018846920] [collision_monitor]: Robot to approach for 2.300000 seconds away from collision
[INFO] [1784070335.920043784] [collision_monitor]: Robot to continue normal operation
[INFO] [1784070410.349772415] [collision_monitor]: Robot to approach for 2.300000 seconds away from collision
[INFO] [1784070410.719271826] [collision_monitor]: Robot to continue normal operation
[INFO] [1784070450.749374631] [collision_monitor]: Robot to approach for 2.300000 seconds away from collision
[INFO] [1784070451.149583567] [collision_monitor]: Robot to continue normal operation
[INFO] [1784070451.248876681] [collision_monitor]: Robot to approach for 2.300000 seconds away from collision
[INFO] [1784070451.549332204] [collision_monitor]: Robot to continue normal operation
[INFO] [1784070745.124947430] [rclcpp]: signal_handler(SIGINT/SIGTERM)
[INFO] [1784070745.125111486] [collision_monitor]: Running Nav2 LifecycleNode rcl preshutdown (collision_monitor)
[INFO] [1784070745.125246172] [collision_monitor]: Deactivating
[INFO] [1784070745.125283376] [collision_monitor]: Destroying bond (collision_monitor) to lifecycle manager.
[INFO] [1784070745.170327203] [collision_monitor]: Cleaning up
[INFO] [1784070745.301798348] [collision_monitor]: [FootprintApproach]: Destroying Polygon
[INFO] [1784070745.301927145] [collision_monitor]: [scan]: Destroying Scan
[INFO] [1784070745.353661547] [collision_monitor]: Destroying bond (collision_monitor) to lifecycle manager.
