[INFO] [1786009087.358541478] [collision_monitor]: 
	collision_monitor lifecycle node launched. 
	Waiting on external lifecycle transitions to activate
	See https://design.ros2.org/articles/node_lifecycle.html for more information.
[INFO] [1786009090.631926731] [collision_monitor]: Configuring
[INFO] [1786009090.669487210] [collision_monitor]: [scan]: Creating Scan
[INFO] [1786009090.683984035] [collision_monitor]: [FootprintApproach]: Creating Polygon
[INFO] [1786009090.690316054] [collision_monitor]: [FootprintApproach]: Polygon points are not defined. Using dynamic subscription instead.
[INFO] [1786009090.706660223] [collision_monitor]: [FootprintApproach]: Making footprint subscriber on /local_costmap/published_footprint topic
[INFO] [1786009096.844347120] [collision_monitor]: Activating
[INFO] [1786009096.844450640] [collision_monitor]: Creating bond (collision_monitor) to lifecycle manager.
[INFO] [1786009358.904839327] [collision_monitor]: Robot to approach for 2.300000 seconds away from collision
[INFO] [1786009359.105368725] [collision_monitor]: Robot to continue normal operation
[INFO] [1786009359.304703718] [collision_monitor]: Robot to approach for 2.300000 seconds away from collision
[INFO] [1786009359.432378612] [collision_monitor]: Robot to continue normal operation
[INFO] [1786009416.642836245] [collision_monitor]: Robot to approach for 2.300000 seconds away from collision
[INFO] [1786009416.731870444] [collision_monitor]: Robot to continue normal operation
[INFO] [1786009417.308721645] [collision_monitor]: Robot to approach for 2.300000 seconds away from collision
[INFO] [1786009417.435312040] [collision_monitor]: Robot to continue normal operation
[INFO] [1786009417.642281078] [collision_monitor]: Robot to approach for 2.300000 seconds away from collision
[INFO] [1786009417.732217687] [collision_monitor]: Robot to continue normal operation
[INFO] [1786010048.701813490] [collision_monitor]: Robot to approach for 2.300000 seconds away from collision
[INFO] [1786010055.401657460] [collision_monitor]: Robot to continue normal operation
[INFO] [1786010055.431570716] [collision_monitor]: Robot to approach for 2.300000 seconds away from collision
[INFO] [1786010061.531782771] [collision_monitor]: Robot to continue normal operation
[INFO] [1786010064.031963044] [collision_monitor]: Robot to approach for 2.300000 seconds away from collision
[INFO] [1786010076.202528250] [collision_monitor]: Robot to continue normal operation
[INFO] [1786010083.501747226] [collision_monitor]: Robot to approach for 2.300000 seconds away from collision
[INFO] [1786010083.932579383] [collision_monitor]: Robot to continue normal operation
[INFO] [1786010084.001580224] [collision_monitor]: Robot to approach for 2.300000 seconds away from collision
[INFO] [1786010084.895360659] [collision_monitor]: Robot to continue normal operation
[INFO] [1786010085.101782975] [collision_monitor]: Robot to approach for 2.300000 seconds away from collision
[INFO] [1786010094.931283112] [collision_monitor]: Robot to continue normal operation
[INFO] [1786010100.631581827] [collision_monitor]: Robot to approach for 2.300000 seconds away from collision
[INFO] [1786010106.531630600] [collision_monitor]: Robot to continue normal operation
[INFO] [1786010106.701467364] [collision_monitor]: Robot to approach for 2.300000 seconds away from collision
[INFO] [1786010112.702290504] [collision_monitor]: Robot to continue normal operation
[INFO] [1786010119.331013881] [collision_monitor]: Robot to approach for 2.300000 seconds away from collision
[INFO] [1786010120.143464462] [collision_monitor]: Robot to continue normal operation
[INFO] [1786010120.201593133] [collision_monitor]: Robot to approach for 2.300000 seconds away from collision
[INFO] [1786010121.001940851] [collision_monitor]: Robot to continue normal operation
[INFO] [1786010121.101353470] [collision_monitor]: Robot to approach for 2.300000 seconds away from collision
[INFO] [1786010125.131378922] [collision_monitor]: Robot to continue normal operation
[INFO] [1786010125.332929601] [collision_monitor]: Robot to approach for 2.300000 seconds away from collision
[INFO] [1786010131.301816510] [collision_monitor]: Robot to continue normal operation
[INFO] [1786010139.901493538] [collision_monitor]: Robot to approach for 2.300000 seconds away from collision
[INFO] [1786010150.131999669] [collision_monitor]: Robot to continue normal operation
[INFO] [1786010156.301712142] [collision_monitor]: Robot to approach for 2.300000 seconds away from collision
[INFO] [1786010162.132632814] [collision_monitor]: Robot to continue normal operation
[INFO] [1786010162.303787937] [collision_monitor]: Robot to approach for 2.300000 seconds away from collision
[INFO] [1786010168.331218507] [collision_monitor]: Robot to continue normal operation
[INFO] [1786010175.032922783] [collision_monitor]: Robot to approach for 2.300000 seconds away from collision
[INFO] [1786010180.701740550] [collision_monitor]: Robot to continue normal operation
[INFO] [1786010180.902434560] [collision_monitor]: Robot to approach for 2.300000 seconds away from collision
[INFO] [1786010186.901874820] [collision_monitor]: Robot to continue normal operation
[INFO] [1786010189.301685550] [collision_monitor]: Robot to approach for 2.300000 seconds away from collision
[INFO] [1786010195.301727738] [collision_monitor]: Robot to continue normal operation
[INFO] [1786010195.501457781] [collision_monitor]: Robot to approach for 2.300000 seconds away from collision
[INFO] [1786010201.501809934] [collision_monitor]: Robot to continue normal operation
[INFO] [1786010217.001634615] [collision_monitor]: Robot to approach for 2.300000 seconds away from collision
[INFO] [1786010218.433262650] [collision_monitor]: Robot to continue normal operation
[INFO] [1786010237.031748802] [collision_monitor]: Robot to approach for 2.300000 seconds away from collision
[INFO] [1786010237.231263084] [collision_monitor]: Robot to continue normal operation
[INFO] [1786010289.502984675] [collision_monitor]: Robot to approach for 2.300000 seconds away from collision
[INFO] [1786010290.531656589] [collision_monitor]: Robot to continue normal operation
[INFO] [1786010290.601754910] [collision_monitor]: Robot to approach for 2.300000 seconds away from collision
[INFO] [1786010291.201898154] [collision_monitor]: Robot to continue normal operation
[INFO] [1786010295.332178433] [collision_monitor]: Robot to approach for 2.300000 seconds away from collision
[INFO] [1786010295.401901467] [collision_monitor]: Robot to continue normal operation
[INFO] [1786010295.431987895] [collision_monitor]: Robot to approach for 2.300000 seconds away from collision
[INFO] [1786010295.502097209] [collision_monitor]: Robot to continue normal operation
[INFO] [1786011846.900818402] [collision_monitor]: Robot to approach for 2.300000 seconds away from collision
[INFO] [1786011848.532433686] [collision_monitor]: Robot to continue normal operation
[INFO] [1786012574.131309872] [collision_monitor]: Robot to approach for 2.300000 seconds away from collision
[INFO] [1786012574.832267613] [collision_monitor]: Robot to continue normal operation
