[INFO] [1783382631.850038355] [collision_monitor]: 
	collision_monitor lifecycle node launched. 
	Waiting on external lifecycle transitions to activate
	See https://design.ros2.org/articles/node_lifecycle.html for more information.
[INFO] [1783382635.541758693] [collision_monitor]: Configuring
[INFO] [1783382635.589672478] [collision_monitor]: [scan]: Creating Scan
[INFO] [1783382635.617787776] [collision_monitor]: [FootprintApproach]: Creating Polygon
[INFO] [1783382635.621312760] [collision_monitor]: [FootprintApproach]: Polygon points are not defined. Using dynamic subscription instead.
[INFO] [1783382635.628302987] [collision_monitor]: [FootprintApproach]: Making footprint subscriber on /local_costmap/published_footprint topic
[INFO] [1783382639.599305601] [collision_monitor]: Activating
[INFO] [1783382639.599371324] [collision_monitor]: Creating bond (collision_monitor) to lifecycle manager.
[INFO] [1783382761.459729399] [collision_monitor]: Robot to approach for 2.300000 seconds away from collision
[INFO] [1783382763.899328879] [collision_monitor]: Robot to continue normal operation
[INFO] [1783382851.499390596] [collision_monitor]: Robot to approach for 2.300000 seconds away from collision
[INFO] [1783382854.505069693] [collision_monitor]: Robot to continue normal operation
[INFO] [1783382955.503315540] [collision_monitor]: Robot to approach for 2.300000 seconds away from collision
[INFO] [1783382958.304298730] [collision_monitor]: Robot to continue normal operation
[INFO] [1783382978.703337141] [rclcpp]: signal_handler(SIGINT/SIGTERM)
[INFO] [1783382978.703505272] [collision_monitor]: Running Nav2 LifecycleNode rcl preshutdown (collision_monitor)
[INFO] [1783382978.705437135] [collision_monitor]: Deactivating
[INFO] [1783382978.707290146] [collision_monitor]: Destroying bond (collision_monitor) to lifecycle manager.
[INFO] [1783382978.752619824] [collision_monitor]: Cleaning up
[INFO] [1783382978.752712306] [collision_monitor]: [FootprintApproach]: Destroying Polygon
[INFO] [1783382978.752740510] [collision_monitor]: [scan]: Destroying Scan
[INFO] [1783382978.942016083] [collision_monitor]: Destroying bond (collision_monitor) to lifecycle manager.
