[INFO] [1775712076.381090456] [collision_monitor]: 
	collision_monitor lifecycle node launched. 
	Waiting on external lifecycle transitions to activate
	See https://design.ros2.org/articles/node_lifecycle.html for more information.
[INFO] [1775712079.809766556] [collision_monitor]: Configuring
[INFO] [1775712079.902976422] [collision_monitor]: [scan]: Creating Scan
[INFO] [1775712079.942670959] [collision_monitor]: [FootprintApproach]: Creating Polygon
[INFO] [1775712079.942997034] [collision_monitor]: [FootprintApproach]: Polygon points are not defined. Using dynamic subscription instead.
[INFO] [1775712079.968657574] [collision_monitor]: [FootprintApproach]: Making footprint subscriber on /local_costmap/published_footprint topic
[INFO] [1775712112.464431684] [collision_monitor]: Activating
[INFO] [1775712112.464515962] [collision_monitor]: Creating bond (collision_monitor) to lifecycle manager.
[ERROR] [1775712128.565724601] [getTransform]: Failed to get "laser"->"base_footprint" frame transform: Lookup would require extrapolation into the future.  Requested time 1775712128.361187 but the latest data is at time 1775712128.288948, when looking up transform from frame [odom] to frame [base_footprint]
[WARN] [1775712128.565897583] [collision_monitor]: Robot to stop due to invalid source. Either due to data not published yet, or to lack of new data received within the sensor timeout, or if impossible to transform data to base frame
[INFO] [1775712128.661906903] [collision_monitor]: Robot to continue normal operation
[ERROR] [1775712131.165604522] [getTransform]: Failed to get "laser"->"base_footprint" frame transform: Lookup would require extrapolation into the future.  Requested time 1775712130.965212 but the latest data is at time 1775712130.892618, when looking up transform from frame [odom] to frame [base_footprint]
[WARN] [1775712131.165749486] [collision_monitor]: Robot to stop due to invalid source. Either due to data not published yet, or to lack of new data received within the sensor timeout, or if impossible to transform data to base frame
[INFO] [1775712131.273128274] [collision_monitor]: Robot to continue normal operation
[ERROR] [1775712140.061565109] [getTransform]: Failed to get "laser"->"base_footprint" frame transform: Lookup would require extrapolation into the future.  Requested time 1775712139.860534 but the latest data is at time 1775712139.784899, when looking up transform from frame [odom] to frame [base_footprint]
[WARN] [1775712140.064601787] [collision_monitor]: Robot to stop due to invalid source. Either due to data not published yet, or to lack of new data received within the sensor timeout, or if impossible to transform data to base frame
[INFO] [1775712140.171759779] [collision_monitor]: Robot to continue normal operation
[ERROR] [1775712150.165623528] [getTransform]: Failed to get "laser"->"base_footprint" frame transform: Lookup would require extrapolation into the future.  Requested time 1775712149.962490 but the latest data is at time 1775712149.907215, when looking up transform from frame [odom] to frame [base_footprint]
[WARN] [1775712150.165725677] [collision_monitor]: Robot to stop due to invalid source. Either due to data not published yet, or to lack of new data received within the sensor timeout, or if impossible to transform data to base frame
[INFO] [1775712150.273055799] [collision_monitor]: Robot to continue normal operation
[ERROR] [1775712156.765773123] [getTransform]: Failed to get "laser"->"base_footprint" frame transform: Lookup would require extrapolation into the future.  Requested time 1775712156.565297 but the latest data is at time 1775712156.488969, when looking up transform from frame [odom] to frame [base_footprint]
[WARN] [1775712156.765877660] [collision_monitor]: Robot to stop due to invalid source. Either due to data not published yet, or to lack of new data received within the sensor timeout, or if impossible to transform data to base frame
[INFO] [1775712156.874321712] [collision_monitor]: Robot to continue normal operation
[ERROR] [1775712266.265258967] [getTransform]: Failed to get "laser"->"base_footprint" frame transform: Lookup would require extrapolation into the future.  Requested time 1775712266.058897 but the latest data is at time 1775712266.021076, when looking up transform from frame [odom] to frame [base_footprint]
[WARN] [1775712266.265580450] [collision_monitor]: Robot to stop due to invalid source. Either due to data not published yet, or to lack of new data received within the sensor timeout, or if impossible to transform data to base frame
[INFO] [1775712266.358655317] [collision_monitor]: Robot to continue normal operation
[ERROR] [1775712395.447961836] [getTransform]: Failed to get "laser"->"base_footprint" frame transform: Lookup would require extrapolation into the future.  Requested time 1775712395.240216 but the latest data is at time 1775712395.194570, when looking up transform from frame [odom] to frame [base_footprint]
[WARN] [1775712395.448217819] [collision_monitor]: Robot to stop due to invalid source. Either due to data not published yet, or to lack of new data received within the sensor timeout, or if impossible to transform data to base frame
[INFO] [1775712395.572075885] [collision_monitor]: Robot to continue normal operation
[ERROR] [1775712453.446525493] [getTransform]: Failed to get "laser"->"base_footprint" frame transform: Lookup would require extrapolation into the future.  Requested time 1775712453.239412 but the latest data is at time 1775712453.226200, when looking up transform from frame [odom] to frame [base_footprint]
[WARN] [1775712453.446760311] [collision_monitor]: Robot to stop due to invalid source. Either due to data not published yet, or to lack of new data received within the sensor timeout, or if impossible to transform data to base frame
[INFO] [1775712453.573057114] [collision_monitor]: Robot to continue normal operation
[ERROR] [1775712464.966361055] [getTransform]: Failed to get "laser"->"base_footprint" frame transform: Lookup would require extrapolation into the future.  Requested time 1775712464.764316 but the latest data is at time 1775712464.722464, when looking up transform from frame [odom] to frame [base_footprint]
[WARN] [1775712464.966495556] [collision_monitor]: Robot to stop due to invalid source. Either due to data not published yet, or to lack of new data received within the sensor timeout, or if impossible to transform data to base frame
[INFO] [1775712465.074787137] [collision_monitor]: Robot to continue normal operation
[ERROR] [1775712487.864294702] [getTransform]: Failed to get "laser"->"base_footprint" frame transform: Lookup would require extrapolation into the future.  Requested time 1775712487.663581 but the latest data is at time 1775712487.628739, when looking up transform from frame [odom] to frame [base_footprint]
[WARN] [1775712487.864381610] [collision_monitor]: Robot to stop due to invalid source. Either due to data not published yet, or to lack of new data received within the sensor timeout, or if impossible to transform data to base frame
[INFO] [1775712488.064173120] [collision_monitor]: Robot to continue normal operation
[ERROR] [1775712499.865078456] [getTransform]: Failed to get "laser"->"base_footprint" frame transform: Lookup would require extrapolation into the future.  Requested time 1775712499.662854 but the latest data is at time 1775712499.579502, when looking up transform from frame [odom] to frame [base_footprint]
[WARN] [1775712499.865182291] [collision_monitor]: Robot to stop due to invalid source. Either due to data not published yet, or to lack of new data received within the sensor timeout, or if impossible to transform data to base frame
[INFO] [1775712499.970393075] [collision_monitor]: Robot to continue normal operation
[ERROR] [1775712519.454894721] [getTransform]: Failed to get "laser"->"base_footprint" frame transform: Lookup would require extrapolation into the future.  Requested time 1775712519.243696 but the latest data is at time 1775712519.218827, when looking up transform from frame [odom] to frame [base_footprint]
[WARN] [1775712519.454996722] [collision_monitor]: Robot to stop due to invalid source. Either due to data not published yet, or to lack of new data received within the sensor timeout, or if impossible to transform data to base frame
[INFO] [1775712519.572348770] [collision_monitor]: Robot to continue normal operation
[INFO] [1775712634.165683498] [collision_monitor]: Robot to approach for 1.200000 seconds away from collision
[INFO] [1775712635.362996658] [collision_monitor]: Robot to continue normal operation
[ERROR] [1775712660.648622973] [getTransform]: Failed to get "laser"->"base_footprint" frame transform: Lookup would require extrapolation into the future.  Requested time 1775712660.442781 but the latest data is at time 1775712660.390837, when looking up transform from frame [odom] to frame [base_footprint]
[WARN] [1775712660.649648332] [collision_monitor]: Robot to stop due to invalid source. Either due to data not published yet, or to lack of new data received within the sensor timeout, or if impossible to transform data to base frame
[INFO] [1775712660.765734489] [collision_monitor]: Robot to approach for 1.200000 seconds away from collision
[INFO] [1775712661.865171995] [collision_monitor]: Robot to continue normal operation
[ERROR] [1775712750.282268800] [getTransform]: Failed to get "laser"->"base_footprint" frame transform: Lookup would require extrapolation into the future.  Requested time 1775712750.077450 but the latest data is at time 1775712749.988989, when looking up transform from frame [odom] to frame [base_footprint]
[WARN] [1775712750.282416783] [collision_monitor]: Robot to stop due to invalid source. Either due to data not published yet, or to lack of new data received within the sensor timeout, or if impossible to transform data to base frame
[INFO] [1775712750.378523090] [collision_monitor]: Robot to continue normal operation
[ERROR] [1775712751.675305508] [getTransform]: Failed to get "laser"->"base_footprint" frame transform: Lookup would require extrapolation into the future.  Requested time 1775712751.471553 but the latest data is at time 1775712751.389064, when looking up transform from frame [odom] to frame [base_footprint]
[WARN] [1775712751.675410620] [collision_monitor]: Robot to stop due to invalid source. Either due to data not published yet, or to lack of new data received within the sensor timeout, or if impossible to transform data to base frame
[INFO] [1775712751.768827523] [collision_monitor]: Robot to continue normal operation
[ERROR] [1775712751.971971556] [getTransform]: Failed to get "laser"->"base_footprint" frame transform: Lookup would require extrapolation into the future.  Requested time 1775712751.771687 but the latest data is at time 1775712751.696131, when looking up transform from frame [odom] to frame [base_footprint]
[WARN] [1775712751.972103002] [collision_monitor]: Robot to stop due to invalid source. Either due to data not published yet, or to lack of new data received within the sensor timeout, or if impossible to transform data to base frame
[INFO] [1775712752.075020295] [collision_monitor]: Robot to continue normal operation
[ERROR] [1775712758.565626889] [getTransform]: Failed to get "laser"->"base_footprint" frame transform: Lookup would require extrapolation into the future.  Requested time 1775712758.364578 but the latest data is at time 1775712758.328372, when looking up transform from frame [odom] to frame [base_footprint]
[WARN] [1775712758.565752556] [collision_monitor]: Robot to stop due to invalid source. Either due to data not published yet, or to lack of new data received within the sensor timeout, or if impossible to transform data to base frame
[INFO] [1775712758.773651508] [collision_monitor]: Robot to continue normal operation
[ERROR] [1775712782.440197638] [getTransform]: Failed to get "laser"->"base_footprint" frame transform: Lookup would require extrapolation into the future.  Requested time 1775712782.239393 but the latest data is at time 1775712782.205028, when looking up transform from frame [odom] to frame [base_footprint]
[WARN] [1775712782.440325731] [collision_monitor]: Robot to stop due to invalid source. Either due to data not published yet, or to lack of new data received within the sensor timeout, or if impossible to transform data to base frame
[INFO] [1775712782.566621908] [collision_monitor]: Robot to continue normal operation
[ERROR] [1775712788.950278257] [getTransform]: Failed to get "laser"->"base_footprint" frame transform: Lookup would require extrapolation into the future.  Requested time 1775712788.745936 but the latest data is at time 1775712788.677891, when looking up transform from frame [odom] to frame [base_footprint]
[WARN] [1775712788.950390202] [collision_monitor]: Robot to stop due to invalid source. Either due to data not published yet, or to lack of new data received within the sensor timeout, or if impossible to transform data to base frame
[INFO] [1775712789.182785248] [collision_monitor]: Robot to continue normal operation
[ERROR] [1775712789.391411037] [getTransform]: Failed to get "laser"->"base_footprint" frame transform: Lookup would require extrapolation into the future.  Requested time 1775712789.186364 but the latest data is at time 1775712789.144914, when looking up transform from frame [odom] to frame [base_footprint]
[WARN] [1775712789.391736539] [collision_monitor]: Robot to stop due to invalid source. Either due to data not published yet, or to lack of new data received within the sensor timeout, or if impossible to transform data to base frame
[ERROR] [1775712789.594067642] [getTransform]: Failed to get "laser"->"base_footprint" frame transform: Lookup would require extrapolation into the future.  Requested time 1775712789.392697 but the latest data is at time 1775712789.304223, when looking up transform from frame [odom] to frame [base_footprint]
[ERROR] [1775712789.816823554] [getTransform]: Failed to get "laser"->"base_footprint" frame transform: Lookup would require extrapolation into the future.  Requested time 1775712789.612551 but the latest data is at time 1775712789.612215, when looking up transform from frame [odom] to frame [base_footprint]
[INFO] [1775712789.984808763] [collision_monitor]: Robot to continue normal operation
[ERROR] [1775712818.265095219] [getTransform]: Failed to get "laser"->"base_footprint" frame transform: Lookup would require extrapolation into the future.  Requested time 1775712818.062278 but the latest data is at time 1775712817.995337, when looking up transform from frame [odom] to frame [base_footprint]
[WARN] [1775712818.266600210] [collision_monitor]: Robot to stop due to invalid source. Either due to data not published yet, or to lack of new data received within the sensor timeout, or if impossible to transform data to base frame
[INFO] [1775712818.365803240] [collision_monitor]: Robot to continue normal operation
[ERROR] [1775712828.076979619] [getTransform]: Failed to get "laser"->"base_footprint" frame transform: Lookup would require extrapolation into the future.  Requested time 1775712827.868643 but the latest data is at time 1775712827.821095, when looking up transform from frame [odom] to frame [base_footprint]
[WARN] [1775712828.080260935] [collision_monitor]: Robot to stop due to invalid source. Either due to data not published yet, or to lack of new data received within the sensor timeout, or if impossible to transform data to base frame
[INFO] [1775712828.266242827] [collision_monitor]: Robot to continue normal operation
[ERROR] [1775712850.880706882] [getTransform]: Failed to get "laser"->"base_footprint" frame transform: Lookup would require extrapolation into the future.  Requested time 1775712850.671946 but the latest data is at time 1775712850.604549, when looking up transform from frame [odom] to frame [base_footprint]
[WARN] [1775712850.880822809] [collision_monitor]: Robot to stop due to invalid source. Either due to data not published yet, or to lack of new data received within the sensor timeout, or if impossible to transform data to base frame
[INFO] [1775712850.998161607] [collision_monitor]: Robot to continue normal operation
[ERROR] [1775712851.915116296] [getTransform]: Failed to get "laser"->"base_footprint" frame transform: Lookup would require extrapolation into the future.  Requested time 1775712851.710089 but the latest data is at time 1775712851.697940, when looking up transform from frame [odom] to frame [base_footprint]
[WARN] [1775712851.915471743] [collision_monitor]: Robot to stop due to invalid source. Either due to data not published yet, or to lack of new data received within the sensor timeout, or if impossible to transform data to base frame
[INFO] [1775712852.079935283] [collision_monitor]: Robot to continue normal operation
[INFO] [1775712901.770790147] [collision_monitor]: Robot to approach for 1.200000 seconds away from collision
[INFO] [1775712902.270036523] [collision_monitor]: Robot to continue normal operation
[INFO] [1775712902.660509333] [collision_monitor]: Robot to approach for 1.200000 seconds away from collision
[INFO] [1775712907.161371038] [collision_monitor]: Robot to continue normal operation
[INFO] [1775712938.663230741] [collision_monitor]: Robot to approach for 1.200000 seconds away from collision
[INFO] [1775712939.361177255] [collision_monitor]: Robot to continue normal operation
[INFO] [1775712939.561708458] [collision_monitor]: Robot to approach for 1.200000 seconds away from collision
[INFO] [1775712952.368898442] [collision_monitor]: Robot to continue normal operation
[INFO] [1775712952.767368482] [collision_monitor]: Robot to approach for 1.200000 seconds away from collision
[INFO] [1775712957.967812431] [collision_monitor]: Robot to continue normal operation
[INFO] [1775712967.071744850] [collision_monitor]: Robot to approach for 1.200000 seconds away from collision
[INFO] [1775712967.771309799] [collision_monitor]: Robot to continue normal operation
[INFO] [1775712976.064654080] [collision_monitor]: Robot to approach for 1.200000 seconds away from collision
[INFO] [1775712976.461500871] [collision_monitor]: Robot to continue normal operation
[INFO] [1775712976.568730428] [collision_monitor]: Robot to approach for 1.200000 seconds away from collision
[INFO] [1775712976.766644968] [collision_monitor]: Robot to continue normal operation
[INFO] [1775712983.761132390] [collision_monitor]: Robot to approach for 1.200000 seconds away from collision
[INFO] [1775712985.661786546] [collision_monitor]: Robot to continue normal operation
[INFO] [1775712986.265722817] [collision_monitor]: Robot to approach for 1.200000 seconds away from collision
[INFO] [1775712986.869280881] [collision_monitor]: Robot to continue normal operation
[ERROR] [1775712989.069114842] [getTransform]: Failed to get "laser"->"base_footprint" frame transform: Lookup would require extrapolation into the future.  Requested time 1775712988.861121 but the latest data is at time 1775712988.791746, when looking up transform from frame [odom] to frame [base_footprint]
[WARN] [1775712989.069221454] [collision_monitor]: Robot to stop due to invalid source. Either due to data not published yet, or to lack of new data received within the sensor timeout, or if impossible to transform data to base frame
[INFO] [1775712989.174749779] [collision_monitor]: Robot to continue normal operation
[INFO] [1775712993.368000817] [collision_monitor]: Robot to approach for 1.200000 seconds away from collision
[INFO] [1775712993.675697076] [collision_monitor]: Robot to continue normal operation
[ERROR] [1775712997.066411892] [getTransform]: Failed to get "laser"->"base_footprint" frame transform: Lookup would require extrapolation into the future.  Requested time 1775712996.864257 but the latest data is at time 1775712996.787252, when looking up transform from frame [odom] to frame [base_footprint]
[WARN] [1775712997.066515485] [collision_monitor]: Robot to stop due to invalid source. Either due to data not published yet, or to lack of new data received within the sensor timeout, or if impossible to transform data to base frame
[INFO] [1775712997.160628599] [collision_monitor]: Robot to approach for 1.200000 seconds away from collision
[INFO] [1775712997.372579106] [collision_monitor]: Robot to continue normal operation
[INFO] [1775712997.770214067] [collision_monitor]: Robot to approach for 1.200000 seconds away from collision
[INFO] [1775712998.067771604] [collision_monitor]: Robot to continue normal operation
[INFO] [1775712999.058912279] [collision_monitor]: Robot to approach for 1.200000 seconds away from collision
[INFO] [1775712999.357926768] [collision_monitor]: Robot to continue normal operation
[INFO] [1775712999.460416910] [collision_monitor]: Robot to approach for 1.200000 seconds away from collision
[INFO] [1775712999.759829327] [collision_monitor]: Robot to continue normal operation
[INFO] [1775712999.964521868] [collision_monitor]: Robot to approach for 1.200000 seconds away from collision
[INFO] [1775713000.068336536] [collision_monitor]: Robot to continue normal operation
[INFO] [1775713000.261497179] [collision_monitor]: Robot to approach for 1.200000 seconds away from collision
[INFO] [1775713001.158710463] [collision_monitor]: Robot to continue normal operation
[ERROR] [1775713017.565488975] [getTransform]: Failed to get "laser"->"base_footprint" frame transform: Lookup would require extrapolation into the future.  Requested time 1775713017.364653 but the latest data is at time 1775713017.322953, when looking up transform from frame [odom] to frame [base_footprint]
[WARN] [1775713017.565864162] [collision_monitor]: Robot to stop due to invalid source. Either due to data not published yet, or to lack of new data received within the sensor timeout, or if impossible to transform data to base frame
[INFO] [1775713017.673607185] [collision_monitor]: Robot to approach for 1.200000 seconds away from collision
[INFO] [1775713019.868935824] [collision_monitor]: Robot to continue normal operation
[INFO] [1775713026.764218012] [collision_monitor]: Robot to approach for 1.200000 seconds away from collision
[INFO] [1775713030.069909097] [collision_monitor]: Robot to continue normal operation
[INFO] [1775713031.363375946] [collision_monitor]: Robot to approach for 1.200000 seconds away from collision
[INFO] [1775713031.570713798] [collision_monitor]: Robot to continue normal operation
[INFO] [1775713031.667610001] [collision_monitor]: Robot to approach for 1.200000 seconds away from collision
[INFO] [1775713032.066843453] [collision_monitor]: Robot to continue normal operation
[INFO] [1775713314.809196918] [rclcpp]: signal_handler(SIGINT/SIGTERM)
[INFO] [1775713314.809316919] [collision_monitor]: Running Nav2 LifecycleNode rcl preshutdown (collision_monitor)
[INFO] [1775713314.809425716] [collision_monitor]: Deactivating
[INFO] [1775713314.809795348] [collision_monitor]: Destroying bond (collision_monitor) to lifecycle manager.
[INFO] [1775713314.823205444] [collision_monitor]: Cleaning up
[INFO] [1775713314.823304111] [collision_monitor]: [FootprintApproach]: Destroying Polygon
[INFO] [1775713314.823337537] [collision_monitor]: [scan]: Destroying Scan
[INFO] [1775713315.076944891] [collision_monitor]: Destroying bond (collision_monitor) to lifecycle manager.
