[INFO] [1786099168.268288618] [collision_monitor]: 
	collision_monitor lifecycle node launched. 
	Waiting on external lifecycle transitions to activate
	See https://design.ros2.org/articles/node_lifecycle.html for more information.
[INFO] [1786099171.402783010] [collision_monitor]: Configuring
[INFO] [1786099171.442154635] [collision_monitor]: [scan]: Creating Scan
[INFO] [1786099171.460535069] [collision_monitor]: [FootprintApproach]: Creating Polygon
[INFO] [1786099171.467437052] [collision_monitor]: [FootprintApproach]: Polygon points are not defined. Using dynamic subscription instead.
[INFO] [1786099171.477608719] [collision_monitor]: [FootprintApproach]: Making footprint subscriber on /local_costmap/published_footprint topic
[INFO] [1786099172.987427922] [collision_monitor]: Activating
[INFO] [1786099172.987499497] [collision_monitor]: Creating bond (collision_monitor) to lifecycle manager.
[INFO] [1786100990.003121223] [collision_monitor]: Robot to approach for 2.300000 seconds away from collision
[INFO] [1786100996.303414840] [collision_monitor]: Robot to continue normal operation
[INFO] [1786100996.432793878] [collision_monitor]: Robot to approach for 2.300000 seconds away from collision
[INFO] [1786101002.504162052] [collision_monitor]: Robot to continue normal operation
[INFO] [1786101008.702936990] [collision_monitor]: Robot to approach for 2.300000 seconds away from collision
[INFO] [1786101014.733029036] [collision_monitor]: Robot to continue normal operation
[INFO] [1786101014.803048272] [collision_monitor]: Robot to approach for 2.300000 seconds away from collision
[INFO] [1786101020.903764799] [collision_monitor]: Robot to continue normal operation
[INFO] [1786101027.902872724] [collision_monitor]: Robot to approach for 2.300000 seconds away from collision
[INFO] [1786101033.934407373] [collision_monitor]: Robot to continue normal operation
[INFO] [1786101034.102803078] [collision_monitor]: Robot to approach for 2.300000 seconds away from collision
[INFO] [1786101038.832972583] [collision_monitor]: Robot to continue normal operation
[INFO] [1786101038.902766354] [collision_monitor]: Robot to approach for 2.300000 seconds away from collision
[INFO] [1786101040.104108665] [collision_monitor]: Robot to continue normal operation
[INFO] [1786101046.703287644] [collision_monitor]: Robot to approach for 2.300000 seconds away from collision
[INFO] [1786101052.733283338] [collision_monitor]: Robot to continue normal operation
[INFO] [1786101052.832644018] [collision_monitor]: Robot to approach for 2.300000 seconds away from collision
[INFO] [1786101058.894423305] [collision_monitor]: Robot to continue normal operation
[INFO] [1786101065.402972837] [collision_monitor]: Robot to approach for 2.300000 seconds away from collision
[INFO] [1786101077.503586699] [collision_monitor]: Robot to continue normal operation
[INFO] [1786101084.132735295] [collision_monitor]: Robot to approach for 2.300000 seconds away from collision
[INFO] [1786101084.902862663] [collision_monitor]: Robot to continue normal operation
[INFO] [1786101085.002625662] [collision_monitor]: Robot to approach for 2.300000 seconds away from collision
[INFO] [1786101089.303190478] [collision_monitor]: Robot to continue normal operation
[INFO] [1786101089.402745549] [collision_monitor]: Robot to approach for 2.300000 seconds away from collision
[INFO] [1786101090.133287468] [collision_monitor]: Robot to continue normal operation
[INFO] [1786101090.302841238] [collision_monitor]: Robot to approach for 2.300000 seconds away from collision
[INFO] [1786101090.432964911] [collision_monitor]: Robot to continue normal operation
[INFO] [1786101090.502470069] [collision_monitor]: Robot to approach for 2.300000 seconds away from collision
[INFO] [1786101091.333344491] [collision_monitor]: Robot to continue normal operation
[INFO] [1786101091.621316012] [collision_monitor]: Robot to approach for 2.300000 seconds away from collision
[INFO] [1786101091.669121227] [collision_monitor]: Robot to continue normal operation
[INFO] [1786101091.702558148] [collision_monitor]: Robot to approach for 2.300000 seconds away from collision
[INFO] [1786101092.132948436] [collision_monitor]: Robot to continue normal operation
[INFO] [1786101092.202868670] [collision_monitor]: Robot to approach for 2.300000 seconds away from collision
[INFO] [1786101092.433479512] [collision_monitor]: Robot to continue normal operation
[INFO] [1786101092.714762287] [collision_monitor]: Robot to approach for 2.300000 seconds away from collision
[INFO] [1786101093.103623592] [collision_monitor]: Robot to continue normal operation
[INFO] [1786101093.132844884] [collision_monitor]: Robot to approach for 2.300000 seconds away from collision
[INFO] [1786101093.202975656] [collision_monitor]: Robot to continue normal operation
[INFO] [1786101456.518413760] [rclcpp]: signal_handler(SIGINT/SIGTERM)
[INFO] [1786101456.518621687] [collision_monitor]: Running Nav2 LifecycleNode rcl preshutdown (collision_monitor)
[INFO] [1786101456.518752577] [collision_monitor]: Deactivating
[INFO] [1786101456.518793781] [collision_monitor]: Destroying bond (collision_monitor) to lifecycle manager.
[INFO] [1786101456.531706202] [collision_monitor]: Cleaning up
[INFO] [1786101456.531777813] [collision_monitor]: [FootprintApproach]: Destroying Polygon
[INFO] [1786101456.531809851] [collision_monitor]: [scan]: Destroying Scan
[INFO] [1786101456.586084402] [collision_monitor]: Destroying bond (collision_monitor) to lifecycle manager.
