[INFO] [1783378299.876988306] [collision_monitor]: 
	collision_monitor lifecycle node launched. 
	Waiting on external lifecycle transitions to activate
	See https://design.ros2.org/articles/node_lifecycle.html for more information.
[INFO] [1783378303.476467972] [collision_monitor]: Configuring
[INFO] [1783378303.520610855] [collision_monitor]: [scan]: Creating Scan
[INFO] [1783378303.535512508] [collision_monitor]: [FootprintApproach]: Creating Polygon
[INFO] [1783378303.540530177] [collision_monitor]: [FootprintApproach]: Polygon points are not defined. Using dynamic subscription instead.
[INFO] [1783378303.550556977] [collision_monitor]: [FootprintApproach]: Making footprint subscriber on /local_costmap/published_footprint topic
[INFO] [1783378307.572574250] [collision_monitor]: Activating
[INFO] [1783378307.572647343] [collision_monitor]: Creating bond (collision_monitor) to lifecycle manager.
[INFO] [1783378364.228205689] [collision_monitor]: Robot to approach for 2.300000 seconds away from collision
[INFO] [1783378364.496285384] [collision_monitor]: Robot to continue normal operation
[INFO] [1783378380.991926992] [collision_monitor]: Robot to approach for 2.300000 seconds away from collision
[INFO] [1783378381.591491235] [collision_monitor]: Robot to continue normal operation
[INFO] [1783378407.806616344] [collision_monitor]: Robot to approach for 2.300000 seconds away from collision
[INFO] [1783378408.104086043] [collision_monitor]: Robot to continue normal operation
[INFO] [1783378408.764269169] [collision_monitor]: Robot to approach for 2.300000 seconds away from collision
[INFO] [1783378411.291923793] [collision_monitor]: Robot to continue normal operation
[INFO] [1783378661.927958568] [collision_monitor]: Robot to approach for 2.300000 seconds away from collision
[INFO] [1783378662.229172141] [collision_monitor]: Robot to continue normal operation
[INFO] [1783378663.628680083] [collision_monitor]: Robot to approach for 2.300000 seconds away from collision
[INFO] [1783378664.104159078] [collision_monitor]: Robot to continue normal operation
[INFO] [1783378664.428751026] [collision_monitor]: Robot to approach for 2.300000 seconds away from collision
[INFO] [1783378666.492039725] [collision_monitor]: Robot to continue normal operation
[INFO] [1783378678.793031079] [collision_monitor]: Robot to approach for 2.300000 seconds away from collision
[INFO] [1783378679.291093610] [collision_monitor]: Robot to continue normal operation
[INFO] [1783378695.291334420] [collision_monitor]: Robot to approach for 2.300000 seconds away from collision
[INFO] [1783378695.395255476] [collision_monitor]: Robot to continue normal operation
[INFO] [1783378714.002288276] [collision_monitor]: Robot to approach for 2.300000 seconds away from collision
[INFO] [1783378714.432144029] [collision_monitor]: Robot to continue normal operation
[INFO] [1783378714.529616215] [collision_monitor]: Robot to approach for 2.300000 seconds away from collision
[INFO] [1783378715.628846238] [collision_monitor]: Robot to continue normal operation
[INFO] [1783378716.429308183] [collision_monitor]: Robot to approach for 2.300000 seconds away from collision
[INFO] [1783378716.532126715] [collision_monitor]: Robot to continue normal operation
[INFO] [1783378779.928757981] [collision_monitor]: Robot to approach for 2.300000 seconds away from collision
[INFO] [1783378779.997483655] [collision_monitor]: Robot to continue normal operation
[INFO] [1783378787.528724289] [collision_monitor]: Robot to approach for 2.300000 seconds away from collision
[INFO] [1783378787.592106027] [collision_monitor]: Robot to continue normal operation
[INFO] [1783378787.691557464] [collision_monitor]: Robot to approach for 2.300000 seconds away from collision
[INFO] [1783378787.891160118] [collision_monitor]: Robot to continue normal operation
[INFO] [1783378788.028817247] [collision_monitor]: Robot to approach for 2.300000 seconds away from collision
[INFO] [1783378788.229129850] [collision_monitor]: Robot to continue normal operation
[INFO] [1783378788.290702726] [collision_monitor]: Robot to approach for 2.300000 seconds away from collision
[INFO] [1783378788.728908268] [collision_monitor]: Robot to continue normal operation
[INFO] [1783378796.428833417] [collision_monitor]: Robot to approach for 2.300000 seconds away from collision
[INFO] [1783378796.500111764] [collision_monitor]: Robot to continue normal operation
[INFO] [1783378796.626735387] [collision_monitor]: Robot to approach for 2.300000 seconds away from collision
[INFO] [1783378796.691669810] [collision_monitor]: Robot to continue normal operation
[INFO] [1783378796.792148044] [collision_monitor]: Robot to approach for 2.300000 seconds away from collision
[INFO] [1783378796.930599790] [collision_monitor]: Robot to continue normal operation
[INFO] [1783378800.729380257] [collision_monitor]: Robot to approach for 2.300000 seconds away from collision
[INFO] [1783378800.790760641] [collision_monitor]: Robot to continue normal operation
[INFO] [1783378800.928894774] [collision_monitor]: Robot to approach for 2.300000 seconds away from collision
[INFO] [1783378800.991153533] [collision_monitor]: Robot to continue normal operation
[INFO] [1783378801.528787108] [collision_monitor]: Robot to approach for 2.300000 seconds away from collision
[INFO] [1783378801.692460367] [collision_monitor]: Robot to continue normal operation
[INFO] [1783378805.629424671] [collision_monitor]: Robot to approach for 2.300000 seconds away from collision
[INFO] [1783378805.692879641] [collision_monitor]: Robot to continue normal operation
[INFO] [1783378805.831702703] [collision_monitor]: Robot to approach for 2.300000 seconds away from collision
[INFO] [1783378806.094420595] [collision_monitor]: Robot to continue normal operation
[INFO] [1783378806.228725650] [collision_monitor]: Robot to approach for 2.300000 seconds away from collision
[INFO] [1783378806.292620030] [collision_monitor]: Robot to continue normal operation
[INFO] [1783378814.700526434] [collision_monitor]: Robot to approach for 2.300000 seconds away from collision
[INFO] [1783378815.005591176] [collision_monitor]: Robot to continue normal operation
[INFO] [1783378816.128730838] [collision_monitor]: Robot to approach for 2.300000 seconds away from collision
[INFO] [1783378816.393089554] [collision_monitor]: Robot to continue normal operation
[INFO] [1783378837.727937122] [collision_monitor]: Robot to approach for 2.300000 seconds away from collision
[INFO] [1783378837.828836896] [collision_monitor]: Robot to continue normal operation
[INFO] [1783378875.491289280] [collision_monitor]: Robot to approach for 2.300000 seconds away from collision
[INFO] [1783378875.693337881] [collision_monitor]: Robot to continue normal operation
[INFO] [1783378875.730917859] [collision_monitor]: Robot to approach for 2.300000 seconds away from collision
[INFO] [1783378876.529659654] [collision_monitor]: Robot to continue normal operation
[INFO] [1783378876.895538208] [collision_monitor]: Robot to approach for 2.300000 seconds away from collision
[INFO] [1783378877.090521287] [collision_monitor]: Robot to continue normal operation
[INFO] [1783378877.290380820] [collision_monitor]: Robot to approach for 2.300000 seconds away from collision
[INFO] [1783378877.428873922] [collision_monitor]: Robot to continue normal operation
[INFO] [1783378877.589296559] [collision_monitor]: Robot to approach for 2.300000 seconds away from collision
[INFO] [1783378877.630411687] [collision_monitor]: Robot to continue normal operation
[INFO] [1783378877.792829206] [collision_monitor]: Robot to approach for 2.300000 seconds away from collision
[INFO] [1783378877.993042685] [collision_monitor]: Robot to continue normal operation
[INFO] [1783378878.028931375] [collision_monitor]: Robot to approach for 2.300000 seconds away from collision
[INFO] [1783378878.228953057] [collision_monitor]: Robot to continue normal operation
[INFO] [1783378878.390167180] [collision_monitor]: Robot to approach for 2.300000 seconds away from collision
[INFO] [1783378878.528920839] [collision_monitor]: Robot to continue normal operation
[INFO] [1783378882.302215531] [collision_monitor]: Robot to approach for 2.300000 seconds away from collision
[INFO] [1783378882.492079783] [collision_monitor]: Robot to continue normal operation
[INFO] [1783378886.292513707] [collision_monitor]: Robot to approach for 2.300000 seconds away from collision
[INFO] [1783378886.329018326] [collision_monitor]: Robot to continue normal operation
[INFO] [1783378894.128921405] [collision_monitor]: Robot to approach for 2.300000 seconds away from collision
[INFO] [1783378894.200539451] [collision_monitor]: Robot to continue normal operation
[INFO] [1783378894.325362010] [collision_monitor]: Robot to approach for 2.300000 seconds away from collision
[INFO] [1783378894.529164603] [collision_monitor]: Robot to continue normal operation
[INFO] [1783378894.599753958] [collision_monitor]: Robot to approach for 2.300000 seconds away from collision
[INFO] [1783378894.731536410] [collision_monitor]: Robot to continue normal operation
[INFO] [1783378894.929016615] [collision_monitor]: Robot to approach for 2.300000 seconds away from collision
[INFO] [1783378894.990893234] [collision_monitor]: Robot to continue normal operation
[INFO] [1783378902.328858829] [collision_monitor]: Robot to approach for 2.300000 seconds away from collision
[INFO] [1783378902.391069468] [collision_monitor]: Robot to continue normal operation
[INFO] [1783378902.528732973] [collision_monitor]: Robot to approach for 2.300000 seconds away from collision
[INFO] [1783378902.591342670] [collision_monitor]: Robot to continue normal operation
[INFO] [1783378906.328866302] [collision_monitor]: Robot to approach for 2.300000 seconds away from collision
[INFO] [1783378906.393180565] [collision_monitor]: Robot to continue normal operation
[INFO] [1783378906.529060633] [collision_monitor]: Robot to approach for 2.300000 seconds away from collision
[INFO] [1783378906.604528016] [collision_monitor]: Robot to continue normal operation
[INFO] [1783378906.891299166] [collision_monitor]: Robot to approach for 2.300000 seconds away from collision
[INFO] [1783378908.728974134] [collision_monitor]: Robot to continue normal operation
[INFO] [1783378920.491449920] [collision_monitor]: Robot to approach for 2.300000 seconds away from collision
[INFO] [1783378920.728944166] [collision_monitor]: Robot to continue normal operation
[INFO] [1783378920.891229050] [collision_monitor]: Robot to approach for 2.300000 seconds away from collision
[INFO] [1783378921.228903118] [collision_monitor]: Robot to continue normal operation
[INFO] [1783378921.390131163] [collision_monitor]: Robot to approach for 2.300000 seconds away from collision
[INFO] [1783378921.428772868] [collision_monitor]: Robot to continue normal operation
[INFO] [1783378921.591701961] [collision_monitor]: Robot to approach for 2.300000 seconds away from collision
[INFO] [1783378921.628837139] [collision_monitor]: Robot to continue normal operation
[INFO] [1783378921.900138673] [collision_monitor]: Robot to approach for 2.300000 seconds away from collision
[INFO] [1783378921.929027970] [collision_monitor]: Robot to continue normal operation
[INFO] [1783378922.092238805] [collision_monitor]: Robot to approach for 2.300000 seconds away from collision
[INFO] [1783378922.728958772] [collision_monitor]: Robot to continue normal operation
[INFO] [1783378941.228761118] [collision_monitor]: Robot to approach for 2.300000 seconds away from collision
[INFO] [1783378941.293026471] [collision_monitor]: Robot to continue normal operation
[INFO] [1783378941.428727128] [collision_monitor]: Robot to approach for 2.300000 seconds away from collision
[INFO] [1783378941.729004312] [collision_monitor]: Robot to continue normal operation
[INFO] [1783379751.589507277] [rclcpp]: signal_handler(SIGINT/SIGTERM)
[INFO] [1783379751.589631629] [collision_monitor]: Running Nav2 LifecycleNode rcl preshutdown (collision_monitor)
[INFO] [1783379751.589754797] [collision_monitor]: Deactivating
[INFO] [1783379751.589812908] [collision_monitor]: Destroying bond (collision_monitor) to lifecycle manager.
[INFO] [1783379751.612978564] [collision_monitor]: Cleaning up
[INFO] [1783379751.613200639] [collision_monitor]: [FootprintApproach]: Destroying Polygon
[INFO] [1783379751.613764846] [collision_monitor]: [scan]: Destroying Scan
[INFO] [1783379751.744966252] [collision_monitor]: Destroying bond (collision_monitor) to lifecycle manager.
