[INFO] [1786111776.899733056] [collision_monitor]: 
	collision_monitor lifecycle node launched. 
	Waiting on external lifecycle transitions to activate
	See https://design.ros2.org/articles/node_lifecycle.html for more information.
[INFO] [1786111778.476640514] [collision_monitor]: Configuring
[INFO] [1786111778.616006889] [collision_monitor]: [scan]: Creating Scan
[INFO] [1786111778.625407292] [collision_monitor]: [FootprintApproach]: Creating Polygon
[INFO] [1786111778.625655571] [collision_monitor]: [FootprintApproach]: Polygon points are not defined. Using dynamic subscription instead.
[INFO] [1786111778.627843213] [collision_monitor]: [FootprintApproach]: Making footprint subscriber on /local_costmap/published_footprint topic
[INFO] [1786111780.710710351] [collision_monitor]: Activating
[INFO] [1786111780.710766333] [collision_monitor]: Creating bond (collision_monitor) to lifecycle manager.
[WARN] [1786112269.887306590] [collision_monitor]: [scan]: Latest source and current collision monitor node timestamps differ on 1.032602 seconds. Ignoring the source.
[WARN] [1786112269.887401220] [collision_monitor]: Robot to stop due to invalid source. Either due to data not published yet, or to lack of new data received within the sensor timeout, or if impossible to transform data to base frame
[WARN] [1786112269.937786521] [collision_monitor]: [scan]: Latest source and current collision monitor node timestamps differ on 1.083083 seconds. Ignoring the source.
[WARN] [1786112269.987202649] [collision_monitor]: [scan]: Latest source and current collision monitor node timestamps differ on 1.132498 seconds. Ignoring the source.
[WARN] [1786112270.037582820] [collision_monitor]: [scan]: Latest source and current collision monitor node timestamps differ on 1.182879 seconds. Ignoring the source.
[WARN] [1786112270.091341360] [collision_monitor]: [scan]: Latest source and current collision monitor node timestamps differ on 1.236620 seconds. Ignoring the source.
[WARN] [1786112270.140096152] [collision_monitor]: [scan]: Latest source and current collision monitor node timestamps differ on 1.285392 seconds. Ignoring the source.
[WARN] [1786112270.188027033] [collision_monitor]: [scan]: Latest source and current collision monitor node timestamps differ on 1.333322 seconds. Ignoring the source.
[WARN] [1786112270.237823793] [collision_monitor]: [scan]: Latest source and current collision monitor node timestamps differ on 1.383117 seconds. Ignoring the source.
[WARN] [1786112270.287676239] [collision_monitor]: [scan]: Latest source and current collision monitor node timestamps differ on 1.432974 seconds. Ignoring the source.
[WARN] [1786112270.338035891] [collision_monitor]: [scan]: Latest source and current collision monitor node timestamps differ on 1.483332 seconds. Ignoring the source.
[WARN] [1786112270.387253797] [collision_monitor]: [scan]: Latest source and current collision monitor node timestamps differ on 1.532547 seconds. Ignoring the source.
[WARN] [1786112270.437310318] [collision_monitor]: [scan]: Latest source and current collision monitor node timestamps differ on 1.582607 seconds. Ignoring the source.
[WARN] [1786112270.487426691] [collision_monitor]: [scan]: Latest source and current collision monitor node timestamps differ on 1.632723 seconds. Ignoring the source.
[WARN] [1786112270.537231821] [collision_monitor]: [scan]: Latest source and current collision monitor node timestamps differ on 1.682528 seconds. Ignoring the source.
[WARN] [1786112270.587198286] [collision_monitor]: [scan]: Latest source and current collision monitor node timestamps differ on 1.732495 seconds. Ignoring the source.
[WARN] [1786112270.637103158] [collision_monitor]: [scan]: Latest source and current collision monitor node timestamps differ on 1.782401 seconds. Ignoring the source.
[WARN] [1786112270.687133087] [collision_monitor]: [scan]: Latest source and current collision monitor node timestamps differ on 1.832429 seconds. Ignoring the source.
[WARN] [1786112270.737604369] [collision_monitor]: [scan]: Latest source and current collision monitor node timestamps differ on 1.882901 seconds. Ignoring the source.
[WARN] [1786112270.791462373] [collision_monitor]: [scan]: Latest source and current collision monitor node timestamps differ on 1.936754 seconds. Ignoring the source.
[INFO] [1786112270.871248605] [collision_monitor]: Robot to continue normal operation
[WARN] [1786112271.841442659] [collision_monitor]: [scan]: Latest source and current collision monitor node timestamps differ on 1.050392 seconds. Ignoring the source.
[WARN] [1786112271.842098588] [collision_monitor]: Robot to stop due to invalid source. Either due to data not published yet, or to lack of new data received within the sensor timeout, or if impossible to transform data to base frame
[WARN] [1786112271.887802438] [collision_monitor]: [scan]: Latest source and current collision monitor node timestamps differ on 1.096753 seconds. Ignoring the source.
[WARN] [1786112271.939702543] [collision_monitor]: [scan]: Latest source and current collision monitor node timestamps differ on 1.148648 seconds. Ignoring the source.
[INFO] [1786112272.022065529] [collision_monitor]: Robot to continue normal operation
