[INFO] [1782969865.972222977] [collision_monitor]: 
	collision_monitor lifecycle node launched. 
	Waiting on external lifecycle transitions to activate
	See https://design.ros2.org/articles/node_lifecycle.html for more information.
[INFO] [1782969869.884451864] [collision_monitor]: Configuring
[INFO] [1782969869.923376111] [collision_monitor]: [scan]: Creating Scan
[INFO] [1782969869.944405660] [collision_monitor]: [FootprintApproach]: Creating Polygon
[INFO] [1782969869.945675390] [collision_monitor]: [FootprintApproach]: Polygon points are not defined. Using dynamic subscription instead.
[INFO] [1782969869.953598399] [collision_monitor]: [FootprintApproach]: Making footprint subscriber on /local_costmap/published_footprint topic
[INFO] [1782969873.727468176] [collision_monitor]: Activating
[INFO] [1782969873.727530214] [collision_monitor]: Creating bond (collision_monitor) to lifecycle manager.
[INFO] [1782970267.023481179] [collision_monitor]: Deactivating
[INFO] [1782970267.023534938] [collision_monitor]: Destroying bond (collision_monitor) to lifecycle manager.
[INFO] [1782970270.403190078] [collision_monitor]: Cleaning up
[INFO] [1782970270.421079108] [collision_monitor]: [FootprintApproach]: Destroying Polygon
[INFO] [1782970270.426572973] [collision_monitor]: [scan]: Destroying Scan
[INFO] [1782970271.955854182] [collision_monitor]: Configuring
[INFO] [1782970271.966408095] [collision_monitor]: [scan]: Creating Scan
[INFO] [1782970271.972807836] [collision_monitor]: [FootprintApproach]: Creating Polygon
[INFO] [1782970271.973323932] [collision_monitor]: [FootprintApproach]: Polygon points are not defined. Using dynamic subscription instead.
[INFO] [1782970271.973802657] [collision_monitor]: [FootprintApproach]: Making footprint subscriber on /local_costmap/published_footprint topic
[INFO] [1782970276.050853342] [collision_monitor]: Activating
[INFO] [1782970276.050909916] [collision_monitor]: Creating bond (collision_monitor) to lifecycle manager.
[INFO] [1782971084.159047315] [rclcpp]: signal_handler(SIGINT/SIGTERM)
[INFO] [1782971084.159181945] [collision_monitor]: Running Nav2 LifecycleNode rcl preshutdown (collision_monitor)
[INFO] [1782971084.159301001] [collision_monitor]: Deactivating
[INFO] [1782971084.159329650] [collision_monitor]: Destroying bond (collision_monitor) to lifecycle manager.
[INFO] [1782971084.208030688] [collision_monitor]: Cleaning up
[INFO] [1782971084.208986101] [collision_monitor]: [FootprintApproach]: Destroying Polygon
[INFO] [1782971084.209056342] [collision_monitor]: [scan]: Destroying Scan
[INFO] [1782971084.333192173] [collision_monitor]: Destroying bond (collision_monitor) to lifecycle manager.
