[INFO] [1775785334.220399158] [collision_monitor]: 
	collision_monitor lifecycle node launched. 
	Waiting on external lifecycle transitions to activate
	See https://design.ros2.org/articles/node_lifecycle.html for more information.
[INFO] [1775785339.149978468] [collision_monitor]: Configuring
[INFO] [1775785339.205694617] [collision_monitor]: [scan]: Creating Scan
[INFO] [1775785339.222523095] [collision_monitor]: [FootprintApproach]: Creating Polygon
[INFO] [1775785339.223737583] [collision_monitor]: [FootprintApproach]: Polygon points are not defined. Using dynamic subscription instead.
[INFO] [1775785339.231857164] [collision_monitor]: [FootprintApproach]: Making footprint subscriber on /local_costmap/published_footprint topic
[INFO] [1775785342.237690710] [collision_monitor]: Activating
[INFO] [1775785342.237774321] [collision_monitor]: Creating bond (collision_monitor) to lifecycle manager.
[INFO] [1775785735.556652023] [collision_monitor]: Robot to approach for 1.200000 seconds away from collision
[INFO] [1775785742.153426317] [collision_monitor]: Robot to continue normal operation
[INFO] [1775785804.052814420] [collision_monitor]: Robot to approach for 1.200000 seconds away from collision
[INFO] [1775785804.350142102] [collision_monitor]: Robot to continue normal operation
[INFO] [1775785809.950764778] [collision_monitor]: Robot to approach for 1.200000 seconds away from collision
[INFO] [1775785813.643467043] [collision_monitor]: Robot to continue normal operation
[INFO] [1775786026.183565547] [rclcpp]: signal_handler(SIGINT/SIGTERM)
[INFO] [1775786026.183727808] [collision_monitor]: Running Nav2 LifecycleNode rcl preshutdown (collision_monitor)
[INFO] [1775786026.183836327] [collision_monitor]: Deactivating
[INFO] [1775786026.183866197] [collision_monitor]: Destroying bond (collision_monitor) to lifecycle manager.
[INFO] [1775786026.224487430] [collision_monitor]: Cleaning up
[INFO] [1775786026.317599385] [collision_monitor]: [FootprintApproach]: Destroying Polygon
[INFO] [1775786026.317710052] [collision_monitor]: [scan]: Destroying Scan
[INFO] [1775786026.410130503] [collision_monitor]: Destroying bond (collision_monitor) to lifecycle manager.
