[INFO] [1783997467.000082824] [collision_monitor]: 
	collision_monitor lifecycle node launched. 
	Waiting on external lifecycle transitions to activate
	See https://design.ros2.org/articles/node_lifecycle.html for more information.
[INFO] [1783997470.827174730] [collision_monitor]: Configuring
[INFO] [1783997470.876995553] [collision_monitor]: [scan]: Creating Scan
[INFO] [1783997470.892558402] [collision_monitor]: [FootprintApproach]: Creating Polygon
[INFO] [1783997470.892862904] [collision_monitor]: [FootprintApproach]: Polygon points are not defined. Using dynamic subscription instead.
[INFO] [1783997470.898686622] [collision_monitor]: [FootprintApproach]: Making footprint subscriber on /local_costmap/published_footprint topic
[INFO] [1783997474.963939766] [collision_monitor]: Activating
[INFO] [1783997474.964728993] [collision_monitor]: Creating bond (collision_monitor) to lifecycle manager.
[INFO] [1783997506.962503668] [collision_monitor]: Robot to approach for 2.300000 seconds away from collision
[INFO] [1783997507.166085081] [collision_monitor]: Robot to continue normal operation
[INFO] [1783997520.101529229] [collision_monitor]: Robot to approach for 2.300000 seconds away from collision
[INFO] [1783997520.400527756] [collision_monitor]: Robot to continue normal operation
[INFO] [1783997521.101011096] [collision_monitor]: Robot to approach for 2.300000 seconds away from collision
[INFO] [1783997521.202060743] [collision_monitor]: Robot to continue normal operation
[INFO] [1783997528.301534470] [collision_monitor]: Robot to approach for 2.300000 seconds away from collision
[INFO] [1783997528.603576774] [collision_monitor]: Robot to continue normal operation
[INFO] [1783997536.601241295] [collision_monitor]: Robot to approach for 2.300000 seconds away from collision
[INFO] [1783997536.903025394] [collision_monitor]: Robot to continue normal operation
[INFO] [1783997537.601692483] [collision_monitor]: Robot to approach for 2.300000 seconds away from collision
[INFO] [1783997537.972146971] [collision_monitor]: Robot to continue normal operation
[INFO] [1783997542.460725256] [rclcpp]: signal_handler(SIGINT/SIGTERM)
[INFO] [1783997542.460854331] [collision_monitor]: Running Nav2 LifecycleNode rcl preshutdown (collision_monitor)
[INFO] [1783997542.460957424] [collision_monitor]: Deactivating
[INFO] [1783997542.460997387] [collision_monitor]: Destroying bond (collision_monitor) to lifecycle manager.
[INFO] [1783997542.483506367] [collision_monitor]: Cleaning up
[INFO] [1783997542.483787035] [collision_monitor]: [FootprintApproach]: Destroying Polygon
[INFO] [1783997542.483840035] [collision_monitor]: [scan]: Destroying Scan
[INFO] [1783997542.598017775] [collision_monitor]: Destroying bond (collision_monitor) to lifecycle manager.
