[INFO] [1784158954.776991314] [collision_monitor]: 
	collision_monitor lifecycle node launched. 
	Waiting on external lifecycle transitions to activate
	See https://design.ros2.org/articles/node_lifecycle.html for more information.
[INFO] [1784158959.867399669] [collision_monitor]: Configuring
[INFO] [1784158959.935209227] [collision_monitor]: [scan]: Creating Scan
[INFO] [1784158959.959114500] [collision_monitor]: [FootprintApproach]: Creating Polygon
[INFO] [1784158959.962729778] [collision_monitor]: [FootprintApproach]: Polygon points are not defined. Using dynamic subscription instead.
[INFO] [1784158959.990445386] [collision_monitor]: [FootprintApproach]: Making footprint subscriber on /local_costmap/published_footprint topic
[INFO] [1784158964.181812892] [collision_monitor]: Activating
[INFO] [1784158964.181885503] [collision_monitor]: Creating bond (collision_monitor) to lifecycle manager.
[WARN] [1784159208.750577668] []: TF_OLD_DATA ignoring data from the past for frame front_left_wheel at time 1784159185.140262 according to authority Authority undetectable
Possible reasons are listed at http://wiki.ros.org/tf/Errors%20explained
[WARN] [1784159208.750616316] []: TF_OLD_DATA ignoring data from the past for frame front_right_wheel at time 1784159185.140262 according to authority Authority undetectable
Possible reasons are listed at http://wiki.ros.org/tf/Errors%20explained
[WARN] [1784159208.750623242] []: TF_OLD_DATA ignoring data from the past for frame rear_left_wheel at time 1784159185.140262 according to authority Authority undetectable
Possible reasons are listed at http://wiki.ros.org/tf/Errors%20explained
[WARN] [1784159208.750629557] []: TF_OLD_DATA ignoring data from the past for frame rear_right_wheel at time 1784159185.140262 according to authority Authority undetectable
Possible reasons are listed at http://wiki.ros.org/tf/Errors%20explained
[WARN] [1784159208.760001217] []: TF_OLD_DATA ignoring data from the past for frame front_left_wheel at time 1784159185.240326 according to authority Authority undetectable
Possible reasons are listed at http://wiki.ros.org/tf/Errors%20explained
[WARN] [1784159208.760049069] []: TF_OLD_DATA ignoring data from the past for frame front_right_wheel at time 1784159185.240326 according to authority Authority undetectable
Possible reasons are listed at http://wiki.ros.org/tf/Errors%20explained
[WARN] [1784159208.760057847] []: TF_OLD_DATA ignoring data from the past for frame rear_left_wheel at time 1784159185.240326 according to authority Authority undetectable
Possible reasons are listed at http://wiki.ros.org/tf/Errors%20explained
[WARN] [1784159208.760065699] []: TF_OLD_DATA ignoring data from the past for frame rear_right_wheel at time 1784159185.240326 according to authority Authority undetectable
Possible reasons are listed at http://wiki.ros.org/tf/Errors%20explained
[WARN] [1784159208.765903729] []: TF_OLD_DATA ignoring data from the past for frame front_left_wheel at time 1784159185.340270 according to authority Authority undetectable
Possible reasons are listed at http://wiki.ros.org/tf/Errors%20explained
[WARN] [1784159208.765939896] []: TF_OLD_DATA ignoring data from the past for frame front_right_wheel at time 1784159185.340270 according to authority Authority undetectable
Possible reasons are listed at http://wiki.ros.org/tf/Errors%20explained
[WARN] [1784159208.765948396] []: TF_OLD_DATA ignoring data from the past for frame rear_left_wheel at time 1784159185.340270 according to authority Authority undetectable
Possible reasons are listed at http://wiki.ros.org/tf/Errors%20explained
[WARN] [1784159208.765955007] []: TF_OLD_DATA ignoring data from the past for frame rear_right_wheel at time 1784159185.340270 according to authority Authority undetectable
Possible reasons are listed at http://wiki.ros.org/tf/Errors%20explained
[WARN] [1784159208.771408832] []: TF_OLD_DATA ignoring data from the past for frame front_left_wheel at time 1784159185.440278 according to authority Authority undetectable
Possible reasons are listed at http://wiki.ros.org/tf/Errors%20explained
[WARN] [1784159208.771431128] []: TF_OLD_DATA ignoring data from the past for frame front_right_wheel at time 1784159185.440278 according to authority Authority undetectable
Possible reasons are listed at http://wiki.ros.org/tf/Errors%20explained
[WARN] [1784159208.771438536] []: TF_OLD_DATA ignoring data from the past for frame rear_left_wheel at time 1784159185.440278 according to authority Authority undetectable
Possible reasons are listed at http://wiki.ros.org/tf/Errors%20explained
[WARN] [1784159208.771444703] []: TF_OLD_DATA ignoring data from the past for frame rear_right_wheel at time 1784159185.440278 according to authority Authority undetectable
Possible reasons are listed at http://wiki.ros.org/tf/Errors%20explained
[WARN] [1784159208.775818225] []: TF_OLD_DATA ignoring data from the past for frame front_left_wheel at time 1784159185.540277 according to authority Authority undetectable
Possible reasons are listed at http://wiki.ros.org/tf/Errors%20explained
[WARN] [1784159208.775947245] []: TF_OLD_DATA ignoring data from the past for frame front_right_wheel at time 1784159185.540277 according to authority Authority undetectable
Possible reasons are listed at http://wiki.ros.org/tf/Errors%20explained
[WARN] [1784159208.775962319] []: TF_OLD_DATA ignoring data from the past for frame rear_left_wheel at time 1784159185.540277 according to authority Authority undetectable
Possible reasons are listed at http://wiki.ros.org/tf/Errors%20explained
[WARN] [1784159208.776499840] []: TF_OLD_DATA ignoring data from the past for frame rear_right_wheel at time 1784159185.540277 according to authority Authority undetectable
Possible reasons are listed at http://wiki.ros.org/tf/Errors%20explained
[WARN] [1784159208.779671912] []: TF_OLD_DATA ignoring data from the past for frame front_left_wheel at time 1784159185.640297 according to authority Authority undetectable
Possible reasons are listed at http://wiki.ros.org/tf/Errors%20explained
[WARN] [1784159208.779697060] []: TF_OLD_DATA ignoring data from the past for frame front_right_wheel at time 1784159185.640297 according to authority Authority undetectable
Possible reasons are listed at http://wiki.ros.org/tf/Errors%20explained
[WARN] [1784159208.779704579] []: TF_OLD_DATA ignoring data from the past for frame rear_left_wheel at time 1784159185.640297 according to authority Authority undetectable
Possible reasons are listed at http://wiki.ros.org/tf/Errors%20explained
[WARN] [1784159208.779711468] []: TF_OLD_DATA ignoring data from the past for frame rear_right_wheel at time 1784159185.640297 according to authority Authority undetectable
Possible reasons are listed at http://wiki.ros.org/tf/Errors%20explained
[WARN] [1784159208.779750524] []: TF_OLD_DATA ignoring data from the past for frame front_left_wheel at time 1784159185.740280 according to authority Authority undetectable
Possible reasons are listed at http://wiki.ros.org/tf/Errors%20explained
[WARN] [1784159208.779759931] []: TF_OLD_DATA ignoring data from the past for frame front_right_wheel at time 1784159185.740280 according to authority Authority undetectable
Possible reasons are listed at http://wiki.ros.org/tf/Errors%20explained
[WARN] [1784159208.779766005] []: TF_OLD_DATA ignoring data from the past for frame rear_left_wheel at time 1784159185.740280 according to authority Authority undetectable
Possible reasons are listed at http://wiki.ros.org/tf/Errors%20explained
[WARN] [1784159208.779772265] []: TF_OLD_DATA ignoring data from the past for frame rear_right_wheel at time 1784159185.740280 according to authority Authority undetectable
Possible reasons are listed at http://wiki.ros.org/tf/Errors%20explained
[WARN] [1784159208.779794505] []: TF_OLD_DATA ignoring data from the past for frame front_left_wheel at time 1784159185.840269 according to authority Authority undetectable
Possible reasons are listed at http://wiki.ros.org/tf/Errors%20explained
[WARN] [1784159208.779804468] []: TF_OLD_DATA ignoring data from the past for frame front_right_wheel at time 1784159185.840269 according to authority Authority undetectable
Possible reasons are listed at http://wiki.ros.org/tf/Errors%20explained
[WARN] [1784159208.779810635] []: TF_OLD_DATA ignoring data from the past for frame rear_left_wheel at time 1784159185.840269 according to authority Authority undetectable
Possible reasons are listed at http://wiki.ros.org/tf/Errors%20explained
[WARN] [1784159208.779816487] []: TF_OLD_DATA ignoring data from the past for frame rear_right_wheel at time 1784159185.840269 according to authority Authority undetectable
Possible reasons are listed at http://wiki.ros.org/tf/Errors%20explained
[WARN] [1784159208.779839376] []: TF_OLD_DATA ignoring data from the past for frame front_left_wheel at time 1784159185.940274 according to authority Authority undetectable
Possible reasons are listed at http://wiki.ros.org/tf/Errors%20explained
[WARN] [1784159208.779848950] []: TF_OLD_DATA ignoring data from the past for frame front_right_wheel at time 1784159185.940274 according to authority Authority undetectable
Possible reasons are listed at http://wiki.ros.org/tf/Errors%20explained
[WARN] [1784159208.779884191] []: TF_OLD_DATA ignoring data from the past for frame rear_left_wheel at time 1784159185.940274 according to authority Authority undetectable
Possible reasons are listed at http://wiki.ros.org/tf/Errors%20explained
[WARN] [1784159208.779892765] []: TF_OLD_DATA ignoring data from the past for frame rear_right_wheel at time 1784159185.940274 according to authority Authority undetectable
Possible reasons are listed at http://wiki.ros.org/tf/Errors%20explained
[WARN] [1784159208.779931969] []: TF_OLD_DATA ignoring data from the past for frame front_left_wheel at time 1784159186.040271 according to authority Authority undetectable
Possible reasons are listed at http://wiki.ros.org/tf/Errors%20explained
[WARN] [1784159208.779947247] []: TF_OLD_DATA ignoring data from the past for frame front_right_wheel at time 1784159186.040271 according to authority Authority undetectable
Possible reasons are listed at http://wiki.ros.org/tf/Errors%20explained
[WARN] [1784159208.779953821] []: TF_OLD_DATA ignoring data from the past for frame rear_left_wheel at time 1784159186.040271 according to authority Authority undetectable
Possible reasons are listed at http://wiki.ros.org/tf/Errors%20explained
[WARN] [1784159208.779959562] []: TF_OLD_DATA ignoring data from the past for frame rear_right_wheel at time 1784159186.040271 according to authority Authority undetectable
Possible reasons are listed at http://wiki.ros.org/tf/Errors%20explained
[WARN] [1784159208.779986655] []: TF_OLD_DATA ignoring data from the past for frame front_left_wheel at time 1784159186.140272 according to authority Authority undetectable
Possible reasons are listed at http://wiki.ros.org/tf/Errors%20explained
[WARN] [1784159208.779997321] []: TF_OLD_DATA ignoring data from the past for frame front_right_wheel at time 1784159186.140272 according to authority Authority undetectable
Possible reasons are listed at http://wiki.ros.org/tf/Errors%20explained
[WARN] [1784159208.780003507] []: TF_OLD_DATA ignoring data from the past for frame rear_left_wheel at time 1784159186.140272 according to authority Authority undetectable
Possible reasons are listed at http://wiki.ros.org/tf/Errors%20explained
[WARN] [1784159208.780009340] []: TF_OLD_DATA ignoring data from the past for frame rear_right_wheel at time 1784159186.140272 according to authority Authority undetectable
Possible reasons are listed at http://wiki.ros.org/tf/Errors%20explained
[WARN] [1784159208.780028488] []: TF_OLD_DATA ignoring data from the past for frame front_left_wheel at time 1784159186.240267 according to authority Authority undetectable
Possible reasons are listed at http://wiki.ros.org/tf/Errors%20explained
[WARN] [1784159208.780036599] []: TF_OLD_DATA ignoring data from the past for frame front_right_wheel at time 1784159186.240267 according to authority Authority undetectable
Possible reasons are listed at http://wiki.ros.org/tf/Errors%20explained
[WARN] [1784159208.780042488] []: TF_OLD_DATA ignoring data from the past for frame rear_left_wheel at time 1784159186.240267 according to authority Authority undetectable
Possible reasons are listed at http://wiki.ros.org/tf/Errors%20explained
[WARN] [1784159208.780048192] []: TF_OLD_DATA ignoring data from the past for frame rear_right_wheel at time 1784159186.240267 according to authority Authority undetectable
Possible reasons are listed at http://wiki.ros.org/tf/Errors%20explained
[WARN] [1784159208.780067988] []: TF_OLD_DATA ignoring data from the past for frame front_left_wheel at time 1784159186.340377 according to authority Authority undetectable
Possible reasons are listed at http://wiki.ros.org/tf/Errors%20explained
[WARN] [1784159208.780078692] []: TF_OLD_DATA ignoring data from the past for frame front_right_wheel at time 1784159186.340377 according to authority Authority undetectable
Possible reasons are listed at http://wiki.ros.org/tf/Errors%20explained
[WARN] [1784159208.780104303] []: TF_OLD_DATA ignoring data from the past for frame rear_left_wheel at time 1784159186.340377 according to authority Authority undetectable
Possible reasons are listed at http://wiki.ros.org/tf/Errors%20explained
[WARN] [1784159208.780111118] []: TF_OLD_DATA ignoring data from the past for frame rear_right_wheel at time 1784159186.340377 according to authority Authority undetectable
Possible reasons are listed at http://wiki.ros.org/tf/Errors%20explained
[WARN] [1784159208.780134396] []: TF_OLD_DATA ignoring data from the past for frame front_left_wheel at time 1784159186.440266 according to authority Authority undetectable
Possible reasons are listed at http://wiki.ros.org/tf/Errors%20explained
[WARN] [1784159208.780146341] []: TF_OLD_DATA ignoring data from the past for frame front_right_wheel at time 1784159186.440266 according to authority Authority undetectable
Possible reasons are listed at http://wiki.ros.org/tf/Errors%20explained
[WARN] [1784159208.780152600] []: TF_OLD_DATA ignoring data from the past for frame rear_left_wheel at time 1784159186.440266 according to authority Authority undetectable
Possible reasons are listed at http://wiki.ros.org/tf/Errors%20explained
[WARN] [1784159208.780158322] []: TF_OLD_DATA ignoring data from the past for frame rear_right_wheel at time 1784159186.440266 according to authority Authority undetectable
Possible reasons are listed at http://wiki.ros.org/tf/Errors%20explained
[WARN] [1784159208.780182730] []: TF_OLD_DATA ignoring data from the past for frame front_left_wheel at time 1784159186.540291 according to authority Authority undetectable
Possible reasons are listed at http://wiki.ros.org/tf/Errors%20explained
[WARN] [1784159208.780194933] []: TF_OLD_DATA ignoring data from the past for frame front_right_wheel at time 1784159186.540291 according to authority Authority undetectable
Possible reasons are listed at http://wiki.ros.org/tf/Errors%20explained
[WARN] [1784159208.780201304] []: TF_OLD_DATA ignoring data from the past for frame rear_left_wheel at time 1784159186.540291 according to authority Authority undetectable
Possible reasons are listed at http://wiki.ros.org/tf/Errors%20explained
[WARN] [1784159208.780207378] []: TF_OLD_DATA ignoring data from the past for frame rear_right_wheel at time 1784159186.540291 according to authority Authority undetectable
Possible reasons are listed at http://wiki.ros.org/tf/Errors%20explained
[WARN] [1784159208.780235211] []: TF_OLD_DATA ignoring data from the past for frame front_left_wheel at time 1784159186.640275 according to authority Authority undetectable
Possible reasons are listed at http://wiki.ros.org/tf/Errors%20explained
[WARN] [1784159208.780245434] []: TF_OLD_DATA ignoring data from the past for frame front_right_wheel at time 1784159186.640275 according to authority Authority undetectable
Possible reasons are listed at http://wiki.ros.org/tf/Errors%20explained
[WARN] [1784159208.780251526] []: TF_OLD_DATA ignoring data from the past for frame rear_left_wheel at time 1784159186.640275 according to authority Authority undetectable
Possible reasons are listed at http://wiki.ros.org/tf/Errors%20explained
[WARN] [1784159208.780257304] []: TF_OLD_DATA ignoring data from the past for frame rear_right_wheel at time 1784159186.640275 according to authority Authority undetectable
Possible reasons are listed at http://wiki.ros.org/tf/Errors%20explained
[WARN] [1784159208.780278249] []: TF_OLD_DATA ignoring data from the past for frame front_left_wheel at time 1784159186.740460 according to authority Authority undetectable
Possible reasons are listed at http://wiki.ros.org/tf/Errors%20explained
[WARN] [1784159208.780287360] []: TF_OLD_DATA ignoring data from the past for frame front_right_wheel at time 1784159186.740460 according to authority Authority undetectable
Possible reasons are listed at http://wiki.ros.org/tf/Errors%20explained
[WARN] [1784159208.780293434] []: TF_OLD_DATA ignoring data from the past for frame rear_left_wheel at time 1784159186.740460 according to authority Authority undetectable
Possible reasons are listed at http://wiki.ros.org/tf/Errors%20explained
[WARN] [1784159208.780314175] []: TF_OLD_DATA ignoring data from the past for frame rear_right_wheel at time 1784159186.740460 according to authority Authority undetectable
Possible reasons are listed at http://wiki.ros.org/tf/Errors%20explained
[WARN] [1784159208.780343119] []: TF_OLD_DATA ignoring data from the past for frame front_left_wheel at time 1784159186.840294 according to authority Authority undetectable
Possible reasons are listed at http://wiki.ros.org/tf/Errors%20explained
[WARN] [1784159208.780360712] []: TF_OLD_DATA ignoring data from the past for frame front_right_wheel at time 1784159186.840294 according to authority Authority undetectable
Possible reasons are listed at http://wiki.ros.org/tf/Errors%20explained
[WARN] [1784159208.780366897] []: TF_OLD_DATA ignoring data from the past for frame rear_left_wheel at time 1784159186.840294 according to authority Authority undetectable
Possible reasons are listed at http://wiki.ros.org/tf/Errors%20explained
[WARN] [1784159208.780372842] []: TF_OLD_DATA ignoring data from the past for frame rear_right_wheel at time 1784159186.840294 according to authority Authority undetectable
Possible reasons are listed at http://wiki.ros.org/tf/Errors%20explained
[WARN] [1784159208.780395249] []: TF_OLD_DATA ignoring data from the past for frame front_left_wheel at time 1784159186.940270 according to authority Authority undetectable
Possible reasons are listed at http://wiki.ros.org/tf/Errors%20explained
[WARN] [1784159208.780406027] []: TF_OLD_DATA ignoring data from the past for frame front_right_wheel at time 1784159186.940270 according to authority Authority undetectable
Possible reasons are listed at http://wiki.ros.org/tf/Errors%20explained
[WARN] [1784159208.780412083] []: TF_OLD_DATA ignoring data from the past for frame rear_left_wheel at time 1784159186.940270 according to authority Authority undetectable
Possible reasons are listed at http://wiki.ros.org/tf/Errors%20explained
[WARN] [1784159208.780418583] []: TF_OLD_DATA ignoring data from the past for frame rear_right_wheel at time 1784159186.940270 according to authority Authority undetectable
Possible reasons are listed at http://wiki.ros.org/tf/Errors%20explained
[WARN] [1784159209.223437214] []: TF_OLD_DATA ignoring data from the past for frame front_left_wheel at time 1784159187.040401 according to authority Authority undetectable
Possible reasons are listed at http://wiki.ros.org/tf/Errors%20explained
[WARN] [1784159209.223465992] []: TF_OLD_DATA ignoring data from the past for frame front_right_wheel at time 1784159187.040401 according to authority Authority undetectable
Possible reasons are listed at http://wiki.ros.org/tf/Errors%20explained
[WARN] [1784159209.223473066] []: TF_OLD_DATA ignoring data from the past for frame rear_left_wheel at time 1784159187.040401 according to authority Authority undetectable
Possible reasons are listed at http://wiki.ros.org/tf/Errors%20explained
[WARN] [1784159209.223479714] []: TF_OLD_DATA ignoring data from the past for frame rear_right_wheel at time 1784159187.040401 according to authority Authority undetectable
Possible reasons are listed at http://wiki.ros.org/tf/Errors%20explained
[WARN] [1784159209.247359913] []: TF_OLD_DATA ignoring data from the past for frame front_left_wheel at time 1784159187.140292 according to authority Authority undetectable
Possible reasons are listed at http://wiki.ros.org/tf/Errors%20explained
[WARN] [1784159209.247393561] []: TF_OLD_DATA ignoring data from the past for frame front_right_wheel at time 1784159187.140292 according to authority Authority undetectable
Possible reasons are listed at http://wiki.ros.org/tf/Errors%20explained
[WARN] [1784159209.247400580] []: TF_OLD_DATA ignoring data from the past for frame rear_left_wheel at time 1784159187.140292 according to authority Authority undetectable
Possible reasons are listed at http://wiki.ros.org/tf/Errors%20explained
[WARN] [1784159209.247407302] []: TF_OLD_DATA ignoring data from the past for frame rear_right_wheel at time 1784159187.140292 according to authority Authority undetectable
Possible reasons are listed at http://wiki.ros.org/tf/Errors%20explained
[WARN] [1784159209.248181547] []: TF_OLD_DATA ignoring data from the past for frame front_left_wheel at time 1784159187.240316 according to authority Authority undetectable
Possible reasons are listed at http://wiki.ros.org/tf/Errors%20explained
[WARN] [1784159209.248958606] []: TF_OLD_DATA ignoring data from the past for frame front_right_wheel at time 1784159187.240316 according to authority Authority undetectable
Possible reasons are listed at http://wiki.ros.org/tf/Errors%20explained
[WARN] [1784159209.249019588] []: TF_OLD_DATA ignoring data from the past for frame rear_left_wheel at time 1784159187.240316 according to authority Authority undetectable
Possible reasons are listed at http://wiki.ros.org/tf/Errors%20explained
[WARN] [1784159209.249048922] []: TF_OLD_DATA ignoring data from the past for frame rear_right_wheel at time 1784159187.240316 according to authority Authority undetectable
Possible reasons are listed at http://wiki.ros.org/tf/Errors%20explained
[WARN] [1784159209.250642486] []: TF_OLD_DATA ignoring data from the past for frame front_left_wheel at time 1784159187.340281 according to authority Authority undetectable
Possible reasons are listed at http://wiki.ros.org/tf/Errors%20explained
[WARN] [1784159209.250674875] []: TF_OLD_DATA ignoring data from the past for frame front_right_wheel at time 1784159187.340281 according to authority Authority undetectable
Possible reasons are listed at http://wiki.ros.org/tf/Errors%20explained
[WARN] [1784159209.250683486] []: TF_OLD_DATA ignoring data from the past for frame rear_left_wheel at time 1784159187.340281 according to authority Authority undetectable
Possible reasons are listed at http://wiki.ros.org/tf/Errors%20explained
[WARN] [1784159209.250690171] []: TF_OLD_DATA ignoring data from the past for frame rear_right_wheel at time 1784159187.340281 according to authority Authority undetectable
Possible reasons are listed at http://wiki.ros.org/tf/Errors%20explained
[WARN] [1784159209.250762986] []: TF_OLD_DATA ignoring data from the past for frame front_left_wheel at time 1784159187.440271 according to authority Authority undetectable
Possible reasons are listed at http://wiki.ros.org/tf/Errors%20explained
[WARN] [1784159209.250774097] []: TF_OLD_DATA ignoring data from the past for frame front_right_wheel at time 1784159187.440271 according to authority Authority undetectable
Possible reasons are listed at http://wiki.ros.org/tf/Errors%20explained
[WARN] [1784159209.250780931] []: TF_OLD_DATA ignoring data from the past for frame rear_left_wheel at time 1784159187.440271 according to authority Authority undetectable
Possible reasons are listed at http://wiki.ros.org/tf/Errors%20explained
[WARN] [1784159209.250786690] []: TF_OLD_DATA ignoring data from the past for frame rear_right_wheel at time 1784159187.440271 according to authority Authority undetectable
Possible reasons are listed at http://wiki.ros.org/tf/Errors%20explained
[WARN] [1784159209.250815950] []: TF_OLD_DATA ignoring data from the past for frame front_left_wheel at time 1784159187.540280 according to authority Authority undetectable
Possible reasons are listed at http://wiki.ros.org/tf/Errors%20explained
[WARN] [1784159209.250829098] []: TF_OLD_DATA ignoring data from the past for frame front_right_wheel at time 1784159187.540280 according to authority Authority undetectable
Possible reasons are listed at http://wiki.ros.org/tf/Errors%20explained
[WARN] [1784159209.250835709] []: TF_OLD_DATA ignoring data from the past for frame rear_left_wheel at time 1784159187.540280 according to authority Authority undetectable
Possible reasons are listed at http://wiki.ros.org/tf/Errors%20explained
[WARN] [1784159209.250843098] []: TF_OLD_DATA ignoring data from the past for frame rear_right_wheel at time 1784159187.540280 according to authority Authority undetectable
Possible reasons are listed at http://wiki.ros.org/tf/Errors%20explained
[WARN] [1784159209.250908839] []: TF_OLD_DATA ignoring data from the past for frame front_left_wheel at time 1784159187.640324 according to authority Authority undetectable
Possible reasons are listed at http://wiki.ros.org/tf/Errors%20explained
[WARN] [1784159209.250953987] []: TF_OLD_DATA ignoring data from the past for frame front_right_wheel at time 1784159187.640324 according to authority Authority undetectable
Possible reasons are listed at http://wiki.ros.org/tf/Errors%20explained
[WARN] [1784159209.250964006] []: TF_OLD_DATA ignoring data from the past for frame rear_left_wheel at time 1784159187.640324 according to authority Authority undetectable
Possible reasons are listed at http://wiki.ros.org/tf/Errors%20explained
[WARN] [1784159209.250970006] []: TF_OLD_DATA ignoring data from the past for frame rear_right_wheel at time 1784159187.640324 according to authority Authority undetectable
Possible reasons are listed at http://wiki.ros.org/tf/Errors%20explained
[WARN] [1784159209.250996339] []: TF_OLD_DATA ignoring data from the past for frame front_left_wheel at time 1784159188.340265 according to authority Authority undetectable
Possible reasons are listed at http://wiki.ros.org/tf/Errors%20explained
[WARN] [1784159209.251007321] []: TF_OLD_DATA ignoring data from the past for frame front_right_wheel at time 1784159188.340265 according to authority Authority undetectable
Possible reasons are listed at http://wiki.ros.org/tf/Errors%20explained
[WARN] [1784159209.251013321] []: TF_OLD_DATA ignoring data from the past for frame rear_left_wheel at time 1784159188.340265 according to authority Authority undetectable
Possible reasons are listed at http://wiki.ros.org/tf/Errors%20explained
[WARN] [1784159209.251019376] []: TF_OLD_DATA ignoring data from the past for frame rear_right_wheel at time 1784159188.340265 according to authority Authority undetectable
Possible reasons are listed at http://wiki.ros.org/tf/Errors%20explained
[WARN] [1784159209.251047228] []: TF_OLD_DATA ignoring data from the past for frame front_left_wheel at time 1784159188.440293 according to authority Authority undetectable
Possible reasons are listed at http://wiki.ros.org/tf/Errors%20explained
[WARN] [1784159209.251059914] []: TF_OLD_DATA ignoring data from the past for frame front_right_wheel at time 1784159188.440293 according to authority Authority undetectable
Possible reasons are listed at http://wiki.ros.org/tf/Errors%20explained
[WARN] [1784159209.251066192] []: TF_OLD_DATA ignoring data from the past for frame rear_left_wheel at time 1784159188.440293 according to authority Authority undetectable
Possible reasons are listed at http://wiki.ros.org/tf/Errors%20explained
[WARN] [1784159209.251072303] []: TF_OLD_DATA ignoring data from the past for frame rear_right_wheel at time 1784159188.440293 according to authority Authority undetectable
Possible reasons are listed at http://wiki.ros.org/tf/Errors%20explained
[WARN] [1784159209.251099710] []: TF_OLD_DATA ignoring data from the past for frame front_left_wheel at time 1784159188.540231 according to authority Authority undetectable
Possible reasons are listed at http://wiki.ros.org/tf/Errors%20explained
[WARN] [1784159209.251111470] []: TF_OLD_DATA ignoring data from the past for frame front_right_wheel at time 1784159188.540231 according to authority Authority undetectable
Possible reasons are listed at http://wiki.ros.org/tf/Errors%20explained
[WARN] [1784159209.251117821] []: TF_OLD_DATA ignoring data from the past for frame rear_left_wheel at time 1784159188.540231 according to authority Authority undetectable
Possible reasons are listed at http://wiki.ros.org/tf/Errors%20explained
[WARN] [1784159209.251124007] []: TF_OLD_DATA ignoring data from the past for frame rear_right_wheel at time 1784159188.540231 according to authority Authority undetectable
Possible reasons are listed at http://wiki.ros.org/tf/Errors%20explained
[WARN] [1784159209.251146914] []: TF_OLD_DATA ignoring data from the past for frame front_left_wheel at time 1784159188.640254 according to authority Authority undetectable
Possible reasons are listed at http://wiki.ros.org/tf/Errors%20explained
[WARN] [1784159209.251183655] []: TF_OLD_DATA ignoring data from the past for frame front_right_wheel at time 1784159188.640254 according to authority Authority undetectable
Possible reasons are listed at http://wiki.ros.org/tf/Errors%20explained
[WARN] [1784159209.251192174] []: TF_OLD_DATA ignoring data from the past for frame rear_left_wheel at time 1784159188.640254 according to authority Authority undetectable
Possible reasons are listed at http://wiki.ros.org/tf/Errors%20explained
[WARN] [1784159209.251198266] []: TF_OLD_DATA ignoring data from the past for frame rear_right_wheel at time 1784159188.640254 according to authority Authority undetectable
Possible reasons are listed at http://wiki.ros.org/tf/Errors%20explained
[WARN] [1784159209.251224711] []: TF_OLD_DATA ignoring data from the past for frame front_left_wheel at time 1784159188.740275 according to authority Authority undetectable
Possible reasons are listed at http://wiki.ros.org/tf/Errors%20explained
[WARN] [1784159209.251235118] []: TF_OLD_DATA ignoring data from the past for frame front_right_wheel at time 1784159188.740275 according to authority Authority undetectable
Possible reasons are listed at http://wiki.ros.org/tf/Errors%20explained
[WARN] [1784159209.251241044] []: TF_OLD_DATA ignoring data from the past for frame rear_left_wheel at time 1784159188.740275 according to authority Authority undetectable
Possible reasons are listed at http://wiki.ros.org/tf/Errors%20explained
[WARN] [1784159209.251246952] []: TF_OLD_DATA ignoring data from the past for frame rear_right_wheel at time 1784159188.740275 according to authority Authority undetectable
Possible reasons are listed at http://wiki.ros.org/tf/Errors%20explained
[WARN] [1784159209.251269933] []: TF_OLD_DATA ignoring data from the past for frame front_left_wheel at time 1784159188.840273 according to authority Authority undetectable
Possible reasons are listed at http://wiki.ros.org/tf/Errors%20explained
[WARN] [1784159209.251280174] []: TF_OLD_DATA ignoring data from the past for frame front_right_wheel at time 1784159188.840273 according to authority Authority undetectable
Possible reasons are listed at http://wiki.ros.org/tf/Errors%20explained
[WARN] [1784159209.251286785] []: TF_OLD_DATA ignoring data from the past for frame rear_left_wheel at time 1784159188.840273 according to authority Authority undetectable
Possible reasons are listed at http://wiki.ros.org/tf/Errors%20explained
[WARN] [1784159209.251292711] []: TF_OLD_DATA ignoring data from the past for frame rear_right_wheel at time 1784159188.840273 according to authority Authority undetectable
Possible reasons are listed at http://wiki.ros.org/tf/Errors%20explained
[WARN] [1784159209.251314230] []: TF_OLD_DATA ignoring data from the past for frame front_left_wheel at time 1784159188.940272 according to authority Authority undetectable
Possible reasons are listed at http://wiki.ros.org/tf/Errors%20explained
[WARN] [1784159209.251325119] []: TF_OLD_DATA ignoring data from the past for frame front_right_wheel at time 1784159188.940272 according to authority Authority undetectable
Possible reasons are listed at http://wiki.ros.org/tf/Errors%20explained
[WARN] [1784159209.251378749] []: TF_OLD_DATA ignoring data from the past for frame rear_left_wheel at time 1784159188.940272 according to authority Authority undetectable
Possible reasons are listed at http://wiki.ros.org/tf/Errors%20explained
[WARN] [1784159209.251386082] []: TF_OLD_DATA ignoring data from the past for frame rear_right_wheel at time 1784159188.940272 according to authority Authority undetectable
Possible reasons are listed at http://wiki.ros.org/tf/Errors%20explained
[WARN] [1784159209.251416027] []: TF_OLD_DATA ignoring data from the past for frame front_left_wheel at time 1784159189.040248 according to authority Authority undetectable
Possible reasons are listed at http://wiki.ros.org/tf/Errors%20explained
[WARN] [1784159209.251426582] []: TF_OLD_DATA ignoring data from the past for frame front_right_wheel at time 1784159189.040248 according to authority Authority undetectable
Possible reasons are listed at http://wiki.ros.org/tf/Errors%20explained
[WARN] [1784159209.251445675] []: TF_OLD_DATA ignoring data from the past for frame rear_left_wheel at time 1784159189.040248 according to authority Authority undetectable
Possible reasons are listed at http://wiki.ros.org/tf/Errors%20explained
[WARN] [1784159209.251452027] []: TF_OLD_DATA ignoring data from the past for frame rear_right_wheel at time 1784159189.040248 according to authority Authority undetectable
Possible reasons are listed at http://wiki.ros.org/tf/Errors%20explained
[WARN] [1784159209.251472860] []: TF_OLD_DATA ignoring data from the past for frame front_left_wheel at time 1784159189.240263 according to authority Authority undetectable
Possible reasons are listed at http://wiki.ros.org/tf/Errors%20explained
[WARN] [1784159209.251482360] []: TF_OLD_DATA ignoring data from the past for frame front_right_wheel at time 1784159189.240263 according to authority Authority undetectable
Possible reasons are listed at http://wiki.ros.org/tf/Errors%20explained
[WARN] [1784159209.251488249] []: TF_OLD_DATA ignoring data from the past for frame rear_left_wheel at time 1784159189.240263 according to authority Authority undetectable
Possible reasons are listed at http://wiki.ros.org/tf/Errors%20explained
[WARN] [1784159209.251493916] []: TF_OLD_DATA ignoring data from the past for frame rear_right_wheel at time 1784159189.240263 according to authority Authority undetectable
Possible reasons are listed at http://wiki.ros.org/tf/Errors%20explained
[WARN] [1784159209.251513768] []: TF_OLD_DATA ignoring data from the past for frame front_left_wheel at time 1784159189.340473 according to authority Authority undetectable
Possible reasons are listed at http://wiki.ros.org/tf/Errors%20explained
[WARN] [1784159209.251521638] []: TF_OLD_DATA ignoring data from the past for frame front_right_wheel at time 1784159189.340473 according to authority Authority undetectable
Possible reasons are listed at http://wiki.ros.org/tf/Errors%20explained
[WARN] [1784159209.251527398] []: TF_OLD_DATA ignoring data from the past for frame rear_left_wheel at time 1784159189.340473 according to authority Authority undetectable
Possible reasons are listed at http://wiki.ros.org/tf/Errors%20explained
[WARN] [1784159209.251533046] []: TF_OLD_DATA ignoring data from the past for frame rear_right_wheel at time 1784159189.340473 according to authority Authority undetectable
Possible reasons are listed at http://wiki.ros.org/tf/Errors%20explained
[WARN] [1784159209.251552046] []: TF_OLD_DATA ignoring data from the past for frame front_left_wheel at time 1784159189.440315 according to authority Authority undetectable
Possible reasons are listed at http://wiki.ros.org/tf/Errors%20explained
[WARN] [1784159209.251563398] []: TF_OLD_DATA ignoring data from the past for frame front_right_wheel at time 1784159189.440315 according to authority Authority undetectable
Possible reasons are listed at http://wiki.ros.org/tf/Errors%20explained
[WARN] [1784159209.251569305] []: TF_OLD_DATA ignoring data from the past for frame rear_left_wheel at time 1784159189.440315 according to authority Authority undetectable
Possible reasons are listed at http://wiki.ros.org/tf/Errors%20explained
[WARN] [1784159209.251574991] []: TF_OLD_DATA ignoring data from the past for frame rear_right_wheel at time 1784159189.440315 according to authority Authority undetectable
Possible reasons are listed at http://wiki.ros.org/tf/Errors%20explained
[WARN] [1784159209.251594213] []: TF_OLD_DATA ignoring data from the past for frame front_left_wheel at time 1784159189.540275 according to authority Authority undetectable
Possible reasons are listed at http://wiki.ros.org/tf/Errors%20explained
[WARN] [1784159209.251603213] []: TF_OLD_DATA ignoring data from the past for frame front_right_wheel at time 1784159189.540275 according to authority Authority undetectable
Possible reasons are listed at http://wiki.ros.org/tf/Errors%20explained
[WARN] [1784159209.251768325] []: TF_OLD_DATA ignoring data from the past for frame rear_left_wheel at time 1784159189.540275 according to authority Authority undetectable
Possible reasons are listed at http://wiki.ros.org/tf/Errors%20explained
[WARN] [1784159209.251778195] []: TF_OLD_DATA ignoring data from the past for frame rear_right_wheel at time 1784159189.540275 according to authority Authority undetectable
Possible reasons are listed at http://wiki.ros.org/tf/Errors%20explained
[WARN] [1784159209.251817658] []: TF_OLD_DATA ignoring data from the past for frame front_left_wheel at time 1784159189.640247 according to authority Authority undetectable
Possible reasons are listed at http://wiki.ros.org/tf/Errors%20explained
[WARN] [1784159209.251827344] []: TF_OLD_DATA ignoring data from the past for frame front_right_wheel at time 1784159189.640247 according to authority Authority undetectable
Possible reasons are listed at http://wiki.ros.org/tf/Errors%20explained
[WARN] [1784159209.251833399] []: TF_OLD_DATA ignoring data from the past for frame rear_left_wheel at time 1784159189.640247 according to authority Authority undetectable
Possible reasons are listed at http://wiki.ros.org/tf/Errors%20explained
[WARN] [1784159209.251839196] []: TF_OLD_DATA ignoring data from the past for frame rear_right_wheel at time 1784159189.640247 according to authority Authority undetectable
Possible reasons are listed at http://wiki.ros.org/tf/Errors%20explained
[WARN] [1784159209.251863548] []: TF_OLD_DATA ignoring data from the past for frame front_left_wheel at time 1784159189.840272 according to authority Authority undetectable
Possible reasons are listed at http://wiki.ros.org/tf/Errors%20explained
[WARN] [1784159209.251874140] []: TF_OLD_DATA ignoring data from the past for frame front_right_wheel at time 1784159189.840272 according to authority Authority undetectable
Possible reasons are listed at http://wiki.ros.org/tf/Errors%20explained
[WARN] [1784159209.251880307] []: TF_OLD_DATA ignoring data from the past for frame rear_left_wheel at time 1784159189.840272 according to authority Authority undetectable
Possible reasons are listed at http://wiki.ros.org/tf/Errors%20explained
[WARN] [1784159209.251886400] []: TF_OLD_DATA ignoring data from the past for frame rear_right_wheel at time 1784159189.840272 according to authority Authority undetectable
Possible reasons are listed at http://wiki.ros.org/tf/Errors%20explained
[WARN] [1784159209.251907566] []: TF_OLD_DATA ignoring data from the past for frame front_left_wheel at time 1784159189.940255 according to authority Authority undetectable
Possible reasons are listed at http://wiki.ros.org/tf/Errors%20explained
[WARN] [1784159209.251938252] []: TF_OLD_DATA ignoring data from the past for frame front_right_wheel at time 1784159189.940255 according to authority Authority undetectable
Possible reasons are listed at http://wiki.ros.org/tf/Errors%20explained
[WARN] [1784159209.251945844] []: TF_OLD_DATA ignoring data from the past for frame rear_left_wheel at time 1784159189.940255 according to authority Authority undetectable
Possible reasons are listed at http://wiki.ros.org/tf/Errors%20explained
[WARN] [1784159209.251951715] []: TF_OLD_DATA ignoring data from the past for frame rear_right_wheel at time 1784159189.940255 according to authority Authority undetectable
Possible reasons are listed at http://wiki.ros.org/tf/Errors%20explained
[WARN] [1784159209.254044077] []: TF_OLD_DATA ignoring data from the past for frame front_left_wheel at time 1784159190.040276 according to authority Authority undetectable
Possible reasons are listed at http://wiki.ros.org/tf/Errors%20explained
[WARN] [1784159209.254081393] []: TF_OLD_DATA ignoring data from the past for frame front_right_wheel at time 1784159190.040276 according to authority Authority undetectable
Possible reasons are listed at http://wiki.ros.org/tf/Errors%20explained
[WARN] [1784159209.254088411] []: TF_OLD_DATA ignoring data from the past for frame rear_left_wheel at time 1784159190.040276 according to authority Authority undetectable
Possible reasons are listed at http://wiki.ros.org/tf/Errors%20explained
[WARN] [1784159209.254152560] []: TF_OLD_DATA ignoring data from the past for frame rear_right_wheel at time 1784159190.040276 according to authority Authority undetectable
Possible reasons are listed at http://wiki.ros.org/tf/Errors%20explained
[WARN] [1784159209.254225467] []: TF_OLD_DATA ignoring data from the past for frame front_left_wheel at time 1784159190.140272 according to authority Authority undetectable
Possible reasons are listed at http://wiki.ros.org/tf/Errors%20explained
[WARN] [1784159209.254440857] []: TF_OLD_DATA ignoring data from the past for frame front_right_wheel at time 1784159190.140272 according to authority Authority undetectable
Possible reasons are listed at http://wiki.ros.org/tf/Errors%20explained
[WARN] [1784159209.254456209] []: TF_OLD_DATA ignoring data from the past for frame rear_left_wheel at time 1784159190.140272 according to authority Authority undetectable
Possible reasons are listed at http://wiki.ros.org/tf/Errors%20explained
[WARN] [1784159209.254462802] []: TF_OLD_DATA ignoring data from the past for frame rear_right_wheel at time 1784159190.140272 according to authority Authority undetectable
Possible reasons are listed at http://wiki.ros.org/tf/Errors%20explained
[WARN] [1784159209.254508080] []: TF_OLD_DATA ignoring data from the past for frame front_left_wheel at time 1784159190.240282 according to authority Authority undetectable
Possible reasons are listed at http://wiki.ros.org/tf/Errors%20explained
[WARN] [1784159209.254520895] []: TF_OLD_DATA ignoring data from the past for frame front_right_wheel at time 1784159190.240282 according to authority Authority undetectable
Possible reasons are listed at http://wiki.ros.org/tf/Errors%20explained
[WARN] [1784159209.254526858] []: TF_OLD_DATA ignoring data from the past for frame rear_left_wheel at time 1784159190.240282 according to authority Authority undetectable
Possible reasons are listed at http://wiki.ros.org/tf/Errors%20explained
[WARN] [1784159209.254532543] []: TF_OLD_DATA ignoring data from the past for frame rear_right_wheel at time 1784159190.240282 according to authority Authority undetectable
Possible reasons are listed at http://wiki.ros.org/tf/Errors%20explained
[WARN] [1784159209.254557469] []: TF_OLD_DATA ignoring data from the past for frame front_left_wheel at time 1784159190.340278 according to authority Authority undetectable
Possible reasons are listed at http://wiki.ros.org/tf/Errors%20explained
[WARN] [1784159209.254571877] []: TF_OLD_DATA ignoring data from the past for frame front_right_wheel at time 1784159190.340278 according to authority Authority undetectable
Possible reasons are listed at http://wiki.ros.org/tf/Errors%20explained
[WARN] [1784159209.254577895] []: TF_OLD_DATA ignoring data from the past for frame rear_left_wheel at time 1784159190.340278 according to authority Authority undetectable
Possible reasons are listed at http://wiki.ros.org/tf/Errors%20explained
[WARN] [1784159209.254583895] []: TF_OLD_DATA ignoring data from the past for frame rear_right_wheel at time 1784159190.340278 according to authority Authority undetectable
Possible reasons are listed at http://wiki.ros.org/tf/Errors%20explained
[WARN] [1784159209.254606747] []: TF_OLD_DATA ignoring data from the past for frame front_left_wheel at time 1784159190.440260 according to authority Authority undetectable
Possible reasons are listed at http://wiki.ros.org/tf/Errors%20explained
[WARN] [1784159209.254617840] []: TF_OLD_DATA ignoring data from the past for frame front_right_wheel at time 1784159190.440260 according to authority Authority undetectable
Possible reasons are listed at http://wiki.ros.org/tf/Errors%20explained
[WARN] [1784159209.254624914] []: TF_OLD_DATA ignoring data from the past for frame rear_left_wheel at time 1784159190.440260 according to authority Authority undetectable
Possible reasons are listed at http://wiki.ros.org/tf/Errors%20explained
[WARN] [1784159209.254630784] []: TF_OLD_DATA ignoring data from the past for frame rear_right_wheel at time 1784159190.440260 according to authority Authority undetectable
Possible reasons are listed at http://wiki.ros.org/tf/Errors%20explained
[WARN] [1784159209.254952767] []: TF_OLD_DATA ignoring data from the past for frame front_left_wheel at time 1784159190.540281 according to authority Authority undetectable
Possible reasons are listed at http://wiki.ros.org/tf/Errors%20explained
[WARN] [1784159209.254968027] []: TF_OLD_DATA ignoring data from the past for frame front_right_wheel at time 1784159190.540281 according to authority Authority undetectable
Possible reasons are listed at http://wiki.ros.org/tf/Errors%20explained
[WARN] [1784159209.254974193] []: TF_OLD_DATA ignoring data from the past for frame rear_left_wheel at time 1784159190.540281 according to authority Authority undetectable
Possible reasons are listed at http://wiki.ros.org/tf/Errors%20explained
[WARN] [1784159209.254980156] []: TF_OLD_DATA ignoring data from the past for frame rear_right_wheel at time 1784159190.540281 according to authority Authority undetectable
Possible reasons are listed at http://wiki.ros.org/tf/Errors%20explained
[WARN] [1784159209.255012323] []: TF_OLD_DATA ignoring data from the past for frame front_left_wheel at time 1784159190.640272 according to authority Authority undetectable
Possible reasons are listed at http://wiki.ros.org/tf/Errors%20explained
[WARN] [1784159209.255022194] []: TF_OLD_DATA ignoring data from the past for frame front_right_wheel at time 1784159190.640272 according to authority Authority undetectable
Possible reasons are listed at http://wiki.ros.org/tf/Errors%20explained
[WARN] [1784159209.255028194] []: TF_OLD_DATA ignoring data from the past for frame rear_left_wheel at time 1784159190.640272 according to authority Authority undetectable
Possible reasons are listed at http://wiki.ros.org/tf/Errors%20explained
[WARN] [1784159209.255034657] []: TF_OLD_DATA ignoring data from the past for frame rear_right_wheel at time 1784159190.640272 according to authority Authority undetectable
Possible reasons are listed at http://wiki.ros.org/tf/Errors%20explained
[WARN] [1784159209.255057027] []: TF_OLD_DATA ignoring data from the past for frame front_left_wheel at time 1784159190.740266 according to authority Authority undetectable
Possible reasons are listed at http://wiki.ros.org/tf/Errors%20explained
[WARN] [1784159209.255067916] []: TF_OLD_DATA ignoring data from the past for frame front_right_wheel at time 1784159190.740266 according to authority Authority undetectable
Possible reasons are listed at http://wiki.ros.org/tf/Errors%20explained
[WARN] [1784159209.255074064] []: TF_OLD_DATA ignoring data from the past for frame rear_left_wheel at time 1784159190.740266 according to authority Authority undetectable
Possible reasons are listed at http://wiki.ros.org/tf/Errors%20explained
[WARN] [1784159209.255080398] []: TF_OLD_DATA ignoring data from the past for frame rear_right_wheel at time 1784159190.740266 according to authority Authority undetectable
Possible reasons are listed at http://wiki.ros.org/tf/Errors%20explained
[WARN] [1784159209.255103731] []: TF_OLD_DATA ignoring data from the past for frame front_left_wheel at time 1784159191.340300 according to authority Authority undetectable
Possible reasons are listed at http://wiki.ros.org/tf/Errors%20explained
[WARN] [1784159209.255112602] []: TF_OLD_DATA ignoring data from the past for frame front_right_wheel at time 1784159191.340300 according to authority Authority undetectable
Possible reasons are listed at http://wiki.ros.org/tf/Errors%20explained
[WARN] [1784159209.255118324] []: TF_OLD_DATA ignoring data from the past for frame rear_left_wheel at time 1784159191.340300 according to authority Authority undetectable
Possible reasons are listed at http://wiki.ros.org/tf/Errors%20explained
[WARN] [1784159209.255124342] []: TF_OLD_DATA ignoring data from the past for frame rear_right_wheel at time 1784159191.340300 according to authority Authority undetectable
Possible reasons are listed at http://wiki.ros.org/tf/Errors%20explained
[WARN] [1784159209.255309047] []: TF_OLD_DATA ignoring data from the past for frame front_left_wheel at time 1784159191.440272 according to authority Authority undetectable
Possible reasons are listed at http://wiki.ros.org/tf/Errors%20explained
[WARN] [1784159209.255330473] []: TF_OLD_DATA ignoring data from the past for frame front_right_wheel at time 1784159191.440272 according to authority Authority undetectable
Possible reasons are listed at http://wiki.ros.org/tf/Errors%20explained
[WARN] [1784159209.255336992] []: TF_OLD_DATA ignoring data from the past for frame rear_left_wheel at time 1784159191.440272 according to authority Authority undetectable
Possible reasons are listed at http://wiki.ros.org/tf/Errors%20explained
[WARN] [1784159209.255342769] []: TF_OLD_DATA ignoring data from the past for frame rear_right_wheel at time 1784159191.440272 according to authority Authority undetectable
Possible reasons are listed at http://wiki.ros.org/tf/Errors%20explained
[WARN] [1784159209.255375436] []: TF_OLD_DATA ignoring data from the past for frame front_left_wheel at time 1784159191.540268 according to authority Authority undetectable
Possible reasons are listed at http://wiki.ros.org/tf/Errors%20explained
[WARN] [1784159209.255385047] []: TF_OLD_DATA ignoring data from the past for frame front_right_wheel at time 1784159191.540268 according to authority Authority undetectable
Possible reasons are listed at http://wiki.ros.org/tf/Errors%20explained
[WARN] [1784159209.255391103] []: TF_OLD_DATA ignoring data from the past for frame rear_left_wheel at time 1784159191.540268 according to authority Authority undetectable
Possible reasons are listed at http://wiki.ros.org/tf/Errors%20explained
[WARN] [1784159209.255396733] []: TF_OLD_DATA ignoring data from the past for frame rear_right_wheel at time 1784159191.540268 according to authority Authority undetectable
Possible reasons are listed at http://wiki.ros.org/tf/Errors%20explained
[WARN] [1784159209.255420362] []: TF_OLD_DATA ignoring data from the past for frame front_left_wheel at time 1784159191.640266 according to authority Authority undetectable
Possible reasons are listed at http://wiki.ros.org/tf/Errors%20explained
[WARN] [1784159209.255432011] []: TF_OLD_DATA ignoring data from the past for frame front_right_wheel at time 1784159191.640266 according to authority Authority undetectable
Possible reasons are listed at http://wiki.ros.org/tf/Errors%20explained
[WARN] [1784159209.255438511] []: TF_OLD_DATA ignoring data from the past for frame rear_left_wheel at time 1784159191.640266 according to authority Authority undetectable
Possible reasons are listed at http://wiki.ros.org/tf/Errors%20explained
[WARN] [1784159209.255444437] []: TF_OLD_DATA ignoring data from the past for frame rear_right_wheel at time 1784159191.640266 according to authority Authority undetectable
Possible reasons are listed at http://wiki.ros.org/tf/Errors%20explained
[WARN] [1784159209.255465159] []: TF_OLD_DATA ignoring data from the past for frame front_left_wheel at time 1784159191.740295 according to authority Authority undetectable
Possible reasons are listed at http://wiki.ros.org/tf/Errors%20explained
[WARN] [1784159209.255473511] []: TF_OLD_DATA ignoring data from the past for frame front_right_wheel at time 1784159191.740295 according to authority Authority undetectable
Possible reasons are listed at http://wiki.ros.org/tf/Errors%20explained
[WARN] [1784159209.257077001] []: TF_OLD_DATA ignoring data from the past for frame rear_left_wheel at time 1784159191.740295 according to authority Authority undetectable
Possible reasons are listed at http://wiki.ros.org/tf/Errors%20explained
[WARN] [1784159209.257097853] []: TF_OLD_DATA ignoring data from the past for frame rear_right_wheel at time 1784159191.740295 according to authority Authority undetectable
Possible reasons are listed at http://wiki.ros.org/tf/Errors%20explained
[WARN] [1784159209.257211483] []: TF_OLD_DATA ignoring data from the past for frame front_left_wheel at time 1784159191.840294 according to authority Authority undetectable
Possible reasons are listed at http://wiki.ros.org/tf/Errors%20explained
[WARN] [1784159209.257266242] []: TF_OLD_DATA ignoring data from the past for frame front_right_wheel at time 1784159191.840294 according to authority Authority undetectable
Possible reasons are listed at http://wiki.ros.org/tf/Errors%20explained
[WARN] [1784159209.257276020] []: TF_OLD_DATA ignoring data from the past for frame rear_left_wheel at time 1784159191.840294 according to authority Authority undetectable
Possible reasons are listed at http://wiki.ros.org/tf/Errors%20explained
[WARN] [1784159209.257282520] []: TF_OLD_DATA ignoring data from the past for frame rear_right_wheel at time 1784159191.840294 according to authority Authority undetectable
Possible reasons are listed at http://wiki.ros.org/tf/Errors%20explained
[WARN] [1784159209.257318076] []: TF_OLD_DATA ignoring data from the past for frame front_left_wheel at time 1784159191.940277 according to authority Authority undetectable
Possible reasons are listed at http://wiki.ros.org/tf/Errors%20explained
[WARN] [1784159209.257330224] []: TF_OLD_DATA ignoring data from the past for frame front_right_wheel at time 1784159191.940277 according to authority Authority undetectable
Possible reasons are listed at http://wiki.ros.org/tf/Errors%20explained
[WARN] [1784159209.257336984] []: TF_OLD_DATA ignoring data from the past for frame rear_left_wheel at time 1784159191.940277 according to authority Authority undetectable
Possible reasons are listed at http://wiki.ros.org/tf/Errors%20explained
[WARN] [1784159209.257342687] []: TF_OLD_DATA ignoring data from the past for frame rear_right_wheel at time 1784159191.940277 according to authority Authority undetectable
Possible reasons are listed at http://wiki.ros.org/tf/Errors%20explained
[WARN] [1784159209.257370799] []: TF_OLD_DATA ignoring data from the past for frame front_left_wheel at time 1784159192.040259 according to authority Authority undetectable
Possible reasons are listed at http://wiki.ros.org/tf/Errors%20explained
[WARN] [1784159209.257385836] []: TF_OLD_DATA ignoring data from the past for frame front_right_wheel at time 1784159192.040259 according to authority Authority undetectable
Possible reasons are listed at http://wiki.ros.org/tf/Errors%20explained
[WARN] [1784159209.257392095] []: TF_OLD_DATA ignoring data from the past for frame rear_left_wheel at time 1784159192.040259 according to authority Authority undetectable
Possible reasons are listed at http://wiki.ros.org/tf/Errors%20explained
[WARN] [1784159209.257397891] []: TF_OLD_DATA ignoring data from the past for frame rear_right_wheel at time 1784159192.040259 according to authority Authority undetectable
Possible reasons are listed at http://wiki.ros.org/tf/Errors%20explained
[WARN] [1784159209.257421558] []: TF_OLD_DATA ignoring data from the past for frame front_left_wheel at time 1784159192.140260 according to authority Authority undetectable
Possible reasons are listed at http://wiki.ros.org/tf/Errors%20explained
[WARN] [1784159209.257430743] []: TF_OLD_DATA ignoring data from the past for frame front_right_wheel at time 1784159192.140260 according to authority Authority undetectable
Possible reasons are listed at http://wiki.ros.org/tf/Errors%20explained
[WARN] [1784159209.257436892] []: TF_OLD_DATA ignoring data from the past for frame rear_left_wheel at time 1784159192.140260 according to authority Authority undetectable
Possible reasons are listed at http://wiki.ros.org/tf/Errors%20explained
[WARN] [1784159209.257443317] []: TF_OLD_DATA ignoring data from the past for frame rear_right_wheel at time 1784159192.140260 according to authority Authority undetectable
Possible reasons are listed at http://wiki.ros.org/tf/Errors%20explained
[WARN] [1784159209.257475132] []: TF_OLD_DATA ignoring data from the past for frame front_left_wheel at time 1784159192.240281 according to authority Authority undetectable
Possible reasons are listed at http://wiki.ros.org/tf/Errors%20explained
[WARN] [1784159209.257485355] []: TF_OLD_DATA ignoring data from the past for frame front_right_wheel at time 1784159192.240281 according to authority Authority undetectable
Possible reasons are listed at http://wiki.ros.org/tf/Errors%20explained
[WARN] [1784159209.257512947] []: TF_OLD_DATA ignoring data from the past for frame rear_left_wheel at time 1784159192.240281 according to authority Authority undetectable
Possible reasons are listed at http://wiki.ros.org/tf/Errors%20explained
[WARN] [1784159209.257521633] []: TF_OLD_DATA ignoring data from the past for frame rear_right_wheel at time 1784159192.240281 according to authority Authority undetectable
Possible reasons are listed at http://wiki.ros.org/tf/Errors%20explained
[WARN] [1784159209.257550225] []: TF_OLD_DATA ignoring data from the past for frame front_left_wheel at time 1784159192.440273 according to authority Authority undetectable
Possible reasons are listed at http://wiki.ros.org/tf/Errors%20explained
[WARN] [1784159209.257563077] []: TF_OLD_DATA ignoring data from the past for frame front_right_wheel at time 1784159192.440273 according to authority Authority undetectable
Possible reasons are listed at http://wiki.ros.org/tf/Errors%20explained
[WARN] [1784159209.257569540] []: TF_OLD_DATA ignoring data from the past for frame rear_left_wheel at time 1784159192.440273 according to authority Authority undetectable
Possible reasons are listed at http://wiki.ros.org/tf/Errors%20explained
[WARN] [1784159209.257575652] []: TF_OLD_DATA ignoring data from the past for frame rear_right_wheel at time 1784159192.440273 according to authority Authority undetectable
Possible reasons are listed at http://wiki.ros.org/tf/Errors%20explained
[WARN] [1784159209.257604096] []: TF_OLD_DATA ignoring data from the past for frame front_left_wheel at time 1784159192.540273 according to authority Authority undetectable
Possible reasons are listed at http://wiki.ros.org/tf/Errors%20explained
[WARN] [1784159209.257616467] []: TF_OLD_DATA ignoring data from the past for frame front_right_wheel at time 1784159192.540273 according to authority Authority undetectable
Possible reasons are listed at http://wiki.ros.org/tf/Errors%20explained
[WARN] [1784159209.257622874] []: TF_OLD_DATA ignoring data from the past for frame rear_left_wheel at time 1784159192.540273 according to authority Authority undetectable
Possible reasons are listed at http://wiki.ros.org/tf/Errors%20explained
[WARN] [1784159209.257628578] []: TF_OLD_DATA ignoring data from the past for frame rear_right_wheel at time 1784159192.540273 according to authority Authority undetectable
Possible reasons are listed at http://wiki.ros.org/tf/Errors%20explained
[WARN] [1784159209.257649207] []: TF_OLD_DATA ignoring data from the past for frame front_left_wheel at time 1784159192.640250 according to authority Authority undetectable
Possible reasons are listed at http://wiki.ros.org/tf/Errors%20explained
[WARN] [1784159209.257658485] []: TF_OLD_DATA ignoring data from the past for frame front_right_wheel at time 1784159192.640250 according to authority Authority undetectable
Possible reasons are listed at http://wiki.ros.org/tf/Errors%20explained
[WARN] [1784159209.257665911] []: TF_OLD_DATA ignoring data from the past for frame rear_left_wheel at time 1784159192.640250 according to authority Authority undetectable
Possible reasons are listed at http://wiki.ros.org/tf/Errors%20explained
[WARN] [1784159209.257672689] []: TF_OLD_DATA ignoring data from the past for frame rear_right_wheel at time 1784159192.640250 according to authority Authority undetectable
Possible reasons are listed at http://wiki.ros.org/tf/Errors%20explained
[WARN] [1784159209.257700171] []: TF_OLD_DATA ignoring data from the past for frame front_left_wheel at time 1784159192.740253 according to authority Authority undetectable
Possible reasons are listed at http://wiki.ros.org/tf/Errors%20explained
[WARN] [1784159209.257710486] []: TF_OLD_DATA ignoring data from the past for frame front_right_wheel at time 1784159192.740253 according to authority Authority undetectable
Possible reasons are listed at http://wiki.ros.org/tf/Errors%20explained
[WARN] [1784159209.257739689] []: TF_OLD_DATA ignoring data from the past for frame rear_left_wheel at time 1784159192.740253 according to authority Authority undetectable
Possible reasons are listed at http://wiki.ros.org/tf/Errors%20explained
[WARN] [1784159209.257749375] []: TF_OLD_DATA ignoring data from the past for frame rear_right_wheel at time 1784159192.740253 according to authority Authority undetectable
Possible reasons are listed at http://wiki.ros.org/tf/Errors%20explained
[WARN] [1784159209.257775967] []: TF_OLD_DATA ignoring data from the past for frame front_left_wheel at time 1784159192.840299 according to authority Authority undetectable
Possible reasons are listed at http://wiki.ros.org/tf/Errors%20explained
[WARN] [1784159209.257788079] []: TF_OLD_DATA ignoring data from the past for frame front_right_wheel at time 1784159192.840299 according to authority Authority undetectable
Possible reasons are listed at http://wiki.ros.org/tf/Errors%20explained
[WARN] [1784159209.257793986] []: TF_OLD_DATA ignoring data from the past for frame rear_left_wheel at time 1784159192.840299 according to authority Authority undetectable
Possible reasons are listed at http://wiki.ros.org/tf/Errors%20explained
[WARN] [1784159209.257799819] []: TF_OLD_DATA ignoring data from the past for frame rear_right_wheel at time 1784159192.840299 according to authority Authority undetectable
Possible reasons are listed at http://wiki.ros.org/tf/Errors%20explained
[WARN] [1784159209.257827171] []: TF_OLD_DATA ignoring data from the past for frame front_left_wheel at time 1784159192.940273 according to authority Authority undetectable
Possible reasons are listed at http://wiki.ros.org/tf/Errors%20explained
[WARN] [1784159209.260622204] []: TF_OLD_DATA ignoring data from the past for frame front_right_wheel at time 1784159192.940273 according to authority Authority undetectable
Possible reasons are listed at http://wiki.ros.org/tf/Errors%20explained
[WARN] [1784159209.260665297] []: TF_OLD_DATA ignoring data from the past for frame rear_left_wheel at time 1784159192.940273 according to authority Authority undetectable
Possible reasons are listed at http://wiki.ros.org/tf/Errors%20explained
[WARN] [1784159209.260673742] []: TF_OLD_DATA ignoring data from the past for frame rear_right_wheel at time 1784159192.940273 according to authority Authority undetectable
Possible reasons are listed at http://wiki.ros.org/tf/Errors%20explained
[WARN] [1784159209.260887669] []: TF_OLD_DATA ignoring data from the past for frame front_left_wheel at time 1784159193.440526 according to authority Authority undetectable
Possible reasons are listed at http://wiki.ros.org/tf/Errors%20explained
[WARN] [1784159209.260912058] []: TF_OLD_DATA ignoring data from the past for frame front_right_wheel at time 1784159193.440526 according to authority Authority undetectable
Possible reasons are listed at http://wiki.ros.org/tf/Errors%20explained
[WARN] [1784159209.260930280] []: TF_OLD_DATA ignoring data from the past for frame rear_left_wheel at time 1784159193.440526 according to authority Authority undetectable
Possible reasons are listed at http://wiki.ros.org/tf/Errors%20explained
[WARN] [1784159209.260939743] []: TF_OLD_DATA ignoring data from the past for frame rear_right_wheel at time 1784159193.440526 according to authority Authority undetectable
Possible reasons are listed at http://wiki.ros.org/tf/Errors%20explained
[WARN] [1784159209.260988780] []: TF_OLD_DATA ignoring data from the past for frame front_left_wheel at time 1784159193.540291 according to authority Authority undetectable
Possible reasons are listed at http://wiki.ros.org/tf/Errors%20explained
[WARN] [1784159209.261001799] []: TF_OLD_DATA ignoring data from the past for frame front_right_wheel at time 1784159193.540291 according to authority Authority undetectable
Possible reasons are listed at http://wiki.ros.org/tf/Errors%20explained
[WARN] [1784159209.261008077] []: TF_OLD_DATA ignoring data from the past for frame rear_left_wheel at time 1784159193.540291 according to authority Authority undetectable
Possible reasons are listed at http://wiki.ros.org/tf/Errors%20explained
[WARN] [1784159209.261086670] []: TF_OLD_DATA ignoring data from the past for frame rear_right_wheel at time 1784159193.540291 according to authority Authority undetectable
Possible reasons are listed at http://wiki.ros.org/tf/Errors%20explained
[WARN] [1784159209.261136541] []: TF_OLD_DATA ignoring data from the past for frame front_left_wheel at time 1784159193.640270 according to authority Authority undetectable
Possible reasons are listed at http://wiki.ros.org/tf/Errors%20explained
[WARN] [1784159209.261147855] []: TF_OLD_DATA ignoring data from the past for frame front_right_wheel at time 1784159193.640270 according to authority Authority undetectable
Possible reasons are listed at http://wiki.ros.org/tf/Errors%20explained
[WARN] [1784159209.261155615] []: TF_OLD_DATA ignoring data from the past for frame rear_left_wheel at time 1784159193.640270 according to authority Authority undetectable
Possible reasons are listed at http://wiki.ros.org/tf/Errors%20explained
[WARN] [1784159209.261162985] []: TF_OLD_DATA ignoring data from the past for frame rear_right_wheel at time 1784159193.640270 according to authority Authority undetectable
Possible reasons are listed at http://wiki.ros.org/tf/Errors%20explained
[WARN] [1784159209.261194782] []: TF_OLD_DATA ignoring data from the past for frame front_left_wheel at time 1784159193.740260 according to authority Authority undetectable
Possible reasons are listed at http://wiki.ros.org/tf/Errors%20explained
[WARN] [1784159209.261205578] []: TF_OLD_DATA ignoring data from the past for frame front_right_wheel at time 1784159193.740260 according to authority Authority undetectable
Possible reasons are listed at http://wiki.ros.org/tf/Errors%20explained
[WARN] [1784159209.261215171] []: TF_OLD_DATA ignoring data from the past for frame rear_left_wheel at time 1784159193.740260 according to authority Authority undetectable
Possible reasons are listed at http://wiki.ros.org/tf/Errors%20explained
[WARN] [1784159209.261222115] []: TF_OLD_DATA ignoring data from the past for frame rear_right_wheel at time 1784159193.740260 according to authority Authority undetectable
Possible reasons are listed at http://wiki.ros.org/tf/Errors%20explained
[WARN] [1784159209.261247393] []: TF_OLD_DATA ignoring data from the past for frame front_left_wheel at time 1784159194.740294 according to authority Authority undetectable
Possible reasons are listed at http://wiki.ros.org/tf/Errors%20explained
[WARN] [1784159209.261259467] []: TF_OLD_DATA ignoring data from the past for frame front_right_wheel at time 1784159194.740294 according to authority Authority undetectable
Possible reasons are listed at http://wiki.ros.org/tf/Errors%20explained
[WARN] [1784159209.261267152] []: TF_OLD_DATA ignoring data from the past for frame rear_left_wheel at time 1784159194.740294 according to authority Authority undetectable
Possible reasons are listed at http://wiki.ros.org/tf/Errors%20explained
[WARN] [1784159209.261272967] []: TF_OLD_DATA ignoring data from the past for frame rear_right_wheel at time 1784159194.740294 according to authority Authority undetectable
Possible reasons are listed at http://wiki.ros.org/tf/Errors%20explained
[WARN] [1784159209.261296393] []: TF_OLD_DATA ignoring data from the past for frame front_left_wheel at time 1784159194.840260 according to authority Authority undetectable
Possible reasons are listed at http://wiki.ros.org/tf/Errors%20explained
[WARN] [1784159209.261308819] []: TF_OLD_DATA ignoring data from the past for frame front_right_wheel at time 1784159194.840260 according to authority Authority undetectable
Possible reasons are listed at http://wiki.ros.org/tf/Errors%20explained
[WARN] [1784159209.261314893] []: TF_OLD_DATA ignoring data from the past for frame rear_left_wheel at time 1784159194.840260 according to authority Authority undetectable
Possible reasons are listed at http://wiki.ros.org/tf/Errors%20explained
[WARN] [1784159209.261320690] []: TF_OLD_DATA ignoring data from the past for frame rear_right_wheel at time 1784159194.840260 according to authority Authority undetectable
Possible reasons are listed at http://wiki.ros.org/tf/Errors%20explained
[WARN] [1784159209.261373116] []: TF_OLD_DATA ignoring data from the past for frame front_left_wheel at time 1784159195.040287 according to authority Authority undetectable
Possible reasons are listed at http://wiki.ros.org/tf/Errors%20explained
[WARN] [1784159209.261385634] []: TF_OLD_DATA ignoring data from the past for frame front_right_wheel at time 1784159195.040287 according to authority Authority undetectable
Possible reasons are listed at http://wiki.ros.org/tf/Errors%20explained
[WARN] [1784159209.261392264] []: TF_OLD_DATA ignoring data from the past for frame rear_left_wheel at time 1784159195.040287 according to authority Authority undetectable
Possible reasons are listed at http://wiki.ros.org/tf/Errors%20explained
[WARN] [1784159209.261397986] []: TF_OLD_DATA ignoring data from the past for frame rear_right_wheel at time 1784159195.040287 according to authority Authority undetectable
Possible reasons are listed at http://wiki.ros.org/tf/Errors%20explained
[WARN] [1784159209.261427246] []: TF_OLD_DATA ignoring data from the past for frame front_left_wheel at time 1784159195.140286 according to authority Authority undetectable
Possible reasons are listed at http://wiki.ros.org/tf/Errors%20explained
[WARN] [1784159209.261436690] []: TF_OLD_DATA ignoring data from the past for frame front_right_wheel at time 1784159195.140286 according to authority Authority undetectable
Possible reasons are listed at http://wiki.ros.org/tf/Errors%20explained
[WARN] [1784159209.261445727] []: TF_OLD_DATA ignoring data from the past for frame rear_left_wheel at time 1784159195.140286 according to authority Authority undetectable
Possible reasons are listed at http://wiki.ros.org/tf/Errors%20explained
[WARN] [1784159209.261452172] []: TF_OLD_DATA ignoring data from the past for frame rear_right_wheel at time 1784159195.140286 according to authority Authority undetectable
Possible reasons are listed at http://wiki.ros.org/tf/Errors%20explained
[WARN] [1784159209.261478468] []: TF_OLD_DATA ignoring data from the past for frame front_left_wheel at time 1784159195.740269 according to authority Authority undetectable
Possible reasons are listed at http://wiki.ros.org/tf/Errors%20explained
[WARN] [1784159209.261491542] []: TF_OLD_DATA ignoring data from the past for frame front_right_wheel at time 1784159195.740269 according to authority Authority undetectable
Possible reasons are listed at http://wiki.ros.org/tf/Errors%20explained
[WARN] [1784159209.261499191] []: TF_OLD_DATA ignoring data from the past for frame rear_left_wheel at time 1784159195.740269 according to authority Authority undetectable
Possible reasons are listed at http://wiki.ros.org/tf/Errors%20explained
[WARN] [1784159209.261504894] []: TF_OLD_DATA ignoring data from the past for frame rear_right_wheel at time 1784159195.740269 according to authority Authority undetectable
Possible reasons are listed at http://wiki.ros.org/tf/Errors%20explained
[WARN] [1784159209.261538191] []: TF_OLD_DATA ignoring data from the past for frame front_left_wheel at time 1784159195.840332 according to authority Authority undetectable
Possible reasons are listed at http://wiki.ros.org/tf/Errors%20explained
[WARN] [1784159209.261546765] []: TF_OLD_DATA ignoring data from the past for frame front_right_wheel at time 1784159195.840332 according to authority Authority undetectable
Possible reasons are listed at http://wiki.ros.org/tf/Errors%20explained
[WARN] [1784159209.261552561] []: TF_OLD_DATA ignoring data from the past for frame rear_left_wheel at time 1784159195.840332 according to authority Authority undetectable
Possible reasons are listed at http://wiki.ros.org/tf/Errors%20explained
[WARN] [1784159209.261558376] []: TF_OLD_DATA ignoring data from the past for frame rear_right_wheel at time 1784159195.840332 according to authority Authority undetectable
Possible reasons are listed at http://wiki.ros.org/tf/Errors%20explained
[WARN] [1784159209.261604376] []: TF_OLD_DATA ignoring data from the past for frame front_left_wheel at time 1784159195.940254 according to authority Authority undetectable
Possible reasons are listed at http://wiki.ros.org/tf/Errors%20explained
[WARN] [1784159209.261615302] []: TF_OLD_DATA ignoring data from the past for frame front_right_wheel at time 1784159195.940254 according to authority Authority undetectable
Possible reasons are listed at http://wiki.ros.org/tf/Errors%20explained
[WARN] [1784159209.261621265] []: TF_OLD_DATA ignoring data from the past for frame rear_left_wheel at time 1784159195.940254 according to authority Authority undetectable
Possible reasons are listed at http://wiki.ros.org/tf/Errors%20explained
[WARN] [1784159209.261627210] []: TF_OLD_DATA ignoring data from the past for frame rear_right_wheel at time 1784159195.940254 according to authority Authority undetectable
Possible reasons are listed at http://wiki.ros.org/tf/Errors%20explained
[WARN] [1784159209.261655747] []: TF_OLD_DATA ignoring data from the past for frame front_left_wheel at time 1784159196.040298 according to authority Authority undetectable
Possible reasons are listed at http://wiki.ros.org/tf/Errors%20explained
[WARN] [1784159209.261666043] []: TF_OLD_DATA ignoring data from the past for frame front_right_wheel at time 1784159196.040298 according to authority Authority undetectable
Possible reasons are listed at http://wiki.ros.org/tf/Errors%20explained
[WARN] [1784159209.261674469] []: TF_OLD_DATA ignoring data from the past for frame rear_left_wheel at time 1784159196.040298 according to authority Authority undetectable
Possible reasons are listed at http://wiki.ros.org/tf/Errors%20explained
[WARN] [1784159209.261680488] []: TF_OLD_DATA ignoring data from the past for frame rear_right_wheel at time 1784159196.040298 according to authority Authority undetectable
Possible reasons are listed at http://wiki.ros.org/tf/Errors%20explained
[WARN] [1784159209.261707229] []: TF_OLD_DATA ignoring data from the past for frame front_left_wheel at time 1784159196.140262 according to authority Authority undetectable
Possible reasons are listed at http://wiki.ros.org/tf/Errors%20explained
[WARN] [1784159209.261718007] []: TF_OLD_DATA ignoring data from the past for frame front_right_wheel at time 1784159196.140262 according to authority Authority undetectable
Possible reasons are listed at http://wiki.ros.org/tf/Errors%20explained
[WARN] [1784159209.261724970] []: TF_OLD_DATA ignoring data from the past for frame rear_left_wheel at time 1784159196.140262 according to authority Authority undetectable
Possible reasons are listed at http://wiki.ros.org/tf/Errors%20explained
[WARN] [1784159209.261730840] []: TF_OLD_DATA ignoring data from the past for frame rear_right_wheel at time 1784159196.140262 according to authority Authority undetectable
Possible reasons are listed at http://wiki.ros.org/tf/Errors%20explained
[WARN] [1784159209.261749340] []: TF_OLD_DATA ignoring data from the past for frame front_left_wheel at time 1784159196.240268 according to authority Authority undetectable
Possible reasons are listed at http://wiki.ros.org/tf/Errors%20explained
[WARN] [1784159209.261758896] []: TF_OLD_DATA ignoring data from the past for frame front_right_wheel at time 1784159196.240268 according to authority Authority undetectable
Possible reasons are listed at http://wiki.ros.org/tf/Errors%20explained
[WARN] [1784159209.261765081] []: TF_OLD_DATA ignoring data from the past for frame rear_left_wheel at time 1784159196.240268 according to authority Authority undetectable
Possible reasons are listed at http://wiki.ros.org/tf/Errors%20explained
[WARN] [1784159209.261770710] []: TF_OLD_DATA ignoring data from the past for frame rear_right_wheel at time 1784159196.240268 according to authority Authority undetectable
Possible reasons are listed at http://wiki.ros.org/tf/Errors%20explained
[WARN] [1784159209.261792155] []: TF_OLD_DATA ignoring data from the past for frame front_left_wheel at time 1784159196.340283 according to authority Authority undetectable
Possible reasons are listed at http://wiki.ros.org/tf/Errors%20explained
[WARN] [1784159209.261815433] []: TF_OLD_DATA ignoring data from the past for frame front_right_wheel at time 1784159196.340283 according to authority Authority undetectable
Possible reasons are listed at http://wiki.ros.org/tf/Errors%20explained
[WARN] [1784159209.261823748] []: TF_OLD_DATA ignoring data from the past for frame rear_left_wheel at time 1784159196.340283 according to authority Authority undetectable
Possible reasons are listed at http://wiki.ros.org/tf/Errors%20explained
[WARN] [1784159209.261829563] []: TF_OLD_DATA ignoring data from the past for frame rear_right_wheel at time 1784159196.340283 according to authority Authority undetectable
Possible reasons are listed at http://wiki.ros.org/tf/Errors%20explained
[INFO] [1784159209.276076656] [rclcpp]: signal_handler(SIGINT/SIGTERM)
[INFO] [1784159209.276199804] [collision_monitor]: Running Nav2 LifecycleNode rcl preshutdown (collision_monitor)
[INFO] [1784159209.276301861] [collision_monitor]: Deactivating
[INFO] [1784159209.276334509] [collision_monitor]: Destroying bond (collision_monitor) to lifecycle manager.
[INFO] [1784159209.308645011] [collision_monitor]: Cleaning up
[INFO] [1784159209.308752641] [collision_monitor]: [FootprintApproach]: Destroying Polygon
[INFO] [1784159209.308790012] [collision_monitor]: [scan]: Destroying Scan
[INFO] [1784159209.372721791] [collision_monitor]: Destroying bond (collision_monitor) to lifecycle manager.
