[INFO] [1784065650.198214744] [collision_monitor]: 
	collision_monitor lifecycle node launched. 
	Waiting on external lifecycle transitions to activate
	See https://design.ros2.org/articles/node_lifecycle.html for more information.
[INFO] [1784065654.387078299] [collision_monitor]: Configuring
[INFO] [1784065654.430695694] [collision_monitor]: [scan]: Creating Scan
[INFO] [1784065654.448050514] [collision_monitor]: [FootprintApproach]: Creating Polygon
[INFO] [1784065654.449652023] [collision_monitor]: [FootprintApproach]: Polygon points are not defined. Using dynamic subscription instead.
[INFO] [1784065654.461524683] [collision_monitor]: [FootprintApproach]: Making footprint subscriber on /local_costmap/published_footprint topic
[INFO] [1784065658.315420991] [collision_monitor]: Activating
[INFO] [1784065658.315483232] [collision_monitor]: Creating bond (collision_monitor) to lifecycle manager.
[INFO] [1784065991.279823995] [collision_monitor]: Robot to approach for 2.300000 seconds away from collision
[INFO] [1784065991.809746121] [collision_monitor]: Robot to continue normal operation
[INFO] [1784066175.915951900] [rclcpp]: signal_handler(SIGINT/SIGTERM)
[INFO] [1784066175.917031369] [collision_monitor]: Running Nav2 LifecycleNode rcl preshutdown (collision_monitor)
[INFO] [1784066175.918128171] [collision_monitor]: Deactivating
[INFO] [1784066175.918834361] [collision_monitor]: Destroying bond (collision_monitor) to lifecycle manager.
[INFO] [1784066175.953942633] [collision_monitor]: Cleaning up
[INFO] [1784066175.954320154] [collision_monitor]: [FootprintApproach]: Destroying Polygon
[INFO] [1784066175.954557470] [collision_monitor]: [scan]: Destroying Scan
[INFO] [1784066176.058532539] [collision_monitor]: Destroying bond (collision_monitor) to lifecycle manager.
