[INFO] [1785294530.084300038] [collision_monitor]: 
	collision_monitor lifecycle node launched. 
	Waiting on external lifecycle transitions to activate
	See https://design.ros2.org/articles/node_lifecycle.html for more information.
[INFO] [1785294532.995875891] [collision_monitor]: Configuring
[INFO] [1785294533.040130838] [collision_monitor]: [scan]: Creating Scan
[INFO] [1785294533.056741825] [collision_monitor]: [FootprintApproach]: Creating Polygon
[INFO] [1785294533.059755417] [collision_monitor]: [FootprintApproach]: Polygon points are not defined. Using dynamic subscription instead.
[INFO] [1785294533.075441583] [collision_monitor]: [FootprintApproach]: Making footprint subscriber on /local_costmap/published_footprint topic
[INFO] [1785294541.216946470] [collision_monitor]: Activating
[INFO] [1785294541.217825938] [collision_monitor]: Creating bond (collision_monitor) to lifecycle manager.
[WARN] [1785294610.941071088] [collision_monitor]: [scan]: Latest source and current collision monitor node timestamps differ on 1.014812 seconds. Ignoring the source.
[WARN] [1785294610.941151014] [collision_monitor]: Robot to stop due to invalid source. Either due to data not published yet, or to lack of new data received within the sensor timeout, or if impossible to transform data to base frame
[INFO] [1785294611.012472084] [collision_monitor]: Robot to continue normal operation
[WARN] [1785294615.441070827] [collision_monitor]: [scan]: Latest source and current collision monitor node timestamps differ on 1.008193 seconds. Ignoring the source.
[WARN] [1785294615.441140531] [collision_monitor]: Robot to stop due to invalid source. Either due to data not published yet, or to lack of new data received within the sensor timeout, or if impossible to transform data to base frame
[WARN] [1785294615.491630496] [collision_monitor]: [scan]: Latest source and current collision monitor node timestamps differ on 1.058752 seconds. Ignoring the source.
[WARN] [1785294615.544340030] [collision_monitor]: [scan]: Latest source and current collision monitor node timestamps differ on 1.111457 seconds. Ignoring the source.
[WARN] [1785294615.591604124] [collision_monitor]: [scan]: Latest source and current collision monitor node timestamps differ on 1.158724 seconds. Ignoring the source.
[WARN] [1785294615.641020508] [collision_monitor]: [scan]: Latest source and current collision monitor node timestamps differ on 1.208141 seconds. Ignoring the source.
[WARN] [1785294615.691295250] [collision_monitor]: [scan]: Latest source and current collision monitor node timestamps differ on 1.258417 seconds. Ignoring the source.
[WARN] [1785294615.741110174] [collision_monitor]: [scan]: Latest source and current collision monitor node timestamps differ on 1.308232 seconds. Ignoring the source.
[WARN] [1785294615.792136272] [collision_monitor]: [scan]: Latest source and current collision monitor node timestamps differ on 1.359257 seconds. Ignoring the source.
[WARN] [1785294615.841064209] [collision_monitor]: [scan]: Latest source and current collision monitor node timestamps differ on 1.408186 seconds. Ignoring the source.
[WARN] [1785294615.891086301] [collision_monitor]: [scan]: Latest source and current collision monitor node timestamps differ on 1.458208 seconds. Ignoring the source.
[WARN] [1785294615.941059726] [collision_monitor]: [scan]: Latest source and current collision monitor node timestamps differ on 1.508182 seconds. Ignoring the source.
[WARN] [1785294615.992007175] [collision_monitor]: [scan]: Latest source and current collision monitor node timestamps differ on 1.559129 seconds. Ignoring the source.
[WARN] [1785294616.041063983] [collision_monitor]: [scan]: Latest source and current collision monitor node timestamps differ on 1.608186 seconds. Ignoring the source.
[WARN] [1785294616.091030093] [collision_monitor]: [scan]: Latest source and current collision monitor node timestamps differ on 1.658152 seconds. Ignoring the source.
[WARN] [1785294616.141116778] [collision_monitor]: [scan]: Latest source and current collision monitor node timestamps differ on 1.708239 seconds. Ignoring the source.
[WARN] [1785294616.191854837] [collision_monitor]: [scan]: Latest source and current collision monitor node timestamps differ on 1.758977 seconds. Ignoring the source.
[WARN] [1785294616.241129592] [collision_monitor]: [scan]: Latest source and current collision monitor node timestamps differ on 1.808251 seconds. Ignoring the source.
[WARN] [1785294616.291068239] [collision_monitor]: [scan]: Latest source and current collision monitor node timestamps differ on 1.858190 seconds. Ignoring the source.
[WARN] [1785294616.341094627] [collision_monitor]: [scan]: Latest source and current collision monitor node timestamps differ on 1.908216 seconds. Ignoring the source.
[WARN] [1785294616.391233182] [collision_monitor]: [scan]: Latest source and current collision monitor node timestamps differ on 1.958355 seconds. Ignoring the source.
[WARN] [1785294616.441078532] [collision_monitor]: [scan]: Latest source and current collision monitor node timestamps differ on 2.008200 seconds. Ignoring the source.
[WARN] [1785294616.491038365] [collision_monitor]: [scan]: Latest source and current collision monitor node timestamps differ on 2.058160 seconds. Ignoring the source.
[WARN] [1785294616.541073771] [collision_monitor]: [scan]: Latest source and current collision monitor node timestamps differ on 2.108195 seconds. Ignoring the source.
[WARN] [1785294616.591332142] [collision_monitor]: [scan]: Latest source and current collision monitor node timestamps differ on 2.158454 seconds. Ignoring the source.
[INFO] [1785294616.672898513] [collision_monitor]: Robot to continue normal operation
[ERROR] [1785294617.898702442] [getTransform]: Failed to get "laser"->"base_footprint" frame transform: Lookup would require extrapolation into the future.  Requested time 1785294617.391237 but the latest data is at time 1785294617.367609, when looking up transform from frame [odom] to frame [base_footprint]
[WARN] [1785294617.898781942] [collision_monitor]: Robot to stop due to invalid source. Either due to data not published yet, or to lack of new data received within the sensor timeout, or if impossible to transform data to base frame
[WARN] [1785294617.900381637] [collision_monitor]: [scan]: Latest source and current collision monitor node timestamps differ on 1.264747 seconds. Ignoring the source.
[INFO] [1785294623.356521507] [collision_monitor]: Deactivating
[INFO] [1785294623.356568600] [collision_monitor]: Destroying bond (collision_monitor) to lifecycle manager.
