[INFO] [1784055098.024064239] [collision_monitor]: 
	collision_monitor lifecycle node launched. 
	Waiting on external lifecycle transitions to activate
	See https://design.ros2.org/articles/node_lifecycle.html for more information.
[INFO] [1784055100.781040113] [collision_monitor]: Configuring
[INFO] [1784055100.823446245] [collision_monitor]: [scan]: Creating Scan
[INFO] [1784055100.857046835] [collision_monitor]: [FootprintApproach]: Creating Polygon
[INFO] [1784055100.866478344] [collision_monitor]: [FootprintApproach]: Polygon points are not defined. Using dynamic subscription instead.
[INFO] [1784055100.883245925] [collision_monitor]: [FootprintApproach]: Making footprint subscriber on /local_costmap/published_footprint topic
[INFO] [1784055105.585281964] [collision_monitor]: Activating
[INFO] [1784055105.585366668] [collision_monitor]: Creating bond (collision_monitor) to lifecycle manager.
[INFO] [1784055537.264972067] [collision_monitor]: Robot to approach for 1.500000 seconds away from collision
[INFO] [1784055537.297150485] [collision_monitor]: Robot to continue normal operation
[INFO] [1784055537.362854196] [collision_monitor]: Robot to approach for 1.500000 seconds away from collision
[INFO] [1784055537.394632148] [collision_monitor]: Robot to continue normal operation
[INFO] [1784055537.465863109] [collision_monitor]: Robot to approach for 1.500000 seconds away from collision
[INFO] [1784055537.507614277] [collision_monitor]: Robot to continue normal operation
[INFO] [1784056026.161773634] [rclcpp]: signal_handler(SIGINT/SIGTERM)
[INFO] [1784056026.161976321] [collision_monitor]: Running Nav2 LifecycleNode rcl preshutdown (collision_monitor)
[INFO] [1784056026.162117951] [collision_monitor]: Deactivating
[INFO] [1784056026.162153155] [collision_monitor]: Destroying bond (collision_monitor) to lifecycle manager.
[INFO] [1784056026.194533092] [collision_monitor]: Cleaning up
[INFO] [1784056026.194656500] [collision_monitor]: [FootprintApproach]: Destroying Polygon
[INFO] [1784056026.194688592] [collision_monitor]: [scan]: Destroying Scan
[INFO] [1784056026.292169812] [collision_monitor]: Destroying bond (collision_monitor) to lifecycle manager.
