[INFO] [1783380245.043240760] [collision_monitor]: 
	collision_monitor lifecycle node launched. 
	Waiting on external lifecycle transitions to activate
	See https://design.ros2.org/articles/node_lifecycle.html for more information.
[INFO] [1783380249.163009990] [collision_monitor]: Configuring
[INFO] [1783380249.216243409] [collision_monitor]: [scan]: Creating Scan
[INFO] [1783380249.245295042] [collision_monitor]: [FootprintApproach]: Creating Polygon
[INFO] [1783380249.246963608] [collision_monitor]: [FootprintApproach]: Polygon points are not defined. Using dynamic subscription instead.
[INFO] [1783380249.266373660] [collision_monitor]: [FootprintApproach]: Making footprint subscriber on /local_costmap/published_footprint topic
[INFO] [1783380253.087914309] [collision_monitor]: Activating
[INFO] [1783380253.087984754] [collision_monitor]: Creating bond (collision_monitor) to lifecycle manager.
[INFO] [1783380280.964590095] [collision_monitor]: Robot to approach for 2.300000 seconds away from collision
[INFO] [1783380281.166355050] [collision_monitor]: Robot to continue normal operation
[INFO] [1783380294.665021733] [collision_monitor]: Robot to approach for 2.300000 seconds away from collision
[INFO] [1783380295.665247639] [collision_monitor]: Robot to continue normal operation
[INFO] [1783380297.463516217] [collision_monitor]: Robot to approach for 2.300000 seconds away from collision
[INFO] [1783380297.864065608] [collision_monitor]: Robot to continue normal operation
[INFO] [1783380303.663639611] [collision_monitor]: Robot to approach for 2.300000 seconds away from collision
[INFO] [1783380303.764312356] [collision_monitor]: Robot to continue normal operation
[INFO] [1783380310.397213220] [collision_monitor]: Robot to approach for 2.300000 seconds away from collision
[INFO] [1783380310.495127799] [collision_monitor]: Robot to continue normal operation
[INFO] [1783380311.492458557] [collision_monitor]: Robot to approach for 2.300000 seconds away from collision
[INFO] [1783380311.593458582] [collision_monitor]: Robot to continue normal operation
[INFO] [1783380319.493333915] [collision_monitor]: Robot to approach for 2.300000 seconds away from collision
[INFO] [1783380319.993298877] [collision_monitor]: Robot to continue normal operation
[INFO] [1783380322.791768657] [collision_monitor]: Robot to approach for 2.300000 seconds away from collision
[INFO] [1783380322.892236530] [collision_monitor]: Robot to continue normal operation
[INFO] [1783380348.192447770] [collision_monitor]: Robot to approach for 2.300000 seconds away from collision
[INFO] [1783380348.392306621] [collision_monitor]: Robot to continue normal operation
[INFO] [1783380348.464356587] [collision_monitor]: Robot to approach for 2.300000 seconds away from collision
[INFO] [1783380348.792199656] [collision_monitor]: Robot to continue normal operation
[INFO] [1783380348.892117211] [collision_monitor]: Robot to approach for 2.300000 seconds away from collision
[INFO] [1783380349.065598779] [collision_monitor]: Robot to continue normal operation
[INFO] [1783380349.192189007] [collision_monitor]: Robot to approach for 2.300000 seconds away from collision
[INFO] [1783380350.192296505] [collision_monitor]: Robot to continue normal operation
[INFO] [1783380350.265711240] [collision_monitor]: Robot to approach for 2.300000 seconds away from collision
[INFO] [1783380350.365979020] [collision_monitor]: Robot to continue normal operation
[INFO] [1783380350.492264301] [collision_monitor]: Robot to approach for 2.300000 seconds away from collision
[INFO] [1783380350.564564714] [collision_monitor]: Robot to continue normal operation
[INFO] [1783380350.792275189] [collision_monitor]: Robot to approach for 2.300000 seconds away from collision
[INFO] [1783380350.963226797] [collision_monitor]: Robot to continue normal operation
[INFO] [1783380355.892401752] [collision_monitor]: Robot to approach for 2.300000 seconds away from collision
[INFO] [1783380355.966250157] [collision_monitor]: Robot to continue normal operation
[INFO] [1783380356.162909450] [collision_monitor]: Robot to approach for 2.300000 seconds away from collision
[INFO] [1783380356.264955981] [collision_monitor]: Robot to continue normal operation
[INFO] [1783380360.092454521] [collision_monitor]: Robot to approach for 2.300000 seconds away from collision
[INFO] [1783380360.292565707] [collision_monitor]: Robot to continue normal operation
[INFO] [1783380360.364036170] [collision_monitor]: Robot to approach for 2.300000 seconds away from collision
[INFO] [1783380360.492718633] [collision_monitor]: Robot to continue normal operation
[INFO] [1783380360.564888582] [collision_monitor]: Robot to approach for 2.300000 seconds away from collision
[INFO] [1783380360.692357501] [collision_monitor]: Robot to continue normal operation
[INFO] [1783380371.692357068] [collision_monitor]: Robot to approach for 2.300000 seconds away from collision
[INFO] [1783380371.864912057] [collision_monitor]: Robot to continue normal operation
[INFO] [1783380372.192102325] [collision_monitor]: Robot to approach for 2.300000 seconds away from collision
[INFO] [1783380375.392529024] [collision_monitor]: Robot to continue normal operation
[INFO] [1783380486.563121804] [collision_monitor]: Robot to approach for 2.300000 seconds away from collision
[INFO] [1783380486.592543145] [collision_monitor]: Robot to continue normal operation
[INFO] [1783380486.762819285] [collision_monitor]: Robot to approach for 2.300000 seconds away from collision
[INFO] [1783380486.792731203] [collision_monitor]: Robot to continue normal operation
[INFO] [1783380486.965202245] [collision_monitor]: Robot to approach for 2.300000 seconds away from collision
[INFO] [1783380486.993147948] [collision_monitor]: Robot to continue normal operation
[INFO] [1783380500.965857693] [collision_monitor]: Robot to approach for 2.300000 seconds away from collision
[INFO] [1783380500.993050798] [collision_monitor]: Robot to continue normal operation
[INFO] [1783380501.163899479] [collision_monitor]: Robot to approach for 2.300000 seconds away from collision
[INFO] [1783380501.195354054] [collision_monitor]: Robot to continue normal operation
[INFO] [1783380505.971500840] [collision_monitor]: Robot to approach for 2.300000 seconds away from collision
[INFO] [1783380505.994968627] [collision_monitor]: Robot to continue normal operation
[INFO] [1783380506.169951925] [collision_monitor]: Robot to approach for 2.300000 seconds away from collision
[INFO] [1783380506.197158049] [collision_monitor]: Robot to continue normal operation
[INFO] [1783380506.400123587] [collision_monitor]: Robot to approach for 2.300000 seconds away from collision
[INFO] [1783380506.493106379] [collision_monitor]: Robot to continue normal operation
[INFO] [1783380513.866423779] [collision_monitor]: Robot to approach for 2.300000 seconds away from collision
[INFO] [1783380514.265609592] [collision_monitor]: Robot to continue normal operation
[INFO] [1783380568.971260870] [collision_monitor]: Robot to approach for 2.300000 seconds away from collision
[INFO] [1783380569.166171008] [collision_monitor]: Robot to continue normal operation
[INFO] [1783380569.198490311] [collision_monitor]: Robot to approach for 2.300000 seconds away from collision
[INFO] [1783380569.362510229] [collision_monitor]: Robot to continue normal operation
[INFO] [1783380574.696627380] [collision_monitor]: Robot to approach for 2.300000 seconds away from collision
[INFO] [1783380574.802038784] [collision_monitor]: Robot to continue normal operation
[INFO] [1783380574.867536469] [collision_monitor]: Robot to approach for 2.300000 seconds away from collision
[INFO] [1783380577.268613735] [collision_monitor]: Robot to continue normal operation
[INFO] [1783380577.301262910] [collision_monitor]: Robot to approach for 2.300000 seconds away from collision
[INFO] [1783380577.667089895] [collision_monitor]: Robot to continue normal operation
[INFO] [1783380578.059420853] [collision_monitor]: Robot to approach for 2.300000 seconds away from collision
[INFO] [1783380578.298675365] [collision_monitor]: Robot to continue normal operation
[INFO] [1783380578.493390706] [collision_monitor]: Robot to approach for 2.300000 seconds away from collision
[INFO] [1783380578.664915761] [collision_monitor]: Robot to continue normal operation
[INFO] [1783380578.711358481] [collision_monitor]: Robot to approach for 2.300000 seconds away from collision
[INFO] [1783380579.059581917] [collision_monitor]: Robot to continue normal operation
[INFO] [1783380579.863649837] [collision_monitor]: Robot to approach for 2.300000 seconds away from collision
[INFO] [1783380579.968389255] [collision_monitor]: Robot to continue normal operation
[INFO] [1783380582.192844991] [collision_monitor]: Robot to approach for 2.300000 seconds away from collision
[INFO] [1783380582.895186362] [collision_monitor]: Robot to continue normal operation
[INFO] [1783380585.594299082] [collision_monitor]: Robot to approach for 2.300000 seconds away from collision
[INFO] [1783380585.864620593] [collision_monitor]: Robot to continue normal operation
[INFO] [1783381048.802247762] [rclcpp]: signal_handler(SIGINT/SIGTERM)
[INFO] [1783381048.802471412] [collision_monitor]: Running Nav2 LifecycleNode rcl preshutdown (collision_monitor)
[INFO] [1783381048.802594172] [collision_monitor]: Deactivating
[INFO] [1783381048.802630820] [collision_monitor]: Destroying bond (collision_monitor) to lifecycle manager.
[INFO] [1783381048.851937855] [collision_monitor]: Cleaning up
[INFO] [1783381048.852013392] [collision_monitor]: [FootprintApproach]: Destroying Polygon
[INFO] [1783381048.852040040] [collision_monitor]: [scan]: Destroying Scan
[INFO] [1783381048.943727013] [collision_monitor]: Destroying bond (collision_monitor) to lifecycle manager.
