[INFO] [1783987271.077584411] [collision_monitor]: 
	collision_monitor lifecycle node launched. 
	Waiting on external lifecycle transitions to activate
	See https://design.ros2.org/articles/node_lifecycle.html for more information.
[INFO] [1783987273.999558195] [collision_monitor]: Configuring
[INFO] [1783987274.040425040] [collision_monitor]: [scan]: Creating Scan
[INFO] [1783987274.055431934] [collision_monitor]: [FootprintApproach]: Creating Polygon
[INFO] [1783987274.059275399] [collision_monitor]: [FootprintApproach]: Polygon points are not defined. Using dynamic subscription instead.
[INFO] [1783987274.076007894] [collision_monitor]: [FootprintApproach]: Making footprint subscriber on /local_costmap/published_footprint topic
[INFO] [1783987274.090534730] [collision_monitor]: [FrontStopZone]: Creating Polygon
[INFO] [1783987278.094918396] [collision_monitor]: Activating
[INFO] [1783987278.095009415] [collision_monitor]: Creating bond (collision_monitor) to lifecycle manager.
[INFO] [1783987457.040018693] [rclcpp]: signal_handler(SIGINT/SIGTERM)
[INFO] [1783987457.040113620] [collision_monitor]: Running Nav2 LifecycleNode rcl preshutdown (collision_monitor)
[INFO] [1783987457.041023532] [collision_monitor]: Deactivating
[INFO] [1783987457.041078569] [collision_monitor]: Destroying bond (collision_monitor) to lifecycle manager.
[INFO] [1783987457.210075384] [collision_monitor]: Cleaning up
[INFO] [1783987457.335955954] [collision_monitor]: [FootprintApproach]: Destroying Polygon
[INFO] [1783987457.336042584] [collision_monitor]: [FrontStopZone]: Destroying Polygon
[INFO] [1783987457.336059696] [collision_monitor]: [scan]: Destroying Scan
[INFO] [1783987457.370649007] [collision_monitor]: Destroying bond (collision_monitor) to lifecycle manager.
