[INFO] [1785387720.040061435] [collision_monitor]: 
	collision_monitor lifecycle node launched. 
	Waiting on external lifecycle transitions to activate
	See https://design.ros2.org/articles/node_lifecycle.html for more information.
[INFO] [1785387736.702495850] [collision_monitor]: Configuring
[INFO] [1785387736.740380296] [collision_monitor]: [scan]: Creating Scan
[INFO] [1785387736.755207820] [collision_monitor]: [FootprintApproach]: Creating Polygon
[INFO] [1785387736.755999658] [collision_monitor]: [FootprintApproach]: Polygon points are not defined. Using dynamic subscription instead.
[INFO] [1785387736.761802171] [collision_monitor]: [FootprintApproach]: Making footprint subscriber on /local_costmap/published_footprint topic
[INFO] [1785387749.325481585] [collision_monitor]: Activating
[INFO] [1785387749.325565826] [collision_monitor]: Creating bond (collision_monitor) to lifecycle manager.
[INFO] [1785388793.118661314] [collision_monitor]: Robot to approach for 2.300000 seconds away from collision
[INFO] [1785388793.418850144] [collision_monitor]: Robot to continue normal operation
[INFO] [1785388817.518126995] [collision_monitor]: Robot to approach for 2.300000 seconds away from collision
[INFO] [1785388817.619057246] [collision_monitor]: Robot to continue normal operation
[INFO] [1785388818.218039380] [collision_monitor]: Robot to approach for 2.300000 seconds away from collision
[INFO] [1785388818.488954181] [collision_monitor]: Robot to continue normal operation
[INFO] [1785388818.589687541] [collision_monitor]: Robot to approach for 2.300000 seconds away from collision
[INFO] [1785388818.688703874] [collision_monitor]: Robot to continue normal operation
[INFO] [1785388820.789840960] [collision_monitor]: Robot to approach for 2.300000 seconds away from collision
[INFO] [1785388824.618814277] [collision_monitor]: Robot to continue normal operation
[INFO] [1785388832.518908927] [collision_monitor]: Robot to approach for 2.300000 seconds away from collision
[INFO] [1785388844.704067476] [collision_monitor]: Robot to continue normal operation
[INFO] [1785388851.918651023] [collision_monitor]: Robot to approach for 2.300000 seconds away from collision
[INFO] [1785388864.093718535] [collision_monitor]: Robot to continue normal operation
[INFO] [1785388871.288868866] [collision_monitor]: Robot to approach for 2.300000 seconds away from collision
[INFO] [1785388871.618804542] [collision_monitor]: Robot to continue normal operation
[INFO] [1785388871.707936692] [collision_monitor]: Robot to approach for 2.300000 seconds away from collision
[INFO] [1785388871.788860815] [collision_monitor]: Robot to continue normal operation
[INFO] [1785388871.888463688] [collision_monitor]: Robot to approach for 2.300000 seconds away from collision
[INFO] [1785388876.788908754] [collision_monitor]: Robot to continue normal operation
[INFO] [1785388876.918514530] [collision_monitor]: Robot to approach for 2.300000 seconds away from collision
[INFO] [1785388882.919568429] [collision_monitor]: Robot to continue normal operation
[INFO] [1785388889.218657646] [collision_monitor]: Robot to approach for 2.300000 seconds away from collision
[INFO] [1785388900.818787581] [collision_monitor]: Robot to continue normal operation
[INFO] [1785388906.189285268] [collision_monitor]: Robot to approach for 2.300000 seconds away from collision
[INFO] [1785388912.188853881] [collision_monitor]: Robot to continue normal operation
[INFO] [1785388912.318290063] [collision_monitor]: Robot to approach for 2.300000 seconds away from collision
[INFO] [1785388918.389365916] [collision_monitor]: Robot to continue normal operation
[INFO] [1785388924.818363911] [collision_monitor]: Robot to approach for 2.300000 seconds away from collision
[INFO] [1785388927.918656484] [collision_monitor]: Robot to continue normal operation
[INFO] [1785388928.617912272] [collision_monitor]: Robot to approach for 2.300000 seconds away from collision
[INFO] [1785388930.618644592] [collision_monitor]: Robot to continue normal operation
[INFO] [1785388930.689038825] [collision_monitor]: Robot to approach for 2.300000 seconds away from collision
[INFO] [1785388936.789079557] [collision_monitor]: Robot to continue normal operation
[INFO] [1785389593.989102578] [collision_monitor]: Robot to approach for 2.300000 seconds away from collision
[INFO] [1785389594.895601322] [collision_monitor]: Robot to continue normal operation
[INFO] [1785389595.020493147] [collision_monitor]: Robot to approach for 2.300000 seconds away from collision
[INFO] [1785389595.085532758] [collision_monitor]: Robot to continue normal operation
[INFO] [1785389611.895871252] [collision_monitor]: Robot to approach for 2.300000 seconds away from collision
[INFO] [1785389613.720605193] [collision_monitor]: Robot to continue normal operation
[INFO] [1785389614.026009421] [collision_monitor]: Robot to approach for 2.300000 seconds away from collision
[INFO] [1785389618.019036701] [collision_monitor]: Robot to continue normal operation
[INFO] [1785389618.088826579] [collision_monitor]: Robot to approach for 2.300000 seconds away from collision
[INFO] [1785389618.288951404] [collision_monitor]: Robot to continue normal operation
[INFO] [1785389618.389288744] [collision_monitor]: Robot to approach for 2.300000 seconds away from collision
[INFO] [1785389618.489037803] [collision_monitor]: Robot to continue normal operation
[INFO] [1785389630.121799655] [collision_monitor]: Robot to approach for 2.300000 seconds away from collision
[INFO] [1785389630.289746417] [collision_monitor]: Robot to continue normal operation
[INFO] [1785389630.403017864] [collision_monitor]: Robot to approach for 2.300000 seconds away from collision
[INFO] [1785389636.057705016] [collision_monitor]: Robot to continue normal operation
[INFO] [1785389643.688686523] [collision_monitor]: Robot to approach for 2.300000 seconds away from collision
[INFO] [1785389655.890085326] [collision_monitor]: Robot to continue normal operation
[INFO] [1785389749.963961239] [rclcpp]: signal_handler(SIGINT/SIGTERM)
[INFO] [1785389749.964101573] [collision_monitor]: Running Nav2 LifecycleNode rcl preshutdown (collision_monitor)
[INFO] [1785389749.964274666] [collision_monitor]: Deactivating
[INFO] [1785389749.964310722] [collision_monitor]: Destroying bond (collision_monitor) to lifecycle manager.
[INFO] [1785389749.988361741] [collision_monitor]: Cleaning up
[INFO] [1785389749.988444908] [collision_monitor]: [FootprintApproach]: Destroying Polygon
[INFO] [1785389749.988470038] [collision_monitor]: [scan]: Destroying Scan
[INFO] [1785389750.103145770] [collision_monitor]: Destroying bond (collision_monitor) to lifecycle manager.
