[INFO] [1784058965.223783432] [collision_monitor]: 
	collision_monitor lifecycle node launched. 
	Waiting on external lifecycle transitions to activate
	See https://design.ros2.org/articles/node_lifecycle.html for more information.
[INFO] [1784058969.904116605] [collision_monitor]: Configuring
[INFO] [1784058969.923247365] [collision_monitor]: [scan]: Creating Scan
[INFO] [1784058969.934740858] [collision_monitor]: [FootprintApproach]: Creating Polygon
[INFO] [1784058969.936318663] [collision_monitor]: [FootprintApproach]: Polygon points are not defined. Using dynamic subscription instead.
[INFO] [1784058969.938822641] [collision_monitor]: [FootprintApproach]: Making footprint subscriber on /local_costmap/published_footprint topic
[INFO] [1784058973.973336552] [collision_monitor]: Activating
[INFO] [1784058973.973433515] [collision_monitor]: Creating bond (collision_monitor) to lifecycle manager.
[INFO] [1784059075.370481143] [collision_monitor]: Robot to approach for 2.300000 seconds away from collision
[INFO] [1784059115.695829064] [collision_monitor]: Robot to continue normal operation
[INFO] [1784059117.367748045] [collision_monitor]: Robot to approach for 2.300000 seconds away from collision
[INFO] [1784059168.369759460] [collision_monitor]: Robot to continue normal operation
[INFO] [1784059172.769133552] [collision_monitor]: Robot to approach for 2.300000 seconds away from collision
[INFO] [1784059213.066742812] [collision_monitor]: Robot to continue normal operation
[INFO] [1784059216.767075442] [collision_monitor]: Robot to approach for 2.300000 seconds away from collision
[INFO] [1784059236.567642312] [collision_monitor]: Robot to continue normal operation
[INFO] [1784059236.694821479] [collision_monitor]: Robot to approach for 2.300000 seconds away from collision
[INFO] [1784059256.896947373] [collision_monitor]: Robot to continue normal operation
[INFO] [1784059257.366080661] [collision_monitor]: Robot to approach for 2.300000 seconds away from collision
[INFO] [1784059308.168257894] [collision_monitor]: Robot to continue normal operation
[INFO] [1784059312.566604739] [collision_monitor]: Robot to approach for 2.300000 seconds away from collision
[INFO] [1784059323.765756911] [collision_monitor]: Deactivating
[INFO] [1784059323.765827449] [collision_monitor]: Destroying bond (collision_monitor) to lifecycle manager.
[INFO] [1784059326.478441970] [collision_monitor]: Cleaning up
[INFO] [1784059326.494977760] [collision_monitor]: [FootprintApproach]: Destroying Polygon
[INFO] [1784059326.500374702] [collision_monitor]: [scan]: Destroying Scan
[INFO] [1784059380.063983374] [rclcpp]: signal_handler(SIGINT/SIGTERM)
[INFO] [1784059380.064093097] [collision_monitor]: Running Nav2 LifecycleNode rcl preshutdown (collision_monitor)
[INFO] [1784059380.065712552] [collision_monitor]: Destroying bond (collision_monitor) to lifecycle manager.
