[INFO] [1783999272.186902056] [collision_monitor]: 
	collision_monitor lifecycle node launched. 
	Waiting on external lifecycle transitions to activate
	See https://design.ros2.org/articles/node_lifecycle.html for more information.
[INFO] [1783999274.995496859] [collision_monitor]: Configuring
[INFO] [1783999275.029109531] [collision_monitor]: [scan]: Creating Scan
[INFO] [1783999275.039549442] [collision_monitor]: [FootprintApproach]: Creating Polygon
[INFO] [1783999275.039904592] [collision_monitor]: [FootprintApproach]: Polygon points are not defined. Using dynamic subscription instead.
[INFO] [1783999275.040600670] [collision_monitor]: [FootprintApproach]: Making footprint subscriber on /local_costmap/published_footprint topic
[INFO] [1783999279.371166153] [collision_monitor]: Activating
[INFO] [1783999279.371324783] [collision_monitor]: Creating bond (collision_monitor) to lifecycle manager.
[INFO] [1783999566.591089695] [collision_monitor]: Robot to approach for 2.300000 seconds away from collision
[INFO] [1783999566.630550862] [collision_monitor]: Robot to continue normal operation
[INFO] [1783999566.692807915] [collision_monitor]: Robot to approach for 2.300000 seconds away from collision
[INFO] [1783999567.627721835] [collision_monitor]: Robot to continue normal operation
[INFO] [1783999573.592342013] [collision_monitor]: Robot to approach for 2.300000 seconds away from collision
[INFO] [1783999573.889651147] [collision_monitor]: Robot to continue normal operation
[INFO] [1784000560.096999165] [collision_monitor]: Robot to approach for 2.300000 seconds away from collision
[INFO] [1784000560.396751386] [collision_monitor]: Robot to continue normal operation
[INFO] [1784000574.803431738] [collision_monitor]: Robot to approach for 2.300000 seconds away from collision
[INFO] [1784000575.203875488] [collision_monitor]: Robot to continue normal operation
[INFO] [1784000576.602194863] [collision_monitor]: Robot to approach for 2.300000 seconds away from collision
[INFO] [1784000576.702090072] [collision_monitor]: Robot to continue normal operation
[INFO] [1784000578.003051530] [collision_monitor]: Robot to approach for 2.300000 seconds away from collision
[INFO] [1784000578.099805055] [collision_monitor]: Robot to continue normal operation
[INFO] [1784000578.201721905] [collision_monitor]: Robot to approach for 2.300000 seconds away from collision
[INFO] [1784000578.301296242] [collision_monitor]: Robot to continue normal operation
[INFO] [1784000580.903854883] [collision_monitor]: Robot to approach for 2.300000 seconds away from collision
[INFO] [1784000581.205763913] [collision_monitor]: Robot to continue normal operation
[INFO] [1784000592.400042614] [collision_monitor]: Robot to approach for 2.300000 seconds away from collision
[INFO] [1784000592.701204633] [collision_monitor]: Robot to continue normal operation
[INFO] [1784004175.401895324] [rclcpp]: signal_handler(SIGINT/SIGTERM)
[INFO] [1784004175.402690551] [collision_monitor]: Running Nav2 LifecycleNode rcl preshutdown (collision_monitor)
[INFO] [1784004175.407271021] [collision_monitor]: Deactivating
[INFO] [1784004175.407345188] [collision_monitor]: Destroying bond (collision_monitor) to lifecycle manager.
[INFO] [1784004175.481094550] [collision_monitor]: Cleaning up
[INFO] [1784004175.481175124] [collision_monitor]: [FootprintApproach]: Destroying Polygon
[INFO] [1784004175.487732772] [collision_monitor]: [scan]: Destroying Scan
[INFO] [1784004175.664782255] [collision_monitor]: Destroying bond (collision_monitor) to lifecycle manager.
