[INFO] [1785292030.280043938] [collision_monitor]: 
	collision_monitor lifecycle node launched. 
	Waiting on external lifecycle transitions to activate
	See https://design.ros2.org/articles/node_lifecycle.html for more information.
[INFO] [1785292034.190315115] [collision_monitor]: Configuring
[INFO] [1785292034.262927428] [collision_monitor]: [scan]: Creating Scan
[INFO] [1785292034.286806610] [collision_monitor]: [FootprintApproach]: Creating Polygon
[INFO] [1785292034.289138401] [collision_monitor]: [FootprintApproach]: Polygon points are not defined. Using dynamic subscription instead.
[INFO] [1785292034.307869000] [collision_monitor]: [FootprintApproach]: Making footprint subscriber on /local_costmap/published_footprint topic
[INFO] [1785292039.858444809] [collision_monitor]: Activating
[INFO] [1785292039.858520383] [collision_monitor]: Creating bond (collision_monitor) to lifecycle manager.
[INFO] [1785292274.143668770] [collision_monitor]: Robot to approach for 2.300000 seconds away from collision
[INFO] [1785292274.843598667] [collision_monitor]: Robot to continue normal operation
[INFO] [1785292274.944058740] [collision_monitor]: Robot to approach for 2.300000 seconds away from collision
[INFO] [1785292275.407867675] [collision_monitor]: Robot to continue normal operation
[INFO] [1785292275.744094671] [collision_monitor]: Robot to approach for 2.300000 seconds away from collision
[INFO] [1785292275.843698054] [collision_monitor]: Robot to continue normal operation
[INFO] [1785292804.309654452] [collision_monitor]: Robot to approach for 2.300000 seconds away from collision
[INFO] [1785292804.408757497] [collision_monitor]: Robot to continue normal operation
[INFO] [1785292804.814217948] [collision_monitor]: Robot to approach for 2.300000 seconds away from collision
[INFO] [1785292805.445414766] [collision_monitor]: Robot to continue normal operation
[INFO] [1785292806.215006559] [collision_monitor]: Robot to approach for 2.300000 seconds away from collision
[INFO] [1785292806.405697443] [collision_monitor]: Robot to continue normal operation
[INFO] [1785292831.742953263] [collision_monitor]: Robot to approach for 2.300000 seconds away from collision
[INFO] [1785292831.843794651] [collision_monitor]: Robot to continue normal operation
[INFO] [1785292905.714768993] [collision_monitor]: Robot to approach for 2.300000 seconds away from collision
[INFO] [1785292905.806845705] [collision_monitor]: Robot to continue normal operation
[INFO] [1785292905.915614338] [collision_monitor]: Robot to approach for 2.300000 seconds away from collision
[INFO] [1785292906.205935326] [collision_monitor]: Robot to continue normal operation
[INFO] [1785292906.309065855] [collision_monitor]: Robot to approach for 2.300000 seconds away from collision
[INFO] [1785292906.415145178] [collision_monitor]: Robot to continue normal operation
[INFO] [1785292910.314238659] [collision_monitor]: Robot to approach for 2.300000 seconds away from collision
[INFO] [1785292910.504488207] [collision_monitor]: Robot to continue normal operation
[INFO] [1785292944.906244218] [collision_monitor]: Robot to approach for 2.300000 seconds away from collision
[INFO] [1785292945.308742357] [collision_monitor]: Robot to continue normal operation
[INFO] [1785292945.408971464] [collision_monitor]: Robot to approach for 2.300000 seconds away from collision
[INFO] [1785292945.511278137] [collision_monitor]: Robot to continue normal operation
[INFO] [1785292945.908931399] [collision_monitor]: Robot to approach for 2.300000 seconds away from collision
[INFO] [1785292946.143517257] [collision_monitor]: Robot to continue normal operation
[INFO] [1785292946.343566227] [collision_monitor]: Robot to approach for 2.300000 seconds away from collision
[INFO] [1785292946.407341251] [collision_monitor]: Robot to continue normal operation
[INFO] [1785293022.944123761] [collision_monitor]: Robot to approach for 2.300000 seconds away from collision
[INFO] [1785293023.005861552] [collision_monitor]: Robot to continue normal operation
[INFO] [1785293030.213870969] [collision_monitor]: Robot to approach for 2.300000 seconds away from collision
[INFO] [1785293031.243661109] [collision_monitor]: Robot to continue normal operation
[INFO] [1785293031.315352101] [collision_monitor]: Robot to approach for 2.300000 seconds away from collision
[INFO] [1785293031.614209856] [collision_monitor]: Robot to continue normal operation
[INFO] [1785293319.705018953] [collision_monitor]: Robot to approach for 2.300000 seconds away from collision
[INFO] [1785293320.305333088] [collision_monitor]: Robot to continue normal operation
[INFO] [1785293320.406258698] [collision_monitor]: Robot to approach for 2.300000 seconds away from collision
[INFO] [1785293320.514060642] [collision_monitor]: Robot to continue normal operation
[INFO] [1785293320.604847920] [collision_monitor]: Robot to approach for 2.300000 seconds away from collision
[INFO] [1785293320.644525279] [collision_monitor]: Robot to continue normal operation
[INFO] [1785293320.713971945] [collision_monitor]: Robot to approach for 2.300000 seconds away from collision
[INFO] [1785293323.813917641] [collision_monitor]: Robot to continue normal operation
[INFO] [1785293323.904675809] [collision_monitor]: Robot to approach for 2.300000 seconds away from collision
[INFO] [1785293324.014324725] [collision_monitor]: Robot to continue normal operation
[INFO] [1785293324.104586575] [collision_monitor]: Robot to approach for 2.300000 seconds away from collision
[INFO] [1785293324.204718829] [collision_monitor]: Robot to continue normal operation
[INFO] [1785293324.513915565] [collision_monitor]: Robot to approach for 2.300000 seconds away from collision
[INFO] [1785293324.604724640] [collision_monitor]: Robot to continue normal operation
[INFO] [1785293325.004346968] [collision_monitor]: Robot to approach for 2.300000 seconds away from collision
[INFO] [1785293325.144056210] [collision_monitor]: Robot to continue normal operation
[INFO] [1785293325.214094101] [collision_monitor]: Robot to approach for 2.300000 seconds away from collision
[INFO] [1785293325.327720390] [collision_monitor]: Robot to continue normal operation
[INFO] [1785293325.404702910] [collision_monitor]: Robot to approach for 2.300000 seconds away from collision
[INFO] [1785293325.514466901] [collision_monitor]: Robot to continue normal operation
[INFO] [1785293325.714309167] [collision_monitor]: Robot to approach for 2.300000 seconds away from collision
[INFO] [1785293325.745048386] [collision_monitor]: Robot to continue normal operation
[INFO] [1785293325.804971556] [collision_monitor]: Robot to approach for 2.300000 seconds away from collision
[INFO] [1785293326.014273354] [collision_monitor]: Robot to continue normal operation
[INFO] [1785293326.513861972] [collision_monitor]: Robot to approach for 2.300000 seconds away from collision
[INFO] [1785293326.605290365] [collision_monitor]: Robot to continue normal operation
[INFO] [1785293409.515453023] [collision_monitor]: Robot to approach for 2.300000 seconds away from collision
[INFO] [1785293409.543740581] [collision_monitor]: Robot to continue normal operation
[INFO] [1785293410.303798583] [collision_monitor]: Robot to approach for 2.300000 seconds away from collision
[INFO] [1785293410.505212468] [collision_monitor]: Robot to continue normal operation
[INFO] [1785293475.143112927] [collision_monitor]: Robot to approach for 2.300000 seconds away from collision
[INFO] [1785293475.277284121] [collision_monitor]: Robot to continue normal operation
[INFO] [1785294044.951368640] [rclcpp]: signal_handler(SIGINT/SIGTERM)
[INFO] [1785294044.951479770] [collision_monitor]: Running Nav2 LifecycleNode rcl preshutdown (collision_monitor)
[INFO] [1785294044.951572307] [collision_monitor]: Deactivating
[INFO] [1785294044.951603993] [collision_monitor]: Destroying bond (collision_monitor) to lifecycle manager.
[INFO] [1785294045.028701508] [collision_monitor]: Cleaning up
[INFO] [1785294045.028810416] [collision_monitor]: [FootprintApproach]: Destroying Polygon
[INFO] [1785294045.028839083] [collision_monitor]: [scan]: Destroying Scan
[INFO] [1785294045.087291089] [collision_monitor]: Destroying bond (collision_monitor) to lifecycle manager.
