[INFO] [1783134569.820285587] [collision_monitor]: 
	collision_monitor lifecycle node launched. 
	Waiting on external lifecycle transitions to activate
	See https://design.ros2.org/articles/node_lifecycle.html for more information.
[INFO] [1783134573.839985757] [collision_monitor]: Configuring
[INFO] [1783134573.902088753] [collision_monitor]: [scan]: Creating Scan
[INFO] [1783134573.916703909] [collision_monitor]: [FootprintApproach]: Creating Polygon
[INFO] [1783134573.919214719] [collision_monitor]: [FootprintApproach]: Polygon points are not defined. Using dynamic subscription instead.
[INFO] [1783134573.934638305] [collision_monitor]: [FootprintApproach]: Making footprint subscriber on /local_costmap/published_footprint topic
[INFO] [1783134578.057889722] [collision_monitor]: Activating
[INFO] [1783134578.057948389] [collision_monitor]: Creating bond (collision_monitor) to lifecycle manager.
[INFO] [1783134614.864804537] [collision_monitor]: Robot to approach for 2.300000 seconds away from collision
[INFO] [1783134634.923833074] [collision_monitor]: Robot to continue normal operation
[INFO] [1783134635.024090673] [collision_monitor]: Robot to approach for 2.300000 seconds away from collision
[INFO] [1783134655.063778509] [collision_monitor]: Robot to continue normal operation
[INFO] [1783134655.623955626] [collision_monitor]: Robot to approach for 2.300000 seconds away from collision
[INFO] [1783134706.363769831] [collision_monitor]: Robot to continue normal operation
[INFO] [1783134710.824051579] [collision_monitor]: Robot to approach for 2.300000 seconds away from collision
[INFO] [1783134735.524230506] [collision_monitor]: Robot to continue normal operation
[INFO] [1783134756.037140491] [rclcpp]: signal_handler(SIGINT/SIGTERM)
[INFO] [1783134756.037251344] [collision_monitor]: Running Nav2 LifecycleNode rcl preshutdown (collision_monitor)
[INFO] [1783134756.037335548] [collision_monitor]: Deactivating
[INFO] [1783134756.037368215] [collision_monitor]: Destroying bond (collision_monitor) to lifecycle manager.
[INFO] [1783134756.049631820] [collision_monitor]: Cleaning up
[INFO] [1783134756.049719228] [collision_monitor]: [FootprintApproach]: Destroying Polygon
[INFO] [1783134756.049747729] [collision_monitor]: [scan]: Destroying Scan
[INFO] [1783134756.182136414] [collision_monitor]: Destroying bond (collision_monitor) to lifecycle manager.
