[INFO] [1785197784.100358325] [collision_monitor]: 
	collision_monitor lifecycle node launched. 
	Waiting on external lifecycle transitions to activate
	See https://design.ros2.org/articles/node_lifecycle.html for more information.
[INFO] [1785197788.957641806] [collision_monitor]: Configuring
[INFO] [1785197788.996790887] [collision_monitor]: [scan]: Creating Scan
[INFO] [1785197789.008758427] [collision_monitor]: [FootprintApproach]: Creating Polygon
[INFO] [1785197789.009329967] [collision_monitor]: [FootprintApproach]: Polygon points are not defined. Using dynamic subscription instead.
[INFO] [1785197789.017099968] [collision_monitor]: [FootprintApproach]: Making footprint subscriber on /local_costmap/published_footprint topic
[INFO] [1785197794.082556118] [collision_monitor]: Activating
[INFO] [1785197794.082617433] [collision_monitor]: Creating bond (collision_monitor) to lifecycle manager.
[INFO] [1785197924.372247765] [rclcpp]: signal_handler(SIGINT/SIGTERM)
[INFO] [1785197924.372788601] [collision_monitor]: Running Nav2 LifecycleNode rcl preshutdown (collision_monitor)
[INFO] [1785197924.373249214] [collision_monitor]: Deactivating
[INFO] [1785197924.373308455] [collision_monitor]: Destroying bond (collision_monitor) to lifecycle manager.
[WARN] [1785197924.398919599] [LifecyclePublisher]: Trying to publish message on the topic '/cmd_vel', but the publisher is not activated
[INFO] [1785197924.447660116] [collision_monitor]: Cleaning up
[INFO] [1785197924.451561080] [collision_monitor]: [FootprintApproach]: Destroying Polygon
[INFO] [1785197924.452413714] [collision_monitor]: [scan]: Destroying Scan
[INFO] [1785197924.586230796] [collision_monitor]: Destroying bond (collision_monitor) to lifecycle manager.
