[INFO] [1786099168.038801685] [controller_server]: 
	controller_server lifecycle node launched. 
	Waiting on external lifecycle transitions to activate
	See https://design.ros2.org/articles/node_lifecycle.html for more information.
[INFO] [1786099168.069996449] [controller_server]: Creating controller server
[INFO] [1786099168.524729755] [local_costmap.local_costmap]: 
	local_costmap lifecycle node launched. 
	Waiting on external lifecycle transitions to activate
	See https://design.ros2.org/articles/node_lifecycle.html for more information.
[INFO] [1786099168.546763525] [local_costmap.local_costmap]: Creating Costmap
[INFO] [1786099168.830227997] [controller_server]: Configuring controller interface
[INFO] [1786099168.830297220] [controller_server]: getting progress checker plugins..
[INFO] [1786099168.830853371] [controller_server]: getting goal checker plugins..
[INFO] [1786099168.832553695] [controller_server]: Controller frequency set to 10.0000Hz
[INFO] [1786099168.832761492] [local_costmap.local_costmap]: Configuring
[INFO] [1786099168.888970969] [local_costmap.local_costmap]: Using plugin "voxel_layer"
[INFO] [1786099168.938130037] [local_costmap.local_costmap]: Subscribed to Topics: scan
[INFO] [1786099169.015179573] [local_costmap.local_costmap]: Initialized plugin "voxel_layer"
[INFO] [1786099169.015573335] [local_costmap.local_costmap]: Using plugin "inflation_layer"
[INFO] [1786099169.021396459] [local_costmap.local_costmap]: Initialized plugin "inflation_layer"
[INFO] [1786099169.154081618] [controller_server]: Created progress_checker : progress_checker of type nav2_controller::SimpleProgressChecker
[INFO] [1786099169.158554402] [controller_server]: Controller Server has progress_checker  progress checkers available.
[INFO] [1786099169.166980207] [controller_server]: Created goal checker : general_goal_checker of type nav2_controller::SimpleGoalChecker
[INFO] [1786099169.175055808] [controller_server]: Controller Server has general_goal_checker  goal checkers available.
[INFO] [1786099169.193524039] [controller_server]: Created controller : FollowPath of type nav2_mppi_controller::MPPIController
[INFO] [1786099169.235075343] [controller_server]: Controller period is equal to model dt. Control sequence shifting is ON
[INFO] [1786099169.267995691] [controller_server]: ConstraintCritic instantiated with 1 power and 4.000000 weight.
[INFO] [1786099169.269329328] [controller_server]: Critic loaded : mppi::critics::ConstraintCritic
[WARN] [1786099169.281736322] [controller_server]: Inconsistent configuration in collision checking. Please verify the robot's shape settings in both the costmap and the cost critic.
[INFO] [1786099169.283928112] [controller_server]: InflationCostCritic instantiated with 1 power and 300.000000 / 0.031496 weights. Critic will collision check based on circular cost.
[INFO] [1786099169.283977372] [controller_server]: Critic loaded : mppi::critics::CostCritic
[INFO] [1786099169.288745398] [controller_server]: GoalCritic instantiated with 1 power and 5.000000 weight.
[INFO] [1786099169.288842491] [controller_server]: Critic loaded : mppi::critics::GoalCritic
[INFO] [1786099169.293792518] [controller_server]: GoalAngleCritic instantiated with 1 power, 3.000000 weight, 0.500000 angular threshold and symmetric_yaw_tolerance disabled
[INFO] [1786099169.293866519] [controller_server]: Critic loaded : mppi::critics::GoalAngleCritic
[INFO] [1786099169.302029416] [controller_server]: ReferenceTrajectoryCritic instantiated with 1 power and 8.000000 weight
[INFO] [1786099169.302132916] [controller_server]: Critic loaded : mppi::critics::PathAlignCritic
[INFO] [1786099169.306621719] [controller_server]: Critic loaded : mppi::critics::PathFollowCritic
[INFO] [1786099169.316311346] [controller_server]: PathAngleCritic instantiated with 1 power and 2.000000 weight. Mode set to: Forward Preference
[INFO] [1786099169.316414384] [controller_server]: Critic loaded : mppi::critics::PathAngleCritic
[INFO] [1786099169.320501036] [controller_server]: PreferForwardCritic instantiated with 1 power and 3.000000 weight.
[INFO] [1786099169.320999595] [controller_server]: Critic loaded : mppi::critics::PreferForwardCritic
[INFO] [1786099169.324518725] [controller_server]: Optimizer reset
[INFO] [1786099169.364510409] [MPPIController]: Configured MPPI Controller: FollowPath
[INFO] [1786099169.364705539] [controller_server]: Controller Server has FollowPath  controllers available.
[INFO] [1786099171.523303934] [controller_server]: Activating
[INFO] [1786099171.523376046] [local_costmap.local_costmap]: Activating
[INFO] [1786099171.523393805] [local_costmap.local_costmap]: Checking transform
[INFO] [1786099171.523603936] [local_costmap.local_costmap]: start
[WARN] [1786099171.729914241] [controller_server]: Parameter controller_server.verbose not found
[INFO] [1786099171.730182965] [controller_server]: Optimizer reset
[INFO] [1786099171.730769894] [MPPIController]: Activated MPPI Controller: FollowPath
[INFO] [1786099171.730825913] [controller_server]: Creating bond (controller_server) to lifecycle manager.
[INFO] [1786099339.286587199] [controller_server]: Received a goal, begin computing control effort.
[WARN] [1786099339.287964984] [controller_server]: No goal checker was specified in parameter 'current_goal_checker'. Server will use only plugin loaded general_goal_checker . This warning will appear once.
[WARN] [1786099339.288041337] [controller_server]: No progress checker was specified in parameter 'current_progress_checker'. Server will use only plugin loaded progress_checker . This warning will appear once.
[INFO] [1786099340.488477246] [controller_server]: Passing new path to controller.
[INFO] [1786099341.588476216] [controller_server]: Passing new path to controller.
[INFO] [1786099342.688477909] [controller_server]: Passing new path to controller.
[INFO] [1786099343.788481231] [controller_server]: Passing new path to controller.
[INFO] [1786099344.888544554] [controller_server]: Passing new path to controller.
[INFO] [1786099345.988454949] [controller_server]: Passing new path to controller.
[INFO] [1786099347.088478161] [controller_server]: Passing new path to controller.
[INFO] [1786099348.188482075] [controller_server]: Passing new path to controller.
[INFO] [1786099349.288533268] [controller_server]: Passing new path to controller.
[INFO] [1786099350.388662813] [controller_server]: Passing new path to controller.
[INFO] [1786099351.488533931] [controller_server]: Passing new path to controller.
[INFO] [1786099352.689061100] [controller_server]: Passing new path to controller.
[INFO] [1786099353.788476438] [controller_server]: Passing new path to controller.
[INFO] [1786099354.888493982] [controller_server]: Passing new path to controller.
[INFO] [1786099355.988484489] [controller_server]: Passing new path to controller.
[INFO] [1786099357.088480552] [controller_server]: Passing new path to controller.
[INFO] [1786099358.188479893] [controller_server]: Passing new path to controller.
[INFO] [1786099359.288438011] [controller_server]: Passing new path to controller.
[INFO] [1786099360.388450871] [controller_server]: Passing new path to controller.
[INFO] [1786099361.488490119] [controller_server]: Passing new path to controller.
[INFO] [1786099362.588470293] [controller_server]: Passing new path to controller.
[INFO] [1786099363.688476282] [controller_server]: Passing new path to controller.
[INFO] [1786099364.788476919] [controller_server]: Passing new path to controller.
[INFO] [1786099365.888475630] [controller_server]: Passing new path to controller.
[INFO] [1786099366.988484378] [controller_server]: Passing new path to controller.
[INFO] [1786099368.088508459] [controller_server]: Passing new path to controller.
[INFO] [1786099368.331524642] [local_costmap.local_costmap]: Message Filter dropping message: frame 'laser' at time 1786099366.322 for reason 'the timestamp on the message is earlier than all the data in the transform cache'
[INFO] [1786099369.188477837] [controller_server]: Passing new path to controller.
[INFO] [1786099370.289008977] [controller_server]: Passing new path to controller.
[INFO] [1786099371.388616056] [controller_server]: Passing new path to controller.
[INFO] [1786099372.588451870] [controller_server]: Passing new path to controller.
[INFO] [1786099373.688476692] [controller_server]: Passing new path to controller.
[INFO] [1786099374.788477070] [controller_server]: Passing new path to controller.
[INFO] [1786099375.888427503] [controller_server]: Passing new path to controller.
[INFO] [1786099376.988473121] [controller_server]: Passing new path to controller.
[INFO] [1786099378.088470295] [controller_server]: Passing new path to controller.
[INFO] [1786099379.188473969] [controller_server]: Passing new path to controller.
[INFO] [1786099380.288485384] [controller_server]: Passing new path to controller.
[INFO] [1786099381.388502262] [controller_server]: Passing new path to controller.
[INFO] [1786099382.488483602] [controller_server]: Passing new path to controller.
[INFO] [1786099383.588476165] [controller_server]: Passing new path to controller.
[INFO] [1786099384.688472043] [controller_server]: Passing new path to controller.
[INFO] [1786099385.788478643] [controller_server]: Passing new path to controller.
[INFO] [1786099386.888440076] [controller_server]: Passing new path to controller.
[INFO] [1786099387.988460028] [controller_server]: Passing new path to controller.
[INFO] [1786099389.188483750] [controller_server]: Passing new path to controller.
[INFO] [1786099390.288719981] [controller_server]: Passing new path to controller.
[INFO] [1786099391.388453283] [controller_server]: Passing new path to controller.
[INFO] [1786099392.488474457] [controller_server]: Passing new path to controller.
[INFO] [1786099393.488474546] [controller_server]: Passing new path to controller.
[INFO] [1786099394.688476638] [controller_server]: Passing new path to controller.
[INFO] [1786099395.788490868] [controller_server]: Passing new path to controller.
[INFO] [1786099396.888490024] [controller_server]: Passing new path to controller.
[INFO] [1786099397.988431105] [controller_server]: Passing new path to controller.
[INFO] [1786099399.088470168] [controller_server]: Passing new path to controller.
[INFO] [1786099400.188478175] [controller_server]: Passing new path to controller.
[INFO] [1786099401.288487164] [controller_server]: Passing new path to controller.
[INFO] [1786099402.388475042] [controller_server]: Passing new path to controller.
[INFO] [1786099403.488496494] [controller_server]: Passing new path to controller.
[INFO] [1786099404.588668983] [controller_server]: Passing new path to controller.
[INFO] [1786099405.688479693] [controller_server]: Passing new path to controller.
[INFO] [1786099406.788482312] [controller_server]: Passing new path to controller.
[INFO] [1786099407.888483319] [controller_server]: Passing new path to controller.
[INFO] [1786099408.988516197] [controller_server]: Passing new path to controller.
[INFO] [1786099410.088482334] [controller_server]: Passing new path to controller.
[INFO] [1786099411.188532730] [controller_server]: Passing new path to controller.
[INFO] [1786099412.288437848] [controller_server]: Passing new path to controller.
[INFO] [1786099413.388478023] [controller_server]: Passing new path to controller.
[INFO] [1786099414.488439530] [controller_server]: Passing new path to controller.
[INFO] [1786099415.588494074] [controller_server]: Passing new path to controller.
[INFO] [1786099416.688468211] [controller_server]: Passing new path to controller.
[INFO] [1786099417.788430755] [controller_server]: Passing new path to controller.
[INFO] [1786099418.888473707] [controller_server]: Passing new path to controller.
[INFO] [1786099419.988479270] [controller_server]: Passing new path to controller.
[INFO] [1786099421.088479815] [controller_server]: Passing new path to controller.
[INFO] [1786099422.188430655] [controller_server]: Passing new path to controller.
[INFO] [1786099423.288482903] [controller_server]: Passing new path to controller.
[INFO] [1786099424.388481689] [controller_server]: Passing new path to controller.
[INFO] [1786099425.488483585] [controller_server]: Passing new path to controller.
[INFO] [1786099426.588477444] [controller_server]: Passing new path to controller.
[INFO] [1786099427.688488025] [controller_server]: Passing new path to controller.
[INFO] [1786099428.888489988] [controller_server]: Passing new path to controller.
[INFO] [1786099429.988428051] [controller_server]: Passing new path to controller.
[INFO] [1786099431.088479114] [controller_server]: Passing new path to controller.
[INFO] [1786099432.188482251] [controller_server]: Passing new path to controller.
[INFO] [1786099433.288434350] [controller_server]: Passing new path to controller.
[INFO] [1786099434.388427080] [controller_server]: Passing new path to controller.
[INFO] [1786099435.488477625] [controller_server]: Passing new path to controller.
[INFO] [1786099436.588468410] [controller_server]: Passing new path to controller.
[INFO] [1786099437.688485084] [controller_server]: Passing new path to controller.
[INFO] [1786099438.788491184] [controller_server]: Passing new path to controller.
[INFO] [1786099439.888435524] [controller_server]: Passing new path to controller.
[INFO] [1786099440.988486180] [controller_server]: Passing new path to controller.
[INFO] [1786099441.988476195] [controller_server]: Passing new path to controller.
[INFO] [1786099443.088572073] [controller_server]: Passing new path to controller.
[INFO] [1786099444.188477969] [controller_server]: Passing new path to controller.
[INFO] [1786099445.288484884] [controller_server]: Passing new path to controller.
[INFO] [1786099446.388525465] [controller_server]: Passing new path to controller.
[INFO] [1786099447.488485824] [controller_server]: Passing new path to controller.
[INFO] [1786099448.588473591] [controller_server]: Passing new path to controller.
[INFO] [1786099449.688432098] [controller_server]: Passing new path to controller.
[INFO] [1786099450.788484902] [controller_server]: Passing new path to controller.
[INFO] [1786099451.888477835] [controller_server]: Passing new path to controller.
[INFO] [1786099452.988474713] [controller_server]: Passing new path to controller.
[INFO] [1786099454.088473979] [controller_server]: Passing new path to controller.
[INFO] [1786099455.188437820] [controller_server]: Passing new path to controller.
[INFO] [1786099456.288485939] [controller_server]: Passing new path to controller.
[INFO] [1786099457.388479168] [controller_server]: Passing new path to controller.
[INFO] [1786099458.488499065] [controller_server]: Passing new path to controller.
[INFO] [1786099459.588486127] [controller_server]: Passing new path to controller.
[INFO] [1786099460.688482709] [controller_server]: Passing new path to controller.
[INFO] [1786099461.788490957] [controller_server]: Passing new path to controller.
[INFO] [1786099462.788473139] [controller_server]: Passing new path to controller.
[INFO] [1786099463.888692425] [controller_server]: Passing new path to controller.
[INFO] [1786099465.088535053] [controller_server]: Passing new path to controller.
[INFO] [1786099466.188428004] [controller_server]: Passing new path to controller.
[INFO] [1786099467.188495575] [controller_server]: Passing new path to controller.
[INFO] [1786099468.388432241] [controller_server]: Passing new path to controller.
[INFO] [1786099469.388479590] [controller_server]: Passing new path to controller.
[INFO] [1786099470.488475412] [controller_server]: Passing new path to controller.
[INFO] [1786099471.588488975] [controller_server]: Passing new path to controller.
[INFO] [1786099472.688480982] [controller_server]: Passing new path to controller.
[INFO] [1786099473.788428545] [controller_server]: Passing new path to controller.
[INFO] [1786099474.888478960] [controller_server]: Passing new path to controller.
[INFO] [1786099475.988472301] [controller_server]: Passing new path to controller.
[INFO] [1786099477.088479938] [controller_server]: Passing new path to controller.
[INFO] [1786099478.188445000] [controller_server]: Passing new path to controller.
[INFO] [1786099479.288477527] [controller_server]: Passing new path to controller.
[INFO] [1786099480.388482404] [controller_server]: Passing new path to controller.
[INFO] [1786099481.388528920] [controller_server]: Passing new path to controller.
[INFO] [1786099482.488477093] [controller_server]: Passing new path to controller.
[INFO] [1786099483.588471434] [controller_server]: Passing new path to controller.
[INFO] [1786099484.688519682] [controller_server]: Passing new path to controller.
[INFO] [1786099485.788504504] [controller_server]: Passing new path to controller.
[INFO] [1786099486.888481845] [controller_server]: Passing new path to controller.
[INFO] [1786099487.988477223] [controller_server]: Passing new path to controller.
[INFO] [1786099489.188479722] [controller_server]: Passing new path to controller.
[INFO] [1786099490.288471211] [controller_server]: Passing new path to controller.
[INFO] [1786099491.388476626] [controller_server]: Passing new path to controller.
[INFO] [1786099492.388511271] [controller_server]: Passing new path to controller.
[INFO] [1786099493.488482389] [controller_server]: Passing new path to controller.
[INFO] [1786099494.588472526] [controller_server]: Passing new path to controller.
[INFO] [1786099495.190542935] [controller_server]: Reached the goal!
[INFO] [1786099495.191616886] [controller_server]: Optimizer reset
[INFO] [1786099543.851179909] [controller_server]: Received a goal, begin computing control effort.
[INFO] [1786099545.051798708] [controller_server]: Passing new path to controller.
[INFO] [1786099546.151760530] [controller_server]: Passing new path to controller.
[INFO] [1786099547.251764445] [controller_server]: Passing new path to controller.
[INFO] [1786099548.351766193] [controller_server]: Passing new path to controller.
[INFO] [1786099549.451765978] [controller_server]: Passing new path to controller.
[INFO] [1786099550.551751930] [controller_server]: Passing new path to controller.
[INFO] [1786099551.651780733] [controller_server]: Passing new path to controller.
[INFO] [1786099552.751890223] [controller_server]: Passing new path to controller.
[INFO] [1786099553.951913241] [controller_server]: Passing new path to controller.
[INFO] [1786099555.051773970] [controller_server]: Passing new path to controller.
[INFO] [1786099556.151759977] [controller_server]: Passing new path to controller.
[INFO] [1786099557.252158764] [controller_server]: Passing new path to controller.
[INFO] [1786099558.351759510] [controller_server]: Passing new path to controller.
[INFO] [1786099559.452075427] [controller_server]: Passing new path to controller.
[INFO] [1786099560.551768599] [controller_server]: Passing new path to controller.
[INFO] [1786099561.651870977] [controller_server]: Passing new path to controller.
[INFO] [1786099562.751764651] [controller_server]: Passing new path to controller.
[INFO] [1786099563.851734306] [controller_server]: Passing new path to controller.
[INFO] [1786099564.951758591] [controller_server]: Passing new path to controller.
[INFO] [1786099566.051758951] [controller_server]: Passing new path to controller.
[INFO] [1786099567.151785310] [controller_server]: Passing new path to controller.
[INFO] [1786099568.251761336] [controller_server]: Passing new path to controller.
[INFO] [1786099569.351757362] [controller_server]: Passing new path to controller.
[INFO] [1786099570.451882666] [controller_server]: Passing new path to controller.
[INFO] [1786099571.551765506] [controller_server]: Passing new path to controller.
[INFO] [1786099572.651723106] [controller_server]: Passing new path to controller.
[INFO] [1786099573.751722743] [controller_server]: Passing new path to controller.
[INFO] [1786099574.851736713] [controller_server]: Passing new path to controller.
[INFO] [1786099575.951837851] [controller_server]: Passing new path to controller.
[INFO] [1786099577.151764720] [controller_server]: Passing new path to controller.
[INFO] [1786099578.151730179] [controller_server]: Passing new path to controller.
[INFO] [1786099579.251756613] [controller_server]: Passing new path to controller.
[INFO] [1786099580.451767872] [controller_server]: Passing new path to controller.
[INFO] [1786099581.451920962] [controller_server]: Passing new path to controller.
[INFO] [1786099582.551762153] [controller_server]: Passing new path to controller.
[INFO] [1786099583.651755994] [controller_server]: Passing new path to controller.
[INFO] [1786099584.751762927] [controller_server]: Passing new path to controller.
[INFO] [1786099585.851720268] [controller_server]: Passing new path to controller.
[INFO] [1786099586.951816924] [controller_server]: Passing new path to controller.
[INFO] [1786099588.051774931] [controller_server]: Passing new path to controller.
[INFO] [1786099589.151755605] [controller_server]: Passing new path to controller.
[INFO] [1786099590.351725771] [controller_server]: Passing new path to controller.
[INFO] [1786099591.451980317] [controller_server]: Passing new path to controller.
[INFO] [1786099592.551776249] [controller_server]: Passing new path to controller.
[INFO] [1786099593.651725237] [controller_server]: Passing new path to controller.
[INFO] [1786099594.751766856] [controller_server]: Passing new path to controller.
[INFO] [1786099595.851731011] [controller_server]: Passing new path to controller.
[INFO] [1786099596.951779519] [controller_server]: Passing new path to controller.
[INFO] [1786099598.051757915] [controller_server]: Passing new path to controller.
[INFO] [1786099599.151759163] [controller_server]: Passing new path to controller.
[INFO] [1786099600.251729374] [controller_server]: Passing new path to controller.
[INFO] [1786099601.351742789] [controller_server]: Passing new path to controller.
[INFO] [1786099602.451742648] [controller_server]: Passing new path to controller.
[INFO] [1786099603.551727507] [controller_server]: Passing new path to controller.
[INFO] [1786099604.651779052] [controller_server]: Passing new path to controller.
[INFO] [1786099605.751770818] [controller_server]: Passing new path to controller.
[INFO] [1786099606.851767826] [controller_server]: Passing new path to controller.
[INFO] [1786099607.951785111] [controller_server]: Passing new path to controller.
[INFO] [1786099609.051729525] [controller_server]: Passing new path to controller.
[INFO] [1786099610.151753718] [controller_server]: Passing new path to controller.
[INFO] [1786099611.251758800] [controller_server]: Passing new path to controller.
[INFO] [1786099612.351775548] [controller_server]: Passing new path to controller.
[INFO] [1786099613.451757999] [controller_server]: Passing new path to controller.
[INFO] [1786099614.551764173] [controller_server]: Passing new path to controller.
[INFO] [1786099615.751757673] [controller_server]: Passing new path to controller.
[INFO] [1786099616.751756336] [controller_server]: Passing new path to controller.
[INFO] [1786099617.851767844] [controller_server]: Passing new path to controller.
[INFO] [1786099618.951709240] [controller_server]: Passing new path to controller.
[INFO] [1786099620.051764006] [controller_server]: Passing new path to controller.
[INFO] [1786099621.151820959] [controller_server]: Passing new path to controller.
[INFO] [1786099622.251855818] [controller_server]: Passing new path to controller.
[INFO] [1786099623.351855992] [controller_server]: Passing new path to controller.
[INFO] [1786099624.451957778] [controller_server]: Passing new path to controller.
[INFO] [1786099625.551797469] [controller_server]: Passing new path to controller.
[INFO] [1786099626.651759551] [controller_server]: Passing new path to controller.
[INFO] [1786099627.751945392] [controller_server]: Passing new path to controller.
[INFO] [1786099628.851728510] [controller_server]: Passing new path to controller.
[INFO] [1786099629.951758313] [controller_server]: Passing new path to controller.
[INFO] [1786099631.051757135] [controller_server]: Passing new path to controller.
[INFO] [1786099632.151756458] [controller_server]: Passing new path to controller.
[INFO] [1786099633.251781335] [controller_server]: Passing new path to controller.
[INFO] [1786099634.351756065] [controller_server]: Passing new path to controller.
[INFO] [1786099635.451782091] [controller_server]: Passing new path to controller.
[INFO] [1786099636.551754265] [controller_server]: Passing new path to controller.
[INFO] [1786099637.651755365] [controller_server]: Passing new path to controller.
[INFO] [1786099638.751755594] [controller_server]: Passing new path to controller.
[INFO] [1786099639.852477087] [controller_server]: Passing new path to controller.
[INFO] [1786099640.951729627] [controller_server]: Passing new path to controller.
[INFO] [1786099642.051769931] [controller_server]: Passing new path to controller.
[INFO] [1786099643.151806865] [controller_server]: Passing new path to controller.
[INFO] [1786099644.251760353] [controller_server]: Passing new path to controller.
[INFO] [1786099645.351734675] [controller_server]: Passing new path to controller.
[INFO] [1786099646.451767961] [controller_server]: Passing new path to controller.
[INFO] [1786099647.551773598] [controller_server]: Passing new path to controller.
[INFO] [1786099648.651769012] [controller_server]: Passing new path to controller.
[INFO] [1786099649.751816242] [controller_server]: Passing new path to controller.
[INFO] [1786099650.851757453] [controller_server]: Passing new path to controller.
[INFO] [1786099651.951767645] [controller_server]: Passing new path to controller.
[INFO] [1786099653.051718615] [controller_server]: Passing new path to controller.
[INFO] [1786099654.251761004] [controller_server]: Passing new path to controller.
[INFO] [1786099655.251755519] [controller_server]: Passing new path to controller.
[INFO] [1786099656.451785852] [controller_server]: Passing new path to controller.
[INFO] [1786099657.551805064] [controller_server]: Passing new path to controller.
[INFO] [1786099658.651985868] [controller_server]: Passing new path to controller.
[INFO] [1786099659.751761282] [controller_server]: Passing new path to controller.
[INFO] [1786099660.851752863] [controller_server]: Passing new path to controller.
[INFO] [1786099661.951753722] [controller_server]: Passing new path to controller.
[INFO] [1786099663.051756063] [controller_server]: Passing new path to controller.
[INFO] [1786099664.151718089] [controller_server]: Passing new path to controller.
[INFO] [1786099665.251756059] [controller_server]: Passing new path to controller.
[INFO] [1786099666.251773574] [controller_server]: Passing new path to controller.
[INFO] [1786099667.351733600] [controller_server]: Passing new path to controller.
[INFO] [1786099668.451729848] [controller_server]: Passing new path to controller.
[INFO] [1786099669.551786115] [controller_server]: Passing new path to controller.
[INFO] [1786099670.751758207] [controller_server]: Passing new path to controller.
[INFO] [1786099671.751768074] [controller_server]: Passing new path to controller.
[INFO] [1786099672.951756203] [controller_server]: Passing new path to controller.
[INFO] [1786099674.051759340] [controller_server]: Passing new path to controller.
[INFO] [1786099675.051763837] [controller_server]: Passing new path to controller.
[INFO] [1786099676.151722881] [controller_server]: Passing new path to controller.
[INFO] [1786099677.251758407] [controller_server]: Passing new path to controller.
[INFO] [1786099678.451773092] [controller_server]: Passing new path to controller.
[INFO] [1786099679.551763692] [controller_server]: Passing new path to controller.
[INFO] [1786099680.651773569] [controller_server]: Passing new path to controller.
[INFO] [1786099681.751741373] [controller_server]: Passing new path to controller.
[INFO] [1786099682.851761343] [controller_server]: Passing new path to controller.
[INFO] [1786099683.851774877] [controller_server]: Passing new path to controller.
[INFO] [1786099684.951756792] [controller_server]: Passing new path to controller.
[INFO] [1786099686.051760169] [controller_server]: Passing new path to controller.
[INFO] [1786099687.151712047] [controller_server]: Passing new path to controller.
[INFO] [1786099688.251760684] [controller_server]: Passing new path to controller.
[INFO] [1786099689.351762099] [controller_server]: Passing new path to controller.
[INFO] [1786099690.451825144] [controller_server]: Passing new path to controller.
[INFO] [1786099691.551754058] [controller_server]: Passing new path to controller.
[INFO] [1786099692.552034075] [controller_server]: Passing new path to controller.
[INFO] [1786099693.651763488] [controller_server]: Passing new path to controller.
[INFO] [1786099694.751757977] [controller_server]: Passing new path to controller.
[INFO] [1786099695.851734817] [controller_server]: Passing new path to controller.
[INFO] [1786099696.951915992] [controller_server]: Passing new path to controller.
[INFO] [1786099698.051760388] [controller_server]: Passing new path to controller.
[INFO] [1786099699.151763432] [controller_server]: Passing new path to controller.
[INFO] [1786099700.251782013] [controller_server]: Passing new path to controller.
[INFO] [1786099701.351756947] [controller_server]: Passing new path to controller.
[INFO] [1786099702.451775547] [controller_server]: Passing new path to controller.
[INFO] [1786099703.551715220] [controller_server]: Passing new path to controller.
[INFO] [1786099704.651758672] [controller_server]: Passing new path to controller.
[INFO] [1786099705.751755550] [controller_server]: Passing new path to controller.
[INFO] [1786099706.851760113] [controller_server]: Passing new path to controller.
[INFO] [1786099707.851760054] [controller_server]: Passing new path to controller.
[INFO] [1786099708.951760302] [controller_server]: Passing new path to controller.
[INFO] [1786099710.051770791] [controller_server]: Passing new path to controller.
[INFO] [1786099711.151762150] [controller_server]: Passing new path to controller.
[INFO] [1786099712.251756694] [controller_server]: Passing new path to controller.
[INFO] [1786099713.351759517] [controller_server]: Passing new path to controller.
[INFO] [1786099714.451893191] [controller_server]: Passing new path to controller.
[INFO] [1786099715.451765595] [controller_server]: Passing new path to controller.
[INFO] [1786099715.853863538] [controller_server]: Reached the goal!
[INFO] [1786099715.854884136] [controller_server]: Optimizer reset
[INFO] [1786100513.788996525] [controller_server]: Received a goal, begin computing control effort.
[INFO] [1786100514.989376950] [controller_server]: Passing new path to controller.
[INFO] [1786100515.989377102] [controller_server]: Passing new path to controller.
[INFO] [1786100517.189374785] [controller_server]: Passing new path to controller.
[INFO] [1786100518.289341545] [controller_server]: Passing new path to controller.
[INFO] [1786100519.389811233] [controller_server]: Passing new path to controller.
[INFO] [1786100520.489376769] [controller_server]: Passing new path to controller.
[INFO] [1786100521.589336603] [controller_server]: Passing new path to controller.
[INFO] [1786100522.689406771] [controller_server]: Passing new path to controller.
[INFO] [1786100523.789340771] [controller_server]: Passing new path to controller.
[INFO] [1786100524.889377994] [controller_server]: Passing new path to controller.
[INFO] [1786100525.989374440] [controller_server]: Passing new path to controller.
[INFO] [1786100527.089380904] [controller_server]: Passing new path to controller.
[INFO] [1786100528.189343108] [controller_server]: Passing new path to controller.
[INFO] [1786100529.289384368] [controller_server]: Passing new path to controller.
[INFO] [1786100530.489388125] [controller_server]: Passing new path to controller.
[INFO] [1786100531.589395867] [controller_server]: Passing new path to controller.
[INFO] [1786100532.689376590] [controller_server]: Passing new path to controller.
[INFO] [1786100533.789403868] [controller_server]: Passing new path to controller.
[INFO] [1786100534.789381095] [controller_server]: Passing new path to controller.
[INFO] [1786100535.989380481] [controller_server]: Passing new path to controller.
[INFO] [1786100537.089383019] [controller_server]: Passing new path to controller.
[INFO] [1786100538.189379927] [controller_server]: Passing new path to controller.
[INFO] [1786100539.289388391] [controller_server]: Passing new path to controller.
[INFO] [1786100540.389383818] [controller_server]: Passing new path to controller.
[INFO] [1786100541.489381819] [controller_server]: Passing new path to controller.
[INFO] [1786100542.589396227] [controller_server]: Passing new path to controller.
[INFO] [1786100543.689378080] [controller_server]: Passing new path to controller.
[INFO] [1786100544.789426599] [controller_server]: Passing new path to controller.
[INFO] [1786100545.889382211] [controller_server]: Passing new path to controller.
[INFO] [1786100546.989342489] [controller_server]: Passing new path to controller.
[INFO] [1786100548.089339749] [controller_server]: Passing new path to controller.
[INFO] [1786100549.289378599] [controller_server]: Passing new path to controller.
[INFO] [1786100550.289387029] [controller_server]: Passing new path to controller.
[INFO] [1786100551.389385993] [controller_server]: Passing new path to controller.
[INFO] [1786100552.489380512] [controller_server]: Passing new path to controller.
[INFO] [1786100553.589393050] [controller_server]: Passing new path to controller.
[INFO] [1786100554.789375066] [controller_server]: Passing new path to controller.
[INFO] [1786100555.789374107] [controller_server]: Passing new path to controller.
[INFO] [1786100556.989334327] [controller_server]: Passing new path to controller.
[INFO] [1786100557.989383109] [controller_server]: Passing new path to controller.
[INFO] [1786100559.189377403] [controller_server]: Passing new path to controller.
[INFO] [1786100560.289378441] [controller_server]: Passing new path to controller.
[INFO] [1786100561.389377923] [controller_server]: Passing new path to controller.
[INFO] [1786100562.489342516] [controller_server]: Passing new path to controller.
[INFO] [1786100563.589381184] [controller_server]: Passing new path to controller.
[INFO] [1786100564.689391111] [controller_server]: Passing new path to controller.
[INFO] [1786100565.789382427] [controller_server]: Passing new path to controller.
[INFO] [1786100566.889345575] [controller_server]: Passing new path to controller.
[INFO] [1786100567.989375891] [controller_server]: Passing new path to controller.
[INFO] [1786100569.089426596] [controller_server]: Passing new path to controller.
[INFO] [1786100570.189385226] [controller_server]: Passing new path to controller.
[INFO] [1786100571.289372134] [controller_server]: Passing new path to controller.
[INFO] [1786100572.389345820] [controller_server]: Passing new path to controller.
[INFO] [1786100573.489378618] [controller_server]: Passing new path to controller.
[INFO] [1786100574.589373989] [controller_server]: Passing new path to controller.
[INFO] [1786100575.789375135] [controller_server]: Passing new path to controller.
[INFO] [1786100576.889345617] [controller_server]: Passing new path to controller.
[INFO] [1786100577.989391988] [controller_server]: Passing new path to controller.
[INFO] [1786100579.089382526] [controller_server]: Passing new path to controller.
[INFO] [1786100580.189381027] [controller_server]: Passing new path to controller.
[INFO] [1786100581.289372139] [controller_server]: Passing new path to controller.
[INFO] [1786100582.389336491] [controller_server]: Passing new path to controller.
[INFO] [1786100583.489380974] [controller_server]: Passing new path to controller.
[INFO] [1786100584.589390753] [controller_server]: Passing new path to controller.
[INFO] [1786100585.689333623] [controller_server]: Passing new path to controller.
[INFO] [1786100586.689377443] [controller_server]: Passing new path to controller.
[INFO] [1786100587.889458626] [controller_server]: Passing new path to controller.
[INFO] [1786100588.989389200] [controller_server]: Passing new path to controller.
[INFO] [1786100590.089449516] [controller_server]: Passing new path to controller.
[INFO] [1786100591.189380461] [controller_server]: Passing new path to controller.
[INFO] [1786100592.289343962] [controller_server]: Passing new path to controller.
[INFO] [1786100593.389411537] [controller_server]: Passing new path to controller.
[INFO] [1786100594.489409427] [controller_server]: Passing new path to controller.
[INFO] [1786100595.589336316] [controller_server]: Passing new path to controller.
[INFO] [1786100596.689385077] [controller_server]: Passing new path to controller.
[INFO] [1786100597.789357522] [controller_server]: Passing new path to controller.
[INFO] [1786100598.889376097] [controller_server]: Passing new path to controller.
[INFO] [1786100599.989374098] [controller_server]: Passing new path to controller.
[INFO] [1786100601.089329802] [controller_server]: Passing new path to controller.
[INFO] [1786100602.189388377] [controller_server]: Passing new path to controller.
[INFO] [1786100603.289333563] [controller_server]: Passing new path to controller.
[INFO] [1786100604.389382231] [controller_server]: Passing new path to controller.
[INFO] [1786100605.589375228] [controller_server]: Passing new path to controller.
[INFO] [1786100606.689465063] [controller_server]: Passing new path to controller.
[INFO] [1786100607.789381526] [controller_server]: Passing new path to controller.
[INFO] [1786100608.789343308] [controller_server]: Passing new path to controller.
[INFO] [1786100609.889375013] [controller_server]: Passing new path to controller.
[INFO] [1786100610.989373458] [controller_server]: Passing new path to controller.
[INFO] [1786100612.089570663] [controller_server]: Passing new path to controller.
[INFO] [1786100613.189378589] [controller_server]: Passing new path to controller.
[INFO] [1786100614.289334275] [controller_server]: Passing new path to controller.
[INFO] [1786100615.389390350] [controller_server]: Passing new path to controller.
[INFO] [1786100616.589380329] [controller_server]: Passing new path to controller.
[INFO] [1786100617.689385997] [controller_server]: Passing new path to controller.
[INFO] [1786100618.789379090] [controller_server]: Passing new path to controller.
[INFO] [1786100619.889379165] [controller_server]: Passing new path to controller.
[INFO] [1786100620.989378407] [controller_server]: Passing new path to controller.
[INFO] [1786100622.089375463] [controller_server]: Passing new path to controller.
[INFO] [1786100623.189375556] [controller_server]: Passing new path to controller.
[INFO] [1786100624.289392780] [controller_server]: Passing new path to controller.
[INFO] [1786100625.389377077] [controller_server]: Passing new path to controller.
[INFO] [1786100626.489346411] [controller_server]: Passing new path to controller.
[INFO] [1786100627.589378671] [controller_server]: Passing new path to controller.
[INFO] [1786100628.689386005] [controller_server]: Passing new path to controller.
[INFO] [1786100629.789379080] [controller_server]: Passing new path to controller.
[INFO] [1786100630.889380192] [controller_server]: Passing new path to controller.
[INFO] [1786100631.989376730] [controller_server]: Passing new path to controller.
[INFO] [1786100633.089342490] [controller_server]: Passing new path to controller.
[INFO] [1786100634.189359880] [controller_server]: Passing new path to controller.
[INFO] [1786100635.189417921] [controller_server]: Passing new path to controller.
[INFO] [1786100636.289378422] [controller_server]: Passing new path to controller.
[INFO] [1786100637.389380608] [controller_server]: Passing new path to controller.
[INFO] [1786100638.489386498] [controller_server]: Passing new path to controller.
[INFO] [1786100639.589380276] [controller_server]: Passing new path to controller.
[INFO] [1786100640.789364940] [controller_server]: Passing new path to controller.
[INFO] [1786100641.889387626] [controller_server]: Passing new path to controller.
[INFO] [1786100642.989387387] [controller_server]: Passing new path to controller.
[INFO] [1786100644.089417943] [controller_server]: Passing new path to controller.
[INFO] [1786100645.189386981] [controller_server]: Passing new path to controller.
[INFO] [1786100646.289334481] [controller_server]: Passing new path to controller.
[INFO] [1786100647.389334797] [controller_server]: Passing new path to controller.
[INFO] [1786100648.389372672] [controller_server]: Passing new path to controller.
[INFO] [1786100649.489391228] [controller_server]: Passing new path to controller.
[INFO] [1786100650.589427896] [controller_server]: Passing new path to controller.
[INFO] [1786100651.689390434] [controller_server]: Passing new path to controller.
[INFO] [1786100652.789375842] [controller_server]: Passing new path to controller.
[INFO] [1786100653.889378287] [controller_server]: Passing new path to controller.
[INFO] [1786100654.989375843] [controller_server]: Passing new path to controller.
[INFO] [1786100656.089401456] [controller_server]: Passing new path to controller.
[INFO] [1786100657.189421253] [controller_server]: Passing new path to controller.
[INFO] [1786100658.289375327] [controller_server]: Passing new path to controller.
[INFO] [1786100659.389385291] [controller_server]: Passing new path to controller.
[INFO] [1786100660.489341273] [controller_server]: Passing new path to controller.
[INFO] [1786100661.589336774] [controller_server]: Passing new path to controller.
[INFO] [1786100662.689383886] [controller_server]: Passing new path to controller.
[INFO] [1786100663.789386110] [controller_server]: Passing new path to controller.
[INFO] [1786100664.889333481] [controller_server]: Passing new path to controller.
[INFO] [1786100665.989381167] [controller_server]: Passing new path to controller.
[INFO] [1786100666.989375541] [controller_server]: Passing new path to controller.
[INFO] [1786100668.089481265] [controller_server]: Passing new path to controller.
[INFO] [1786100669.189409562] [controller_server]: Passing new path to controller.
[INFO] [1786100670.389386078] [controller_server]: Passing new path to controller.
[INFO] [1786100671.489383023] [controller_server]: Passing new path to controller.
[INFO] [1786100672.589390727] [controller_server]: Passing new path to controller.
[INFO] [1786100673.589333287] [controller_server]: Passing new path to controller.
[INFO] [1786100674.789698082] [controller_server]: Passing new path to controller.
[INFO] [1786100675.889377045] [controller_server]: Passing new path to controller.
[INFO] [1786100676.889641661] [controller_server]: Passing new path to controller.
[INFO] [1786100677.989371790] [controller_server]: Passing new path to controller.
[INFO] [1786100679.089395588] [controller_server]: Passing new path to controller.
[INFO] [1786100680.189383237] [controller_server]: Passing new path to controller.
[INFO] [1786100681.289932185] [controller_server]: Passing new path to controller.
[INFO] [1786100682.489376716] [controller_server]: Passing new path to controller.
[INFO] [1786100683.589340384] [controller_server]: Passing new path to controller.
[INFO] [1786100684.689419367] [controller_server]: Passing new path to controller.
[INFO] [1786100685.789330922] [controller_server]: Passing new path to controller.
[INFO] [1786100686.789377853] [controller_server]: Passing new path to controller.
[INFO] [1786100687.889381076] [controller_server]: Passing new path to controller.
[INFO] [1786100688.989381225] [controller_server]: Passing new path to controller.
[INFO] [1786100690.089461189] [controller_server]: Passing new path to controller.
[INFO] [1786100691.191523515] [controller_server]: Passing new path to controller.
[INFO] [1786100692.289381301] [controller_server]: Passing new path to controller.
[INFO] [1786100692.292410890] [controller_server]: Reached the goal!
[INFO] [1786100692.292845985] [controller_server]: Optimizer reset
[INFO] [1786100804.118924468] [controller_server]: Received a goal, begin computing control effort.
[INFO] [1786100805.319493579] [controller_server]: Passing new path to controller.
[INFO] [1786100806.419531377] [controller_server]: Passing new path to controller.
[INFO] [1786100807.519511822] [controller_server]: Passing new path to controller.
[INFO] [1786100808.619520045] [controller_server]: Passing new path to controller.
[INFO] [1786100809.719521361] [controller_server]: Passing new path to controller.
[INFO] [1786100810.719521624] [controller_server]: Passing new path to controller.
[INFO] [1786100811.819525199] [controller_server]: Passing new path to controller.
[INFO] [1786100812.919526959] [controller_server]: Passing new path to controller.
[INFO] [1786100814.119525086] [controller_server]: Passing new path to controller.
[INFO] [1786100815.219523383] [controller_server]: Passing new path to controller.
[INFO] [1786100816.319695644] [controller_server]: Passing new path to controller.
[INFO] [1786100817.419492848] [controller_server]: Passing new path to controller.
[INFO] [1786100818.519800665] [controller_server]: Passing new path to controller.
[INFO] [1786100819.619522091] [controller_server]: Passing new path to controller.
[INFO] [1786100820.719625721] [controller_server]: Passing new path to controller.
[INFO] [1786100821.819519629] [controller_server]: Passing new path to controller.
[INFO] [1786100822.919592519] [controller_server]: Passing new path to controller.
[INFO] [1786100824.019612409] [controller_server]: Passing new path to controller.
[INFO] [1786100825.219530888] [controller_server]: Passing new path to controller.
[INFO] [1786100826.319521500] [controller_server]: Passing new path to controller.
[INFO] [1786100827.419526704] [controller_server]: Passing new path to controller.
[INFO] [1786100828.519554187] [controller_server]: Passing new path to controller.
[INFO] [1786100829.519611395] [controller_server]: Passing new path to controller.
[INFO] [1786100830.619520871] [controller_server]: Passing new path to controller.
[INFO] [1786100831.719533507] [controller_server]: Passing new path to controller.
[INFO] [1786100832.919528292] [controller_server]: Passing new path to controller.
[INFO] [1786100834.020502619] [controller_server]: Passing new path to controller.
[INFO] [1786100835.119544362] [controller_server]: Passing new path to controller.
[INFO] [1786100836.219525313] [controller_server]: Passing new path to controller.
[INFO] [1786100837.319522283] [controller_server]: Passing new path to controller.
[INFO] [1786100838.419482827] [controller_server]: Passing new path to controller.
[INFO] [1786100839.519522001] [controller_server]: Passing new path to controller.
[INFO] [1786100840.619530952] [controller_server]: Passing new path to controller.
[INFO] [1786100841.719523144] [controller_server]: Passing new path to controller.
[INFO] [1786100842.819525114] [controller_server]: Passing new path to controller.
[INFO] [1786100843.919524973] [controller_server]: Passing new path to controller.
[INFO] [1786100845.019508128] [controller_server]: Passing new path to controller.
[INFO] [1786100846.119488061] [controller_server]: Passing new path to controller.
[INFO] [1786100847.219486197] [controller_server]: Passing new path to controller.
[INFO] [1786100848.319536704] [controller_server]: Passing new path to controller.
[INFO] [1786100849.419526730] [controller_server]: Passing new path to controller.
[INFO] [1786100850.519935739] [controller_server]: Passing new path to controller.
[INFO] [1786100851.619524318] [controller_server]: Passing new path to controller.
[INFO] [1786100852.719538121] [controller_server]: Passing new path to controller.
[INFO] [1786100853.819537683] [controller_server]: Passing new path to controller.
[INFO] [1786100854.919525635] [controller_server]: Passing new path to controller.
[INFO] [1786100856.019524456] [controller_server]: Passing new path to controller.
[INFO] [1786100857.119546667] [controller_server]: Passing new path to controller.
[INFO] [1786100858.219519526] [controller_server]: Passing new path to controller.
[INFO] [1786100859.319524329] [controller_server]: Passing new path to controller.
[INFO] [1786100860.419486428] [controller_server]: Passing new path to controller.
[INFO] [1786100861.519486213] [controller_server]: Passing new path to controller.
[INFO] [1786100862.619526220] [controller_server]: Passing new path to controller.
[INFO] [1786100863.719528894] [controller_server]: Passing new path to controller.
[INFO] [1786100864.819530790] [controller_server]: Passing new path to controller.
[INFO] [1786100865.919489241] [controller_server]: Passing new path to controller.
[INFO] [1786100867.019717490] [controller_server]: Passing new path to controller.
[INFO] [1786100868.119532310] [controller_server]: Passing new path to controller.
[INFO] [1786100869.219537095] [controller_server]: Passing new path to controller.
[INFO] [1786100870.319487880] [controller_server]: Passing new path to controller.
[INFO] [1786100871.419523590] [controller_server]: Passing new path to controller.
[INFO] [1786100872.519524357] [controller_server]: Passing new path to controller.
[INFO] [1786100873.619523919] [controller_server]: Passing new path to controller.
[INFO] [1786100874.719534037] [controller_server]: Passing new path to controller.
[INFO] [1786100875.819507988] [controller_server]: Passing new path to controller.
[INFO] [1786100876.919522588] [controller_server]: Passing new path to controller.
[INFO] [1786100878.019531391] [controller_server]: Passing new path to controller.
[INFO] [1786100879.119530250] [controller_server]: Passing new path to controller.
[INFO] [1786100880.219477090] [controller_server]: Passing new path to controller.
[INFO] [1786100881.319492282] [controller_server]: Passing new path to controller.
[INFO] [1786100882.419519660] [controller_server]: Passing new path to controller.
[INFO] [1786100883.519539611] [controller_server]: Passing new path to controller.
[INFO] [1786100884.619531562] [controller_server]: Passing new path to controller.
[INFO] [1786100885.719529106] [controller_server]: Passing new path to controller.
[INFO] [1786100886.919545244] [controller_server]: Passing new path to controller.
[INFO] [1786100888.019530195] [controller_server]: Passing new path to controller.
[INFO] [1786100889.119495998] [controller_server]: Passing new path to controller.
[INFO] [1786100890.219530746] [controller_server]: Passing new path to controller.
[INFO] [1786100891.319527086] [controller_server]: Passing new path to controller.
[INFO] [1786100892.419486556] [controller_server]: Passing new path to controller.
[INFO] [1786100893.519502063] [controller_server]: Passing new path to controller.
[INFO] [1786100894.619522551] [controller_server]: Passing new path to controller.
[INFO] [1786100895.719518669] [controller_server]: Passing new path to controller.
[INFO] [1786100896.819492417] [controller_server]: Passing new path to controller.
[INFO] [1786100897.919524442] [controller_server]: Passing new path to controller.
[INFO] [1786100898.919624307] [controller_server]: Passing new path to controller.
[INFO] [1786100900.019530718] [controller_server]: Cancellation was successful. Stopping the robot.
[INFO] [1786100900.019605163] [controller_server]: [follow_path] [ActionServer] Client requested to cancel the goal. Cancelling.
[INFO] [1786100900.020364928] [controller_server]: Optimizer reset
[INFO] [1786100902.628784168] [controller_server]: Received a goal, begin computing control effort.
[INFO] [1786100903.829571270] [controller_server]: Passing new path to controller.
[INFO] [1786100904.929180697] [controller_server]: Passing new path to controller.
[INFO] [1786100906.029176034] [controller_server]: Passing new path to controller.
[INFO] [1786100907.129160816] [controller_server]: Passing new path to controller.
[INFO] [1786100908.229164764] [controller_server]: Passing new path to controller.
[INFO] [1786100909.229169008] [controller_server]: Passing new path to controller.
[INFO] [1786100910.429171661] [controller_server]: Passing new path to controller.
[INFO] [1786100911.429161460] [controller_server]: Passing new path to controller.
[INFO] [1786100912.529588116] [controller_server]: Passing new path to controller.
[INFO] [1786100913.729262432] [controller_server]: Passing new path to controller.
[INFO] [1786100914.729795273] [controller_server]: Passing new path to controller.
[INFO] [1786100915.929706351] [controller_server]: Passing new path to controller.
[INFO] [1786100916.929121257] [controller_server]: Passing new path to controller.
[INFO] [1786100918.030017268] [controller_server]: Passing new path to controller.
[INFO] [1786100919.129315507] [controller_server]: Passing new path to controller.
[INFO] [1786100920.229134732] [controller_server]: Passing new path to controller.
[INFO] [1786100921.329180569] [controller_server]: Passing new path to controller.
[INFO] [1786100922.429160999] [controller_server]: Passing new path to controller.
[INFO] [1786100923.529350226] [controller_server]: Passing new path to controller.
[INFO] [1786100924.629361564] [controller_server]: Passing new path to controller.
[INFO] [1786100925.829163937] [controller_server]: Passing new path to controller.
[INFO] [1786100926.829120032] [controller_server]: Passing new path to controller.
[INFO] [1786100928.029518114] [controller_server]: Passing new path to controller.
[INFO] [1786100929.129153337] [controller_server]: Passing new path to controller.
[INFO] [1786100930.129162804] [controller_server]: Passing new path to controller.
[INFO] [1786100931.330305853] [controller_server]: Passing new path to controller.
[INFO] [1786100932.429335535] [controller_server]: Passing new path to controller.
[INFO] [1786100933.529150426] [controller_server]: Passing new path to controller.
[INFO] [1786100934.629124893] [controller_server]: Passing new path to controller.
[INFO] [1786100935.629169378] [controller_server]: Passing new path to controller.
[INFO] [1786100936.730984452] [controller_server]: Passing new path to controller.
[INFO] [1786100937.829248090] [controller_server]: Passing new path to controller.
[INFO] [1786100939.029220187] [controller_server]: Passing new path to controller.
[INFO] [1786100940.129780769] [controller_server]: Passing new path to controller.
[INFO] [1786100941.229184602] [controller_server]: Passing new path to controller.
[INFO] [1786100942.229269050] [controller_server]: Passing new path to controller.
[INFO] [1786100943.429165646] [controller_server]: Passing new path to controller.
[INFO] [1786100944.529163169] [controller_server]: Passing new path to controller.
[INFO] [1786100945.629237766] [controller_server]: Passing new path to controller.
[INFO] [1786100948.629170979] [controller_server]: Passing new path to controller.
[INFO] [1786100949.729388652] [controller_server]: Passing new path to controller.
[INFO] [1786100950.829178487] [controller_server]: Passing new path to controller.
[INFO] [1786100951.829167083] [controller_server]: Passing new path to controller.
[INFO] [1786100953.029203254] [controller_server]: Passing new path to controller.
[INFO] [1786100954.029220091] [controller_server]: Passing new path to controller.
[INFO] [1786100955.129155372] [controller_server]: Passing new path to controller.
[INFO] [1786100956.329353341] [controller_server]: Passing new path to controller.
[INFO] [1786100957.429126880] [controller_server]: Passing new path to controller.
[INFO] [1786100958.529164310] [controller_server]: Passing new path to controller.
[INFO] [1786100959.629160481] [controller_server]: Passing new path to controller.
[INFO] [1786100960.729157170] [controller_server]: Passing new path to controller.
[INFO] [1786100961.829181896] [controller_server]: Passing new path to controller.
[INFO] [1786100962.829789330] [controller_server]: Passing new path to controller.
[INFO] [1786100963.929183903] [controller_server]: Passing new path to controller.
[INFO] [1786100965.029157407] [controller_server]: Passing new path to controller.
[INFO] [1786100966.129159466] [controller_server]: Passing new path to controller.
[INFO] [1786100967.229193433] [controller_server]: Passing new path to controller.
[INFO] [1786100968.329215938] [controller_server]: Passing new path to controller.
[INFO] [1786100969.429129570] [controller_server]: Passing new path to controller.
[INFO] [1786100970.529633689] [controller_server]: Passing new path to controller.
[INFO] [1786100971.529196263] [controller_server]: Passing new path to controller.
[INFO] [1786100972.629119730] [controller_server]: Passing new path to controller.
[INFO] [1786100973.729165382] [controller_server]: Passing new path to controller.
[INFO] [1786100974.829110034] [controller_server]: Passing new path to controller.
[INFO] [1786100975.929396725] [controller_server]: Passing new path to controller.
[INFO] [1786100977.029269487] [controller_server]: Passing new path to controller.
[INFO] [1786100978.129210083] [controller_server]: Passing new path to controller.
[INFO] [1786100979.229152586] [controller_server]: Passing new path to controller.
[INFO] [1786100980.329164794] [controller_server]: Passing new path to controller.
[INFO] [1786100981.429622690] [controller_server]: Passing new path to controller.
[INFO] [1786100982.529669213] [controller_server]: Passing new path to controller.
[INFO] [1786100983.629178769] [controller_server]: Passing new path to controller.
[INFO] [1786100984.729285070] [controller_server]: Passing new path to controller.
[INFO] [1786100985.829124128] [controller_server]: Passing new path to controller.
[INFO] [1786100986.929163224] [controller_server]: Passing new path to controller.
[INFO] [1786100988.029199229] [controller_server]: Passing new path to controller.
[INFO] [1786100989.129198269] [controller_server]: Passing new path to controller.
[INFO] [1786100990.129160088] [controller_server]: Passing new path to controller.
[INFO] [1786100991.229162777] [controller_server]: Passing new path to controller.
[INFO] [1786100992.329158706] [controller_server]: Passing new path to controller.
[INFO] [1786100993.429199451] [controller_server]: Passing new path to controller.
[INFO] [1786100994.529173047] [controller_server]: Passing new path to controller.
[INFO] [1786100995.629158514] [controller_server]: Passing new path to controller.
[ERROR] [1786100996.131556923] [controller_server]: Failed to make progress
[INFO] [1786100996.132003408] [controller_server]: Optimizer reset
[WARN] [1786100996.132059186] [controller_server]: [follow_path] [ActionServer] Aborting handle.
[INFO] [1786100996.151445407] [local_costmap.local_costmap]: Received request to clear entirely the local_costmap
[INFO] [1786100996.152499212] [controller_server]: Received a goal, begin computing control effort.
[WARN] [1786100996.336732667] [controller_server]: Control loop missed its desired rate of 10.0000 Hz. Current loop rate is 5.4307 Hz.
[INFO] [1786100996.737676305] [controller_server]: Passing new path to controller.
[INFO] [1786100997.837565123] [controller_server]: Passing new path to controller.
[INFO] [1786100998.937368958] [controller_server]: Passing new path to controller.
[INFO] [1786101000.037665705] [controller_server]: Passing new path to controller.
[INFO] [1786101001.137519912] [controller_server]: Passing new path to controller.
[INFO] [1786101002.137687602] [controller_server]: Passing new path to controller.
[ERROR] [1786101002.338563053] [controller_server]: Failed to make progress
[INFO] [1786101002.339890397] [controller_server]: Optimizer reset
[WARN] [1786101002.340001379] [controller_server]: [follow_path] [ActionServer] Aborting handle.
[INFO] [1786101002.359262007] [local_costmap.local_costmap]: Received request to clear entirely the local_costmap
[INFO] [1786101008.587670226] [controller_server]: Received a goal, begin computing control effort.
[INFO] [1786101009.687847787] [controller_server]: Passing new path to controller.
[INFO] [1786101010.787848809] [controller_server]: Passing new path to controller.
[INFO] [1786101011.887869017] [controller_server]: Passing new path to controller.
[INFO] [1786101012.987825909] [controller_server]: Passing new path to controller.
[INFO] [1786101014.187845895] [controller_server]: Passing new path to controller.
[ERROR] [1786101014.587962805] [controller_server]: Failed to make progress
[INFO] [1786101014.588396271] [controller_server]: Optimizer reset
[WARN] [1786101014.588459957] [controller_server]: [follow_path] [ActionServer] Aborting handle.
[INFO] [1786101014.609121688] [local_costmap.local_costmap]: Received request to clear entirely the local_costmap
[INFO] [1786101014.610181992] [controller_server]: Received a goal, begin computing control effort.
[WARN] [1786101014.732573570] [controller_server]: Control loop missed its desired rate of 10.0000 Hz. Current loop rate is 8.1866 Hz.
[INFO] [1786101015.232769332] [controller_server]: Passing new path to controller.
[INFO] [1786101016.332770688] [controller_server]: Passing new path to controller.
[INFO] [1786101017.432775507] [controller_server]: Passing new path to controller.
[INFO] [1786101018.532775418] [controller_server]: Passing new path to controller.
[INFO] [1786101019.632769737] [controller_server]: Passing new path to controller.
[INFO] [1786101020.732783555] [controller_server]: Passing new path to controller.
[ERROR] [1786101020.733420745] [controller_server]: Failed to make progress
[INFO] [1786101020.734501735] [controller_server]: Optimizer reset
[WARN] [1786101020.734568976] [controller_server]: [follow_path] [ActionServer] Aborting handle.
[INFO] [1786101020.757072036] [local_costmap.local_costmap]: Received request to clear entirely the local_costmap
[INFO] [1786101027.797354422] [controller_server]: Received a goal, begin computing control effort.
[INFO] [1786101028.897615095] [controller_server]: Passing new path to controller.
[INFO] [1786101029.997867341] [controller_server]: Passing new path to controller.
[INFO] [1786101031.097833993] [controller_server]: Passing new path to controller.
[INFO] [1786101032.197570458] [controller_server]: Passing new path to controller.
[INFO] [1786101033.297673370] [controller_server]: Passing new path to controller.
[ERROR] [1786101033.797681890] [controller_server]: Failed to make progress
[INFO] [1786101033.798129856] [controller_server]: Optimizer reset
[WARN] [1786101033.798193357] [controller_server]: [follow_path] [ActionServer] Aborting handle.
[INFO] [1786101033.817677560] [local_costmap.local_costmap]: Received request to clear entirely the local_costmap
[INFO] [1786101033.818524845] [controller_server]: Received a goal, begin computing control effort.
[WARN] [1786101033.931259368] [controller_server]: Control loop missed its desired rate of 10.0000 Hz. Current loop rate is 8.8787 Hz.
[INFO] [1786101034.431465593] [controller_server]: Passing new path to controller.
[INFO] [1786101035.431562875] [controller_server]: Passing new path to controller.
[INFO] [1786101036.531456286] [controller_server]: Passing new path to controller.
[INFO] [1786101037.631466364] [controller_server]: Passing new path to controller.
[INFO] [1786101038.731464497] [controller_server]: Passing new path to controller.
[INFO] [1786101039.831462093] [controller_server]: Passing new path to controller.
[ERROR] [1786101039.931584558] [controller_server]: Failed to make progress
[INFO] [1786101039.932088710] [controller_server]: Optimizer reset
[WARN] [1786101039.932154025] [controller_server]: [follow_path] [ActionServer] Aborting handle.
[INFO] [1786101039.950818315] [local_costmap.local_costmap]: Received request to clear entirely the local_costmap
[INFO] [1786101046.590753456] [controller_server]: Received a goal, begin computing control effort.
[INFO] [1786101047.690957480] [controller_server]: Passing new path to controller.
[INFO] [1786101048.790947354] [controller_server]: Passing new path to controller.
[INFO] [1786101049.890961414] [controller_server]: Passing new path to controller.
[INFO] [1786101050.990943084] [controller_server]: Passing new path to controller.
[INFO] [1786101052.090948421] [controller_server]: Passing new path to controller.
[ERROR] [1786101052.591045868] [controller_server]: Failed to make progress
[INFO] [1786101052.591448871] [controller_server]: Optimizer reset
[WARN] [1786101052.591491446] [controller_server]: [follow_path] [ActionServer] Aborting handle.
[INFO] [1786101052.607539494] [local_costmap.local_costmap]: Received request to clear entirely the local_costmap
[INFO] [1786101052.608637409] [controller_server]: Received a goal, begin computing control effort.
[WARN] [1786101052.731345304] [controller_server]: Control loop missed its desired rate of 10.0000 Hz. Current loop rate is 8.1563 Hz.
[INFO] [1786101053.131529474] [controller_server]: Passing new path to controller.
[INFO] [1786101054.231498681] [controller_server]: Passing new path to controller.
[INFO] [1786101055.331525296] [controller_server]: Passing new path to controller.
[INFO] [1786101056.431487207] [controller_server]: Passing new path to controller.
[INFO] [1786101057.431525952] [controller_server]: Passing new path to controller.
[INFO] [1786101058.531517807] [controller_server]: Passing new path to controller.
[ERROR] [1786101058.731641587] [controller_server]: Failed to make progress
[INFO] [1786101058.732109035] [controller_server]: Optimizer reset
[WARN] [1786101058.732148368] [controller_server]: [follow_path] [ActionServer] Aborting handle.
[INFO] [1786101058.748578771] [local_costmap.local_costmap]: Received request to clear entirely the local_costmap
[INFO] [1786101065.281836954] [controller_server]: Received a goal, begin computing control effort.
[INFO] [1786101066.382045330] [controller_server]: Passing new path to controller.
[INFO] [1786101067.482054815] [controller_server]: Passing new path to controller.
[INFO] [1786101068.582059948] [controller_server]: Passing new path to controller.
[INFO] [1786101069.682052526] [controller_server]: Passing new path to controller.
[INFO] [1786101070.782047493] [controller_server]: Passing new path to controller.
[ERROR] [1786101071.282139681] [controller_server]: Failed to make progress
[INFO] [1786101071.282518387] [controller_server]: Optimizer reset
[WARN] [1786101071.282593832] [controller_server]: [follow_path] [ActionServer] Aborting handle.
[INFO] [1786101071.294175513] [local_costmap.local_costmap]: Received request to clear entirely the local_costmap
[INFO] [1786101071.294978482] [controller_server]: Received a goal, begin computing control effort.
[INFO] [1786101071.895151467] [controller_server]: Passing new path to controller.
[INFO] [1786101072.895147618] [controller_server]: Passing new path to controller.
[INFO] [1786101073.995149308] [controller_server]: Passing new path to controller.
[INFO] [1786101075.095160719] [controller_server]: Passing new path to controller.
[INFO] [1786101076.195151112] [controller_server]: Passing new path to controller.
[INFO] [1786101077.295154764] [controller_server]: Passing new path to controller.
[ERROR] [1786101077.395252820] [controller_server]: Failed to make progress
[INFO] [1786101077.395680731] [controller_server]: Optimizer reset
[WARN] [1786101077.395717527] [controller_server]: [follow_path] [ActionServer] Aborting handle.
[INFO] [1786101077.415297528] [local_costmap.local_costmap]: Received request to clear entirely the local_costmap
[INFO] [1786101084.055917915] [controller_server]: Received a goal, begin computing control effort.
[INFO] [1786101085.156982112] [controller_server]: Passing new path to controller.
[INFO] [1786101086.256969468] [controller_server]: Passing new path to controller.
[INFO] [1786101087.356946546] [controller_server]: Passing new path to controller.
[INFO] [1786101088.457493331] [controller_server]: Passing new path to controller.
[INFO] [1786101089.557685707] [controller_server]: Passing new path to controller.
[ERROR] [1786101090.057489411] [controller_server]: Failed to make progress
[INFO] [1786101090.057891136] [controller_server]: Optimizer reset
[WARN] [1786101090.058667735] [controller_server]: [follow_path] [ActionServer] Aborting handle.
[INFO] [1786101090.072312042] [local_costmap.local_costmap]: Received request to clear entirely the local_costmap
[INFO] [1786101090.073247660] [controller_server]: Received a goal, begin computing control effort.
[INFO] [1786101090.673418867] [controller_server]: Passing new path to controller.
[INFO] [1786101091.673384500] [controller_server]: Passing new path to controller.
[INFO] [1786101092.998560130] [local_costmap.local_costmap]: Received request to clear entirely the local_costmap
[INFO] [1786101093.073447462] [controller_server]: Cancellation was successful. Stopping the robot.
[INFO] [1786101093.073583629] [controller_server]: [follow_path] [ActionServer] Client requested to cancel the goal. Cancelling.
[INFO] [1786101093.074371911] [controller_server]: Optimizer reset
[INFO] [1786101456.518454871] [rclcpp]: signal_handler(SIGINT/SIGTERM)
[INFO] [1786101456.518548576] [controller_server]: Running Nav2 LifecycleNode rcl preshutdown (controller_server)
[INFO] [1786101456.518703910] [controller_server]: Deactivating
[INFO] [1786101456.518774947] [MPPIController]: Deactivated MPPI Controller: FollowPath
[INFO] [1786101456.518809410] [local_costmap.local_costmap]: Deactivating
[INFO] [1786101456.524165402] [controller_server]: Destroying bond (controller_server) to lifecycle manager.
[INFO] [1786101456.536719266] [controller_server]: Cleaning up
[INFO] [1786101456.539387502] [MPPIController]: Cleaned up MPPI Controller: FollowPath
[INFO] [1786101456.539724689] [local_costmap.local_costmap]: Cleaning up
[INFO] [1786101456.941954409] [controller_server]: Destroying bond (controller_server) to lifecycle manager.
