[INFO] [1783134570.315891861] [controller_server]: 
	controller_server lifecycle node launched. 
	Waiting on external lifecycle transitions to activate
	See https://design.ros2.org/articles/node_lifecycle.html for more information.
[INFO] [1783134570.334722671] [controller_server]: Creating controller server
[INFO] [1783134570.427394245] [local_costmap.local_costmap]: 
	local_costmap lifecycle node launched. 
	Waiting on external lifecycle transitions to activate
	See https://design.ros2.org/articles/node_lifecycle.html for more information.
[INFO] [1783134570.429879889] [local_costmap.local_costmap]: Creating Costmap
[INFO] [1783134571.977150625] [controller_server]: Configuring controller interface
[INFO] [1783134571.978009426] [controller_server]: getting progress checker plugins..
[INFO] [1783134571.985214596] [controller_server]: getting goal checker plugins..
[INFO] [1783134572.015363024] [controller_server]: Controller frequency set to 10.0000Hz
[INFO] [1783134572.015509302] [local_costmap.local_costmap]: Configuring
[INFO] [1783134572.151506897] [local_costmap.local_costmap]: Using plugin "voxel_layer"
[INFO] [1783134572.177195115] [local_costmap.local_costmap]: Subscribed to Topics: scan
[INFO] [1783134572.302780874] [local_costmap.local_costmap]: Initialized plugin "voxel_layer"
[INFO] [1783134572.302865856] [local_costmap.local_costmap]: Using plugin "inflation_layer"
[INFO] [1783134572.313074339] [local_costmap.local_costmap]: Initialized plugin "inflation_layer"
[INFO] [1783134572.466420179] [controller_server]: Created progress_checker : progress_checker of type nav2_controller::SimpleProgressChecker
[INFO] [1783134572.469210102] [controller_server]: Controller Server has progress_checker  progress checkers available.
[INFO] [1783134572.473064586] [controller_server]: Created goal checker : general_goal_checker of type nav2_controller::SimpleGoalChecker
[INFO] [1783134572.476625532] [controller_server]: Controller Server has general_goal_checker  goal checkers available.
[INFO] [1783134572.481329688] [controller_server]: Created controller : FollowPath of type nav2_regulated_pure_pursuit_controller::RegulatedPurePursuitController
[INFO] [1783134572.531296468] [controller_server]: Controller Server has FollowPath  controllers available.
[INFO] [1783134574.975736338] [controller_server]: Activating
[INFO] [1783134574.975803264] [local_costmap.local_costmap]: Activating
[INFO] [1783134574.975847653] [local_costmap.local_costmap]: Checking transform
[INFO] [1783134574.976038765] [local_costmap.local_costmap]: start
[INFO] [1783134575.229484740] [controller_server]: Activating controller: FollowPath of type regulated_pure_pursuit_controller::RegulatedPurePursuitController
[INFO] [1783134575.229568092] [controller_server]: Creating bond (controller_server) to lifecycle manager.
[INFO] [1783134614.795307167] [controller_server]: Received a goal, begin computing control effort.
[WARN] [1783134614.795382871] [controller_server]: No goal checker was specified in parameter 'current_goal_checker'. Server will use only plugin loaded general_goal_checker . This warning will appear once.
[WARN] [1783134614.795434482] [controller_server]: No progress checker was specified in parameter 'current_progress_checker'. Server will use only plugin loaded progress_checker . This warning will appear once.
[INFO] [1783134615.895586345] [controller_server]: Passing new path to controller.
[INFO] [1783134616.895584702] [controller_server]: Passing new path to controller.
[INFO] [1783134617.895586597] [controller_server]: Passing new path to controller.
[INFO] [1783134618.995558848] [controller_server]: Passing new path to controller.
[INFO] [1783134619.995585668] [controller_server]: Passing new path to controller.
[INFO] [1783134620.995582655] [controller_server]: Passing new path to controller.
[INFO] [1783134621.995578624] [controller_server]: Passing new path to controller.
[INFO] [1783134623.095582041] [controller_server]: Passing new path to controller.
[INFO] [1783134624.095583547] [controller_server]: Passing new path to controller.
[INFO] [1783134625.095585886] [controller_server]: Passing new path to controller.
[INFO] [1783134626.195607952] [controller_server]: Passing new path to controller.
[INFO] [1783134627.195585939] [controller_server]: Passing new path to controller.
[INFO] [1783134628.195599519] [controller_server]: Passing new path to controller.
[INFO] [1783134629.195586302] [controller_server]: Passing new path to controller.
[INFO] [1783134630.295587275] [controller_server]: Passing new path to controller.
[INFO] [1783134631.295584762] [controller_server]: Passing new path to controller.
[INFO] [1783134632.295588842] [controller_server]: Passing new path to controller.
[INFO] [1783134633.295588014] [controller_server]: Passing new path to controller.
[INFO] [1783134634.395587839] [controller_server]: Passing new path to controller.
[ERROR] [1783134634.795697894] [controller_server]: Failed to make progress
[WARN] [1783134634.795874173] [controller_server]: [follow_path] [ActionServer] Aborting handle.
[INFO] [1783134634.815209392] [local_costmap.local_costmap]: Received request to clear entirely the local_costmap
[INFO] [1783134634.816730401] [controller_server]: Received a goal, begin computing control effort.
[WARN] [1783134634.988944254] [controller_server]: Control loop missed its desired rate of 10.0000 Hz. Current loop rate is 5.8112 Hz.
[INFO] [1783134635.389130050] [controller_server]: Passing new path to controller.
[INFO] [1783134636.389135963] [controller_server]: Passing new path to controller.
[INFO] [1783134637.489134862] [controller_server]: Passing new path to controller.
[INFO] [1783134638.489133793] [controller_server]: Passing new path to controller.
[INFO] [1783134639.489133077] [controller_server]: Passing new path to controller.
[INFO] [1783134640.489130342] [controller_server]: Passing new path to controller.
[INFO] [1783134641.589315612] [controller_server]: Passing new path to controller.
[INFO] [1783134642.589138043] [controller_server]: Passing new path to controller.
[INFO] [1783134643.589148308] [controller_server]: Passing new path to controller.
[INFO] [1783134644.589129424] [controller_server]: Passing new path to controller.
[INFO] [1783134645.689552974] [controller_server]: Passing new path to controller.
[INFO] [1783134646.689792777] [controller_server]: Passing new path to controller.
[INFO] [1783134647.689853987] [controller_server]: Passing new path to controller.
[INFO] [1783134648.689832289] [controller_server]: Passing new path to controller.
[INFO] [1783134649.789131424] [controller_server]: Passing new path to controller.
[INFO] [1783134650.789148856] [controller_server]: Passing new path to controller.
[INFO] [1783134651.789787902] [controller_server]: Passing new path to controller.
[INFO] [1783134652.889133298] [controller_server]: Passing new path to controller.
[INFO] [1783134653.889165711] [controller_server]: Passing new path to controller.
[INFO] [1783134654.889316940] [controller_server]: Passing new path to controller.
[ERROR] [1783134654.989240869] [controller_server]: Failed to make progress
[WARN] [1783134654.989449519] [controller_server]: [follow_path] [ActionServer] Aborting handle.
[INFO] [1783134655.004442454] [local_costmap.local_costmap]: Received request to clear entirely the local_costmap
[INFO] [1783134655.544712257] [controller_server]: Received a goal, begin computing control effort.
[INFO] [1783134656.644892249] [controller_server]: Passing new path to controller.
[INFO] [1783134657.644897662] [controller_server]: Passing new path to controller.
[INFO] [1783134658.644894224] [controller_server]: Passing new path to controller.
[INFO] [1783134659.644892266] [controller_server]: Passing new path to controller.
[INFO] [1783134660.744895610] [controller_server]: Passing new path to controller.
[INFO] [1783134661.744893523] [controller_server]: Passing new path to controller.
[INFO] [1783134662.744890714] [controller_server]: Passing new path to controller.
[INFO] [1783134663.744893775] [controller_server]: Passing new path to controller.
[INFO] [1783134664.844890452] [controller_server]: Passing new path to controller.
[INFO] [1783134665.844889328] [controller_server]: Passing new path to controller.
[INFO] [1783134666.844892148] [controller_server]: Passing new path to controller.
[INFO] [1783134667.844884950] [controller_server]: Passing new path to controller.
[INFO] [1783134668.944890164] [controller_server]: Passing new path to controller.
[INFO] [1783134669.944891003] [controller_server]: Passing new path to controller.
[INFO] [1783134670.944890601] [controller_server]: Passing new path to controller.
[INFO] [1783134672.044893296] [controller_server]: Passing new path to controller.
[INFO] [1783134673.044905710] [controller_server]: Passing new path to controller.
[INFO] [1783134674.044893900] [controller_server]: Passing new path to controller.
[INFO] [1783134675.044892591] [controller_server]: Passing new path to controller.
[ERROR] [1783134675.545055021] [controller_server]: Failed to make progress
[WARN] [1783134675.545292522] [controller_server]: [follow_path] [ActionServer] Aborting handle.
[INFO] [1783134675.564439852] [local_costmap.local_costmap]: Received request to clear entirely the local_costmap
[INFO] [1783134675.565407265] [controller_server]: Received a goal, begin computing control effort.
[INFO] [1783134676.065591602] [controller_server]: Passing new path to controller.
[INFO] [1783134677.165595593] [controller_server]: Passing new path to controller.
[INFO] [1783134678.165595377] [controller_server]: Passing new path to controller.
[INFO] [1783134679.165595827] [controller_server]: Passing new path to controller.
[INFO] [1783134680.265597411] [controller_server]: Passing new path to controller.
[INFO] [1783134681.265594120] [controller_server]: Passing new path to controller.
[INFO] [1783134682.265593422] [controller_server]: Passing new path to controller.
[INFO] [1783134683.265598113] [controller_server]: Passing new path to controller.
[INFO] [1783134684.265591563] [controller_server]: Passing new path to controller.
[INFO] [1783134685.365593462] [controller_server]: Passing new path to controller.
[INFO] [1783134686.365595635] [controller_server]: Passing new path to controller.
[INFO] [1783134687.365592400] [controller_server]: Passing new path to controller.
[INFO] [1783134688.465597632] [controller_server]: Passing new path to controller.
[INFO] [1783134689.465590952] [controller_server]: Passing new path to controller.
[INFO] [1783134690.465625995] [controller_server]: Passing new path to controller.
[INFO] [1783134691.465592834] [controller_server]: Passing new path to controller.
[INFO] [1783134692.565597326] [controller_server]: Passing new path to controller.
[INFO] [1783134693.565600609] [controller_server]: Passing new path to controller.
[INFO] [1783134694.565596392] [controller_server]: Passing new path to controller.
[INFO] [1783134695.565592046] [controller_server]: Passing new path to controller.
[ERROR] [1783134695.665679329] [controller_server]: Failed to make progress
[WARN] [1783134695.665861737] [controller_server]: [follow_path] [ActionServer] Aborting handle.
[INFO] [1783134710.744711023] [controller_server]: Received a goal, begin computing control effort.
[INFO] [1783134711.844926516] [controller_server]: Passing new path to controller.
[INFO] [1783134712.844924540] [controller_server]: Passing new path to controller.
[INFO] [1783134713.844927861] [controller_server]: Passing new path to controller.
[INFO] [1783134714.944929667] [controller_server]: Passing new path to controller.
[INFO] [1783134715.944896006] [controller_server]: Passing new path to controller.
[INFO] [1783134716.944893030] [controller_server]: Passing new path to controller.
[INFO] [1783134717.944917277] [controller_server]: Passing new path to controller.
[INFO] [1783134719.044928472] [controller_server]: Passing new path to controller.
[INFO] [1783134720.044927552] [controller_server]: Passing new path to controller.
[INFO] [1783134721.044928909] [controller_server]: Passing new path to controller.
[INFO] [1783134722.144926790] [controller_server]: Passing new path to controller.
[INFO] [1783134723.144925573] [controller_server]: Passing new path to controller.
[INFO] [1783134724.144926894] [controller_server]: Passing new path to controller.
[INFO] [1783134725.144924122] [controller_server]: Passing new path to controller.
[INFO] [1783134726.244932169] [controller_server]: Passing new path to controller.
[INFO] [1783134727.244927211] [controller_server]: Passing new path to controller.
[INFO] [1783134728.244925421] [controller_server]: Passing new path to controller.
[INFO] [1783134729.244898537] [controller_server]: Passing new path to controller.
[INFO] [1783134730.344927585] [controller_server]: Passing new path to controller.
[ERROR] [1783134730.745009676] [controller_server]: Failed to make progress
[WARN] [1783134730.745210788] [controller_server]: [follow_path] [ActionServer] Aborting handle.
[INFO] [1783134730.764422137] [local_costmap.local_costmap]: Received request to clear entirely the local_costmap
[INFO] [1783134730.765480402] [controller_server]: Received a goal, begin computing control effort.
[INFO] [1783134731.365658669] [controller_server]: Passing new path to controller.
[INFO] [1783134732.365669620] [controller_server]: Passing new path to controller.
[INFO] [1783134733.365661051] [controller_server]: Passing new path to controller.
[INFO] [1783134734.365666575] [controller_server]: Passing new path to controller.
[WARN] [1783134734.981657894] [controller_server]: Control loop missed its desired rate of 10.0000 Hz. Current loop rate is 9.1301 Hz.
[WARN] [1783134735.100607616] [controller_server]: Control loop missed its desired rate of 10.0000 Hz. Current loop rate is 8.6995 Hz.
[INFO] [1783134735.406374920] [controller_server]: Cancellation was successful. Stopping the robot.
[INFO] [1783134735.406451439] [controller_server]: [follow_path] [ActionServer] Client requested to cancel the goal. Cancelling.
[INFO] [1783134756.037406993] [rclcpp]: signal_handler(SIGINT/SIGTERM)
[INFO] [1783134756.037476364] [controller_server]: Running Nav2 LifecycleNode rcl preshutdown (controller_server)
[INFO] [1783134756.037568308] [controller_server]: Deactivating
[INFO] [1783134756.037601716] [controller_server]: Deactivating controller: FollowPath of type regulated_pure_pursuit_controller::RegulatedPurePursuitController
[INFO] [1783134756.037642587] [local_costmap.local_costmap]: Deactivating
[INFO] [1783134756.193424940] [controller_server]: Destroying bond (controller_server) to lifecycle manager.
[INFO] [1783134756.267501948] [controller_server]: Cleaning up
[INFO] [1783134756.267564041] [controller_server]: Cleaning up controller: FollowPath of type regulated_pure_pursuit_controller::RegulatedPurePursuitController
[INFO] [1783134756.267675041] [local_costmap.local_costmap]: Cleaning up
[INFO] [1783134757.204288322] [controller_server]: Destroying bond (controller_server) to lifecycle manager.
