[INFO] [1783379810.626097797] [controller_server]: 
	controller_server lifecycle node launched. 
	Waiting on external lifecycle transitions to activate
	See https://design.ros2.org/articles/node_lifecycle.html for more information.
[INFO] [1783379810.700801254] [controller_server]: Creating controller server
[INFO] [1783379811.810996012] [local_costmap.local_costmap]: 
	local_costmap lifecycle node launched. 
	Waiting on external lifecycle transitions to activate
	See https://design.ros2.org/articles/node_lifecycle.html for more information.
[INFO] [1783379811.818250375] [local_costmap.local_costmap]: Creating Costmap
[INFO] [1783379812.559548345] [controller_server]: Configuring controller interface
[INFO] [1783379812.559626420] [controller_server]: getting progress checker plugins..
[INFO] [1783379812.561208060] [controller_server]: getting goal checker plugins..
[INFO] [1783379812.565470736] [controller_server]: Controller frequency set to 10.0000Hz
[INFO] [1783379812.565643348] [local_costmap.local_costmap]: Configuring
[INFO] [1783379812.671699234] [local_costmap.local_costmap]: Using plugin "voxel_layer"
[INFO] [1783379812.696360638] [local_costmap.local_costmap]: Subscribed to Topics: scan
[INFO] [1783379812.899371812] [local_costmap.local_costmap]: Initialized plugin "voxel_layer"
[INFO] [1783379812.899595999] [local_costmap.local_costmap]: Using plugin "inflation_layer"
[INFO] [1783379812.914292707] [local_costmap.local_costmap]: Initialized plugin "inflation_layer"
[INFO] [1783379813.066530916] [controller_server]: Created progress_checker : progress_checker of type nav2_controller::SimpleProgressChecker
[INFO] [1783379813.072481196] [controller_server]: Controller Server has progress_checker  progress checkers available.
[INFO] [1783379813.078202678] [controller_server]: Created goal checker : general_goal_checker of type nav2_controller::SimpleGoalChecker
[INFO] [1783379813.086371621] [controller_server]: Controller Server has general_goal_checker  goal checkers available.
[INFO] [1783379813.090468463] [controller_server]: Created controller : FollowPath of type nav2_regulated_pure_pursuit_controller::RegulatedPurePursuitController
[INFO] [1783379813.231451635] [controller_server]: Controller Server has FollowPath  controllers available.
[INFO] [1783379815.755351620] [controller_server]: Activating
[INFO] [1783379815.755414472] [local_costmap.local_costmap]: Activating
[INFO] [1783379815.755430176] [local_costmap.local_costmap]: Checking transform
[INFO] [1783379815.755641751] [local_costmap.local_costmap]: start
[INFO] [1783379815.960854940] [controller_server]: Activating controller: FollowPath of type regulated_pure_pursuit_controller::RegulatedPurePursuitController
[INFO] [1783379815.960928403] [controller_server]: Creating bond (controller_server) to lifecycle manager.
[INFO] [1783379842.399567730] [controller_server]: Received a goal, begin computing control effort.
[WARN] [1783379842.399682212] [controller_server]: No goal checker was specified in parameter 'current_goal_checker'. Server will use only plugin loaded general_goal_checker . This warning will appear once.
[WARN] [1783379842.399710435] [controller_server]: No progress checker was specified in parameter 'current_progress_checker'. Server will use only plugin loaded progress_checker . This warning will appear once.
[INFO] [1783379843.503124426] [controller_server]: Passing new path to controller.
[INFO] [1783379844.500976276] [controller_server]: Passing new path to controller.
[INFO] [1783379845.500380155] [controller_server]: Passing new path to controller.
[INFO] [1783379846.600324105] [controller_server]: Passing new path to controller.
[INFO] [1783379847.601799053] [controller_server]: Passing new path to controller.
[INFO] [1783379848.602982555] [controller_server]: Passing new path to controller.
[INFO] [1783379849.601114869] [controller_server]: Passing new path to controller.
[INFO] [1783379850.700087758] [controller_server]: Passing new path to controller.
[INFO] [1783379851.701150258] [controller_server]: Passing new path to controller.
[INFO] [1783379852.701651978] [controller_server]: Passing new path to controller.
[INFO] [1783379853.701353932] [controller_server]: Passing new path to controller.
[INFO] [1783379854.802326704] [controller_server]: Passing new path to controller.
[INFO] [1783379855.800315759] [controller_server]: Passing new path to controller.
[INFO] [1783379856.800157048] [controller_server]: Passing new path to controller.
[INFO] [1783379857.802799966] [controller_server]: Passing new path to controller.
[INFO] [1783379858.900659199] [controller_server]: Passing new path to controller.
[INFO] [1783379859.900130411] [controller_server]: Passing new path to controller.
[INFO] [1783379860.900211294] [controller_server]: Passing new path to controller.
[INFO] [1783379862.000269338] [controller_server]: Passing new path to controller.
[INFO] [1783379863.001556729] [controller_server]: Passing new path to controller.
[INFO] [1783379864.000456475] [controller_server]: Passing new path to controller.
[INFO] [1783379865.100347073] [controller_server]: Passing new path to controller.
[INFO] [1783379866.100215177] [controller_server]: Passing new path to controller.
[INFO] [1783379867.100998472] [controller_server]: Passing new path to controller.
[INFO] [1783379868.101211430] [controller_server]: Passing new path to controller.
[INFO] [1783379869.200311745] [controller_server]: Passing new path to controller.
[INFO] [1783379870.200455406] [controller_server]: Passing new path to controller.
[INFO] [1783379871.201040811] [controller_server]: Passing new path to controller.
[INFO] [1783379872.201178843] [controller_server]: Passing new path to controller.
[INFO] [1783379873.300063971] [controller_server]: Passing new path to controller.
[INFO] [1783379874.300006594] [controller_server]: Passing new path to controller.
[INFO] [1783379875.300326646] [controller_server]: Passing new path to controller.
[INFO] [1783379876.401082157] [controller_server]: Passing new path to controller.
[WARN] [1783379876.700606709] [controller_server]: RegulatedPurePursuitController detected collision ahead!
[WARN] [1783379876.800724574] [controller_server]: RegulatedPurePursuitController detected collision ahead!
[WARN] [1783379876.902926916] [controller_server]: RegulatedPurePursuitController detected collision ahead!
[WARN] [1783379877.002056311] [controller_server]: RegulatedPurePursuitController detected collision ahead!
[ERROR] [1783379877.002214942] [controller_server]: Controller patience exceeded
[WARN] [1783379877.003353801] [controller_server]: [follow_path] [ActionServer] Aborting handle.
[INFO] [1783379877.016614333] [local_costmap.local_costmap]: Received request to clear entirely the local_costmap
[INFO] [1783379877.018156807] [controller_server]: Received a goal, begin computing control effort.
[WARN] [1783379877.168869321] [controller_server]: RegulatedPurePursuitController detected collision ahead!
[WARN] [1783379877.169161119] [controller_server]: Control loop missed its desired rate of 10.0000 Hz. Current loop rate is 6.6275 Hz.
[WARN] [1783379877.169729919] [controller_server]: RegulatedPurePursuitController detected collision ahead!
[WARN] [1783379877.269881006] [controller_server]: RegulatedPurePursuitController detected collision ahead!
[INFO] [1783379877.369263200] [controller_server]: Passing new path to controller.
[WARN] [1783379877.370094335] [controller_server]: RegulatedPurePursuitController detected collision ahead!
[ERROR] [1783379877.370196335] [controller_server]: Controller patience exceeded
[WARN] [1783379877.370391540] [controller_server]: [follow_path] [ActionServer] Aborting handle.
[INFO] [1783379877.397199421] [local_costmap.local_costmap]: Received request to clear entirely the local_costmap
[INFO] [1783379878.228434726] [controller_server]: Received a goal, begin computing control effort.
[WARN] [1783379878.229180120] [controller_server]: RegulatedPurePursuitController detected collision ahead!
[WARN] [1783379878.330087768] [controller_server]: RegulatedPurePursuitController detected collision ahead!
[WARN] [1783379878.430063595] [controller_server]: RegulatedPurePursuitController detected collision ahead!
[WARN] [1783379878.529717161] [controller_server]: RegulatedPurePursuitController detected collision ahead!
[ERROR] [1783379878.529852828] [controller_server]: Controller patience exceeded
[WARN] [1783379878.530050348] [controller_server]: [follow_path] [ActionServer] Aborting handle.
[INFO] [1783379878.547331962] [local_costmap.local_costmap]: Received request to clear entirely the local_costmap
[INFO] [1783379878.549709867] [controller_server]: Received a goal, begin computing control effort.
[WARN] [1783379878.560374956] [controller_server]: RegulatedPurePursuitController detected collision ahead!
[WARN] [1783379878.650496162] [controller_server]: RegulatedPurePursuitController detected collision ahead!
[WARN] [1783379878.750486100] [controller_server]: RegulatedPurePursuitController detected collision ahead!
[WARN] [1783379878.850502039] [controller_server]: RegulatedPurePursuitController detected collision ahead!
[ERROR] [1783379878.850605021] [controller_server]: Controller patience exceeded
[WARN] [1783379878.850748651] [controller_server]: [follow_path] [ActionServer] Aborting handle.
[INFO] [1783379884.928367367] [controller_server]: Received a goal, begin computing control effort.
[WARN] [1783379884.929143261] [controller_server]: RegulatedPurePursuitController detected collision ahead!
[WARN] [1783379885.330788303] [controller_server]: RegulatedPurePursuitController detected collision ahead!
[WARN] [1783379885.429366954] [controller_server]: RegulatedPurePursuitController detected collision ahead!
[WARN] [1783379885.530175101] [controller_server]: RegulatedPurePursuitController detected collision ahead!
[WARN] [1783379885.629446979] [controller_server]: RegulatedPurePursuitController detected collision ahead!
[ERROR] [1783379885.629572591] [controller_server]: Controller patience exceeded
[WARN] [1783379885.629758314] [controller_server]: [follow_path] [ActionServer] Aborting handle.
[INFO] [1783379885.649248239] [local_costmap.local_costmap]: Received request to clear entirely the local_costmap
[INFO] [1783379885.650296098] [controller_server]: Received a goal, begin computing control effort.
[WARN] [1783379885.761101960] [controller_server]: Control loop missed its desired rate of 10.0000 Hz. Current loop rate is 9.0328 Hz.
[INFO] [1783379885.961246856] [controller_server]: Passing new path to controller.
[INFO] [1783379887.061259047] [controller_server]: Passing new path to controller.
[INFO] [1783379888.061254244] [controller_server]: Passing new path to controller.
[INFO] [1783379889.061251099] [controller_server]: Passing new path to controller.
[INFO] [1783379890.061267948] [controller_server]: Passing new path to controller.
[INFO] [1783379891.161251299] [controller_server]: Passing new path to controller.
[INFO] [1783379892.161310297] [controller_server]: Passing new path to controller.
[INFO] [1783379893.161215016] [controller_server]: Passing new path to controller.
[INFO] [1783379894.161251014] [controller_server]: Passing new path to controller.
[INFO] [1783379895.261257995] [controller_server]: Passing new path to controller.
[INFO] [1783379896.261251103] [controller_server]: Passing new path to controller.
[INFO] [1783379897.261251842] [controller_server]: Passing new path to controller.
[INFO] [1783379898.261255617] [controller_server]: Passing new path to controller.
[WARN] [1783379899.262158213] [controller_server]: RegulatedPurePursuitController detected collision ahead!
[INFO] [1783379899.361214171] [controller_server]: Passing new path to controller.
[WARN] [1783379899.361972510] [controller_server]: RegulatedPurePursuitController detected collision ahead!
[WARN] [1783379899.461615490] [controller_server]: RegulatedPurePursuitController detected collision ahead!
[ERROR] [1783379899.461695750] [controller_server]: Controller patience exceeded
[WARN] [1783379899.461843251] [controller_server]: [follow_path] [ActionServer] Aborting handle.
[INFO] [1783379899.488903821] [local_costmap.local_costmap]: Received request to clear entirely the local_costmap
[INFO] [1783379900.231397598] [controller_server]: Received a goal, begin computing control effort.
[WARN] [1783379900.331974122] [controller_server]: RegulatedPurePursuitController detected collision ahead!
[WARN] [1783379900.532005570] [controller_server]: RegulatedPurePursuitController detected collision ahead!
[WARN] [1783379900.631984553] [controller_server]: RegulatedPurePursuitController detected collision ahead!
[WARN] [1783379900.731983221] [controller_server]: RegulatedPurePursuitController detected collision ahead!
[ERROR] [1783379900.732066814] [controller_server]: Controller patience exceeded
[WARN] [1783379900.732219815] [controller_server]: [follow_path] [ActionServer] Aborting handle.
[INFO] [1783379900.747992939] [local_costmap.local_costmap]: Received request to clear entirely the local_costmap
[INFO] [1783379900.749133724] [controller_server]: Received a goal, begin computing control effort.
[WARN] [1783379900.759601942] [controller_server]: RegulatedPurePursuitController detected collision ahead!
[WARN] [1783379900.849627507] [controller_server]: RegulatedPurePursuitController detected collision ahead!
[WARN] [1783379900.949598194] [controller_server]: RegulatedPurePursuitController detected collision ahead!
[WARN] [1783379901.049652121] [controller_server]: RegulatedPurePursuitController detected collision ahead!
[ERROR] [1783379901.049732955] [controller_server]: Controller patience exceeded
[WARN] [1783379901.049880049] [controller_server]: [follow_path] [ActionServer] Aborting handle.
[INFO] [1783379907.231609304] [controller_server]: Received a goal, begin computing control effort.
[WARN] [1783379907.732525818] [controller_server]: RegulatedPurePursuitController detected collision ahead!
[INFO] [1783379908.332017214] [controller_server]: Passing new path to controller.
[WARN] [1783379908.532221552] [controller_server]: RegulatedPurePursuitController detected collision ahead!
[WARN] [1783379908.632375795] [controller_server]: RegulatedPurePursuitController detected collision ahead!
[INFO] [1783379909.331931081] [controller_server]: Passing new path to controller.
[INFO] [1783379910.331914708] [controller_server]: Passing new path to controller.
[INFO] [1783379911.331919150] [controller_server]: Passing new path to controller.
[INFO] [1783379912.431876501] [controller_server]: Passing new path to controller.
[WARN] [1783379912.832088768] [controller_server]: RegulatedPurePursuitController detected collision ahead!
[INFO] [1783379913.431919147] [controller_server]: Passing new path to controller.
[INFO] [1783379914.431913774] [controller_server]: Passing new path to controller.
[INFO] [1783379915.431912383] [controller_server]: Passing new path to controller.
[INFO] [1783379916.531904123] [controller_server]: Passing new path to controller.
[INFO] [1783379917.531916250] [controller_server]: Passing new path to controller.
[INFO] [1783379918.531918414] [controller_server]: Passing new path to controller.
[INFO] [1783379919.531907226] [controller_server]: Passing new path to controller.
[INFO] [1783379920.631918022] [controller_server]: Passing new path to controller.
[INFO] [1783379921.631915964] [controller_server]: Passing new path to controller.
[INFO] [1783379922.631906850] [controller_server]: Passing new path to controller.
[INFO] [1783379923.731912850] [controller_server]: Passing new path to controller.
[INFO] [1783379924.731912014] [controller_server]: Passing new path to controller.
[INFO] [1783379925.731916937] [controller_server]: Passing new path to controller.
[INFO] [1783379926.731920565] [controller_server]: Passing new path to controller.
[INFO] [1783379927.831942286] [controller_server]: Passing new path to controller.
[INFO] [1783379928.831927487] [controller_server]: Passing new path to controller.
[INFO] [1783379929.833499514] [controller_server]: Passing new path to controller.
[INFO] [1783379930.931914873] [controller_server]: Passing new path to controller.
[INFO] [1783379932.031915594] [controller_server]: Passing new path to controller.
[INFO] [1783379933.031939481] [controller_server]: Passing new path to controller.
[INFO] [1783379934.131918295] [controller_server]: Passing new path to controller.
[INFO] [1783379935.131908774] [controller_server]: Passing new path to controller.
[WARN] [1783379935.532061948] [controller_server]: RegulatedPurePursuitController detected collision ahead!
[INFO] [1783379936.231911347] [controller_server]: Passing new path to controller.
[INFO] [1783379937.331914531] [controller_server]: Passing new path to controller.
[INFO] [1783379938.331913344] [controller_server]: Passing new path to controller.
[WARN] [1783379939.132107506] [controller_server]: RegulatedPurePursuitController detected collision ahead!
[INFO] [1783379939.431914269] [controller_server]: Passing new path to controller.
[INFO] [1783379940.431918896] [controller_server]: Passing new path to controller.
[ERROR] [1783379941.232000724] [controller_server]: Failed to make progress
[WARN] [1783379941.232292078] [controller_server]: [follow_path] [ActionServer] Aborting handle.
[INFO] [1783379941.247415161] [local_costmap.local_costmap]: Received request to clear entirely the local_costmap
[INFO] [1783379941.248303574] [controller_server]: Received a goal, begin computing control effort.
[WARN] [1783379941.358874535] [controller_server]: Control loop missed its desired rate of 10.0000 Hz. Current loop rate is 9.0547 Hz.
[INFO] [1783379941.559033817] [controller_server]: Passing new path to controller.
[INFO] [1783379942.559389891] [controller_server]: Passing new path to controller.
[INFO] [1783379943.659036462] [controller_server]: Passing new path to controller.
[INFO] [1783379944.759031535] [controller_server]: Passing new path to controller.
[WARN] [1783379945.459214251] [controller_server]: RegulatedPurePursuitController detected collision ahead!
[WARN] [1783379945.659219533] [controller_server]: RegulatedPurePursuitController detected collision ahead!
[INFO] [1783379945.859036646] [controller_server]: Passing new path to controller.
[WARN] [1783379946.559239843] [controller_server]: RegulatedPurePursuitController detected collision ahead!
[INFO] [1783379946.859039125] [controller_server]: Passing new path to controller.
[INFO] [1783379947.959179699] [controller_server]: Passing new path to controller.
[INFO] [1783379949.059036493] [controller_server]: Passing new path to controller.
[INFO] [1783379950.059030584] [controller_server]: Passing new path to controller.
[WARN] [1783379950.259207921] [controller_server]: RegulatedPurePursuitController detected collision ahead!
[WARN] [1783379950.759206577] [controller_server]: RegulatedPurePursuitController detected collision ahead!
[WARN] [1783379950.859223024] [controller_server]: RegulatedPurePursuitController detected collision ahead!
[INFO] [1783379951.159032361] [controller_server]: Passing new path to controller.
[INFO] [1783379952.259036304] [controller_server]: Passing new path to controller.
[INFO] [1783379953.359033970] [controller_server]: Passing new path to controller.
[INFO] [1783379954.459035488] [controller_server]: Passing new path to controller.
[WARN] [1783379954.559349973] [controller_server]: RegulatedPurePursuitController detected collision ahead!
[WARN] [1783379954.759266642] [controller_server]: RegulatedPurePursuitController detected collision ahead!
[INFO] [1783379955.459038448] [controller_server]: Passing new path to controller.
[INFO] [1783379956.559028373] [controller_server]: Passing new path to controller.
[INFO] [1783379957.659034187] [controller_server]: Passing new path to controller.
[WARN] [1783379958.459212609] [controller_server]: RegulatedPurePursuitController detected collision ahead!
[INFO] [1783379958.659033463] [controller_server]: Passing new path to controller.
[INFO] [1783379959.159273083] [controller_server]: Reached the goal!
[INFO] [1783380152.502893357] [rclcpp]: signal_handler(SIGINT/SIGTERM)
[INFO] [1783380152.502971136] [controller_server]: Running Nav2 LifecycleNode rcl preshutdown (controller_server)
[INFO] [1783380152.503077766] [controller_server]: Deactivating
[INFO] [1783380152.503116026] [controller_server]: Deactivating controller: FollowPath of type regulated_pure_pursuit_controller::RegulatedPurePursuitController
[INFO] [1783380152.503164304] [local_costmap.local_costmap]: Deactivating
[INFO] [1783380152.558186401] [controller_server]: Destroying bond (controller_server) to lifecycle manager.
[INFO] [1783380152.680825770] [controller_server]: Cleaning up
[INFO] [1783380152.680907678] [controller_server]: Cleaning up controller: FollowPath of type regulated_pure_pursuit_controller::RegulatedPurePursuitController
[INFO] [1783380152.681040271] [local_costmap.local_costmap]: Cleaning up
[INFO] [1783380153.473238107] [controller_server]: Destroying bond (controller_server) to lifecycle manager.
