[INFO] [1783997465.742671492] [controller_server]: 
	controller_server lifecycle node launched. 
	Waiting on external lifecycle transitions to activate
	See https://design.ros2.org/articles/node_lifecycle.html for more information.
[INFO] [1783997465.750217683] [controller_server]: Creating controller server
[INFO] [1783997465.804143197] [local_costmap.local_costmap]: 
	local_costmap lifecycle node launched. 
	Waiting on external lifecycle transitions to activate
	See https://design.ros2.org/articles/node_lifecycle.html for more information.
[INFO] [1783997465.813908049] [local_costmap.local_costmap]: Creating Costmap
[INFO] [1783997469.118615436] [controller_server]: Configuring controller interface
[INFO] [1783997469.118705548] [controller_server]: getting progress checker plugins..
[INFO] [1783997469.123886707] [controller_server]: getting goal checker plugins..
[INFO] [1783997469.127266430] [controller_server]: Controller frequency set to 10.0000Hz
[INFO] [1783997469.127455820] [local_costmap.local_costmap]: Configuring
[INFO] [1783997469.180118030] [local_costmap.local_costmap]: Using plugin "voxel_layer"
[INFO] [1783997469.209508717] [local_costmap.local_costmap]: Subscribed to Topics: scan
[INFO] [1783997469.310382445] [local_costmap.local_costmap]: Initialized plugin "voxel_layer"
[INFO] [1783997469.310444982] [local_costmap.local_costmap]: Using plugin "inflation_layer"
[INFO] [1783997469.317615931] [local_costmap.local_costmap]: Initialized plugin "inflation_layer"
[INFO] [1783997469.462689486] [controller_server]: Created progress_checker : progress_checker of type nav2_controller::SimpleProgressChecker
[INFO] [1783997469.464746072] [controller_server]: Controller Server has progress_checker  progress checkers available.
[INFO] [1783997469.468307092] [controller_server]: Created goal checker : general_goal_checker of type nav2_controller::SimpleGoalChecker
[INFO] [1783997469.473099250] [controller_server]: Controller Server has general_goal_checker  goal checkers available.
[INFO] [1783997469.477197236] [controller_server]: Created controller : FollowPath of type nav2_regulated_pure_pursuit_controller::RegulatedPurePursuitController
[INFO] [1783997469.585597803] [controller_server]: Controller Server has FollowPath  controllers available.
[INFO] [1783997471.905730610] [controller_server]: Activating
[INFO] [1783997471.905784906] [local_costmap.local_costmap]: Activating
[INFO] [1783997471.905806128] [local_costmap.local_costmap]: Checking transform
[INFO] [1783997471.906246705] [local_costmap.local_costmap]: start
[INFO] [1783997472.120432824] [controller_server]: Activating controller: FollowPath of type regulated_pure_pursuit_controller::RegulatedPurePursuitController
[INFO] [1783997472.120533751] [controller_server]: Creating bond (controller_server) to lifecycle manager.
[INFO] [1783997491.748982649] [controller_server]: Received a goal, begin computing control effort.
[WARN] [1783997491.749069612] [controller_server]: No goal checker was specified in parameter 'current_goal_checker'. Server will use only plugin loaded general_goal_checker . This warning will appear once.
[WARN] [1783997491.749091853] [controller_server]: No progress checker was specified in parameter 'current_progress_checker'. Server will use only plugin loaded progress_checker . This warning will appear once.
[INFO] [1783997492.849255476] [controller_server]: Passing new path to controller.
[INFO] [1783997493.849251235] [controller_server]: Passing new path to controller.
[INFO] [1783997494.849246475] [controller_server]: Passing new path to controller.
[INFO] [1783997495.849264160] [controller_server]: Passing new path to controller.
[INFO] [1783997496.949511320] [controller_server]: Passing new path to controller.
[INFO] [1783997497.949250411] [controller_server]: Passing new path to controller.
[INFO] [1783997498.949395986] [controller_server]: Passing new path to controller.
[INFO] [1783997500.049252292] [controller_server]: Passing new path to controller.
[INFO] [1783997501.049259662] [controller_server]: Passing new path to controller.
[INFO] [1783997502.049246995] [controller_server]: Passing new path to controller.
[INFO] [1783997503.049242217] [controller_server]: Passing new path to controller.
[INFO] [1783997504.149250653] [controller_server]: Passing new path to controller.
[INFO] [1783997505.149245171] [controller_server]: Passing new path to controller.
[INFO] [1783997506.149268875] [controller_server]: Passing new path to controller.
[WARN] [1783997506.949869041] [controller_server]: RegulatedPurePursuitController detected collision ahead!
[WARN] [1783997507.049836848] [controller_server]: RegulatedPurePursuitController detected collision ahead!
[INFO] [1783997507.149250097] [controller_server]: Passing new path to controller.
[WARN] [1783997507.150076620] [controller_server]: RegulatedPurePursuitController detected collision ahead!
[ERROR] [1783997507.150179176] [controller_server]: Controller patience exceeded
[WARN] [1783997507.150336547] [controller_server]: [follow_path] [ActionServer] Aborting handle.
[INFO] [1783997507.178856227] [local_costmap.local_costmap]: Received request to clear entirely the local_costmap
[INFO] [1783997507.185729896] [controller_server]: Received a goal, begin computing control effort.
[WARN] [1783997507.316399229] [controller_server]: RegulatedPurePursuitController detected collision ahead!
[WARN] [1783997507.322229577] [controller_server]: Control loop missed its desired rate of 10.0000 Hz. Current loop rate is 7.3321 Hz.
[WARN] [1783997507.323166693] [controller_server]: RegulatedPurePursuitController detected collision ahead!
[WARN] [1783997507.423080537] [controller_server]: RegulatedPurePursuitController detected collision ahead!
[WARN] [1783997507.522932195] [controller_server]: RegulatedPurePursuitController detected collision ahead!
[ERROR] [1783997507.523030029] [controller_server]: Controller patience exceeded
[WARN] [1783997507.524639483] [controller_server]: [follow_path] [ActionServer] Aborting handle.
[INFO] [1783997507.537734205] [local_costmap.local_costmap]: Received request to clear entirely the local_costmap
[INFO] [1783997508.413666409] [controller_server]: Received a goal, begin computing control effort.
[INFO] [1783997509.513878051] [controller_server]: Passing new path to controller.
[WARN] [1783997510.314520495] [controller_server]: RegulatedPurePursuitController detected collision ahead!
[WARN] [1783997510.414492339] [controller_server]: RegulatedPurePursuitController detected collision ahead!
[INFO] [1783997510.513873013] [controller_server]: Passing new path to controller.
[WARN] [1783997510.514818852] [controller_server]: RegulatedPurePursuitController detected collision ahead!
[ERROR] [1783997510.514909204] [controller_server]: Controller patience exceeded
[WARN] [1783997510.515019131] [controller_server]: [follow_path] [ActionServer] Aborting handle.
[INFO] [1783997510.536864884] [local_costmap.local_costmap]: Received request to clear entirely the local_costmap
[INFO] [1783997510.537872798] [controller_server]: Received a goal, begin computing control effort.
[WARN] [1783997510.719234862] [controller_server]: RegulatedPurePursuitController detected collision ahead!
[WARN] [1783997510.719513253] [controller_server]: Control loop missed its desired rate of 10.0000 Hz. Current loop rate is 5.5086 Hz.
[WARN] [1783997510.720053441] [controller_server]: RegulatedPurePursuitController detected collision ahead!
[WARN] [1783997510.820719271] [controller_server]: RegulatedPurePursuitController detected collision ahead!
[WARN] [1783997510.920907560] [controller_server]: RegulatedPurePursuitController detected collision ahead!
[ERROR] [1783997510.920989950] [controller_server]: Controller patience exceeded
[WARN] [1783997510.921126117] [controller_server]: [follow_path] [ActionServer] Aborting handle.
[INFO] [1783997513.789624927] [controller_server]: Received a goal, begin computing control effort.
[INFO] [1783997514.889932402] [controller_server]: Passing new path to controller.
[INFO] [1783997515.889955568] [controller_server]: Passing new path to controller.
[INFO] [1783997516.889801123] [controller_server]: Passing new path to controller.
[INFO] [1783997517.989812745] [controller_server]: Passing new path to controller.
[INFO] [1783997518.989812189] [controller_server]: Passing new path to controller.
[INFO] [1783997519.989816133] [controller_server]: Passing new path to controller.
[WARN] [1783997520.190834439] [controller_server]: RegulatedPurePursuitController detected collision ahead!
[WARN] [1783997520.291136544] [controller_server]: RegulatedPurePursuitController detected collision ahead!
[WARN] [1783997520.391039684] [controller_server]: RegulatedPurePursuitController detected collision ahead!
[ERROR] [1783997520.391858263] [controller_server]: Controller patience exceeded
[WARN] [1783997520.392086746] [controller_server]: [follow_path] [ActionServer] Aborting handle.
[INFO] [1783997520.406921922] [local_costmap.local_costmap]: Received request to clear entirely the local_costmap
[INFO] [1783997520.408106688] [controller_server]: Received a goal, begin computing control effort.
[WARN] [1783997520.519547949] [controller_server]: Control loop missed its desired rate of 10.0000 Hz. Current loop rate is 8.9857 Hz.
[INFO] [1783997521.020808401] [controller_server]: Passing new path to controller.
[INFO] [1783997522.120030444] [controller_server]: Passing new path to controller.
[INFO] [1783997523.120084500] [controller_server]: Passing new path to controller.
[INFO] [1783997524.119883220] [controller_server]: Passing new path to controller.
[INFO] [1783997525.219798008] [controller_server]: Passing new path to controller.
[INFO] [1783997526.219743989] [controller_server]: Passing new path to controller.
[INFO] [1783997527.519732559] [controller_server]: Passing new path to controller.
[WARN] [1783997528.524185121] [controller_server]: RegulatedPurePursuitController detected collision ahead!
[WARN] [1783997528.620907169] [controller_server]: RegulatedPurePursuitController detected collision ahead!
[INFO] [1783997528.720097824] [controller_server]: Passing new path to controller.
[INFO] [1783997529.920775645] [controller_server]: Passing new path to controller.
[INFO] [1783997530.921801910] [controller_server]: Passing new path to controller.
[INFO] [1783997532.021212418] [controller_server]: Passing new path to controller.
[INFO] [1783997533.019725557] [controller_server]: Passing new path to controller.
[INFO] [1783997534.020363856] [controller_server]: Passing new path to controller.
[INFO] [1783997535.320891559] [controller_server]: Passing new path to controller.
[INFO] [1783997536.519948279] [controller_server]: Passing new path to controller.
[WARN] [1783997536.721509255] [controller_server]: RegulatedPurePursuitController detected collision ahead!
[INFO] [1783997537.719782078] [controller_server]: Passing new path to controller.
[INFO] [1783997538.719734447] [controller_server]: Passing new path to controller.
[INFO] [1783997539.820326628] [controller_server]: Passing new path to controller.
[ERROR] [1783997540.520729782] [controller_server]: Failed to make progress
[WARN] [1783997540.520942765] [controller_server]: [follow_path] [ActionServer] Aborting handle.
[INFO] [1783997542.458590207] [rclcpp]: signal_handler(SIGINT/SIGTERM)
[INFO] [1783997542.458669300] [controller_server]: Running Nav2 LifecycleNode rcl preshutdown (controller_server)
[INFO] [1783997542.458773560] [controller_server]: Deactivating
[INFO] [1783997542.458806079] [controller_server]: Deactivating controller: FollowPath of type regulated_pure_pursuit_controller::RegulatedPurePursuitController
[INFO] [1783997542.458846708] [local_costmap.local_costmap]: Deactivating
[INFO] [1783997542.508903455] [controller_server]: Destroying bond (controller_server) to lifecycle manager.
[INFO] [1783997542.549475463] [controller_server]: Cleaning up
[INFO] [1783997542.549541278] [controller_server]: Cleaning up controller: FollowPath of type regulated_pure_pursuit_controller::RegulatedPurePursuitController
[INFO] [1783997542.549657019] [local_costmap.local_costmap]: Cleaning up
[INFO] [1783997543.876610983] [controller_server]: Destroying bond (controller_server) to lifecycle manager.
