[INFO] [1786007735.542534769] [controller_server]: 
	controller_server lifecycle node launched. 
	Waiting on external lifecycle transitions to activate
	See https://design.ros2.org/articles/node_lifecycle.html for more information.
[INFO] [1786007735.681080124] [controller_server]: Creating controller server
[INFO] [1786007735.893309051] [local_costmap.local_costmap]: 
	local_costmap lifecycle node launched. 
	Waiting on external lifecycle transitions to activate
	See https://design.ros2.org/articles/node_lifecycle.html for more information.
[INFO] [1786007735.895863176] [local_costmap.local_costmap]: Creating Costmap
[INFO] [1786007736.027531290] [controller_server]: Configuring controller interface
[INFO] [1786007736.027587883] [controller_server]: getting progress checker plugins..
[INFO] [1786007736.033740620] [controller_server]: getting goal checker plugins..
[INFO] [1786007736.036141485] [controller_server]: Controller frequency set to 10.0000Hz
[INFO] [1786007736.036300005] [local_costmap.local_costmap]: Configuring
[INFO] [1786007736.086404447] [local_costmap.local_costmap]: Using plugin "voxel_layer"
[INFO] [1786007736.133792393] [local_costmap.local_costmap]: Subscribed to Topics: scan
[INFO] [1786007736.166580314] [local_costmap.local_costmap]: Initialized plugin "voxel_layer"
[INFO] [1786007736.166663778] [local_costmap.local_costmap]: Using plugin "inflation_layer"
[INFO] [1786007736.167466856] [local_costmap.local_costmap]: Initialized plugin "inflation_layer"
[INFO] [1786007736.262019154] [controller_server]: Created progress_checker : progress_checker of type nav2_controller::SimpleProgressChecker
[INFO] [1786007736.262783881] [controller_server]: Controller Server has progress_checker  progress checkers available.
[INFO] [1786007736.266545549] [controller_server]: Created goal checker : general_goal_checker of type nav2_controller::SimpleGoalChecker
[INFO] [1786007736.269425362] [controller_server]: Controller Server has general_goal_checker  goal checkers available.
[INFO] [1786007736.287620128] [controller_server]: Created controller : FollowPath of type nav2_mppi_controller::MPPIController
[INFO] [1786007736.294726075] [controller_server]: Controller period is equal to model dt. Control sequence shifting is ON
[INFO] [1786007736.310418569] [controller_server]: ConstraintCritic instantiated with 1 power and 4.000000 weight.
[INFO] [1786007736.310514828] [controller_server]: Critic loaded : mppi::critics::ConstraintCritic
[WARN] [1786007736.313035953] [controller_server]: Inconsistent configuration in collision checking. Please verify the robot's shape settings in both the costmap and the cost critic.
[INFO] [1786007736.313108083] [controller_server]: InflationCostCritic instantiated with 1 power and 300.000000 / 0.031496 weights. Critic will collision check based on circular cost.
[INFO] [1786007736.313144454] [controller_server]: Critic loaded : mppi::critics::CostCritic
[INFO] [1786007736.313636216] [controller_server]: GoalCritic instantiated with 1 power and 5.000000 weight.
[INFO] [1786007736.313691105] [controller_server]: Critic loaded : mppi::critics::GoalCritic
[INFO] [1786007736.314080385] [controller_server]: GoalAngleCritic instantiated with 1 power, 3.000000 weight, 0.500000 angular threshold and symmetric_yaw_tolerance disabled
[INFO] [1786007736.314135478] [controller_server]: Critic loaded : mppi::critics::GoalAngleCritic
[INFO] [1786007736.314779593] [controller_server]: ReferenceTrajectoryCritic instantiated with 1 power and 8.000000 weight
[INFO] [1786007736.314834871] [controller_server]: Critic loaded : mppi::critics::PathAlignCritic
[INFO] [1786007736.319170246] [controller_server]: Critic loaded : mppi::critics::PathFollowCritic
[INFO] [1786007736.325313039] [controller_server]: PathAngleCritic instantiated with 1 power and 2.000000 weight. Mode set to: Forward Preference
[INFO] [1786007736.325421096] [controller_server]: Critic loaded : mppi::critics::PathAngleCritic
[INFO] [1786007736.328361019] [controller_server]: PreferForwardCritic instantiated with 1 power and 3.000000 weight.
[INFO] [1786007736.328568428] [controller_server]: Critic loaded : mppi::critics::PreferForwardCritic
[INFO] [1786007736.330124566] [controller_server]: Optimizer reset
[INFO] [1786007736.356919139] [MPPIController]: Configured MPPI Controller: FollowPath
[INFO] [1786007736.356980566] [controller_server]: Controller Server has FollowPath  controllers available.
[INFO] [1786007738.177911716] [controller_server]: Activating
[INFO] [1786007738.177990920] [local_costmap.local_costmap]: Activating
[INFO] [1786007738.178008716] [local_costmap.local_costmap]: Checking transform
[INFO] [1786007738.178213162] [local_costmap.local_costmap]: start
[WARN] [1786007738.384568705] [controller_server]: Parameter controller_server.verbose not found
[INFO] [1786007738.384833688] [controller_server]: Optimizer reset
[INFO] [1786007738.386374974] [MPPIController]: Activated MPPI Controller: FollowPath
[INFO] [1786007738.386477734] [controller_server]: Creating bond (controller_server) to lifecycle manager.
[INFO] [1786007880.883270802] [local_costmap.local_costmap]: Message Filter dropping message: frame 'laser' at time 1786007880.578 for reason 'the timestamp on the message is earlier than all the data in the transform cache'
