[INFO] [1786140761.799624622] [controller_server]: 
	controller_server lifecycle node launched. 
	Waiting on external lifecycle transitions to activate
	See https://design.ros2.org/articles/node_lifecycle.html for more information.
[INFO] [1786140761.935743768] [controller_server]: Creating controller server
[INFO] [1786140764.735510134] [local_costmap.local_costmap]: 
	local_costmap lifecycle node launched. 
	Waiting on external lifecycle transitions to activate
	See https://design.ros2.org/articles/node_lifecycle.html for more information.
[INFO] [1786140764.739941545] [local_costmap.local_costmap]: Creating Costmap
[INFO] [1786140764.988024658] [controller_server]: Configuring controller interface
[INFO] [1786140764.988097936] [controller_server]: getting progress checker plugins..
[INFO] [1786140764.990450893] [controller_server]: getting goal checker plugins..
[INFO] [1786140764.999633422] [controller_server]: Controller frequency set to 10.0000Hz
[INFO] [1786140764.999806256] [local_costmap.local_costmap]: Configuring
[INFO] [1786140765.432637821] [local_costmap.local_costmap]: Using plugin "voxel_layer"
[INFO] [1786140765.453301650] [local_costmap.local_costmap]: Subscribed to Topics: scan
[INFO] [1786140765.669071393] [local_costmap.local_costmap]: Initialized plugin "voxel_layer"
[INFO] [1786140765.669175467] [local_costmap.local_costmap]: Using plugin "inflation_layer"
[INFO] [1786140765.672245816] [local_costmap.local_costmap]: Initialized plugin "inflation_layer"
[INFO] [1786140766.186139782] [controller_server]: Created progress_checker : progress_checker of type nav2_controller::SimpleProgressChecker
[INFO] [1786140766.206604332] [controller_server]: Controller Server has progress_checker  progress checkers available.
[INFO] [1786140766.208162728] [controller_server]: Created goal checker : general_goal_checker of type nav2_controller::SimpleGoalChecker
[INFO] [1786140766.260633166] [controller_server]: Controller Server has general_goal_checker  goal checkers available.
[INFO] [1786140766.272095373] [controller_server]: Created controller : FollowPath of type nav2_mppi_controller::MPPIController
[INFO] [1786140766.295527401] [controller_server]: Controller period is equal to model dt. Control sequence shifting is ON
[INFO] [1786140766.301973509] [controller_server]: ConstraintCritic instantiated with 1 power and 4.000000 weight.
[INFO] [1786140766.302124102] [controller_server]: Critic loaded : mppi::critics::ConstraintCritic
[WARN] [1786140766.308996545] [controller_server]: Inconsistent configuration in collision checking. Please verify the robot's shape settings in both the costmap and the cost critic.
[INFO] [1786140766.309438751] [controller_server]: InflationCostCritic instantiated with 1 power and 300.000000 / 0.031496 weights. Critic will collision check based on circular cost.
[INFO] [1786140766.309493751] [controller_server]: Critic loaded : mppi::critics::CostCritic
[INFO] [1786140766.320640827] [controller_server]: GoalCritic instantiated with 1 power and 5.000000 weight.
[INFO] [1786140766.321581221] [controller_server]: Critic loaded : mppi::critics::GoalCritic
[INFO] [1786140766.331503494] [controller_server]: GoalAngleCritic instantiated with 1 power, 3.000000 weight, 0.500000 angular threshold and symmetric_yaw_tolerance disabled
[INFO] [1786140766.331733995] [controller_server]: Critic loaded : mppi::critics::GoalAngleCritic
[INFO] [1786140766.339093922] [controller_server]: ReferenceTrajectoryCritic instantiated with 1 power and 8.000000 weight
[INFO] [1786140766.339175663] [controller_server]: Critic loaded : mppi::critics::PathAlignCritic
[INFO] [1786140766.346725258] [controller_server]: Critic loaded : mppi::critics::PathFollowCritic
[INFO] [1786140766.357622592] [controller_server]: PathAngleCritic instantiated with 1 power and 2.000000 weight. Mode set to: Forward Preference
[INFO] [1786140766.357862741] [controller_server]: Critic loaded : mppi::critics::PathAngleCritic
[INFO] [1786140766.362471339] [controller_server]: PreferForwardCritic instantiated with 1 power and 3.000000 weight.
[INFO] [1786140766.362556691] [controller_server]: Critic loaded : mppi::critics::PreferForwardCritic
[INFO] [1786140766.364249959] [controller_server]: Optimizer reset
[INFO] [1786140766.394568449] [MPPIController]: Configured MPPI Controller: FollowPath
[INFO] [1786140766.395271360] [controller_server]: Controller Server has FollowPath  controllers available.
[INFO] [1786140766.497492813] [controller_server]: Activating
[INFO] [1786140766.497664796] [local_costmap.local_costmap]: Activating
[INFO] [1786140766.497696129] [local_costmap.local_costmap]: Checking transform
[INFO] [1786140766.498254576] [local_costmap.local_costmap]: start
[WARN] [1786140766.772722048] [controller_server]: Parameter controller_server.verbose not found
[INFO] [1786140766.773005623] [controller_server]: Optimizer reset
[INFO] [1786140766.782071392] [MPPIController]: Activated MPPI Controller: FollowPath
[INFO] [1786140766.782226819] [controller_server]: Creating bond (controller_server) to lifecycle manager.
