[INFO] [1785289243.159484611] [controller_server]: 
	controller_server lifecycle node launched. 
	Waiting on external lifecycle transitions to activate
	See https://design.ros2.org/articles/node_lifecycle.html for more information.
[INFO] [1785289243.199350490] [controller_server]: Creating controller server
[INFO] [1785289244.146721784] [local_costmap.local_costmap]: 
	local_costmap lifecycle node launched. 
	Waiting on external lifecycle transitions to activate
	See https://design.ros2.org/articles/node_lifecycle.html for more information.
[INFO] [1785289244.150540635] [local_costmap.local_costmap]: Creating Costmap
[INFO] [1785289244.596092803] [controller_server]: Configuring controller interface
[INFO] [1785289244.596332545] [controller_server]: getting progress checker plugins..
[INFO] [1785289244.597401198] [controller_server]: getting goal checker plugins..
[INFO] [1785289244.598209980] [controller_server]: Controller frequency set to 10.0000Hz
[INFO] [1785289244.598332388] [local_costmap.local_costmap]: Configuring
[INFO] [1785289244.825652549] [local_costmap.local_costmap]: Using plugin "voxel_layer"
[INFO] [1785289244.865360242] [local_costmap.local_costmap]: Subscribed to Topics: scan
[INFO] [1785289244.974820423] [local_costmap.local_costmap]: Initialized plugin "voxel_layer"
[INFO] [1785289244.974909034] [local_costmap.local_costmap]: Using plugin "inflation_layer"
[INFO] [1785289245.017548279] [local_costmap.local_costmap]: Initialized plugin "inflation_layer"
[INFO] [1785289245.170429856] [controller_server]: Created progress_checker : progress_checker of type nav2_controller::SimpleProgressChecker
[INFO] [1785289245.171988252] [controller_server]: Controller Server has progress_checker  progress checkers available.
[INFO] [1785289245.175487399] [controller_server]: Created goal checker : general_goal_checker of type nav2_controller::SimpleGoalChecker
[INFO] [1785289245.183056973] [controller_server]: Controller Server has general_goal_checker  goal checkers available.
[INFO] [1785289245.199697590] [controller_server]: Created controller : FollowPath of type nav2_regulated_pure_pursuit_controller::RegulatedPurePursuitController
[INFO] [1785289245.266102154] [controller_server]: Controller Server has FollowPath  controllers available.
[INFO] [1785289266.548109320] [controller_server]: Activating
[INFO] [1785289266.548171580] [local_costmap.local_costmap]: Activating
[INFO] [1785289266.548186080] [local_costmap.local_costmap]: Checking transform
[INFO] [1785289266.548390433] [local_costmap.local_costmap]: start
[INFO] [1785289266.754542065] [controller_server]: Activating controller: FollowPath of type regulated_pure_pursuit_controller::RegulatedPurePursuitController
[INFO] [1785289266.754614010] [controller_server]: Creating bond (controller_server) to lifecycle manager.
[INFO] [1785289278.166469833] [controller_server]: Received a goal, begin computing control effort.
[WARN] [1785289278.166609204] [controller_server]: No goal checker was specified in parameter 'current_goal_checker'. Server will use only plugin loaded general_goal_checker . This warning will appear once.
[WARN] [1785289278.166637186] [controller_server]: No progress checker was specified in parameter 'current_progress_checker'. Server will use only plugin loaded progress_checker . This warning will appear once.
[INFO] [1785289279.266783037] [controller_server]: Passing new path to controller.
[INFO] [1785289280.366801221] [controller_server]: Passing new path to controller.
[INFO] [1785289281.466788312] [controller_server]: Passing new path to controller.
[INFO] [1785289282.566789848] [controller_server]: Passing new path to controller.
[INFO] [1785289283.666788884] [controller_server]: Passing new path to controller.
[INFO] [1785289284.766789031] [controller_server]: Passing new path to controller.
[INFO] [1785289285.866791566] [controller_server]: Passing new path to controller.
[INFO] [1785289286.967022696] [controller_server]: Passing new path to controller.
[INFO] [1785289288.066792712] [controller_server]: Passing new path to controller.
[INFO] [1785289289.166794729] [controller_server]: Passing new path to controller.
[INFO] [1785289290.266818098] [controller_server]: Passing new path to controller.
[INFO] [1785289291.368275530] [controller_server]: Passing new path to controller.
[INFO] [1785289292.466784484] [controller_server]: Passing new path to controller.
[INFO] [1785289293.566800002] [controller_server]: Passing new path to controller.
[INFO] [1785289294.666793408] [controller_server]: Passing new path to controller.
[INFO] [1785289295.666789883] [controller_server]: Passing new path to controller.
[INFO] [1785289296.766803530] [controller_server]: Passing new path to controller.
[INFO] [1785289297.866846862] [controller_server]: Passing new path to controller.
[ERROR] [1785289298.166930470] [controller_server]: Failed to make progress
[WARN] [1785289298.167528769] [controller_server]: [follow_path] [ActionServer] Aborting handle.
[INFO] [1785289298.184704704] [local_costmap.local_costmap]: Received request to clear entirely the local_costmap
[INFO] [1785289298.186085248] [controller_server]: Received a goal, begin computing control effort.
[WARN] [1785289298.356663282] [controller_server]: Control loop missed its desired rate of 10.0000 Hz. Current loop rate is 5.8658 Hz.
[INFO] [1785289298.956776275] [controller_server]: Passing new path to controller.
[INFO] [1785289300.056822774] [controller_server]: Passing new path to controller.
[INFO] [1785289301.156821272] [controller_server]: Passing new path to controller.
[INFO] [1785289302.256836012] [controller_server]: Passing new path to controller.
[INFO] [1785289303.356823973] [controller_server]: Passing new path to controller.
[INFO] [1785289304.356818023] [controller_server]: Passing new path to controller.
[INFO] [1785289305.456823114] [controller_server]: Passing new path to controller.
[INFO] [1785289306.556778761] [controller_server]: Passing new path to controller.
[INFO] [1785289307.656825778] [controller_server]: Passing new path to controller.
[INFO] [1785289308.756777665] [controller_server]: Passing new path to controller.
[INFO] [1785289309.856866535] [controller_server]: Passing new path to controller.
[INFO] [1785289310.956821089] [controller_server]: Passing new path to controller.
[INFO] [1785289312.056816958] [controller_server]: Passing new path to controller.
[INFO] [1785289313.156834290] [controller_server]: Passing new path to controller.
[INFO] [1785289314.256826918] [controller_server]: Passing new path to controller.
[INFO] [1785289315.356801750] [controller_server]: Passing new path to controller.
[INFO] [1785289316.456831897] [controller_server]: Passing new path to controller.
[INFO] [1785289317.556823248] [controller_server]: Passing new path to controller.
[ERROR] [1785289318.356902158] [controller_server]: Failed to make progress
[WARN] [1785289318.357080844] [controller_server]: [follow_path] [ActionServer] Aborting handle.
[INFO] [1785289318.373431127] [local_costmap.local_costmap]: Received request to clear entirely the local_costmap
[INFO] [1785289322.804743774] [controller_server]: Received a goal, begin computing control effort.
[INFO] [1785289324.005653449] [controller_server]: Passing new path to controller.
[INFO] [1785289325.105709337] [controller_server]: Passing new path to controller.
[INFO] [1785289326.105517792] [controller_server]: Passing new path to controller.
[INFO] [1785289327.205449883] [controller_server]: Passing new path to controller.
[INFO] [1785289328.305444530] [controller_server]: Passing new path to controller.
[INFO] [1785289329.305452542] [controller_server]: Passing new path to controller.
[INFO] [1785289330.405457152] [controller_server]: Passing new path to controller.
[INFO] [1785289331.405629313] [controller_server]: Passing new path to controller.
[INFO] [1785289332.505778016] [controller_server]: Passing new path to controller.
[INFO] [1785289333.505446194] [controller_server]: Passing new path to controller.
[INFO] [1785289334.605517008] [controller_server]: Passing new path to controller.
[INFO] [1785289335.605458316] [controller_server]: Passing new path to controller.
[INFO] [1785289336.705449944] [controller_server]: Passing new path to controller.
[INFO] [1785289337.705785143] [controller_server]: Passing new path to controller.
[INFO] [1785289338.805458881] [controller_server]: Passing new path to controller.
[INFO] [1785289339.805448819] [controller_server]: Passing new path to controller.
[INFO] [1785289340.905749653] [controller_server]: Passing new path to controller.
[INFO] [1785289341.905456904] [controller_server]: Passing new path to controller.
[INFO] [1785289343.005475977] [controller_server]: Passing new path to controller.
[INFO] [1785289344.005501693] [controller_server]: Passing new path to controller.
[ERROR] [1785289344.105562235] [controller_server]: Failed to make progress
[WARN] [1785289344.105764144] [controller_server]: [follow_path] [ActionServer] Aborting handle.
[INFO] [1785289344.123385859] [local_costmap.local_costmap]: Received request to clear entirely the local_costmap
[INFO] [1785289344.124312419] [controller_server]: Received a goal, begin computing control effort.
[INFO] [1785289345.124480766] [controller_server]: Passing new path to controller.
[INFO] [1785289346.124481870] [controller_server]: Passing new path to controller.
[INFO] [1785289347.224485110] [controller_server]: Passing new path to controller.
[INFO] [1785289348.224487215] [controller_server]: Passing new path to controller.
[INFO] [1785289349.324477824] [controller_server]: Passing new path to controller.
[INFO] [1785289350.324487207] [controller_server]: Passing new path to controller.
[INFO] [1785289351.424478058] [controller_server]: Passing new path to controller.
[INFO] [1785289352.424482255] [controller_server]: Passing new path to controller.
[INFO] [1785289353.524476254] [controller_server]: Passing new path to controller.
[INFO] [1785289354.524485155] [controller_server]: Passing new path to controller.
[INFO] [1785289355.624480079] [controller_server]: Passing new path to controller.
[INFO] [1785289356.624484166] [controller_server]: Passing new path to controller.
[INFO] [1785289357.624478641] [controller_server]: Passing new path to controller.
[INFO] [1785289358.724483899] [controller_server]: Passing new path to controller.
[INFO] [1785289359.724476763] [controller_server]: Passing new path to controller.
[INFO] [1785289360.824483373] [controller_server]: Passing new path to controller.
[INFO] [1785289361.824484737] [controller_server]: Passing new path to controller.
[INFO] [1785289362.924483476] [controller_server]: Passing new path to controller.
[INFO] [1785289363.924568378] [controller_server]: Passing new path to controller.
[ERROR] [1785289364.224565652] [controller_server]: Failed to make progress
[WARN] [1785289364.224762190] [controller_server]: [follow_path] [ActionServer] Aborting handle.
[INFO] [1785289364.243417447] [local_costmap.local_costmap]: Received request to clear entirely the local_costmap
[INFO] [1785289368.503920745] [controller_server]: Received a goal, begin computing control effort.
[INFO] [1785289369.604103171] [controller_server]: Passing new path to controller.
[INFO] [1785289370.604078886] [controller_server]: Passing new path to controller.
[INFO] [1785289371.704097144] [controller_server]: Passing new path to controller.
[INFO] [1785289372.704096916] [controller_server]: Passing new path to controller.
[INFO] [1785289373.704097928] [controller_server]: Passing new path to controller.
[INFO] [1785289374.704124144] [controller_server]: Passing new path to controller.
[INFO] [1785289375.804108698] [controller_server]: Passing new path to controller.
[INFO] [1785289376.804161137] [controller_server]: Passing new path to controller.
[INFO] [1785289377.804103871] [controller_server]: Passing new path to controller.
[INFO] [1785289378.904130333] [controller_server]: Passing new path to controller.
[INFO] [1785289379.904249809] [controller_server]: Passing new path to controller.
[INFO] [1785289380.904099413] [controller_server]: Passing new path to controller.
[INFO] [1785289382.004295746] [controller_server]: Passing new path to controller.
[INFO] [1785289383.006181860] [controller_server]: Passing new path to controller.
[INFO] [1785289384.004101269] [controller_server]: Passing new path to controller.
[INFO] [1785289385.104783290] [controller_server]: Passing new path to controller.
[INFO] [1785289386.104187003] [controller_server]: Passing new path to controller.
[INFO] [1785289387.104100552] [controller_server]: Passing new path to controller.
[INFO] [1785289388.204094736] [controller_server]: Passing new path to controller.
[INFO] [1785289389.204121026] [controller_server]: Passing new path to controller.
[INFO] [1785289390.204186038] [controller_server]: Passing new path to controller.
[INFO] [1785289391.304100833] [controller_server]: Passing new path to controller.
[INFO] [1785289392.304095845] [controller_server]: Passing new path to controller.
[INFO] [1785289393.305347641] [controller_server]: Passing new path to controller.
[INFO] [1785289394.304065647] [controller_server]: Passing new path to controller.
[INFO] [1785289395.137031069] [local_costmap.local_costmap]: Message Filter dropping message: frame 'laser' at time 1785289394.832 for reason 'the timestamp on the message is earlier than all the data in the transform cache'
[INFO] [1785289395.404293499] [controller_server]: Passing new path to controller.
[INFO] [1785289396.404109640] [controller_server]: Passing new path to controller.
[INFO] [1785289397.404133430] [controller_server]: Passing new path to controller.
[INFO] [1785289398.504382448] [controller_server]: Passing new path to controller.
[INFO] [1785289399.504124811] [controller_server]: Passing new path to controller.
[INFO] [1785289400.504103009] [controller_server]: Passing new path to controller.
[INFO] [1785289401.504142743] [controller_server]: Passing new path to controller.
[INFO] [1785289402.604126334] [controller_server]: Passing new path to controller.
[INFO] [1785289403.604120624] [controller_server]: Passing new path to controller.
[INFO] [1785289404.604146322] [controller_server]: Passing new path to controller.
[INFO] [1785289405.604158557] [controller_server]: Passing new path to controller.
[INFO] [1785289406.704161889] [controller_server]: Passing new path to controller.
[INFO] [1785289407.704289605] [controller_server]: Passing new path to controller.
[INFO] [1785289408.704109357] [controller_server]: Passing new path to controller.
[INFO] [1785289409.704110684] [controller_server]: Passing new path to controller.
[INFO] [1785289410.804099090] [controller_server]: Passing new path to controller.
[INFO] [1785289411.804079973] [controller_server]: Passing new path to controller.
[INFO] [1785289412.804110096] [controller_server]: Passing new path to controller.
[INFO] [1785289413.904089669] [controller_server]: Passing new path to controller.
[INFO] [1785289414.904093292] [controller_server]: Passing new path to controller.
[INFO] [1785289415.904077027] [controller_server]: Passing new path to controller.
[INFO] [1785289416.904094595] [controller_server]: Passing new path to controller.
[INFO] [1785289418.004074186] [controller_server]: Passing new path to controller.
[INFO] [1785289419.004700146] [controller_server]: Passing new path to controller.
[INFO] [1785289419.704518994] [controller_server]: Reached the goal!
[INFO] [1785289770.003268196] [local_costmap.local_costmap]: Message Filter dropping message: frame 'laser' at time 1785289769.698 for reason 'the timestamp on the message is earlier than all the data in the transform cache'
[INFO] [1785290237.861299421] [controller_server]: Received a goal, begin computing control effort.
[INFO] [1785290238.961483634] [controller_server]: Passing new path to controller.
[INFO] [1785290239.961480624] [controller_server]: Passing new path to controller.
[INFO] [1785290241.061483318] [controller_server]: Passing new path to controller.
[INFO] [1785290242.061481123] [controller_server]: Passing new path to controller.
[INFO] [1785290243.061654374] [controller_server]: Passing new path to controller.
[INFO] [1785290244.161481955] [controller_server]: Passing new path to controller.
[INFO] [1785290245.161479131] [controller_server]: Passing new path to controller.
[INFO] [1785290246.161477566] [controller_server]: Passing new path to controller.
[INFO] [1785290247.261482926] [controller_server]: Passing new path to controller.
[INFO] [1785290248.261482954] [controller_server]: Passing new path to controller.
[INFO] [1785290249.361479277] [controller_server]: Passing new path to controller.
[INFO] [1785290250.361477730] [controller_server]: Passing new path to controller.
[INFO] [1785290251.361459147] [controller_server]: Passing new path to controller.
[INFO] [1785290252.461483637] [controller_server]: Passing new path to controller.
[INFO] [1785290253.461511683] [controller_server]: Passing new path to controller.
[INFO] [1785290254.461476951] [controller_server]: Passing new path to controller.
[INFO] [1785290255.561480348] [controller_server]: Passing new path to controller.
[INFO] [1785290256.561454413] [controller_server]: Passing new path to controller.
[INFO] [1785290257.561474570] [controller_server]: Passing new path to controller.
[ERROR] [1785290257.861565383] [controller_server]: Failed to make progress
[WARN] [1785290257.861767125] [controller_server]: [follow_path] [ActionServer] Aborting handle.
[INFO] [1785290257.885336765] [local_costmap.local_costmap]: Received request to clear entirely the local_costmap
[INFO] [1785290257.886570290] [controller_server]: Received a goal, begin computing control effort.
[INFO] [1785290258.686747154] [controller_server]: Passing new path to controller.
[INFO] [1785290259.686750533] [controller_server]: Passing new path to controller.
[INFO] [1785290260.686746135] [controller_server]: Passing new path to controller.
[INFO] [1785290261.786727865] [controller_server]: Passing new path to controller.
[INFO] [1785290262.786746800] [controller_server]: Passing new path to controller.
[INFO] [1785290263.786749921] [controller_server]: Passing new path to controller.
[INFO] [1785290264.886728373] [controller_server]: Passing new path to controller.
[INFO] [1785290265.887012402] [controller_server]: Passing new path to controller.
[INFO] [1785290266.886749632] [controller_server]: Passing new path to controller.
[INFO] [1785290267.987040253] [controller_server]: Passing new path to controller.
[INFO] [1785290268.987215504] [controller_server]: Passing new path to controller.
[INFO] [1785290270.086930548] [controller_server]: Passing new path to controller.
[INFO] [1785290271.086749185] [controller_server]: Passing new path to controller.
[INFO] [1785290272.086747380] [controller_server]: Passing new path to controller.
[INFO] [1785290273.186746295] [controller_server]: Passing new path to controller.
[INFO] [1785290274.186775194] [controller_server]: Passing new path to controller.
[INFO] [1785290275.186750832] [controller_server]: Passing new path to controller.
[INFO] [1785290276.286753914] [controller_server]: Passing new path to controller.
[INFO] [1785290277.286766905] [controller_server]: Passing new path to controller.
[ERROR] [1785290277.986899677] [controller_server]: Failed to make progress
[WARN] [1785290277.987122697] [controller_server]: [follow_path] [ActionServer] Aborting handle.
[INFO] [1785290278.000827082] [local_costmap.local_costmap]: Received request to clear entirely the local_costmap
[INFO] [1785290282.241973441] [controller_server]: Received a goal, begin computing control effort.
[INFO] [1785290283.342141672] [controller_server]: Passing new path to controller.
[INFO] [1785290284.342138719] [controller_server]: Passing new path to controller.
[INFO] [1785290285.342135802] [controller_server]: Passing new path to controller.
[INFO] [1785290286.442140514] [controller_server]: Passing new path to controller.
[INFO] [1785290287.442138171] [controller_server]: Passing new path to controller.
[INFO] [1785290288.442147921] [controller_server]: Passing new path to controller.
[INFO] [1785290289.542138614] [controller_server]: Passing new path to controller.
[INFO] [1785290290.542140568] [controller_server]: Passing new path to controller.
[INFO] [1785290291.642139502] [controller_server]: Passing new path to controller.
[INFO] [1785290292.642139141] [controller_server]: Passing new path to controller.
[INFO] [1785290293.642146132] [controller_server]: Passing new path to controller.
[INFO] [1785290294.742137955] [controller_server]: Passing new path to controller.
[INFO] [1785290295.742139612] [controller_server]: Passing new path to controller.
[INFO] [1785290296.742137954] [controller_server]: Passing new path to controller.
[INFO] [1785290297.842138277] [controller_server]: Passing new path to controller.
[INFO] [1785290298.842094971] [controller_server]: Passing new path to controller.
[INFO] [1785290299.842132536] [controller_server]: Passing new path to controller.
[INFO] [1785290300.942139508] [controller_server]: Passing new path to controller.
[INFO] [1785290301.942139517] [controller_server]: Passing new path to controller.
[INFO] [1785290302.942139600] [controller_server]: Passing new path to controller.
[ERROR] [1785290303.942535370] [controller_server]: Failed to make progress
[WARN] [1785290303.942711871] [controller_server]: [follow_path] [ActionServer] Aborting handle.
[INFO] [1785290303.960792113] [local_costmap.local_costmap]: Received request to clear entirely the local_costmap
[INFO] [1785290303.961591487] [controller_server]: Received a goal, begin computing control effort.
[INFO] [1785290304.151787046] [controller_server]: Passing new path to controller.
[WARN] [1785290304.153055349] [controller_server]: Control loop missed its desired rate of 10.0000 Hz. Current loop rate is 5.2254 Hz.
[INFO] [1785290305.053225656] [controller_server]: Passing new path to controller.
[INFO] [1785290306.053187128] [controller_server]: Passing new path to controller.
[INFO] [1785290307.153259674] [controller_server]: Passing new path to controller.
[INFO] [1785290308.153532073] [controller_server]: Passing new path to controller.
[INFO] [1785290309.253213339] [controller_server]: Passing new path to controller.
[INFO] [1785290310.253228755] [controller_server]: Passing new path to controller.
[INFO] [1785290311.253221376] [controller_server]: Passing new path to controller.
[INFO] [1785290312.353173550] [controller_server]: Passing new path to controller.
[INFO] [1785290313.353215430] [controller_server]: Passing new path to controller.
[INFO] [1785290314.353227069] [controller_server]: Passing new path to controller.
[INFO] [1785290315.453219151] [controller_server]: Passing new path to controller.
[INFO] [1785290316.453180753] [controller_server]: Passing new path to controller.
[INFO] [1785290317.453214429] [controller_server]: Passing new path to controller.
[INFO] [1785290318.553179085] [controller_server]: Passing new path to controller.
[INFO] [1785290319.553249372] [controller_server]: Passing new path to controller.
[INFO] [1785290320.553213177] [controller_server]: Passing new path to controller.
[INFO] [1785290321.653212556] [controller_server]: Passing new path to controller.
[INFO] [1785290322.653214324] [controller_server]: Passing new path to controller.
[INFO] [1785290323.653175815] [controller_server]: Passing new path to controller.
[ERROR] [1785290324.153285885] [controller_server]: Failed to make progress
[WARN] [1785290324.153427126] [controller_server]: [follow_path] [ActionServer] Aborting handle.
[INFO] [1785290324.171033050] [local_costmap.local_costmap]: Received request to clear entirely the local_costmap
[INFO] [1785290328.412027112] [controller_server]: Received a goal, begin computing control effort.
[INFO] [1785290329.512905643] [controller_server]: Passing new path to controller.
[INFO] [1785290330.514127066] [controller_server]: Passing new path to controller.
[INFO] [1785290331.513088051] [controller_server]: Passing new path to controller.
[INFO] [1785290332.612940503] [controller_server]: Passing new path to controller.
[INFO] [1785290333.612953438] [controller_server]: Passing new path to controller.
[INFO] [1785290334.612967262] [controller_server]: Passing new path to controller.
[INFO] [1785290335.713351532] [controller_server]: Passing new path to controller.
[INFO] [1785290336.713093077] [controller_server]: Passing new path to controller.
[INFO] [1785290337.712970715] [controller_server]: Passing new path to controller.
[INFO] [1785290338.714179693] [controller_server]: Passing new path to controller.
[INFO] [1785290339.812942436] [controller_server]: Passing new path to controller.
[INFO] [1785290340.812949389] [controller_server]: Passing new path to controller.
[INFO] [1785290341.812956769] [controller_server]: Passing new path to controller.
[INFO] [1785290342.912954407] [controller_server]: Passing new path to controller.
[INFO] [1785290343.912951934] [controller_server]: Passing new path to controller.
[INFO] [1785290344.912955073] [controller_server]: Passing new path to controller.
[INFO] [1785290346.012937878] [controller_server]: Passing new path to controller.
[INFO] [1785290347.012961628] [controller_server]: Passing new path to controller.
[INFO] [1785290348.012951266] [controller_server]: Passing new path to controller.
[INFO] [1785290349.112956960] [controller_server]: Passing new path to controller.
[INFO] [1785290350.112952247] [controller_server]: Passing new path to controller.
[INFO] [1785290351.112967274] [controller_server]: Passing new path to controller.
[INFO] [1785290352.113032358] [controller_server]: Passing new path to controller.
[INFO] [1785290353.213062811] [controller_server]: Passing new path to controller.
[INFO] [1785290354.213459322] [controller_server]: Passing new path to controller.
[INFO] [1785290355.213836981] [controller_server]: Passing new path to controller.
[INFO] [1785290356.313510247] [controller_server]: Passing new path to controller.
[INFO] [1785290357.313067550] [controller_server]: Passing new path to controller.
[INFO] [1785290358.312957799] [controller_server]: Passing new path to controller.
[INFO] [1785290359.413391476] [controller_server]: Passing new path to controller.
[INFO] [1785290360.412958224] [controller_server]: Passing new path to controller.
[INFO] [1785290361.412935140] [controller_server]: Passing new path to controller.
[INFO] [1785290362.412949150] [controller_server]: Passing new path to controller.
[INFO] [1785290363.513145566] [controller_server]: Passing new path to controller.
[INFO] [1785290364.513267724] [controller_server]: Passing new path to controller.
[INFO] [1785290365.513181788] [controller_server]: Passing new path to controller.
[INFO] [1785290366.612948018] [controller_server]: Passing new path to controller.
[INFO] [1785290367.612946045] [controller_server]: Passing new path to controller.
[INFO] [1785290368.612945314] [controller_server]: Passing new path to controller.
[INFO] [1785290369.712942266] [controller_server]: Passing new path to controller.
[INFO] [1785290370.712946627] [controller_server]: Passing new path to controller.
[INFO] [1785290371.712941840] [controller_server]: Passing new path to controller.
[INFO] [1785290372.812946145] [controller_server]: Passing new path to controller.
[INFO] [1785290373.812946691] [controller_server]: Passing new path to controller.
[INFO] [1785290374.812942589] [controller_server]: Passing new path to controller.
[INFO] [1785290375.912944208] [controller_server]: Passing new path to controller.
[INFO] [1785290376.913682295] [controller_server]: Passing new path to controller.
[INFO] [1785290377.912947208] [controller_server]: Passing new path to controller.
[INFO] [1785290379.012943790] [controller_server]: Passing new path to controller.
[INFO] [1785290380.012944910] [controller_server]: Passing new path to controller.
[INFO] [1785290381.012945586] [controller_server]: Passing new path to controller.
[INFO] [1785290382.012957021] [controller_server]: Passing new path to controller.
[INFO] [1785290383.112946196] [controller_server]: Passing new path to controller.
[INFO] [1785290384.112944613] [controller_server]: Passing new path to controller.
[ERROR] [1785290384.113304096] [controller_server]: Failed to make progress
[WARN] [1785290384.113453930] [controller_server]: [follow_path] [ActionServer] Aborting handle.
[INFO] [1785290384.140941850] [local_costmap.local_costmap]: Received request to clear entirely the local_costmap
[INFO] [1785290384.141803558] [controller_server]: Received a goal, begin computing control effort.
[INFO] [1785290385.142007809] [controller_server]: Passing new path to controller.
[INFO] [1785290386.141999115] [controller_server]: Passing new path to controller.
[INFO] [1785290387.242007345] [controller_server]: Passing new path to controller.
[INFO] [1785290388.241995317] [controller_server]: Passing new path to controller.
[INFO] [1785290389.242001974] [controller_server]: Passing new path to controller.
[INFO] [1785290390.342006668] [controller_server]: Passing new path to controller.
[INFO] [1785290391.342005158] [controller_server]: Passing new path to controller.
[INFO] [1785290392.341978001] [controller_server]: Passing new path to controller.
[INFO] [1785290393.442007935] [controller_server]: Passing new path to controller.
[INFO] [1785290394.442007963] [controller_server]: Passing new path to controller.
[INFO] [1785290395.442013638] [controller_server]: Passing new path to controller.
[INFO] [1785290396.442010351] [controller_server]: Passing new path to controller.
[INFO] [1785290397.442001064] [controller_server]: Passing new path to controller.
[INFO] [1785290398.542003943] [controller_server]: Passing new path to controller.
[INFO] [1785290399.542007526] [controller_server]: Passing new path to controller.
[INFO] [1785290400.542000683] [controller_server]: Passing new path to controller.
[INFO] [1785290401.641980636] [controller_server]: Passing new path to controller.
[INFO] [1785290402.642008663] [controller_server]: Passing new path to controller.
[INFO] [1785290403.642021117] [controller_server]: Passing new path to controller.
[ERROR] [1785290404.242072501] [controller_server]: Failed to make progress
[WARN] [1785290404.242256835] [controller_server]: [follow_path] [ActionServer] Aborting handle.
[INFO] [1785290404.260857135] [local_costmap.local_costmap]: Received request to clear entirely the local_costmap
[INFO] [1785290408.611173336] [controller_server]: Received a goal, begin computing control effort.
[INFO] [1785290409.711627291] [controller_server]: Passing new path to controller.
[WARN] [1785290410.012927666] [controller_server]: RegulatedPurePursuitController detected collision ahead!
[WARN] [1785290410.113036202] [controller_server]: RegulatedPurePursuitController detected collision ahead!
[WARN] [1785290410.513718313] [controller_server]: RegulatedPurePursuitController detected collision ahead!
[WARN] [1785290410.612847104] [controller_server]: RegulatedPurePursuitController detected collision ahead!
[WARN] [1785290410.712504564] [controller_server]: RegulatedPurePursuitController detected collision ahead!
[ERROR] [1785290410.713233124] [controller_server]: Controller patience exceeded
[WARN] [1785290410.713409125] [controller_server]: [follow_path] [ActionServer] Aborting handle.
[INFO] [1785290410.730865511] [local_costmap.local_costmap]: Received request to clear entirely the local_costmap
[INFO] [1785290410.731804312] [controller_server]: Received a goal, begin computing control effort.
[INFO] [1785290410.831971053] [controller_server]: Cancellation was successful. Stopping the robot.
[INFO] [1785290410.832039109] [controller_server]: [follow_path] [ActionServer] Client requested to cancel the goal. Cancelling.
[INFO] [1785291393.890125912] [rclcpp]: signal_handler(SIGINT/SIGTERM)
[INFO] [1785291393.890214023] [controller_server]: Running Nav2 LifecycleNode rcl preshutdown (controller_server)
[INFO] [1785291393.890310579] [controller_server]: Deactivating
[INFO] [1785291393.890343191] [controller_server]: Deactivating controller: FollowPath of type regulated_pure_pursuit_controller::RegulatedPurePursuitController
[INFO] [1785291393.890388265] [local_costmap.local_costmap]: Deactivating
[INFO] [1785291393.956068073] [controller_server]: Destroying bond (controller_server) to lifecycle manager.
[INFO] [1785291393.973926297] [controller_server]: Cleaning up
[INFO] [1785291393.973985427] [controller_server]: Cleaning up controller: FollowPath of type regulated_pure_pursuit_controller::RegulatedPurePursuitController
[INFO] [1785291393.974101390] [local_costmap.local_costmap]: Cleaning up
[INFO] [1785291394.771698008] [controller_server]: Destroying bond (controller_server) to lifecycle manager.
