[INFO] [1786036918.320102260] [controller_server]: 
	controller_server lifecycle node launched. 
	Waiting on external lifecycle transitions to activate
	See https://design.ros2.org/articles/node_lifecycle.html for more information.
[INFO] [1786036918.349250254] [controller_server]: Creating controller server
[INFO] [1786036918.389622274] [local_costmap.local_costmap]: 
	local_costmap lifecycle node launched. 
	Waiting on external lifecycle transitions to activate
	See https://design.ros2.org/articles/node_lifecycle.html for more information.
[INFO] [1786036918.390788688] [local_costmap.local_costmap]: Creating Costmap
[INFO] [1786036919.730281027] [controller_server]: Configuring controller interface
[INFO] [1786036919.730332305] [controller_server]: getting progress checker plugins..
[INFO] [1786036919.730629103] [controller_server]: getting goal checker plugins..
[INFO] [1786036919.730792196] [controller_server]: Controller frequency set to 10.0000Hz
[INFO] [1786036919.730872993] [local_costmap.local_costmap]: Configuring
[INFO] [1786036919.770563268] [local_costmap.local_costmap]: Using plugin "voxel_layer"
[INFO] [1786036919.778768665] [local_costmap.local_costmap]: Subscribed to Topics: scan
[INFO] [1786036919.811783422] [local_costmap.local_costmap]: Initialized plugin "voxel_layer"
[INFO] [1786036919.811895626] [local_costmap.local_costmap]: Using plugin "inflation_layer"
[INFO] [1786036919.813096874] [local_costmap.local_costmap]: Initialized plugin "inflation_layer"
[INFO] [1786036919.898963701] [controller_server]: Created progress_checker : progress_checker of type nav2_controller::SimpleProgressChecker
[INFO] [1786036919.899865947] [controller_server]: Controller Server has progress_checker  progress checkers available.
[INFO] [1786036919.901438529] [controller_server]: Created goal checker : general_goal_checker of type nav2_controller::SimpleGoalChecker
[INFO] [1786036919.902981705] [controller_server]: Controller Server has general_goal_checker  goal checkers available.
[INFO] [1786036919.906721429] [controller_server]: Created controller : FollowPath of type nav2_mppi_controller::MPPIController
[INFO] [1786036919.910933656] [controller_server]: Controller period is equal to model dt. Control sequence shifting is ON
[INFO] [1786036919.917524285] [controller_server]: ConstraintCritic instantiated with 1 power and 4.000000 weight.
[INFO] [1786036919.917626600] [controller_server]: Critic loaded : mppi::critics::ConstraintCritic
[WARN] [1786036919.923110149] [controller_server]: Inconsistent configuration in collision checking. Please verify the robot's shape settings in both the costmap and the cost critic.
[INFO] [1786036919.923193594] [controller_server]: InflationCostCritic instantiated with 1 power and 300.000000 / 0.031496 weights. Critic will collision check based on circular cost.
[INFO] [1786036919.923228224] [controller_server]: Critic loaded : mppi::critics::CostCritic
[INFO] [1786036919.925317365] [controller_server]: GoalCritic instantiated with 1 power and 5.000000 weight.
[INFO] [1786036919.925674886] [controller_server]: Critic loaded : mppi::critics::GoalCritic
[INFO] [1786036919.926262241] [controller_server]: GoalAngleCritic instantiated with 1 power, 3.000000 weight, 0.500000 angular threshold and symmetric_yaw_tolerance disabled
[INFO] [1786036919.926313056] [controller_server]: Critic loaded : mppi::critics::GoalAngleCritic
[INFO] [1786036919.932337089] [controller_server]: ReferenceTrajectoryCritic instantiated with 1 power and 8.000000 weight
[INFO] [1786036919.932440627] [controller_server]: Critic loaded : mppi::critics::PathAlignCritic
[INFO] [1786036919.932905463] [controller_server]: Critic loaded : mppi::critics::PathFollowCritic
[INFO] [1786036919.933578448] [controller_server]: PathAngleCritic instantiated with 1 power and 2.000000 weight. Mode set to: Forward Preference
[INFO] [1786036919.933634726] [controller_server]: Critic loaded : mppi::critics::PathAngleCritic
[INFO] [1786036919.933984543] [controller_server]: PreferForwardCritic instantiated with 1 power and 3.000000 weight.
[INFO] [1786036919.936085851] [controller_server]: Critic loaded : mppi::critics::PreferForwardCritic
[INFO] [1786036919.938003491] [controller_server]: Optimizer reset
[INFO] [1786036919.952754943] [MPPIController]: Configured MPPI Controller: FollowPath
[INFO] [1786036919.952813999] [controller_server]: Controller Server has FollowPath  controllers available.
[INFO] [1786036921.108840637] [controller_server]: Activating
[INFO] [1786036921.108900915] [local_costmap.local_costmap]: Activating
[INFO] [1786036921.109043638] [local_costmap.local_costmap]: Checking transform
[INFO] [1786036921.109601419] [local_costmap.local_costmap]: start
[WARN] [1786036921.314454238] [controller_server]: Parameter controller_server.verbose not found
[INFO] [1786036921.314692499] [controller_server]: Optimizer reset
[INFO] [1786036921.315000871] [MPPIController]: Activated MPPI Controller: FollowPath
[INFO] [1786036921.315036297] [controller_server]: Creating bond (controller_server) to lifecycle manager.
[INFO] [1786037039.997444049] [local_costmap.local_costmap]: Message Filter dropping message: frame 'laser' at time 1786037037.991 for reason 'the timestamp on the message is earlier than all the data in the transform cache'
[INFO] [1786037328.397289594] [local_costmap.local_costmap]: Message Filter dropping message: frame 'laser' at time 1786037326.391 for reason 'the timestamp on the message is earlier than all the data in the transform cache'
[INFO] [1786038024.630761299] [local_costmap.local_costmap]: Message Filter dropping message: frame 'laser' at time 1786038022.626 for reason 'the timestamp on the message is earlier than all the data in the transform cache'
[INFO] [1786038608.012199894] [rclcpp]: signal_handler(SIGINT/SIGTERM)
[INFO] [1786038608.012360524] [controller_server]: Running Nav2 LifecycleNode rcl preshutdown (controller_server)
[INFO] [1786038608.012528895] [controller_server]: Deactivating
[INFO] [1786038608.012578599] [MPPIController]: Deactivated MPPI Controller: FollowPath
[INFO] [1786038608.012606618] [local_costmap.local_costmap]: Deactivating
