[INFO] [1783987270.865516369] [controller_server]: 
	controller_server lifecycle node launched. 
	Waiting on external lifecycle transitions to activate
	See https://design.ros2.org/articles/node_lifecycle.html for more information.
[INFO] [1783987270.887198761] [controller_server]: Creating controller server
[INFO] [1783987271.714817450] [local_costmap.local_costmap]: 
	local_costmap lifecycle node launched. 
	Waiting on external lifecycle transitions to activate
	See https://design.ros2.org/articles/node_lifecycle.html for more information.
[INFO] [1783987271.719232806] [local_costmap.local_costmap]: Creating Costmap
[INFO] [1783987272.416274474] [controller_server]: Configuring controller interface
[INFO] [1783987272.416337919] [controller_server]: getting progress checker plugins..
[INFO] [1783987272.416760107] [controller_server]: getting goal checker plugins..
[INFO] [1783987272.416998719] [controller_server]: Controller frequency set to 10.0000Hz
[INFO] [1783987272.417088979] [local_costmap.local_costmap]: Configuring
[INFO] [1783987272.451965699] [local_costmap.local_costmap]: Using plugin "voxel_layer"
[INFO] [1783987272.461278433] [local_costmap.local_costmap]: Subscribed to Topics: scan
[INFO] [1783987272.514529325] [local_costmap.local_costmap]: Initialized plugin "voxel_layer"
[INFO] [1783987272.514619325] [local_costmap.local_costmap]: Using plugin "inflation_layer"
[INFO] [1783987272.523707225] [local_costmap.local_costmap]: Initialized plugin "inflation_layer"
[INFO] [1783987272.627175806] [controller_server]: Created progress_checker : progress_checker of type nav2_controller::SimpleProgressChecker
[INFO] [1783987272.630549324] [controller_server]: Controller Server has progress_checker  progress checkers available.
[INFO] [1783987272.634108658] [controller_server]: Created goal checker : general_goal_checker of type nav2_controller::SimpleGoalChecker
[INFO] [1783987272.637984215] [controller_server]: Controller Server has general_goal_checker  goal checkers available.
[INFO] [1783987272.641262899] [controller_server]: Created controller : FollowPath of type nav2_regulated_pure_pursuit_controller::RegulatedPurePursuitController
[INFO] [1783987272.691733146] [controller_server]: Controller Server has FollowPath  controllers available.
[INFO] [1783987275.070034107] [controller_server]: Activating
[INFO] [1783987275.070109255] [local_costmap.local_costmap]: Activating
[INFO] [1783987275.070132644] [local_costmap.local_costmap]: Checking transform
[INFO] [1783987275.070399794] [local_costmap.local_costmap]: start
[INFO] [1783987275.278231739] [controller_server]: Activating controller: FollowPath of type regulated_pure_pursuit_controller::RegulatedPurePursuitController
[INFO] [1783987275.279987193] [controller_server]: Creating bond (controller_server) to lifecycle manager.
[INFO] [1783987275.454876002] [local_costmap.local_costmap]: Message Filter dropping message: frame 'laser' at time 1783987275.053 for reason 'the timestamp on the message is earlier than all the data in the transform cache'
[INFO] [1783987457.039719062] [rclcpp]: signal_handler(SIGINT/SIGTERM)
[INFO] [1783987457.039840470] [controller_server]: Running Nav2 LifecycleNode rcl preshutdown (controller_server)
[INFO] [1783987457.039986360] [controller_server]: Deactivating
[INFO] [1783987457.040018564] [controller_server]: Deactivating controller: FollowPath of type regulated_pure_pursuit_controller::RegulatedPurePursuitController
[INFO] [1783987457.040086157] [local_costmap.local_costmap]: Deactivating
[INFO] [1783987457.078629230] [controller_server]: Destroying bond (controller_server) to lifecycle manager.
[INFO] [1783987457.314706546] [controller_server]: Cleaning up
[INFO] [1783987457.314779361] [controller_server]: Cleaning up controller: FollowPath of type regulated_pure_pursuit_controller::RegulatedPurePursuitController
[INFO] [1783987457.314908529] [local_costmap.local_costmap]: Cleaning up
[INFO] [1783987458.376834154] [controller_server]: Destroying bond (controller_server) to lifecycle manager.
