[INFO] [1786002140.436732225] [controller_server]: 
	controller_server lifecycle node launched. 
	Waiting on external lifecycle transitions to activate
	See https://design.ros2.org/articles/node_lifecycle.html for more information.
[INFO] [1786002140.455790242] [controller_server]: Creating controller server
[INFO] [1786002140.631188987] [local_costmap.local_costmap]: 
	local_costmap lifecycle node launched. 
	Waiting on external lifecycle transitions to activate
	See https://design.ros2.org/articles/node_lifecycle.html for more information.
[INFO] [1786002140.645161160] [local_costmap.local_costmap]: Creating Costmap
[INFO] [1786002141.314498624] [controller_server]: Configuring controller interface
[INFO] [1786002141.314576550] [controller_server]: getting progress checker plugins..
[INFO] [1786002141.317815161] [controller_server]: getting goal checker plugins..
[INFO] [1786002141.322354947] [controller_server]: Controller frequency set to 10.0000Hz
[INFO] [1786002141.322493133] [local_costmap.local_costmap]: Configuring
[INFO] [1786002141.381668787] [local_costmap.local_costmap]: Using plugin "voxel_layer"
[INFO] [1786002141.397116171] [local_costmap.local_costmap]: Subscribed to Topics: scan
[INFO] [1786002141.442174985] [local_costmap.local_costmap]: Initialized plugin "voxel_layer"
[INFO] [1786002141.442303727] [local_costmap.local_costmap]: Using plugin "inflation_layer"
[INFO] [1786002141.444499961] [local_costmap.local_costmap]: Initialized plugin "inflation_layer"
[INFO] [1786002141.535413390] [controller_server]: Created progress_checker : progress_checker of type nav2_controller::SimpleProgressChecker
[INFO] [1786002141.537391771] [controller_server]: Controller Server has progress_checker  progress checkers available.
[INFO] [1786002141.541440887] [controller_server]: Created goal checker : general_goal_checker of type nav2_controller::SimpleGoalChecker
[INFO] [1786002141.547979869] [controller_server]: Controller Server has general_goal_checker  goal checkers available.
[INFO] [1786002141.553564364] [controller_server]: Created controller : FollowPath of type nav2_mppi_controller::MPPIController
[INFO] [1786002141.568285226] [controller_server]: Controller period is equal to model dt. Control sequence shifting is ON
[INFO] [1786002141.579036251] [controller_server]: ConstraintCritic instantiated with 1 power and 4.000000 weight.
[INFO] [1786002141.579324345] [controller_server]: Critic loaded : mppi::critics::ConstraintCritic
[WARN] [1786002141.586572720] [controller_server]: Inconsistent configuration in collision checking. Please verify the robot's shape settings in both the costmap and the cost critic.
[INFO] [1786002141.586639220] [controller_server]: InflationCostCritic instantiated with 1 power and 300.000000 / 0.031496 weights. Critic will collision check based on circular cost.
[INFO] [1786002141.586671554] [controller_server]: Critic loaded : mppi::critics::CostCritic
[INFO] [1786002141.587054426] [controller_server]: GoalCritic instantiated with 1 power and 5.000000 weight.
[INFO] [1786002141.587094426] [controller_server]: Critic loaded : mppi::critics::GoalCritic
[INFO] [1786002141.587422428] [controller_server]: GoalAngleCritic instantiated with 1 power, 3.000000 weight, 0.500000 angular threshold and symmetric_yaw_tolerance disabled
[INFO] [1786002141.587482021] [controller_server]: Critic loaded : mppi::critics::GoalAngleCritic
[INFO] [1786002141.588016913] [controller_server]: ReferenceTrajectoryCritic instantiated with 1 power and 8.000000 weight
[INFO] [1786002141.588062636] [controller_server]: Critic loaded : mppi::critics::PathAlignCritic
[INFO] [1786002141.588464027] [controller_server]: Critic loaded : mppi::critics::PathFollowCritic
[INFO] [1786002141.596711204] [controller_server]: PathAngleCritic instantiated with 1 power and 2.000000 weight. Mode set to: Forward Preference
[INFO] [1786002141.596806001] [controller_server]: Critic loaded : mppi::critics::PathAngleCritic
[INFO] [1786002141.600246168] [controller_server]: PreferForwardCritic instantiated with 1 power and 3.000000 weight.
[INFO] [1786002141.601073451] [controller_server]: Critic loaded : mppi::critics::PreferForwardCritic
[INFO] [1786002141.607344135] [controller_server]: Optimizer reset
[INFO] [1786002141.631103993] [MPPIController]: Configured MPPI Controller: FollowPath
[INFO] [1786002141.631175568] [controller_server]: Controller Server has FollowPath  controllers available.
[INFO] [1786002144.064425600] [controller_server]: Activating
[INFO] [1786002144.064565101] [local_costmap.local_costmap]: Activating
[INFO] [1786002144.064946381] [local_costmap.local_costmap]: Checking transform
[INFO] [1786002144.065332272] [local_costmap.local_costmap]: start
[WARN] [1786002144.278455623] [controller_server]: Parameter controller_server.verbose not found
[INFO] [1786002144.278825014] [controller_server]: Optimizer reset
[INFO] [1786002144.280850766] [MPPIController]: Activated MPPI Controller: FollowPath
[INFO] [1786002144.280934952] [controller_server]: Creating bond (controller_server) to lifecycle manager.
[INFO] [1786002185.228200425] [controller_server]: Received a goal, begin computing control effort.
[WARN] [1786002185.228292241] [controller_server]: No goal checker was specified in parameter 'current_goal_checker'. Server will use only plugin loaded general_goal_checker . This warning will appear once.
[WARN] [1786002185.228316482] [controller_server]: No progress checker was specified in parameter 'current_progress_checker'. Server will use only plugin loaded progress_checker . This warning will appear once.
[INFO] [1786002186.328500247] [controller_server]: Passing new path to controller.
[INFO] [1786002187.428502529] [controller_server]: Passing new path to controller.
[INFO] [1786002188.528519367] [controller_server]: Passing new path to controller.
[INFO] [1786002189.628514520] [controller_server]: Passing new path to controller.
[INFO] [1786002190.728558507] [controller_server]: Passing new path to controller.
[ERROR] [1786002191.228645060] [controller_server]: Failed to make progress
[INFO] [1786002191.229280360] [controller_server]: Optimizer reset
[WARN] [1786002191.229347064] [controller_server]: [follow_path] [ActionServer] Aborting handle.
[INFO] [1786002191.240962111] [local_costmap.local_costmap]: Received request to clear entirely the local_costmap
[INFO] [1786002191.242205840] [controller_server]: Received a goal, begin computing control effort.
[INFO] [1786002191.842402182] [controller_server]: Passing new path to controller.
[INFO] [1786002192.842396880] [controller_server]: Passing new path to controller.
[INFO] [1786002193.942408292] [controller_server]: Passing new path to controller.
[INFO] [1786002195.042397501] [controller_server]: Passing new path to controller.
[INFO] [1786002196.142398265] [controller_server]: Passing new path to controller.
[INFO] [1786002197.242404010] [controller_server]: Passing new path to controller.
[ERROR] [1786002197.342499632] [controller_server]: Failed to make progress
[INFO] [1786002197.343140821] [controller_server]: Optimizer reset
[WARN] [1786002197.343191655] [controller_server]: [follow_path] [ActionServer] Aborting handle.
[INFO] [1786002197.362477560] [local_costmap.local_costmap]: Received request to clear entirely the local_costmap
[INFO] [1786002212.503846236] [controller_server]: Received a goal, begin computing control effort.
[INFO] [1786002213.605033989] [controller_server]: Passing new path to controller.
[INFO] [1786002214.705790775] [controller_server]: Passing new path to controller.
[INFO] [1786002215.805312481] [controller_server]: Passing new path to controller.
[INFO] [1786002216.905442987] [controller_server]: Passing new path to controller.
[INFO] [1786002218.005010322] [controller_server]: Passing new path to controller.
[INFO] [1786002219.105143531] [controller_server]: Passing new path to controller.
[INFO] [1786002220.105072303] [controller_server]: Passing new path to controller.
[INFO] [1786002221.205738330] [controller_server]: Passing new path to controller.
[INFO] [1786002222.305031997] [controller_server]: Passing new path to controller.
[INFO] [1786002223.404998372] [controller_server]: Passing new path to controller.
[INFO] [1786002224.505153378] [controller_server]: Passing new path to controller.
[INFO] [1786002225.605695774] [controller_server]: Passing new path to controller.
[INFO] [1786002226.705002238] [controller_server]: Passing new path to controller.
[INFO] [1786002227.705550513] [controller_server]: Passing new path to controller.
[INFO] [1786002228.804984144] [controller_server]: Passing new path to controller.
[INFO] [1786002229.905553949] [controller_server]: Passing new path to controller.
[INFO] [1786002231.005375175] [controller_server]: Passing new path to controller.
[INFO] [1786002232.105842719] [controller_server]: Passing new path to controller.
[INFO] [1786002233.205903780] [controller_server]: Passing new path to controller.
[INFO] [1786002234.305174669] [controller_server]: Passing new path to controller.
[INFO] [1786002235.404977173] [controller_server]: Passing new path to controller.
[INFO] [1786002236.505000252] [controller_server]: Passing new path to controller.
[INFO] [1786002237.605270369] [controller_server]: Passing new path to controller.
[INFO] [1786002238.705041558] [controller_server]: Passing new path to controller.
[INFO] [1786002239.705269553] [controller_server]: Passing new path to controller.
[INFO] [1786002240.805423781] [controller_server]: Passing new path to controller.
[INFO] [1786002241.905013950] [controller_server]: Passing new path to controller.
[INFO] [1786002243.005024510] [controller_server]: Passing new path to controller.
[INFO] [1786002244.105476388] [controller_server]: Passing new path to controller.
[INFO] [1786002245.206323879] [controller_server]: Passing new path to controller.
[INFO] [1786002246.305062506] [controller_server]: Passing new path to controller.
[INFO] [1786002247.405220512] [controller_server]: Passing new path to controller.
[INFO] [1786002248.505252591] [controller_server]: Passing new path to controller.
[INFO] [1786002249.505306863] [controller_server]: Passing new path to controller.
[INFO] [1786002250.604992218] [controller_server]: Passing new path to controller.
[INFO] [1786002251.705530263] [controller_server]: Passing new path to controller.
[INFO] [1786002252.805135469] [controller_server]: Passing new path to controller.
[INFO] [1786002253.905242011] [controller_server]: Passing new path to controller.
[INFO] [1786002255.004990126] [controller_server]: Passing new path to controller.
[INFO] [1786002256.105071983] [controller_server]: Passing new path to controller.
[INFO] [1786002257.105088069] [controller_server]: Passing new path to controller.
[INFO] [1786002257.307975440] [controller_server]: Reached the goal!
[INFO] [1786002257.309041224] [controller_server]: Optimizer reset
[INFO] [1786002346.607161246] [controller_server]: Received a goal, begin computing control effort.
[INFO] [1786002347.707321659] [controller_server]: Passing new path to controller.
[INFO] [1786002348.807373646] [controller_server]: Passing new path to controller.
[INFO] [1786002349.907322521] [controller_server]: Passing new path to controller.
[INFO] [1786002351.007319229] [controller_server]: Passing new path to controller.
[INFO] [1786002352.107354623] [controller_server]: Passing new path to controller.
[INFO] [1786002353.207318201] [controller_server]: Passing new path to controller.
[INFO] [1786002354.307338762] [controller_server]: Passing new path to controller.
[INFO] [1786002355.407360748] [controller_server]: Passing new path to controller.
[INFO] [1786002356.507360882] [controller_server]: Passing new path to controller.
[INFO] [1786002357.607338850] [controller_server]: Passing new path to controller.
[INFO] [1786002358.707354929] [controller_server]: Passing new path to controller.
[INFO] [1786002359.807361489] [controller_server]: Passing new path to controller.
[INFO] [1786002360.907360475] [controller_server]: Passing new path to controller.
[INFO] [1786002361.907368784] [controller_server]: Passing new path to controller.
[INFO] [1786002363.007355530] [controller_server]: Passing new path to controller.
[INFO] [1786002364.107351460] [controller_server]: Passing new path to controller.
[INFO] [1786002365.207354058] [controller_server]: Passing new path to controller.
[INFO] [1786002366.307352266] [controller_server]: Passing new path to controller.
[INFO] [1786002367.407356326] [controller_server]: Passing new path to controller.
[INFO] [1786002368.407354876] [controller_server]: Passing new path to controller.
[INFO] [1786002369.507356288] [controller_server]: Passing new path to controller.
[INFO] [1786002370.607364830] [controller_server]: Passing new path to controller.
[INFO] [1786002371.707356039] [controller_server]: Passing new path to controller.
[INFO] [1786002372.807425858] [controller_server]: Passing new path to controller.
[INFO] [1786002373.907652864] [controller_server]: Passing new path to controller.
[INFO] [1786002375.007321386] [controller_server]: Passing new path to controller.
[INFO] [1786002376.107385317] [controller_server]: Passing new path to controller.
[INFO] [1786002377.207358747] [controller_server]: Passing new path to controller.
[INFO] [1786002379.707351714] [controller_server]: Passing new path to controller.
[INFO] [1786002382.107318004] [controller_server]: Passing new path to controller.
[INFO] [1786002383.207351120] [controller_server]: Passing new path to controller.
[INFO] [1786002384.307321698] [controller_server]: Passing new path to controller.
[INFO] [1786002385.407357444] [controller_server]: Passing new path to controller.
[INFO] [1786002386.507323226] [controller_server]: Passing new path to controller.
[INFO] [1786002387.607353102] [controller_server]: Passing new path to controller.
[INFO] [1786002388.607401207] [controller_server]: Passing new path to controller.
[INFO] [1786002389.707353878] [controller_server]: Passing new path to controller.
[INFO] [1786002390.807374550] [controller_server]: Passing new path to controller.
[INFO] [1786002391.907376258] [controller_server]: Passing new path to controller.
[INFO] [1786002393.007357318] [controller_server]: Passing new path to controller.
[INFO] [1786002394.107325619] [controller_server]: Passing new path to controller.
[INFO] [1786002395.207319180] [controller_server]: Passing new path to controller.
[INFO] [1786002396.307351147] [controller_server]: Passing new path to controller.
[INFO] [1786002397.407355245] [controller_server]: Passing new path to controller.
[INFO] [1786002398.507321564] [controller_server]: Passing new path to controller.
[INFO] [1786002399.607356810] [controller_server]: Passing new path to controller.
[INFO] [1786002400.607355174] [controller_server]: Passing new path to controller.
[INFO] [1786002401.707359661] [controller_server]: Passing new path to controller.
[INFO] [1786002402.807364554] [controller_server]: Passing new path to controller.
[INFO] [1786002403.907366577] [controller_server]: Passing new path to controller.
[INFO] [1786002405.007318934] [controller_server]: Passing new path to controller.
[INFO] [1786002406.107324124] [controller_server]: Passing new path to controller.
[INFO] [1786002407.207353777] [controller_server]: Passing new path to controller.
[INFO] [1786002408.307355744] [controller_server]: Passing new path to controller.
[INFO] [1786002409.407345156] [controller_server]: Passing new path to controller.
[INFO] [1786002410.507353457] [controller_server]: Passing new path to controller.
[INFO] [1786002411.607353833] [controller_server]: Passing new path to controller.
[INFO] [1786002412.707363060] [controller_server]: Passing new path to controller.
[INFO] [1786002413.707327017] [controller_server]: Passing new path to controller.
[INFO] [1786002414.807352077] [controller_server]: Passing new path to controller.
[INFO] [1786002415.907371656] [controller_server]: Passing new path to controller.
[INFO] [1786002417.007371568] [controller_server]: Passing new path to controller.
[INFO] [1786002418.107734501] [controller_server]: Passing new path to controller.
[INFO] [1786002419.207347503] [controller_server]: Passing new path to controller.
[INFO] [1786002420.307360193] [controller_server]: Passing new path to controller.
[INFO] [1786002421.407550354] [controller_server]: Passing new path to controller.
[INFO] [1786002422.507357181] [controller_server]: Passing new path to controller.
[INFO] [1786002423.507366633] [controller_server]: Passing new path to controller.
[INFO] [1786002424.607434222] [controller_server]: Passing new path to controller.
[INFO] [1786002426.607360866] [controller_server]: Passing new path to controller.
[INFO] [1786002428.507349283] [controller_server]: Passing new path to controller.
[ERROR] [1786002429.307465963] [controller_server]: Failed to make progress
[INFO] [1786002429.307939096] [controller_server]: Optimizer reset
[WARN] [1786002429.307997040] [controller_server]: [follow_path] [ActionServer] Aborting handle.
[INFO] [1786002429.326610034] [local_costmap.local_costmap]: Received request to clear entirely the local_costmap
[INFO] [1786002429.327450928] [controller_server]: Received a goal, begin computing control effort.
[WARN] [1786002429.470266841] [controller_server]: Control loop missed its desired rate of 10.0000 Hz. Current loop rate is 7.0072 Hz.
[INFO] [1786002430.771079224] [controller_server]: Passing new path to controller.
[INFO] [1786002431.473430430] [controller_server]: Reached the goal!
[INFO] [1786002431.473860599] [controller_server]: Optimizer reset
[INFO] [1786002576.651247295] [local_costmap.local_costmap]: Message Filter dropping message: frame 'laser' at time 1786002576.346 for reason 'the timestamp on the message is earlier than all the data in the transform cache'
[INFO] [1786004991.950620972] [local_costmap.local_costmap]: Message Filter dropping message: frame 'laser' at time 1786004991.645 for reason 'the timestamp on the message is earlier than all the data in the transform cache'
[INFO] [1786005694.384389579] [local_costmap.local_costmap]: Message Filter dropping message: frame 'laser' at time 1786005694.079 for reason 'the timestamp on the message is earlier than all the data in the transform cache'
[WARN] [1786006367.269066404] [local_costmap.local_costmap]: Sensor origin at (34.63, 7.45 0.10) is out of map bounds (-1.45, -1.45, 0.00) to (1.52, 1.52, 0.78). The costmap cannot raytrace for it.
[WARN] [1786006367.466562475] [local_costmap.local_costmap]: Sensor origin at (34.63, 7.45 0.10) is out of map bounds (-1.45, -1.45, 0.00) to (1.52, 1.52, 0.78). The costmap cannot raytrace for it.
[WARN] [1786006367.666098094] [local_costmap.local_costmap]: Sensor origin at (34.63, 7.45 0.10) is out of map bounds (-1.45, -1.45, 0.00) to (1.52, 1.52, 0.78). The costmap cannot raytrace for it.
[WARN] [1786006367.865814713] [local_costmap.local_costmap]: Sensor origin at (34.63, 7.45 0.10) is out of map bounds (-1.45, -1.45, 0.00) to (1.52, 1.52, 0.78). The costmap cannot raytrace for it.
[WARN] [1786006368.065663390] [local_costmap.local_costmap]: Sensor origin at (34.63, 7.45 0.10) is out of map bounds (-1.45, -1.45, 0.00) to (1.52, 1.52, 0.78). The costmap cannot raytrace for it.
[WARN] [1786006368.265704752] [local_costmap.local_costmap]: Sensor origin at (34.63, 7.45 0.10) is out of map bounds (-1.45, -1.45, 0.00) to (1.52, 1.52, 0.78). The costmap cannot raytrace for it.
[WARN] [1786006368.466286802] [local_costmap.local_costmap]: Sensor origin at (34.63, 7.45 0.10) is out of map bounds (-1.45, -1.45, 0.00) to (1.52, 1.52, 0.78). The costmap cannot raytrace for it.
[WARN] [1786006368.665641180] [local_costmap.local_costmap]: Sensor origin at (34.63, 7.45 0.10) is out of map bounds (-1.45, -1.45, 0.00) to (1.52, 1.52, 0.78). The costmap cannot raytrace for it.
[WARN] [1786006368.865636912] [local_costmap.local_costmap]: Sensor origin at (34.63, 7.45 0.10) is out of map bounds (-1.45, -1.45, 0.00) to (1.52, 1.52, 0.78). The costmap cannot raytrace for it.
[WARN] [1786006369.065653256] [local_costmap.local_costmap]: Sensor origin at (34.63, 7.45 0.10) is out of map bounds (-1.45, -1.45, 0.00) to (1.52, 1.52, 0.78). The costmap cannot raytrace for it.
[WARN] [1786006369.265634618] [local_costmap.local_costmap]: Sensor origin at (34.63, 7.45 0.10) is out of map bounds (-1.45, -1.45, 0.00) to (1.52, 1.52, 0.78). The costmap cannot raytrace for it.
[WARN] [1786006369.465638980] [local_costmap.local_costmap]: Sensor origin at (34.63, 7.45 0.10) is out of map bounds (-1.45, -1.45, 0.00) to (1.52, 1.52, 0.78). The costmap cannot raytrace for it.
[WARN] [1786006369.665633250] [local_costmap.local_costmap]: Sensor origin at (34.63, 7.45 0.10) is out of map bounds (-1.45, -1.45, 0.00) to (1.52, 1.52, 0.78). The costmap cannot raytrace for it.
[WARN] [1786006369.865799131] [local_costmap.local_costmap]: Sensor origin at (34.63, 7.45 0.10) is out of map bounds (-1.45, -1.45, 0.00) to (1.52, 1.52, 0.78). The costmap cannot raytrace for it.
[WARN] [1786006370.065625381] [local_costmap.local_costmap]: Sensor origin at (34.63, 7.45 0.10) is out of map bounds (-1.45, -1.45, 0.00) to (1.52, 1.52, 0.78). The costmap cannot raytrace for it.
[WARN] [1786006370.265626688] [local_costmap.local_costmap]: Sensor origin at (34.63, 7.45 0.10) is out of map bounds (-1.45, -1.45, 0.00) to (1.52, 1.52, 0.78). The costmap cannot raytrace for it.
[WARN] [1786006370.465638272] [local_costmap.local_costmap]: Sensor origin at (34.63, 7.45 0.10) is out of map bounds (-1.45, -1.45, 0.00) to (1.52, 1.52, 0.78). The costmap cannot raytrace for it.
[WARN] [1786006370.665644227] [local_costmap.local_costmap]: Sensor origin at (34.63, 7.45 0.10) is out of map bounds (-1.45, -1.45, 0.00) to (1.52, 1.52, 0.78). The costmap cannot raytrace for it.
[WARN] [1786006370.865993128] [local_costmap.local_costmap]: Sensor origin at (34.63, 7.45 0.10) is out of map bounds (-1.45, -1.45, 0.00) to (1.52, 1.52, 0.78). The costmap cannot raytrace for it.
[WARN] [1786006371.065629840] [local_costmap.local_costmap]: Sensor origin at (34.63, 7.45 0.10) is out of map bounds (-1.45, -1.45, 0.00) to (1.52, 1.52, 0.78). The costmap cannot raytrace for it.
[WARN] [1786006371.265793944] [local_costmap.local_costmap]: Sensor origin at (34.63, 7.45 0.10) is out of map bounds (-1.45, -1.45, 0.00) to (1.52, 1.52, 0.78). The costmap cannot raytrace for it.
[WARN] [1786006371.465619009] [local_costmap.local_costmap]: Sensor origin at (34.63, 7.45 0.10) is out of map bounds (-1.45, -1.45, 0.00) to (1.52, 1.52, 0.78). The costmap cannot raytrace for it.
[WARN] [1786006371.665628501] [local_costmap.local_costmap]: Sensor origin at (34.63, 7.45 0.10) is out of map bounds (-1.45, -1.45, 0.00) to (1.52, 1.52, 0.78). The costmap cannot raytrace for it.
[INFO] [1786006452.580788098] [local_costmap.local_costmap]: Message Filter dropping message: frame 'laser' at time 1786006452.276 for reason 'the timestamp on the message is earlier than all the data in the transform cache'
