[INFO] [1784007670.498483023] [controller_server]: 
	controller_server lifecycle node launched. 
	Waiting on external lifecycle transitions to activate
	See https://design.ros2.org/articles/node_lifecycle.html for more information.
[INFO] [1784007670.513456478] [controller_server]: Creating controller server
[INFO] [1784007671.080943329] [local_costmap.local_costmap]: 
	local_costmap lifecycle node launched. 
	Waiting on external lifecycle transitions to activate
	See https://design.ros2.org/articles/node_lifecycle.html for more information.
[INFO] [1784007671.091918651] [local_costmap.local_costmap]: Creating Costmap
[INFO] [1784007672.037255006] [controller_server]: Configuring controller interface
[INFO] [1784007672.038292123] [controller_server]: getting progress checker plugins..
[INFO] [1784007672.047721435] [controller_server]: getting goal checker plugins..
[INFO] [1784007672.049265851] [controller_server]: Controller frequency set to 10.0000Hz
[INFO] [1784007672.049415241] [local_costmap.local_costmap]: Configuring
[INFO] [1784007672.120493587] [local_costmap.local_costmap]: Using plugin "voxel_layer"
[INFO] [1784007672.137827648] [local_costmap.local_costmap]: Subscribed to Topics: scan
[INFO] [1784007672.218149953] [local_costmap.local_costmap]: Initialized plugin "voxel_layer"
[INFO] [1784007672.218233287] [local_costmap.local_costmap]: Using plugin "inflation_layer"
[INFO] [1784007672.222620386] [local_costmap.local_costmap]: Initialized plugin "inflation_layer"
[INFO] [1784007672.339394600] [controller_server]: Created progress_checker : progress_checker of type nav2_controller::SimpleProgressChecker
[INFO] [1784007672.346088212] [controller_server]: Controller Server has progress_checker  progress checkers available.
[INFO] [1784007672.351233815] [controller_server]: Created goal checker : general_goal_checker of type nav2_controller::SimpleGoalChecker
[INFO] [1784007672.368413560] [controller_server]: Controller Server has general_goal_checker  goal checkers available.
[INFO] [1784007672.371701246] [controller_server]: Created controller : FollowPath of type nav2_regulated_pure_pursuit_controller::RegulatedPurePursuitController
[INFO] [1784007672.454195248] [controller_server]: Controller Server has FollowPath  controllers available.
[INFO] [1784007675.112982517] [controller_server]: Activating
[INFO] [1784007675.113067333] [local_costmap.local_costmap]: Activating
[INFO] [1784007675.113086740] [local_costmap.local_costmap]: Checking transform
[INFO] [1784007675.113351131] [local_costmap.local_costmap]: start
[INFO] [1784007675.320508726] [controller_server]: Activating controller: FollowPath of type regulated_pure_pursuit_controller::RegulatedPurePursuitController
[INFO] [1784007675.320582319] [controller_server]: Creating bond (controller_server) to lifecycle manager.
[INFO] [1784007706.804046147] [controller_server]: Received a goal, begin computing control effort.
[WARN] [1784007706.804147555] [controller_server]: No goal checker was specified in parameter 'current_goal_checker'. Server will use only plugin loaded general_goal_checker . This warning will appear once.
[WARN] [1784007706.804172536] [controller_server]: No progress checker was specified in parameter 'current_progress_checker'. Server will use only plugin loaded progress_checker . This warning will appear once.
[INFO] [1784007707.905973923] [controller_server]: Passing new path to controller.
[INFO] [1784007708.904955118] [controller_server]: Passing new path to controller.
[INFO] [1784007709.904721447] [controller_server]: Passing new path to controller.
[INFO] [1784007711.006025627] [controller_server]: Passing new path to controller.
[INFO] [1784007712.004537450] [controller_server]: Passing new path to controller.
[INFO] [1784007713.004634262] [controller_server]: Passing new path to controller.
[INFO] [1784007714.004901446] [controller_server]: Passing new path to controller.
[INFO] [1784007715.104727710] [controller_server]: Passing new path to controller.
[INFO] [1784007716.104523151] [controller_server]: Passing new path to controller.
[INFO] [1784007717.104523630] [controller_server]: Passing new path to controller.
[INFO] [1784007718.104512201] [controller_server]: Passing new path to controller.
[INFO] [1784007719.204595411] [controller_server]: Passing new path to controller.
[WARN] [1784007719.608145041] [controller_server]: RegulatedPurePursuitController detected collision ahead!
[WARN] [1784007719.707135730] [controller_server]: RegulatedPurePursuitController detected collision ahead!
[WARN] [1784007720.005479766] [controller_server]: RegulatedPurePursuitController detected collision ahead!
[WARN] [1784007720.105145310] [controller_server]: RegulatedPurePursuitController detected collision ahead!
[WARN] [1784007720.606454399] [controller_server]: RegulatedPurePursuitController detected collision ahead!
[WARN] [1784007720.706360167] [controller_server]: RegulatedPurePursuitController detected collision ahead!
[INFO] [1784007721.184962443] [local_costmap.local_costmap]: Received request to clear entirely the local_costmap
[INFO] [1784007721.204962000] [controller_server]: Cancellation was successful. Stopping the robot.
[INFO] [1784007721.205057556] [controller_server]: [follow_path] [ActionServer] Client requested to cancel the goal. Cancelling.
[INFO] [1784007741.479331734] [controller_server]: Received a goal, begin computing control effort.
[INFO] [1784007742.579599723] [controller_server]: Passing new path to controller.
[INFO] [1784007743.580432651] [controller_server]: Passing new path to controller.
[INFO] [1784007744.581358246] [controller_server]: Passing new path to controller.
[INFO] [1784007745.680236320] [controller_server]: Passing new path to controller.
[INFO] [1784007746.680015334] [controller_server]: Passing new path to controller.
[INFO] [1784007747.679762274] [controller_server]: Passing new path to controller.
[INFO] [1784007748.779946059] [controller_server]: Passing new path to controller.
[INFO] [1784007749.779942649] [controller_server]: Passing new path to controller.
[WARN] [1784007750.680360528] [controller_server]: RegulatedPurePursuitController detected collision ahead!
[INFO] [1784007750.779796312] [controller_server]: Passing new path to controller.
[WARN] [1784007751.380816279] [controller_server]: RegulatedPurePursuitController detected collision ahead!
[WARN] [1784007751.481807071] [controller_server]: RegulatedPurePursuitController detected collision ahead!
[WARN] [1784007751.680411433] [controller_server]: RegulatedPurePursuitController detected collision ahead!
[INFO] [1784007751.879639651] [controller_server]: Passing new path to controller.
[WARN] [1784007751.880536822] [controller_server]: RegulatedPurePursuitController detected collision ahead!
[WARN] [1784007752.380096957] [controller_server]: RegulatedPurePursuitController detected collision ahead!
[WARN] [1784007752.481278584] [controller_server]: RegulatedPurePursuitController detected collision ahead!
[WARN] [1784007752.581296519] [controller_server]: RegulatedPurePursuitController detected collision ahead!
[ERROR] [1784007752.581445983] [controller_server]: Controller patience exceeded
[WARN] [1784007752.581588965] [controller_server]: [follow_path] [ActionServer] Aborting handle.
[INFO] [1784007752.600435646] [local_costmap.local_costmap]: Received request to clear entirely the local_costmap
[INFO] [1784007752.603985981] [controller_server]: Received a goal, begin computing control effort.
[WARN] [1784007752.728456072] [controller_server]: RegulatedPurePursuitController detected collision ahead!
[WARN] [1784007752.729302188] [controller_server]: Control loop missed its desired rate of 10.0000 Hz. Current loop rate is 7.9871 Hz.
[WARN] [1784007752.730852475] [controller_server]: RegulatedPurePursuitController detected collision ahead!
[WARN] [1784007752.830154998] [controller_server]: RegulatedPurePursuitController detected collision ahead!
[WARN] [1784007752.930053247] [controller_server]: RegulatedPurePursuitController detected collision ahead!
[ERROR] [1784007752.930138174] [controller_server]: Controller patience exceeded
[WARN] [1784007752.930290286] [controller_server]: [follow_path] [ActionServer] Aborting handle.
[INFO] [1784007752.972045540] [local_costmap.local_costmap]: Received request to clear entirely the local_costmap
[INFO] [1784007753.644231279] [controller_server]: Received a goal, begin computing control effort.
[WARN] [1784007753.645195525] [controller_server]: RegulatedPurePursuitController detected collision ahead!
[INFO] [1784007754.744400564] [controller_server]: Passing new path to controller.
[INFO] [1784007755.744439302] [controller_server]: Passing new path to controller.
[INFO] [1784007756.744439707] [controller_server]: Passing new path to controller.
[INFO] [1784007757.744438352] [controller_server]: Passing new path to controller.
[INFO] [1784007758.844423006] [controller_server]: Passing new path to controller.
[WARN] [1784007758.845373845] [controller_server]: RegulatedPurePursuitController detected collision ahead!
[WARN] [1784007758.944919074] [controller_server]: RegulatedPurePursuitController detected collision ahead!
[WARN] [1784007759.044887286] [controller_server]: RegulatedPurePursuitController detected collision ahead!
[ERROR] [1784007759.044992713] [controller_server]: Controller patience exceeded
[WARN] [1784007759.045125084] [controller_server]: [follow_path] [ActionServer] Aborting handle.
[INFO] [1784007759.063796374] [local_costmap.local_costmap]: Received request to clear entirely the local_costmap
[INFO] [1784007759.065564829] [controller_server]: Received a goal, begin computing control effort.
[WARN] [1784007759.126449080] [controller_server]: RegulatedPurePursuitController detected collision ahead!
[INFO] [1784007759.865768254] [controller_server]: Passing new path to controller.
[INFO] [1784007760.865769343] [controller_server]: Passing new path to controller.
[INFO] [1784007761.866074601] [controller_server]: Passing new path to controller.
[INFO] [1784007762.965767717] [controller_server]: Passing new path to controller.
[WARN] [1784007763.866285504] [controller_server]: RegulatedPurePursuitController detected collision ahead!
[INFO] [1784007763.965764418] [controller_server]: Passing new path to controller.
[INFO] [1784007764.965764785] [controller_server]: Passing new path to controller.
[INFO] [1784007765.348190500] [rclcpp]: signal_handler(SIGINT/SIGTERM)
[INFO] [1784007765.349266413] [controller_server]: Running Nav2 LifecycleNode rcl preshutdown (controller_server)
[INFO] [1784007765.349386081] [controller_server]: Deactivating
[WARN] [1784007765.353959588] [controller_server]: [follow_path] [ActionServer] Requested to deactivate server but goal is still executing. Should check if action server is running before deactivating.
[WARN] [1784007765.366702345] [controller_server]: [follow_path] [ActionServer] Stopping the thread per request.
[INFO] [1784007765.366794642] [controller_server]: [follow_path] [ActionServer] Client requested to cancel the goal. Cancelling.
[INFO] [1784007765.369349453] [controller_server]: Deactivating controller: FollowPath of type regulated_pure_pursuit_controller::RegulatedPurePursuitController
[INFO] [1784007765.369473009] [local_costmap.local_costmap]: Deactivating
[INFO] [1784007765.529071299] [controller_server]: Destroying bond (controller_server) to lifecycle manager.
[INFO] [1784007765.560463717] [controller_server]: Cleaning up
[INFO] [1784007765.560531902] [controller_server]: Cleaning up controller: FollowPath of type regulated_pure_pursuit_controller::RegulatedPurePursuitController
[INFO] [1784007765.560649736] [local_costmap.local_costmap]: Cleaning up
[INFO] [1784007766.845396637] [controller_server]: Destroying bond (controller_server) to lifecycle manager.
