[INFO] [1786085887.108541190] [controller_server]: 
	controller_server lifecycle node launched. 
	Waiting on external lifecycle transitions to activate
	See https://design.ros2.org/articles/node_lifecycle.html for more information.
[INFO] [1786085887.143499553] [controller_server]: Creating controller server
[INFO] [1786085887.301195762] [local_costmap.local_costmap]: 
	local_costmap lifecycle node launched. 
	Waiting on external lifecycle transitions to activate
	See https://design.ros2.org/articles/node_lifecycle.html for more information.
[INFO] [1786085887.304905896] [local_costmap.local_costmap]: Creating Costmap
[INFO] [1786085889.317089482] [controller_server]: Configuring controller interface
[INFO] [1786085889.317146056] [controller_server]: getting progress checker plugins..
[INFO] [1786085889.338912097] [controller_server]: getting goal checker plugins..
[INFO] [1786085889.341765541] [controller_server]: Controller frequency set to 10.0000Hz
[INFO] [1786085889.341914727] [local_costmap.local_costmap]: Configuring
[INFO] [1786085889.399386709] [local_costmap.local_costmap]: Using plugin "voxel_layer"
[INFO] [1786085889.436687365] [local_costmap.local_costmap]: Subscribed to Topics: scan
[INFO] [1786085889.674804920] [local_costmap.local_costmap]: Initialized plugin "voxel_layer"
[INFO] [1786085889.674944514] [local_costmap.local_costmap]: Using plugin "inflation_layer"
[INFO] [1786085889.691240243] [local_costmap.local_costmap]: Initialized plugin "inflation_layer"
[INFO] [1786085889.933686363] [controller_server]: Created progress_checker : progress_checker of type nav2_controller::SimpleProgressChecker
[INFO] [1786085889.937867351] [controller_server]: Controller Server has progress_checker  progress checkers available.
[INFO] [1786085889.941071945] [controller_server]: Created goal checker : general_goal_checker of type nav2_controller::SimpleGoalChecker
[INFO] [1786085889.947388225] [controller_server]: Controller Server has general_goal_checker  goal checkers available.
[INFO] [1786085889.953489558] [controller_server]: Created controller : FollowPath of type nav2_mppi_controller::MPPIController
[INFO] [1786085889.982403218] [controller_server]: Controller period is equal to model dt. Control sequence shifting is ON
[INFO] [1786085889.991149882] [controller_server]: ConstraintCritic instantiated with 1 power and 4.000000 weight.
[INFO] [1786085889.991249994] [controller_server]: Critic loaded : mppi::critics::ConstraintCritic
[WARN] [1786085890.001585595] [controller_server]: Inconsistent configuration in collision checking. Please verify the robot's shape settings in both the costmap and the cost critic.
[INFO] [1786085890.001659003] [controller_server]: InflationCostCritic instantiated with 1 power and 300.000000 / 0.031496 weights. Critic will collision check based on circular cost.
[INFO] [1786085890.001694466] [controller_server]: Critic loaded : mppi::critics::CostCritic
[INFO] [1786085890.005760731] [controller_server]: GoalCritic instantiated with 1 power and 5.000000 weight.
[INFO] [1786085890.005852139] [controller_server]: Critic loaded : mppi::critics::GoalCritic
[INFO] [1786085890.010682965] [controller_server]: GoalAngleCritic instantiated with 1 power, 3.000000 weight, 0.500000 angular threshold and symmetric_yaw_tolerance disabled
[INFO] [1786085890.010772947] [controller_server]: Critic loaded : mppi::critics::GoalAngleCritic
[INFO] [1786085890.031967633] [controller_server]: ReferenceTrajectoryCritic instantiated with 1 power and 8.000000 weight
[INFO] [1786085890.033714903] [controller_server]: Critic loaded : mppi::critics::PathAlignCritic
[INFO] [1786085890.045162418] [controller_server]: Critic loaded : mppi::critics::PathFollowCritic
[INFO] [1786085890.060471420] [controller_server]: PathAngleCritic instantiated with 1 power and 2.000000 weight. Mode set to: Forward Preference
[INFO] [1786085890.061180794] [controller_server]: Critic loaded : mppi::critics::PathAngleCritic
[INFO] [1786085890.070877020] [controller_server]: PreferForwardCritic instantiated with 1 power and 3.000000 weight.
[INFO] [1786085890.071646988] [controller_server]: Critic loaded : mppi::critics::PreferForwardCritic
[INFO] [1786085890.076857057] [controller_server]: Optimizer reset
[INFO] [1786085890.107100502] [MPPIController]: Configured MPPI Controller: FollowPath
[INFO] [1786085890.107303189] [controller_server]: Controller Server has FollowPath  controllers available.
[INFO] [1786085891.144017929] [controller_server]: Activating
[INFO] [1786085891.144098837] [local_costmap.local_costmap]: Activating
[INFO] [1786085891.144117707] [local_costmap.local_costmap]: Checking transform
[INFO] [1786085891.144309412] [local_costmap.local_costmap]: start
[WARN] [1786085891.297998134] [controller_server]: Parameter controller_server.verbose not found
[INFO] [1786085891.298331359] [controller_server]: Optimizer reset
[INFO] [1786085891.298797213] [MPPIController]: Activated MPPI Controller: FollowPath
[INFO] [1786085891.298842065] [controller_server]: Creating bond (controller_server) to lifecycle manager.
[INFO] [1786085928.944529369] [rclcpp]: signal_handler(SIGINT/SIGTERM)
[INFO] [1786085928.944726019] [controller_server]: Running Nav2 LifecycleNode rcl preshutdown (controller_server)
[INFO] [1786085928.944858131] [controller_server]: Deactivating
[INFO] [1786085928.944913538] [MPPIController]: Deactivated MPPI Controller: FollowPath
[INFO] [1786085928.944945057] [local_costmap.local_costmap]: Deactivating
[INFO] [1786085929.024914419] [controller_server]: Destroying bond (controller_server) to lifecycle manager.
[INFO] [1786085929.046167068] [controller_server]: Cleaning up
[INFO] [1786085929.049622200] [MPPIController]: Cleaned up MPPI Controller: FollowPath
[INFO] [1786085929.049865831] [local_costmap.local_costmap]: Cleaning up
[INFO] [1786085929.614083298] [controller_server]: Destroying bond (controller_server) to lifecycle manager.
