[INFO] [1784077015.980837725] [controller_server]: 
	controller_server lifecycle node launched. 
	Waiting on external lifecycle transitions to activate
	See https://design.ros2.org/articles/node_lifecycle.html for more information.
[INFO] [1784077016.068632701] [controller_server]: Creating controller server
[INFO] [1784077017.471971561] [local_costmap.local_costmap]: 
	local_costmap lifecycle node launched. 
	Waiting on external lifecycle transitions to activate
	See https://design.ros2.org/articles/node_lifecycle.html for more information.
[INFO] [1784077017.553121797] [local_costmap.local_costmap]: Creating Costmap
[INFO] [1784077018.577840644] [controller_server]: Configuring controller interface
[INFO] [1784077018.577887292] [controller_server]: getting progress checker plugins..
[INFO] [1784077018.814529759] [controller_server]: getting goal checker plugins..
[INFO] [1784077018.821339722] [controller_server]: Controller frequency set to 10.0000Hz
[INFO] [1784077018.823849124] [local_costmap.local_costmap]: Configuring
[INFO] [1784077018.919411512] [local_costmap.local_costmap]: Using plugin "voxel_layer"
[INFO] [1784077018.952110652] [local_costmap.local_costmap]: Subscribed to Topics: scan
[INFO] [1784077019.064147611] [local_costmap.local_costmap]: Initialized plugin "voxel_layer"
[INFO] [1784077019.064396316] [local_costmap.local_costmap]: Using plugin "inflation_layer"
[INFO] [1784077019.076766254] [local_costmap.local_costmap]: Initialized plugin "inflation_layer"
[INFO] [1784077019.353492327] [controller_server]: Created progress_checker : progress_checker of type nav2_controller::SimpleProgressChecker
[INFO] [1784077019.357269014] [controller_server]: Controller Server has progress_checker  progress checkers available.
[INFO] [1784077019.362303245] [controller_server]: Created goal checker : general_goal_checker of type nav2_controller::SimpleGoalChecker
[INFO] [1784077019.370059305] [controller_server]: Controller Server has general_goal_checker  goal checkers available.
[INFO] [1784077019.373746566] [controller_server]: Created controller : FollowPath of type nav2_regulated_pure_pursuit_controller::RegulatedPurePursuitController
[INFO] [1784077019.474225388] [controller_server]: Controller Server has FollowPath  controllers available.
[INFO] [1784077022.116392348] [controller_server]: Activating
[INFO] [1784077022.116450496] [local_costmap.local_costmap]: Activating
[INFO] [1784077022.116469959] [local_costmap.local_costmap]: Checking transform
[INFO] [1784077022.116687497] [local_costmap.local_costmap]: start
[INFO] [1784077022.321146957] [controller_server]: Activating controller: FollowPath of type regulated_pure_pursuit_controller::RegulatedPurePursuitController
[INFO] [1784077022.321237309] [controller_server]: Creating bond (controller_server) to lifecycle manager.
[INFO] [1784077045.072864860] [controller_server]: Received a goal, begin computing control effort.
[WARN] [1784077045.072960120] [controller_server]: No goal checker was specified in parameter 'current_goal_checker'. Server will use only plugin loaded general_goal_checker . This warning will appear once.
[WARN] [1784077045.072982527] [controller_server]: No progress checker was specified in parameter 'current_progress_checker'. Server will use only plugin loaded progress_checker . This warning will appear once.
[INFO] [1784077046.173148820] [controller_server]: Passing new path to controller.
[INFO] [1784077047.173151366] [controller_server]: Passing new path to controller.
[INFO] [1784077048.173153838] [controller_server]: Passing new path to controller.
[INFO] [1784077049.273153944] [controller_server]: Passing new path to controller.
[INFO] [1784077050.273146491] [controller_server]: Passing new path to controller.
[INFO] [1784077051.273151074] [controller_server]: Passing new path to controller.
[INFO] [1784077052.373148588] [controller_server]: Passing new path to controller.
[INFO] [1784077053.373150319] [controller_server]: Passing new path to controller.
[INFO] [1784077054.373147995] [controller_server]: Passing new path to controller.
[INFO] [1784077055.373146930] [controller_server]: Passing new path to controller.
[INFO] [1784077056.473152814] [controller_server]: Passing new path to controller.
[INFO] [1784077057.473148508] [controller_server]: Passing new path to controller.
[INFO] [1784077058.473149555] [controller_server]: Passing new path to controller.
[INFO] [1784077059.473159231] [controller_server]: Passing new path to controller.
[INFO] [1784077060.473142129] [controller_server]: Passing new path to controller.
[INFO] [1784077061.573150828] [controller_server]: Passing new path to controller.
[INFO] [1784077062.573147466] [controller_server]: Passing new path to controller.
[INFO] [1784077063.573151531] [controller_server]: Passing new path to controller.
[INFO] [1784077064.673149841] [controller_server]: Passing new path to controller.
[ERROR] [1784077065.173277383] [controller_server]: Failed to make progress
[WARN] [1784077065.173475385] [controller_server]: [follow_path] [ActionServer] Aborting handle.
[INFO] [1784077065.187498905] [local_costmap.local_costmap]: Received request to clear entirely the local_costmap
[INFO] [1784077065.188788560] [controller_server]: Received a goal, begin computing control effort.
[WARN] [1784077065.329716694] [controller_server]: Control loop missed its desired rate of 10.0000 Hz. Current loop rate is 7.1026 Hz.
[INFO] [1784077065.629954987] [controller_server]: Passing new path to controller.
[INFO] [1784077066.729964278] [controller_server]: Passing new path to controller.
[INFO] [1784077067.729916695] [controller_server]: Passing new path to controller.
[INFO] [1784077068.729983445] [controller_server]: Passing new path to controller.
[INFO] [1784077069.730003491] [controller_server]: Passing new path to controller.
[INFO] [1784077070.829980209] [controller_server]: Passing new path to controller.
[INFO] [1784077071.829973773] [controller_server]: Passing new path to controller.
[INFO] [1784077072.830013061] [controller_server]: Passing new path to controller.
[INFO] [1784077073.830125570] [controller_server]: Passing new path to controller.
[INFO] [1784077074.930225140] [controller_server]: Passing new path to controller.
[INFO] [1784077075.930074612] [controller_server]: Passing new path to controller.
[INFO] [1784077076.931487406] [controller_server]: Passing new path to controller.
[INFO] [1784077077.930183390] [controller_server]: Passing new path to controller.
[INFO] [1784077079.030162366] [controller_server]: Passing new path to controller.
[INFO] [1784077080.029946134] [controller_server]: Passing new path to controller.
[INFO] [1784077081.030059143] [controller_server]: Passing new path to controller.
[INFO] [1784077082.030291043] [controller_server]: Passing new path to controller.
[INFO] [1784077083.129960184] [controller_server]: Passing new path to controller.
[INFO] [1784077084.130979829] [controller_server]: Passing new path to controller.
[INFO] [1784077085.130999431] [controller_server]: Passing new path to controller.
[ERROR] [1784077085.330439715] [controller_server]: Failed to make progress
[WARN] [1784077085.330643419] [controller_server]: [follow_path] [ActionServer] Aborting handle.
[INFO] [1784077085.347484474] [local_costmap.local_costmap]: Received request to clear entirely the local_costmap
[INFO] [1784077087.987793775] [controller_server]: Received a goal, begin computing control effort.
[INFO] [1784077089.088007123] [controller_server]: Passing new path to controller.
[INFO] [1784077090.088010336] [controller_server]: Passing new path to controller.
[INFO] [1784077091.088044179] [controller_server]: Passing new path to controller.
[INFO] [1784077092.188000785] [controller_server]: Passing new path to controller.
[INFO] [1784077093.188006146] [controller_server]: Passing new path to controller.
[INFO] [1784077094.188003952] [controller_server]: Passing new path to controller.
[INFO] [1784077095.188002683] [controller_server]: Passing new path to controller.
[INFO] [1784077096.287998511] [controller_server]: Passing new path to controller.
[INFO] [1784077097.288005447] [controller_server]: Passing new path to controller.
[INFO] [1784077098.287981048] [controller_server]: Passing new path to controller.
[INFO] [1784077099.288004483] [controller_server]: Passing new path to controller.
[INFO] [1784077100.388007516] [controller_server]: Passing new path to controller.
[INFO] [1784077101.388009747] [controller_server]: Passing new path to controller.
[INFO] [1784077102.388018479] [controller_server]: Passing new path to controller.
[INFO] [1784077103.388008710] [controller_server]: Passing new path to controller.
[INFO] [1784077104.488002039] [controller_server]: Passing new path to controller.
[INFO] [1784077105.488024437] [controller_server]: Passing new path to controller.
[INFO] [1784077106.488004113] [controller_server]: Passing new path to controller.
[INFO] [1784077107.488005029] [controller_server]: Passing new path to controller.
[INFO] [1784077108.487999520] [controller_server]: Passing new path to controller.
[INFO] [1784077109.590147212] [controller_server]: Passing new path to controller.
[INFO] [1784077110.588001783] [controller_server]: Passing new path to controller.
[INFO] [1784077111.588002941] [controller_server]: Passing new path to controller.
[INFO] [1784077112.588489564] [controller_server]: Passing new path to controller.
[INFO] [1784077113.688002538] [controller_server]: Passing new path to controller.
[INFO] [1784077114.688005528] [controller_server]: Passing new path to controller.
[INFO] [1784077115.687999204] [controller_server]: Passing new path to controller.
[INFO] [1784077116.687985139] [controller_server]: Passing new path to controller.
[INFO] [1784077117.788114450] [controller_server]: Passing new path to controller.
[INFO] [1784077118.788002459] [controller_server]: Passing new path to controller.
[INFO] [1784077119.787957875] [controller_server]: Passing new path to controller.
[INFO] [1784077120.888016500] [controller_server]: Passing new path to controller.
[INFO] [1784077121.888003769] [controller_server]: Passing new path to controller.
[INFO] [1784077122.888003296] [controller_server]: Passing new path to controller.
[INFO] [1784077123.888000972] [controller_server]: Passing new path to controller.
[INFO] [1784077124.988009745] [controller_server]: Passing new path to controller.
[INFO] [1784077125.988042218] [controller_server]: Passing new path to controller.
[INFO] [1784077126.987992634] [controller_server]: Passing new path to controller.
[INFO] [1784077127.988035847] [controller_server]: Passing new path to controller.
[INFO] [1784077129.088012490] [controller_server]: Passing new path to controller.
[INFO] [1784077130.087997647] [controller_server]: Passing new path to controller.
[INFO] [1784077131.088002768] [controller_server]: Passing new path to controller.
[INFO] [1784077132.187993022] [controller_server]: Passing new path to controller.
[INFO] [1784077133.187989365] [controller_server]: Passing new path to controller.
[INFO] [1784077134.188000874] [controller_server]: Passing new path to controller.
[INFO] [1784077135.287959332] [controller_server]: Passing new path to controller.
[INFO] [1784077136.288029730] [controller_server]: Passing new path to controller.
[INFO] [1784077137.287997647] [controller_server]: Passing new path to controller.
[INFO] [1784077138.288001026] [controller_server]: Passing new path to controller.
[INFO] [1784077139.388005170] [controller_server]: Passing new path to controller.
[INFO] [1784077140.388003809] [controller_server]: Passing new path to controller.
[INFO] [1784077141.388012188] [controller_server]: Passing new path to controller.
[INFO] [1784077142.488000906] [controller_server]: Passing new path to controller.
[INFO] [1784077143.488005211] [controller_server]: Passing new path to controller.
[INFO] [1784077144.487998183] [controller_server]: Passing new path to controller.
[INFO] [1784077145.488001007] [controller_server]: Passing new path to controller.
[INFO] [1784077146.588019095] [controller_server]: Passing new path to controller.
[INFO] [1784077147.588023179] [controller_server]: Passing new path to controller.
[INFO] [1784077148.588002632] [controller_server]: Passing new path to controller.
[INFO] [1784077149.588000160] [controller_server]: Passing new path to controller.
[INFO] [1784077150.687999877] [controller_server]: Passing new path to controller.
[INFO] [1784077151.688004183] [controller_server]: Passing new path to controller.
[INFO] [1784077152.687999970] [controller_server]: Passing new path to controller.
[INFO] [1784077153.688001423] [controller_server]: Passing new path to controller.
[INFO] [1784077154.787994900] [controller_server]: Passing new path to controller.
[INFO] [1784077155.788000261] [controller_server]: Passing new path to controller.
[INFO] [1784077156.788002418] [controller_server]: Passing new path to controller.
[ERROR] [1784077157.588108789] [controller_server]: Failed to make progress
[WARN] [1784077157.588300235] [controller_server]: [follow_path] [ActionServer] Aborting handle.
[INFO] [1784077157.600853914] [local_costmap.local_costmap]: Received request to clear entirely the local_costmap
[INFO] [1784077157.602401996] [controller_server]: Received a goal, begin computing control effort.
[WARN] [1784077157.722969594] [controller_server]: Control loop missed its desired rate of 10.0000 Hz. Current loop rate is 8.3013 Hz.
[INFO] [1784077157.823125655] [controller_server]: Passing new path to controller.
[INFO] [1784077158.823128275] [controller_server]: Passing new path to controller.
[INFO] [1784077159.923128937] [controller_server]: Passing new path to controller.
[INFO] [1784077160.923123039] [controller_server]: Passing new path to controller.
[INFO] [1784077161.923125733] [controller_server]: Passing new path to controller.
[INFO] [1784077162.923094187] [controller_server]: Passing new path to controller.
[INFO] [1784077164.023126089] [controller_server]: Passing new path to controller.
[INFO] [1784077165.023139802] [controller_server]: Passing new path to controller.
[INFO] [1784077166.023163386] [controller_server]: Passing new path to controller.
[INFO] [1784077167.023132876] [controller_server]: Passing new path to controller.
[INFO] [1784077168.123131983] [controller_server]: Passing new path to controller.
[INFO] [1784077169.123629087] [controller_server]: Passing new path to controller.
[INFO] [1784077170.123126779] [controller_server]: Passing new path to controller.
[INFO] [1784077171.123128973] [controller_server]: Passing new path to controller.
[INFO] [1784077172.223401748] [controller_server]: Passing new path to controller.
[INFO] [1784077173.223128292] [controller_server]: Passing new path to controller.
[INFO] [1784077174.223128690] [controller_server]: Passing new path to controller.
[INFO] [1784077175.223093292] [controller_server]: Passing new path to controller.
[INFO] [1784077176.323122954] [controller_server]: Passing new path to controller.
[INFO] [1784077177.323120204] [controller_server]: Passing new path to controller.
[ERROR] [1784077177.723211464] [controller_server]: Failed to make progress
[WARN] [1784077177.723409057] [controller_server]: [follow_path] [ActionServer] Aborting handle.
[INFO] [1784077177.740898948] [local_costmap.local_costmap]: Received request to clear entirely the local_costmap
[INFO] [1784077180.381950328] [controller_server]: Received a goal, begin computing control effort.
[INFO] [1784077181.482133843] [controller_server]: Passing new path to controller.
[INFO] [1784077182.482121519] [controller_server]: Passing new path to controller.
[INFO] [1784077183.482134602] [controller_server]: Passing new path to controller.
[INFO] [1784077184.482120000] [controller_server]: Passing new path to controller.
[INFO] [1784077185.582126421] [controller_server]: Passing new path to controller.
[INFO] [1784077186.582129727] [controller_server]: Passing new path to controller.
[INFO] [1784077187.582130754] [controller_server]: Passing new path to controller.
[INFO] [1784077188.582125393] [controller_server]: Passing new path to controller.
[INFO] [1784077189.682133425] [controller_server]: Passing new path to controller.
[INFO] [1784077189.982417700] [controller_server]: Reached the goal!
[INFO] [1784077380.447124985] [controller_server]: Received a goal, begin computing control effort.
[INFO] [1784077381.547335753] [controller_server]: Passing new path to controller.
[INFO] [1784077382.547332427] [controller_server]: Passing new path to controller.
[INFO] [1784077383.547382732] [controller_server]: Passing new path to controller.
[INFO] [1784077384.647352202] [controller_server]: Passing new path to controller.
[INFO] [1784077385.647298525] [controller_server]: Passing new path to controller.
[INFO] [1784077386.647329848] [controller_server]: Passing new path to controller.
[INFO] [1784077387.647339504] [controller_server]: Passing new path to controller.
[INFO] [1784077388.747333919] [controller_server]: Passing new path to controller.
[INFO] [1784077389.748162691] [controller_server]: Passing new path to controller.
[INFO] [1784077390.747329546] [controller_server]: Passing new path to controller.
[INFO] [1784077391.847331257] [controller_server]: Passing new path to controller.
[INFO] [1784077392.847575544] [controller_server]: Passing new path to controller.
[INFO] [1784077393.847299329] [controller_server]: Passing new path to controller.
[INFO] [1784077394.847371393] [controller_server]: Passing new path to controller.
[INFO] [1784077395.947323659] [controller_server]: Passing new path to controller.
[INFO] [1784077396.947391593] [controller_server]: Passing new path to controller.
[INFO] [1784077397.947319249] [controller_server]: Passing new path to controller.
[INFO] [1784077398.947426091] [controller_server]: Passing new path to controller.
[INFO] [1784077400.047403746] [controller_server]: Passing new path to controller.
[ERROR] [1784077400.447579336] [controller_server]: Failed to make progress
[WARN] [1784077400.448469693] [controller_server]: [follow_path] [ActionServer] Aborting handle.
[INFO] [1784077400.466467655] [local_costmap.local_costmap]: Received request to clear entirely the local_costmap
[INFO] [1784077400.467438272] [controller_server]: Received a goal, begin computing control effort.
[INFO] [1784077401.067638267] [controller_server]: Passing new path to controller.
[INFO] [1784077402.067640201] [controller_server]: Passing new path to controller.
[INFO] [1784077403.067636117] [controller_server]: Passing new path to controller.
[INFO] [1784077404.067906015] [controller_server]: Passing new path to controller.
[INFO] [1784077405.167631317] [controller_server]: Passing new path to controller.
[INFO] [1784077406.167836308] [controller_server]: Passing new path to controller.
[INFO] [1784077407.167595203] [controller_server]: Passing new path to controller.
[INFO] [1784077408.267637340] [controller_server]: Passing new path to controller.
[INFO] [1784077409.267641775] [controller_server]: Passing new path to controller.
[INFO] [1784077410.267642098] [controller_server]: Passing new path to controller.
[INFO] [1784077411.267638976] [controller_server]: Passing new path to controller.
[INFO] [1784077412.367595576] [controller_server]: Passing new path to controller.
[INFO] [1784077413.367633269] [controller_server]: Passing new path to controller.
[INFO] [1784077414.367650722] [controller_server]: Passing new path to controller.
[INFO] [1784077415.367660174] [controller_server]: Passing new path to controller.
[INFO] [1784077416.467624996] [controller_server]: Passing new path to controller.
[INFO] [1784077417.467721505] [controller_server]: Passing new path to controller.
[INFO] [1784077418.467800736] [controller_server]: Passing new path to controller.
[INFO] [1784077419.469285308] [controller_server]: Passing new path to controller.
[INFO] [1784077420.568029086] [controller_server]: Passing new path to controller.
[ERROR] [1784077420.568688590] [controller_server]: Failed to make progress
[WARN] [1784077420.568880646] [controller_server]: [follow_path] [ActionServer] Aborting handle.
[INFO] [1784077420.586481143] [local_costmap.local_costmap]: Received request to clear entirely the local_costmap
[INFO] [1784077423.229021005] [controller_server]: Received a goal, begin computing control effort.
[INFO] [1784077424.329468700] [controller_server]: Passing new path to controller.
[INFO] [1784077425.329219910] [controller_server]: Passing new path to controller.
[INFO] [1784077426.329297752] [controller_server]: Passing new path to controller.
[INFO] [1784077427.429535909] [controller_server]: Passing new path to controller.
[INFO] [1784077428.429208137] [controller_server]: Passing new path to controller.
[INFO] [1784077429.429232849] [controller_server]: Passing new path to controller.
[INFO] [1784077430.429187320] [controller_server]: Passing new path to controller.
[INFO] [1784077431.529220587] [controller_server]: Passing new path to controller.
[INFO] [1784077432.529220910] [controller_server]: Passing new path to controller.
[INFO] [1784077433.529212233] [controller_server]: Passing new path to controller.
[INFO] [1784077434.529222704] [controller_server]: Passing new path to controller.
[INFO] [1784077435.629215248] [controller_server]: Passing new path to controller.
[INFO] [1784077436.629230849] [controller_server]: Passing new path to controller.
[INFO] [1784077437.629225561] [controller_server]: Passing new path to controller.
[INFO] [1784077438.629211865] [controller_server]: Passing new path to controller.
[INFO] [1784077439.729732431] [controller_server]: Passing new path to controller.
[INFO] [1784077440.729230788] [controller_server]: Passing new path to controller.
[INFO] [1784077441.729244500] [controller_server]: Passing new path to controller.
[INFO] [1784077442.732142655] [controller_server]: Passing new path to controller.
[INFO] [1784077443.829216904] [controller_server]: Passing new path to controller.
[ERROR] [1784077444.629354100] [controller_server]: Failed to make progress
[WARN] [1784077444.629585657] [controller_server]: [follow_path] [ActionServer] Aborting handle.
[INFO] [1784077444.647529044] [local_costmap.local_costmap]: Received request to clear entirely the local_costmap
[INFO] [1784077444.654010399] [controller_server]: Received a goal, begin computing control effort.
[INFO] [1784077444.855167366] [controller_server]: Passing new path to controller.
[INFO] [1784077445.854315740] [controller_server]: Passing new path to controller.
[INFO] [1784077446.854271025] [controller_server]: Passing new path to controller.
[INFO] [1784077447.854703203] [controller_server]: Passing new path to controller.
[INFO] [1784077448.954485912] [controller_server]: Passing new path to controller.
[INFO] [1784077449.954260567] [controller_server]: Passing new path to controller.
[INFO] [1784077450.954548670] [controller_server]: Passing new path to controller.
[INFO] [1784077452.055061625] [controller_server]: Passing new path to controller.
[INFO] [1784077453.055002410] [controller_server]: Passing new path to controller.
[INFO] [1784077454.054303321] [controller_server]: Passing new path to controller.
[INFO] [1784077455.054220403] [controller_server]: Passing new path to controller.
[INFO] [1784077456.155162472] [controller_server]: Passing new path to controller.
[INFO] [1784077457.154347530] [controller_server]: Passing new path to controller.
[INFO] [1784077458.154374502] [controller_server]: Passing new path to controller.
[INFO] [1784077459.254239341] [controller_server]: Passing new path to controller.
[INFO] [1784077460.254523092] [controller_server]: Passing new path to controller.
[INFO] [1784077461.254300617] [controller_server]: Passing new path to controller.
[INFO] [1784077462.254236736] [controller_server]: Passing new path to controller.
[INFO] [1784077463.354258521] [controller_server]: Passing new path to controller.
[INFO] [1784077464.354646883] [controller_server]: Passing new path to controller.
[ERROR] [1784077464.755347754] [controller_server]: Failed to make progress
[WARN] [1784077464.755569070] [controller_server]: [follow_path] [ActionServer] Aborting handle.
[INFO] [1784077464.767289864] [local_costmap.local_costmap]: Received request to clear entirely the local_costmap
[INFO] [1784077471.520117450] [controller_server]: Received a goal, begin computing control effort.
[INFO] [1784077472.620329570] [controller_server]: Passing new path to controller.
[INFO] [1784077473.620531709] [controller_server]: Passing new path to controller.
[INFO] [1784077474.620507124] [controller_server]: Passing new path to controller.
[INFO] [1784077475.620347816] [controller_server]: Passing new path to controller.
[INFO] [1784077476.720363990] [controller_server]: Passing new path to controller.
[INFO] [1784077477.720339257] [controller_server]: Passing new path to controller.
[INFO] [1784077478.720373914] [controller_server]: Passing new path to controller.
[INFO] [1784077479.820338551] [controller_server]: Passing new path to controller.
[INFO] [1784077480.820374096] [controller_server]: Passing new path to controller.
[INFO] [1784077481.820348271] [controller_server]: Passing new path to controller.
[INFO] [1784077482.820342371] [controller_server]: Passing new path to controller.
[INFO] [1784077483.920341471] [controller_server]: Passing new path to controller.
[INFO] [1784077484.920338424] [controller_server]: Passing new path to controller.
[INFO] [1784077485.920350524] [controller_server]: Passing new path to controller.
[INFO] [1784077486.920343995] [controller_server]: Passing new path to controller.
[INFO] [1784077488.020350354] [controller_server]: Passing new path to controller.
[INFO] [1784077489.020347289] [controller_server]: Passing new path to controller.
[INFO] [1784077490.020339815] [controller_server]: Passing new path to controller.
[INFO] [1784077491.120355082] [controller_server]: Passing new path to controller.
[INFO] [1784077492.120340460] [controller_server]: Passing new path to controller.
[INFO] [1784077493.120302449] [controller_server]: Passing new path to controller.
[INFO] [1784077494.120336106] [controller_server]: Passing new path to controller.
[INFO] [1784077495.220350150] [controller_server]: Passing new path to controller.
[INFO] [1784077496.220347232] [controller_server]: Passing new path to controller.
[INFO] [1784077497.220342759] [controller_server]: Passing new path to controller.
[INFO] [1784077498.220345249] [controller_server]: Passing new path to controller.
[INFO] [1784077499.320358330] [controller_server]: Passing new path to controller.
[INFO] [1784077500.320349820] [controller_server]: Passing new path to controller.
[INFO] [1784077501.320334235] [controller_server]: Passing new path to controller.
[INFO] [1784077502.607366124] [local_costmap.local_costmap]: Received request to clear entirely the local_costmap
[INFO] [1784077502.620342259] [controller_server]: Cancellation was successful. Stopping the robot.
[INFO] [1784077502.620403426] [controller_server]: [follow_path] [ActionServer] Client requested to cancel the goal. Cancelling.
[INFO] [1784077507.245256678] [controller_server]: Received a goal, begin computing control effort.
[INFO] [1784077508.345523538] [controller_server]: Passing new path to controller.
[INFO] [1784077509.345712696] [controller_server]: Passing new path to controller.
[INFO] [1784077510.346159966] [controller_server]: Passing new path to controller.
[INFO] [1784077511.445615618] [controller_server]: Passing new path to controller.
[INFO] [1784077512.648340381] [controller_server]: Passing new path to controller.
[INFO] [1784077513.651116666] [controller_server]: Passing new path to controller.
[INFO] [1784077514.746940221] [controller_server]: Passing new path to controller.
[INFO] [1784077515.746879211] [controller_server]: Passing new path to controller.
[INFO] [1784077516.745615619] [controller_server]: Passing new path to controller.
[INFO] [1784077517.745714998] [controller_server]: Passing new path to controller.
[WARN] [1784077517.948394623] [controller_server]: RegulatedPurePursuitController detected collision ahead!
[WARN] [1784077518.048696513] [controller_server]: RegulatedPurePursuitController detected collision ahead!
[WARN] [1784077518.247002852] [controller_server]: RegulatedPurePursuitController detected collision ahead!
[WARN] [1784077518.346251735] [controller_server]: RegulatedPurePursuitController detected collision ahead!
[WARN] [1784077518.453457186] [controller_server]: RegulatedPurePursuitController detected collision ahead!
[ERROR] [1784077518.453569761] [controller_server]: Controller patience exceeded
[WARN] [1784077518.455785089] [controller_server]: [follow_path] [ActionServer] Aborting handle.
[INFO] [1784077518.472532413] [local_costmap.local_costmap]: Received request to clear entirely the local_costmap
[INFO] [1784077518.473793977] [controller_server]: Received a goal, begin computing control effort.
[WARN] [1784077518.524538656] [controller_server]: RegulatedPurePursuitController detected collision ahead!
[WARN] [1784077518.574223737] [controller_server]: RegulatedPurePursuitController detected collision ahead!
[WARN] [1784077518.675013778] [controller_server]: RegulatedPurePursuitController detected collision ahead!
[INFO] [1784077518.774016382] [controller_server]: Passing new path to controller.
[WARN] [1784077518.774589108] [controller_server]: RegulatedPurePursuitController detected collision ahead!
[ERROR] [1784077518.774700627] [controller_server]: Controller patience exceeded
[WARN] [1784077518.774812961] [controller_server]: [follow_path] [ActionServer] Aborting handle.
[INFO] [1784077518.802688557] [local_costmap.local_costmap]: Received request to clear entirely the local_costmap
[INFO] [1784077523.982777826] [controller_server]: Received a goal, begin computing control effort.
[WARN] [1784077523.983215458] [controller_server]: RegulatedPurePursuitController detected collision ahead!
[WARN] [1784077524.083272087] [controller_server]: RegulatedPurePursuitController detected collision ahead!
[WARN] [1784077524.183286994] [controller_server]: RegulatedPurePursuitController detected collision ahead!
[WARN] [1784077524.283327845] [controller_server]: RegulatedPurePursuitController detected collision ahead!
[ERROR] [1784077524.283424623] [controller_server]: Controller patience exceeded
[WARN] [1784077524.283585106] [controller_server]: [follow_path] [ActionServer] Aborting handle.
[INFO] [1784077524.302699259] [local_costmap.local_costmap]: Received request to clear entirely the local_costmap
[INFO] [1784077524.304468992] [controller_server]: Received a goal, begin computing control effort.
[WARN] [1784077524.324962692] [controller_server]: RegulatedPurePursuitController detected collision ahead!
[WARN] [1784077524.405125662] [controller_server]: RegulatedPurePursuitController detected collision ahead!
[WARN] [1784077524.505467478] [controller_server]: RegulatedPurePursuitController detected collision ahead!
[WARN] [1784077524.605606478] [controller_server]: RegulatedPurePursuitController detected collision ahead!
[ERROR] [1784077524.605700589] [controller_server]: Controller patience exceeded
[WARN] [1784077524.606479909] [controller_server]: [follow_path] [ActionServer] Aborting handle.
[INFO] [1784077524.622496914] [local_costmap.local_costmap]: Received request to clear entirely the local_costmap
[INFO] [1784077530.102936349] [controller_server]: Received a goal, begin computing control effort.
[WARN] [1784077530.104323357] [controller_server]: RegulatedPurePursuitController detected collision ahead!
[WARN] [1784077530.203771649] [controller_server]: RegulatedPurePursuitController detected collision ahead!
[WARN] [1784077530.303702240] [controller_server]: RegulatedPurePursuitController detected collision ahead!
[WARN] [1784077530.404230706] [controller_server]: RegulatedPurePursuitController detected collision ahead!
[ERROR] [1784077530.404354799] [controller_server]: Controller patience exceeded
[WARN] [1784077530.404551689] [controller_server]: [follow_path] [ActionServer] Aborting handle.
[INFO] [1784077530.422530484] [local_costmap.local_costmap]: Received request to clear entirely the local_costmap
[INFO] [1784077530.423673158] [controller_server]: Received a goal, begin computing control effort.
[WARN] [1784077530.524199993] [controller_server]: RegulatedPurePursuitController detected collision ahead!
[WARN] [1784077530.524452346] [controller_server]: Control loop missed its desired rate of 10.0000 Hz. Current loop rate is 9.9336 Hz.
[WARN] [1784077530.524771256] [controller_server]: RegulatedPurePursuitController detected collision ahead!
[WARN] [1784077530.624941274] [controller_server]: RegulatedPurePursuitController detected collision ahead!
[WARN] [1784077530.724908736] [controller_server]: RegulatedPurePursuitController detected collision ahead!
[ERROR] [1784077530.724993181] [controller_server]: Controller patience exceeded
[WARN] [1784077530.725121460] [controller_server]: [follow_path] [ActionServer] Aborting handle.
[INFO] [1784077530.745333787] [local_costmap.local_costmap]: Received request to clear entirely the local_costmap
[INFO] [1784077533.392746882] [controller_server]: Received a goal, begin computing control effort.
[INFO] [1784077534.492938409] [controller_server]: Passing new path to controller.
[INFO] [1784077535.492897713] [controller_server]: Passing new path to controller.
[INFO] [1784077536.492923833] [controller_server]: Passing new path to controller.
[INFO] [1784077537.592944673] [controller_server]: Passing new path to controller.
[WARN] [1784077537.994080546] [controller_server]: RegulatedPurePursuitController detected collision ahead!
[WARN] [1784077538.093325893] [controller_server]: RegulatedPurePursuitController detected collision ahead!
[WARN] [1784077538.193282188] [controller_server]: RegulatedPurePursuitController detected collision ahead!
[WARN] [1784077538.293946079] [controller_server]: RegulatedPurePursuitController detected collision ahead!
[ERROR] [1784077538.294145451] [controller_server]: Controller patience exceeded
[WARN] [1784077538.294433675] [controller_server]: [follow_path] [ActionServer] Aborting handle.
[INFO] [1784077538.312502415] [local_costmap.local_costmap]: Received request to clear entirely the local_costmap
[INFO] [1784077538.314244685] [controller_server]: Received a goal, begin computing control effort.
[WARN] [1784077538.324759471] [controller_server]: RegulatedPurePursuitController detected collision ahead!
[WARN] [1784077538.415041207] [controller_server]: RegulatedPurePursuitController detected collision ahead!
[WARN] [1784077538.515583580] [controller_server]: RegulatedPurePursuitController detected collision ahead!
[INFO] [1784077538.614825593] [controller_server]: Passing new path to controller.
[WARN] [1784077538.615469819] [controller_server]: RegulatedPurePursuitController detected collision ahead!
[ERROR] [1784077538.615549023] [controller_server]: Controller patience exceeded
[WARN] [1784077538.615679876] [controller_server]: [follow_path] [ActionServer] Aborting handle.
[INFO] [1784077695.571143125] [rclcpp]: signal_handler(SIGINT/SIGTERM)
[INFO] [1784077695.571235718] [controller_server]: Running Nav2 LifecycleNode rcl preshutdown (controller_server)
[INFO] [1784077695.571390959] [controller_server]: Deactivating
[INFO] [1784077695.571427886] [controller_server]: Deactivating controller: FollowPath of type regulated_pure_pursuit_controller::RegulatedPurePursuitController
[INFO] [1784077695.571497830] [local_costmap.local_costmap]: Deactivating
[INFO] [1784077695.719320399] [controller_server]: Destroying bond (controller_server) to lifecycle manager.
[INFO] [1784077695.760435909] [controller_server]: Cleaning up
[INFO] [1784077695.760510113] [controller_server]: Cleaning up controller: FollowPath of type regulated_pure_pursuit_controller::RegulatedPurePursuitController
[INFO] [1784077696.000784301] [local_costmap.local_costmap]: Cleaning up
[INFO] [1784077696.713605298] [controller_server]: Destroying bond (controller_server) to lifecycle manager.
