[INFO] [1785199041.537376172] [controller_server]: 
	controller_server lifecycle node launched. 
	Waiting on external lifecycle transitions to activate
	See https://design.ros2.org/articles/node_lifecycle.html for more information.
[INFO] [1785199041.568541715] [controller_server]: Creating controller server
[INFO] [1785199041.698612101] [local_costmap.local_costmap]: 
	local_costmap lifecycle node launched. 
	Waiting on external lifecycle transitions to activate
	See https://design.ros2.org/articles/node_lifecycle.html for more information.
[INFO] [1785199041.699740606] [local_costmap.local_costmap]: Creating Costmap
[INFO] [1785199044.387900408] [controller_server]: Configuring controller interface
[INFO] [1785199044.387963019] [controller_server]: getting progress checker plugins..
[INFO] [1785199044.391636611] [controller_server]: getting goal checker plugins..
[INFO] [1785199044.392460671] [controller_server]: Controller frequency set to 10.0000Hz
[INFO] [1785199044.392581227] [local_costmap.local_costmap]: Configuring
[INFO] [1785199044.522026720] [local_costmap.local_costmap]: Using plugin "voxel_layer"
[INFO] [1785199044.539056749] [local_costmap.local_costmap]: Subscribed to Topics: scan
[INFO] [1785199044.615844907] [local_costmap.local_costmap]: Initialized plugin "voxel_layer"
[INFO] [1785199044.615921315] [local_costmap.local_costmap]: Using plugin "inflation_layer"
[INFO] [1785199044.742111755] [local_costmap.local_costmap]: Initialized plugin "inflation_layer"
[INFO] [1785199044.918823335] [controller_server]: Created progress_checker : progress_checker of type nav2_controller::SimpleProgressChecker
[INFO] [1785199044.919652505] [controller_server]: Controller Server has progress_checker  progress checkers available.
[INFO] [1785199044.921792886] [controller_server]: Created goal checker : general_goal_checker of type nav2_controller::SimpleGoalChecker
[INFO] [1785199044.926460113] [controller_server]: Controller Server has general_goal_checker  goal checkers available.
[INFO] [1785199044.929812111] [controller_server]: Created controller : FollowPath of type nav2_regulated_pure_pursuit_controller::RegulatedPurePursuitController
[INFO] [1785199044.958911311] [controller_server]: Controller Server has FollowPath  controllers available.
[INFO] [1785199047.536042803] [controller_server]: Activating
[INFO] [1785199047.536131452] [local_costmap.local_costmap]: Activating
[INFO] [1785199047.536155230] [local_costmap.local_costmap]: Checking transform
[INFO] [1785199047.536415101] [local_costmap.local_costmap]: start
[INFO] [1785199047.793883081] [controller_server]: Activating controller: FollowPath of type regulated_pure_pursuit_controller::RegulatedPurePursuitController
[INFO] [1785199047.794231305] [controller_server]: Creating bond (controller_server) to lifecycle manager.
[INFO] [1785199066.014887249] [controller_server]: Received a goal, begin computing control effort.
[WARN] [1785199066.015001268] [controller_server]: No goal checker was specified in parameter 'current_goal_checker'. Server will use only plugin loaded general_goal_checker . This warning will appear once.
[WARN] [1785199066.015029583] [controller_server]: No progress checker was specified in parameter 'current_progress_checker'. Server will use only plugin loaded progress_checker . This warning will appear once.
[INFO] [1785199067.115215187] [controller_server]: Passing new path to controller.
[INFO] [1785199068.215213106] [controller_server]: Passing new path to controller.
[INFO] [1785199069.315231302] [controller_server]: Passing new path to controller.
[INFO] [1785199070.415212758] [controller_server]: Passing new path to controller.
[INFO] [1785199071.515216843] [controller_server]: Passing new path to controller.
[INFO] [1785199072.515218214] [controller_server]: Passing new path to controller.
[INFO] [1785199073.615218280] [controller_server]: Passing new path to controller.
[INFO] [1785199074.715182125] [controller_server]: Passing new path to controller.
[INFO] [1785199075.815177932] [controller_server]: Passing new path to controller.
[INFO] [1785199076.815177358] [controller_server]: Passing new path to controller.
[INFO] [1785199077.915228184] [controller_server]: Passing new path to controller.
[INFO] [1785199079.015210788] [controller_server]: Passing new path to controller.
[INFO] [1785199080.015205955] [controller_server]: Passing new path to controller.
[INFO] [1785199081.115222355] [controller_server]: Passing new path to controller.
[INFO] [1785199082.215215385] [controller_server]: Passing new path to controller.
[INFO] [1785199083.315220674] [controller_server]: Passing new path to controller.
[INFO] [1785199084.315213433] [controller_server]: Passing new path to controller.
[INFO] [1785199085.415217259] [controller_server]: Passing new path to controller.
[ERROR] [1785199086.015573050] [controller_server]: Failed to make progress
[WARN] [1785199086.016274775] [controller_server]: [follow_path] [ActionServer] Aborting handle.
[INFO] [1785199086.032814412] [local_costmap.local_costmap]: Received request to clear entirely the local_costmap
[INFO] [1785199086.034027955] [controller_server]: Received a goal, begin computing control effort.
[WARN] [1785199086.144829298] [controller_server]: Control loop missed its desired rate of 10.0000 Hz. Current loop rate is 9.0350 Hz.
[INFO] [1785199086.445041776] [controller_server]: Passing new path to controller.
[INFO] [1785199087.545042713] [controller_server]: Passing new path to controller.
[INFO] [1785199088.645046299] [controller_server]: Passing new path to controller.
[INFO] [1785199089.745043662] [controller_server]: Passing new path to controller.
[INFO] [1785199090.745042569] [controller_server]: Passing new path to controller.
[INFO] [1785199091.845039562] [controller_server]: Passing new path to controller.
[INFO] [1785199092.945040166] [controller_server]: Passing new path to controller.
[INFO] [1785199094.045040047] [controller_server]: Passing new path to controller.
[INFO] [1785199095.145043392] [controller_server]: Passing new path to controller.
[INFO] [1785199096.145042836] [controller_server]: Passing new path to controller.
[INFO] [1785199097.245055385] [controller_server]: Passing new path to controller.
[INFO] [1785199098.345042062] [controller_server]: Passing new path to controller.
[INFO] [1785199099.345042025] [controller_server]: Passing new path to controller.
[INFO] [1785199100.445044351] [controller_server]: Passing new path to controller.
[INFO] [1785199101.545043770] [controller_server]: Passing new path to controller.
[INFO] [1785199102.645050022] [controller_server]: Passing new path to controller.
[INFO] [1785199103.745042385] [controller_server]: Passing new path to controller.
[INFO] [1785199104.745044293] [controller_server]: Passing new path to controller.
[INFO] [1785199105.845049804] [controller_server]: Passing new path to controller.
[ERROR] [1785199106.145120152] [controller_server]: Failed to make progress
[WARN] [1785199106.145300912] [controller_server]: [follow_path] [ActionServer] Aborting handle.
[INFO] [1785199106.164838916] [local_costmap.local_costmap]: Received request to clear entirely the local_costmap
[INFO] [1785199110.774802514] [controller_server]: Received a goal, begin computing control effort.
[INFO] [1785199111.874988618] [controller_server]: Passing new path to controller.
[WARN] [1785199112.175556580] [controller_server]: RegulatedPurePursuitController detected collision ahead!
[INFO] [1785199112.975002130] [controller_server]: Passing new path to controller.
[INFO] [1785199114.075007789] [controller_server]: Passing new path to controller.
[INFO] [1785199115.074997567] [controller_server]: Passing new path to controller.
[INFO] [1785199116.175010115] [controller_server]: Passing new path to controller.
[INFO] [1785199117.274982793] [controller_server]: Passing new path to controller.
[INFO] [1785199118.274991089] [controller_server]: Passing new path to controller.
[INFO] [1785199119.375009138] [controller_server]: Passing new path to controller.
[INFO] [1785199120.475054945] [controller_server]: Passing new path to controller.
[INFO] [1785199121.474991352] [controller_server]: Passing new path to controller.
[INFO] [1785199122.575101846] [controller_server]: Passing new path to controller.
[INFO] [1785199123.675022116] [controller_server]: Passing new path to controller.
[INFO] [1785199124.775009868] [controller_server]: Passing new path to controller.
[INFO] [1785199125.774979960] [controller_server]: Passing new path to controller.
[INFO] [1785199126.875003897] [controller_server]: Passing new path to controller.
[INFO] [1785199127.975000594] [controller_server]: Passing new path to controller.
[INFO] [1785199129.074997920] [controller_server]: Passing new path to controller.
[INFO] [1785199130.075000660] [controller_server]: Passing new path to controller.
[INFO] [1785199131.174978246] [controller_server]: Passing new path to controller.
[ERROR] [1785199131.775087146] [controller_server]: Failed to make progress
[WARN] [1785199131.775268980] [controller_server]: [follow_path] [ActionServer] Aborting handle.
[INFO] [1785199131.787824302] [local_costmap.local_costmap]: Received request to clear entirely the local_costmap
[INFO] [1785199131.789079956] [controller_server]: Received a goal, begin computing control effort.
[WARN] [1785199131.950420640] [controller_server]: Control loop missed its desired rate of 10.0000 Hz. Current loop rate is 6.2019 Hz.
[INFO] [1785199132.250582544] [controller_server]: Passing new path to controller.
[INFO] [1785199133.350571111] [controller_server]: Passing new path to controller.
[INFO] [1785199134.350575574] [controller_server]: Passing new path to controller.
[INFO] [1785199135.450581085] [controller_server]: Passing new path to controller.
[INFO] [1785199136.550571596] [controller_server]: Passing new path to controller.
[INFO] [1785199137.650779294] [controller_server]: Passing new path to controller.
[INFO] [1785199138.750576267] [controller_server]: Passing new path to controller.
[INFO] [1785199139.750571711] [controller_server]: Passing new path to controller.
[INFO] [1785199140.850583741] [controller_server]: Passing new path to controller.
[INFO] [1785199141.950573826] [controller_server]: Passing new path to controller.
[INFO] [1785199143.050573745] [controller_server]: Passing new path to controller.
[INFO] [1785199144.050586634] [controller_server]: Passing new path to controller.
[INFO] [1785199145.150573423] [controller_server]: Passing new path to controller.
[INFO] [1785199146.250570360] [controller_server]: Passing new path to controller.
[INFO] [1785199147.350570649] [controller_server]: Passing new path to controller.
[INFO] [1785199148.350571334] [controller_server]: Passing new path to controller.
[INFO] [1785199149.450812458] [controller_server]: Passing new path to controller.
[INFO] [1785199150.550681209] [controller_server]: Passing new path to controller.
[INFO] [1785199151.650576201] [controller_server]: Passing new path to controller.
[ERROR] [1785199151.950683179] [controller_server]: Failed to make progress
[WARN] [1785199151.950873995] [controller_server]: [follow_path] [ActionServer] Aborting handle.
[INFO] [1785199151.971220836] [local_costmap.local_costmap]: Received request to clear entirely the local_costmap
[INFO] [1785199158.211584558] [controller_server]: Received a goal, begin computing control effort.
[INFO] [1785199159.313298911] [controller_server]: Passing new path to controller.
[INFO] [1785199160.411790081] [controller_server]: Passing new path to controller.
[INFO] [1785199161.512893968] [controller_server]: Passing new path to controller.
[INFO] [1785199162.611934437] [controller_server]: Passing new path to controller.
[INFO] [1785199163.612683089] [controller_server]: Passing new path to controller.
[INFO] [1785199164.712232154] [controller_server]: Passing new path to controller.
[INFO] [1785199165.812966150] [controller_server]: Passing new path to controller.
[INFO] [1785199166.911798230] [controller_server]: Passing new path to controller.
[INFO] [1785199167.911778007] [controller_server]: Passing new path to controller.
[INFO] [1785199169.012156409] [controller_server]: Passing new path to controller.
[INFO] [1785199170.112332681] [controller_server]: Passing new path to controller.
[INFO] [1785199171.112174587] [controller_server]: Passing new path to controller.
[INFO] [1785199172.211785300] [controller_server]: Passing new path to controller.
[INFO] [1785199173.312821835] [controller_server]: Passing new path to controller.
[INFO] [1785199174.412825420] [controller_server]: Passing new path to controller.
[INFO] [1785199175.512165225] [controller_server]: Passing new path to controller.
[INFO] [1785199176.512253559] [controller_server]: Passing new path to controller.
[INFO] [1785199177.611918068] [controller_server]: Passing new path to controller.
[ERROR] [1785199178.211874172] [controller_server]: Failed to make progress
[WARN] [1785199178.212081265] [controller_server]: [follow_path] [ActionServer] Aborting handle.
[INFO] [1785199178.232074586] [local_costmap.local_costmap]: Received request to clear entirely the local_costmap
[INFO] [1785199178.233334703] [controller_server]: Received a goal, begin computing control effort.
[WARN] [1785199178.344161768] [controller_server]: Control loop missed its desired rate of 10.0000 Hz. Current loop rate is 9.0317 Hz.
[INFO] [1785199178.644325450] [controller_server]: Passing new path to controller.
[INFO] [1785199179.744327831] [controller_server]: Passing new path to controller.
[INFO] [1785199180.844384491] [controller_server]: Passing new path to controller.
[INFO] [1785199181.844323787] [controller_server]: Passing new path to controller.
[INFO] [1785199182.944324021] [controller_server]: Passing new path to controller.
[INFO] [1785199184.044331902] [controller_server]: Passing new path to controller.
[INFO] [1785199185.144309284] [controller_server]: Passing new path to controller.
[INFO] [1785199186.144324080] [controller_server]: Passing new path to controller.
[INFO] [1785199187.244323387] [controller_server]: Passing new path to controller.
[INFO] [1785199188.344327047] [controller_server]: Passing new path to controller.
[INFO] [1785199189.444327484] [controller_server]: Passing new path to controller.
[INFO] [1785199190.444333151] [controller_server]: Passing new path to controller.
[INFO] [1785199191.544337810] [controller_server]: Passing new path to controller.
[INFO] [1785199192.644326414] [controller_server]: Passing new path to controller.
[INFO] [1785199193.744325629] [controller_server]: Passing new path to controller.
[INFO] [1785199194.844327344] [controller_server]: Passing new path to controller.
[INFO] [1785199195.844324381] [controller_server]: Passing new path to controller.
[INFO] [1785199196.944326355] [controller_server]: Passing new path to controller.
[INFO] [1785199198.044328755] [controller_server]: Passing new path to controller.
[ERROR] [1785199198.344418900] [controller_server]: Failed to make progress
[WARN] [1785199198.344600438] [controller_server]: [follow_path] [ActionServer] Aborting handle.
[INFO] [1785199198.359229084] [local_costmap.local_costmap]: Received request to clear entirely the local_costmap
[INFO] [1785199204.275845729] [controller_server]: Received a goal, begin computing control effort.
[INFO] [1785199205.376035927] [controller_server]: Passing new path to controller.
[INFO] [1785199206.476042901] [controller_server]: Passing new path to controller.
[INFO] [1785199207.576037893] [controller_server]: Passing new path to controller.
[INFO] [1785199208.676037256] [controller_server]: Passing new path to controller.
[INFO] [1785199209.676036497] [controller_server]: Passing new path to controller.
[INFO] [1785199210.776037360] [controller_server]: Passing new path to controller.
[INFO] [1785199211.876036334] [controller_server]: Passing new path to controller.
[INFO] [1785199212.976038809] [controller_server]: Passing new path to controller.
[INFO] [1785199213.976034957] [controller_server]: Passing new path to controller.
[INFO] [1785199215.076037542] [controller_server]: Passing new path to controller.
[INFO] [1785199216.176036313] [controller_server]: Passing new path to controller.
[INFO] [1785199217.276039509] [controller_server]: Passing new path to controller.
[INFO] [1785199218.376042742] [controller_server]: Passing new path to controller.
[INFO] [1785199219.376039502] [controller_server]: Passing new path to controller.
[INFO] [1785199220.476039142] [controller_server]: Passing new path to controller.
[INFO] [1785199221.576037024] [controller_server]: Passing new path to controller.
[INFO] [1785199222.676015609] [controller_server]: Passing new path to controller.
[INFO] [1785199223.676037758] [controller_server]: Passing new path to controller.
[ERROR] [1785199224.276125288] [controller_server]: Failed to make progress
[WARN] [1785199224.276320196] [controller_server]: [follow_path] [ActionServer] Aborting handle.
[INFO] [1785199224.288894276] [local_costmap.local_costmap]: Received request to clear entirely the local_costmap
[INFO] [1785199224.293673485] [controller_server]: Received a goal, begin computing control effort.
[INFO] [1785199224.793997950] [controller_server]: Passing new path to controller.
[INFO] [1785199225.894302851] [controller_server]: Passing new path to controller.
[INFO] [1785199226.894046017] [controller_server]: Passing new path to controller.
[INFO] [1785199227.994987570] [controller_server]: Passing new path to controller.
[INFO] [1785199229.095746362] [controller_server]: Passing new path to controller.
[INFO] [1785199230.194590275] [controller_server]: Passing new path to controller.
[INFO] [1785199231.193876309] [controller_server]: Passing new path to controller.
[INFO] [1785199232.294907399] [controller_server]: Passing new path to controller.
[INFO] [1785199233.394201537] [controller_server]: Passing new path to controller.
[INFO] [1785199234.394264426] [controller_server]: Passing new path to controller.
[INFO] [1785199235.494554957] [controller_server]: Passing new path to controller.
[INFO] [1785199236.593890854] [controller_server]: Passing new path to controller.
[INFO] [1785199237.694091422] [controller_server]: Passing new path to controller.
[INFO] [1785199238.694482257] [controller_server]: Passing new path to controller.
[INFO] [1785199239.793894950] [controller_server]: Passing new path to controller.
[INFO] [1785199240.893969017] [controller_server]: Passing new path to controller.
[INFO] [1785199241.894157370] [controller_server]: Passing new path to controller.
[INFO] [1785199242.993917640] [controller_server]: Passing new path to controller.
[INFO] [1785199244.093899910] [controller_server]: Passing new path to controller.
[ERROR] [1785199244.394786707] [controller_server]: Failed to make progress
[WARN] [1785199244.394986615] [controller_server]: [follow_path] [ActionServer] Aborting handle.
[INFO] [1785199244.419990590] [local_costmap.local_costmap]: Received request to clear entirely the local_costmap
[INFO] [1785199259.550778921] [controller_server]: Received a goal, begin computing control effort.
[INFO] [1785199260.650938026] [controller_server]: Passing new path to controller.
[INFO] [1785199261.750966611] [controller_server]: Passing new path to controller.
[INFO] [1785199262.750963037] [controller_server]: Passing new path to controller.
[INFO] [1785199263.850964011] [controller_server]: Passing new path to controller.
[INFO] [1785199264.950970004] [controller_server]: Passing new path to controller.
[INFO] [1785199266.050962904] [controller_server]: Passing new path to controller.
[INFO] [1785199267.150979323] [controller_server]: Passing new path to controller.
[INFO] [1785199268.150962860] [controller_server]: Passing new path to controller.
[INFO] [1785199269.250967704] [controller_server]: Passing new path to controller.
[INFO] [1785199270.350965919] [controller_server]: Passing new path to controller.
[INFO] [1785199271.450960208] [controller_server]: Passing new path to controller.
[INFO] [1785199272.550970719] [controller_server]: Passing new path to controller.
[INFO] [1785199273.550970664] [controller_server]: Passing new path to controller.
[INFO] [1785199274.650975045] [controller_server]: Passing new path to controller.
[INFO] [1785199275.751008131] [controller_server]: Passing new path to controller.
[INFO] [1785199276.850965919] [controller_server]: Passing new path to controller.
[INFO] [1785199277.850970734] [controller_server]: Passing new path to controller.
[INFO] [1785199278.950986597] [controller_server]: Passing new path to controller.
[ERROR] [1785199279.551088294] [controller_server]: Failed to make progress
[WARN] [1785199279.551289721] [controller_server]: [follow_path] [ActionServer] Aborting handle.
[INFO] [1785199279.566011146] [local_costmap.local_costmap]: Received request to clear entirely the local_costmap
[INFO] [1785199279.568162490] [controller_server]: Received a goal, begin computing control effort.
[WARN] [1785199279.748928065] [controller_server]: Control loop missed its desired rate of 10.0000 Hz. Current loop rate is 5.5358 Hz.
[INFO] [1785199280.050388846] [controller_server]: Passing new path to controller.
[INFO] [1785199281.149185148] [controller_server]: Passing new path to controller.
[INFO] [1785199282.149199741] [controller_server]: Passing new path to controller.
[INFO] [1785199283.249118307] [controller_server]: Passing new path to controller.
[INFO] [1785199284.349092818] [controller_server]: Passing new path to controller.
[INFO] [1785199285.449415146] [controller_server]: Passing new path to controller.
[INFO] [1785199286.449095478] [controller_server]: Passing new path to controller.
[INFO] [1785199287.549083933] [controller_server]: Passing new path to controller.
[INFO] [1785199288.649115130] [controller_server]: Passing new path to controller.
[INFO] [1785199289.750135035] [controller_server]: Passing new path to controller.
[INFO] [1785199290.749117641] [controller_server]: Passing new path to controller.
[INFO] [1785199291.849472080] [controller_server]: Passing new path to controller.
[INFO] [1785199292.949701277] [controller_server]: Passing new path to controller.
[INFO] [1785199294.049128786] [controller_server]: Passing new path to controller.
[INFO] [1785199295.049811085] [controller_server]: Passing new path to controller.
[INFO] [1785199296.149340983] [controller_server]: Passing new path to controller.
[INFO] [1785199297.249430495] [controller_server]: Passing new path to controller.
[INFO] [1785199298.349770452] [controller_server]: Passing new path to controller.
[INFO] [1785199299.349496969] [controller_server]: Passing new path to controller.
[ERROR] [1785199299.749357310] [controller_server]: Failed to make progress
[WARN] [1785199299.749501495] [controller_server]: [follow_path] [ActionServer] Aborting handle.
[INFO] [1785199299.761669241] [local_costmap.local_costmap]: Received request to clear entirely the local_costmap
[INFO] [1785199305.693169996] [controller_server]: Received a goal, begin computing control effort.
[INFO] [1785199306.793489379] [controller_server]: Passing new path to controller.
[INFO] [1785199307.893730058] [controller_server]: Passing new path to controller.
[INFO] [1785199308.993477531] [controller_server]: Passing new path to controller.
[INFO] [1785199310.093455598] [controller_server]: Passing new path to controller.
[INFO] [1785199311.093495209] [controller_server]: Passing new path to controller.
[INFO] [1785199312.194531707] [controller_server]: Passing new path to controller.
[INFO] [1785199313.293456120] [controller_server]: Passing new path to controller.
[INFO] [1785199314.393591021] [controller_server]: Passing new path to controller.
[INFO] [1785199315.493462254] [controller_server]: Passing new path to controller.
[INFO] [1785199316.494222221] [controller_server]: Passing new path to controller.
[INFO] [1785199317.594678808] [controller_server]: Passing new path to controller.
[INFO] [1785199318.694350021] [controller_server]: Passing new path to controller.
[INFO] [1785199319.793879660] [controller_server]: Passing new path to controller.
[INFO] [1785199320.793725530] [controller_server]: Passing new path to controller.
[INFO] [1785199321.893448151] [controller_server]: Passing new path to controller.
[INFO] [1785199322.993593903] [controller_server]: Passing new path to controller.
[INFO] [1785199323.994252536] [controller_server]: Passing new path to controller.
[INFO] [1785199325.093499544] [controller_server]: Passing new path to controller.
[ERROR] [1785199325.694547801] [controller_server]: Failed to make progress
[WARN] [1785199325.694868784] [controller_server]: [follow_path] [ActionServer] Aborting handle.
[INFO] [1785199325.712639445] [local_costmap.local_costmap]: Received request to clear entirely the local_costmap
[INFO] [1785199325.714264805] [controller_server]: Received a goal, begin computing control effort.
[INFO] [1785199326.214551622] [controller_server]: Passing new path to controller.
[INFO] [1785199327.314556077] [controller_server]: Passing new path to controller.
[INFO] [1785199328.314554670] [controller_server]: Passing new path to controller.
[INFO] [1785199329.414560626] [controller_server]: Passing new path to controller.
[INFO] [1785199330.514559229] [controller_server]: Passing new path to controller.
[INFO] [1785199331.614546277] [controller_server]: Passing new path to controller.
[INFO] [1785199332.614554278] [controller_server]: Passing new path to controller.
[INFO] [1785199333.714549363] [controller_server]: Passing new path to controller.
[INFO] [1785199334.814581930] [controller_server]: Passing new path to controller.
[INFO] [1785199335.914551478] [controller_server]: Passing new path to controller.
[INFO] [1785199336.914548589] [controller_server]: Passing new path to controller.
[INFO] [1785199338.014554322] [controller_server]: Passing new path to controller.
[INFO] [1785199339.114553519] [controller_server]: Passing new path to controller.
[INFO] [1785199340.214551178] [controller_server]: Passing new path to controller.
[INFO] [1785199341.214574308] [controller_server]: Passing new path to controller.
[INFO] [1785199342.314555023] [controller_server]: Passing new path to controller.
[INFO] [1785199343.414511108] [controller_server]: Passing new path to controller.
[INFO] [1785199344.414555645] [controller_server]: Passing new path to controller.
[INFO] [1785199345.514569397] [controller_server]: Passing new path to controller.
[ERROR] [1785199345.814684375] [controller_server]: Failed to make progress
[WARN] [1785199345.814882636] [controller_server]: [follow_path] [ActionServer] Aborting handle.
[INFO] [1785199345.829506597] [local_costmap.local_costmap]: Received request to clear entirely the local_costmap
[INFO] [1785199351.753043406] [controller_server]: Received a goal, begin computing control effort.
[INFO] [1785199352.853253733] [controller_server]: Passing new path to controller.
[INFO] [1785199353.953230799] [controller_server]: Passing new path to controller.
[INFO] [1785199355.053252218] [controller_server]: Passing new path to controller.
[INFO] [1785199356.153229248] [controller_server]: Passing new path to controller.
[INFO] [1785199357.153252396] [controller_server]: Passing new path to controller.
[INFO] [1785199358.253256463] [controller_server]: Passing new path to controller.
[INFO] [1785199359.353253863] [controller_server]: Passing new path to controller.
[INFO] [1785199360.453255578] [controller_server]: Passing new path to controller.
[INFO] [1785199361.453252874] [controller_server]: Passing new path to controller.
[INFO] [1785199362.553254422] [controller_server]: Passing new path to controller.
[INFO] [1785199363.653258452] [controller_server]: Passing new path to controller.
[INFO] [1785199364.753253574] [controller_server]: Passing new path to controller.
[INFO] [1785199365.753254556] [controller_server]: Passing new path to controller.
[INFO] [1785199366.853254567] [controller_server]: Passing new path to controller.
[INFO] [1785199367.953253208] [controller_server]: Passing new path to controller.
[INFO] [1785199368.953254004] [controller_server]: Passing new path to controller.
[INFO] [1785199370.053252738] [controller_server]: Passing new path to controller.
[INFO] [1785199371.153222063] [controller_server]: Passing new path to controller.
[INFO] [1785199371.353234308] [controller_server]: Cancellation was successful. Stopping the robot.
[INFO] [1785199371.353328012] [controller_server]: [follow_path] [ActionServer] Client requested to cancel the goal. Cancelling.
[INFO] [1785199374.978404073] [controller_server]: Deactivating
[INFO] [1785199374.978470851] [controller_server]: Deactivating controller: FollowPath of type regulated_pure_pursuit_controller::RegulatedPurePursuitController
[INFO] [1785199374.978512129] [local_costmap.local_costmap]: Deactivating
[INFO] [1785199375.136990817] [controller_server]: Destroying bond (controller_server) to lifecycle manager.
[INFO] [1785199376.339161406] [controller_server]: Cleaning up
[INFO] [1785199376.339230795] [controller_server]: Cleaning up controller: FollowPath of type regulated_pure_pursuit_controller::RegulatedPurePursuitController
[INFO] [1785199376.357296588] [local_costmap.local_costmap]: Cleaning up
[INFO] [1785199438.985723206] [rclcpp]: signal_handler(SIGINT/SIGTERM)
[INFO] [1785199438.985811410] [controller_server]: Running Nav2 LifecycleNode rcl preshutdown (controller_server)
[INFO] [1785199438.985899540] [controller_server]: Destroying bond (controller_server) to lifecycle manager.
