[INFO] [1783380243.605522741] [controller_server]: 
	controller_server lifecycle node launched. 
	Waiting on external lifecycle transitions to activate
	See https://design.ros2.org/articles/node_lifecycle.html for more information.
[INFO] [1783380243.644771199] [controller_server]: Creating controller server
[INFO] [1783380244.210960608] [local_costmap.local_costmap]: 
	local_costmap lifecycle node launched. 
	Waiting on external lifecycle transitions to activate
	See https://design.ros2.org/articles/node_lifecycle.html for more information.
[INFO] [1783380244.215923307] [local_costmap.local_costmap]: Creating Costmap
[INFO] [1783380246.955234778] [controller_server]: Configuring controller interface
[INFO] [1783380246.955294815] [controller_server]: getting progress checker plugins..
[INFO] [1783380246.958475299] [controller_server]: getting goal checker plugins..
[INFO] [1783380246.961534634] [controller_server]: Controller frequency set to 10.0000Hz
[INFO] [1783380246.961660560] [local_costmap.local_costmap]: Configuring
[INFO] [1783380247.495862947] [local_costmap.local_costmap]: Using plugin "voxel_layer"
[INFO] [1783380247.544889765] [local_costmap.local_costmap]: Subscribed to Topics: scan
[INFO] [1783380247.697799367] [local_costmap.local_costmap]: Initialized plugin "voxel_layer"
[INFO] [1783380247.697967979] [local_costmap.local_costmap]: Using plugin "inflation_layer"
[INFO] [1783380247.716927028] [local_costmap.local_costmap]: Initialized plugin "inflation_layer"
[INFO] [1783380247.891210657] [controller_server]: Created progress_checker : progress_checker of type nav2_controller::SimpleProgressChecker
[INFO] [1783380247.896022874] [controller_server]: Controller Server has progress_checker  progress checkers available.
[INFO] [1783380247.900515588] [controller_server]: Created goal checker : general_goal_checker of type nav2_controller::SimpleGoalChecker
[INFO] [1783380247.906519108] [controller_server]: Controller Server has general_goal_checker  goal checkers available.
[INFO] [1783380247.914353289] [controller_server]: Created controller : FollowPath of type nav2_regulated_pure_pursuit_controller::RegulatedPurePursuitController
[INFO] [1783380247.965797307] [controller_server]: Controller Server has FollowPath  controllers available.
[INFO] [1783380250.118189327] [controller_server]: Activating
[INFO] [1783380250.118379958] [local_costmap.local_costmap]: Activating
[INFO] [1783380250.118401865] [local_costmap.local_costmap]: Checking transform
[INFO] [1783380250.119281797] [local_costmap.local_costmap]: start
[INFO] [1783380250.327155866] [controller_server]: Activating controller: FollowPath of type regulated_pure_pursuit_controller::RegulatedPurePursuitController
[INFO] [1783380250.327224200] [controller_server]: Creating bond (controller_server) to lifecycle manager.
[INFO] [1783380275.126094914] [controller_server]: Received a goal, begin computing control effort.
[WARN] [1783380275.126203415] [controller_server]: No goal checker was specified in parameter 'current_goal_checker'. Server will use only plugin loaded general_goal_checker . This warning will appear once.
[WARN] [1783380275.126237989] [controller_server]: No progress checker was specified in parameter 'current_progress_checker'. Server will use only plugin loaded progress_checker . This warning will appear once.
[INFO] [1783380276.226460099] [controller_server]: Passing new path to controller.
[INFO] [1783380277.227222120] [controller_server]: Passing new path to controller.
[INFO] [1783380278.226522817] [controller_server]: Passing new path to controller.
[INFO] [1783380279.226433814] [controller_server]: Passing new path to controller.
[INFO] [1783380280.326605442] [controller_server]: Passing new path to controller.
[WARN] [1783380280.927118278] [controller_server]: RegulatedPurePursuitController detected collision ahead!
[WARN] [1783380281.027073796] [controller_server]: RegulatedPurePursuitController detected collision ahead!
[INFO] [1783380281.326528014] [controller_server]: Passing new path to controller.
[INFO] [1783380282.326669253] [controller_server]: Passing new path to controller.
[INFO] [1783380283.327749443] [controller_server]: Passing new path to controller.
[INFO] [1783380284.426434228] [controller_server]: Passing new path to controller.
[INFO] [1783380285.426617394] [controller_server]: Passing new path to controller.
[INFO] [1783380286.426497669] [controller_server]: Passing new path to controller.
[INFO] [1783380287.426536833] [controller_server]: Passing new path to controller.
[INFO] [1783380288.526421108] [controller_server]: Passing new path to controller.
[INFO] [1783380289.526551606] [controller_server]: Passing new path to controller.
[INFO] [1783380290.526417603] [controller_server]: Passing new path to controller.
[INFO] [1783380291.626436730] [controller_server]: Passing new path to controller.
[INFO] [1783380292.626427598] [controller_server]: Passing new path to controller.
[INFO] [1783380293.626436855] [controller_server]: Passing new path to controller.
[INFO] [1783380294.626422557] [controller_server]: Passing new path to controller.
[WARN] [1783380295.427323561] [controller_server]: RegulatedPurePursuitController detected collision ahead!
[WARN] [1783380295.526997225] [controller_server]: RegulatedPurePursuitController detected collision ahead!
[WARN] [1783380295.630021578] [controller_server]: RegulatedPurePursuitController detected collision ahead!
[ERROR] [1783380295.630194246] [controller_server]: Controller patience exceeded
[WARN] [1783380295.630421080] [controller_server]: [follow_path] [ActionServer] Aborting handle.
[INFO] [1783380295.644459153] [local_costmap.local_costmap]: Received request to clear entirely the local_costmap
[INFO] [1783380295.648012287] [controller_server]: Received a goal, begin computing control effort.
[INFO] [1783380295.728219621] [controller_server]: Passing new path to controller.
[WARN] [1783380295.729833280] [controller_server]: RegulatedPurePursuitController detected collision ahead!
[WARN] [1783380295.749848558] [controller_server]: RegulatedPurePursuitController detected collision ahead!
[WARN] [1783380295.848868199] [controller_server]: RegulatedPurePursuitController detected collision ahead!
[WARN] [1783380295.948865866] [controller_server]: RegulatedPurePursuitController detected collision ahead!
[ERROR] [1783380295.948957663] [controller_server]: Controller patience exceeded
[WARN] [1783380295.949093960] [controller_server]: [follow_path] [ActionServer] Aborting handle.
[INFO] [1783380295.965440473] [local_costmap.local_costmap]: Received request to clear entirely the local_costmap
[INFO] [1783380296.596193116] [controller_server]: Received a goal, begin computing control effort.
[WARN] [1783380296.597200344] [controller_server]: RegulatedPurePursuitController detected collision ahead!
[WARN] [1783380296.697456605] [controller_server]: RegulatedPurePursuitController detected collision ahead!
[WARN] [1783380296.796922101] [controller_server]: RegulatedPurePursuitController detected collision ahead!
[WARN] [1783380296.897077306] [controller_server]: RegulatedPurePursuitController detected collision ahead!
[ERROR] [1783380296.897177455] [controller_server]: Controller patience exceeded
[WARN] [1783380296.897316363] [controller_server]: [follow_path] [ActionServer] Aborting handle.
[INFO] [1783380296.915582389] [local_costmap.local_costmap]: Received request to clear entirely the local_costmap
[INFO] [1783380296.916905305] [controller_server]: Received a goal, begin computing control effort.
[WARN] [1783380296.927609763] [controller_server]: RegulatedPurePursuitController detected collision ahead!
[WARN] [1783380297.017628180] [controller_server]: RegulatedPurePursuitController detected collision ahead!
[WARN] [1783380297.117623105] [controller_server]: RegulatedPurePursuitController detected collision ahead!
[WARN] [1783380297.217534030] [controller_server]: RegulatedPurePursuitController detected collision ahead!
[ERROR] [1783380297.217612438] [controller_server]: Controller patience exceeded
[WARN] [1783380297.217750902] [controller_server]: [follow_path] [ActionServer] Aborting handle.
[INFO] [1783380302.695575968] [controller_server]: Received a goal, begin computing control effort.
[INFO] [1783380303.795798282] [controller_server]: Passing new path to controller.
[INFO] [1783380304.795823724] [controller_server]: Passing new path to controller.
[INFO] [1783380305.795785888] [controller_server]: Passing new path to controller.
[INFO] [1783380306.895808275] [controller_server]: Passing new path to controller.
[INFO] [1783380307.895810587] [controller_server]: Passing new path to controller.
[INFO] [1783380308.895911271] [controller_server]: Passing new path to controller.
[INFO] [1783380309.895840768] [controller_server]: Passing new path to controller.
[INFO] [1783380310.995893340] [controller_server]: Passing new path to controller.
[WARN] [1783380311.596662473] [controller_server]: RegulatedPurePursuitController detected collision ahead!
[WARN] [1783380311.696377082] [controller_server]: RegulatedPurePursuitController detected collision ahead!
[INFO] [1783380311.995825523] [controller_server]: Passing new path to controller.
[INFO] [1783380312.995802557] [controller_server]: Passing new path to controller.
[INFO] [1783380314.095818351] [controller_server]: Passing new path to controller.
[INFO] [1783380315.095867368] [controller_server]: Passing new path to controller.
[INFO] [1783380316.095820069] [controller_server]: Passing new path to controller.
[INFO] [1783380317.095881808] [controller_server]: Passing new path to controller.
[INFO] [1783380318.195816286] [controller_server]: Passing new path to controller.
[INFO] [1783380319.196048026] [controller_server]: Passing new path to controller.
[WARN] [1783380319.796285230] [controller_server]: RegulatedPurePursuitController detected collision ahead!
[WARN] [1783380319.896412527] [controller_server]: RegulatedPurePursuitController detected collision ahead!
[WARN] [1783380319.996633824] [controller_server]: RegulatedPurePursuitController detected collision ahead!
[ERROR] [1783380319.996741844] [controller_server]: Controller patience exceeded
[WARN] [1783380319.998909524] [controller_server]: [follow_path] [ActionServer] Aborting handle.
[INFO] [1783380320.015725744] [local_costmap.local_costmap]: Received request to clear entirely the local_costmap
[INFO] [1783380320.016784196] [controller_server]: Received a goal, begin computing control effort.
[WARN] [1783380320.127423746] [controller_server]: RegulatedPurePursuitController detected collision ahead!
[WARN] [1783380320.127659303] [controller_server]: Control loop missed its desired rate of 10.0000 Hz. Current loop rate is 9.0283 Hz.
[WARN] [1783380320.128129343] [controller_server]: RegulatedPurePursuitController detected collision ahead!
[INFO] [1783380320.227808230] [controller_server]: Passing new path to controller.
[WARN] [1783380320.228649050] [controller_server]: RegulatedPurePursuitController detected collision ahead!
[WARN] [1783380320.328234454] [controller_server]: RegulatedPurePursuitController detected collision ahead!
[ERROR] [1783380320.328332566] [controller_server]: Controller patience exceeded
[WARN] [1783380320.328462289] [controller_server]: [follow_path] [ActionServer] Aborting handle.
[INFO] [1783380320.360577016] [local_costmap.local_costmap]: Received request to clear entirely the local_costmap
[INFO] [1783380320.596239913] [controller_server]: Received a goal, begin computing control effort.
[INFO] [1783380321.696425078] [controller_server]: Passing new path to controller.
[INFO] [1783380322.696435021] [controller_server]: Passing new path to controller.
[INFO] [1783380323.696980226] [controller_server]: Passing new path to controller.
[INFO] [1783380324.796429257] [controller_server]: Passing new path to controller.
[INFO] [1783380325.796406958] [controller_server]: Passing new path to controller.
[INFO] [1783380326.796545660] [controller_server]: Passing new path to controller.
[INFO] [1783380327.796432713] [controller_server]: Passing new path to controller.
[INFO] [1783380328.896426118] [controller_server]: Passing new path to controller.
[INFO] [1783380329.896472727] [controller_server]: Passing new path to controller.
[INFO] [1783380330.896436187] [controller_server]: Passing new path to controller.
[INFO] [1783380331.996535685] [controller_server]: Passing new path to controller.
[INFO] [1783380332.996440201] [controller_server]: Passing new path to controller.
[INFO] [1783380333.996432680] [controller_server]: Passing new path to controller.
[INFO] [1783380334.996431530] [controller_server]: Passing new path to controller.
[INFO] [1783380336.096435879] [controller_server]: Passing new path to controller.
[INFO] [1783380337.096430618] [controller_server]: Passing new path to controller.
[WARN] [1783380337.099248506] [controller_server]: RegulatedPurePursuitController detected collision ahead!
[INFO] [1783380338.096436189] [controller_server]: Passing new path to controller.
[INFO] [1783380339.096424372] [controller_server]: Passing new path to controller.
[INFO] [1783380340.196431592] [controller_server]: Passing new path to controller.
[WARN] [1783380340.796674629] [controller_server]: RegulatedPurePursuitController detected collision ahead!
[INFO] [1783380341.196430627] [controller_server]: Passing new path to controller.
[INFO] [1783380342.196427902] [controller_server]: Passing new path to controller.
[INFO] [1783380343.196380307] [controller_server]: Passing new path to controller.
[INFO] [1783380344.296435194] [controller_server]: Passing new path to controller.
[WARN] [1783380344.396635769] [controller_server]: RegulatedPurePursuitController detected collision ahead!
[WARN] [1783380344.496693417] [controller_server]: RegulatedPurePursuitController detected collision ahead!
[INFO] [1783380345.296430525] [controller_server]: Passing new path to controller.
[INFO] [1783380346.296440800] [controller_server]: Passing new path to controller.
[INFO] [1783380347.296442928] [controller_server]: Passing new path to controller.
[WARN] [1783380348.297320931] [controller_server]: RegulatedPurePursuitController detected collision ahead!
[INFO] [1783380348.396429758] [controller_server]: Passing new path to controller.
[WARN] [1783380348.696695593] [controller_server]: RegulatedPurePursuitController detected collision ahead!
[INFO] [1783380349.396429423] [controller_server]: Passing new path to controller.
[WARN] [1783380350.096691071] [controller_server]: RegulatedPurePursuitController detected collision ahead!
[INFO] [1783380350.396384124] [controller_server]: Passing new path to controller.
[WARN] [1783380350.496702015] [controller_server]: RegulatedPurePursuitController detected collision ahead!
[WARN] [1783380350.896675865] [controller_server]: RegulatedPurePursuitController detected collision ahead!
[WARN] [1783380350.996719643] [controller_server]: RegulatedPurePursuitController detected collision ahead!
[INFO] [1783380351.396436196] [controller_server]: Passing new path to controller.
[ERROR] [1783380352.296551473] [controller_server]: Failed to make progress
[WARN] [1783380352.296772270] [controller_server]: [follow_path] [ActionServer] Aborting handle.
[INFO] [1783380352.315135463] [local_costmap.local_costmap]: Received request to clear entirely the local_costmap
[INFO] [1783380352.316816011] [controller_server]: Received a goal, begin computing control effort.
[INFO] [1783380352.417012623] [controller_server]: Passing new path to controller.
[INFO] [1783380353.517011214] [controller_server]: Passing new path to controller.
[INFO] [1783380354.517011267] [controller_server]: Passing new path to controller.
[INFO] [1783380355.517010209] [controller_server]: Passing new path to controller.
[WARN] [1783380355.917211635] [controller_server]: RegulatedPurePursuitController detected collision ahead!
[WARN] [1783380356.317212986] [controller_server]: RegulatedPurePursuitController detected collision ahead!
[WARN] [1783380356.417205579] [controller_server]: RegulatedPurePursuitController detected collision ahead!
[INFO] [1783380356.617010688] [controller_server]: Passing new path to controller.
[INFO] [1783380357.617013501] [controller_server]: Passing new path to controller.
[INFO] [1783380358.617008684] [controller_server]: Passing new path to controller.
[INFO] [1783380359.617013070] [controller_server]: Passing new path to controller.
[WARN] [1783380360.417169569] [controller_server]: RegulatedPurePursuitController detected collision ahead!
[WARN] [1783380360.617192736] [controller_server]: RegulatedPurePursuitController detected collision ahead!
[INFO] [1783380360.717016197] [controller_server]: Passing new path to controller.
[WARN] [1783380360.717484737] [controller_server]: RegulatedPurePursuitController detected collision ahead!
[INFO] [1783380361.717026158] [controller_server]: Passing new path to controller.
[INFO] [1783380362.717069249] [controller_server]: Passing new path to controller.
[INFO] [1783380363.717013913] [controller_server]: Passing new path to controller.
[WARN] [1783380364.317268209] [controller_server]: RegulatedPurePursuitController detected collision ahead!
[WARN] [1783380364.417230450] [controller_server]: RegulatedPurePursuitController detected collision ahead!
[INFO] [1783380364.717012170] [controller_server]: Passing new path to controller.
[INFO] [1783380365.817195724] [controller_server]: Passing new path to controller.
[INFO] [1783380366.817002220] [controller_server]: Passing new path to controller.
[INFO] [1783380367.817016959] [controller_server]: Passing new path to controller.
[WARN] [1783380368.017246312] [controller_server]: RegulatedPurePursuitController detected collision ahead!
[INFO] [1783380368.917014105] [controller_server]: Passing new path to controller.
[INFO] [1783380369.918930430] [controller_server]: Passing new path to controller.
[INFO] [1783380370.917049878] [controller_server]: Passing new path to controller.
[WARN] [1783380371.721948723] [controller_server]: RegulatedPurePursuitController detected collision ahead!
[WARN] [1783380371.822532856] [controller_server]: RegulatedPurePursuitController detected collision ahead!
[INFO] [1783380371.917222858] [controller_server]: Passing new path to controller.
[WARN] [1783380371.917867659] [controller_server]: RegulatedPurePursuitController detected collision ahead!
[ERROR] [1783380371.917952289] [controller_server]: Controller patience exceeded
[WARN] [1783380371.918260532] [controller_server]: [follow_path] [ActionServer] Aborting handle.
[INFO] [1783380379.905518468] [controller_server]: Received a goal, begin computing control effort.
[INFO] [1783380379.906024305] [controller_server]: Reached the goal!
[INFO] [1783380477.123807386] [controller_server]: Received a goal, begin computing control effort.
[INFO] [1783380478.224452602] [controller_server]: Passing new path to controller.
[INFO] [1783380479.225191744] [controller_server]: Passing new path to controller.
[INFO] [1783380480.225365882] [controller_server]: Passing new path to controller.
[INFO] [1783380481.324625664] [controller_server]: Passing new path to controller.
[INFO] [1783380482.324205447] [controller_server]: Passing new path to controller.
[WARN] [1783380482.825800739] [controller_server]: RegulatedPurePursuitController detected collision ahead!
[INFO] [1783380483.324484346] [controller_server]: Passing new path to controller.
[INFO] [1783380484.425584768] [controller_server]: Passing new path to controller.
[INFO] [1783380485.424053989] [controller_server]: Passing new path to controller.
[INFO] [1783380486.424231406] [controller_server]: Passing new path to controller.
[WARN] [1783380487.025279991] [controller_server]: RegulatedPurePursuitController detected collision ahead!
[INFO] [1783380487.424426804] [controller_server]: Passing new path to controller.
[INFO] [1783380488.524537794] [controller_server]: Passing new path to controller.
[INFO] [1783380489.524275579] [controller_server]: Passing new path to controller.
[INFO] [1783380490.525182536] [controller_server]: Passing new path to controller.
[WARN] [1783380490.625446261] [controller_server]: RegulatedPurePursuitController detected collision ahead!
[INFO] [1783380491.524092445] [controller_server]: Passing new path to controller.
[INFO] [1783380492.624670439] [controller_server]: Passing new path to controller.
[INFO] [1783380493.625351191] [controller_server]: Passing new path to controller.
[WARN] [1783380494.226395498] [controller_server]: RegulatedPurePursuitController detected collision ahead!
[INFO] [1783380494.624343878] [controller_server]: Passing new path to controller.
[INFO] [1783380495.725296374] [controller_server]: Passing new path to controller.
[INFO] [1783380496.724920491] [controller_server]: Passing new path to controller.
[ERROR] [1783380497.124694233] [controller_server]: Failed to make progress
[WARN] [1783380497.124942790] [controller_server]: [follow_path] [ActionServer] Aborting handle.
[INFO] [1783380497.141158868] [local_costmap.local_costmap]: Received request to clear entirely the local_costmap
[INFO] [1783380497.142459265] [controller_server]: Received a goal, begin computing control effort.
[WARN] [1783380497.333444361] [controller_server]: Control loop missed its desired rate of 10.0000 Hz. Current loop rate is 5.2397 Hz.
[INFO] [1783380497.733656754] [controller_server]: Passing new path to controller.
[INFO] [1783380498.733818708] [controller_server]: Passing new path to controller.
[INFO] [1783380499.833989847] [controller_server]: Passing new path to controller.
[INFO] [1783380500.834645599] [controller_server]: Passing new path to controller.
[WARN] [1783380501.234639806] [controller_server]: RegulatedPurePursuitController detected collision ahead!
[INFO] [1783380501.833664453] [controller_server]: Passing new path to controller.
[INFO] [1783380502.886003512] [local_costmap.local_costmap]: Received request to clear entirely the local_costmap
[INFO] [1783380502.936646794] [controller_server]: Passing new path to controller.
[WARN] [1783380506.135860426] [controller_server]: RegulatedPurePursuitController detected collision ahead!
[WARN] [1783380506.434392457] [controller_server]: RegulatedPurePursuitController detected collision ahead!
[WARN] [1783380506.534207919] [controller_server]: RegulatedPurePursuitController detected collision ahead!
[WARN] [1783380510.135039378] [controller_server]: RegulatedPurePursuitController detected collision ahead!
[WARN] [1783380514.135578320] [controller_server]: RegulatedPurePursuitController detected collision ahead!
[WARN] [1783380514.236737365] [controller_server]: RegulatedPurePursuitController detected collision ahead!
[WARN] [1783380514.335810416] [controller_server]: RegulatedPurePursuitController detected collision ahead!
[ERROR] [1783380514.335913083] [controller_server]: Controller patience exceeded
[WARN] [1783380514.336073325] [controller_server]: [follow_path] [ActionServer] Aborting handle.
[INFO] [1783380565.236731266] [controller_server]: Received a goal, begin computing control effort.
[INFO] [1783380566.337038332] [controller_server]: Passing new path to controller.
[INFO] [1783380567.337278267] [controller_server]: Passing new path to controller.
[INFO] [1783380568.337025033] [controller_server]: Passing new path to controller.
[WARN] [1783380569.237972175] [controller_server]: RegulatedPurePursuitController detected collision ahead!
[WARN] [1783380569.337616322] [controller_server]: RegulatedPurePursuitController detected collision ahead!
[INFO] [1783380569.437081579] [controller_server]: Passing new path to controller.
[WARN] [1783380569.441903163] [controller_server]: RegulatedPurePursuitController detected collision ahead!
[ERROR] [1783380569.442019201] [controller_server]: Controller patience exceeded
[WARN] [1783380569.442412222] [controller_server]: [follow_path] [ActionServer] Aborting handle.
[INFO] [1783380569.465703823] [local_costmap.local_costmap]: Received request to clear entirely the local_costmap
[INFO] [1783380569.469795069] [controller_server]: Received a goal, begin computing control effort.
[INFO] [1783380570.470249358] [controller_server]: Passing new path to controller.
[INFO] [1783380571.470997259] [controller_server]: Passing new path to controller.
[INFO] [1783380572.470151428] [controller_server]: Passing new path to controller.
[WARN] [1783380573.070561306] [controller_server]: RegulatedPurePursuitController detected collision ahead!
[WARN] [1783380573.170664715] [controller_server]: RegulatedPurePursuitController detected collision ahead!
[INFO] [1783380573.570577199] [controller_server]: Passing new path to controller.
[INFO] [1783380574.540669640] [local_costmap.local_costmap]: Received request to clear entirely the local_costmap
[INFO] [1783380574.732562260] [controller_server]: Passing new path to controller.
[WARN] [1783380574.734362845] [controller_server]: Control loop missed its desired rate of 10.0000 Hz. Current loop rate is 6.1780 Hz.
[WARN] [1783380576.635579293] [controller_server]: RegulatedPurePursuitController detected collision ahead!
[WARN] [1783380577.136918250] [controller_server]: RegulatedPurePursuitController detected collision ahead!
[WARN] [1783380577.535566485] [controller_server]: RegulatedPurePursuitController detected collision ahead!
[WARN] [1783380578.235685862] [controller_server]: RegulatedPurePursuitController detected collision ahead!
[WARN] [1783380580.136215621] [controller_server]: RegulatedPurePursuitController detected collision ahead!
[WARN] [1783380580.237080349] [controller_server]: RegulatedPurePursuitController detected collision ahead!
[WARN] [1783380580.335976565] [controller_server]: RegulatedPurePursuitController detected collision ahead!
[WARN] [1783380580.435842380] [controller_server]: RegulatedPurePursuitController detected collision ahead!
[ERROR] [1783380580.435943122] [controller_server]: Controller patience exceeded
[WARN] [1783380580.436217216] [controller_server]: [follow_path] [ActionServer] Aborting handle.
[INFO] [1783380581.450471475] [controller_server]: Received a goal, begin computing control effort.
[INFO] [1783380582.550706892] [controller_server]: Passing new path to controller.
[INFO] [1783380583.544495826] [local_costmap.local_costmap]: Received request to clear entirely the local_costmap
[WARN] [1783380583.564956818] [controller_server]: [follow_path] [ActionServer] Aborting handle.
[INFO] [1783380583.731631251] [controller_server]: Passing new path to controller.
[WARN] [1783380583.734067414] [controller_server]: Control loop missed its desired rate of 10.0000 Hz. Current loop rate is 5.4782 Hz.
[INFO] [1783380584.634253959] [controller_server]: Passing new path to controller.
[INFO] [1783380585.635091250] [controller_server]: Passing new path to controller.
[WARN] [1783380585.736184665] [controller_server]: RegulatedPurePursuitController detected collision ahead!
[WARN] [1783380585.836506964] [controller_server]: RegulatedPurePursuitController detected collision ahead!
[INFO] [1783380586.636701212] [controller_server]: Passing new path to controller.
[INFO] [1783380587.734837598] [controller_server]: Passing new path to controller.
[INFO] [1783380588.734245491] [controller_server]: Passing new path to controller.
[INFO] [1783380589.834405538] [controller_server]: Cancellation was successful. Stopping the robot.
[INFO] [1783380589.834596743] [controller_server]: [follow_path] [ActionServer] Client requested to cancel the goal. Cancelling.
[INFO] [1783381048.804707406] [rclcpp]: signal_handler(SIGINT/SIGTERM)
[INFO] [1783381048.804820037] [controller_server]: Running Nav2 LifecycleNode rcl preshutdown (controller_server)
[INFO] [1783381048.804960871] [controller_server]: Deactivating
[INFO] [1783381048.805075112] [controller_server]: Deactivating controller: FollowPath of type regulated_pure_pursuit_controller::RegulatedPurePursuitController
[INFO] [1783381048.805176317] [local_costmap.local_costmap]: Deactivating
[INFO] [1783381048.929199685] [controller_server]: Destroying bond (controller_server) to lifecycle manager.
[INFO] [1783381048.969907169] [controller_server]: Cleaning up
[INFO] [1783381048.969983947] [controller_server]: Cleaning up controller: FollowPath of type regulated_pure_pursuit_controller::RegulatedPurePursuitController
[INFO] [1783381048.970322171] [local_costmap.local_costmap]: Cleaning up
[INFO] [1783381050.132697284] [controller_server]: Destroying bond (controller_server) to lifecycle manager.
