[INFO] [1784062046.989745652] [controller_server]: 
	controller_server lifecycle node launched. 
	Waiting on external lifecycle transitions to activate
	See https://design.ros2.org/articles/node_lifecycle.html for more information.
[INFO] [1784062047.008938855] [controller_server]: Creating controller server
[INFO] [1784062047.574903378] [local_costmap.local_costmap]: 
	local_costmap lifecycle node launched. 
	Waiting on external lifecycle transitions to activate
	See https://design.ros2.org/articles/node_lifecycle.html for more information.
[INFO] [1784062047.575998810] [local_costmap.local_costmap]: Creating Costmap
[INFO] [1784062048.133538748] [controller_server]: Configuring controller interface
[INFO] [1784062048.133611712] [controller_server]: getting progress checker plugins..
[INFO] [1784062048.138354128] [controller_server]: getting goal checker plugins..
[INFO] [1784062048.138660407] [controller_server]: Controller frequency set to 10.0000Hz
[INFO] [1784062048.138768482] [local_costmap.local_costmap]: Configuring
[INFO] [1784062048.269832071] [local_costmap.local_costmap]: Using plugin "voxel_layer"
[INFO] [1784062048.281949345] [local_costmap.local_costmap]: Subscribed to Topics: scan
[INFO] [1784062048.549608111] [local_costmap.local_costmap]: Initialized plugin "voxel_layer"
[INFO] [1784062048.549704871] [local_costmap.local_costmap]: Using plugin "inflation_layer"
[INFO] [1784062048.557142228] [local_costmap.local_costmap]: Initialized plugin "inflation_layer"
[INFO] [1784062048.718153787] [controller_server]: Created progress_checker : progress_checker of type nav2_controller::SimpleProgressChecker
[INFO] [1784062048.721418083] [controller_server]: Controller Server has progress_checker  progress checkers available.
[INFO] [1784062048.728056622] [controller_server]: Created goal checker : general_goal_checker of type nav2_controller::SimpleGoalChecker
[INFO] [1784062048.736258928] [controller_server]: Controller Server has general_goal_checker  goal checkers available.
[INFO] [1784062048.738470367] [controller_server]: Created controller : FollowPath of type nav2_regulated_pure_pursuit_controller::RegulatedPurePursuitController
[INFO] [1784062048.769156877] [controller_server]: Controller Server has FollowPath  controllers available.
[INFO] [1784062051.271275308] [controller_server]: Activating
[INFO] [1784062051.271398142] [local_costmap.local_costmap]: Activating
[INFO] [1784062051.271423549] [local_costmap.local_costmap]: Checking transform
[INFO] [1784062051.271648440] [local_costmap.local_costmap]: start
[INFO] [1784062051.478540651] [controller_server]: Activating controller: FollowPath of type regulated_pure_pursuit_controller::RegulatedPurePursuitController
[INFO] [1784062051.478637467] [controller_server]: Creating bond (controller_server) to lifecycle manager.
[INFO] [1784062073.191302989] [controller_server]: Received a goal, begin computing control effort.
[WARN] [1784062073.191492120] [controller_server]: No goal checker was specified in parameter 'current_goal_checker'. Server will use only plugin loaded general_goal_checker . This warning will appear once.
[WARN] [1784062073.191525768] [controller_server]: No progress checker was specified in parameter 'current_progress_checker'. Server will use only plugin loaded progress_checker . This warning will appear once.
[INFO] [1784062074.291733225] [controller_server]: Passing new path to controller.
[INFO] [1784062075.291728770] [controller_server]: Passing new path to controller.
[INFO] [1784062076.291957650] [controller_server]: Passing new path to controller.
[INFO] [1784062077.391734752] [controller_server]: Passing new path to controller.
[INFO] [1784062078.392149522] [controller_server]: Passing new path to controller.
[INFO] [1784062079.392271864] [controller_server]: Passing new path to controller.
[INFO] [1784062080.491739112] [controller_server]: Passing new path to controller.
[INFO] [1784062081.491767325] [controller_server]: Passing new path to controller.
[INFO] [1784062082.491755740] [controller_server]: Passing new path to controller.
[INFO] [1784062083.491731489] [controller_server]: Passing new path to controller.
[INFO] [1784062084.591751629] [controller_server]: Passing new path to controller.
[INFO] [1784062085.591753101] [controller_server]: Passing new path to controller.
[INFO] [1784062086.591756072] [controller_server]: Passing new path to controller.
[INFO] [1784062087.591733432] [controller_server]: Passing new path to controller.
[INFO] [1784062088.691735998] [controller_server]: Passing new path to controller.
[INFO] [1784062089.691832821] [controller_server]: Passing new path to controller.
[INFO] [1784062090.691728477] [controller_server]: Passing new path to controller.
[INFO] [1784062091.791736581] [controller_server]: Passing new path to controller.
[INFO] [1784062092.792599372] [controller_server]: Passing new path to controller.
[INFO] [1784062093.791725745] [controller_server]: Passing new path to controller.
[INFO] [1784062094.894784607] [controller_server]: Passing new path to controller.
[INFO] [1784062095.891699801] [controller_server]: Passing new path to controller.
[INFO] [1784062096.891740124] [controller_server]: Passing new path to controller.
[INFO] [1784062097.991731209] [controller_server]: Passing new path to controller.
[INFO] [1784062098.991734088] [controller_server]: Passing new path to controller.
[INFO] [1784062099.991729281] [controller_server]: Passing new path to controller.
[INFO] [1784062100.991728937] [controller_server]: Passing new path to controller.
[INFO] [1784062102.091724855] [controller_server]: Passing new path to controller.
[INFO] [1784062103.091731141] [controller_server]: Passing new path to controller.
[INFO] [1784062104.091746076] [controller_server]: Passing new path to controller.
[INFO] [1784062105.191730512] [controller_server]: Passing new path to controller.
[INFO] [1784062106.192103541] [controller_server]: Passing new path to controller.
[INFO] [1784062107.191716825] [controller_server]: Passing new path to controller.
[INFO] [1784062108.191731870] [controller_server]: Passing new path to controller.
[INFO] [1784062109.291852807] [controller_server]: Passing new path to controller.
[INFO] [1784062110.291730482] [controller_server]: Passing new path to controller.
[INFO] [1784062111.291706860] [controller_server]: Passing new path to controller.
[INFO] [1784062112.392074595] [controller_server]: Passing new path to controller.
[INFO] [1784062113.392105104] [controller_server]: Passing new path to controller.
[INFO] [1784062114.391839573] [controller_server]: Passing new path to controller.
[INFO] [1784062115.491819195] [controller_server]: Passing new path to controller.
[INFO] [1784062117.491728396] [controller_server]: Cancellation was successful. Stopping the robot.
[INFO] [1784062117.491804007] [controller_server]: [follow_path] [ActionServer] Client requested to cancel the goal. Cancelling.
[INFO] [1784062117.493085719] [local_costmap.local_costmap]: Received request to clear entirely the local_costmap
[INFO] [1784062117.780638192] [controller_server]: Received a goal, begin computing control effort.
[INFO] [1784062118.880854815] [controller_server]: Passing new path to controller.
[INFO] [1784062119.880856582] [controller_server]: Passing new path to controller.
[WARN] [1784062119.881775310] [controller_server]: RegulatedPurePursuitController detected collision ahead!
[WARN] [1784062119.981384236] [controller_server]: RegulatedPurePursuitController detected collision ahead!
[WARN] [1784062120.381335450] [controller_server]: RegulatedPurePursuitController detected collision ahead!
[WARN] [1784062120.681334588] [controller_server]: RegulatedPurePursuitController detected collision ahead!
[WARN] [1784062120.781409758] [controller_server]: RegulatedPurePursuitController detected collision ahead!
[WARN] [1784062120.881318945] [controller_server]: RegulatedPurePursuitController detected collision ahead!
[ERROR] [1784062120.881428094] [controller_server]: Controller patience exceeded
[WARN] [1784062120.881551206] [controller_server]: [follow_path] [ActionServer] Aborting handle.
[INFO] [1784062120.889084564] [controller_server]: Received a goal, begin computing control effort.
[WARN] [1784062120.889826402] [controller_server]: RegulatedPurePursuitController detected collision ahead!
[WARN] [1784062120.990604094] [controller_server]: RegulatedPurePursuitController detected collision ahead!
[WARN] [1784062121.089983352] [controller_server]: RegulatedPurePursuitController detected collision ahead!
[WARN] [1784062121.190816712] [controller_server]: RegulatedPurePursuitController detected collision ahead!
[ERROR] [1784062121.190940379] [controller_server]: Controller patience exceeded
[WARN] [1784062121.191115380] [controller_server]: [follow_path] [ActionServer] Aborting handle.
[INFO] [1784062121.208322739] [local_costmap.local_costmap]: Received request to clear entirely the local_costmap
[INFO] [1784062121.210302954] [controller_server]: Received a goal, begin computing control effort.
[WARN] [1784062121.281107584] [controller_server]: RegulatedPurePursuitController detected collision ahead!
[WARN] [1784062121.311108998] [controller_server]: RegulatedPurePursuitController detected collision ahead!
[WARN] [1784062121.411093334] [controller_server]: RegulatedPurePursuitController detected collision ahead!
[WARN] [1784062121.511134948] [controller_server]: RegulatedPurePursuitController detected collision ahead!
[ERROR] [1784062121.511243171] [controller_server]: Controller patience exceeded
[WARN] [1784062121.511644840] [controller_server]: [follow_path] [ActionServer] Aborting handle.
[INFO] [1784062136.590036914] [controller_server]: Received a goal, begin computing control effort.
[INFO] [1784062137.690264834] [controller_server]: Passing new path to controller.
[INFO] [1784062138.690269824] [controller_server]: Passing new path to controller.
[INFO] [1784062139.690267498] [controller_server]: Passing new path to controller.
[INFO] [1784062140.790231102] [controller_server]: Passing new path to controller.
[INFO] [1784062141.790225480] [controller_server]: Passing new path to controller.
[INFO] [1784062142.790270637] [controller_server]: Passing new path to controller.
[INFO] [1784062143.890229092] [controller_server]: Passing new path to controller.
[INFO] [1784062144.891032012] [controller_server]: Passing new path to controller.
[INFO] [1784062145.890228293] [controller_server]: Passing new path to controller.
[INFO] [1784062146.990271767] [controller_server]: Passing new path to controller.
[INFO] [1784062147.990267072] [controller_server]: Passing new path to controller.
[INFO] [1784062148.990266024] [controller_server]: Passing new path to controller.
[INFO] [1784062150.090265868] [controller_server]: Passing new path to controller.
[INFO] [1784062151.090266932] [controller_server]: Passing new path to controller.
[INFO] [1784062152.090262885] [controller_server]: Passing new path to controller.
[INFO] [1784062153.090255245] [controller_server]: Passing new path to controller.
[INFO] [1784062154.190320997] [controller_server]: Passing new path to controller.
[INFO] [1784062155.190359986] [controller_server]: Passing new path to controller.
[INFO] [1784062156.190802034] [controller_server]: Passing new path to controller.
[ERROR] [1784062156.590367894] [controller_server]: Failed to make progress
[WARN] [1784062156.590582247] [controller_server]: [follow_path] [ActionServer] Aborting handle.
[INFO] [1784062156.608284535] [local_costmap.local_costmap]: Received request to clear entirely the local_costmap
[INFO] [1784062156.609971489] [controller_server]: Received a goal, begin computing control effort.
[INFO] [1784062157.210227414] [controller_server]: Passing new path to controller.
[INFO] [1784062158.310196721] [controller_server]: Passing new path to controller.
[WARN] [1784062158.311205319] [controller_server]: RegulatedPurePursuitController detected collision ahead!
[WARN] [1784062158.410835283] [controller_server]: RegulatedPurePursuitController detected collision ahead!
[WARN] [1784062158.510810692] [controller_server]: RegulatedPurePursuitController detected collision ahead!
[WARN] [1784062158.610964363] [controller_server]: RegulatedPurePursuitController detected collision ahead!
[ERROR] [1784062158.611094345] [controller_server]: Controller patience exceeded
[WARN] [1784062158.611318680] [controller_server]: [follow_path] [ActionServer] Aborting handle.
[INFO] [1784062158.650085162] [local_costmap.local_costmap]: Received request to clear entirely the local_costmap
[INFO] [1784062159.779623751] [controller_server]: Received a goal, begin computing control effort.
[WARN] [1784062159.781693504] [controller_server]: RegulatedPurePursuitController detected collision ahead!
[WARN] [1784062159.880590093] [controller_server]: RegulatedPurePursuitController detected collision ahead!
[WARN] [1784062159.980492298] [controller_server]: RegulatedPurePursuitController detected collision ahead!
[WARN] [1784062160.080554875] [controller_server]: RegulatedPurePursuitController detected collision ahead!
[ERROR] [1784062160.080628228] [controller_server]: Controller patience exceeded
[WARN] [1784062160.080750062] [controller_server]: [follow_path] [ActionServer] Aborting handle.
[INFO] [1784062160.098296626] [local_costmap.local_costmap]: Received request to clear entirely the local_costmap
[INFO] [1784062160.099696301] [controller_server]: Received a goal, begin computing control effort.
[WARN] [1784062160.280481936] [controller_server]: RegulatedPurePursuitController detected collision ahead!
[WARN] [1784062160.280717511] [controller_server]: Control loop missed its desired rate of 10.0000 Hz. Current loop rate is 5.5282 Hz.
[WARN] [1784062160.281307459] [controller_server]: RegulatedPurePursuitController detected collision ahead!
[WARN] [1784062160.381364981] [controller_server]: RegulatedPurePursuitController detected collision ahead!
[WARN] [1784062160.481433484] [controller_server]: RegulatedPurePursuitController detected collision ahead!
[ERROR] [1784062160.481523225] [controller_server]: Controller patience exceeded
[WARN] [1784062160.481670800] [controller_server]: [follow_path] [ActionServer] Aborting handle.
[INFO] [1784062175.563739544] [controller_server]: Received a goal, begin computing control effort.
[WARN] [1784062175.565655259] [controller_server]: RegulatedPurePursuitController detected collision ahead!
[WARN] [1784062175.665759280] [controller_server]: RegulatedPurePursuitController detected collision ahead!
[WARN] [1784062175.765881469] [controller_server]: RegulatedPurePursuitController detected collision ahead!
[WARN] [1784062175.865875324] [controller_server]: RegulatedPurePursuitController detected collision ahead!
[ERROR] [1784062175.865950009] [controller_server]: Controller patience exceeded
[WARN] [1784062175.866086084] [controller_server]: [follow_path] [ActionServer] Aborting handle.
[INFO] [1784062175.878831546] [local_costmap.local_costmap]: Received request to clear entirely the local_costmap
[INFO] [1784062175.881230671] [controller_server]: Received a goal, begin computing control effort.
[WARN] [1784062176.082133293] [controller_server]: RegulatedPurePursuitController detected collision ahead!
[WARN] [1784062176.082402517] [controller_server]: Control loop missed its desired rate of 10.0000 Hz. Current loop rate is 4.9779 Hz.
[WARN] [1784062176.083004613] [controller_server]: RegulatedPurePursuitController detected collision ahead!
[WARN] [1784062176.183086894] [controller_server]: RegulatedPurePursuitController detected collision ahead!
[ERROR] [1784062176.183195098] [controller_server]: Controller patience exceeded
[WARN] [1784062176.183332303] [controller_server]: [follow_path] [ActionServer] Aborting handle.
[INFO] [1784062176.218116133] [local_costmap.local_costmap]: Received request to clear entirely the local_costmap
[INFO] [1784062177.779954307] [controller_server]: Received a goal, begin computing control effort.
[WARN] [1784062177.781555761] [controller_server]: RegulatedPurePursuitController detected collision ahead!
[WARN] [1784062177.881472800] [controller_server]: RegulatedPurePursuitController detected collision ahead!
[WARN] [1784062177.981524044] [controller_server]: RegulatedPurePursuitController detected collision ahead!
[WARN] [1784062178.081445546] [controller_server]: RegulatedPurePursuitController detected collision ahead!
[ERROR] [1784062178.081530732] [controller_server]: Controller patience exceeded
[WARN] [1784062178.081687788] [controller_server]: [follow_path] [ActionServer] Aborting handle.
[INFO] [1784062178.098334884] [local_costmap.local_costmap]: Received request to clear entirely the local_costmap
[INFO] [1784062178.099383946] [controller_server]: Received a goal, begin computing control effort.
[WARN] [1784062178.281189624] [controller_server]: RegulatedPurePursuitController detected collision ahead!
[WARN] [1784062178.281491348] [controller_server]: Control loop missed its desired rate of 10.0000 Hz. Current loop rate is 5.4954 Hz.
[WARN] [1784062178.282156611] [controller_server]: RegulatedPurePursuitController detected collision ahead!
[WARN] [1784062178.382211521] [controller_server]: RegulatedPurePursuitController detected collision ahead!
[WARN] [1784062178.482195468] [controller_server]: RegulatedPurePursuitController detected collision ahead!
[ERROR] [1784062178.482280487] [controller_server]: Controller patience exceeded
[WARN] [1784062178.482413062] [controller_server]: [follow_path] [ActionServer] Aborting handle.
[INFO] [1784062193.551337008] [controller_server]: Received a goal, begin computing control effort.
[ERROR] [1784062193.654451455] [RPPPathHandler]: Exception in transformPose: Lookup would require extrapolation into the future.  Requested time 1784062193.543979 but the latest data is at time 1784062193.529281, when looking up transform from frame [odom] to frame [map]
[ERROR] [1784062193.654648697] [controller_server]: Unable to transform robot pose into global plan's frame
[WARN] [1784062193.654829494] [controller_server]: [follow_path] [ActionServer] Aborting handle.
[INFO] [1784062196.910707661] [rclcpp]: signal_handler(SIGINT/SIGTERM)
[INFO] [1784062196.910785069] [controller_server]: Running Nav2 LifecycleNode rcl preshutdown (controller_server)
[INFO] [1784062196.910885532] [controller_server]: Deactivating
[INFO] [1784062196.910924310] [controller_server]: Deactivating controller: FollowPath of type regulated_pure_pursuit_controller::RegulatedPurePursuitController
[INFO] [1784062196.910984588] [local_costmap.local_costmap]: Deactivating
[INFO] [1784062197.076047226] [controller_server]: Destroying bond (controller_server) to lifecycle manager.
[INFO] [1784062197.176312878] [controller_server]: Cleaning up
[INFO] [1784062197.176391286] [controller_server]: Cleaning up controller: FollowPath of type regulated_pure_pursuit_controller::RegulatedPurePursuitController
[INFO] [1784062197.176573565] [local_costmap.local_costmap]: Cleaning up
[INFO] [1784062198.180629263] [controller_server]: Destroying bond (controller_server) to lifecycle manager.
