[INFO] [1786021958.619750707] [controller_server]: 
	controller_server lifecycle node launched. 
	Waiting on external lifecycle transitions to activate
	See https://design.ros2.org/articles/node_lifecycle.html for more information.
[INFO] [1786021958.674600045] [controller_server]: Creating controller server
[INFO] [1786021958.904479861] [local_costmap.local_costmap]: 
	local_costmap lifecycle node launched. 
	Waiting on external lifecycle transitions to activate
	See https://design.ros2.org/articles/node_lifecycle.html for more information.
[INFO] [1786021958.906022092] [local_costmap.local_costmap]: Creating Costmap
[INFO] [1786021959.276250863] [controller_server]: Configuring controller interface
[INFO] [1786021959.276332326] [controller_server]: getting progress checker plugins..
[INFO] [1786021959.276580087] [controller_server]: getting goal checker plugins..
[INFO] [1786021959.276727217] [controller_server]: Controller frequency set to 10.0000Hz
[INFO] [1786021959.276811755] [local_costmap.local_costmap]: Configuring
[INFO] [1786021959.301304556] [local_costmap.local_costmap]: Using plugin "voxel_layer"
[INFO] [1786021959.308327261] [local_costmap.local_costmap]: Subscribed to Topics: scan
[INFO] [1786021959.340896069] [local_costmap.local_costmap]: Initialized plugin "voxel_layer"
[INFO] [1786021959.340980366] [local_costmap.local_costmap]: Using plugin "inflation_layer"
[INFO] [1786021959.344039364] [local_costmap.local_costmap]: Initialized plugin "inflation_layer"
[INFO] [1786021959.401105584] [controller_server]: Created progress_checker : progress_checker of type nav2_controller::SimpleProgressChecker
[INFO] [1786021959.402843390] [controller_server]: Controller Server has progress_checker  progress checkers available.
[INFO] [1786021959.404066397] [controller_server]: Created goal checker : general_goal_checker of type nav2_controller::SimpleGoalChecker
[INFO] [1786021959.404936105] [controller_server]: Controller Server has general_goal_checker  goal checkers available.
[INFO] [1786021959.407888658] [controller_server]: Created controller : FollowPath of type nav2_mppi_controller::MPPIController
[INFO] [1786021959.410692526] [controller_server]: Controller period is equal to model dt. Control sequence shifting is ON
[INFO] [1786021959.414452861] [controller_server]: ConstraintCritic instantiated with 1 power and 4.000000 weight.
[INFO] [1786021959.414554325] [controller_server]: Critic loaded : mppi::critics::ConstraintCritic
[WARN] [1786021959.416133370] [controller_server]: Inconsistent configuration in collision checking. Please verify the robot's shape settings in both the costmap and the cost critic.
[INFO] [1786021959.416205334] [controller_server]: InflationCostCritic instantiated with 1 power and 300.000000 / 0.031496 weights. Critic will collision check based on circular cost.
[INFO] [1786021959.416231982] [controller_server]: Critic loaded : mppi::critics::CostCritic
[INFO] [1786021959.416630021] [controller_server]: GoalCritic instantiated with 1 power and 5.000000 weight.
[INFO] [1786021959.416664966] [controller_server]: Critic loaded : mppi::critics::GoalCritic
[INFO] [1786021959.416983412] [controller_server]: GoalAngleCritic instantiated with 1 power, 3.000000 weight, 0.500000 angular threshold and symmetric_yaw_tolerance disabled
[INFO] [1786021959.417026320] [controller_server]: Critic loaded : mppi::critics::GoalAngleCritic
[INFO] [1786021959.417713731] [controller_server]: ReferenceTrajectoryCritic instantiated with 1 power and 8.000000 weight
[INFO] [1786021959.417764176] [controller_server]: Critic loaded : mppi::critics::PathAlignCritic
[INFO] [1786021959.419669501] [controller_server]: Critic loaded : mppi::critics::PathFollowCritic
[INFO] [1786021959.420735284] [controller_server]: PathAngleCritic instantiated with 1 power and 2.000000 weight. Mode set to: Forward Preference
[INFO] [1786021959.420797285] [controller_server]: Critic loaded : mppi::critics::PathAngleCritic
[INFO] [1786021959.421260676] [controller_server]: PreferForwardCritic instantiated with 1 power and 3.000000 weight.
[INFO] [1786021959.421366936] [controller_server]: Critic loaded : mppi::critics::PreferForwardCritic
[INFO] [1786021959.422473275] [controller_server]: Optimizer reset
[INFO] [1786021959.437808989] [MPPIController]: Configured MPPI Controller: FollowPath
[INFO] [1786021959.437868915] [controller_server]: Controller Server has FollowPath  controllers available.
[INFO] [1786021961.788883195] [controller_server]: Activating
[INFO] [1786021961.788964640] [local_costmap.local_costmap]: Activating
[INFO] [1786021961.788985807] [local_costmap.local_costmap]: Checking transform
[INFO] [1786021961.789274438] [local_costmap.local_costmap]: start
[WARN] [1786021962.001724547] [controller_server]: Parameter controller_server.verbose not found
[INFO] [1786021962.002025252] [controller_server]: Optimizer reset
[INFO] [1786021962.002851627] [MPPIController]: Activated MPPI Controller: FollowPath
[INFO] [1786021962.002917424] [controller_server]: Creating bond (controller_server) to lifecycle manager.
[INFO] [1786022041.315195812] [local_costmap.local_costmap]: Message Filter dropping message: frame 'laser' at time 1786022041.009 for reason 'the timestamp on the message is earlier than all the data in the transform cache'
[INFO] [1786022160.317838433] [local_costmap.local_costmap]: Message Filter dropping message: frame 'laser' at time 1786022160.011 for reason 'the timestamp on the message is earlier than all the data in the transform cache'
[INFO] [1786022189.834619440] [controller_server]: Received a goal, begin computing control effort.
[WARN] [1786022189.834748756] [controller_server]: No goal checker was specified in parameter 'current_goal_checker'. Server will use only plugin loaded general_goal_checker . This warning will appear once.
[WARN] [1786022189.834784737] [controller_server]: No progress checker was specified in parameter 'current_progress_checker'. Server will use only plugin loaded progress_checker . This warning will appear once.
[INFO] [1786022190.935357420] [controller_server]: Passing new path to controller.
[INFO] [1786022192.035241562] [controller_server]: Passing new path to controller.
[INFO] [1786022193.136009708] [controller_server]: Passing new path to controller.
[INFO] [1786022194.235299569] [controller_server]: Passing new path to controller.
[INFO] [1786022195.435262334] [controller_server]: Passing new path to controller.
[INFO] [1786022196.535794961] [controller_server]: Passing new path to controller.
[INFO] [1786022197.635235155] [controller_server]: Passing new path to controller.
[INFO] [1786022198.735432688] [controller_server]: Passing new path to controller.
[INFO] [1786022199.836736319] [controller_server]: Passing new path to controller.
[INFO] [1786022200.837074785] [controller_server]: Passing new path to controller.
[INFO] [1786022201.935974811] [controller_server]: Passing new path to controller.
[INFO] [1786022203.035414579] [controller_server]: Passing new path to controller.
[INFO] [1786022204.135330573] [controller_server]: Passing new path to controller.
[INFO] [1786022205.236124683] [controller_server]: Passing new path to controller.
[INFO] [1786022206.335435970] [controller_server]: Passing new path to controller.
[INFO] [1786022207.435233741] [controller_server]: Passing new path to controller.
[INFO] [1786022208.535626348] [controller_server]: Passing new path to controller.
[INFO] [1786022209.635898807] [controller_server]: Passing new path to controller.
[INFO] [1786022210.735232075] [controller_server]: Passing new path to controller.
[INFO] [1786022211.835450849] [controller_server]: Passing new path to controller.
[INFO] [1786022212.835402924] [controller_server]: Passing new path to controller.
[INFO] [1786022213.935235806] [controller_server]: Passing new path to controller.
[INFO] [1786022215.035239060] [controller_server]: Passing new path to controller.
[INFO] [1786022216.135244776] [controller_server]: Passing new path to controller.
[INFO] [1786022217.235240530] [controller_server]: Passing new path to controller.
[INFO] [1786022218.335228765] [controller_server]: Passing new path to controller.
[INFO] [1786022219.435387945] [controller_server]: Passing new path to controller.
[INFO] [1786022220.535241346] [controller_server]: Passing new path to controller.
[INFO] [1786022221.535310681] [controller_server]: Passing new path to controller.
[INFO] [1786022222.635403305] [controller_server]: Passing new path to controller.
[INFO] [1786022223.735245762] [controller_server]: Passing new path to controller.
[INFO] [1786022224.835243386] [controller_server]: Passing new path to controller.
[INFO] [1786022225.935383436] [controller_server]: Passing new path to controller.
[INFO] [1786022227.035446653] [controller_server]: Passing new path to controller.
[INFO] [1786022228.035238468] [controller_server]: Passing new path to controller.
[INFO] [1786022229.135287889] [controller_server]: Passing new path to controller.
[INFO] [1786022230.235268957] [controller_server]: Passing new path to controller.
[INFO] [1786022231.335520823] [controller_server]: Passing new path to controller.
[INFO] [1786022232.435196130] [controller_server]: Passing new path to controller.
[INFO] [1786022233.535401848] [controller_server]: Passing new path to controller.
[INFO] [1786022234.535336368] [controller_server]: Passing new path to controller.
[INFO] [1786022235.635606882] [controller_server]: Passing new path to controller.
[INFO] [1786022236.735281930] [controller_server]: Passing new path to controller.
[INFO] [1786022237.835465666] [controller_server]: Passing new path to controller.
[INFO] [1786022238.935699013] [controller_server]: Passing new path to controller.
[INFO] [1786022240.035249505] [controller_server]: Passing new path to controller.
[INFO] [1786022241.135576723] [controller_server]: Passing new path to controller.
[INFO] [1786022242.235856090] [controller_server]: Passing new path to controller.
[INFO] [1786022243.235452793] [controller_server]: Passing new path to controller.
[INFO] [1786022244.436581101] [controller_server]: Passing new path to controller.
[INFO] [1786022245.535266569] [controller_server]: Passing new path to controller.
[INFO] [1786022246.535436220] [controller_server]: Passing new path to controller.
[INFO] [1786022247.735245095] [controller_server]: Passing new path to controller.
[INFO] [1786022248.836269076] [controller_server]: Passing new path to controller.
[INFO] [1786022249.936041439] [controller_server]: Passing new path to controller.
[INFO] [1786022251.036002767] [controller_server]: Passing new path to controller.
[INFO] [1786022252.135219368] [controller_server]: Passing new path to controller.
[INFO] [1786022253.236046126] [controller_server]: Passing new path to controller.
[INFO] [1786022254.335452265] [controller_server]: Passing new path to controller.
[INFO] [1786022255.436996323] [controller_server]: Passing new path to controller.
[INFO] [1786022256.535226771] [controller_server]: Passing new path to controller.
[INFO] [1786022257.635190913] [controller_server]: Passing new path to controller.
[INFO] [1786022258.735702206] [controller_server]: Passing new path to controller.
[INFO] [1786022259.835295310] [controller_server]: Passing new path to controller.
[INFO] [1786022260.935527398] [controller_server]: Passing new path to controller.
[INFO] [1786022262.137448747] [controller_server]: Passing new path to controller.
[INFO] [1786022263.135620368] [controller_server]: Passing new path to controller.
[INFO] [1786022264.235364102] [controller_server]: Passing new path to controller.
[INFO] [1786022265.335535097] [controller_server]: Passing new path to controller.
[INFO] [1786022266.435372146] [controller_server]: Passing new path to controller.
[INFO] [1786022267.535373844] [controller_server]: Passing new path to controller.
[INFO] [1786022268.635231097] [controller_server]: Passing new path to controller.
[INFO] [1786022269.635235876] [controller_server]: Passing new path to controller.
[INFO] [1786022270.735463205] [controller_server]: Passing new path to controller.
[INFO] [1786022271.835282106] [controller_server]: Passing new path to controller.
[INFO] [1786022272.935237044] [controller_server]: Passing new path to controller.
[INFO] [1786022274.035983283] [controller_server]: Passing new path to controller.
[INFO] [1786022275.135231866] [controller_server]: Passing new path to controller.
[INFO] [1786022276.235315860] [controller_server]: Passing new path to controller.
[INFO] [1786022277.235511974] [controller_server]: Passing new path to controller.
[INFO] [1786022278.335234782] [controller_server]: Passing new path to controller.
[INFO] [1786022279.435234109] [controller_server]: Passing new path to controller.
[INFO] [1786022280.535324752] [controller_server]: Passing new path to controller.
[INFO] [1786022281.635247005] [controller_server]: Passing new path to controller.
[INFO] [1786022282.735245425] [controller_server]: Passing new path to controller.
[INFO] [1786022283.735299964] [controller_server]: Passing new path to controller.
[INFO] [1786022284.835224977] [controller_server]: Passing new path to controller.
[INFO] [1786022285.935233823] [controller_server]: Passing new path to controller.
[INFO] [1786022287.035236076] [controller_server]: Passing new path to controller.
[INFO] [1786022288.135233885] [controller_server]: Passing new path to controller.
[INFO] [1786022289.135257054] [controller_server]: Passing new path to controller.
[INFO] [1786022290.235295456] [controller_server]: Passing new path to controller.
[INFO] [1786022291.335269783] [controller_server]: Passing new path to controller.
[INFO] [1786022292.435437519] [controller_server]: Passing new path to controller.
[INFO] [1786022293.535377550] [controller_server]: Passing new path to controller.
[INFO] [1786022294.635269636] [controller_server]: Passing new path to controller.
[INFO] [1786022295.635335249] [controller_server]: Passing new path to controller.
[INFO] [1786022296.835240569] [controller_server]: Passing new path to controller.
[INFO] [1786022298.138802383] [controller_server]: Passing new path to controller.
[INFO] [1786022299.235509582] [controller_server]: Passing new path to controller.
[INFO] [1786022300.335409594] [controller_server]: Passing new path to controller.
[INFO] [1786022301.335732449] [controller_server]: Passing new path to controller.
[INFO] [1786022302.536420217] [controller_server]: Passing new path to controller.
[INFO] [1786022303.635209020] [controller_server]: Passing new path to controller.
[INFO] [1786022304.735374182] [controller_server]: Passing new path to controller.
[INFO] [1786022305.835259361] [controller_server]: Passing new path to controller.
[INFO] [1786022306.935245688] [controller_server]: Passing new path to controller.
[INFO] [1786022308.036555301] [controller_server]: Passing new path to controller.
[INFO] [1786022309.135271677] [controller_server]: Passing new path to controller.
[INFO] [1786022310.235651192] [controller_server]: Passing new path to controller.
[INFO] [1786022311.335276258] [controller_server]: Passing new path to controller.
[INFO] [1786022312.435796607] [controller_server]: Passing new path to controller.
[INFO] [1786022313.435729775] [controller_server]: Passing new path to controller.
[INFO] [1786022314.535321563] [controller_server]: Passing new path to controller.
[INFO] [1786022315.635450614] [controller_server]: Passing new path to controller.
[INFO] [1786022316.735233162] [controller_server]: Passing new path to controller.
[INFO] [1786022317.835186545] [controller_server]: Passing new path to controller.
[INFO] [1786022318.935257058] [controller_server]: Passing new path to controller.
[INFO] [1786022319.935581506] [controller_server]: Passing new path to controller.
[INFO] [1786022321.035282462] [controller_server]: Passing new path to controller.
[INFO] [1786022322.136417795] [controller_server]: Passing new path to controller.
[INFO] [1786022323.235237635] [controller_server]: Passing new path to controller.
[INFO] [1786022324.235230877] [controller_server]: Passing new path to controller.
[INFO] [1786022325.335418743] [controller_server]: Passing new path to controller.
[INFO] [1786022326.435434737] [controller_server]: Passing new path to controller.
[INFO] [1786022327.535256416] [controller_server]: Passing new path to controller.
[INFO] [1786022328.635228336] [controller_server]: Passing new path to controller.
[INFO] [1786022329.735216793] [controller_server]: Passing new path to controller.
[INFO] [1786022330.735250869] [controller_server]: Passing new path to controller.
[INFO] [1786022331.835354419] [controller_server]: Passing new path to controller.
[INFO] [1786022332.935276765] [controller_server]: Passing new path to controller.
[INFO] [1786022334.035233537] [controller_server]: Passing new path to controller.
[INFO] [1786022335.135364013] [controller_server]: Passing new path to controller.
[INFO] [1786022336.135214810] [controller_server]: Passing new path to controller.
[INFO] [1786022337.235560603] [controller_server]: Passing new path to controller.
[INFO] [1786022338.335352781] [controller_server]: Passing new path to controller.
[INFO] [1786022339.435241052] [controller_server]: Passing new path to controller.
[INFO] [1786022340.435456796] [controller_server]: Passing new path to controller.
[INFO] [1786022341.535187326] [controller_server]: Passing new path to controller.
[INFO] [1786022342.635236839] [controller_server]: Passing new path to controller.
[INFO] [1786022343.735181555] [controller_server]: Passing new path to controller.
[INFO] [1786022344.735332965] [controller_server]: Passing new path to controller.
[INFO] [1786022345.835295551] [controller_server]: Passing new path to controller.
[INFO] [1786022346.935293879] [controller_server]: Passing new path to controller.
[INFO] [1786022348.035383799] [controller_server]: Passing new path to controller.
[INFO] [1786022349.135227682] [controller_server]: Passing new path to controller.
[INFO] [1786022350.236421627] [controller_server]: Passing new path to controller.
[INFO] [1786022351.538480211] [controller_server]: Passing new path to controller.
[INFO] [1786022352.635239687] [controller_server]: Passing new path to controller.
[INFO] [1786022353.635451319] [controller_server]: Passing new path to controller.
[INFO] [1786022354.735437943] [controller_server]: Passing new path to controller.
[INFO] [1786022355.835242159] [controller_server]: Passing new path to controller.
[INFO] [1786022356.935486654] [controller_server]: Passing new path to controller.
[INFO] [1786022358.035568371] [controller_server]: Passing new path to controller.
[ERROR] [1786022358.836873487] [controller_server]: Exception in transformPose: Lookup would require extrapolation into the future.  Requested time 1786022358.711908 but the latest data is at time 1786022358.612224, when looking up transform from frame [map] to frame [odom]
[ERROR] [1786022358.837104007] [controller_server]: Unable to transform goal pose into costmap frame
[INFO] [1786022358.837773622] [controller_server]: Optimizer reset
[WARN] [1786022358.837869030] [controller_server]: [follow_path] [ActionServer] Aborting handle.
[INFO] [1786022360.271124684] [controller_server]: Received a goal, begin computing control effort.
[INFO] [1786022361.371357050] [controller_server]: Passing new path to controller.
[INFO] [1786022362.471365267] [controller_server]: Passing new path to controller.
[INFO] [1786022363.092062577] [local_costmap.local_costmap]: Message Filter dropping message: frame 'laser' at time 1786022362.786 for reason 'the timestamp on the message is earlier than all the data in the transform cache'
[INFO] [1786022363.571359965] [controller_server]: Passing new path to controller.
[INFO] [1786022364.671537756] [controller_server]: Passing new path to controller.
[INFO] [1786022365.671345090] [controller_server]: Passing new path to controller.
[INFO] [1786022365.695551315] [local_costmap.local_costmap]: Message Filter dropping message: frame 'laser' at time 1786022365.387 for reason 'the timestamp on the message is earlier than all the data in the transform cache'
[INFO] [1786022366.771372307] [controller_server]: Passing new path to controller.
[INFO] [1786022367.871362708] [controller_server]: Passing new path to controller.
[ERROR] [1786022367.875196137] [tf_help]: Transform data too old when converting from map to odom
[ERROR] [1786022367.875306045] [tf_help]: Data time: 1786022367s 749297965ns, Transform time: 1786022367s 387167347ns
[ERROR] [1786022367.975351112] [tf_help]: Transform data too old when converting from map to odom
[ERROR] [1786022367.975419131] [tf_help]: Data time: 1786022367s 749297965ns, Transform time: 1786022367s 387167347ns
[ERROR] [1786022368.074529452] [tf_help]: Transform data too old when converting from map to odom
[ERROR] [1786022368.074605582] [tf_help]: Data time: 1786022367s 749297965ns, Transform time: 1786022367s 387167347ns
[ERROR] [1786022368.174618575] [tf_help]: Transform data too old when converting from map to odom
[ERROR] [1786022368.174681612] [tf_help]: Data time: 1786022367s 749297965ns, Transform time: 1786022367s 387167347ns
[ERROR] [1786022368.274082213] [tf_help]: Transform data too old when converting from map to odom
[ERROR] [1786022368.274157102] [tf_help]: Data time: 1786022367s 749297965ns, Transform time: 1786022367s 387167347ns
[ERROR] [1786022368.374421041] [tf_help]: Transform data too old when converting from map to odom
[ERROR] [1786022368.374493208] [tf_help]: Data time: 1786022367s 749297965ns, Transform time: 1786022367s 387167347ns
[ERROR] [1786022368.474659979] [tf_help]: Transform data too old when converting from map to odom
[ERROR] [1786022368.474739072] [tf_help]: Data time: 1786022367s 749297965ns, Transform time: 1786022367s 387167347ns
[ERROR] [1786022368.574685250] [tf_help]: Transform data too old when converting from map to odom
[ERROR] [1786022368.574750306] [tf_help]: Data time: 1786022367s 749297965ns, Transform time: 1786022367s 387167347ns
[ERROR] [1786022368.674434389] [tf_help]: Transform data too old when converting from map to odom
[ERROR] [1786022368.674518093] [tf_help]: Data time: 1786022367s 749297965ns, Transform time: 1786022367s 387167347ns
[ERROR] [1786022368.774605346] [tf_help]: Transform data too old when converting from map to odom
[ERROR] [1786022368.774675309] [tf_help]: Data time: 1786022367s 749297965ns, Transform time: 1786022367s 387167347ns
[ERROR] [1786022368.879771145] [tf_help]: Transform data too old when converting from map to odom
[ERROR] [1786022368.879849905] [tf_help]: Data time: 1786022367s 749297965ns, Transform time: 1786022367s 387167347ns
[INFO] [1786022368.971353943] [controller_server]: Passing new path to controller.
[ERROR] [1786022368.975347354] [tf_help]: Transform data too old when converting from map to odom
[ERROR] [1786022368.975413373] [tf_help]: Data time: 1786022368s 829553258ns, Transform time: 1786022367s 387167347ns
[ERROR] [1786022369.074510990] [tf_help]: Transform data too old when converting from map to odom
[ERROR] [1786022369.074600417] [tf_help]: Data time: 1786022368s 829553258ns, Transform time: 1786022367s 387167347ns
[ERROR] [1786022369.174267593] [tf_help]: Transform data too old when converting from map to odom
[ERROR] [1786022369.174343482] [tf_help]: Data time: 1786022368s 829553258ns, Transform time: 1786022367s 387167347ns
[ERROR] [1786022369.275261073] [tf_help]: Transform data too old when converting from map to odom
[ERROR] [1786022369.275333388] [tf_help]: Data time: 1786022368s 829553258ns, Transform time: 1786022367s 387167347ns
[ERROR] [1786022369.374791081] [tf_help]: Transform data too old when converting from map to odom
[ERROR] [1786022369.374861822] [tf_help]: Data time: 1786022368s 829553258ns, Transform time: 1786022367s 387167347ns
[ERROR] [1786022369.474971908] [tf_help]: Transform data too old when converting from map to odom
[ERROR] [1786022369.475083483] [tf_help]: Data time: 1786022368s 829553258ns, Transform time: 1786022367s 387167347ns
[ERROR] [1786022369.574438917] [tf_help]: Transform data too old when converting from map to odom
[ERROR] [1786022369.574513621] [tf_help]: Data time: 1786022368s 829553258ns, Transform time: 1786022367s 387167347ns
[ERROR] [1786022369.674788634] [tf_help]: Transform data too old when converting from map to odom
[ERROR] [1786022369.674884171] [tf_help]: Data time: 1786022368s 829553258ns, Transform time: 1786022367s 387167347ns
[ERROR] [1786022369.774726107] [tf_help]: Transform data too old when converting from map to odom
[ERROR] [1786022369.774791589] [tf_help]: Data time: 1786022368s 829553258ns, Transform time: 1786022367s 387167347ns
[ERROR] [1786022369.874750285] [tf_help]: Transform data too old when converting from map to odom
[ERROR] [1786022369.874824230] [tf_help]: Data time: 1786022368s 829553258ns, Transform time: 1786022367s 387167347ns
[INFO] [1786022369.971355130] [controller_server]: Passing new path to controller.
[ERROR] [1786022369.976845271] [tf_help]: Transform data too old when converting from map to odom
[ERROR] [1786022369.976912735] [tf_help]: Data time: 1786022369s 891821324ns, Transform time: 1786022367s 387167347ns
[ERROR] [1786022370.074662067] [tf_help]: Transform data too old when converting from map to odom
[ERROR] [1786022370.074728530] [tf_help]: Data time: 1786022369s 891821324ns, Transform time: 1786022367s 387167347ns
[ERROR] [1786022370.174330447] [tf_help]: Transform data too old when converting from map to odom
[ERROR] [1786022370.174409225] [tf_help]: Data time: 1786022369s 891821324ns, Transform time: 1786022367s 387167347ns
[ERROR] [1786022370.274882072] [tf_help]: Transform data too old when converting from map to odom
[ERROR] [1786022370.274961924] [tf_help]: Data time: 1786022369s 891821324ns, Transform time: 1786022367s 387167347ns
[ERROR] [1786022370.374785212] [tf_help]: Transform data too old when converting from map to odom
[ERROR] [1786022370.374857379] [tf_help]: Data time: 1786022369s 891821324ns, Transform time: 1786022367s 387167347ns
[ERROR] [1786022370.474625389] [tf_help]: Transform data too old when converting from map to odom
[ERROR] [1786022370.474705797] [tf_help]: Data time: 1786022369s 891821324ns, Transform time: 1786022367s 387167347ns
[ERROR] [1786022370.574510548] [tf_help]: Transform data too old when converting from map to odom
[ERROR] [1786022370.574593789] [tf_help]: Data time: 1786022369s 891821324ns, Transform time: 1786022367s 387167347ns
[ERROR] [1786022370.674413614] [tf_help]: Transform data too old when converting from map to odom
[ERROR] [1786022370.674497689] [tf_help]: Data time: 1786022369s 891821324ns, Transform time: 1786022367s 387167347ns
[ERROR] [1786022370.774902721] [tf_help]: Transform data too old when converting from map to odom
[ERROR] [1786022370.775008073] [tf_help]: Data time: 1786022369s 891821324ns, Transform time: 1786022367s 387167347ns
[ERROR] [1786022370.874764954] [tf_help]: Transform data too old when converting from map to odom
[ERROR] [1786022370.874831324] [tf_help]: Data time: 1786022369s 891821324ns, Transform time: 1786022367s 387167347ns
[ERROR] [1786022370.971490040] [controller_server]: Failed to make progress
[INFO] [1786022370.972112784] [controller_server]: Optimizer reset
[WARN] [1786022370.972177043] [controller_server]: [follow_path] [ActionServer] Aborting handle.
[INFO] [1786022371.012214522] [local_costmap.local_costmap]: Received request to clear entirely the local_costmap
[INFO] [1786022371.015157464] [controller_server]: Received a goal, begin computing control effort.
[INFO] [1786022371.195333952] [controller_server]: Passing new path to controller.
[ERROR] [1786022371.298745241] [controller_server]: Exception in transformPose: Lookup would require extrapolation into the future.  Requested time 1786022371.178614 but the latest data is at time 1786022367.387167, when looking up transform from frame [map] to frame [odom]
[ERROR] [1786022371.299116280] [controller_server]: Unable to transform goal pose into costmap frame
[INFO] [1786022371.299791618] [controller_server]: Optimizer reset
[WARN] [1786022371.299863377] [controller_server]: [follow_path] [ActionServer] Aborting handle.
[INFO] [1786022372.359073314] [local_costmap.local_costmap]: Message Filter dropping message: frame 'laser' at time 1786022372.053 for reason 'the timestamp on the message is earlier than all the data in the transform cache'
[INFO] [1786022372.760002179] [controller_server]: Received a goal, begin computing control effort.
[ERROR] [1786022372.861879349] [controller_server]: Exception in transformPose: Lookup would require extrapolation into the future.  Requested time 1786022371.645436 but the latest data is at time 1786022367.387167, when looking up transform from frame [map] to frame [odom]
[ERROR] [1786022372.862083258] [controller_server]: Unable to transform goal pose into costmap frame
[INFO] [1786022372.862418741] [controller_server]: Optimizer reset
[WARN] [1786022372.862463408] [controller_server]: [follow_path] [ActionServer] Aborting handle.
[INFO] [1786022374.555804933] [controller_server]: Received a goal, begin computing control effort.
[ERROR] [1786022374.658383644] [controller_server]: Exception in transformPose: Lookup would require extrapolation into the future.  Requested time 1786022374.545346 but the latest data is at time 1786022374.052559, when looking up transform from frame [map] to frame [odom]
[ERROR] [1786022374.659129259] [controller_server]: Unable to transform goal pose into costmap frame
[INFO] [1786022374.659414057] [controller_server]: Optimizer reset
[WARN] [1786022374.659452076] [controller_server]: [follow_path] [ActionServer] Aborting handle.
[INFO] [1786022375.036538717] [local_costmap.local_costmap]: Message Filter dropping message: frame 'laser' at time 1786022374.728 for reason 'the timestamp on the message is earlier than all the data in the transform cache'
[INFO] [1786022376.197883622] [controller_server]: Received a goal, begin computing control effort.
[ERROR] [1786022376.300526555] [controller_server]: Exception in transformPose: Lookup would require extrapolation into the future.  Requested time 1786022374.645212 but the latest data is at time 1786022374.052559, when looking up transform from frame [map] to frame [odom]
[ERROR] [1786022376.300687778] [controller_server]: Unable to transform goal pose into costmap frame
[INFO] [1786022376.300985335] [controller_server]: Optimizer reset
[WARN] [1786022376.301029039] [controller_server]: [follow_path] [ActionServer] Aborting handle.
[INFO] [1786022382.674886635] [controller_server]: Received a goal, begin computing control effort.
[ERROR] [1786022382.777127603] [controller_server]: Exception in transformPose: Lookup would require extrapolation into the future.  Requested time 1786022382.650016 but the latest data is at time 1786022381.470738, when looking up transform from frame [map] to frame [odom]
[ERROR] [1786022382.777289178] [controller_server]: Unable to transform goal pose into costmap frame
[INFO] [1786022382.777600106] [controller_server]: Optimizer reset
[WARN] [1786022382.777648143] [controller_server]: [follow_path] [ActionServer] Aborting handle.
[INFO] [1786022386.603658492] [local_costmap.local_costmap]: Message Filter dropping message: frame 'laser' at time 1786022386.299 for reason 'the timestamp on the message is earlier than all the data in the transform cache'
[INFO] [1786022412.775848772] [local_costmap.local_costmap]: Message Filter dropping message: frame 'laser' at time 1786022412.469 for reason 'the timestamp on the message is earlier than all the data in the transform cache'
[INFO] [1786022421.996533162] [local_costmap.local_costmap]: Message Filter dropping message: frame 'laser' at time 1786022421.690 for reason 'the timestamp on the message is earlier than all the data in the transform cache'
[INFO] [1786022479.647270983] [local_costmap.local_costmap]: Message Filter dropping message: frame 'laser' at time 1786022479.340 for reason 'the timestamp on the message is earlier than all the data in the transform cache'
[INFO] [1786022514.909170158] [local_costmap.local_costmap]: Message Filter dropping message: frame 'laser' at time 1786022514.605 for reason 'the timestamp on the message is earlier than all the data in the transform cache'
[INFO] [1786022517.863550116] [local_costmap.local_costmap]: Message Filter dropping message: frame 'laser' at time 1786022517.560 for reason 'the timestamp on the message is earlier than all the data in the transform cache'
[INFO] [1786022521.618171073] [local_costmap.local_costmap]: Message Filter dropping message: frame 'laser' at time 1786022521.313 for reason 'the timestamp on the message is earlier than all the data in the transform cache'
