[INFO] [1782966640.823510334] [controller_server]: 
	controller_server lifecycle node launched. 
	Waiting on external lifecycle transitions to activate
	See https://design.ros2.org/articles/node_lifecycle.html for more information.
[INFO] [1782966640.836078019] [controller_server]: Creating controller server
[INFO] [1782966641.794904485] [local_costmap.local_costmap]: 
	local_costmap lifecycle node launched. 
	Waiting on external lifecycle transitions to activate
	See https://design.ros2.org/articles/node_lifecycle.html for more information.
[INFO] [1782966641.807256465] [local_costmap.local_costmap]: Creating Costmap
[INFO] [1782966642.231392288] [controller_server]: Configuring controller interface
[INFO] [1782966642.231445381] [controller_server]: getting progress checker plugins..
[INFO] [1782966642.235609517] [controller_server]: getting goal checker plugins..
[INFO] [1782966642.236462652] [controller_server]: Controller frequency set to 10.0000Hz
[INFO] [1782966642.236609375] [local_costmap.local_costmap]: Configuring
[INFO] [1782966642.348406943] [local_costmap.local_costmap]: Using plugin "voxel_layer"
[INFO] [1782966642.362028876] [local_costmap.local_costmap]: Subscribed to Topics: scan
[INFO] [1782966642.451244514] [local_costmap.local_costmap]: Initialized plugin "voxel_layer"
[INFO] [1782966642.451331552] [local_costmap.local_costmap]: Using plugin "inflation_layer"
[INFO] [1782966642.454400551] [local_costmap.local_costmap]: Initialized plugin "inflation_layer"
[INFO] [1782966642.615113224] [controller_server]: Created progress_checker : progress_checker of type nav2_controller::SimpleProgressChecker
[INFO] [1782966642.621764560] [controller_server]: Controller Server has progress_checker  progress checkers available.
[INFO] [1782966642.631476839] [controller_server]: Created goal checker : general_goal_checker of type nav2_controller::SimpleGoalChecker
[INFO] [1782966642.642987981] [controller_server]: Controller Server has general_goal_checker  goal checkers available.
[INFO] [1782966642.654656365] [controller_server]: Created controller : FollowPath of type nav2_regulated_pure_pursuit_controller::RegulatedPurePursuitController
[INFO] [1782966642.755528962] [controller_server]: Controller Server has FollowPath  controllers available.
[INFO] [1782966645.104735464] [controller_server]: Activating
[INFO] [1782966645.104815965] [local_costmap.local_costmap]: Activating
[INFO] [1782966645.104835576] [local_costmap.local_costmap]: Checking transform
[INFO] [1782966645.105078707] [local_costmap.local_costmap]: start
[INFO] [1782966645.310997628] [controller_server]: Activating controller: FollowPath of type regulated_pure_pursuit_controller::RegulatedPurePursuitController
[INFO] [1782966645.311067944] [controller_server]: Creating bond (controller_server) to lifecycle manager.
[INFO] [1782966817.008083687] [controller_server]: Received a goal, begin computing control effort.
[WARN] [1782966817.008189206] [controller_server]: No goal checker was specified in parameter 'current_goal_checker'. Server will use only plugin loaded general_goal_checker . This warning will appear once.
[WARN] [1782966817.008219928] [controller_server]: No progress checker was specified in parameter 'current_progress_checker'. Server will use only plugin loaded progress_checker . This warning will appear once.
[INFO] [1782966818.108620240] [controller_server]: Passing new path to controller.
[INFO] [1782966819.108765909] [controller_server]: Passing new path to controller.
[INFO] [1782966820.109704083] [controller_server]: Passing new path to controller.
[INFO] [1782966821.108378760] [controller_server]: Passing new path to controller.
[INFO] [1782966822.208373735] [controller_server]: Passing new path to controller.
[INFO] [1782966823.208494366] [controller_server]: Passing new path to controller.
[INFO] [1782966824.208384033] [controller_server]: Passing new path to controller.
[INFO] [1782966825.308617955] [controller_server]: Passing new path to controller.
[INFO] [1782966826.309122367] [controller_server]: Passing new path to controller.
[INFO] [1782966827.308874996] [controller_server]: Passing new path to controller.
[INFO] [1782966828.308362252] [controller_server]: Passing new path to controller.
[INFO] [1782966829.408383691] [controller_server]: Passing new path to controller.
[INFO] [1782966830.408369951] [controller_server]: Passing new path to controller.
[INFO] [1782966831.408383267] [controller_server]: Passing new path to controller.
[INFO] [1782966832.408368601] [controller_server]: Passing new path to controller.
[INFO] [1782966833.508426280] [controller_server]: Passing new path to controller.
[INFO] [1782966834.508969896] [controller_server]: Passing new path to controller.
[INFO] [1782966835.508556450] [controller_server]: Passing new path to controller.
[INFO] [1782966836.608385109] [controller_server]: Passing new path to controller.
[INFO] [1782966837.708416214] [controller_server]: Passing new path to controller.
[INFO] [1782966838.808369189] [controller_server]: Passing new path to controller.
[INFO] [1782966840.008374287] [controller_server]: Passing new path to controller.
[INFO] [1782966841.108449781] [controller_server]: Passing new path to controller.
[INFO] [1782966842.208813963] [controller_server]: Passing new path to controller.
[INFO] [1782966842.911114317] [controller_server]: Reached the goal!
[INFO] [1782966896.958862807] [controller_server]: Received a goal, begin computing control effort.
[INFO] [1782966898.060717370] [controller_server]: Passing new path to controller.
[INFO] [1782966899.061393765] [controller_server]: Passing new path to controller.
[INFO] [1782966900.059809347] [controller_server]: Passing new path to controller.
[INFO] [1782966901.160736421] [controller_server]: Passing new path to controller.
[INFO] [1782966902.360666667] [controller_server]: Passing new path to controller.
[INFO] [1782966903.462025133] [controller_server]: Passing new path to controller.
[INFO] [1782966904.560757895] [controller_server]: Passing new path to controller.
[INFO] [1782966905.659920439] [controller_server]: Passing new path to controller.
[INFO] [1782966906.659760346] [controller_server]: Passing new path to controller.
[INFO] [1782966907.859849944] [controller_server]: Passing new path to controller.
[INFO] [1782966909.060155692] [controller_server]: Passing new path to controller.
[INFO] [1782966910.059763598] [controller_server]: Passing new path to controller.
[INFO] [1782966911.059751191] [controller_server]: Passing new path to controller.
[INFO] [1782966912.062132154] [controller_server]: Passing new path to controller.
[INFO] [1782966913.161666681] [controller_server]: Passing new path to controller.
[INFO] [1782966914.259966607] [controller_server]: Passing new path to controller.
[INFO] [1782966915.660686510] [controller_server]: Passing new path to controller.
[INFO] [1782966916.659846672] [controller_server]: Passing new path to controller.
[ERROR] [1782966916.961376217] [controller_server]: Failed to make progress
[WARN] [1782966916.961953721] [controller_server]: [follow_path] [ActionServer] Aborting handle.
[INFO] [1782966916.976279712] [local_costmap.local_costmap]: Received request to clear entirely the local_costmap
[INFO] [1782966916.981924160] [controller_server]: Received a goal, begin computing control effort.
[WARN] [1782966917.112679150] [controller_server]: Control loop missed its desired rate of 10.0000 Hz. Current loop rate is 7.6549 Hz.
[INFO] [1782966917.612811374] [controller_server]: Passing new path to controller.
[INFO] [1782966918.712836683] [controller_server]: Passing new path to controller.
[INFO] [1782966919.912841669] [controller_server]: Passing new path to controller.
[INFO] [1782966921.012815255] [controller_server]: Passing new path to controller.
[INFO] [1782966922.112833860] [controller_server]: Passing new path to controller.
[INFO] [1782966923.112814417] [controller_server]: Passing new path to controller.
[INFO] [1782966925.112832234] [controller_server]: Cancellation was successful. Stopping the robot.
[INFO] [1782966925.112892401] [controller_server]: [follow_path] [ActionServer] Client requested to cancel the goal. Cancelling.
[INFO] [1782966925.114000872] [local_costmap.local_costmap]: Received request to clear entirely the local_costmap
[INFO] [1782966929.642499210] [controller_server]: Received a goal, begin computing control effort.
[INFO] [1782966930.742860743] [controller_server]: Passing new path to controller.
[INFO] [1782966932.742735096] [controller_server]: Cancellation was successful. Stopping the robot.
[INFO] [1782966932.742834689] [controller_server]: [follow_path] [ActionServer] Client requested to cancel the goal. Cancelling.
[INFO] [1782966937.850629150] [controller_server]: Received a goal, begin computing control effort.
[INFO] [1782966939.052552540] [controller_server]: Passing new path to controller.
[INFO] [1782966940.152587200] [controller_server]: Passing new path to controller.
[INFO] [1782966941.352607872] [controller_server]: Passing new path to controller.
[INFO] [1782966942.265408842] [rclcpp]: signal_handler(SIGINT/SIGTERM)
[INFO] [1782966942.265708104] [controller_server]: Running Nav2 LifecycleNode rcl preshutdown (controller_server)
[INFO] [1782966942.265831993] [controller_server]: Deactivating
[WARN] [1782966942.267425023] [controller_server]: [follow_path] [ActionServer] Requested to deactivate server but goal is still executing. Should check if action server is running before deactivating.
[WARN] [1782966942.360292206] [controller_server]: [follow_path] [ActionServer] Stopping the thread per request.
[INFO] [1782966942.364268716] [controller_server]: [follow_path] [ActionServer] Client requested to cancel the goal. Cancelling.
[INFO] [1782966942.367854630] [controller_server]: [follow_path] [ActionServer] Waiting for async process to finish.
[INFO] [1782966942.386199021] [controller_server]: Deactivating controller: FollowPath of type regulated_pure_pursuit_controller::RegulatedPurePursuitController
[INFO] [1782966942.386786025] [local_costmap.local_costmap]: Deactivating
[INFO] [1782966942.517849388] [controller_server]: Destroying bond (controller_server) to lifecycle manager.
[INFO] [1782966942.612626917] [controller_server]: Cleaning up
[INFO] [1782966942.612692510] [controller_server]: Cleaning up controller: FollowPath of type regulated_pure_pursuit_controller::RegulatedPurePursuitController
[INFO] [1782966942.865829727] [local_costmap.local_costmap]: Cleaning up
[INFO] [1782966943.909879099] [controller_server]: Destroying bond (controller_server) to lifecycle manager.
