[INFO] [1786042471.320493358] [controller_server]: 
	controller_server lifecycle node launched. 
	Waiting on external lifecycle transitions to activate
	See https://design.ros2.org/articles/node_lifecycle.html for more information.
[INFO] [1786042471.353529633] [controller_server]: Creating controller server
[INFO] [1786042471.809848082] [local_costmap.local_costmap]: 
	local_costmap lifecycle node launched. 
	Waiting on external lifecycle transitions to activate
	See https://design.ros2.org/articles/node_lifecycle.html for more information.
[INFO] [1786042471.812167614] [local_costmap.local_costmap]: Creating Costmap
[INFO] [1786042472.532015928] [controller_server]: Configuring controller interface
[INFO] [1786042472.532073780] [controller_server]: getting progress checker plugins..
[INFO] [1786042472.532385782] [controller_server]: getting goal checker plugins..
[INFO] [1786042472.532532431] [controller_server]: Controller frequency set to 10.0000Hz
[INFO] [1786042472.532599227] [local_costmap.local_costmap]: Configuring
[INFO] [1786042472.555894301] [local_costmap.local_costmap]: Using plugin "voxel_layer"
[INFO] [1786042472.564708572] [local_costmap.local_costmap]: Subscribed to Topics: scan
[INFO] [1786042472.590738327] [local_costmap.local_costmap]: Initialized plugin "voxel_layer"
[INFO] [1786042472.590820272] [local_costmap.local_costmap]: Using plugin "inflation_layer"
[INFO] [1786042472.591726684] [local_costmap.local_costmap]: Initialized plugin "inflation_layer"
[INFO] [1786042472.652948893] [controller_server]: Created progress_checker : progress_checker of type nav2_controller::SimpleProgressChecker
[INFO] [1786042472.654504494] [controller_server]: Controller Server has progress_checker  progress checkers available.
[INFO] [1786042472.655719094] [controller_server]: Created goal checker : general_goal_checker of type nav2_controller::SimpleGoalChecker
[INFO] [1786042472.656269948] [controller_server]: Controller Server has general_goal_checker  goal checkers available.
[INFO] [1786042472.661839405] [controller_server]: Created controller : FollowPath of type nav2_mppi_controller::MPPIController
[INFO] [1786042472.668750573] [controller_server]: Controller period is equal to model dt. Control sequence shifting is ON
[INFO] [1786042472.673477192] [controller_server]: ConstraintCritic instantiated with 1 power and 4.000000 weight.
[INFO] [1786042472.673669563] [controller_server]: Critic loaded : mppi::critics::ConstraintCritic
[WARN] [1786042472.676609894] [controller_server]: Inconsistent configuration in collision checking. Please verify the robot's shape settings in both the costmap and the cost critic.
[INFO] [1786042472.676669413] [controller_server]: InflationCostCritic instantiated with 1 power and 300.000000 / 0.031496 weights. Critic will collision check based on circular cost.
[INFO] [1786042472.676717487] [controller_server]: Critic loaded : mppi::critics::CostCritic
[INFO] [1786042472.678007106] [controller_server]: GoalCritic instantiated with 1 power and 5.000000 weight.
[INFO] [1786042472.678086051] [controller_server]: Critic loaded : mppi::critics::GoalCritic
[INFO] [1786042472.679837986] [controller_server]: GoalAngleCritic instantiated with 1 power, 3.000000 weight, 0.500000 angular threshold and symmetric_yaw_tolerance disabled
[INFO] [1786042472.679925079] [controller_server]: Critic loaded : mppi::critics::GoalAngleCritic
[INFO] [1786042472.681791590] [controller_server]: ReferenceTrajectoryCritic instantiated with 1 power and 8.000000 weight
[INFO] [1786042472.681859331] [controller_server]: Critic loaded : mppi::critics::PathAlignCritic
[INFO] [1786042472.683784878] [controller_server]: Critic loaded : mppi::critics::PathFollowCritic
[INFO] [1786042472.686324689] [controller_server]: PathAngleCritic instantiated with 1 power and 2.000000 weight. Mode set to: Forward Preference
[INFO] [1786042472.686394578] [controller_server]: Critic loaded : mppi::critics::PathAngleCritic
[INFO] [1786042472.686856673] [controller_server]: PreferForwardCritic instantiated with 1 power and 3.000000 weight.
[INFO] [1786042472.686963951] [controller_server]: Critic loaded : mppi::critics::PreferForwardCritic
[INFO] [1786042472.688623627] [controller_server]: Optimizer reset
[INFO] [1786042472.704308584] [MPPIController]: Configured MPPI Controller: FollowPath
[INFO] [1786042472.704378826] [controller_server]: Controller Server has FollowPath  controllers available.
[INFO] [1786042473.444791105] [controller_server]: Activating
[INFO] [1786042473.444878124] [local_costmap.local_costmap]: Activating
[INFO] [1786042473.444905699] [local_costmap.local_costmap]: Checking transform
[INFO] [1786042473.445574795] [local_costmap.local_costmap]: start
[WARN] [1786042473.651051857] [controller_server]: Parameter controller_server.verbose not found
[INFO] [1786042473.651348988] [controller_server]: Optimizer reset
[INFO] [1786042473.651766454] [MPPIController]: Activated MPPI Controller: FollowPath
[INFO] [1786042473.651812880] [controller_server]: Creating bond (controller_server) to lifecycle manager.
[INFO] [1786042849.740675013] [local_costmap.local_costmap]: Message Filter dropping message: frame 'laser' at time 1786042847.735 for reason 'the timestamp on the message is earlier than all the data in the transform cache'
[INFO] [1786043430.740264836] [local_costmap.local_costmap]: Message Filter dropping message: frame 'laser' at time 1786043428.734 for reason 'the timestamp on the message is earlier than all the data in the transform cache'
[INFO] [1786043583.542419065] [local_costmap.local_costmap]: Message Filter dropping message: frame 'laser' at time 1786043581.537 for reason 'the timestamp on the message is earlier than all the data in the transform cache'
