[INFO] [1783018332.044710217] [controller_server]: 
	controller_server lifecycle node launched. 
	Waiting on external lifecycle transitions to activate
	See https://design.ros2.org/articles/node_lifecycle.html for more information.
[INFO] [1783018332.065923214] [controller_server]: Creating controller server
[INFO] [1783018332.137230987] [local_costmap.local_costmap]: 
	local_costmap lifecycle node launched. 
	Waiting on external lifecycle transitions to activate
	See https://design.ros2.org/articles/node_lifecycle.html for more information.
[INFO] [1783018332.139144497] [local_costmap.local_costmap]: Creating Costmap
[INFO] [1783018334.819305830] [controller_server]: Configuring controller interface
[INFO] [1783018334.819362423] [controller_server]: getting progress checker plugins..
[INFO] [1783018334.823128720] [controller_server]: getting goal checker plugins..
[INFO] [1783018334.825118045] [controller_server]: Controller frequency set to 10.0000Hz
[INFO] [1783018334.825287064] [local_costmap.local_costmap]: Configuring
[INFO] [1783018334.876899384] [local_costmap.local_costmap]: Using plugin "voxel_layer"
[INFO] [1783018334.912470104] [local_costmap.local_costmap]: Subscribed to Topics: scan
[INFO] [1783018334.982946632] [local_costmap.local_costmap]: Initialized plugin "voxel_layer"
[INFO] [1783018334.983035040] [local_costmap.local_costmap]: Using plugin "inflation_layer"
[INFO] [1783018334.987284376] [local_costmap.local_costmap]: Initialized plugin "inflation_layer"
[INFO] [1783018335.141108276] [controller_server]: Created progress_checker : progress_checker of type nav2_controller::SimpleProgressChecker
[INFO] [1783018335.143664308] [controller_server]: Controller Server has progress_checker  progress checkers available.
[INFO] [1783018335.148297609] [controller_server]: Created goal checker : general_goal_checker of type nav2_controller::SimpleGoalChecker
[INFO] [1783018335.152366426] [controller_server]: Controller Server has general_goal_checker  goal checkers available.
[INFO] [1783018335.161234750] [controller_server]: Created controller : FollowPath of type nav2_regulated_pure_pursuit_controller::RegulatedPurePursuitController
[INFO] [1783018335.230374493] [controller_server]: Controller Server has FollowPath  controllers available.
[INFO] [1783018337.522275520] [controller_server]: Activating
[INFO] [1783018337.522354502] [local_costmap.local_costmap]: Activating
[INFO] [1783018337.522372336] [local_costmap.local_costmap]: Checking transform
[INFO] [1783018337.522591022] [local_costmap.local_costmap]: start
[INFO] [1783018337.728316336] [controller_server]: Activating controller: FollowPath of type regulated_pure_pursuit_controller::RegulatedPurePursuitController
[INFO] [1783018337.728406392] [controller_server]: Creating bond (controller_server) to lifecycle manager.
[INFO] [1783018372.920867016] [controller_server]: Received a goal, begin computing control effort.
[WARN] [1783018372.920979035] [controller_server]: No goal checker was specified in parameter 'current_goal_checker'. Server will use only plugin loaded general_goal_checker . This warning will appear once.
[WARN] [1783018372.921005850] [controller_server]: No progress checker was specified in parameter 'current_progress_checker'. Server will use only plugin loaded progress_checker . This warning will appear once.
[INFO] [1783018374.021222361] [controller_server]: Passing new path to controller.
[INFO] [1783018375.021494044] [controller_server]: Passing new path to controller.
[INFO] [1783018376.022099767] [controller_server]: Passing new path to controller.
[INFO] [1783018377.021301778] [controller_server]: Passing new path to controller.
[INFO] [1783018378.121212232] [controller_server]: Passing new path to controller.
[INFO] [1783018379.121733361] [controller_server]: Passing new path to controller.
[INFO] [1783018380.121282059] [controller_server]: Passing new path to controller.
[INFO] [1783018381.222149814] [controller_server]: Passing new path to controller.
[INFO] [1783018382.221423474] [controller_server]: Passing new path to controller.
[INFO] [1783018383.221225711] [controller_server]: Passing new path to controller.
[INFO] [1783018384.321309962] [controller_server]: Passing new path to controller.
[INFO] [1783018385.321685868] [controller_server]: Passing new path to controller.
[INFO] [1783018386.321478901] [controller_server]: Passing new path to controller.
[INFO] [1783018387.321659714] [controller_server]: Passing new path to controller.
[INFO] [1783018388.421707706] [controller_server]: Passing new path to controller.
[INFO] [1783018389.421524683] [controller_server]: Passing new path to controller.
[INFO] [1783018390.422106368] [controller_server]: Passing new path to controller.
[INFO] [1783018391.421513048] [controller_server]: Passing new path to controller.
[INFO] [1783018392.521420816] [controller_server]: Passing new path to controller.
[INFO] [1783018393.521394591] [controller_server]: Passing new path to controller.
[INFO] [1783018394.521787793] [controller_server]: Passing new path to controller.
[INFO] [1783018395.622031582] [controller_server]: Passing new path to controller.
[INFO] [1783018397.601014765] [local_costmap.local_costmap]: Received request to clear entirely the local_costmap
[INFO] [1783018397.621426721] [controller_server]: Cancellation was successful. Stopping the robot.
[INFO] [1783018397.621520814] [controller_server]: [follow_path] [ActionServer] Client requested to cancel the goal. Cancelling.
[INFO] [1783018402.387857102] [controller_server]: Received a goal, begin computing control effort.
[INFO] [1783018403.489411934] [controller_server]: Passing new path to controller.
[INFO] [1783018404.489750100] [controller_server]: Passing new path to controller.
[INFO] [1783018405.489702485] [controller_server]: Passing new path to controller.
[INFO] [1783018407.589642510] [controller_server]: Cancellation was successful. Stopping the robot.
[INFO] [1783018407.590005994] [controller_server]: [follow_path] [ActionServer] Client requested to cancel the goal. Cancelling.
[INFO] [1783018413.605382684] [local_costmap.local_costmap]: Received request to clear entirely the local_costmap
[INFO] [1783018418.253632403] [controller_server]: Received a goal, begin computing control effort.
[INFO] [1783018420.057629466] [controller_server]: Cancellation was successful. Stopping the robot.
[INFO] [1783018420.058735620] [controller_server]: [follow_path] [ActionServer] Client requested to cancel the goal. Cancelling.
[INFO] [1783018425.040587716] [controller_server]: Received a goal, begin computing control effort.
[INFO] [1783018426.140802153] [controller_server]: Passing new path to controller.
[INFO] [1783018427.140798594] [controller_server]: Passing new path to controller.
[INFO] [1783018428.140797869] [controller_server]: Passing new path to controller.
[INFO] [1783018429.240801731] [controller_server]: Passing new path to controller.
[INFO] [1783018430.240841487] [controller_server]: Passing new path to controller.
[INFO] [1783018431.240856058] [controller_server]: Passing new path to controller.
[INFO] [1783018432.340810253] [controller_server]: Passing new path to controller.
[INFO] [1783018433.340840991] [controller_server]: Passing new path to controller.
[INFO] [1783018434.340809099] [controller_server]: Passing new path to controller.
[INFO] [1783018435.340863726] [controller_server]: Passing new path to controller.
[INFO] [1783018436.440806976] [controller_server]: Passing new path to controller.
[INFO] [1783018437.440931955] [controller_server]: Passing new path to controller.
[INFO] [1783018438.440861007] [controller_server]: Passing new path to controller.
[INFO] [1783018439.540825702] [controller_server]: Passing new path to controller.
[INFO] [1783018440.540883070] [controller_server]: Passing new path to controller.
[INFO] [1783018441.540805622] [controller_server]: Passing new path to controller.
[INFO] [1783018442.540910953] [controller_server]: Passing new path to controller.
[INFO] [1783018443.640824351] [controller_server]: Passing new path to controller.
[INFO] [1783018445.640800382] [controller_server]: Cancellation was successful. Stopping the robot.
[INFO] [1783018445.640869438] [controller_server]: [follow_path] [ActionServer] Client requested to cancel the goal. Cancelling.
[INFO] [1783018553.908031932] [local_costmap.local_costmap]: Received request to clear entirely the local_costmap
[INFO] [1783018553.989730499] [controller_server]: Received a goal, begin computing control effort.
[INFO] [1783018555.090026751] [controller_server]: Passing new path to controller.
[INFO] [1783018556.090019415] [controller_server]: Passing new path to controller.
[INFO] [1783018557.090040042] [controller_server]: Passing new path to controller.
[INFO] [1783018558.190522554] [controller_server]: Passing new path to controller.
[INFO] [1783018559.190407865] [controller_server]: Passing new path to controller.
[INFO] [1783018560.190280361] [controller_server]: Passing new path to controller.
[INFO] [1783018561.290039222] [controller_server]: Passing new path to controller.
[INFO] [1783018562.290023533] [controller_server]: Passing new path to controller.
[INFO] [1783018563.290666404] [controller_server]: Passing new path to controller.
[INFO] [1783018564.390260504] [controller_server]: Passing new path to controller.
[INFO] [1783018566.090744000] [controller_server]: Cancellation was successful. Stopping the robot.
[INFO] [1783018566.090842667] [controller_server]: [follow_path] [ActionServer] Client requested to cancel the goal. Cancelling.
[INFO] [1783018583.006006026] [local_costmap.local_costmap]: Received request to clear entirely the local_costmap
[INFO] [1783018629.423818514] [local_costmap.local_costmap]: Message Filter dropping message: frame 'laser' at time 1783018629.014 for reason 'the timestamp on the message is earlier than all the data in the transform cache'
[INFO] [1783018632.972699716] [local_costmap.local_costmap]: Message Filter dropping message: frame 'laser' at time 1783018631.411 for reason 'the timestamp on the message is earlier than all the data in the transform cache'
[INFO] [1783018675.195727530] [controller_server]: Received a goal, begin computing control effort.
[INFO] [1783018676.296219945] [controller_server]: Passing new path to controller.
[INFO] [1783018677.296068068] [controller_server]: Passing new path to controller.
[INFO] [1783018679.326041882] [local_costmap.local_costmap]: Received request to clear entirely the local_costmap
[INFO] [1783018679.395927585] [controller_server]: Cancellation was successful. Stopping the robot.
[INFO] [1783018679.396015438] [controller_server]: [follow_path] [ActionServer] Client requested to cancel the goal. Cancelling.
[INFO] [1783018697.119315520] [local_costmap.local_costmap]: Received request to clear entirely the local_costmap
[INFO] [1783018697.999845623] [controller_server]: Received a goal, begin computing control effort.
[WARN] [1783018698.603475243] [controller_server]: RegulatedPurePursuitController detected collision ahead!
[WARN] [1783018698.700644757] [controller_server]: RegulatedPurePursuitController detected collision ahead!
[WARN] [1783018698.800635786] [controller_server]: RegulatedPurePursuitController detected collision ahead!
[ERROR] [1783018698.800728268] [controller_server]: Controller patience exceeded
[WARN] [1783018698.800857398] [controller_server]: [follow_path] [ActionServer] Aborting handle.
[INFO] [1783018698.819545997] [local_costmap.local_costmap]: Received request to clear entirely the local_costmap
[INFO] [1783018698.820545262] [controller_server]: Received a goal, begin computing control effort.
[WARN] [1783018698.931278774] [controller_server]: RegulatedPurePursuitController detected collision ahead!
[WARN] [1783018698.931594849] [controller_server]: Control loop missed its desired rate of 10.0000 Hz. Current loop rate is 9.0157 Hz.
[WARN] [1783018698.932949375] [controller_server]: RegulatedPurePursuitController detected collision ahead!
[INFO] [1783018699.031736175] [controller_server]: Passing new path to controller.
[WARN] [1783018699.032532791] [controller_server]: RegulatedPurePursuitController detected collision ahead!
[WARN] [1783018699.132271596] [controller_server]: RegulatedPurePursuitController detected collision ahead!
[ERROR] [1783018699.132368856] [controller_server]: Controller patience exceeded
[WARN] [1783018699.132586598] [controller_server]: [follow_path] [ActionServer] Aborting handle.
[INFO] [1783018707.528814908] [rclcpp]: signal_handler(SIGINT/SIGTERM)
[INFO] [1783018707.528911057] [controller_server]: Running Nav2 LifecycleNode rcl preshutdown (controller_server)
[INFO] [1783018707.529172447] [controller_server]: Deactivating
[INFO] [1783018707.529245874] [controller_server]: Deactivating controller: FollowPath of type regulated_pure_pursuit_controller::RegulatedPurePursuitController
[INFO] [1783018707.529301763] [local_costmap.local_costmap]: Deactivating
[INFO] [1783018707.731177053] [controller_server]: Destroying bond (controller_server) to lifecycle manager.
[INFO] [1783018707.844340837] [controller_server]: Cleaning up
[INFO] [1783018707.844420671] [controller_server]: Cleaning up controller: FollowPath of type regulated_pure_pursuit_controller::RegulatedPurePursuitController
[INFO] [1783018707.850415480] [local_costmap.local_costmap]: Cleaning up
[INFO] [1783018709.341019089] [controller_server]: Destroying bond (controller_server) to lifecycle manager.
