[INFO] [1783995291.483924516] [controller_server]: 
	controller_server lifecycle node launched. 
	Waiting on external lifecycle transitions to activate
	See https://design.ros2.org/articles/node_lifecycle.html for more information.
[INFO] [1783995291.497192093] [controller_server]: Creating controller server
[INFO] [1783995291.982711703] [local_costmap.local_costmap]: 
	local_costmap lifecycle node launched. 
	Waiting on external lifecycle transitions to activate
	See https://design.ros2.org/articles/node_lifecycle.html for more information.
[INFO] [1783995291.992789558] [local_costmap.local_costmap]: Creating Costmap
[INFO] [1783995293.186657877] [controller_server]: Configuring controller interface
[INFO] [1783995293.186716396] [controller_server]: getting progress checker plugins..
[INFO] [1783995293.189350133] [controller_server]: getting goal checker plugins..
[INFO] [1783995293.190406713] [controller_server]: Controller frequency set to 10.0000Hz
[INFO] [1783995293.191515516] [local_costmap.local_costmap]: Configuring
[INFO] [1783995293.255023937] [local_costmap.local_costmap]: Using plugin "voxel_layer"
[INFO] [1783995293.288488408] [local_costmap.local_costmap]: Subscribed to Topics: scan
[INFO] [1783995293.422128825] [local_costmap.local_costmap]: Initialized plugin "voxel_layer"
[INFO] [1783995293.422233770] [local_costmap.local_costmap]: Using plugin "inflation_layer"
[INFO] [1783995293.430867838] [local_costmap.local_costmap]: Initialized plugin "inflation_layer"
[INFO] [1783995293.570744866] [controller_server]: Created progress_checker : progress_checker of type nav2_controller::SimpleProgressChecker
[INFO] [1783995293.579035432] [controller_server]: Controller Server has progress_checker  progress checkers available.
[INFO] [1783995293.587726631] [controller_server]: Created goal checker : general_goal_checker of type nav2_controller::SimpleGoalChecker
[INFO] [1783995293.590822019] [controller_server]: Controller Server has general_goal_checker  goal checkers available.
[INFO] [1783995293.601391154] [controller_server]: Created controller : FollowPath of type nav2_regulated_pure_pursuit_controller::RegulatedPurePursuitController
[INFO] [1783995293.635012810] [controller_server]: Controller Server has FollowPath  controllers available.
[INFO] [1783995296.173264019] [controller_server]: Activating
[INFO] [1783995296.173364094] [local_costmap.local_costmap]: Activating
[INFO] [1783995296.173389612] [local_costmap.local_costmap]: Checking transform
[INFO] [1783995296.174402396] [local_costmap.local_costmap]: start
[INFO] [1783995296.384849534] [controller_server]: Activating controller: FollowPath of type regulated_pure_pursuit_controller::RegulatedPurePursuitController
[INFO] [1783995296.384923979] [controller_server]: Creating bond (controller_server) to lifecycle manager.
[INFO] [1783995319.364782897] [controller_server]: Received a goal, begin computing control effort.
[WARN] [1783995319.364920620] [controller_server]: No goal checker was specified in parameter 'current_goal_checker'. Server will use only plugin loaded general_goal_checker . This warning will appear once.
[WARN] [1783995319.364997824] [controller_server]: No progress checker was specified in parameter 'current_progress_checker'. Server will use only plugin loaded progress_checker . This warning will appear once.
[INFO] [1783995320.466994318] [controller_server]: Passing new path to controller.
[INFO] [1783995321.465706513] [controller_server]: Passing new path to controller.
[INFO] [1783995322.466666666] [controller_server]: Passing new path to controller.
[INFO] [1783995323.568373547] [controller_server]: Passing new path to controller.
[INFO] [1783995324.570322706] [controller_server]: Passing new path to controller.
[INFO] [1783995325.566662350] [controller_server]: Passing new path to controller.
[INFO] [1783995326.565281027] [controller_server]: Passing new path to controller.
[INFO] [1783995327.669053494] [controller_server]: Passing new path to controller.
[INFO] [1783995328.666572423] [controller_server]: Passing new path to controller.
[INFO] [1783995329.665980937] [controller_server]: Passing new path to controller.
[INFO] [1783995330.765707529] [controller_server]: Passing new path to controller.
[INFO] [1783995331.765320081] [controller_server]: Passing new path to controller.
[INFO] [1783995332.769790440] [controller_server]: Passing new path to controller.
[INFO] [1783995333.868876213] [controller_server]: Passing new path to controller.
[INFO] [1783995334.866502661] [controller_server]: Passing new path to controller.
[INFO] [1783995335.867079664] [controller_server]: Passing new path to controller.
[INFO] [1783995336.967476315] [controller_server]: Passing new path to controller.
[INFO] [1783995337.966893607] [controller_server]: Passing new path to controller.
[INFO] [1783995338.965446320] [controller_server]: Passing new path to controller.
[WARN] [1783995339.867722793] [controller_server]: RegulatedPurePursuitController detected collision ahead!
[INFO] [1783995339.966086971] [controller_server]: Passing new path to controller.
[WARN] [1783995339.970421977] [controller_server]: RegulatedPurePursuitController detected collision ahead!
[WARN] [1783995340.470290893] [controller_server]: RegulatedPurePursuitController detected collision ahead!
[WARN] [1783995340.566077167] [controller_server]: RegulatedPurePursuitController detected collision ahead!
[WARN] [1783995340.770784975] [controller_server]: RegulatedPurePursuitController detected collision ahead!
[WARN] [1783995340.869735767] [controller_server]: RegulatedPurePursuitController detected collision ahead!
[INFO] [1783995341.065737025] [controller_server]: Passing new path to controller.
[WARN] [1783995341.178554008] [controller_server]: RegulatedPurePursuitController detected collision ahead!
[WARN] [1783995341.869459061] [controller_server]: RegulatedPurePursuitController detected collision ahead!
[WARN] [1783995341.967844072] [controller_server]: RegulatedPurePursuitController detected collision ahead!
[INFO] [1783995342.069699288] [controller_server]: Passing new path to controller.
[WARN] [1783995342.072300525] [controller_server]: RegulatedPurePursuitController detected collision ahead!
[WARN] [1783995342.970009750] [controller_server]: RegulatedPurePursuitController detected collision ahead!
[INFO] [1783995343.065277502] [controller_server]: Passing new path to controller.
[WARN] [1783995343.370294981] [controller_server]: RegulatedPurePursuitController detected collision ahead!
[WARN] [1783995343.677679844] [controller_server]: RegulatedPurePursuitController detected collision ahead!
[WARN] [1783995343.765964241] [controller_server]: RegulatedPurePursuitController detected collision ahead!
[INFO] [1783995344.165409060] [controller_server]: Passing new path to controller.
[WARN] [1783995344.468526138] [controller_server]: RegulatedPurePursuitController detected collision ahead!
[WARN] [1783995344.568181601] [controller_server]: RegulatedPurePursuitController detected collision ahead!
[WARN] [1783995344.873139227] [controller_server]: RegulatedPurePursuitController detected collision ahead!
[WARN] [1783995344.969063058] [controller_server]: RegulatedPurePursuitController detected collision ahead!
[INFO] [1783995345.167962759] [controller_server]: Passing new path to controller.
[WARN] [1783995345.274051221] [controller_server]: RegulatedPurePursuitController detected collision ahead!
[WARN] [1783995345.366136400] [controller_server]: RegulatedPurePursuitController detected collision ahead!
[WARN] [1783995345.873898509] [controller_server]: RegulatedPurePursuitController detected collision ahead!
[WARN] [1783995345.967678567] [controller_server]: RegulatedPurePursuitController detected collision ahead!
[INFO] [1783995346.665350177] [controller_server]: Cancellation was successful. Stopping the robot.
[INFO] [1783995346.665439715] [controller_server]: [follow_path] [ActionServer] Client requested to cancel the goal. Cancelling.
[INFO] [1783995346.671131951] [local_costmap.local_costmap]: Received request to clear entirely the local_costmap
[INFO] [1783995349.416023998] [controller_server]: Received a goal, begin computing control effort.
[INFO] [1783995350.516236389] [controller_server]: Passing new path to controller.
[INFO] [1783995351.516238777] [controller_server]: Passing new path to controller.
[INFO] [1783995352.516241610] [controller_server]: Passing new path to controller.
[INFO] [1783995353.616237444] [controller_server]: Passing new path to controller.
[INFO] [1783995354.616238998] [controller_server]: Passing new path to controller.
[INFO] [1783995355.616251460] [controller_server]: Passing new path to controller.
[INFO] [1783995356.616202867] [controller_server]: Passing new path to controller.
[INFO] [1783995357.716255553] [controller_server]: Passing new path to controller.
[WARN] [1783995357.916759948] [controller_server]: RegulatedPurePursuitController detected collision ahead!
[WARN] [1783995358.116740452] [controller_server]: RegulatedPurePursuitController detected collision ahead!
[WARN] [1783995358.216724490] [controller_server]: RegulatedPurePursuitController detected collision ahead!
[WARN] [1783995358.316780289] [controller_server]: RegulatedPurePursuitController detected collision ahead!
[ERROR] [1783995358.316882271] [controller_server]: Controller patience exceeded
[WARN] [1783995358.317017679] [controller_server]: [follow_path] [ActionServer] Aborting handle.
[INFO] [1783995358.335980696] [local_costmap.local_costmap]: Received request to clear entirely the local_costmap
[INFO] [1783995358.337169314] [controller_server]: Received a goal, begin computing control effort.
[WARN] [1783995358.389420077] [controller_server]: RegulatedPurePursuitController detected collision ahead!
[WARN] [1783995358.437948912] [controller_server]: RegulatedPurePursuitController detected collision ahead!
[WARN] [1783995358.537954396] [controller_server]: RegulatedPurePursuitController detected collision ahead!
[WARN] [1783995358.638707439] [controller_server]: RegulatedPurePursuitController detected collision ahead!
[ERROR] [1783995358.640024224] [controller_server]: Controller patience exceeded
[WARN] [1783995358.640215744] [controller_server]: [follow_path] [ActionServer] Aborting handle.
[INFO] [1783995358.657626752] [local_costmap.local_costmap]: Received request to clear entirely the local_costmap
[INFO] [1783995362.830011296] [controller_server]: Received a goal, begin computing control effort.
[INFO] [1783995363.930477411] [controller_server]: Passing new path to controller.
[INFO] [1783995364.930709430] [controller_server]: Passing new path to controller.
[INFO] [1783995366.732082895] [controller_server]: Passing new path to controller.
[WARN] [1783995366.836122976] [controller_server]: RegulatedPurePursuitController detected collision ahead!
[WARN] [1783995366.931721008] [controller_server]: RegulatedPurePursuitController detected collision ahead!
[WARN] [1783995367.033536261] [controller_server]: RegulatedPurePursuitController detected collision ahead!
[INFO] [1783995367.731627836] [controller_server]: Passing new path to controller.
[INFO] [1783995368.830626294] [controller_server]: Passing new path to controller.
[INFO] [1783995369.831499687] [controller_server]: Passing new path to controller.
[INFO] [1783995370.831503816] [controller_server]: Passing new path to controller.
[INFO] [1783995371.931664003] [controller_server]: Passing new path to controller.
[INFO] [1783995372.930335513] [controller_server]: Passing new path to controller.
[INFO] [1783995373.930519976] [controller_server]: Passing new path to controller.
[WARN] [1783995374.832041445] [controller_server]: RegulatedPurePursuitController detected collision ahead!
[INFO] [1783995374.932622654] [controller_server]: Passing new path to controller.
[WARN] [1783995374.933740068] [controller_server]: RegulatedPurePursuitController detected collision ahead!
[WARN] [1783995375.032657656] [controller_server]: RegulatedPurePursuitController detected collision ahead!
[ERROR] [1783995375.033394956] [controller_server]: Controller patience exceeded
[WARN] [1783995375.033818662] [controller_server]: [follow_path] [ActionServer] Aborting handle.
[INFO] [1783995375.047616686] [local_costmap.local_costmap]: Received request to clear entirely the local_costmap
[INFO] [1783995375.055595954] [controller_server]: Received a goal, begin computing control effort.
[WARN] [1783995375.177892436] [controller_server]: RegulatedPurePursuitController detected collision ahead!
[WARN] [1783995375.178192179] [controller_server]: Control loop missed its desired rate of 10.0000 Hz. Current loop rate is 8.1660 Hz.
[WARN] [1783995375.178964998] [controller_server]: RegulatedPurePursuitController detected collision ahead!
[WARN] [1783995375.279044741] [controller_server]: RegulatedPurePursuitController detected collision ahead!
[WARN] [1783995375.379029428] [controller_server]: RegulatedPurePursuitController detected collision ahead!
[ERROR] [1783995375.379102762] [controller_server]: Controller patience exceeded
[WARN] [1783995375.379266022] [controller_server]: [follow_path] [ActionServer] Aborting handle.
[INFO] [1783995375.395679413] [local_costmap.local_costmap]: Received request to clear entirely the local_costmap
[INFO] [1783995381.355966271] [controller_server]: Received a goal, begin computing control effort.
[INFO] [1783995382.456740110] [controller_server]: Passing new path to controller.
[INFO] [1783995383.456739813] [controller_server]: Passing new path to controller.
[WARN] [1783995383.957188972] [controller_server]: RegulatedPurePursuitController detected collision ahead!
[INFO] [1783995384.456734923] [controller_server]: Passing new path to controller.
[WARN] [1783995385.457271110] [controller_server]: RegulatedPurePursuitController detected collision ahead!
[INFO] [1783995385.556840480] [controller_server]: Passing new path to controller.
[WARN] [1783995385.558542286] [controller_server]: RegulatedPurePursuitController detected collision ahead!
[WARN] [1783995385.657147335] [controller_server]: RegulatedPurePursuitController detected collision ahead!
[ERROR] [1783995385.657226317] [controller_server]: Controller patience exceeded
[WARN] [1783995385.657372411] [controller_server]: [follow_path] [ActionServer] Aborting handle.
[INFO] [1783995385.676564040] [local_costmap.local_costmap]: Received request to clear entirely the local_costmap
[INFO] [1783995385.679856929] [controller_server]: Received a goal, begin computing control effort.
[WARN] [1783995385.782372075] [controller_server]: Control loop missed its desired rate of 10.0000 Hz. Current loop rate is 9.7648 Hz.
[WARN] [1783995385.883910289] [controller_server]: RegulatedPurePursuitController detected collision ahead!
[INFO] [1783995386.584345322] [controller_server]: Passing new path to controller.
[INFO] [1783995387.583379094] [controller_server]: Passing new path to controller.
[INFO] [1783995388.584101004] [controller_server]: Passing new path to controller.
[INFO] [1783995389.683435668] [controller_server]: Passing new path to controller.
[INFO] [1783995390.683521297] [controller_server]: Passing new path to controller.
[INFO] [1783995391.683738779] [controller_server]: Passing new path to controller.
[INFO] [1783995392.683970909] [controller_server]: Passing new path to controller.
[WARN] [1783995393.585195969] [controller_server]: RegulatedPurePursuitController detected collision ahead!
[WARN] [1783995393.684458837] [controller_server]: RegulatedPurePursuitController detected collision ahead!
[INFO] [1783995393.783568074] [controller_server]: Passing new path to controller.
[WARN] [1783995393.884066597] [controller_server]: RegulatedPurePursuitController detected collision ahead!
[WARN] [1783995393.985241976] [controller_server]: RegulatedPurePursuitController detected collision ahead!
[WARN] [1783995394.084200417] [controller_server]: RegulatedPurePursuitController detected collision ahead!
[ERROR] [1783995394.084849568] [controller_server]: Controller patience exceeded
[WARN] [1783995394.085195478] [controller_server]: [follow_path] [ActionServer] Aborting handle.
[INFO] [1783995394.105722448] [local_costmap.local_costmap]: Received request to clear entirely the local_costmap
[INFO] [1783995397.470045506] [controller_server]: Received a goal, begin computing control effort.
[INFO] [1783995398.570415176] [controller_server]: Passing new path to controller.
[INFO] [1783995400.556234222] [local_costmap.local_costmap]: Received request to clear entirely the local_costmap
[INFO] [1783995400.570446748] [controller_server]: Cancellation was successful. Stopping the robot.
[INFO] [1783995400.570858139] [controller_server]: [follow_path] [ActionServer] Client requested to cancel the goal. Cancelling.
[INFO] [1783995409.411617084] [controller_server]: Received a goal, begin computing control effort.
[WARN] [1783995410.419508814] [controller_server]: RegulatedPurePursuitController detected collision ahead!
[INFO] [1783995410.512388645] [controller_server]: Passing new path to controller.
[WARN] [1783995410.513510430] [controller_server]: RegulatedPurePursuitController detected collision ahead!
[WARN] [1783995410.713579508] [controller_server]: RegulatedPurePursuitController detected collision ahead!
[WARN] [1783995410.813009617] [controller_server]: RegulatedPurePursuitController detected collision ahead!
[WARN] [1783995410.912886581] [controller_server]: RegulatedPurePursuitController detected collision ahead!
[ERROR] [1783995410.912980045] [controller_server]: Controller patience exceeded
[WARN] [1783995410.913123508] [controller_server]: [follow_path] [ActionServer] Aborting handle.
[INFO] [1783995410.930836388] [local_costmap.local_costmap]: Received request to clear entirely the local_costmap
[INFO] [1783995410.938209931] [controller_server]: Received a goal, begin computing control effort.
[INFO] [1783995411.538462535] [controller_server]: Passing new path to controller.
[INFO] [1783995412.538444238] [controller_server]: Passing new path to controller.
[INFO] [1783995413.538464718] [controller_server]: Passing new path to controller.
[INFO] [1783995414.638638346] [controller_server]: Passing new path to controller.
[INFO] [1783995415.638469805] [controller_server]: Passing new path to controller.
[INFO] [1783995416.638650506] [controller_server]: Passing new path to controller.
[INFO] [1783995417.738472874] [controller_server]: Passing new path to controller.
[WARN] [1783995418.538928555] [controller_server]: RegulatedPurePursuitController detected collision ahead!
[INFO] [1783995418.738441555] [controller_server]: Passing new path to controller.
[WARN] [1783995418.838861948] [controller_server]: RegulatedPurePursuitController detected collision ahead!
[INFO] [1783995419.738471700] [controller_server]: Passing new path to controller.
[INFO] [1783995420.738466104] [controller_server]: Passing new path to controller.
[INFO] [1783995421.838462157] [controller_server]: Passing new path to controller.
[INFO] [1783995422.838460950] [controller_server]: Passing new path to controller.
[INFO] [1783995423.838463614] [controller_server]: Passing new path to controller.
[INFO] [1783995424.938444445] [controller_server]: Passing new path to controller.
[WARN] [1783995425.438932974] [controller_server]: RegulatedPurePursuitController detected collision ahead!
[WARN] [1783995425.539085754] [controller_server]: RegulatedPurePursuitController detected collision ahead!
[INFO] [1783995425.938443645] [controller_server]: Passing new path to controller.
[WARN] [1783995426.639338939] [controller_server]: RegulatedPurePursuitController detected collision ahead!
[WARN] [1783995426.739167013] [controller_server]: RegulatedPurePursuitController detected collision ahead!
[WARN] [1783995426.839256626] [controller_server]: RegulatedPurePursuitController detected collision ahead!
[ERROR] [1783995426.839368479] [controller_server]: Controller patience exceeded
[WARN] [1783995426.839511480] [controller_server]: [follow_path] [ActionServer] Aborting handle.
[INFO] [1783995426.862197055] [local_costmap.local_costmap]: Received request to clear entirely the local_costmap
[INFO] [1783995431.610601386] [controller_server]: Received a goal, begin computing control effort.
[INFO] [1783995432.711405555] [controller_server]: Passing new path to controller.
[INFO] [1783995433.711826609] [controller_server]: Passing new path to controller.
[INFO] [1783995434.711101028] [controller_server]: Passing new path to controller.
[INFO] [1783995435.811202563] [controller_server]: Passing new path to controller.
[INFO] [1783995436.811096948] [controller_server]: Passing new path to controller.
[INFO] [1783995437.811851782] [controller_server]: Passing new path to controller.
[WARN] [1783995438.511937534] [controller_server]: RegulatedPurePursuitController detected collision ahead!
[WARN] [1783995438.811483721] [controller_server]: RegulatedPurePursuitController detected collision ahead!
[INFO] [1783995438.910912683] [controller_server]: Passing new path to controller.
[WARN] [1783995439.011718041] [controller_server]: RegulatedPurePursuitController detected collision ahead!
[WARN] [1783995439.112528973] [controller_server]: RegulatedPurePursuitController detected collision ahead!
[WARN] [1783995439.711670532] [controller_server]: RegulatedPurePursuitController detected collision ahead!
[WARN] [1783995440.112361542] [controller_server]: RegulatedPurePursuitController detected collision ahead!
[WARN] [1783995440.211878448] [controller_server]: RegulatedPurePursuitController detected collision ahead!
[WARN] [1783995440.312860826] [controller_server]: RegulatedPurePursuitController detected collision ahead!
[ERROR] [1783995440.312942382] [controller_server]: Controller patience exceeded
[WARN] [1783995440.313062827] [controller_server]: [follow_path] [ActionServer] Aborting handle.
[INFO] [1783995440.333529686] [local_costmap.local_costmap]: Received request to clear entirely the local_costmap
[INFO] [1783995440.335994052] [controller_server]: Received a goal, begin computing control effort.
[ERROR] [1783995440.336129330] [controller_server]: Path is empty.
[WARN] [1783995440.336329757] [controller_server]: [follow_path] [ActionServer] Aborting handle.
[INFO] [1783995887.969850325] [rclcpp]: signal_handler(SIGINT/SIGTERM)
[INFO] [1783995887.969921715] [controller_server]: Running Nav2 LifecycleNode rcl preshutdown (controller_server)
[INFO] [1783995887.970028308] [controller_server]: Deactivating
[INFO] [1783995887.970070567] [controller_server]: Deactivating controller: FollowPath of type regulated_pure_pursuit_controller::RegulatedPurePursuitController
[INFO] [1783995887.970729330] [local_costmap.local_costmap]: Deactivating
[INFO] [1783995887.975776397] [controller_server]: Destroying bond (controller_server) to lifecycle manager.
[INFO] [1783995887.999327865] [controller_server]: Cleaning up
[INFO] [1783995887.999423366] [controller_server]: Cleaning up controller: FollowPath of type regulated_pure_pursuit_controller::RegulatedPurePursuitController
[INFO] [1783995887.999583404] [local_costmap.local_costmap]: Cleaning up
[INFO] [1783995888.662832055] [controller_server]: Destroying bond (controller_server) to lifecycle manager.
