[INFO] [1786094829.485748340] [lifecycle_manager_navigation]: Creating
[INFO] [1786094829.580271466] [lifecycle_manager_navigation]: [34m[1mCreating and initializing lifecycle service clients[0m[0m
[INFO] [1786094830.135876621] [lifecycle_manager_navigation]: [34m[1mStarting managed nodes bringup...[0m[0m
[INFO] [1786094830.136298827] [lifecycle_manager_navigation]: [34m[1mConfiguring controller_server[0m[0m
[INFO] [1786094830.530862179] [lifecycle_manager_navigation]: [34m[1mConfiguring planner_server[0m[0m
[INFO] [1786094830.761762103] [lifecycle_manager_navigation]: [34m[1mConfiguring behavior_server[0m[0m
[INFO] [1786094831.354459441] [lifecycle_manager_navigation]: [34m[1mConfiguring bt_navigator[0m[0m
[INFO] [1786094832.099491053] [lifecycle_manager_navigation]: [34m[1mConfiguring velocity_smoother[0m[0m
[INFO] [1786094832.146439734] [lifecycle_manager_navigation]: [34m[1mConfiguring collision_monitor[0m[0m
[INFO] [1786094832.318915044] [lifecycle_manager_navigation]: [34m[1mActivating controller_server[0m[0m
[INFO] [1786094832.770117111] [lifecycle_manager_navigation]: Server controller_server connected with bond.
[INFO] [1786094832.770226316] [lifecycle_manager_navigation]: [34m[1mActivating planner_server[0m[0m
[INFO] [1786094833.101789602] [lifecycle_manager_navigation]: Server planner_server connected with bond.
[INFO] [1786094833.101884807] [lifecycle_manager_navigation]: [34m[1mActivating behavior_server[0m[0m
[INFO] [1786094833.221091122] [lifecycle_manager_navigation]: Server behavior_server connected with bond.
[INFO] [1786094833.221165215] [lifecycle_manager_navigation]: [34m[1mActivating bt_navigator[0m[0m
[INFO] [1786094833.684414256] [lifecycle_manager_navigation]: Server bt_navigator connected with bond.
[INFO] [1786094833.684501201] [lifecycle_manager_navigation]: [34m[1mActivating velocity_smoother[0m[0m
[INFO] [1786094833.812742381] [lifecycle_manager_navigation]: Server velocity_smoother connected with bond.
[INFO] [1786094833.812817177] [lifecycle_manager_navigation]: [34m[1mActivating collision_monitor[0m[0m
[INFO] [1786094833.934146375] [lifecycle_manager_navigation]: Server collision_monitor connected with bond.
[INFO] [1786094833.934667378] [lifecycle_manager_navigation]: [34m[1mManaged nodes are active[0m[0m
[INFO] [1786094833.934753841] [lifecycle_manager_navigation]: [34m[1mCreating bond timer...[0m[0m
[INFO] [1786094853.093046835] [rclcpp]: signal_handler(SIGINT/SIGTERM)
[INFO] [1786094853.094017396] [lifecycle_manager_navigation]: Running Nav2 LifecycleManager rcl preshutdown (lifecycle_manager_navigation)
[INFO] [1786094853.094116026] [lifecycle_manager_navigation]: [34m[1mTerminating bond timer...[0m[0m
