[INFO] [1784076231.983509266] [lifecycle_manager_navigation]: Creating
[INFO] [1784076232.038219248] [lifecycle_manager_navigation]: [34m[1mCreating and initializing lifecycle service clients[0m[0m
[INFO] [1784076233.443588134] [lifecycle_manager_navigation]: [34m[1mStarting managed nodes bringup...[0m[0m
[INFO] [1784076233.443670061] [lifecycle_manager_navigation]: [34m[1mConfiguring controller_server[0m[0m
[INFO] [1784076233.847850921] [lifecycle_manager_navigation]: [34m[1mConfiguring smoother_server[0m[0m
[INFO] [1784076233.969147709] [lifecycle_manager_navigation]: [34m[1mConfiguring planner_server[0m[0m
[INFO] [1784076234.319772426] [lifecycle_manager_navigation]: [34m[1mConfiguring route_server[0m[0m
[INFO] [1784076234.602571109] [lifecycle_manager_navigation]: [34m[1mConfiguring behavior_server[0m[0m
[INFO] [1784076234.880419043] [lifecycle_manager_navigation]: [34m[1mConfiguring velocity_smoother[0m[0m
[INFO] [1784076234.917067001] [lifecycle_manager_navigation]: [34m[1mConfiguring collision_monitor[0m[0m
[INFO] [1784076235.062954626] [lifecycle_manager_navigation]: [34m[1mConfiguring bt_navigator[0m[0m
[INFO] [1784076236.070331260] [lifecycle_manager_navigation]: [34m[1mConfiguring waypoint_follower[0m[0m
[INFO] [1784076236.245546618] [lifecycle_manager_navigation]: [34m[1mConfiguring docking_server[0m[0m
[INFO] [1784076236.539371157] [lifecycle_manager_navigation]: [34m[1mActivating controller_server[0m[0m
[INFO] [1784076236.863787899] [lifecycle_manager_navigation]: Server controller_server connected with bond.
[INFO] [1784076236.864141716] [lifecycle_manager_navigation]: [34m[1mActivating smoother_server[0m[0m
[INFO] [1784076236.981361649] [lifecycle_manager_navigation]: Server smoother_server connected with bond.
[INFO] [1784076236.981430260] [lifecycle_manager_navigation]: [34m[1mActivating planner_server[0m[0m
[INFO] [1784076239.201278900] [lifecycle_manager_navigation]: Server planner_server connected with bond.
[INFO] [1784076239.202397702] [lifecycle_manager_navigation]: [34m[1mActivating route_server[0m[0m
[INFO] [1784076239.320370361] [lifecycle_manager_navigation]: Server route_server connected with bond.
[INFO] [1784076239.320442232] [lifecycle_manager_navigation]: [34m[1mActivating behavior_server[0m[0m
[INFO] [1784076239.459816340] [lifecycle_manager_navigation]: Server behavior_server connected with bond.
[INFO] [1784076239.459907785] [lifecycle_manager_navigation]: [34m[1mActivating velocity_smoother[0m[0m
[INFO] [1784076239.590509031] [lifecycle_manager_navigation]: Server velocity_smoother connected with bond.
[INFO] [1784076239.590608661] [lifecycle_manager_navigation]: [34m[1mActivating collision_monitor[0m[0m
[INFO] [1784076239.735292131] [lifecycle_manager_navigation]: Server collision_monitor connected with bond.
[INFO] [1784076239.735396095] [lifecycle_manager_navigation]: [34m[1mActivating bt_navigator[0m[0m
[INFO] [1784076240.428795895] [lifecycle_manager_navigation]: Server bt_navigator connected with bond.
[INFO] [1784076240.428878599] [lifecycle_manager_navigation]: [34m[1mActivating waypoint_follower[0m[0m
[INFO] [1784076240.599505914] [lifecycle_manager_navigation]: Server waypoint_follower connected with bond.
[INFO] [1784076240.599608748] [lifecycle_manager_navigation]: [34m[1mActivating docking_server[0m[0m
[INFO] [1784076240.966928945] [lifecycle_manager_navigation]: Server docking_server connected with bond.
[INFO] [1784076240.967023779] [lifecycle_manager_navigation]: [34m[1mManaged nodes are active[0m[0m
[INFO] [1784076240.967046483] [lifecycle_manager_navigation]: [34m[1mCreating bond timer...[0m[0m
[INFO] [1784076934.206678918] [rclcpp]: signal_handler(SIGINT/SIGTERM)
[INFO] [1784076934.206865549] [lifecycle_manager_navigation]: Running Nav2 LifecycleManager rcl preshutdown (lifecycle_manager_navigation)
[INFO] [1784076934.206964401] [lifecycle_manager_navigation]: [34m[1mTerminating bond timer...[0m[0m
