[INFO] [1784077016.512950681] [lifecycle_manager_navigation]: Creating
[INFO] [1784077016.589537374] [lifecycle_manager_navigation]: [34m[1mCreating and initializing lifecycle service clients[0m[0m
[INFO] [1784077018.577003102] [lifecycle_manager_navigation]: [34m[1mStarting managed nodes bringup...[0m[0m
[INFO] [1784077018.577109529] [lifecycle_manager_navigation]: [34m[1mConfiguring controller_server[0m[0m
[INFO] [1784077019.558913254] [lifecycle_manager_navigation]: [34m[1mConfiguring smoother_server[0m[0m
[INFO] [1784077019.765151167] [lifecycle_manager_navigation]: [34m[1mConfiguring planner_server[0m[0m
[INFO] [1784077020.327771085] [lifecycle_manager_navigation]: [34m[1mConfiguring route_server[0m[0m
[INFO] [1784077020.750365115] [lifecycle_manager_navigation]: [34m[1mConfiguring behavior_server[0m[0m
[INFO] [1784077021.155381735] [lifecycle_manager_navigation]: [34m[1mConfiguring velocity_smoother[0m[0m
[INFO] [1784077021.224700907] [lifecycle_manager_navigation]: [34m[1mConfiguring collision_monitor[0m[0m
[INFO] [1784077021.348437355] [lifecycle_manager_navigation]: [34m[1mConfiguring bt_navigator[0m[0m
[INFO] [1784077021.785067090] [lifecycle_manager_navigation]: [34m[1mConfiguring waypoint_follower[0m[0m
[INFO] [1784077021.914035826] [lifecycle_manager_navigation]: [34m[1mConfiguring docking_server[0m[0m
[INFO] [1784077022.115603417] [lifecycle_manager_navigation]: [34m[1mActivating controller_server[0m[0m
[INFO] [1784077022.437762755] [lifecycle_manager_navigation]: Server controller_server connected with bond.
[INFO] [1784077022.437829552] [lifecycle_manager_navigation]: [34m[1mActivating smoother_server[0m[0m
[INFO] [1784077022.552762878] [lifecycle_manager_navigation]: Server smoother_server connected with bond.
[INFO] [1784077022.552828582] [lifecycle_manager_navigation]: [34m[1mActivating planner_server[0m[0m
[INFO] [1784077024.727674233] [lifecycle_manager_navigation]: Server planner_server connected with bond.
[INFO] [1784077024.727740807] [lifecycle_manager_navigation]: [34m[1mActivating route_server[0m[0m
[INFO] [1784077024.846437524] [lifecycle_manager_navigation]: Server route_server connected with bond.
[INFO] [1784077024.846507432] [lifecycle_manager_navigation]: [34m[1mActivating behavior_server[0m[0m
[INFO] [1784077024.968386629] [lifecycle_manager_navigation]: Server behavior_server connected with bond.
[INFO] [1784077024.968462185] [lifecycle_manager_navigation]: [34m[1mActivating velocity_smoother[0m[0m
[INFO] [1784077025.085219966] [lifecycle_manager_navigation]: Server velocity_smoother connected with bond.
[INFO] [1784077025.085295818] [lifecycle_manager_navigation]: [34m[1mActivating collision_monitor[0m[0m
[INFO] [1784077025.212992584] [lifecycle_manager_navigation]: Server collision_monitor connected with bond.
[INFO] [1784077025.213087325] [lifecycle_manager_navigation]: [34m[1mActivating bt_navigator[0m[0m
[INFO] [1784077025.931677717] [lifecycle_manager_navigation]: Server bt_navigator connected with bond.
[INFO] [1784077025.931752495] [lifecycle_manager_navigation]: [34m[1mActivating waypoint_follower[0m[0m
[INFO] [1784077026.055007570] [lifecycle_manager_navigation]: Server waypoint_follower connected with bond.
[INFO] [1784077026.055080052] [lifecycle_manager_navigation]: [34m[1mActivating docking_server[0m[0m
[INFO] [1784077026.249157437] [lifecycle_manager_navigation]: Server docking_server connected with bond.
[INFO] [1784077026.249238641] [lifecycle_manager_navigation]: [34m[1mManaged nodes are active[0m[0m
[INFO] [1784077026.249266400] [lifecycle_manager_navigation]: [34m[1mCreating bond timer...[0m[0m
[INFO] [1784077695.571091791] [rclcpp]: signal_handler(SIGINT/SIGTERM)
[INFO] [1784077695.571239847] [lifecycle_manager_navigation]: Running Nav2 LifecycleManager rcl preshutdown (lifecycle_manager_navigation)
[INFO] [1784077695.571323052] [lifecycle_manager_navigation]: [34m[1mTerminating bond timer...[0m[0m
