[INFO] [1785296761.765635788] [lifecycle_manager_navigation]: Creating
[INFO] [1785296761.818539731] [lifecycle_manager_navigation]: [34m[1mCreating and initializing lifecycle service clients[0m[0m
[INFO] [1785296762.697914857] [lifecycle_manager_navigation]: [34m[1mStarting managed nodes bringup...[0m[0m
[INFO] [1785296762.697995950] [lifecycle_manager_navigation]: [34m[1mConfiguring controller_server[0m[0m
[INFO] [1785296764.977007457] [lifecycle_manager_navigation]: [34m[1mConfiguring smoother_server[0m[0m
[INFO] [1785296765.034035645] [lifecycle_manager_navigation]: [34m[1mConfiguring planner_server[0m[0m
[INFO] [1785296776.479022233] [lifecycle_manager_navigation]: [34m[1mConfiguring route_server[0m[0m
[INFO] [1785296776.685584829] [lifecycle_manager_navigation]: [34m[1mConfiguring behavior_server[0m[0m
[INFO] [1785296776.939705191] [lifecycle_manager_navigation]: [34m[1mConfiguring velocity_smoother[0m[0m
[INFO] [1785296776.955212888] [lifecycle_manager_navigation]: [34m[1mConfiguring collision_monitor[0m[0m
[INFO] [1785296777.049429728] [lifecycle_manager_navigation]: [34m[1mConfiguring bt_navigator[0m[0m
[INFO] [1785296777.568452697] [lifecycle_manager_navigation]: [34m[1mConfiguring waypoint_follower[0m[0m
[INFO] [1785296777.671619902] [lifecycle_manager_navigation]: [34m[1mConfiguring docking_server[0m[0m
[INFO] [1785296777.818610981] [lifecycle_manager_navigation]: [34m[1mActivating controller_server[0m[0m
[INFO] [1785296778.147552501] [lifecycle_manager_navigation]: Server controller_server connected with bond.
[INFO] [1785296778.147639890] [lifecycle_manager_navigation]: [34m[1mActivating smoother_server[0m[0m
[INFO] [1785296778.260950263] [lifecycle_manager_navigation]: Server smoother_server connected with bond.
[INFO] [1785296778.261018874] [lifecycle_manager_navigation]: [34m[1mActivating planner_server[0m[0m
[INFO] [1785296899.133883682] [rclcpp]: signal_handler(SIGINT/SIGTERM)
[INFO] [1785296899.134054146] [lifecycle_manager_navigation]: Running Nav2 LifecycleManager rcl preshutdown (lifecycle_manager_navigation)
