[INFO] [1785294053.310629569] [lifecycle_manager_localization]: Creating
[INFO] [1785294053.326841658] [lifecycle_manager_localization]: [34m[1mCreating and initializing lifecycle service clients[0m[0m
[INFO] [1785294053.842753543] [lifecycle_manager_localization]: [34m[1mStarting managed nodes bringup...[0m[0m
[INFO] [1785294053.842840265] [lifecycle_manager_localization]: [34m[1mConfiguring map_server[0m[0m
[INFO] [1785294054.121549960] [lifecycle_manager_localization]: [34m[1mConfiguring amcl[0m[0m
[INFO] [1785294054.171553790] [lifecycle_manager_localization]: [34m[1mActivating map_server[0m[0m
[INFO] [1785294057.645962693] [lifecycle_manager_localization]: Server map_server connected with bond.
[INFO] [1785294057.646032564] [lifecycle_manager_localization]: [34m[1mActivating amcl[0m[0m
[INFO] [1785294057.758353439] [lifecycle_manager_localization]: Server amcl connected with bond.
[INFO] [1785294057.758466069] [lifecycle_manager_localization]: [34m[1mManaged nodes are active[0m[0m
[INFO] [1785294057.758494236] [lifecycle_manager_localization]: [34m[1mCreating bond timer...[0m[0m
[INFO] [1785294675.958645246] [lifecycle_manager_localization]: [34m[1mHave not received a heartbeat from amcl.[0m[0m
[ERROR] [1785294675.958727154] [lifecycle_manager_localization]: CRITICAL FAILURE: SERVER amcl IS DOWN after not receiving a heartbeat for 4000 ms. Shutting down related nodes.
[INFO] [1785294675.958795117] [lifecycle_manager_localization]: [34m[1mTerminating bond timer...[0m[0m
[INFO] [1785294675.958815414] [lifecycle_manager_localization]: [34m[1mResetting managed nodes...[0m[0m
[INFO] [1785294675.958832414] [lifecycle_manager_localization]: [34m[1mDeactivating amcl[0m[0m
[INFO] [1785294682.166111815] [lifecycle_manager_localization]: [34m[1mDeactivating map_server[0m[0m
[INFO] [1785294682.283177211] [lifecycle_manager_localization]: [34m[1mCleaning up amcl[0m[0m
[INFO] [1785294682.468749604] [lifecycle_manager_localization]: [34m[1mCleaning up map_server[0m[0m
[INFO] [1785294682.477425822] [lifecycle_manager_localization]: [34m[1mManaged nodes have been reset[0m[0m
[INFO] [1785294683.478559460] [lifecycle_manager_localization]: [34m[1mSuccessfully re-established connections from server respawns, starting back up.[0m[0m
[INFO] [1785294683.478614812] [lifecycle_manager_localization]: [34m[1mStarting managed nodes bringup...[0m[0m
[INFO] [1785294683.478633516] [lifecycle_manager_localization]: [34m[1mConfiguring map_server[0m[0m
[INFO] [1785294683.578694496] [lifecycle_manager_localization]: [34m[1mConfiguring amcl[0m[0m
[INFO] [1785294684.032504881] [lifecycle_manager_localization]: [34m[1mActivating map_server[0m[0m
[INFO] [1785294692.977163995] [lifecycle_manager_localization]: Server map_server connected with bond.
[INFO] [1785294692.977250940] [lifecycle_manager_localization]: [34m[1mActivating amcl[0m[0m
[INFO] [1785294693.093667350] [lifecycle_manager_localization]: Server amcl connected with bond.
[INFO] [1785294693.093738666] [lifecycle_manager_localization]: [34m[1mManaged nodes are active[0m[0m
[INFO] [1785294693.093760888] [lifecycle_manager_localization]: [34m[1mCreating bond timer...[0m[0m
[INFO] [1785294740.093877338] [lifecycle_manager_localization]: [34m[1mHave not received a heartbeat from map_server.[0m[0m
[ERROR] [1785294740.093942857] [lifecycle_manager_localization]: CRITICAL FAILURE: SERVER map_server IS DOWN after not receiving a heartbeat for 4000 ms. Shutting down related nodes.
[INFO] [1785294740.094006154] [lifecycle_manager_localization]: [34m[1mTerminating bond timer...[0m[0m
[INFO] [1785294740.094023265] [lifecycle_manager_localization]: [34m[1mResetting managed nodes...[0m[0m
[INFO] [1785294740.094036432] [lifecycle_manager_localization]: [34m[1mDeactivating amcl[0m[0m
[INFO] [1785294749.475767110] [lifecycle_manager_localization]: [34m[1mDeactivating map_server[0m[0m
[INFO] [1785294775.439002641] [lifecycle_manager_localization]: [34m[1mCleaning up amcl[0m[0m
[INFO] [1785294781.757236235] [lifecycle_manager_localization]: [34m[1mCleaning up map_server[0m[0m
[INFO] [1785294781.772321546] [lifecycle_manager_localization]: [34m[1mManaged nodes have been reset[0m[0m
[INFO] [1785294782.773482999] [lifecycle_manager_localization]: [34m[1mSuccessfully re-established connections from server respawns, starting back up.[0m[0m
[INFO] [1785294782.773543778] [lifecycle_manager_localization]: [34m[1mStarting managed nodes bringup...[0m[0m
[INFO] [1785294782.773564148] [lifecycle_manager_localization]: [34m[1mConfiguring map_server[0m[0m
[INFO] [1785294782.875434324] [lifecycle_manager_localization]: [34m[1mConfiguring amcl[0m[0m
[INFO] [1785294795.012149245] [lifecycle_manager_localization]: [34m[1mActivating map_server[0m[0m
[INFO] [1785294801.962364777] [lifecycle_manager_localization]: Server map_server connected with bond.
[INFO] [1785294801.962430426] [lifecycle_manager_localization]: [34m[1mActivating amcl[0m[0m
[INFO] [1785294802.080079640] [lifecycle_manager_localization]: Server amcl connected with bond.
[INFO] [1785294802.080144492] [lifecycle_manager_localization]: [34m[1mManaged nodes are active[0m[0m
[INFO] [1785294802.080164640] [lifecycle_manager_localization]: [34m[1mCreating bond timer...[0m[0m
[INFO] [1785294854.480271296] [lifecycle_manager_localization]: [34m[1mHave not received a heartbeat from map_server.[0m[0m
[ERROR] [1785294854.480334852] [lifecycle_manager_localization]: CRITICAL FAILURE: SERVER map_server IS DOWN after not receiving a heartbeat for 4000 ms. Shutting down related nodes.
[INFO] [1785294854.480390649] [lifecycle_manager_localization]: [34m[1mTerminating bond timer...[0m[0m
[INFO] [1785294854.480407426] [lifecycle_manager_localization]: [34m[1mResetting managed nodes...[0m[0m
[INFO] [1785294854.480421982] [lifecycle_manager_localization]: [34m[1mDeactivating amcl[0m[0m
[INFO] [1785294855.560206677] [lifecycle_manager_localization]: [34m[1mDeactivating map_server[0m[0m
[INFO] [1785294855.675636545] [lifecycle_manager_localization]: [34m[1mCleaning up amcl[0m[0m
[INFO] [1785294855.700616896] [lifecycle_manager_localization]: [34m[1mCleaning up map_server[0m[0m
[INFO] [1785294855.709571597] [lifecycle_manager_localization]: [34m[1mManaged nodes have been reset[0m[0m
[INFO] [1785294856.711024496] [lifecycle_manager_localization]: [34m[1mSuccessfully re-established connections from server respawns, starting back up.[0m[0m
[INFO] [1785294856.711092793] [lifecycle_manager_localization]: [34m[1mStarting managed nodes bringup...[0m[0m
[INFO] [1785294856.711116515] [lifecycle_manager_localization]: [34m[1mConfiguring map_server[0m[0m
[INFO] [1785294856.814474348] [lifecycle_manager_localization]: [34m[1mConfiguring amcl[0m[0m
[INFO] [1785294856.848987645] [lifecycle_manager_localization]: [34m[1mActivating map_server[0m[0m
[INFO] [1785294856.966658970] [lifecycle_manager_localization]: Server map_server connected with bond.
[INFO] [1785294856.966726378] [lifecycle_manager_localization]: [34m[1mActivating amcl[0m[0m
[INFO] [1785294857.079997399] [lifecycle_manager_localization]: Server amcl connected with bond.
[INFO] [1785294857.080067936] [lifecycle_manager_localization]: [34m[1mManaged nodes are active[0m[0m
[INFO] [1785294857.080089955] [lifecycle_manager_localization]: [34m[1mCreating bond timer...[0m[0m
[INFO] [1785294910.880287495] [lifecycle_manager_localization]: [34m[1mHave not received a heartbeat from amcl.[0m[0m
[ERROR] [1785294910.880887851] [lifecycle_manager_localization]: CRITICAL FAILURE: SERVER amcl IS DOWN after not receiving a heartbeat for 4000 ms. Shutting down related nodes.
[INFO] [1785294910.882172303] [lifecycle_manager_localization]: [34m[1mTerminating bond timer...[0m[0m
[INFO] [1785294910.882215192] [lifecycle_manager_localization]: [34m[1mResetting managed nodes...[0m[0m
[INFO] [1785294910.882232544] [lifecycle_manager_localization]: [34m[1mDeactivating amcl[0m[0m
[INFO] [1785294922.456771772] [lifecycle_manager_localization]: [34m[1mDeactivating map_server[0m[0m
[INFO] [1785294922.571572525] [lifecycle_manager_localization]: [34m[1mCleaning up amcl[0m[0m
[INFO] [1785294922.591174752] [lifecycle_manager_localization]: [34m[1mCleaning up map_server[0m[0m
[INFO] [1785294922.599568912] [lifecycle_manager_localization]: [34m[1mManaged nodes have been reset[0m[0m
[INFO] [1785294923.600697569] [lifecycle_manager_localization]: [34m[1mSuccessfully re-established connections from server respawns, starting back up.[0m[0m
[INFO] [1785294923.600758773] [lifecycle_manager_localization]: [34m[1mStarting managed nodes bringup...[0m[0m
[INFO] [1785294923.600777810] [lifecycle_manager_localization]: [34m[1mConfiguring map_server[0m[0m
[INFO] [1785294923.700145730] [lifecycle_manager_localization]: [34m[1mConfiguring amcl[0m[0m
[INFO] [1785294924.067666013] [lifecycle_manager_localization]: [34m[1mActivating map_server[0m[0m
[ERROR] [1785294941.979631412] [lifecycle_manager_localization]: Server map_server was unable to be reached after 4.00s by bond. This server may be misconfigured.
[ERROR] [1785294941.979845006] [lifecycle_manager_localization]: Failed to bring up all requested nodes. Aborting bringup.
