[INFO] [1786038773.436331571] [lifecycle_manager_navigation]: Creating
[INFO] [1786038773.594995022] [lifecycle_manager_navigation]: [34m[1mCreating and initializing lifecycle service clients[0m[0m
[INFO] [1786038773.714810296] [lifecycle_manager_navigation]: [34m[1mStarting managed nodes bringup...[0m[0m
[INFO] [1786038773.714922723] [lifecycle_manager_navigation]: [34m[1mConfiguring controller_server[0m[0m
[INFO] [1786038774.051417880] [lifecycle_manager_navigation]: [34m[1mConfiguring planner_server[0m[0m
[INFO] [1786038774.822682238] [lifecycle_manager_navigation]: [34m[1mConfiguring behavior_server[0m[0m
[INFO] [1786038775.004678837] [lifecycle_manager_navigation]: [34m[1mConfiguring bt_navigator[0m[0m
[INFO] [1786038775.286851619] [lifecycle_manager_navigation]: [34m[1mConfiguring velocity_smoother[0m[0m
[INFO] [1786038775.319822672] [lifecycle_manager_navigation]: [34m[1mConfiguring collision_monitor[0m[0m
[INFO] [1786038775.458232067] [lifecycle_manager_navigation]: [34m[1mActivating controller_server[0m[0m
[INFO] [1786038775.793652163] [lifecycle_manager_navigation]: Server controller_server connected with bond.
[INFO] [1786038775.793735774] [lifecycle_manager_navigation]: [34m[1mActivating planner_server[0m[0m
[INFO] [1786038780.321351498] [lifecycle_manager_navigation]: Server planner_server connected with bond.
[INFO] [1786038780.321459795] [lifecycle_manager_navigation]: [34m[1mActivating behavior_server[0m[0m
[INFO] [1786038780.431379199] [lifecycle_manager_navigation]: Server behavior_server connected with bond.
[INFO] [1786038780.431455126] [lifecycle_manager_navigation]: [34m[1mActivating bt_navigator[0m[0m
[INFO] [1786038780.895290894] [lifecycle_manager_navigation]: Server bt_navigator connected with bond.
[INFO] [1786038780.895391451] [lifecycle_manager_navigation]: [34m[1mActivating velocity_smoother[0m[0m
[INFO] [1786038781.013136287] [lifecycle_manager_navigation]: Server velocity_smoother connected with bond.
[INFO] [1786038781.013211695] [lifecycle_manager_navigation]: [34m[1mActivating collision_monitor[0m[0m
[INFO] [1786038781.135874317] [lifecycle_manager_navigation]: Server collision_monitor connected with bond.
[INFO] [1786038781.135946022] [lifecycle_manager_navigation]: [34m[1mManaged nodes are active[0m[0m
[INFO] [1786038781.135994744] [lifecycle_manager_navigation]: [34m[1mCreating bond timer...[0m[0m
[INFO] [1786038866.543807102] [rclcpp]: signal_handler(SIGINT/SIGTERM)
[INFO] [1786038866.543912565] [lifecycle_manager_navigation]: Running Nav2 LifecycleManager rcl preshutdown (lifecycle_manager_navigation)
[INFO] [1786038866.543971306] [lifecycle_manager_navigation]: [34m[1mTerminating bond timer...[0m[0m
