[INFO] [1784073377.771192343] [lifecycle_manager_navigation]: Creating
[INFO] [1784073377.877864099] [lifecycle_manager_navigation]: [34m[1mCreating and initializing lifecycle service clients[0m[0m
[INFO] [1784073379.284931327] [lifecycle_manager_navigation]: [34m[1mStarting managed nodes bringup...[0m[0m
[INFO] [1784073379.285035476] [lifecycle_manager_navigation]: [34m[1mConfiguring controller_server[0m[0m
[INFO] [1784073379.916949822] [lifecycle_manager_navigation]: [34m[1mConfiguring smoother_server[0m[0m
[INFO] [1784073380.114782001] [lifecycle_manager_navigation]: [34m[1mConfiguring planner_server[0m[0m
[INFO] [1784073380.666557678] [lifecycle_manager_navigation]: [34m[1mConfiguring route_server[0m[0m
[INFO] [1784073381.183484563] [lifecycle_manager_navigation]: [34m[1mConfiguring behavior_server[0m[0m
[INFO] [1784073381.500292407] [lifecycle_manager_navigation]: [34m[1mConfiguring velocity_smoother[0m[0m
[INFO] [1784073381.536585076] [lifecycle_manager_navigation]: [34m[1mConfiguring collision_monitor[0m[0m
[INFO] [1784073381.648714319] [lifecycle_manager_navigation]: [34m[1mConfiguring bt_navigator[0m[0m
[INFO] [1784073382.070516651] [lifecycle_manager_navigation]: [34m[1mConfiguring waypoint_follower[0m[0m
[INFO] [1784073382.193298481] [lifecycle_manager_navigation]: [34m[1mConfiguring docking_server[0m[0m
[INFO] [1784073382.372525537] [lifecycle_manager_navigation]: [34m[1mActivating controller_server[0m[0m
[INFO] [1784073382.699559965] [lifecycle_manager_navigation]: Server controller_server connected with bond.
[INFO] [1784073382.699639966] [lifecycle_manager_navigation]: [34m[1mActivating smoother_server[0m[0m
[INFO] [1784073382.816922011] [lifecycle_manager_navigation]: Server smoother_server connected with bond.
[INFO] [1784073382.816985123] [lifecycle_manager_navigation]: [34m[1mActivating planner_server[0m[0m
[INFO] [1784073384.948099922] [lifecycle_manager_navigation]: Server planner_server connected with bond.
[INFO] [1784073384.948171144] [lifecycle_manager_navigation]: [34m[1mActivating route_server[0m[0m
[INFO] [1784073385.062481528] [lifecycle_manager_navigation]: Server route_server connected with bond.
[INFO] [1784073385.062549639] [lifecycle_manager_navigation]: [34m[1mActivating behavior_server[0m[0m
[INFO] [1784073385.178667049] [lifecycle_manager_navigation]: Server behavior_server connected with bond.
[INFO] [1784073385.178736791] [lifecycle_manager_navigation]: [34m[1mActivating velocity_smoother[0m[0m
[INFO] [1784073385.303809594] [lifecycle_manager_navigation]: Server velocity_smoother connected with bond.
[INFO] [1784073385.303917928] [lifecycle_manager_navigation]: [34m[1mActivating collision_monitor[0m[0m
[INFO] [1784073385.426755611] [lifecycle_manager_navigation]: Server collision_monitor connected with bond.
[INFO] [1784073385.426825463] [lifecycle_manager_navigation]: [34m[1mActivating bt_navigator[0m[0m
[INFO] [1784073386.138225419] [lifecycle_manager_navigation]: Server bt_navigator connected with bond.
[INFO] [1784073386.138366086] [lifecycle_manager_navigation]: [34m[1mActivating waypoint_follower[0m[0m
[INFO] [1784073386.263041037] [lifecycle_manager_navigation]: Server waypoint_follower connected with bond.
[INFO] [1784073386.263119148] [lifecycle_manager_navigation]: [34m[1mActivating docking_server[0m[0m
[INFO] [1784073386.482877781] [lifecycle_manager_navigation]: Server docking_server connected with bond.
[INFO] [1784073386.482946504] [lifecycle_manager_navigation]: [34m[1mManaged nodes are active[0m[0m
[INFO] [1784073386.482969911] [lifecycle_manager_navigation]: [34m[1mCreating bond timer...[0m[0m
[INFO] [1784073580.745709105] [rclcpp]: signal_handler(SIGINT/SIGTERM)
[INFO] [1784073580.745837773] [lifecycle_manager_navigation]: Running Nav2 LifecycleManager rcl preshutdown (lifecycle_manager_navigation)
[INFO] [1784073580.745913625] [lifecycle_manager_navigation]: [34m[1mTerminating bond timer...[0m[0m
