[INFO] [1783022335.352945866] [lifecycle_manager_navigation]: Creating
[INFO] [1783022335.472428110] [lifecycle_manager_navigation]: [34m[1mCreating and initializing lifecycle service clients[0m[0m
[INFO] [1783022337.343916410] [lifecycle_manager_navigation]: [34m[1mStarting managed nodes bringup...[0m[0m
[INFO] [1783022337.344035318] [lifecycle_manager_navigation]: [34m[1mConfiguring controller_server[0m[0m
[INFO] [1783022338.001828047] [lifecycle_manager_navigation]: [34m[1mConfiguring smoother_server[0m[0m
[INFO] [1783022338.197172810] [lifecycle_manager_navigation]: [34m[1mConfiguring planner_server[0m[0m
[INFO] [1783022338.729512446] [lifecycle_manager_navigation]: [34m[1mConfiguring route_server[0m[0m
[INFO] [1783022339.130037009] [lifecycle_manager_navigation]: [34m[1mConfiguring behavior_server[0m[0m
[INFO] [1783022339.515035558] [lifecycle_manager_navigation]: [34m[1mConfiguring velocity_smoother[0m[0m
[INFO] [1783022339.578940473] [lifecycle_manager_navigation]: [34m[1mConfiguring collision_monitor[0m[0m
[INFO] [1783022339.725975779] [lifecycle_manager_navigation]: [34m[1mConfiguring bt_navigator[0m[0m
[INFO] [1783022340.322002939] [lifecycle_manager_navigation]: [34m[1mConfiguring waypoint_follower[0m[0m
[INFO] [1783022340.441695130] [lifecycle_manager_navigation]: [34m[1mConfiguring docking_server[0m[0m
[INFO] [1783022340.683428949] [lifecycle_manager_navigation]: [34m[1mActivating controller_server[0m[0m
[INFO] [1783022341.032005720] [lifecycle_manager_navigation]: Server controller_server connected with bond.
[INFO] [1783022341.032065499] [lifecycle_manager_navigation]: [34m[1mActivating smoother_server[0m[0m
[INFO] [1783022341.156853495] [lifecycle_manager_navigation]: Server smoother_server connected with bond.
[INFO] [1783022341.157099126] [lifecycle_manager_navigation]: [34m[1mActivating planner_server[0m[0m
[INFO] [1783022343.333703676] [lifecycle_manager_navigation]: Server planner_server connected with bond.
[INFO] [1783022343.333821269] [lifecycle_manager_navigation]: [34m[1mActivating route_server[0m[0m
[INFO] [1783022343.451202854] [lifecycle_manager_navigation]: Server route_server connected with bond.
[INFO] [1783022343.451273484] [lifecycle_manager_navigation]: [34m[1mActivating behavior_server[0m[0m
[INFO] [1783022343.576858188] [lifecycle_manager_navigation]: Server behavior_server connected with bond.
[INFO] [1783022343.576949745] [lifecycle_manager_navigation]: [34m[1mActivating velocity_smoother[0m[0m
[INFO] [1783022343.702959174] [lifecycle_manager_navigation]: Server velocity_smoother connected with bond.
[INFO] [1783022343.703046045] [lifecycle_manager_navigation]: [34m[1mActivating collision_monitor[0m[0m
[INFO] [1783022343.822938940] [lifecycle_manager_navigation]: Server collision_monitor connected with bond.
[INFO] [1783022343.823009403] [lifecycle_manager_navigation]: [34m[1mActivating bt_navigator[0m[0m
[INFO] [1783022344.430228293] [lifecycle_manager_navigation]: Server bt_navigator connected with bond.
[INFO] [1783022344.430306701] [lifecycle_manager_navigation]: [34m[1mActivating waypoint_follower[0m[0m
[INFO] [1783022344.555371236] [lifecycle_manager_navigation]: Server waypoint_follower connected with bond.
[INFO] [1783022344.555454958] [lifecycle_manager_navigation]: [34m[1mActivating docking_server[0m[0m
[INFO] [1783022344.753421625] [lifecycle_manager_navigation]: Server docking_server connected with bond.
[INFO] [1783022344.753525366] [lifecycle_manager_navigation]: [34m[1mManaged nodes are active[0m[0m
[INFO] [1783022344.753548404] [lifecycle_manager_navigation]: [34m[1mCreating bond timer...[0m[0m
[INFO] [1783022487.319366114] [rclcpp]: signal_handler(SIGINT/SIGTERM)
[INFO] [1783022487.321463311] [lifecycle_manager_navigation]: Running Nav2 LifecycleManager rcl preshutdown (lifecycle_manager_navigation)
[INFO] [1783022487.321534830] [lifecycle_manager_navigation]: [34m[1mTerminating bond timer...[0m[0m
