[INFO] [1782953595.870022458] [lifecycle_manager_navigation]: Creating
[INFO] [1782953595.965729109] [lifecycle_manager_navigation]: [34m[1mCreating and initializing lifecycle service clients[0m[0m
[INFO] [1782953597.680194740] [lifecycle_manager_navigation]: [34m[1mStarting managed nodes bringup...[0m[0m
[INFO] [1782953597.680780114] [lifecycle_manager_navigation]: [34m[1mConfiguring controller_server[0m[0m
[INFO] [1782953598.428558588] [lifecycle_manager_navigation]: [34m[1mConfiguring smoother_server[0m[0m
[INFO] [1782953598.564262657] [lifecycle_manager_navigation]: [34m[1mConfiguring planner_server[0m[0m
[INFO] [1782953598.983999810] [lifecycle_manager_navigation]: [34m[1mConfiguring route_server[0m[0m
[INFO] [1782953599.300847399] [lifecycle_manager_navigation]: [34m[1mConfiguring behavior_server[0m[0m
[INFO] [1782953599.663190568] [lifecycle_manager_navigation]: [34m[1mConfiguring velocity_smoother[0m[0m
[INFO] [1782953599.702621206] [lifecycle_manager_navigation]: [34m[1mConfiguring collision_monitor[0m[0m
[INFO] [1782953599.839318188] [lifecycle_manager_navigation]: [34m[1mConfiguring bt_navigator[0m[0m
[INFO] [1782953600.494212398] [lifecycle_manager_navigation]: [34m[1mConfiguring waypoint_follower[0m[0m
[INFO] [1782953600.665134636] [lifecycle_manager_navigation]: [34m[1mConfiguring docking_server[0m[0m
[INFO] [1782953600.953643023] [lifecycle_manager_navigation]: [34m[1mActivating controller_server[0m[0m
[INFO] [1782953601.430331192] [lifecycle_manager_navigation]: Server controller_server connected with bond.
[INFO] [1782953601.430405693] [lifecycle_manager_navigation]: [34m[1mActivating smoother_server[0m[0m
[INFO] [1782953601.548737939] [lifecycle_manager_navigation]: Server smoother_server connected with bond.
[INFO] [1782953601.548825735] [lifecycle_manager_navigation]: [34m[1mActivating planner_server[0m[0m
[INFO] [1782953603.693808582] [lifecycle_manager_navigation]: Server planner_server connected with bond.
[INFO] [1782953603.693887194] [lifecycle_manager_navigation]: [34m[1mActivating route_server[0m[0m
[INFO] [1782953603.815842794] [lifecycle_manager_navigation]: Server route_server connected with bond.
[INFO] [1782953603.815912369] [lifecycle_manager_navigation]: [34m[1mActivating behavior_server[0m[0m
[INFO] [1782953603.938910975] [lifecycle_manager_navigation]: Server behavior_server connected with bond.
[INFO] [1782953603.939004643] [lifecycle_manager_navigation]: [34m[1mActivating velocity_smoother[0m[0m
[INFO] [1782953604.062703642] [lifecycle_manager_navigation]: Server velocity_smoother connected with bond.
[INFO] [1782953604.062772383] [lifecycle_manager_navigation]: [34m[1mActivating collision_monitor[0m[0m
[INFO] [1782953604.183732904] [lifecycle_manager_navigation]: Server collision_monitor connected with bond.
[INFO] [1782953604.183813793] [lifecycle_manager_navigation]: [34m[1mActivating bt_navigator[0m[0m
[INFO] [1782953604.883253040] [lifecycle_manager_navigation]: Server bt_navigator connected with bond.
[INFO] [1782953604.883330115] [lifecycle_manager_navigation]: [34m[1mActivating waypoint_follower[0m[0m
[INFO] [1782953605.010370319] [lifecycle_manager_navigation]: Server waypoint_follower connected with bond.
[INFO] [1782953605.010445541] [lifecycle_manager_navigation]: [34m[1mActivating docking_server[0m[0m
[INFO] [1782953605.179905419] [lifecycle_manager_navigation]: Server docking_server connected with bond.
[INFO] [1782953605.179995493] [lifecycle_manager_navigation]: [34m[1mManaged nodes are active[0m[0m
[INFO] [1782953605.180018457] [lifecycle_manager_navigation]: [34m[1mCreating bond timer...[0m[0m
[INFO] [1782954072.202300095] [rclcpp]: signal_handler(SIGINT/SIGTERM)
[INFO] [1782954072.202451911] [lifecycle_manager_navigation]: Running Nav2 LifecycleManager rcl preshutdown (lifecycle_manager_navigation)
[INFO] [1782954072.202522837] [lifecycle_manager_navigation]: [34m[1mTerminating bond timer...[0m[0m
