[INFO] [1783135535.157780610] [lifecycle_manager_navigation]: Creating
[INFO] [1783135535.241130980] [lifecycle_manager_navigation]: [34m[1mCreating and initializing lifecycle service clients[0m[0m
[INFO] [1783135538.128631782] [lifecycle_manager_navigation]: [34m[1mStarting managed nodes bringup...[0m[0m
[INFO] [1783135538.128726893] [lifecycle_manager_navigation]: [34m[1mConfiguring controller_server[0m[0m
[INFO] [1783135538.677969371] [lifecycle_manager_navigation]: [34m[1mConfiguring smoother_server[0m[0m
[INFO] [1783135538.805657784] [lifecycle_manager_navigation]: [34m[1mConfiguring planner_server[0m[0m
[INFO] [1783135539.294337906] [lifecycle_manager_navigation]: [34m[1mConfiguring route_server[0m[0m
[INFO] [1783135539.599899622] [lifecycle_manager_navigation]: [34m[1mConfiguring behavior_server[0m[0m
[INFO] [1783135539.846972254] [lifecycle_manager_navigation]: [34m[1mConfiguring velocity_smoother[0m[0m
[INFO] [1783135539.878779301] [lifecycle_manager_navigation]: [34m[1mConfiguring collision_monitor[0m[0m
[INFO] [1783135539.987435960] [lifecycle_manager_navigation]: [34m[1mConfiguring bt_navigator[0m[0m
[INFO] [1783135540.396851309] [lifecycle_manager_navigation]: [34m[1mConfiguring waypoint_follower[0m[0m
[INFO] [1783135540.522601193] [lifecycle_manager_navigation]: [34m[1mConfiguring docking_server[0m[0m
[INFO] [1783135540.700410569] [lifecycle_manager_navigation]: [34m[1mActivating controller_server[0m[0m
[INFO] [1783135541.022565526] [lifecycle_manager_navigation]: Server controller_server connected with bond.
[INFO] [1783135541.022641489] [lifecycle_manager_navigation]: [34m[1mActivating smoother_server[0m[0m
[INFO] [1783135541.145276189] [lifecycle_manager_navigation]: Server smoother_server connected with bond.
[INFO] [1783135541.145344652] [lifecycle_manager_navigation]: [34m[1mActivating planner_server[0m[0m
[INFO] [1783135543.327153125] [lifecycle_manager_navigation]: Server planner_server connected with bond.
[INFO] [1783135543.327220792] [lifecycle_manager_navigation]: [34m[1mActivating route_server[0m[0m
[INFO] [1783135543.442563544] [lifecycle_manager_navigation]: Server route_server connected with bond.
[INFO] [1783135543.442630952] [lifecycle_manager_navigation]: [34m[1mActivating behavior_server[0m[0m
[INFO] [1783135543.561225555] [lifecycle_manager_navigation]: Server behavior_server connected with bond.
[INFO] [1783135543.561324260] [lifecycle_manager_navigation]: [34m[1mActivating velocity_smoother[0m[0m
[INFO] [1783135543.683918367] [lifecycle_manager_navigation]: Server velocity_smoother connected with bond.
[INFO] [1783135543.683990793] [lifecycle_manager_navigation]: [34m[1mActivating collision_monitor[0m[0m
[INFO] [1783135543.804747631] [lifecycle_manager_navigation]: Server collision_monitor connected with bond.
[INFO] [1783135543.804851372] [lifecycle_manager_navigation]: [34m[1mActivating bt_navigator[0m[0m
[INFO] [1783135544.414672612] [lifecycle_manager_navigation]: Server bt_navigator connected with bond.
[INFO] [1783135544.414744482] [lifecycle_manager_navigation]: [34m[1mActivating waypoint_follower[0m[0m
[INFO] [1783135544.540426162] [lifecycle_manager_navigation]: Server waypoint_follower connected with bond.
[INFO] [1783135544.540495977] [lifecycle_manager_navigation]: [34m[1mActivating docking_server[0m[0m
[INFO] [1783135544.724911613] [lifecycle_manager_navigation]: Server docking_server connected with bond.
[INFO] [1783135544.724990206] [lifecycle_manager_navigation]: [34m[1mManaged nodes are active[0m[0m
[INFO] [1783135544.725010614] [lifecycle_manager_navigation]: [34m[1mCreating bond timer...[0m[0m
[INFO] [1783135650.954172281] [rclcpp]: signal_handler(SIGINT/SIGTERM)
[INFO] [1783135650.954326448] [lifecycle_manager_navigation]: Running Nav2 LifecycleManager rcl preshutdown (lifecycle_manager_navigation)
[INFO] [1783135650.954396190] [lifecycle_manager_navigation]: [34m[1mTerminating bond timer...[0m[0m
