[INFO] [1785386254.934762370] [lifecycle_manager_navigation]: Creating
[INFO] [1785386255.204590203] [lifecycle_manager_navigation]: [34m[1mCreating and initializing lifecycle service clients[0m[0m
[INFO] [1785386256.357916270] [lifecycle_manager_navigation]: [34m[1mStarting managed nodes bringup...[0m[0m
[INFO] [1785386256.358000881] [lifecycle_manager_navigation]: [34m[1mConfiguring controller_server[0m[0m
[INFO] [1785386256.828918360] [lifecycle_manager_navigation]: [34m[1mConfiguring planner_server[0m[0m
[INFO] [1785386260.150221475] [lifecycle_manager_navigation]: [34m[1mConfiguring behavior_server[0m[0m
[INFO] [1785386262.637489828] [lifecycle_manager_navigation]: [34m[1mConfiguring bt_navigator[0m[0m
[INFO] [1785386264.194136266] [lifecycle_manager_navigation]: [34m[1mConfiguring velocity_smoother[0m[0m
[INFO] [1785386264.221877601] [lifecycle_manager_navigation]: [34m[1mConfiguring collision_monitor[0m[0m
[INFO] [1785386264.327701990] [lifecycle_manager_navigation]: [34m[1mActivating controller_server[0m[0m
[INFO] [1785386264.652029896] [lifecycle_manager_navigation]: Server controller_server connected with bond.
[INFO] [1785386264.652096304] [lifecycle_manager_navigation]: [34m[1mActivating planner_server[0m[0m
[INFO] [1785386268.173313299] [lifecycle_manager_navigation]: Server planner_server connected with bond.
[INFO] [1785386268.173379706] [lifecycle_manager_navigation]: [34m[1mActivating behavior_server[0m[0m
[INFO] [1785386268.291265549] [lifecycle_manager_navigation]: Server behavior_server connected with bond.
[INFO] [1785386268.291332161] [lifecycle_manager_navigation]: [34m[1mActivating bt_navigator[0m[0m
[INFO] [1785386273.736818068] [lifecycle_manager_navigation]: Server bt_navigator connected with bond.
[INFO] [1785386273.736902402] [lifecycle_manager_navigation]: [34m[1mActivating velocity_smoother[0m[0m
[INFO] [1785386273.850421980] [lifecycle_manager_navigation]: Server velocity_smoother connected with bond.
[INFO] [1785386273.850498925] [lifecycle_manager_navigation]: [34m[1mActivating collision_monitor[0m[0m
[INFO] [1785386273.971391469] [lifecycle_manager_navigation]: Server collision_monitor connected with bond.
[INFO] [1785386273.971468932] [lifecycle_manager_navigation]: [34m[1mManaged nodes are active[0m[0m
[INFO] [1785386273.971493821] [lifecycle_manager_navigation]: [34m[1mCreating bond timer...[0m[0m
[INFO] [1785387692.295570781] [rclcpp]: signal_handler(SIGINT/SIGTERM)
[INFO] [1785387692.295673707] [lifecycle_manager_navigation]: Running Nav2 LifecycleManager rcl preshutdown (lifecycle_manager_navigation)
[INFO] [1785387692.295856875] [lifecycle_manager_navigation]: [34m[1mTerminating bond timer...[0m[0m
