[INFO] [1786002140.403240015] [lifecycle_manager_navigation]: Creating
[INFO] [1786002140.443801358] [lifecycle_manager_navigation]: [34m[1mCreating and initializing lifecycle service clients[0m[0m
[INFO] [1786002141.310324637] [lifecycle_manager_navigation]: [34m[1mStarting managed nodes bringup...[0m[0m
[INFO] [1786002141.310409804] [lifecycle_manager_navigation]: [34m[1mConfiguring controller_server[0m[0m
[INFO] [1786002141.688108857] [lifecycle_manager_navigation]: [34m[1mConfiguring planner_server[0m[0m
[INFO] [1786002142.092356228] [lifecycle_manager_navigation]: [34m[1mConfiguring behavior_server[0m[0m
[INFO] [1786002142.788220845] [lifecycle_manager_navigation]: [34m[1mConfiguring bt_navigator[0m[0m
[INFO] [1786002143.845992201] [lifecycle_manager_navigation]: [34m[1mConfiguring velocity_smoother[0m[0m
[INFO] [1786002143.884743626] [lifecycle_manager_navigation]: [34m[1mConfiguring collision_monitor[0m[0m
[INFO] [1786002144.063314483] [lifecycle_manager_navigation]: [34m[1mActivating controller_server[0m[0m
[INFO] [1786002144.417523049] [lifecycle_manager_navigation]: Server controller_server connected with bond.
[INFO] [1786002144.417616938] [lifecycle_manager_navigation]: [34m[1mActivating planner_server[0m[0m
[INFO] [1786002148.079351935] [lifecycle_manager_navigation]: Server planner_server connected with bond.
[INFO] [1786002148.079423065] [lifecycle_manager_navigation]: [34m[1mActivating behavior_server[0m[0m
[INFO] [1786002148.194136685] [lifecycle_manager_navigation]: Server behavior_server connected with bond.
[INFO] [1786002148.194205685] [lifecycle_manager_navigation]: [34m[1mActivating bt_navigator[0m[0m
[INFO] [1786002148.695182296] [lifecycle_manager_navigation]: Server bt_navigator connected with bond.
[INFO] [1786002148.695273185] [lifecycle_manager_navigation]: [34m[1mActivating velocity_smoother[0m[0m
[INFO] [1786002148.814513239] [lifecycle_manager_navigation]: Server velocity_smoother connected with bond.
[INFO] [1786002148.814598239] [lifecycle_manager_navigation]: [34m[1mActivating collision_monitor[0m[0m
[INFO] [1786002148.938714765] [lifecycle_manager_navigation]: Server collision_monitor connected with bond.
[INFO] [1786002148.938794617] [lifecycle_manager_navigation]: [34m[1mManaged nodes are active[0m[0m
[INFO] [1786002148.938823247] [lifecycle_manager_navigation]: [34m[1mCreating bond timer...[0m[0m
