[INFO] [1784069359.610046845] [lifecycle_manager_navigation]: Creating
[INFO] [1784069359.687124817] [lifecycle_manager_navigation]: [34m[1mCreating and initializing lifecycle service clients[0m[0m
[INFO] [1784069362.398815933] [lifecycle_manager_navigation]: [34m[1mStarting managed nodes bringup...[0m[0m
[INFO] [1784069362.398917490] [lifecycle_manager_navigation]: [34m[1mConfiguring controller_server[0m[0m
[INFO] [1784069363.045225577] [lifecycle_manager_navigation]: [34m[1mConfiguring smoother_server[0m[0m
[INFO] [1784069363.276156971] [lifecycle_manager_navigation]: [34m[1mConfiguring planner_server[0m[0m
[INFO] [1784069363.947670052] [lifecycle_manager_navigation]: [34m[1mConfiguring route_server[0m[0m
[INFO] [1784069364.154481366] [lifecycle_manager_navigation]: [34m[1mConfiguring behavior_server[0m[0m
[INFO] [1784069364.434956428] [lifecycle_manager_navigation]: [34m[1mConfiguring velocity_smoother[0m[0m
[INFO] [1784069364.469264529] [lifecycle_manager_navigation]: [34m[1mConfiguring collision_monitor[0m[0m
[INFO] [1784069364.575808222] [lifecycle_manager_navigation]: [34m[1mConfiguring bt_navigator[0m[0m
[INFO] [1784069364.996643797] [lifecycle_manager_navigation]: [34m[1mConfiguring waypoint_follower[0m[0m
[INFO] [1784069365.128838820] [lifecycle_manager_navigation]: [34m[1mConfiguring docking_server[0m[0m
[INFO] [1784069365.311516017] [lifecycle_manager_navigation]: [34m[1mActivating controller_server[0m[0m
[INFO] [1784069365.644459597] [lifecycle_manager_navigation]: Server controller_server connected with bond.
[INFO] [1784069365.644592783] [lifecycle_manager_navigation]: [34m[1mActivating smoother_server[0m[0m
[INFO] [1784069365.759488782] [lifecycle_manager_navigation]: Server smoother_server connected with bond.
[INFO] [1784069365.759582912] [lifecycle_manager_navigation]: [34m[1mActivating planner_server[0m[0m
[INFO] [1784069367.943606500] [lifecycle_manager_navigation]: Server planner_server connected with bond.
[INFO] [1784069367.943725167] [lifecycle_manager_navigation]: [34m[1mActivating route_server[0m[0m
[INFO] [1784069368.061152662] [lifecycle_manager_navigation]: Server route_server connected with bond.
[INFO] [1784069368.061218811] [lifecycle_manager_navigation]: [34m[1mActivating behavior_server[0m[0m
[INFO] [1784069368.183016608] [lifecycle_manager_navigation]: Server behavior_server connected with bond.
[INFO] [1784069368.183086942] [lifecycle_manager_navigation]: [34m[1mActivating velocity_smoother[0m[0m
[INFO] [1784069368.312383560] [lifecycle_manager_navigation]: Server velocity_smoother connected with bond.
[INFO] [1784069368.312467171] [lifecycle_manager_navigation]: [34m[1mActivating collision_monitor[0m[0m
[INFO] [1784069368.437862859] [lifecycle_manager_navigation]: Server collision_monitor connected with bond.
[INFO] [1784069368.437953360] [lifecycle_manager_navigation]: [34m[1mActivating bt_navigator[0m[0m
[INFO] [1784069369.113139295] [lifecycle_manager_navigation]: Server bt_navigator connected with bond.
[INFO] [1784069369.113216277] [lifecycle_manager_navigation]: [34m[1mActivating waypoint_follower[0m[0m
[INFO] [1784069369.241231813] [lifecycle_manager_navigation]: Server waypoint_follower connected with bond.
[INFO] [1784069369.241385333] [lifecycle_manager_navigation]: [34m[1mActivating docking_server[0m[0m
[INFO] [1784069369.454785165] [lifecycle_manager_navigation]: Server docking_server connected with bond.
[INFO] [1784069369.454871906] [lifecycle_manager_navigation]: [34m[1mManaged nodes are active[0m[0m
[INFO] [1784069369.454896906] [lifecycle_manager_navigation]: [34m[1mCreating bond timer...[0m[0m
[INFO] [1784069797.375490952] [rclcpp]: signal_handler(SIGINT/SIGTERM)
[INFO] [1784069797.375660972] [lifecycle_manager_navigation]: Running Nav2 LifecycleManager rcl preshutdown (lifecycle_manager_navigation)
[INFO] [1784069797.375739583] [lifecycle_manager_navigation]: [34m[1mTerminating bond timer...[0m[0m
