[INFO] [1786013250.010476985] [lifecycle_manager_navigation]: Creating
[INFO] [1786013250.066766063] [lifecycle_manager_navigation]: [34m[1mCreating and initializing lifecycle service clients[0m[0m
[INFO] [1786013252.069481126] [lifecycle_manager_navigation]: [34m[1mStarting managed nodes bringup...[0m[0m
[INFO] [1786013252.069567386] [lifecycle_manager_navigation]: [34m[1mConfiguring controller_server[0m[0m
[INFO] [1786013252.254155802] [lifecycle_manager_navigation]: [34m[1mConfiguring planner_server[0m[0m
[INFO] [1786013252.575300176] [lifecycle_manager_navigation]: [34m[1mConfiguring behavior_server[0m[0m
[INFO] [1786013253.532152020] [lifecycle_manager_navigation]: [34m[1mConfiguring bt_navigator[0m[0m
[INFO] [1786013253.930784889] [lifecycle_manager_navigation]: [34m[1mConfiguring velocity_smoother[0m[0m
[INFO] [1786013253.954361929] [lifecycle_manager_navigation]: [34m[1mConfiguring collision_monitor[0m[0m
[INFO] [1786013254.046084801] [lifecycle_manager_navigation]: [34m[1mActivating controller_server[0m[0m
[INFO] [1786013254.421688131] [lifecycle_manager_navigation]: Server controller_server connected with bond.
[INFO] [1786013254.422358228] [lifecycle_manager_navigation]: [34m[1mActivating planner_server[0m[0m
[INFO] [1786013257.947888192] [lifecycle_manager_navigation]: Server planner_server connected with bond.
[INFO] [1786013257.947989637] [lifecycle_manager_navigation]: [34m[1mActivating behavior_server[0m[0m
[INFO] [1786013258.065241486] [lifecycle_manager_navigation]: Server behavior_server connected with bond.
[INFO] [1786013258.065331542] [lifecycle_manager_navigation]: [34m[1mActivating bt_navigator[0m[0m
[INFO] [1786013258.527218158] [lifecycle_manager_navigation]: Server bt_navigator connected with bond.
[INFO] [1786013258.527294399] [lifecycle_manager_navigation]: [34m[1mActivating velocity_smoother[0m[0m
[INFO] [1786013258.649608906] [lifecycle_manager_navigation]: Server velocity_smoother connected with bond.
[INFO] [1786013258.649680425] [lifecycle_manager_navigation]: [34m[1mActivating collision_monitor[0m[0m
[INFO] [1786013258.773067272] [lifecycle_manager_navigation]: Server collision_monitor connected with bond.
[INFO] [1786013258.773146865] [lifecycle_manager_navigation]: [34m[1mManaged nodes are active[0m[0m
[INFO] [1786013258.773173588] [lifecycle_manager_navigation]: [34m[1mCreating bond timer...[0m[0m
[INFO] [1786018837.683988306] [rclcpp]: signal_handler(SIGINT/SIGTERM)
[INFO] [1786018837.684137825] [lifecycle_manager_navigation]: Running Nav2 LifecycleManager rcl preshutdown (lifecycle_manager_navigation)
[INFO] [1786018837.684212714] [lifecycle_manager_navigation]: [34m[1mTerminating bond timer...[0m[0m
