[INFO] [1786022635.179421174] [lifecycle_manager_navigation]: Creating
[INFO] [1786022635.193731196] [lifecycle_manager_navigation]: [34m[1mCreating and initializing lifecycle service clients[0m[0m
[INFO] [1786022635.643536422] [lifecycle_manager_navigation]: [34m[1mStarting managed nodes bringup...[0m[0m
[INFO] [1786022635.643635811] [lifecycle_manager_navigation]: [34m[1mConfiguring controller_server[0m[0m
[INFO] [1786022636.045100772] [lifecycle_manager_navigation]: [34m[1mConfiguring planner_server[0m[0m
[INFO] [1786022636.362975737] [lifecycle_manager_navigation]: [34m[1mConfiguring behavior_server[0m[0m
[INFO] [1786022636.588643141] [lifecycle_manager_navigation]: [34m[1mConfiguring bt_navigator[0m[0m
[INFO] [1786022636.935435357] [lifecycle_manager_navigation]: [34m[1mConfiguring velocity_smoother[0m[0m
[INFO] [1786022636.966708992] [lifecycle_manager_navigation]: [34m[1mConfiguring collision_monitor[0m[0m
[INFO] [1786022637.059610631] [lifecycle_manager_navigation]: [34m[1mActivating controller_server[0m[0m
[INFO] [1786022645.880928683] [lifecycle_manager_navigation]: Server controller_server connected with bond.
[INFO] [1786022645.881027073] [lifecycle_manager_navigation]: [34m[1mActivating planner_server[0m[0m
[INFO] [1786022653.905649109] [lifecycle_manager_navigation]: Server planner_server connected with bond.
[INFO] [1786022653.905725442] [lifecycle_manager_navigation]: [34m[1mActivating behavior_server[0m[0m
[INFO] [1786022654.019085786] [lifecycle_manager_navigation]: Server behavior_server connected with bond.
[INFO] [1786022654.019165064] [lifecycle_manager_navigation]: [34m[1mActivating bt_navigator[0m[0m
[INFO] [1786022654.376431338] [lifecycle_manager_navigation]: Server bt_navigator connected with bond.
[INFO] [1786022654.377277880] [lifecycle_manager_navigation]: [34m[1mActivating velocity_smoother[0m[0m
[INFO] [1786022654.504464022] [lifecycle_manager_navigation]: Server velocity_smoother connected with bond.
[INFO] [1786022654.504533189] [lifecycle_manager_navigation]: [34m[1mActivating collision_monitor[0m[0m
[INFO] [1786022654.623032838] [lifecycle_manager_navigation]: Server collision_monitor connected with bond.
[INFO] [1786022654.623131654] [lifecycle_manager_navigation]: [34m[1mManaged nodes are active[0m[0m
[INFO] [1786022654.623156728] [lifecycle_manager_navigation]: [34m[1mCreating bond timer...[0m[0m
[INFO] [1786022685.800127486] [rclcpp]: signal_handler(SIGINT/SIGTERM)
[INFO] [1786022685.800249783] [lifecycle_manager_navigation]: Running Nav2 LifecycleManager rcl preshutdown (lifecycle_manager_navigation)
[INFO] [1786022685.800355598] [lifecycle_manager_navigation]: [34m[1mTerminating bond timer...[0m[0m
