[INFO] [1783988210.199416806] [lifecycle_manager_navigation]: Creating
[INFO] [1783988210.252873868] [lifecycle_manager_navigation]: [34m[1mCreating and initializing lifecycle service clients[0m[0m
[INFO] [1783988211.700511174] [lifecycle_manager_navigation]: [34m[1mStarting managed nodes bringup...[0m[0m
[INFO] [1783988211.700597563] [lifecycle_manager_navigation]: [34m[1mConfiguring controller_server[0m[0m
[INFO] [1783988212.549476335] [lifecycle_manager_navigation]: [34m[1mConfiguring smoother_server[0m[0m
[INFO] [1783988212.729377180] [lifecycle_manager_navigation]: [34m[1mConfiguring planner_server[0m[0m
[INFO] [1783988213.023423058] [lifecycle_manager_navigation]: [34m[1mConfiguring route_server[0m[0m
[INFO] [1783988213.285980972] [lifecycle_manager_navigation]: [34m[1mConfiguring behavior_server[0m[0m
[INFO] [1783988213.659998035] [lifecycle_manager_navigation]: [34m[1mConfiguring velocity_smoother[0m[0m
[INFO] [1783988213.736895443] [lifecycle_manager_navigation]: [34m[1mConfiguring collision_monitor[0m[0m
[INFO] [1783988213.889395328] [lifecycle_manager_navigation]: [34m[1mConfiguring bt_navigator[0m[0m
[INFO] [1783988214.454539536] [lifecycle_manager_navigation]: [34m[1mConfiguring waypoint_follower[0m[0m
[INFO] [1783988214.617183604] [lifecycle_manager_navigation]: [34m[1mConfiguring docking_server[0m[0m
[INFO] [1783988214.842108152] [lifecycle_manager_navigation]: [34m[1mActivating controller_server[0m[0m
[INFO] [1783988215.178567033] [lifecycle_manager_navigation]: Server controller_server connected with bond.
[INFO] [1783988215.178642552] [lifecycle_manager_navigation]: [34m[1mActivating smoother_server[0m[0m
[INFO] [1783988215.296650957] [lifecycle_manager_navigation]: Server smoother_server connected with bond.
[INFO] [1783988215.296724809] [lifecycle_manager_navigation]: [34m[1mActivating planner_server[0m[0m
[INFO] [1783988217.488135458] [lifecycle_manager_navigation]: Server planner_server connected with bond.
[INFO] [1783988217.488206181] [lifecycle_manager_navigation]: [34m[1mActivating route_server[0m[0m
[INFO] [1783988217.622095300] [lifecycle_manager_navigation]: Server route_server connected with bond.
[INFO] [1783988217.622202930] [lifecycle_manager_navigation]: [34m[1mActivating behavior_server[0m[0m
[INFO] [1783988217.750369500] [lifecycle_manager_navigation]: Server behavior_server connected with bond.
[INFO] [1783988217.750445241] [lifecycle_manager_navigation]: [34m[1mActivating velocity_smoother[0m[0m
[INFO] [1783988217.873724897] [lifecycle_manager_navigation]: Server velocity_smoother connected with bond.
[INFO] [1783988217.873816656] [lifecycle_manager_navigation]: [34m[1mActivating collision_monitor[0m[0m
[INFO] [1783988217.994503039] [lifecycle_manager_navigation]: Server collision_monitor connected with bond.
[INFO] [1783988217.994580150] [lifecycle_manager_navigation]: [34m[1mActivating bt_navigator[0m[0m
[INFO] [1783988218.585388846] [lifecycle_manager_navigation]: Server bt_navigator connected with bond.
[INFO] [1783988218.585465569] [lifecycle_manager_navigation]: [34m[1mActivating waypoint_follower[0m[0m
[INFO] [1783988218.714184124] [lifecycle_manager_navigation]: Server waypoint_follower connected with bond.
[INFO] [1783988218.714275254] [lifecycle_manager_navigation]: [34m[1mActivating docking_server[0m[0m
[INFO] [1783988218.908126655] [lifecycle_manager_navigation]: Server docking_server connected with bond.
[INFO] [1783988218.908216988] [lifecycle_manager_navigation]: [34m[1mManaged nodes are active[0m[0m
[INFO] [1783988218.908243137] [lifecycle_manager_navigation]: [34m[1mCreating bond timer...[0m[0m
[INFO] [1783989342.412012232] [rclcpp]: signal_handler(SIGINT/SIGTERM)
[INFO] [1783989342.412167381] [lifecycle_manager_navigation]: Running Nav2 LifecycleManager rcl preshutdown (lifecycle_manager_navigation)
[INFO] [1783989342.412231103] [lifecycle_manager_navigation]: [34m[1mTerminating bond timer...[0m[0m
