[INFO] [1784004332.232184440] [lifecycle_manager_navigation]: Creating
[INFO] [1784004332.911252799] [lifecycle_manager_navigation]: [34m[1mCreating and initializing lifecycle service clients[0m[0m
[INFO] [1784004334.444887602] [lifecycle_manager_navigation]: [34m[1mStarting managed nodes bringup...[0m[0m
[INFO] [1784004334.444965973] [lifecycle_manager_navigation]: [34m[1mConfiguring controller_server[0m[0m
[INFO] [1784004334.810031964] [lifecycle_manager_navigation]: [34m[1mConfiguring smoother_server[0m[0m
[INFO] [1784004334.927107329] [lifecycle_manager_navigation]: [34m[1mConfiguring planner_server[0m[0m
[INFO] [1784004335.293392586] [lifecycle_manager_navigation]: [34m[1mConfiguring route_server[0m[0m
[INFO] [1784004335.605603111] [lifecycle_manager_navigation]: [34m[1mConfiguring behavior_server[0m[0m
[INFO] [1784004335.968037050] [lifecycle_manager_navigation]: [34m[1mConfiguring velocity_smoother[0m[0m
[INFO] [1784004336.021877799] [lifecycle_manager_navigation]: [34m[1mConfiguring collision_monitor[0m[0m
[INFO] [1784004336.199250505] [lifecycle_manager_navigation]: [34m[1mConfiguring bt_navigator[0m[0m
[INFO] [1784004336.743016377] [lifecycle_manager_navigation]: [34m[1mConfiguring waypoint_follower[0m[0m
[INFO] [1784004336.903703119] [lifecycle_manager_navigation]: [34m[1mConfiguring docking_server[0m[0m
[INFO] [1784004337.155927879] [lifecycle_manager_navigation]: [34m[1mActivating controller_server[0m[0m
[INFO] [1784004337.485943079] [lifecycle_manager_navigation]: Server controller_server connected with bond.
[INFO] [1784004337.486048190] [lifecycle_manager_navigation]: [34m[1mActivating smoother_server[0m[0m
[INFO] [1784004337.611242454] [lifecycle_manager_navigation]: Server smoother_server connected with bond.
[INFO] [1784004337.611341325] [lifecycle_manager_navigation]: [34m[1mActivating planner_server[0m[0m
[INFO] [1784004339.872683058] [lifecycle_manager_navigation]: Server planner_server connected with bond.
[INFO] [1784004339.872897300] [lifecycle_manager_navigation]: [34m[1mActivating route_server[0m[0m
[INFO] [1784004340.012147514] [lifecycle_manager_navigation]: Server route_server connected with bond.
[INFO] [1784004340.012240181] [lifecycle_manager_navigation]: [34m[1mActivating behavior_server[0m[0m
[INFO] [1784004340.135964862] [lifecycle_manager_navigation]: Server behavior_server connected with bond.
[INFO] [1784004340.136063677] [lifecycle_manager_navigation]: [34m[1mActivating velocity_smoother[0m[0m
[INFO] [1784004340.266671509] [lifecycle_manager_navigation]: Server velocity_smoother connected with bond.
[INFO] [1784004340.266756602] [lifecycle_manager_navigation]: [34m[1mActivating collision_monitor[0m[0m
[INFO] [1784004340.417847067] [lifecycle_manager_navigation]: Server collision_monitor connected with bond.
[INFO] [1784004340.418107550] [lifecycle_manager_navigation]: [34m[1mActivating bt_navigator[0m[0m
[INFO] [1784004341.050666146] [lifecycle_manager_navigation]: Server bt_navigator connected with bond.
[INFO] [1784004341.050742813] [lifecycle_manager_navigation]: [34m[1mActivating waypoint_follower[0m[0m
[INFO] [1784004341.168492016] [lifecycle_manager_navigation]: Server waypoint_follower connected with bond.
[INFO] [1784004341.168563202] [lifecycle_manager_navigation]: [34m[1mActivating docking_server[0m[0m
[INFO] [1784004341.376516248] [lifecycle_manager_navigation]: Server docking_server connected with bond.
[INFO] [1784004341.376622101] [lifecycle_manager_navigation]: [34m[1mManaged nodes are active[0m[0m
[INFO] [1784004341.376650305] [lifecycle_manager_navigation]: [34m[1mCreating bond timer...[0m[0m
[INFO] [1784004902.479926135] [rclcpp]: signal_handler(SIGINT/SIGTERM)
[INFO] [1784004902.480043024] [lifecycle_manager_navigation]: Running Nav2 LifecycleManager rcl preshutdown (lifecycle_manager_navigation)
[INFO] [1784004902.480127932] [lifecycle_manager_navigation]: [34m[1mTerminating bond timer...[0m[0m
