[INFO] [1786023181.502724979] [lifecycle_manager_navigation]: Creating
[INFO] [1786023181.549345309] [lifecycle_manager_navigation]: [34m[1mCreating and initializing lifecycle service clients[0m[0m
[INFO] [1786023182.271276490] [lifecycle_manager_navigation]: [34m[1mStarting managed nodes bringup...[0m[0m
[INFO] [1786023182.271387212] [lifecycle_manager_navigation]: [34m[1mConfiguring controller_server[0m[0m
[INFO] [1786023182.466944266] [lifecycle_manager_navigation]: [34m[1mConfiguring planner_server[0m[0m
[INFO] [1786023182.652451950] [lifecycle_manager_navigation]: [34m[1mConfiguring behavior_server[0m[0m
[INFO] [1786023182.923270657] [lifecycle_manager_navigation]: [34m[1mConfiguring bt_navigator[0m[0m
[INFO] [1786023183.282937870] [lifecycle_manager_navigation]: [34m[1mConfiguring velocity_smoother[0m[0m
[INFO] [1786023183.317921469] [lifecycle_manager_navigation]: [34m[1mConfiguring collision_monitor[0m[0m
[INFO] [1786023183.427866461] [lifecycle_manager_navigation]: [34m[1mActivating controller_server[0m[0m
[INFO] [1786023184.259755948] [lifecycle_manager_navigation]: Server controller_server connected with bond.
[INFO] [1786023184.259883486] [lifecycle_manager_navigation]: [34m[1mActivating planner_server[0m[0m
[INFO] [1786023189.258903932] [lifecycle_manager_navigation]: Server planner_server connected with bond.
[INFO] [1786023189.258975396] [lifecycle_manager_navigation]: [34m[1mActivating behavior_server[0m[0m
[INFO] [1786023189.373565413] [lifecycle_manager_navigation]: Server behavior_server connected with bond.
[INFO] [1786023189.373638006] [lifecycle_manager_navigation]: [34m[1mActivating bt_navigator[0m[0m
[INFO] [1786023189.787316959] [lifecycle_manager_navigation]: Server bt_navigator connected with bond.
[INFO] [1786023189.787403497] [lifecycle_manager_navigation]: [34m[1mActivating velocity_smoother[0m[0m
[INFO] [1786023189.905452107] [lifecycle_manager_navigation]: Server velocity_smoother connected with bond.
[INFO] [1786023189.905538756] [lifecycle_manager_navigation]: [34m[1mActivating collision_monitor[0m[0m
[INFO] [1786023190.024713761] [lifecycle_manager_navigation]: Server collision_monitor connected with bond.
[INFO] [1786023190.024785613] [lifecycle_manager_navigation]: [34m[1mManaged nodes are active[0m[0m
[INFO] [1786023190.024825391] [lifecycle_manager_navigation]: [34m[1mCreating bond timer...[0m[0m
