[INFO] [1785903644.223216828] [lifecycle_manager_navigation]: Creating
[INFO] [1785903644.372765706] [lifecycle_manager_navigation]: [34m[1mCreating and initializing lifecycle service clients[0m[0m
[INFO] [1785903645.913898412] [lifecycle_manager_navigation]: [34m[1mStarting managed nodes bringup...[0m[0m
[INFO] [1785903645.913974542] [lifecycle_manager_navigation]: [34m[1mConfiguring controller_server[0m[0m
[INFO] [1785903646.626534205] [lifecycle_manager_navigation]: [34m[1mConfiguring smoother_server[0m[0m
[INFO] [1785903646.798692934] [lifecycle_manager_navigation]: [34m[1mConfiguring planner_server[0m[0m
[INFO] [1785903647.550969958] [lifecycle_manager_navigation]: [34m[1mConfiguring route_server[0m[0m
[INFO] [1785903647.958509224] [lifecycle_manager_navigation]: [34m[1mConfiguring behavior_server[0m[0m
[INFO] [1785903648.350235210] [lifecycle_manager_navigation]: [34m[1mConfiguring velocity_smoother[0m[0m
[INFO] [1785903648.392271601] [lifecycle_manager_navigation]: [34m[1mConfiguring collision_monitor[0m[0m
[INFO] [1785903648.579034901] [lifecycle_manager_navigation]: [34m[1mConfiguring bt_navigator[0m[0m
[INFO] [1785903649.228942425] [lifecycle_manager_navigation]: [34m[1mConfiguring waypoint_follower[0m[0m
[INFO] [1785903649.429486292] [lifecycle_manager_navigation]: [34m[1mConfiguring docking_server[0m[0m
[INFO] [1785903649.600103292] [lifecycle_manager_navigation]: [34m[1mActivating controller_server[0m[0m
[INFO] [1785903649.933866273] [lifecycle_manager_navigation]: Server controller_server connected with bond.
[INFO] [1785903649.933936588] [lifecycle_manager_navigation]: [34m[1mActivating smoother_server[0m[0m
[INFO] [1785903650.054474398] [lifecycle_manager_navigation]: Server smoother_server connected with bond.
[INFO] [1785903650.054549362] [lifecycle_manager_navigation]: [34m[1mActivating planner_server[0m[0m
[INFO] [1785903653.592957038] [lifecycle_manager_navigation]: Server planner_server connected with bond.
[INFO] [1785903653.593033872] [lifecycle_manager_navigation]: [34m[1mActivating route_server[0m[0m
[INFO] [1785903653.714656521] [lifecycle_manager_navigation]: Server route_server connected with bond.
[INFO] [1785903653.714738669] [lifecycle_manager_navigation]: [34m[1mActivating behavior_server[0m[0m
[INFO] [1785903653.830164622] [lifecycle_manager_navigation]: Server behavior_server connected with bond.
[INFO] [1785903653.830238381] [lifecycle_manager_navigation]: [34m[1mActivating velocity_smoother[0m[0m
[INFO] [1785903653.952838276] [lifecycle_manager_navigation]: Server velocity_smoother connected with bond.
[INFO] [1785903653.952905924] [lifecycle_manager_navigation]: [34m[1mActivating collision_monitor[0m[0m
[INFO] [1785903654.074281628] [lifecycle_manager_navigation]: Server collision_monitor connected with bond.
[INFO] [1785903654.074362832] [lifecycle_manager_navigation]: [34m[1mActivating bt_navigator[0m[0m
[INFO] [1785903654.848796982] [lifecycle_manager_navigation]: Server bt_navigator connected with bond.
[INFO] [1785903654.849390096] [lifecycle_manager_navigation]: [34m[1mActivating waypoint_follower[0m[0m
[INFO] [1785903654.973727314] [lifecycle_manager_navigation]: Server waypoint_follower connected with bond.
[INFO] [1785903654.973833277] [lifecycle_manager_navigation]: [34m[1mActivating docking_server[0m[0m
[INFO] [1785903655.224520260] [lifecycle_manager_navigation]: Server docking_server connected with bond.
[INFO] [1785903655.224586001] [lifecycle_manager_navigation]: [34m[1mManaged nodes are active[0m[0m
[INFO] [1785903655.224605612] [lifecycle_manager_navigation]: [34m[1mCreating bond timer...[0m[0m
[INFO] [1785905051.945816348] [rclcpp]: signal_handler(SIGINT/SIGTERM)
[INFO] [1785905051.945998831] [lifecycle_manager_navigation]: Running Nav2 LifecycleManager rcl preshutdown (lifecycle_manager_navigation)
[INFO] [1785905051.946082961] [lifecycle_manager_navigation]: [34m[1mTerminating bond timer...[0m[0m
