[INFO] [1786106753.335502652] [lifecycle_manager_navigation]: Creating
[INFO] [1786106753.359222465] [lifecycle_manager_navigation]: [34m[1mCreating and initializing lifecycle service clients[0m[0m
[INFO] [1786106754.487612279] [lifecycle_manager_navigation]: [34m[1mStarting managed nodes bringup...[0m[0m
[INFO] [1786106754.487720909] [lifecycle_manager_navigation]: [34m[1mConfiguring controller_server[0m[0m
[INFO] [1786106754.806020535] [lifecycle_manager_navigation]: [34m[1mConfiguring planner_server[0m[0m
[INFO] [1786106755.067543669] [lifecycle_manager_navigation]: [34m[1mConfiguring behavior_server[0m[0m
[INFO] [1786106755.223336695] [lifecycle_manager_navigation]: [34m[1mConfiguring bt_navigator[0m[0m
[INFO] [1786106755.556083362] [lifecycle_manager_navigation]: [34m[1mConfiguring velocity_smoother[0m[0m
[INFO] [1786106755.588222128] [lifecycle_manager_navigation]: [34m[1mConfiguring collision_monitor[0m[0m
[INFO] [1786106755.730086931] [lifecycle_manager_navigation]: [34m[1mActivating controller_server[0m[0m
[INFO] [1786106756.097729489] [lifecycle_manager_navigation]: Server controller_server connected with bond.
[INFO] [1786106756.097806082] [lifecycle_manager_navigation]: [34m[1mActivating planner_server[0m[0m
[INFO] [1786106757.468633908] [lifecycle_manager_navigation]: Server planner_server connected with bond.
[INFO] [1786106757.468719650] [lifecycle_manager_navigation]: [34m[1mActivating behavior_server[0m[0m
[INFO] [1786106757.583582825] [lifecycle_manager_navigation]: Server behavior_server connected with bond.
[INFO] [1786106757.583738993] [lifecycle_manager_navigation]: [34m[1mActivating bt_navigator[0m[0m
[INFO] [1786106758.056635397] [lifecycle_manager_navigation]: Server bt_navigator connected with bond.
[INFO] [1786106758.056710731] [lifecycle_manager_navigation]: [34m[1mActivating velocity_smoother[0m[0m
[INFO] [1786106758.176034616] [lifecycle_manager_navigation]: Server velocity_smoother connected with bond.
[INFO] [1786106758.176116950] [lifecycle_manager_navigation]: [34m[1mActivating collision_monitor[0m[0m
[INFO] [1786106758.305574556] [lifecycle_manager_navigation]: Server collision_monitor connected with bond.
[INFO] [1786106758.305811131] [lifecycle_manager_navigation]: [34m[1mManaged nodes are active[0m[0m
[INFO] [1786106758.305881854] [lifecycle_manager_navigation]: [34m[1mCreating bond timer...[0m[0m
[INFO] [1786108719.049013934] [rclcpp]: signal_handler(SIGINT/SIGTERM)
[INFO] [1786108719.049132583] [lifecycle_manager_navigation]: Running Nav2 LifecycleManager rcl preshutdown (lifecycle_manager_navigation)
[INFO] [1786108719.049211065] [lifecycle_manager_navigation]: [34m[1mTerminating bond timer...[0m[0m
