[INFO] [1784059528.560304080] [lifecycle_manager_navigation]: Creating
[INFO] [1784059528.694681804] [lifecycle_manager_navigation]: [34m[1mCreating and initializing lifecycle service clients[0m[0m
[INFO] [1784059530.229941897] [lifecycle_manager_navigation]: [34m[1mStarting managed nodes bringup...[0m[0m
[INFO] [1784059530.230028138] [lifecycle_manager_navigation]: [34m[1mConfiguring controller_server[0m[0m
[INFO] [1784059530.700179090] [lifecycle_manager_navigation]: [34m[1mConfiguring smoother_server[0m[0m
[INFO] [1784059530.834962261] [lifecycle_manager_navigation]: [34m[1mConfiguring planner_server[0m[0m
[INFO] [1784059531.216071703] [lifecycle_manager_navigation]: [34m[1mConfiguring route_server[0m[0m
[INFO] [1784059531.481263148] [lifecycle_manager_navigation]: [34m[1mConfiguring behavior_server[0m[0m
[INFO] [1784059531.855744658] [lifecycle_manager_navigation]: [34m[1mConfiguring velocity_smoother[0m[0m
[INFO] [1784059531.911560216] [lifecycle_manager_navigation]: [34m[1mConfiguring collision_monitor[0m[0m
[INFO] [1784059532.035521986] [lifecycle_manager_navigation]: [34m[1mConfiguring bt_navigator[0m[0m
[INFO] [1784059532.586379691] [lifecycle_manager_navigation]: [34m[1mConfiguring waypoint_follower[0m[0m
[INFO] [1784059532.746826137] [lifecycle_manager_navigation]: [34m[1mConfiguring docking_server[0m[0m
[INFO] [1784059532.983206825] [lifecycle_manager_navigation]: [34m[1mActivating controller_server[0m[0m
[INFO] [1784059533.313102533] [lifecycle_manager_navigation]: Server controller_server connected with bond.
[INFO] [1784059533.313181478] [lifecycle_manager_navigation]: [34m[1mActivating smoother_server[0m[0m
[INFO] [1784059533.434221951] [lifecycle_manager_navigation]: Server smoother_server connected with bond.
[INFO] [1784059533.434306914] [lifecycle_manager_navigation]: [34m[1mActivating planner_server[0m[0m
[INFO] [1784059535.628516881] [lifecycle_manager_navigation]: Server planner_server connected with bond.
[INFO] [1784059535.628608307] [lifecycle_manager_navigation]: [34m[1mActivating route_server[0m[0m
[INFO] [1784059535.753888530] [lifecycle_manager_navigation]: Server route_server connected with bond.
[INFO] [1784059535.753962826] [lifecycle_manager_navigation]: [34m[1mActivating behavior_server[0m[0m
[INFO] [1784059535.874826928] [lifecycle_manager_navigation]: Server behavior_server connected with bond.
[INFO] [1784059535.874910910] [lifecycle_manager_navigation]: [34m[1mActivating velocity_smoother[0m[0m
[INFO] [1784059535.993687554] [lifecycle_manager_navigation]: Server velocity_smoother connected with bond.
[INFO] [1784059535.993765499] [lifecycle_manager_navigation]: [34m[1mActivating collision_monitor[0m[0m
[INFO] [1784059536.132213397] [lifecycle_manager_navigation]: Server collision_monitor connected with bond.
[INFO] [1784059536.132314342] [lifecycle_manager_navigation]: [34m[1mActivating bt_navigator[0m[0m
[INFO] [1784059537.149018824] [lifecycle_manager_navigation]: Server bt_navigator connected with bond.
[INFO] [1784059537.149315566] [lifecycle_manager_navigation]: [34m[1mActivating waypoint_follower[0m[0m
[INFO] [1784059537.331256982] [lifecycle_manager_navigation]: Server waypoint_follower connected with bond.
[INFO] [1784059537.331502669] [lifecycle_manager_navigation]: [34m[1mActivating docking_server[0m[0m
[INFO] [1784059538.001582429] [lifecycle_manager_navigation]: Server docking_server connected with bond.
[INFO] [1784059538.001699022] [lifecycle_manager_navigation]: [34m[1mManaged nodes are active[0m[0m
[INFO] [1784059538.001726670] [lifecycle_manager_navigation]: [34m[1mCreating bond timer...[0m[0m
[INFO] [1784059591.077267741] [rclcpp]: signal_handler(SIGINT/SIGTERM)
[INFO] [1784059591.077392038] [lifecycle_manager_navigation]: Running Nav2 LifecycleManager rcl preshutdown (lifecycle_manager_navigation)
[INFO] [1784059591.077465853] [lifecycle_manager_navigation]: [34m[1mTerminating bond timer...[0m[0m
