[INFO] [1775784527.958123143] [lifecycle_manager_navigation]: Creating
[INFO] [1775784527.990503304] [lifecycle_manager_navigation]: [34m[1mCreating and initializing lifecycle service clients[0m[0m
[INFO] [1775784530.059525445] [lifecycle_manager_navigation]: Waiting for service controller_server/get_state...
[INFO] [1775784530.391491580] [lifecycle_manager_navigation]: [34m[1mStarting managed nodes bringup...[0m[0m
[INFO] [1775784530.391646414] [lifecycle_manager_navigation]: [34m[1mConfiguring controller_server[0m[0m
[INFO] [1775784533.286102797] [lifecycle_manager_navigation]: [34m[1mConfiguring smoother_server[0m[0m
[INFO] [1775784533.390319409] [lifecycle_manager_navigation]: [34m[1mConfiguring planner_server[0m[0m
[INFO] [1775784536.359128089] [lifecycle_manager_navigation]: [34m[1mConfiguring route_server[0m[0m
[INFO] [1775784536.606295746] [lifecycle_manager_navigation]: [34m[1mConfiguring behavior_server[0m[0m
[INFO] [1775784536.891506056] [lifecycle_manager_navigation]: [34m[1mConfiguring velocity_smoother[0m[0m
[INFO] [1775784536.928751093] [lifecycle_manager_navigation]: [34m[1mConfiguring collision_monitor[0m[0m
[INFO] [1775784537.044658059] [lifecycle_manager_navigation]: [34m[1mConfiguring bt_navigator[0m[0m
[INFO] [1775784539.463493480] [lifecycle_manager_navigation]: [34m[1mConfiguring waypoint_follower[0m[0m
[INFO] [1775784539.600374995] [lifecycle_manager_navigation]: [34m[1mConfiguring docking_server[0m[0m
[INFO] [1775784539.783360555] [lifecycle_manager_navigation]: [34m[1mActivating controller_server[0m[0m
[INFO] [1775784540.118382335] [lifecycle_manager_navigation]: Server controller_server connected with bond.
[INFO] [1775784540.118467651] [lifecycle_manager_navigation]: [34m[1mActivating smoother_server[0m[0m
[INFO] [1775784540.243489051] [lifecycle_manager_navigation]: Server smoother_server connected with bond.
[INFO] [1775784540.243576941] [lifecycle_manager_navigation]: [34m[1mActivating planner_server[0m[0m
[INFO] [1775784541.420903195] [lifecycle_manager_navigation]: Server planner_server connected with bond.
[INFO] [1775784541.420960362] [lifecycle_manager_navigation]: [34m[1mActivating route_server[0m[0m
[INFO] [1775784541.536639808] [lifecycle_manager_navigation]: Server route_server connected with bond.
[INFO] [1775784541.536721939] [lifecycle_manager_navigation]: [34m[1mActivating behavior_server[0m[0m
[INFO] [1775784541.650731340] [lifecycle_manager_navigation]: Server behavior_server connected with bond.
[INFO] [1775784541.650805618] [lifecycle_manager_navigation]: [34m[1mActivating velocity_smoother[0m[0m
[INFO] [1775784541.766819622] [lifecycle_manager_navigation]: Server velocity_smoother connected with bond.
[INFO] [1775784541.766895956] [lifecycle_manager_navigation]: [34m[1mActivating collision_monitor[0m[0m
[INFO] [1775784541.890969537] [lifecycle_manager_navigation]: Server collision_monitor connected with bond.
[INFO] [1775784541.891043611] [lifecycle_manager_navigation]: [34m[1mActivating bt_navigator[0m[0m
[INFO] [1775784542.845985183] [lifecycle_manager_navigation]: Server bt_navigator connected with bond.
[INFO] [1775784542.846060387] [lifecycle_manager_navigation]: [34m[1mActivating waypoint_follower[0m[0m
[INFO] [1775784542.972222090] [lifecycle_manager_navigation]: Server waypoint_follower connected with bond.
[INFO] [1775784542.972304091] [lifecycle_manager_navigation]: [34m[1mActivating docking_server[0m[0m
[INFO] [1775784543.169682574] [lifecycle_manager_navigation]: Server docking_server connected with bond.
[INFO] [1775784543.169750556] [lifecycle_manager_navigation]: [34m[1mManaged nodes are active[0m[0m
[INFO] [1775784543.169774241] [lifecycle_manager_navigation]: [34m[1mCreating bond timer...[0m[0m
[INFO] [1775784617.647950620] [rclcpp]: signal_handler(SIGINT/SIGTERM)
[INFO] [1775784617.648171751] [lifecycle_manager_navigation]: Running Nav2 LifecycleManager rcl preshutdown (lifecycle_manager_navigation)
[INFO] [1775784617.648252159] [lifecycle_manager_navigation]: [34m[1mTerminating bond timer...[0m[0m
