[INFO] [1785296321.426739386] [lifecycle_manager_localization]: Creating
[INFO] [1785296321.443997963] [lifecycle_manager_localization]: [34m[1mCreating and initializing lifecycle service clients[0m[0m
[INFO] [1785296321.458324951] [lifecycle_manager_localization]: [34m[1mStarting managed nodes bringup...[0m[0m
[INFO] [1785296321.458401210] [lifecycle_manager_localization]: [34m[1mConfiguring map_server[0m[0m
[INFO] [1785296321.694250581] [lifecycle_manager_localization]: [34m[1mConfiguring amcl[0m[0m
[INFO] [1785296321.721411473] [lifecycle_manager_localization]: [34m[1mActivating map_server[0m[0m
[INFO] [1785296321.837025322] [lifecycle_manager_localization]: Server map_server connected with bond.
[INFO] [1785296321.837091378] [lifecycle_manager_localization]: [34m[1mActivating amcl[0m[0m
[INFO] [1785296321.943351156] [lifecycle_manager_localization]: Server amcl connected with bond.
[INFO] [1785296321.943412563] [lifecycle_manager_localization]: [34m[1mManaged nodes are active[0m[0m
[INFO] [1785296321.943435249] [lifecycle_manager_localization]: [34m[1mCreating bond timer...[0m[0m
[INFO] [1785296525.343555974] [lifecycle_manager_localization]: [34m[1mHave not received a heartbeat from map_server.[0m[0m
[ERROR] [1785296525.343628752] [lifecycle_manager_localization]: CRITICAL FAILURE: SERVER map_server IS DOWN after not receiving a heartbeat for 4000 ms. Shutting down related nodes.
[INFO] [1785296525.343692141] [lifecycle_manager_localization]: [34m[1mTerminating bond timer...[0m[0m
[INFO] [1785296525.343718401] [lifecycle_manager_localization]: [34m[1mResetting managed nodes...[0m[0m
[INFO] [1785296525.343737549] [lifecycle_manager_localization]: [34m[1mDeactivating amcl[0m[0m
[INFO] [1785296527.997463775] [lifecycle_manager_localization]: [34m[1mDeactivating map_server[0m[0m
[INFO] [1785296531.125930315] [lifecycle_manager_localization]: [34m[1mCleaning up amcl[0m[0m
[INFO] [1785296532.520185424] [lifecycle_manager_localization]: [34m[1mCleaning up map_server[0m[0m
[INFO] [1785296532.535310341] [lifecycle_manager_localization]: [34m[1mManaged nodes have been reset[0m[0m
[INFO] [1785296534.116519363] [lifecycle_manager_localization]: [34m[1mSuccessfully re-established connections from server respawns, starting back up.[0m[0m
[INFO] [1785296534.116908810] [lifecycle_manager_localization]: [34m[1mStarting managed nodes bringup...[0m[0m
[INFO] [1785296534.116957625] [lifecycle_manager_localization]: [34m[1mConfiguring map_server[0m[0m
[INFO] [1785296534.221726154] [lifecycle_manager_localization]: [34m[1mConfiguring amcl[0m[0m
[INFO] [1785296535.312502996] [lifecycle_manager_localization]: [34m[1mActivating map_server[0m[0m
[INFO] [1785296543.777571410] [lifecycle_manager_localization]: Server map_server connected with bond.
[INFO] [1785296543.777640762] [lifecycle_manager_localization]: [34m[1mActivating amcl[0m[0m
[INFO] [1785296543.888229971] [lifecycle_manager_localization]: Server amcl connected with bond.
[INFO] [1785296543.888317620] [lifecycle_manager_localization]: [34m[1mManaged nodes are active[0m[0m
[INFO] [1785296543.888333972] [lifecycle_manager_localization]: [34m[1mCreating bond timer...[0m[0m
[INFO] [1785296559.888465704] [lifecycle_manager_localization]: [34m[1mHave not received a heartbeat from map_server.[0m[0m
[ERROR] [1785296559.888553445] [lifecycle_manager_localization]: CRITICAL FAILURE: SERVER map_server IS DOWN after not receiving a heartbeat for 4000 ms. Shutting down related nodes.
[INFO] [1785296559.888621112] [lifecycle_manager_localization]: [34m[1mTerminating bond timer...[0m[0m
[INFO] [1785296559.888644334] [lifecycle_manager_localization]: [34m[1mResetting managed nodes...[0m[0m
[INFO] [1785296559.888661927] [lifecycle_manager_localization]: [34m[1mDeactivating amcl[0m[0m
[INFO] [1785296563.548188095] [lifecycle_manager_localization]: [34m[1mDeactivating map_server[0m[0m
[INFO] [1785296614.678993769] [lifecycle_manager_localization]: [34m[1mCleaning up amcl[0m[0m
[INFO] [1785296614.704230983] [lifecycle_manager_localization]: [34m[1mCleaning up map_server[0m[0m
[INFO] [1785296614.714979025] [lifecycle_manager_localization]: [34m[1mManaged nodes have been reset[0m[0m
[INFO] [1785296615.716058552] [lifecycle_manager_localization]: [34m[1mSuccessfully re-established connections from server respawns, starting back up.[0m[0m
[INFO] [1785296615.716118016] [lifecycle_manager_localization]: [34m[1mStarting managed nodes bringup...[0m[0m
[INFO] [1785296615.716137479] [lifecycle_manager_localization]: [34m[1mConfiguring map_server[0m[0m
[INFO] [1785296615.817586970] [lifecycle_manager_localization]: [34m[1mConfiguring amcl[0m[0m
[INFO] [1785296615.850055244] [lifecycle_manager_localization]: [34m[1mActivating map_server[0m[0m
[ERROR] [1785296659.467813776] [lifecycle_manager_localization]: Failed to change state for node: map_server. Exception: map_server/get_state service client: async_send_request failed.
[ERROR] [1785296659.467934536] [lifecycle_manager_localization]: Failed to bring up all requested nodes. Aborting bringup.
[INFO] [1785296719.517048965] [rclcpp]: signal_handler(SIGINT/SIGTERM)
[INFO] [1785296719.517235966] [lifecycle_manager_localization]: Running Nav2 LifecycleManager rcl preshutdown (lifecycle_manager_localization)
