[INFO] [1783996722.594928613] [lifecycle_manager_navigation]: Creating
[INFO] [1783996722.700946444] [lifecycle_manager_navigation]: [34m[1mCreating and initializing lifecycle service clients[0m[0m
[INFO] [1783996724.774062369] [lifecycle_manager_navigation]: [34m[1mStarting managed nodes bringup...[0m[0m
[INFO] [1783996724.774158073] [lifecycle_manager_navigation]: [34m[1mConfiguring controller_server[0m[0m
[INFO] [1783996725.290545928] [lifecycle_manager_navigation]: [34m[1mConfiguring smoother_server[0m[0m
[INFO] [1783996725.409787891] [lifecycle_manager_navigation]: [34m[1mConfiguring planner_server[0m[0m
[INFO] [1783996725.838822225] [lifecycle_manager_navigation]: [34m[1mConfiguring route_server[0m[0m
[INFO] [1783996726.073855649] [lifecycle_manager_navigation]: [34m[1mConfiguring behavior_server[0m[0m
[INFO] [1783996726.374788544] [lifecycle_manager_navigation]: [34m[1mConfiguring velocity_smoother[0m[0m
[INFO] [1783996726.405589017] [lifecycle_manager_navigation]: [34m[1mConfiguring collision_monitor[0m[0m
[INFO] [1783996726.530857996] [lifecycle_manager_navigation]: [34m[1mConfiguring bt_navigator[0m[0m
[INFO] [1783996727.077278986] [lifecycle_manager_navigation]: [34m[1mConfiguring waypoint_follower[0m[0m
[INFO] [1783996727.220333455] [lifecycle_manager_navigation]: [34m[1mConfiguring docking_server[0m[0m
[INFO] [1783996727.469361238] [lifecycle_manager_navigation]: [34m[1mActivating controller_server[0m[0m
[INFO] [1783996727.794994997] [lifecycle_manager_navigation]: Server controller_server connected with bond.
[INFO] [1783996727.795064423] [lifecycle_manager_navigation]: [34m[1mActivating smoother_server[0m[0m
[INFO] [1783996727.913032804] [lifecycle_manager_navigation]: Server smoother_server connected with bond.
[INFO] [1783996727.913105045] [lifecycle_manager_navigation]: [34m[1mActivating planner_server[0m[0m
[INFO] [1783996730.059893875] [lifecycle_manager_navigation]: Server planner_server connected with bond.
[INFO] [1783996730.060498156] [lifecycle_manager_navigation]: [34m[1mActivating route_server[0m[0m
[INFO] [1783996730.199368268] [lifecycle_manager_navigation]: Server route_server connected with bond.
[INFO] [1783996730.199438880] [lifecycle_manager_navigation]: [34m[1mActivating behavior_server[0m[0m
[INFO] [1783996730.331968234] [lifecycle_manager_navigation]: Server behavior_server connected with bond.
[INFO] [1783996730.332073456] [lifecycle_manager_navigation]: [34m[1mActivating velocity_smoother[0m[0m
[INFO] [1783996730.453696859] [lifecycle_manager_navigation]: Server velocity_smoother connected with bond.
[INFO] [1783996730.453783322] [lifecycle_manager_navigation]: [34m[1mActivating collision_monitor[0m[0m
[INFO] [1783996730.596186584] [lifecycle_manager_navigation]: Server collision_monitor connected with bond.
[INFO] [1783996730.596248844] [lifecycle_manager_navigation]: [34m[1mActivating bt_navigator[0m[0m
[INFO] [1783996731.504953100] [lifecycle_manager_navigation]: Server bt_navigator connected with bond.
[INFO] [1783996731.505040248] [lifecycle_manager_navigation]: [34m[1mActivating waypoint_follower[0m[0m
[INFO] [1783996731.653305230] [lifecycle_manager_navigation]: Server waypoint_follower connected with bond.
[INFO] [1783996731.653411545] [lifecycle_manager_navigation]: [34m[1mActivating docking_server[0m[0m
[INFO] [1783996731.991762285] [lifecycle_manager_navigation]: Server docking_server connected with bond.
[INFO] [1783996731.993135218] [lifecycle_manager_navigation]: [34m[1mManaged nodes are active[0m[0m
[INFO] [1783996731.993854204] [lifecycle_manager_navigation]: [34m[1mCreating bond timer...[0m[0m
[INFO] [1783996792.971738725] [rclcpp]: signal_handler(SIGINT/SIGTERM)
[INFO] [1783996792.972231284] [lifecycle_manager_navigation]: Running Nav2 LifecycleManager rcl preshutdown (lifecycle_manager_navigation)
[INFO] [1783996792.972375618] [lifecycle_manager_navigation]: [34m[1mTerminating bond timer...[0m[0m
