[INFO] [1785902817.602601595] [lifecycle_manager_navigation]: Creating
[INFO] [1785902817.637204730] [lifecycle_manager_navigation]: [34m[1mCreating and initializing lifecycle service clients[0m[0m
[INFO] [1785902819.646744564] [lifecycle_manager_navigation]: Waiting for service controller_server/get_state...
[INFO] [1785902820.842492512] [lifecycle_manager_navigation]: [34m[1mStarting managed nodes bringup...[0m[0m
[INFO] [1785902820.842574327] [lifecycle_manager_navigation]: [34m[1mConfiguring controller_server[0m[0m
[INFO] [1785902821.325649667] [lifecycle_manager_navigation]: [34m[1mConfiguring smoother_server[0m[0m
[INFO] [1785902821.441829836] [lifecycle_manager_navigation]: [34m[1mConfiguring planner_server[0m[0m
[INFO] [1785902821.829110312] [lifecycle_manager_navigation]: [34m[1mConfiguring route_server[0m[0m
[INFO] [1785902822.082756681] [lifecycle_manager_navigation]: [34m[1mConfiguring behavior_server[0m[0m
[INFO] [1785902822.407186326] [lifecycle_manager_navigation]: [34m[1mConfiguring velocity_smoother[0m[0m
[INFO] [1785902822.428513969] [lifecycle_manager_navigation]: [34m[1mConfiguring collision_monitor[0m[0m
[INFO] [1785902822.568545441] [lifecycle_manager_navigation]: [34m[1mConfiguring bt_navigator[0m[0m
[INFO] [1785902823.418140321] [lifecycle_manager_navigation]: [34m[1mConfiguring waypoint_follower[0m[0m
[INFO] [1785902823.580510922] [lifecycle_manager_navigation]: [34m[1mConfiguring docking_server[0m[0m
[INFO] [1785902823.817955507] [lifecycle_manager_navigation]: [34m[1mActivating controller_server[0m[0m
[INFO] [1785902824.148261682] [lifecycle_manager_navigation]: Server controller_server connected with bond.
[INFO] [1785902824.148347756] [lifecycle_manager_navigation]: [34m[1mActivating smoother_server[0m[0m
[INFO] [1785902824.262614156] [lifecycle_manager_navigation]: Server smoother_server connected with bond.
[INFO] [1785902824.262697971] [lifecycle_manager_navigation]: [34m[1mActivating planner_server[0m[0m
[INFO] [1785902827.811700477] [lifecycle_manager_navigation]: Server planner_server connected with bond.
[INFO] [1785902827.811788940] [lifecycle_manager_navigation]: [34m[1mActivating route_server[0m[0m
[INFO] [1785902827.943767928] [lifecycle_manager_navigation]: Server route_server connected with bond.
[INFO] [1785902827.943952855] [lifecycle_manager_navigation]: [34m[1mActivating behavior_server[0m[0m
[INFO] [1785902828.099030698] [lifecycle_manager_navigation]: Server behavior_server connected with bond.
[INFO] [1785902828.099134902] [lifecycle_manager_navigation]: [34m[1mActivating velocity_smoother[0m[0m
[INFO] [1785902828.260842556] [lifecycle_manager_navigation]: Server velocity_smoother connected with bond.
[INFO] [1785902828.260910575] [lifecycle_manager_navigation]: [34m[1mActivating collision_monitor[0m[0m
[INFO] [1785902828.396951805] [lifecycle_manager_navigation]: Server collision_monitor connected with bond.
[INFO] [1785902828.397044009] [lifecycle_manager_navigation]: [34m[1mActivating bt_navigator[0m[0m
[INFO] [1785902829.142858707] [lifecycle_manager_navigation]: Server bt_navigator connected with bond.
[INFO] [1785902829.142944800] [lifecycle_manager_navigation]: [34m[1mActivating waypoint_follower[0m[0m
[INFO] [1785902829.276759204] [lifecycle_manager_navigation]: Server waypoint_follower connected with bond.
[INFO] [1785902829.276855261] [lifecycle_manager_navigation]: [34m[1mActivating docking_server[0m[0m
[INFO] [1785902829.530087831] [lifecycle_manager_navigation]: Server docking_server connected with bond.
[INFO] [1785902829.530181220] [lifecycle_manager_navigation]: [34m[1mManaged nodes are active[0m[0m
[INFO] [1785902829.530210535] [lifecycle_manager_navigation]: [34m[1mCreating bond timer...[0m[0m
[INFO] [1785903094.344021468] [rclcpp]: signal_handler(SIGINT/SIGTERM)
[INFO] [1785903094.344193932] [lifecycle_manager_navigation]: Running Nav2 LifecycleManager rcl preshutdown (lifecycle_manager_navigation)
[INFO] [1785903094.344268173] [lifecycle_manager_navigation]: [34m[1mTerminating bond timer...[0m[0m
