[INFO] [1783121466.750729092] [lifecycle_manager_navigation]: Creating
[INFO] [1783121466.831171581] [lifecycle_manager_navigation]: [34m[1mCreating and initializing lifecycle service clients[0m[0m
[INFO] [1783121469.287523449] [lifecycle_manager_navigation]: [34m[1mStarting managed nodes bringup...[0m[0m
[INFO] [1783121469.287636542] [lifecycle_manager_navigation]: [34m[1mConfiguring controller_server[0m[0m
[INFO] [1783121469.870681710] [lifecycle_manager_navigation]: [34m[1mConfiguring smoother_server[0m[0m
[INFO] [1783121470.040598999] [lifecycle_manager_navigation]: [34m[1mConfiguring planner_server[0m[0m
[INFO] [1783121470.509629321] [lifecycle_manager_navigation]: [34m[1mConfiguring route_server[0m[0m
[INFO] [1783121470.914357634] [lifecycle_manager_navigation]: [34m[1mConfiguring behavior_server[0m[0m
[INFO] [1783121471.353333547] [lifecycle_manager_navigation]: [34m[1mConfiguring velocity_smoother[0m[0m
[INFO] [1783121471.406549735] [lifecycle_manager_navigation]: [34m[1mConfiguring collision_monitor[0m[0m
[INFO] [1783121471.592941616] [lifecycle_manager_navigation]: [34m[1mConfiguring bt_navigator[0m[0m
[INFO] [1783121472.262531696] [lifecycle_manager_navigation]: [34m[1mConfiguring waypoint_follower[0m[0m
[INFO] [1783121472.567906673] [lifecycle_manager_navigation]: [34m[1mConfiguring docking_server[0m[0m
[INFO] [1783121472.970658752] [lifecycle_manager_navigation]: [34m[1mActivating controller_server[0m[0m
[INFO] [1783121473.292523469] [lifecycle_manager_navigation]: Server controller_server connected with bond.
[INFO] [1783121473.292592599] [lifecycle_manager_navigation]: [34m[1mActivating smoother_server[0m[0m
[INFO] [1783121473.412646089] [lifecycle_manager_navigation]: Server smoother_server connected with bond.
[INFO] [1783121473.412742590] [lifecycle_manager_navigation]: [34m[1mActivating planner_server[0m[0m
[INFO] [1783121475.542074841] [lifecycle_manager_navigation]: Server planner_server connected with bond.
[INFO] [1783121475.542165267] [lifecycle_manager_navigation]: [34m[1mActivating route_server[0m[0m
[INFO] [1783121475.657965752] [lifecycle_manager_navigation]: Server route_server connected with bond.
[INFO] [1783121475.658038919] [lifecycle_manager_navigation]: [34m[1mActivating behavior_server[0m[0m
[INFO] [1783121475.774686464] [lifecycle_manager_navigation]: Server behavior_server connected with bond.
[INFO] [1783121475.774757723] [lifecycle_manager_navigation]: [34m[1mActivating velocity_smoother[0m[0m
[INFO] [1783121475.896708576] [lifecycle_manager_navigation]: Server velocity_smoother connected with bond.
[INFO] [1783121475.896805613] [lifecycle_manager_navigation]: [34m[1mActivating collision_monitor[0m[0m
[INFO] [1783121476.027289088] [lifecycle_manager_navigation]: Server collision_monitor connected with bond.
[INFO] [1783121476.027360940] [lifecycle_manager_navigation]: [34m[1mActivating bt_navigator[0m[0m
[INFO] [1783121476.656462052] [lifecycle_manager_navigation]: Server bt_navigator connected with bond.
[INFO] [1783121476.656551052] [lifecycle_manager_navigation]: [34m[1mActivating waypoint_follower[0m[0m
[INFO] [1783121476.772902040] [lifecycle_manager_navigation]: Server waypoint_follower connected with bond.
[INFO] [1783121476.772985596] [lifecycle_manager_navigation]: [34m[1mActivating docking_server[0m[0m
[INFO] [1783121476.975741069] [lifecycle_manager_navigation]: Server docking_server connected with bond.
[INFO] [1783121476.975819458] [lifecycle_manager_navigation]: [34m[1mManaged nodes are active[0m[0m
[INFO] [1783121476.975846051] [lifecycle_manager_navigation]: [34m[1mCreating bond timer...[0m[0m
[INFO] [1783121887.975888060] [rclcpp]: signal_handler(SIGINT/SIGTERM)
[INFO] [1783121887.976037376] [lifecycle_manager_navigation]: Running Nav2 LifecycleManager rcl preshutdown (lifecycle_manager_navigation)
[INFO] [1783121887.976121284] [lifecycle_manager_navigation]: [34m[1mTerminating bond timer...[0m[0m
