[INFO] [1786140484.946371913] [lifecycle_manager_navigation]: Creating
[INFO] [1786140484.965374749] [lifecycle_manager_navigation]: [34m[1mCreating and initializing lifecycle service clients[0m[0m
[INFO] [1786140485.647840224] [lifecycle_manager_navigation]: [34m[1mStarting managed nodes bringup...[0m[0m
[INFO] [1786140485.647950817] [lifecycle_manager_navigation]: [34m[1mConfiguring controller_server[0m[0m
[INFO] [1786140486.069249643] [lifecycle_manager_navigation]: [34m[1mConfiguring planner_server[0m[0m
[INFO] [1786140486.296429374] [lifecycle_manager_navigation]: [34m[1mConfiguring behavior_server[0m[0m
[INFO] [1786140486.626613921] [lifecycle_manager_navigation]: [34m[1mConfiguring bt_navigator[0m[0m
[INFO] [1786140487.437994143] [lifecycle_manager_navigation]: [34m[1mConfiguring velocity_smoother[0m[0m
[INFO] [1786140487.447756876] [lifecycle_manager_navigation]: [34m[1mConfiguring collision_monitor[0m[0m
[INFO] [1786140487.557398508] [lifecycle_manager_navigation]: [34m[1mActivating controller_server[0m[0m
[INFO] [1786140487.883942784] [lifecycle_manager_navigation]: Server controller_server connected with bond.
[INFO] [1786140487.884028599] [lifecycle_manager_navigation]: [34m[1mActivating planner_server[0m[0m
[INFO] [1786140489.270550080] [lifecycle_manager_navigation]: Server planner_server connected with bond.
[INFO] [1786140489.270649580] [lifecycle_manager_navigation]: [34m[1mActivating behavior_server[0m[0m
[INFO] [1786140489.391602561] [lifecycle_manager_navigation]: Server behavior_server connected with bond.
[INFO] [1786140489.391701821] [lifecycle_manager_navigation]: [34m[1mActivating bt_navigator[0m[0m
[INFO] [1786140489.913170490] [lifecycle_manager_navigation]: Server bt_navigator connected with bond.
[INFO] [1786140489.913288786] [lifecycle_manager_navigation]: [34m[1mActivating velocity_smoother[0m[0m
[INFO] [1786140490.036399366] [lifecycle_manager_navigation]: Server velocity_smoother connected with bond.
[INFO] [1786140490.036507256] [lifecycle_manager_navigation]: [34m[1mActivating collision_monitor[0m[0m
[INFO] [1786140490.154742376] [lifecycle_manager_navigation]: Server collision_monitor connected with bond.
[INFO] [1786140490.154860562] [lifecycle_manager_navigation]: [34m[1mManaged nodes are active[0m[0m
[INFO] [1786140490.154891747] [lifecycle_manager_navigation]: [34m[1mCreating bond timer...[0m[0m
[INFO] [1786140537.964530448] [rclcpp]: signal_handler(SIGINT/SIGTERM)
[INFO] [1786140537.964670912] [lifecycle_manager_navigation]: Running Nav2 LifecycleManager rcl preshutdown (lifecycle_manager_navigation)
[INFO] [1786140537.965431544] [lifecycle_manager_navigation]: [34m[1mTerminating bond timer...[0m[0m
