[INFO] [1786031967.691677332] [lifecycle_manager_navigation]: Creating
[INFO] [1786031967.772273983] [lifecycle_manager_navigation]: [34m[1mCreating and initializing lifecycle service clients[0m[0m
[INFO] [1786031968.563338171] [lifecycle_manager_navigation]: [34m[1mStarting managed nodes bringup...[0m[0m
[INFO] [1786031968.563448023] [lifecycle_manager_navigation]: [34m[1mConfiguring controller_server[0m[0m
[INFO] [1786031968.816010740] [lifecycle_manager_navigation]: [34m[1mConfiguring planner_server[0m[0m
[INFO] [1786031969.028819866] [lifecycle_manager_navigation]: [34m[1mConfiguring behavior_server[0m[0m
[INFO] [1786031969.157606988] [lifecycle_manager_navigation]: [34m[1mConfiguring bt_navigator[0m[0m
[INFO] [1786031969.367407653] [lifecycle_manager_navigation]: [34m[1mConfiguring velocity_smoother[0m[0m
[INFO] [1786031969.377574098] [lifecycle_manager_navigation]: [34m[1mConfiguring collision_monitor[0m[0m
[INFO] [1786031969.431156285] [lifecycle_manager_navigation]: [34m[1mActivating controller_server[0m[0m
[INFO] [1786031971.767032733] [lifecycle_manager_navigation]: Server controller_server connected with bond.
[INFO] [1786031971.767112548] [lifecycle_manager_navigation]: [34m[1mActivating planner_server[0m[0m
[INFO] [1786031976.285946280] [lifecycle_manager_navigation]: Server planner_server connected with bond.
[INFO] [1786031976.286034910] [lifecycle_manager_navigation]: [34m[1mActivating behavior_server[0m[0m
[INFO] [1786031976.406788858] [lifecycle_manager_navigation]: Server behavior_server connected with bond.
[INFO] [1786031976.406871729] [lifecycle_manager_navigation]: [34m[1mActivating bt_navigator[0m[0m
[INFO] [1786031976.820989676] [lifecycle_manager_navigation]: Server bt_navigator connected with bond.
[INFO] [1786031976.821090066] [lifecycle_manager_navigation]: [34m[1mActivating velocity_smoother[0m[0m
[INFO] [1786031976.940602192] [lifecycle_manager_navigation]: Server velocity_smoother connected with bond.
[INFO] [1786031976.940683878] [lifecycle_manager_navigation]: [34m[1mActivating collision_monitor[0m[0m
[INFO] [1786031977.057710953] [lifecycle_manager_navigation]: Server collision_monitor connected with bond.
[INFO] [1786031977.057794509] [lifecycle_manager_navigation]: [34m[1mManaged nodes are active[0m[0m
[INFO] [1786031977.057817491] [lifecycle_manager_navigation]: [34m[1mCreating bond timer...[0m[0m
[INFO] [1786032019.695454526] [rclcpp]: signal_handler(SIGINT/SIGTERM)
[INFO] [1786032019.695592878] [lifecycle_manager_navigation]: Running Nav2 LifecycleManager rcl preshutdown (lifecycle_manager_navigation)
[INFO] [1786032019.695676194] [lifecycle_manager_navigation]: [34m[1mTerminating bond timer...[0m[0m
