[INFO] [1784073153.760471054] [lifecycle_manager_navigation]: Creating
[INFO] [1784073153.774534219] [lifecycle_manager_navigation]: [34m[1mCreating and initializing lifecycle service clients[0m[0m
[INFO] [1784073155.782157417] [lifecycle_manager_navigation]: Waiting for service controller_server/get_state...
[INFO] [1784073156.949851386] [lifecycle_manager_navigation]: [34m[1mStarting managed nodes bringup...[0m[0m
[INFO] [1784073156.950050054] [lifecycle_manager_navigation]: [34m[1mConfiguring controller_server[0m[0m
[INFO] [1784073157.846830371] [lifecycle_manager_navigation]: [34m[1mConfiguring smoother_server[0m[0m
[INFO] [1784073158.015693962] [lifecycle_manager_navigation]: [34m[1mConfiguring planner_server[0m[0m
[INFO] [1784073158.343915521] [lifecycle_manager_navigation]: [34m[1mConfiguring route_server[0m[0m
[INFO] [1784073158.558794218] [lifecycle_manager_navigation]: [34m[1mConfiguring behavior_server[0m[0m
[INFO] [1784073158.805204060] [lifecycle_manager_navigation]: [34m[1mConfiguring velocity_smoother[0m[0m
[INFO] [1784073158.834721193] [lifecycle_manager_navigation]: [34m[1mConfiguring collision_monitor[0m[0m
[INFO] [1784073158.975071082] [lifecycle_manager_navigation]: [34m[1mConfiguring bt_navigator[0m[0m
[INFO] [1784073159.429650680] [lifecycle_manager_navigation]: [34m[1mConfiguring waypoint_follower[0m[0m
[INFO] [1784073159.553408964] [lifecycle_manager_navigation]: [34m[1mConfiguring docking_server[0m[0m
[INFO] [1784073159.741009485] [lifecycle_manager_navigation]: [34m[1mActivating controller_server[0m[0m
[INFO] [1784073160.064623464] [lifecycle_manager_navigation]: Server controller_server connected with bond.
[INFO] [1784073160.064689039] [lifecycle_manager_navigation]: [34m[1mActivating smoother_server[0m[0m
[INFO] [1784073160.183277964] [lifecycle_manager_navigation]: Server smoother_server connected with bond.
[INFO] [1784073160.183459298] [lifecycle_manager_navigation]: [34m[1mActivating planner_server[0m[0m
[INFO] [1784073162.317558220] [lifecycle_manager_navigation]: Server planner_server connected with bond.
[INFO] [1784073162.317638387] [lifecycle_manager_navigation]: [34m[1mActivating route_server[0m[0m
[INFO] [1784073162.431872586] [lifecycle_manager_navigation]: Server route_server connected with bond.
[INFO] [1784073162.431941587] [lifecycle_manager_navigation]: [34m[1mActivating behavior_server[0m[0m
[INFO] [1784073162.550376659] [lifecycle_manager_navigation]: Server behavior_server connected with bond.
[INFO] [1784073162.550451252] [lifecycle_manager_navigation]: [34m[1mActivating velocity_smoother[0m[0m
[INFO] [1784073162.678581114] [lifecycle_manager_navigation]: Server velocity_smoother connected with bond.
[INFO] [1784073162.678678671] [lifecycle_manager_navigation]: [34m[1mActivating collision_monitor[0m[0m
[INFO] [1784073162.803723369] [lifecycle_manager_navigation]: Server collision_monitor connected with bond.
[INFO] [1784073162.803801610] [lifecycle_manager_navigation]: [34m[1mActivating bt_navigator[0m[0m
[INFO] [1784073163.490417550] [lifecycle_manager_navigation]: Server bt_navigator connected with bond.
[INFO] [1784073163.490486791] [lifecycle_manager_navigation]: [34m[1mActivating waypoint_follower[0m[0m
[INFO] [1784073163.616435717] [lifecycle_manager_navigation]: Server waypoint_follower connected with bond.
[INFO] [1784073163.616536791] [lifecycle_manager_navigation]: [34m[1mActivating docking_server[0m[0m
[INFO] [1784073163.847864944] [lifecycle_manager_navigation]: Server docking_server connected with bond.
[INFO] [1784073163.847967426] [lifecycle_manager_navigation]: [34m[1mManaged nodes are active[0m[0m
[INFO] [1784073163.847997297] [lifecycle_manager_navigation]: [34m[1mCreating bond timer...[0m[0m
[INFO] [1784073296.300630519] [rclcpp]: signal_handler(SIGINT/SIGTERM)
[INFO] [1784073296.300778204] [lifecycle_manager_navigation]: Running Nav2 LifecycleManager rcl preshutdown (lifecycle_manager_navigation)
[INFO] [1784073296.302126248] [lifecycle_manager_navigation]: [34m[1mTerminating bond timer...[0m[0m
