[INFO] [1782956175.273065013] [lifecycle_manager_navigation]: Creating
[INFO] [1782956175.399759204] [lifecycle_manager_navigation]: [34m[1mCreating and initializing lifecycle service clients[0m[0m
[INFO] [1782956177.613867448] [lifecycle_manager_navigation]: [34m[1mStarting managed nodes bringup...[0m[0m
[INFO] [1782956177.614194061] [lifecycle_manager_navigation]: [34m[1mConfiguring controller_server[0m[0m
[INFO] [1782956178.035236295] [lifecycle_manager_navigation]: [34m[1mConfiguring smoother_server[0m[0m
[INFO] [1782956178.186954001] [lifecycle_manager_navigation]: [34m[1mConfiguring planner_server[0m[0m
[INFO] [1782956178.725442133] [lifecycle_manager_navigation]: [34m[1mConfiguring route_server[0m[0m
[INFO] [1782956179.101066273] [lifecycle_manager_navigation]: [34m[1mConfiguring behavior_server[0m[0m
[INFO] [1782956179.455107641] [lifecycle_manager_navigation]: [34m[1mConfiguring velocity_smoother[0m[0m
[INFO] [1782956179.500587625] [lifecycle_manager_navigation]: [34m[1mConfiguring collision_monitor[0m[0m
[INFO] [1782956179.681140107] [lifecycle_manager_navigation]: [34m[1mConfiguring bt_navigator[0m[0m
[INFO] [1782956180.386576106] [lifecycle_manager_navigation]: [34m[1mConfiguring waypoint_follower[0m[0m
[INFO] [1782956180.586839349] [lifecycle_manager_navigation]: [34m[1mConfiguring docking_server[0m[0m
[INFO] [1782956181.059766789] [lifecycle_manager_navigation]: [34m[1mActivating controller_server[0m[0m
[INFO] [1782956181.554746931] [lifecycle_manager_navigation]: Server controller_server connected with bond.
[INFO] [1782956181.554813931] [lifecycle_manager_navigation]: [34m[1mActivating smoother_server[0m[0m
[INFO] [1782956181.679504611] [lifecycle_manager_navigation]: Server smoother_server connected with bond.
[INFO] [1782956181.679593111] [lifecycle_manager_navigation]: [34m[1mActivating planner_server[0m[0m
[INFO] [1782956183.811609050] [lifecycle_manager_navigation]: Server planner_server connected with bond.
[INFO] [1782956183.811686828] [lifecycle_manager_navigation]: [34m[1mActivating route_server[0m[0m
[INFO] [1782956183.937249550] [lifecycle_manager_navigation]: Server route_server connected with bond.
[INFO] [1782956183.937391550] [lifecycle_manager_navigation]: [34m[1mActivating behavior_server[0m[0m
[INFO] [1782956184.064707153] [lifecycle_manager_navigation]: Server behavior_server connected with bond.
[INFO] [1782956184.064778523] [lifecycle_manager_navigation]: [34m[1mActivating velocity_smoother[0m[0m
[INFO] [1782956184.186094850] [lifecycle_manager_navigation]: Server velocity_smoother connected with bond.
[INFO] [1782956184.186171962] [lifecycle_manager_navigation]: [34m[1mActivating collision_monitor[0m[0m
[INFO] [1782956184.308017310] [lifecycle_manager_navigation]: Server collision_monitor connected with bond.
[INFO] [1782956184.308123533] [lifecycle_manager_navigation]: [34m[1mActivating bt_navigator[0m[0m
[INFO] [1782956184.943310795] [lifecycle_manager_navigation]: Server bt_navigator connected with bond.
[INFO] [1782956184.943400703] [lifecycle_manager_navigation]: [34m[1mActivating waypoint_follower[0m[0m
[INFO] [1782956185.066351428] [lifecycle_manager_navigation]: Server waypoint_follower connected with bond.
[INFO] [1782956185.066461799] [lifecycle_manager_navigation]: [34m[1mActivating docking_server[0m[0m
[INFO] [1782956185.269484632] [lifecycle_manager_navigation]: Server docking_server connected with bond.
[INFO] [1782956185.269568837] [lifecycle_manager_navigation]: [34m[1mManaged nodes are active[0m[0m
[INFO] [1782956185.269592226] [lifecycle_manager_navigation]: [34m[1mCreating bond timer...[0m[0m
[INFO] [1782957073.246097044] [rclcpp]: signal_handler(SIGINT/SIGTERM)
[INFO] [1782957073.246527620] [lifecycle_manager_navigation]: Running Nav2 LifecycleManager rcl preshutdown (lifecycle_manager_navigation)
[INFO] [1782957073.246602787] [lifecycle_manager_navigation]: [34m[1mTerminating bond timer...[0m[0m
