[INFO] [1783133225.627741386] [lifecycle_manager_navigation]: Creating
[INFO] [1783133225.710594683] [lifecycle_manager_navigation]: [34m[1mCreating and initializing lifecycle service clients[0m[0m
[INFO] [1783133228.503428323] [lifecycle_manager_navigation]: [34m[1mStarting managed nodes bringup...[0m[0m
[INFO] [1783133228.510275953] [lifecycle_manager_navigation]: [34m[1mConfiguring controller_server[0m[0m
[INFO] [1783133229.361688018] [lifecycle_manager_navigation]: [34m[1mConfiguring smoother_server[0m[0m
[INFO] [1783133229.476482772] [lifecycle_manager_navigation]: [34m[1mConfiguring planner_server[0m[0m
[INFO] [1783133229.735869706] [lifecycle_manager_navigation]: [34m[1mConfiguring route_server[0m[0m
[INFO] [1783133229.925802084] [lifecycle_manager_navigation]: [34m[1mConfiguring behavior_server[0m[0m
[INFO] [1783133230.175514445] [lifecycle_manager_navigation]: [34m[1mConfiguring velocity_smoother[0m[0m
[INFO] [1783133230.201584758] [lifecycle_manager_navigation]: [34m[1mConfiguring collision_monitor[0m[0m
[INFO] [1783133230.323726294] [lifecycle_manager_navigation]: [34m[1mConfiguring bt_navigator[0m[0m
[INFO] [1783133230.716867773] [lifecycle_manager_navigation]: [34m[1mConfiguring waypoint_follower[0m[0m
[INFO] [1783133230.835678309] [lifecycle_manager_navigation]: [34m[1mConfiguring docking_server[0m[0m
[INFO] [1783133230.994029177] [lifecycle_manager_navigation]: [34m[1mActivating controller_server[0m[0m
[INFO] [1783133231.317385266] [lifecycle_manager_navigation]: Server controller_server connected with bond.
[INFO] [1783133231.317472377] [lifecycle_manager_navigation]: [34m[1mActivating smoother_server[0m[0m
[INFO] [1783133231.433228803] [lifecycle_manager_navigation]: Server smoother_server connected with bond.
[INFO] [1783133231.433294544] [lifecycle_manager_navigation]: [34m[1mActivating planner_server[0m[0m
[INFO] [1783133234.111492542] [lifecycle_manager_navigation]: Server planner_server connected with bond.
[INFO] [1783133234.111573561] [lifecycle_manager_navigation]: [34m[1mActivating route_server[0m[0m
[INFO] [1783133234.236968041] [lifecycle_manager_navigation]: Server route_server connected with bond.
[INFO] [1783133234.237036171] [lifecycle_manager_navigation]: [34m[1mActivating behavior_server[0m[0m
[INFO] [1783133234.359931452] [lifecycle_manager_navigation]: Server behavior_server connected with bond.
[INFO] [1783133234.360004860] [lifecycle_manager_navigation]: [34m[1mActivating velocity_smoother[0m[0m
[INFO] [1783133234.478473468] [lifecycle_manager_navigation]: Server velocity_smoother connected with bond.
[INFO] [1783133234.478552079] [lifecycle_manager_navigation]: [34m[1mActivating collision_monitor[0m[0m
[INFO] [1783133234.601018820] [lifecycle_manager_navigation]: Server collision_monitor connected with bond.
[INFO] [1783133234.601099691] [lifecycle_manager_navigation]: [34m[1mActivating bt_navigator[0m[0m
[INFO] [1783133235.168244904] [lifecycle_manager_navigation]: Server bt_navigator connected with bond.
[INFO] [1783133235.168317997] [lifecycle_manager_navigation]: [34m[1mActivating waypoint_follower[0m[0m
[INFO] [1783133235.291566706] [lifecycle_manager_navigation]: Server waypoint_follower connected with bond.
[INFO] [1783133235.291648540] [lifecycle_manager_navigation]: [34m[1mActivating docking_server[0m[0m
[INFO] [1783133235.493229150] [lifecycle_manager_navigation]: Server docking_server connected with bond.
[INFO] [1783133235.493308280] [lifecycle_manager_navigation]: [34m[1mManaged nodes are active[0m[0m
[INFO] [1783133235.493336169] [lifecycle_manager_navigation]: [34m[1mCreating bond timer...[0m[0m
[INFO] [1783134307.370765113] [rclcpp]: signal_handler(SIGINT/SIGTERM)
[INFO] [1783134307.370915781] [lifecycle_manager_navigation]: Running Nav2 LifecycleManager rcl preshutdown (lifecycle_manager_navigation)
[INFO] [1783134307.370998337] [lifecycle_manager_navigation]: [34m[1mTerminating bond timer...[0m[0m
