[INFO] [1784158955.249402099] [lifecycle_manager_navigation]: Creating
[INFO] [1784158955.293160569] [lifecycle_manager_navigation]: [34m[1mCreating and initializing lifecycle service clients[0m[0m
[INFO] [1784158958.052298679] [lifecycle_manager_navigation]: [34m[1mStarting managed nodes bringup...[0m[0m
[INFO] [1784158958.052644699] [lifecycle_manager_navigation]: [34m[1mConfiguring controller_server[0m[0m
[INFO] [1784158958.423880288] [lifecycle_manager_navigation]: [34m[1mConfiguring smoother_server[0m[0m
[INFO] [1784158958.562906145] [lifecycle_manager_navigation]: [34m[1mConfiguring planner_server[0m[0m
[INFO] [1784158959.013416667] [lifecycle_manager_navigation]: [34m[1mConfiguring route_server[0m[0m
[INFO] [1784158959.339074388] [lifecycle_manager_navigation]: [34m[1mConfiguring behavior_server[0m[0m
[INFO] [1784158959.802679460] [lifecycle_manager_navigation]: [34m[1mConfiguring velocity_smoother[0m[0m
[INFO] [1784158959.865581289] [lifecycle_manager_navigation]: [34m[1mConfiguring collision_monitor[0m[0m
[INFO] [1784158960.055320781] [lifecycle_manager_navigation]: [34m[1mConfiguring bt_navigator[0m[0m
[INFO] [1784158960.635879612] [lifecycle_manager_navigation]: [34m[1mConfiguring waypoint_follower[0m[0m
[INFO] [1784158960.851127182] [lifecycle_manager_navigation]: [34m[1mConfiguring docking_server[0m[0m
[INFO] [1784158961.129720324] [lifecycle_manager_navigation]: [34m[1mActivating controller_server[0m[0m
[INFO] [1784158961.457971633] [lifecycle_manager_navigation]: Server controller_server connected with bond.
[INFO] [1784158961.458044577] [lifecycle_manager_navigation]: [34m[1mActivating smoother_server[0m[0m
[INFO] [1784158961.581974929] [lifecycle_manager_navigation]: Server smoother_server connected with bond.
[INFO] [1784158961.582060689] [lifecycle_manager_navigation]: [34m[1mActivating planner_server[0m[0m
[INFO] [1784158963.762887553] [lifecycle_manager_navigation]: Server planner_server connected with bond.
[INFO] [1784158963.763608557] [lifecycle_manager_navigation]: [34m[1mActivating route_server[0m[0m
[INFO] [1784158963.892933882] [lifecycle_manager_navigation]: Server route_server connected with bond.
[INFO] [1784158963.893104123] [lifecycle_manager_navigation]: [34m[1mActivating behavior_server[0m[0m
[INFO] [1784158964.039462259] [lifecycle_manager_navigation]: Server behavior_server connected with bond.
[INFO] [1784158964.039545463] [lifecycle_manager_navigation]: [34m[1mActivating velocity_smoother[0m[0m
[INFO] [1784158964.178960451] [lifecycle_manager_navigation]: Server velocity_smoother connected with bond.
[INFO] [1784158964.179108748] [lifecycle_manager_navigation]: [34m[1mActivating collision_monitor[0m[0m
[INFO] [1784158964.314641883] [lifecycle_manager_navigation]: Server collision_monitor connected with bond.
[INFO] [1784158964.315177737] [lifecycle_manager_navigation]: [34m[1mActivating bt_navigator[0m[0m
[INFO] [1784158965.331786034] [lifecycle_manager_navigation]: Server bt_navigator connected with bond.
[INFO] [1784158965.331878182] [lifecycle_manager_navigation]: [34m[1mActivating waypoint_follower[0m[0m
[INFO] [1784158965.453875376] [lifecycle_manager_navigation]: Server waypoint_follower connected with bond.
[INFO] [1784158965.453974895] [lifecycle_manager_navigation]: [34m[1mActivating docking_server[0m[0m
[INFO] [1784158965.683767448] [lifecycle_manager_navigation]: Server docking_server connected with bond.
[INFO] [1784158965.683839263] [lifecycle_manager_navigation]: [34m[1mManaged nodes are active[0m[0m
[INFO] [1784158965.683861430] [lifecycle_manager_navigation]: [34m[1mCreating bond timer...[0m[0m
[INFO] [1784159209.271316742] [rclcpp]: signal_handler(SIGINT/SIGTERM)
[INFO] [1784159209.271520039] [lifecycle_manager_navigation]: Running Nav2 LifecycleManager rcl preshutdown (lifecycle_manager_navigation)
[INFO] [1784159209.271611003] [lifecycle_manager_navigation]: [34m[1mTerminating bond timer...[0m[0m
