[INFO] [1782957168.883826117] [lifecycle_manager_navigation]: Creating
[INFO] [1782957169.351426461] [lifecycle_manager_navigation]: [34m[1mCreating and initializing lifecycle service clients[0m[0m
[INFO] [1782957170.824861275] [lifecycle_manager_navigation]: [34m[1mStarting managed nodes bringup...[0m[0m
[INFO] [1782957170.826138783] [lifecycle_manager_navigation]: [34m[1mConfiguring controller_server[0m[0m
[INFO] [1782957171.392657702] [lifecycle_manager_navigation]: [34m[1mConfiguring smoother_server[0m[0m
[INFO] [1782957171.597122129] [lifecycle_manager_navigation]: [34m[1mConfiguring planner_server[0m[0m
[INFO] [1782957172.006489691] [lifecycle_manager_navigation]: [34m[1mConfiguring route_server[0m[0m
[INFO] [1782957172.328230985] [lifecycle_manager_navigation]: [34m[1mConfiguring behavior_server[0m[0m
[INFO] [1782957172.640912560] [lifecycle_manager_navigation]: [34m[1mConfiguring velocity_smoother[0m[0m
[INFO] [1782957172.683039601] [lifecycle_manager_navigation]: [34m[1mConfiguring collision_monitor[0m[0m
[INFO] [1782957172.829038412] [lifecycle_manager_navigation]: [34m[1mConfiguring bt_navigator[0m[0m
[INFO] [1782957173.417225271] [lifecycle_manager_navigation]: [34m[1mConfiguring waypoint_follower[0m[0m
[INFO] [1782957173.592601382] [lifecycle_manager_navigation]: [34m[1mConfiguring docking_server[0m[0m
[INFO] [1782957173.855483038] [lifecycle_manager_navigation]: [34m[1mActivating controller_server[0m[0m
[INFO] [1782957174.337138094] [lifecycle_manager_navigation]: Server controller_server connected with bond.
[INFO] [1782957174.337222687] [lifecycle_manager_navigation]: [34m[1mActivating smoother_server[0m[0m
[INFO] [1782957174.466456622] [lifecycle_manager_navigation]: Server smoother_server connected with bond.
[INFO] [1782957174.466583753] [lifecycle_manager_navigation]: [34m[1mActivating planner_server[0m[0m
[INFO] [1782957176.669943008] [lifecycle_manager_navigation]: Server planner_server connected with bond.
[INFO] [1782957176.670042046] [lifecycle_manager_navigation]: [34m[1mActivating route_server[0m[0m
[INFO] [1782957176.794424120] [lifecycle_manager_navigation]: Server route_server connected with bond.
[INFO] [1782957176.794502658] [lifecycle_manager_navigation]: [34m[1mActivating behavior_server[0m[0m
[INFO] [1782957176.915222914] [lifecycle_manager_navigation]: Server behavior_server connected with bond.
[INFO] [1782957176.915291026] [lifecycle_manager_navigation]: [34m[1mActivating velocity_smoother[0m[0m
[INFO] [1782957177.034245550] [lifecycle_manager_navigation]: Server velocity_smoother connected with bond.
[INFO] [1782957177.034320902] [lifecycle_manager_navigation]: [34m[1mActivating collision_monitor[0m[0m
[INFO] [1782957177.155150863] [lifecycle_manager_navigation]: Server collision_monitor connected with bond.
[INFO] [1782957177.155443494] [lifecycle_manager_navigation]: [34m[1mActivating bt_navigator[0m[0m
[INFO] [1782957177.860211253] [lifecycle_manager_navigation]: Server bt_navigator connected with bond.
[INFO] [1782957177.860283679] [lifecycle_manager_navigation]: [34m[1mActivating waypoint_follower[0m[0m
[INFO] [1782957177.990375138] [lifecycle_manager_navigation]: Server waypoint_follower connected with bond.
[INFO] [1782957177.990454583] [lifecycle_manager_navigation]: [34m[1mActivating docking_server[0m[0m
[INFO] [1782957178.202099349] [lifecycle_manager_navigation]: Server docking_server connected with bond.
[INFO] [1782957178.202192923] [lifecycle_manager_navigation]: [34m[1mManaged nodes are active[0m[0m
[INFO] [1782957178.202217035] [lifecycle_manager_navigation]: [34m[1mCreating bond timer...[0m[0m
[INFO] [1782957720.799065222] [rclcpp]: signal_handler(SIGINT/SIGTERM)
[INFO] [1782957720.799289205] [lifecycle_manager_navigation]: Running Nav2 LifecycleManager rcl preshutdown (lifecycle_manager_navigation)
[INFO] [1782957720.799369446] [lifecycle_manager_navigation]: [34m[1mTerminating bond timer...[0m[0m
