[INFO] [1786031594.015049705] [lifecycle_manager_navigation]: Creating
[INFO] [1786031594.130293253] [lifecycle_manager_navigation]: [34m[1mCreating and initializing lifecycle service clients[0m[0m
[INFO] [1786031594.782174834] [lifecycle_manager_navigation]: [34m[1mStarting managed nodes bringup...[0m[0m
[INFO] [1786031594.782263575] [lifecycle_manager_navigation]: [34m[1mConfiguring controller_server[0m[0m
[INFO] [1786031594.965789427] [lifecycle_manager_navigation]: [34m[1mConfiguring planner_server[0m[0m
[INFO] [1786031595.276600023] [lifecycle_manager_navigation]: [34m[1mConfiguring behavior_server[0m[0m
[INFO] [1786031595.431238715] [lifecycle_manager_navigation]: [34m[1mConfiguring bt_navigator[0m[0m
[INFO] [1786031595.688333309] [lifecycle_manager_navigation]: [34m[1mConfiguring velocity_smoother[0m[0m
[INFO] [1786031595.706581225] [lifecycle_manager_navigation]: [34m[1mConfiguring collision_monitor[0m[0m
[INFO] [1786031595.813323910] [lifecycle_manager_navigation]: [34m[1mActivating controller_server[0m[0m
[INFO] [1786031596.140650060] [lifecycle_manager_navigation]: Server controller_server connected with bond.
[INFO] [1786031596.140767598] [lifecycle_manager_navigation]: [34m[1mActivating planner_server[0m[0m
[INFO] [1786031600.667578319] [lifecycle_manager_navigation]: Server planner_server connected with bond.
[INFO] [1786031600.667665264] [lifecycle_manager_navigation]: [34m[1mActivating behavior_server[0m[0m
[INFO] [1786031600.779430755] [lifecycle_manager_navigation]: Server behavior_server connected with bond.
[INFO] [1786031600.779503626] [lifecycle_manager_navigation]: [34m[1mActivating bt_navigator[0m[0m
[INFO] [1786031601.202837975] [lifecycle_manager_navigation]: Server bt_navigator connected with bond.
[INFO] [1786031601.202919476] [lifecycle_manager_navigation]: [34m[1mActivating velocity_smoother[0m[0m
[INFO] [1786031601.319025583] [lifecycle_manager_navigation]: Server velocity_smoother connected with bond.
[INFO] [1786031601.319119639] [lifecycle_manager_navigation]: [34m[1mActivating collision_monitor[0m[0m
[INFO] [1786031601.441110946] [lifecycle_manager_navigation]: Server collision_monitor connected with bond.
[INFO] [1786031601.441188076] [lifecycle_manager_navigation]: [34m[1mManaged nodes are active[0m[0m
[INFO] [1786031601.441243873] [lifecycle_manager_navigation]: [34m[1mCreating bond timer...[0m[0m
[INFO] [1786031787.367499327] [rclcpp]: signal_handler(SIGINT/SIGTERM)
[INFO] [1786031787.367599180] [lifecycle_manager_navigation]: Running Nav2 LifecycleManager rcl preshutdown (lifecycle_manager_navigation)
[INFO] [1786031787.367669032] [lifecycle_manager_navigation]: [34m[1mTerminating bond timer...[0m[0m
