[INFO] [1784078026.106767468] [lifecycle_manager_navigation]: Creating
[INFO] [1784078026.148227658] [lifecycle_manager_navigation]: [34m[1mCreating and initializing lifecycle service clients[0m[0m
[INFO] [1784078027.520773149] [lifecycle_manager_navigation]: [34m[1mStarting managed nodes bringup...[0m[0m
[INFO] [1784078027.521552802] [lifecycle_manager_navigation]: [34m[1mConfiguring controller_server[0m[0m
[INFO] [1784078028.136105582] [lifecycle_manager_navigation]: [34m[1mConfiguring smoother_server[0m[0m
[INFO] [1784078028.432336836] [lifecycle_manager_navigation]: [34m[1mConfiguring planner_server[0m[0m
[INFO] [1784078029.046870746] [lifecycle_manager_navigation]: [34m[1mConfiguring route_server[0m[0m
[INFO] [1784078029.396677100] [lifecycle_manager_navigation]: [34m[1mConfiguring behavior_server[0m[0m
[INFO] [1784078029.939996112] [lifecycle_manager_navigation]: [34m[1mConfiguring velocity_smoother[0m[0m
[INFO] [1784078030.028222692] [lifecycle_manager_navigation]: [34m[1mConfiguring collision_monitor[0m[0m
[INFO] [1784078030.165391991] [lifecycle_manager_navigation]: [34m[1mConfiguring bt_navigator[0m[0m
[INFO] [1784078030.605543031] [lifecycle_manager_navigation]: [34m[1mConfiguring waypoint_follower[0m[0m
[INFO] [1784078030.724398269] [lifecycle_manager_navigation]: [34m[1mConfiguring docking_server[0m[0m
[INFO] [1784078030.920569406] [lifecycle_manager_navigation]: [34m[1mActivating controller_server[0m[0m
[INFO] [1784078031.246114736] [lifecycle_manager_navigation]: Server controller_server connected with bond.
[INFO] [1784078031.246182051] [lifecycle_manager_navigation]: [34m[1mActivating smoother_server[0m[0m
[INFO] [1784078031.362724329] [lifecycle_manager_navigation]: Server smoother_server connected with bond.
[INFO] [1784078031.362802200] [lifecycle_manager_navigation]: [34m[1mActivating planner_server[0m[0m
[INFO] [1784078033.495799417] [lifecycle_manager_navigation]: Server planner_server connected with bond.
[INFO] [1784078033.495886881] [lifecycle_manager_navigation]: [34m[1mActivating route_server[0m[0m
[INFO] [1784078033.621323234] [lifecycle_manager_navigation]: Server route_server connected with bond.
[INFO] [1784078033.621404976] [lifecycle_manager_navigation]: [34m[1mActivating behavior_server[0m[0m
[INFO] [1784078033.739980026] [lifecycle_manager_navigation]: Server behavior_server connected with bond.
[INFO] [1784078033.740052638] [lifecycle_manager_navigation]: [34m[1mActivating velocity_smoother[0m[0m
[INFO] [1784078033.868474158] [lifecycle_manager_navigation]: Server velocity_smoother connected with bond.
[INFO] [1784078033.868554103] [lifecycle_manager_navigation]: [34m[1mActivating collision_monitor[0m[0m
[INFO] [1784078033.991841665] [lifecycle_manager_navigation]: Server collision_monitor connected with bond.
[INFO] [1784078033.991909055] [lifecycle_manager_navigation]: [34m[1mActivating bt_navigator[0m[0m
[INFO] [1784078034.649060494] [lifecycle_manager_navigation]: Server bt_navigator connected with bond.
[INFO] [1784078034.649169513] [lifecycle_manager_navigation]: [34m[1mActivating waypoint_follower[0m[0m
[INFO] [1784078034.772579891] [lifecycle_manager_navigation]: Server waypoint_follower connected with bond.
[INFO] [1784078034.772651873] [lifecycle_manager_navigation]: [34m[1mActivating docking_server[0m[0m
[INFO] [1784078034.980413287] [lifecycle_manager_navigation]: Server docking_server connected with bond.
[INFO] [1784078034.980537103] [lifecycle_manager_navigation]: [34m[1mManaged nodes are active[0m[0m
[INFO] [1784078034.980593418] [lifecycle_manager_navigation]: [34m[1mCreating bond timer...[0m[0m
[INFO] [1784078234.086317872] [rclcpp]: signal_handler(SIGINT/SIGTERM)
[INFO] [1784078234.089810265] [lifecycle_manager_navigation]: Running Nav2 LifecycleManager rcl preshutdown (lifecycle_manager_navigation)
[INFO] [1784078234.089900210] [lifecycle_manager_navigation]: [34m[1mTerminating bond timer...[0m[0m
