[INFO] [1784061170.804937584] [lifecycle_manager_navigation]: Creating
[INFO] [1784061170.817429380] [lifecycle_manager_navigation]: [34m[1mCreating and initializing lifecycle service clients[0m[0m
[INFO] [1784061172.985214011] [lifecycle_manager_navigation]: [34m[1mStarting managed nodes bringup...[0m[0m
[INFO] [1784061172.985325715] [lifecycle_manager_navigation]: [34m[1mConfiguring controller_server[0m[0m
[INFO] [1784061173.472732763] [lifecycle_manager_navigation]: [34m[1mConfiguring smoother_server[0m[0m
[INFO] [1784061173.641296204] [lifecycle_manager_navigation]: [34m[1mConfiguring planner_server[0m[0m
[INFO] [1784061174.166541013] [lifecycle_manager_navigation]: [34m[1mConfiguring route_server[0m[0m
[INFO] [1784061174.537497040] [lifecycle_manager_navigation]: [34m[1mConfiguring behavior_server[0m[0m
[INFO] [1784061174.910150576] [lifecycle_manager_navigation]: [34m[1mConfiguring velocity_smoother[0m[0m
[INFO] [1784061174.949044139] [lifecycle_manager_navigation]: [34m[1mConfiguring collision_monitor[0m[0m
[INFO] [1784061175.085692003] [lifecycle_manager_navigation]: [34m[1mConfiguring bt_navigator[0m[0m
[INFO] [1784061175.567903002] [lifecycle_manager_navigation]: [34m[1mConfiguring waypoint_follower[0m[0m
[INFO] [1784061175.746229241] [lifecycle_manager_navigation]: [34m[1mConfiguring docking_server[0m[0m
[INFO] [1784061175.961027122] [lifecycle_manager_navigation]: [34m[1mActivating controller_server[0m[0m
[INFO] [1784061176.287630498] [lifecycle_manager_navigation]: Server controller_server connected with bond.
[INFO] [1784061176.287710424] [lifecycle_manager_navigation]: [34m[1mActivating smoother_server[0m[0m
[INFO] [1784061176.405527158] [lifecycle_manager_navigation]: Server smoother_server connected with bond.
[INFO] [1784061176.405608325] [lifecycle_manager_navigation]: [34m[1mActivating planner_server[0m[0m
[INFO] [1784061178.598746198] [lifecycle_manager_navigation]: Server planner_server connected with bond.
[INFO] [1784061178.598832550] [lifecycle_manager_navigation]: [34m[1mActivating route_server[0m[0m
[INFO] [1784061178.728463280] [lifecycle_manager_navigation]: Server route_server connected with bond.
[INFO] [1784061178.728548447] [lifecycle_manager_navigation]: [34m[1mActivating behavior_server[0m[0m
[INFO] [1784061178.850234018] [lifecycle_manager_navigation]: Server behavior_server connected with bond.
[INFO] [1784061178.850331870] [lifecycle_manager_navigation]: [34m[1mActivating velocity_smoother[0m[0m
[INFO] [1784061178.981307163] [lifecycle_manager_navigation]: Server velocity_smoother connected with bond.
[INFO] [1784061178.981422220] [lifecycle_manager_navigation]: [34m[1mActivating collision_monitor[0m[0m
[INFO] [1784061179.135827503] [lifecycle_manager_navigation]: Server collision_monitor connected with bond.
[INFO] [1784061179.135896522] [lifecycle_manager_navigation]: [34m[1mActivating bt_navigator[0m[0m
[INFO] [1784061180.165309830] [lifecycle_manager_navigation]: Server bt_navigator connected with bond.
[INFO] [1784061180.165534090] [lifecycle_manager_navigation]: [34m[1mActivating waypoint_follower[0m[0m
[INFO] [1784061180.313398427] [lifecycle_manager_navigation]: Server waypoint_follower connected with bond.
[INFO] [1784061180.313543114] [lifecycle_manager_navigation]: [34m[1mActivating docking_server[0m[0m
[INFO] [1784061180.683427652] [lifecycle_manager_navigation]: Server docking_server connected with bond.
[INFO] [1784061180.683600116] [lifecycle_manager_navigation]: [34m[1mManaged nodes are active[0m[0m
[INFO] [1784061180.683631505] [lifecycle_manager_navigation]: [34m[1mCreating bond timer...[0m[0m
[INFO] [1784061493.236461256] [rclcpp]: signal_handler(SIGINT/SIGTERM)
[INFO] [1784061493.236581423] [lifecycle_manager_navigation]: Running Nav2 LifecycleManager rcl preshutdown (lifecycle_manager_navigation)
[INFO] [1784061493.236645127] [lifecycle_manager_navigation]: [34m[1mTerminating bond timer...[0m[0m
