[INFO] [1783996425.535380821] [lifecycle_manager_navigation]: Creating
[INFO] [1783996425.558959494] [lifecycle_manager_navigation]: [34m[1mCreating and initializing lifecycle service clients[0m[0m
[INFO] [1783996427.572135174] [lifecycle_manager_navigation]: Waiting for service controller_server/get_state...
[INFO] [1783996427.952298362] [lifecycle_manager_navigation]: [34m[1mStarting managed nodes bringup...[0m[0m
[INFO] [1783996427.952420955] [lifecycle_manager_navigation]: [34m[1mConfiguring controller_server[0m[0m
[INFO] [1783996428.305710285] [lifecycle_manager_navigation]: [34m[1mConfiguring smoother_server[0m[0m
[INFO] [1783996428.429181348] [lifecycle_manager_navigation]: [34m[1mConfiguring planner_server[0m[0m
[INFO] [1783996428.854223831] [lifecycle_manager_navigation]: [34m[1mConfiguring route_server[0m[0m
[INFO] [1783996429.155054211] [lifecycle_manager_navigation]: [34m[1mConfiguring behavior_server[0m[0m
[INFO] [1783996429.474136492] [lifecycle_manager_navigation]: [34m[1mConfiguring velocity_smoother[0m[0m
[INFO] [1783996429.532630680] [lifecycle_manager_navigation]: [34m[1mConfiguring collision_monitor[0m[0m
[INFO] [1783996429.671009884] [lifecycle_manager_navigation]: [34m[1mConfiguring bt_navigator[0m[0m
[INFO] [1783996430.197591767] [lifecycle_manager_navigation]: [34m[1mConfiguring waypoint_follower[0m[0m
[INFO] [1783996430.339974235] [lifecycle_manager_navigation]: [34m[1mConfiguring docking_server[0m[0m
[INFO] [1783996430.562923148] [lifecycle_manager_navigation]: [34m[1mActivating controller_server[0m[0m
[INFO] [1783996430.897467462] [lifecycle_manager_navigation]: Server controller_server connected with bond.
[INFO] [1783996430.897544222] [lifecycle_manager_navigation]: [34m[1mActivating smoother_server[0m[0m
[INFO] [1783996431.020526911] [lifecycle_manager_navigation]: Server smoother_server connected with bond.
[INFO] [1783996431.020606615] [lifecycle_manager_navigation]: [34m[1mActivating planner_server[0m[0m
[INFO] [1783996433.160622229] [lifecycle_manager_navigation]: Server planner_server connected with bond.
[INFO] [1783996433.160802563] [lifecycle_manager_navigation]: [34m[1mActivating route_server[0m[0m
[INFO] [1783996433.299275768] [lifecycle_manager_navigation]: Server route_server connected with bond.
[INFO] [1783996433.299430491] [lifecycle_manager_navigation]: [34m[1mActivating behavior_server[0m[0m
[INFO] [1783996433.449573763] [lifecycle_manager_navigation]: Server behavior_server connected with bond.
[INFO] [1783996433.449669171] [lifecycle_manager_navigation]: [34m[1mActivating velocity_smoother[0m[0m
[INFO] [1783996433.580104699] [lifecycle_manager_navigation]: Server velocity_smoother connected with bond.
[INFO] [1783996433.580191718] [lifecycle_manager_navigation]: [34m[1mActivating collision_monitor[0m[0m
[INFO] [1783996433.740845346] [lifecycle_manager_navigation]: Server collision_monitor connected with bond.
[INFO] [1783996433.740927199] [lifecycle_manager_navigation]: [34m[1mActivating bt_navigator[0m[0m
[INFO] [1783996434.725974794] [lifecycle_manager_navigation]: Server bt_navigator connected with bond.
[INFO] [1783996434.726048387] [lifecycle_manager_navigation]: [34m[1mActivating waypoint_follower[0m[0m
[INFO] [1783996434.840180100] [lifecycle_manager_navigation]: Server waypoint_follower connected with bond.
[INFO] [1783996434.840254508] [lifecycle_manager_navigation]: [34m[1mActivating docking_server[0m[0m
[INFO] [1783996435.051221815] [lifecycle_manager_navigation]: Server docking_server connected with bond.
[INFO] [1783996435.051294871] [lifecycle_manager_navigation]: [34m[1mManaged nodes are active[0m[0m
[INFO] [1783996435.051326556] [lifecycle_manager_navigation]: [34m[1mCreating bond timer...[0m[0m
[INFO] [1783996665.676964964] [rclcpp]: signal_handler(SIGINT/SIGTERM)
[INFO] [1783996665.677080335] [lifecycle_manager_navigation]: Running Nav2 LifecycleManager rcl preshutdown (lifecycle_manager_navigation)
[INFO] [1783996665.677495800] [lifecycle_manager_navigation]: [34m[1mTerminating bond timer...[0m[0m
