[INFO] [1785197784.567450320] [lifecycle_manager_navigation]: Creating
[INFO] [1785197785.120902351] [lifecycle_manager_navigation]: [34m[1mCreating and initializing lifecycle service clients[0m[0m
[INFO] [1785197787.116346956] [lifecycle_manager_navigation]: [34m[1mStarting managed nodes bringup...[0m[0m
[INFO] [1785197787.116428716] [lifecycle_manager_navigation]: [34m[1mConfiguring controller_server[0m[0m
[INFO] [1785197787.718445133] [lifecycle_manager_navigation]: [34m[1mConfiguring smoother_server[0m[0m
[INFO] [1785197787.981633795] [lifecycle_manager_navigation]: [34m[1mConfiguring planner_server[0m[0m
[INFO] [1785197788.462839656] [lifecycle_manager_navigation]: [34m[1mConfiguring route_server[0m[0m
[INFO] [1785197788.672209405] [lifecycle_manager_navigation]: [34m[1mConfiguring behavior_server[0m[0m
[INFO] [1785197788.924598644] [lifecycle_manager_navigation]: [34m[1mConfiguring velocity_smoother[0m[0m
[INFO] [1785197788.956810524] [lifecycle_manager_navigation]: [34m[1mConfiguring collision_monitor[0m[0m
[INFO] [1785197789.060419273] [lifecycle_manager_navigation]: [34m[1mConfiguring bt_navigator[0m[0m
[INFO] [1785197789.459281712] [lifecycle_manager_navigation]: [34m[1mConfiguring waypoint_follower[0m[0m
[INFO] [1785197789.579491098] [lifecycle_manager_navigation]: [34m[1mConfiguring docking_server[0m[0m
[INFO] [1785197789.741727894] [lifecycle_manager_navigation]: [34m[1mActivating controller_server[0m[0m
[INFO] [1785197790.063305620] [lifecycle_manager_navigation]: Server controller_server connected with bond.
[INFO] [1785197790.063383713] [lifecycle_manager_navigation]: [34m[1mActivating smoother_server[0m[0m
[INFO] [1785197790.181147087] [lifecycle_manager_navigation]: Server smoother_server connected with bond.
[INFO] [1785197790.181224661] [lifecycle_manager_navigation]: [34m[1mActivating planner_server[0m[0m
[INFO] [1785197793.709011878] [lifecycle_manager_navigation]: Server planner_server connected with bond.
[INFO] [1785197793.710106569] [lifecycle_manager_navigation]: [34m[1mActivating route_server[0m[0m
[INFO] [1785197793.831825925] [lifecycle_manager_navigation]: Server route_server connected with bond.
[INFO] [1785197793.831898999] [lifecycle_manager_navigation]: [34m[1mActivating behavior_server[0m[0m
[INFO] [1785197793.960365222] [lifecycle_manager_navigation]: Server behavior_server connected with bond.
[INFO] [1785197793.960450649] [lifecycle_manager_navigation]: [34m[1mActivating velocity_smoother[0m[0m
[INFO] [1785197794.081913467] [lifecycle_manager_navigation]: Server velocity_smoother connected with bond.
[INFO] [1785197794.081985578] [lifecycle_manager_navigation]: [34m[1mActivating collision_monitor[0m[0m
[INFO] [1785197794.204678828] [lifecycle_manager_navigation]: Server collision_monitor connected with bond.
[INFO] [1785197794.204748570] [lifecycle_manager_navigation]: [34m[1mActivating bt_navigator[0m[0m
[INFO] [1785197794.753046686] [lifecycle_manager_navigation]: Server bt_navigator connected with bond.
[INFO] [1785197794.753115927] [lifecycle_manager_navigation]: [34m[1mActivating waypoint_follower[0m[0m
[INFO] [1785197794.875907085] [lifecycle_manager_navigation]: Server waypoint_follower connected with bond.
[INFO] [1785197794.875994271] [lifecycle_manager_navigation]: [34m[1mActivating docking_server[0m[0m
[INFO] [1785197795.074041964] [lifecycle_manager_navigation]: Server docking_server connected with bond.
[INFO] [1785197795.074126965] [lifecycle_manager_navigation]: [34m[1mManaged nodes are active[0m[0m
[INFO] [1785197795.074152706] [lifecycle_manager_navigation]: [34m[1mCreating bond timer...[0m[0m
[INFO] [1785197924.369095638] [rclcpp]: signal_handler(SIGINT/SIGTERM)
[INFO] [1785197924.369271084] [lifecycle_manager_navigation]: Running Nav2 LifecycleManager rcl preshutdown (lifecycle_manager_navigation)
[INFO] [1785197924.370097569] [lifecycle_manager_navigation]: [34m[1mTerminating bond timer...[0m[0m
