[INFO] [1786110905.944725583] [lifecycle_manager_navigation]: Creating
[INFO] [1786110906.042193858] [lifecycle_manager_navigation]: [34m[1mCreating and initializing lifecycle service clients[0m[0m
[INFO] [1786110907.508445598] [lifecycle_manager_navigation]: [34m[1mStarting managed nodes bringup...[0m[0m
[INFO] [1786110907.509498104] [lifecycle_manager_navigation]: [34m[1mConfiguring controller_server[0m[0m
[INFO] [1786110908.086092931] [lifecycle_manager_navigation]: [34m[1mConfiguring planner_server[0m[0m
[INFO] [1786110908.859588022] [lifecycle_manager_navigation]: [34m[1mConfiguring behavior_server[0m[0m
[INFO] [1786110909.087124473] [lifecycle_manager_navigation]: [34m[1mConfiguring bt_navigator[0m[0m
[INFO] [1786110909.451053338] [lifecycle_manager_navigation]: [34m[1mConfiguring velocity_smoother[0m[0m
[INFO] [1786110909.482807308] [lifecycle_manager_navigation]: [34m[1mConfiguring collision_monitor[0m[0m
[INFO] [1786110909.573117211] [lifecycle_manager_navigation]: [34m[1mActivating controller_server[0m[0m
[INFO] [1786110909.892659777] [lifecycle_manager_navigation]: Server controller_server connected with bond.
[INFO] [1786110909.892731425] [lifecycle_manager_navigation]: [34m[1mActivating planner_server[0m[0m
[INFO] [1786110910.776842919] [lifecycle_manager_navigation]: Server planner_server connected with bond.
[INFO] [1786110910.776935642] [lifecycle_manager_navigation]: [34m[1mActivating behavior_server[0m[0m
[INFO] [1786110910.893716041] [lifecycle_manager_navigation]: Server behavior_server connected with bond.
[INFO] [1786110910.893799431] [lifecycle_manager_navigation]: [34m[1mActivating bt_navigator[0m[0m
[INFO] [1786110911.375277884] [lifecycle_manager_navigation]: Server bt_navigator connected with bond.
[INFO] [1786110911.375348644] [lifecycle_manager_navigation]: [34m[1mActivating velocity_smoother[0m[0m
[INFO] [1786110911.491574763] [lifecycle_manager_navigation]: Server velocity_smoother connected with bond.
[INFO] [1786110911.491643874] [lifecycle_manager_navigation]: [34m[1mActivating collision_monitor[0m[0m
[INFO] [1786110911.610714860] [lifecycle_manager_navigation]: Server collision_monitor connected with bond.
[INFO] [1786110911.610824157] [lifecycle_manager_navigation]: [34m[1mManaged nodes are active[0m[0m
[INFO] [1786110911.610847527] [lifecycle_manager_navigation]: [34m[1mCreating bond timer...[0m[0m
[INFO] [1786111739.639281524] [rclcpp]: signal_handler(SIGINT/SIGTERM)
[INFO] [1786111739.639420302] [lifecycle_manager_navigation]: Running Nav2 LifecycleManager rcl preshutdown (lifecycle_manager_navigation)
[INFO] [1786111739.639499895] [lifecycle_manager_navigation]: [34m[1mTerminating bond timer...[0m[0m
