[INFO] [1784059596.989539416] [lifecycle_manager_navigation]: Creating
[INFO] [1784059597.010649235] [lifecycle_manager_navigation]: [34m[1mCreating and initializing lifecycle service clients[0m[0m
[INFO] [1784059598.893596815] [lifecycle_manager_navigation]: [34m[1mStarting managed nodes bringup...[0m[0m
[INFO] [1784059598.893685297] [lifecycle_manager_navigation]: [34m[1mConfiguring controller_server[0m[0m
[INFO] [1784059599.498052250] [lifecycle_manager_navigation]: [34m[1mConfiguring smoother_server[0m[0m
[INFO] [1784059599.585143174] [lifecycle_manager_navigation]: [34m[1mConfiguring planner_server[0m[0m
[INFO] [1784059599.902089689] [lifecycle_manager_navigation]: [34m[1mConfiguring route_server[0m[0m
[INFO] [1784059600.141666101] [lifecycle_manager_navigation]: [34m[1mConfiguring behavior_server[0m[0m
[INFO] [1784059600.431639722] [lifecycle_manager_navigation]: [34m[1mConfiguring velocity_smoother[0m[0m
[INFO] [1784059600.485761010] [lifecycle_manager_navigation]: [34m[1mConfiguring collision_monitor[0m[0m
[INFO] [1784059600.655131994] [lifecycle_manager_navigation]: [34m[1mConfiguring bt_navigator[0m[0m
[INFO] [1784059601.089550367] [lifecycle_manager_navigation]: [34m[1mConfiguring waypoint_follower[0m[0m
[INFO] [1784059601.237631364] [lifecycle_manager_navigation]: [34m[1mConfiguring docking_server[0m[0m
[INFO] [1784059601.414683286] [lifecycle_manager_navigation]: [34m[1mActivating controller_server[0m[0m
[INFO] [1784059601.745832835] [lifecycle_manager_navigation]: Server controller_server connected with bond.
[INFO] [1784059601.745915169] [lifecycle_manager_navigation]: [34m[1mActivating smoother_server[0m[0m
[INFO] [1784059601.870362293] [lifecycle_manager_navigation]: Server smoother_server connected with bond.
[INFO] [1784059601.870439164] [lifecycle_manager_navigation]: [34m[1mActivating planner_server[0m[0m
[INFO] [1784059647.050120877] [lifecycle_manager_navigation]: Server planner_server connected with bond.
[INFO] [1784059647.050197359] [lifecycle_manager_navigation]: [34m[1mActivating route_server[0m[0m
[INFO] [1784059647.170459716] [lifecycle_manager_navigation]: Server route_server connected with bond.
[INFO] [1784059647.170528642] [lifecycle_manager_navigation]: [34m[1mActivating behavior_server[0m[0m
[INFO] [1784059647.293253181] [lifecycle_manager_navigation]: Server behavior_server connected with bond.
[INFO] [1784059647.294112335] [lifecycle_manager_navigation]: [34m[1mActivating velocity_smoother[0m[0m
[INFO] [1784059647.407616964] [lifecycle_manager_navigation]: Server velocity_smoother connected with bond.
[INFO] [1784059647.407695816] [lifecycle_manager_navigation]: [34m[1mActivating collision_monitor[0m[0m
[INFO] [1784059647.526517257] [lifecycle_manager_navigation]: Server collision_monitor connected with bond.
[INFO] [1784059647.526612813] [lifecycle_manager_navigation]: [34m[1mActivating bt_navigator[0m[0m
[INFO] [1784059648.223117777] [lifecycle_manager_navigation]: Server bt_navigator connected with bond.
[INFO] [1784059648.223208222] [lifecycle_manager_navigation]: [34m[1mActivating waypoint_follower[0m[0m
[INFO] [1784059648.347968201] [lifecycle_manager_navigation]: Server waypoint_follower connected with bond.
[INFO] [1784059648.348081127] [lifecycle_manager_navigation]: [34m[1mActivating docking_server[0m[0m
[INFO] [1784059648.592150290] [lifecycle_manager_navigation]: Server docking_server connected with bond.
[INFO] [1784059648.592263142] [lifecycle_manager_navigation]: [34m[1mManaged nodes are active[0m[0m
[INFO] [1784059648.592295902] [lifecycle_manager_navigation]: [34m[1mCreating bond timer...[0m[0m
[INFO] [1784061123.041060464] [rclcpp]: signal_handler(SIGINT/SIGTERM)
[INFO] [1784061123.041192946] [lifecycle_manager_navigation]: Running Nav2 LifecycleManager rcl preshutdown (lifecycle_manager_navigation)
[INFO] [1784061123.041276854] [lifecycle_manager_navigation]: [34m[1mTerminating bond timer...[0m[0m
