[INFO] [1785387720.300245363] [lifecycle_manager_navigation]: Creating
[INFO] [1785387720.348388198] [lifecycle_manager_navigation]: [34m[1mCreating and initializing lifecycle service clients[0m[0m
[INFO] [1785387721.065747084] [lifecycle_manager_navigation]: [34m[1mStarting managed nodes bringup...[0m[0m
[INFO] [1785387721.065832547] [lifecycle_manager_navigation]: [34m[1mConfiguring controller_server[0m[0m
[INFO] [1785387724.143661258] [lifecycle_manager_navigation]: [34m[1mConfiguring planner_server[0m[0m
[INFO] [1785387730.140463819] [lifecycle_manager_navigation]: [34m[1mConfiguring behavior_server[0m[0m
[INFO] [1785387733.371897584] [lifecycle_manager_navigation]: [34m[1mConfiguring bt_navigator[0m[0m
[INFO] [1785387736.673255654] [lifecycle_manager_navigation]: [34m[1mConfiguring velocity_smoother[0m[0m
[INFO] [1785387736.701820883] [lifecycle_manager_navigation]: [34m[1mConfiguring collision_monitor[0m[0m
[INFO] [1785387736.805947280] [lifecycle_manager_navigation]: [34m[1mActivating controller_server[0m[0m
[INFO] [1785387737.131204116] [lifecycle_manager_navigation]: Server controller_server connected with bond.
[INFO] [1785387737.131287950] [lifecycle_manager_navigation]: [34m[1mActivating planner_server[0m[0m
[INFO] [1785387740.663574993] [lifecycle_manager_navigation]: Server planner_server connected with bond.
[INFO] [1785387740.663669346] [lifecycle_manager_navigation]: [34m[1mActivating behavior_server[0m[0m
[INFO] [1785387740.780768776] [lifecycle_manager_navigation]: Server behavior_server connected with bond.
[INFO] [1785387740.780862925] [lifecycle_manager_navigation]: [34m[1mActivating bt_navigator[0m[0m
[INFO] [1785387749.205653769] [lifecycle_manager_navigation]: Server bt_navigator connected with bond.
[INFO] [1785387749.205755733] [lifecycle_manager_navigation]: [34m[1mActivating velocity_smoother[0m[0m
[INFO] [1785387749.324881822] [lifecycle_manager_navigation]: Server velocity_smoother connected with bond.
[INFO] [1785387749.324948730] [lifecycle_manager_navigation]: [34m[1mActivating collision_monitor[0m[0m
[INFO] [1785387749.443301760] [lifecycle_manager_navigation]: Server collision_monitor connected with bond.
[INFO] [1785387749.443390612] [lifecycle_manager_navigation]: [34m[1mManaged nodes are active[0m[0m
[INFO] [1785387749.443416001] [lifecycle_manager_navigation]: [34m[1mCreating bond timer...[0m[0m
[INFO] [1785389749.962037562] [rclcpp]: signal_handler(SIGINT/SIGTERM)
[INFO] [1785389749.962185692] [lifecycle_manager_navigation]: Running Nav2 LifecycleManager rcl preshutdown (lifecycle_manager_navigation)
[INFO] [1785389749.962259396] [lifecycle_manager_navigation]: [34m[1mTerminating bond timer...[0m[0m
