[INFO] [1782957958.641956817] [lifecycle_manager_navigation]: Creating
[INFO] [1782957958.672778514] [lifecycle_manager_navigation]: [34m[1mCreating and initializing lifecycle service clients[0m[0m
[INFO] [1782957960.708627976] [lifecycle_manager_navigation]: Waiting for service controller_server/get_state...
[INFO] [1782957962.067929030] [lifecycle_manager_navigation]: [34m[1mStarting managed nodes bringup...[0m[0m
[INFO] [1782957962.068112494] [lifecycle_manager_navigation]: [34m[1mConfiguring controller_server[0m[0m
[INFO] [1782957962.431364333] [lifecycle_manager_navigation]: [34m[1mConfiguring smoother_server[0m[0m
[INFO] [1782957962.534080241] [lifecycle_manager_navigation]: [34m[1mConfiguring planner_server[0m[0m
[INFO] [1782957962.923265693] [lifecycle_manager_navigation]: [34m[1mConfiguring route_server[0m[0m
[INFO] [1782957963.214681746] [lifecycle_manager_navigation]: [34m[1mConfiguring behavior_server[0m[0m
[INFO] [1782957963.617906464] [lifecycle_manager_navigation]: [34m[1mConfiguring velocity_smoother[0m[0m
[INFO] [1782957963.660943435] [lifecycle_manager_navigation]: [34m[1mConfiguring collision_monitor[0m[0m
[INFO] [1782957963.821375528] [lifecycle_manager_navigation]: [34m[1mConfiguring bt_navigator[0m[0m
[INFO] [1782957964.345304480] [lifecycle_manager_navigation]: [34m[1mConfiguring waypoint_follower[0m[0m
[INFO] [1782957964.516697007] [lifecycle_manager_navigation]: [34m[1mConfiguring docking_server[0m[0m
[INFO] [1782957964.784735851] [lifecycle_manager_navigation]: [34m[1mActivating controller_server[0m[0m
[INFO] [1782957965.262113942] [lifecycle_manager_navigation]: Server controller_server connected with bond.
[INFO] [1782957965.262187942] [lifecycle_manager_navigation]: [34m[1mActivating smoother_server[0m[0m
[INFO] [1782957965.386880662] [lifecycle_manager_navigation]: Server smoother_server connected with bond.
[INFO] [1782957965.386988052] [lifecycle_manager_navigation]: [34m[1mActivating planner_server[0m[0m
[INFO] [1782958002.226560879] [lifecycle_manager_navigation]: Server planner_server connected with bond.
[INFO] [1782958002.226641342] [lifecycle_manager_navigation]: [34m[1mActivating route_server[0m[0m
[INFO] [1782958002.351308655] [lifecycle_manager_navigation]: Server route_server connected with bond.
[INFO] [1782958002.352154382] [lifecycle_manager_navigation]: [34m[1mActivating behavior_server[0m[0m
[INFO] [1782958002.473688769] [lifecycle_manager_navigation]: Server behavior_server connected with bond.
[INFO] [1782958002.473763325] [lifecycle_manager_navigation]: [34m[1mActivating velocity_smoother[0m[0m
[INFO] [1782958002.593387886] [lifecycle_manager_navigation]: Server velocity_smoother connected with bond.
[INFO] [1782958002.593480220] [lifecycle_manager_navigation]: [34m[1mActivating collision_monitor[0m[0m
[INFO] [1782958002.725504890] [lifecycle_manager_navigation]: Server collision_monitor connected with bond.
[INFO] [1782958002.725578724] [lifecycle_manager_navigation]: [34m[1mActivating bt_navigator[0m[0m
[INFO] [1782958003.892950114] [lifecycle_manager_navigation]: Server bt_navigator connected with bond.
[INFO] [1782958003.893078781] [lifecycle_manager_navigation]: [34m[1mActivating waypoint_follower[0m[0m
[INFO] [1782958004.028645564] [lifecycle_manager_navigation]: Server waypoint_follower connected with bond.
[INFO] [1782958004.028736509] [lifecycle_manager_navigation]: [34m[1mActivating docking_server[0m[0m
[INFO] [1782958004.269143324] [lifecycle_manager_navigation]: Server docking_server connected with bond.
[INFO] [1782958004.269244769] [lifecycle_manager_navigation]: [34m[1mManaged nodes are active[0m[0m
[INFO] [1782958004.269271343] [lifecycle_manager_navigation]: [34m[1mCreating bond timer...[0m[0m
[INFO] [1782958445.276692890] [lifecycle_manager_navigation]: [34m[1mHave not received a heartbeat from route_server.[0m[0m
[ERROR] [1782958445.277099226] [lifecycle_manager_navigation]: CRITICAL FAILURE: SERVER route_server IS DOWN after not receiving a heartbeat for 4000 ms. Shutting down related nodes.
[INFO] [1782958445.301058679] [lifecycle_manager_navigation]: [34m[1mTerminating bond timer...[0m[0m
[INFO] [1782958445.315679818] [lifecycle_manager_navigation]: [34m[1mResetting managed nodes...[0m[0m
[INFO] [1782958445.315882838] [lifecycle_manager_navigation]: [34m[1mDeactivating docking_server[0m[0m
[INFO] [1782958556.603080535] [rclcpp]: signal_handler(SIGINT/SIGTERM)
[INFO] [1782958556.603249573] [lifecycle_manager_navigation]: Running Nav2 LifecycleManager rcl preshutdown (lifecycle_manager_navigation)
