[INFO] [1775788862.488092052] [lifecycle_manager_navigation]: Creating
[INFO] [1775788862.554523632] [lifecycle_manager_navigation]: [34m[1mCreating and initializing lifecycle service clients[0m[0m
[INFO] [1775788864.124203264] [lifecycle_manager_navigation]: [34m[1mStarting managed nodes bringup...[0m[0m
[INFO] [1775788864.124266135] [lifecycle_manager_navigation]: [34m[1mConfiguring controller_server[0m[0m
[INFO] [1775788865.253685380] [lifecycle_manager_navigation]: [34m[1mConfiguring smoother_server[0m[0m
[INFO] [1775788865.431020445] [lifecycle_manager_navigation]: [34m[1mConfiguring planner_server[0m[0m
[INFO] [1775788865.945630659] [lifecycle_manager_navigation]: [34m[1mConfiguring route_server[0m[0m
[INFO] [1775788866.301761724] [lifecycle_manager_navigation]: [34m[1mConfiguring behavior_server[0m[0m
[INFO] [1775788866.658008789] [lifecycle_manager_navigation]: [34m[1mConfiguring velocity_smoother[0m[0m
[INFO] [1775788866.732751951] [lifecycle_manager_navigation]: [34m[1mConfiguring collision_monitor[0m[0m
[INFO] [1775788866.940274715] [lifecycle_manager_navigation]: [34m[1mConfiguring bt_navigator[0m[0m
[INFO] [1775788867.543911519] [lifecycle_manager_navigation]: [34m[1mConfiguring waypoint_follower[0m[0m
[INFO] [1775788867.732188755] [lifecycle_manager_navigation]: [34m[1mConfiguring docking_server[0m[0m
[INFO] [1775788868.040731045] [lifecycle_manager_navigation]: [34m[1mActivating controller_server[0m[0m
[INFO] [1775788868.370664821] [lifecycle_manager_navigation]: Server controller_server connected with bond.
[INFO] [1775788868.370739173] [lifecycle_manager_navigation]: [34m[1mActivating smoother_server[0m[0m
[INFO] [1775788868.486326276] [lifecycle_manager_navigation]: Server smoother_server connected with bond.
[INFO] [1775788868.486387203] [lifecycle_manager_navigation]: [34m[1mActivating planner_server[0m[0m
[INFO] [1775788869.664032818] [lifecycle_manager_navigation]: Server planner_server connected with bond.
[INFO] [1775788869.664101466] [lifecycle_manager_navigation]: [34m[1mActivating route_server[0m[0m
[INFO] [1775788869.783708351] [lifecycle_manager_navigation]: Server route_server connected with bond.
[INFO] [1775788869.783795722] [lifecycle_manager_navigation]: [34m[1mActivating behavior_server[0m[0m
[INFO] [1775788869.899226658] [lifecycle_manager_navigation]: Server behavior_server connected with bond.
[INFO] [1775788869.899296751] [lifecycle_manager_navigation]: [34m[1mActivating velocity_smoother[0m[0m
[INFO] [1775788870.023517882] [lifecycle_manager_navigation]: Server velocity_smoother connected with bond.
[INFO] [1775788870.023615549] [lifecycle_manager_navigation]: [34m[1mActivating collision_monitor[0m[0m
[INFO] [1775788870.139275653] [lifecycle_manager_navigation]: Server collision_monitor connected with bond.
[INFO] [1775788870.139353542] [lifecycle_manager_navigation]: [34m[1mActivating bt_navigator[0m[0m
[INFO] [1775788870.750710592] [lifecycle_manager_navigation]: Server bt_navigator connected with bond.
[INFO] [1775788870.750797666] [lifecycle_manager_navigation]: [34m[1mActivating waypoint_follower[0m[0m
[INFO] [1775788870.869588009] [lifecycle_manager_navigation]: Server waypoint_follower connected with bond.
[INFO] [1775788870.869655399] [lifecycle_manager_navigation]: [34m[1mActivating docking_server[0m[0m
[INFO] [1775788871.062017008] [lifecycle_manager_navigation]: Server docking_server connected with bond.
[INFO] [1775788871.062098545] [lifecycle_manager_navigation]: [34m[1mManaged nodes are active[0m[0m
[INFO] [1775788871.062123786] [lifecycle_manager_navigation]: [34m[1mCreating bond timer...[0m[0m
[INFO] [1775789026.837583605] [rclcpp]: signal_handler(SIGINT/SIGTERM)
[INFO] [1775789026.838700240] [lifecycle_manager_navigation]: Running Nav2 LifecycleManager rcl preshutdown (lifecycle_manager_navigation)
[INFO] [1775789026.838799167] [lifecycle_manager_navigation]: [34m[1mTerminating bond timer...[0m[0m
