[INFO] [1784056423.922729415] [lifecycle_manager_localization]: Creating
[INFO] [1784056423.942651698] [lifecycle_manager_localization]: [34m[1mCreating and initializing lifecycle service clients[0m[0m
[INFO] [1784056424.938514997] [lifecycle_manager_localization]: [34m[1mStarting managed nodes bringup...[0m[0m
[INFO] [1784056424.938613646] [lifecycle_manager_localization]: [34m[1mConfiguring map_server[0m[0m
[INFO] [1784056424.965987761] [lifecycle_manager_localization]: [34m[1mConfiguring amcl[0m[0m
[INFO] [1784056425.017521366] [lifecycle_manager_localization]: [34m[1mActivating map_server[0m[0m
[INFO] [1784056425.199414464] [lifecycle_manager_localization]: Server map_server connected with bond.
[INFO] [1784056425.199495668] [lifecycle_manager_localization]: [34m[1mActivating amcl[0m[0m
[INFO] [1784056425.316573909] [lifecycle_manager_localization]: Server amcl connected with bond.
[INFO] [1784056425.316642465] [lifecycle_manager_localization]: [34m[1mManaged nodes are active[0m[0m
[INFO] [1784056425.316666151] [lifecycle_manager_localization]: [34m[1mCreating bond timer...[0m[0m
[INFO] [1784059323.215393283] [lifecycle_manager_localization]: [34m[1mTerminating bond timer...[0m[0m
[INFO] [1784059323.215486765] [lifecycle_manager_localization]: [34m[1mResetting managed nodes...[0m[0m
[INFO] [1784059323.215508376] [lifecycle_manager_localization]: [34m[1mDeactivating amcl[0m[0m
[INFO] [1784059323.344427826] [lifecycle_manager_localization]: [34m[1mDeactivating map_server[0m[0m
[INFO] [1784059323.464759165] [lifecycle_manager_localization]: [34m[1mCleaning up amcl[0m[0m
[INFO] [1784059323.526793022] [lifecycle_manager_localization]: [34m[1mCleaning up map_server[0m[0m
[INFO] [1784059323.558473094] [lifecycle_manager_localization]: [34m[1mManaged nodes have been reset[0m[0m
[INFO] [1784059402.294355019] [rclcpp]: signal_handler(SIGINT/SIGTERM)
[INFO] [1784059402.294527928] [lifecycle_manager_localization]: Running Nav2 LifecycleManager rcl preshutdown (lifecycle_manager_localization)
