[INFO] [1785999623.518900038] [lifecycle_manager_navigation]: Creating
[INFO] [1785999623.557281236] [lifecycle_manager_navigation]: [34m[1mCreating and initializing lifecycle service clients[0m[0m
[INFO] [1785999625.198809040] [lifecycle_manager_navigation]: [34m[1mStarting managed nodes bringup...[0m[0m
[INFO] [1785999625.198894689] [lifecycle_manager_navigation]: [34m[1mConfiguring controller_server[0m[0m
[INFO] [1785999625.815063919] [lifecycle_manager_navigation]: [34m[1mConfiguring planner_server[0m[0m
[INFO] [1785999626.808048561] [lifecycle_manager_navigation]: [34m[1mConfiguring behavior_server[0m[0m
[INFO] [1785999627.264822494] [lifecycle_manager_navigation]: [34m[1mConfiguring bt_navigator[0m[0m
[INFO] [1785999627.918792438] [lifecycle_manager_navigation]: [34m[1mConfiguring velocity_smoother[0m[0m
[INFO] [1785999627.942946484] [lifecycle_manager_navigation]: [34m[1mConfiguring collision_monitor[0m[0m
[INFO] [1785999628.057999873] [lifecycle_manager_navigation]: [34m[1mActivating controller_server[0m[0m
[INFO] [1785999628.378522476] [lifecycle_manager_navigation]: Server controller_server connected with bond.
[INFO] [1785999628.378597568] [lifecycle_manager_navigation]: [34m[1mActivating planner_server[0m[0m
[INFO] [1785999631.911121297] [lifecycle_manager_navigation]: Server planner_server connected with bond.
[INFO] [1785999631.911221075] [lifecycle_manager_navigation]: [34m[1mActivating behavior_server[0m[0m
[INFO] [1785999632.031890544] [lifecycle_manager_navigation]: Server behavior_server connected with bond.
[INFO] [1785999632.031980192] [lifecycle_manager_navigation]: [34m[1mActivating bt_navigator[0m[0m
[INFO] [1785999632.498229794] [lifecycle_manager_navigation]: Server bt_navigator connected with bond.
[INFO] [1785999632.498336332] [lifecycle_manager_navigation]: [34m[1mActivating velocity_smoother[0m[0m
[INFO] [1785999632.614498263] [lifecycle_manager_navigation]: Server velocity_smoother connected with bond.
[INFO] [1785999632.614610448] [lifecycle_manager_navigation]: [34m[1mActivating collision_monitor[0m[0m
[INFO] [1785999632.741273535] [lifecycle_manager_navigation]: Server collision_monitor connected with bond.
[INFO] [1785999632.741353165] [lifecycle_manager_navigation]: [34m[1mManaged nodes are active[0m[0m
[INFO] [1785999632.741379868] [lifecycle_manager_navigation]: [34m[1mCreating bond timer...[0m[0m
[INFO] [1785999828.395311045] [rclcpp]: signal_handler(SIGINT/SIGTERM)
[INFO] [1785999828.395444009] [lifecycle_manager_navigation]: Running Nav2 LifecycleManager rcl preshutdown (lifecycle_manager_navigation)
[INFO] [1785999828.395507805] [lifecycle_manager_navigation]: [34m[1mTerminating bond timer...[0m[0m
