[INFO] [1786120839.778919549] [lifecycle_manager_navigation]: Creating
[INFO] [1786120839.970384917] [lifecycle_manager_navigation]: [34m[1mCreating and initializing lifecycle service clients[0m[0m
[INFO] [1786120841.269272952] [lifecycle_manager_navigation]: [34m[1mStarting managed nodes bringup...[0m[0m
[INFO] [1786120841.269367804] [lifecycle_manager_navigation]: [34m[1mConfiguring controller_server[0m[0m
[INFO] [1786120841.499181161] [lifecycle_manager_navigation]: [34m[1mConfiguring planner_server[0m[0m
[INFO] [1786120841.878732323] [lifecycle_manager_navigation]: [34m[1mConfiguring behavior_server[0m[0m
[INFO] [1786120842.073134263] [lifecycle_manager_navigation]: [34m[1mConfiguring bt_navigator[0m[0m
[INFO] [1786120842.397027712] [lifecycle_manager_navigation]: [34m[1mConfiguring velocity_smoother[0m[0m
[INFO] [1786120842.420206413] [lifecycle_manager_navigation]: [34m[1mConfiguring collision_monitor[0m[0m
[INFO] [1786120842.508798438] [lifecycle_manager_navigation]: [34m[1mActivating controller_server[0m[0m
[INFO] [1786120842.824988511] [lifecycle_manager_navigation]: Server controller_server connected with bond.
[INFO] [1786120842.825069548] [lifecycle_manager_navigation]: [34m[1mActivating planner_server[0m[0m
[INFO] [1786120844.203138667] [lifecycle_manager_navigation]: Server planner_server connected with bond.
[INFO] [1786120844.203227593] [lifecycle_manager_navigation]: [34m[1mActivating behavior_server[0m[0m
[INFO] [1786120844.324050554] [lifecycle_manager_navigation]: Server behavior_server connected with bond.
[INFO] [1786120844.324174295] [lifecycle_manager_navigation]: [34m[1mActivating bt_navigator[0m[0m
[INFO] [1786120844.780003081] [lifecycle_manager_navigation]: Server bt_navigator connected with bond.
[INFO] [1786120844.780082804] [lifecycle_manager_navigation]: [34m[1mActivating velocity_smoother[0m[0m
[INFO] [1786120844.892591534] [lifecycle_manager_navigation]: Server velocity_smoother connected with bond.
[INFO] [1786120844.892677090] [lifecycle_manager_navigation]: [34m[1mActivating collision_monitor[0m[0m
[INFO] [1786120845.013894960] [lifecycle_manager_navigation]: Server collision_monitor connected with bond.
[INFO] [1786120845.013984220] [lifecycle_manager_navigation]: [34m[1mManaged nodes are active[0m[0m
[INFO] [1786120845.014009942] [lifecycle_manager_navigation]: [34m[1mCreating bond timer...[0m[0m
