[INFO] [1784064158.157857271] [lifecycle_manager_navigation]: Creating
[INFO] [1784064158.358283559] [lifecycle_manager_navigation]: [34m[1mCreating and initializing lifecycle service clients[0m[0m
[INFO] [1784064160.362980108] [lifecycle_manager_navigation]: [34m[1mStarting managed nodes bringup...[0m[0m
[INFO] [1784064160.363092997] [lifecycle_manager_navigation]: [34m[1mConfiguring controller_server[0m[0m
[INFO] [1784064160.715118398] [lifecycle_manager_navigation]: [34m[1mConfiguring smoother_server[0m[0m
[INFO] [1784064160.851646625] [lifecycle_manager_navigation]: [34m[1mConfiguring planner_server[0m[0m
[INFO] [1784064161.223142158] [lifecycle_manager_navigation]: [34m[1mConfiguring route_server[0m[0m
[INFO] [1784064161.492440888] [lifecycle_manager_navigation]: [34m[1mConfiguring behavior_server[0m[0m
[INFO] [1784064161.836437778] [lifecycle_manager_navigation]: [34m[1mConfiguring velocity_smoother[0m[0m
[INFO] [1784064161.878095893] [lifecycle_manager_navigation]: [34m[1mConfiguring collision_monitor[0m[0m
[INFO] [1784064162.016287556] [lifecycle_manager_navigation]: [34m[1mConfiguring bt_navigator[0m[0m
[INFO] [1784064162.519785605] [lifecycle_manager_navigation]: [34m[1mConfiguring waypoint_follower[0m[0m
[INFO] [1784064162.681210534] [lifecycle_manager_navigation]: [34m[1mConfiguring docking_server[0m[0m
[INFO] [1784064162.890432503] [lifecycle_manager_navigation]: [34m[1mActivating controller_server[0m[0m
[INFO] [1784064163.218523374] [lifecycle_manager_navigation]: Server controller_server connected with bond.
[INFO] [1784064163.218599967] [lifecycle_manager_navigation]: [34m[1mActivating smoother_server[0m[0m
[INFO] [1784064163.335844026] [lifecycle_manager_navigation]: Server smoother_server connected with bond.
[INFO] [1784064163.335915415] [lifecycle_manager_navigation]: [34m[1mActivating planner_server[0m[0m
[INFO] [1784064165.482612853] [lifecycle_manager_navigation]: Server planner_server connected with bond.
[INFO] [1784064165.482678428] [lifecycle_manager_navigation]: [34m[1mActivating route_server[0m[0m
[INFO] [1784064165.604505328] [lifecycle_manager_navigation]: Server route_server connected with bond.
[INFO] [1784064165.604599903] [lifecycle_manager_navigation]: [34m[1mActivating behavior_server[0m[0m
[INFO] [1784064165.727209308] [lifecycle_manager_navigation]: Server behavior_server connected with bond.
[INFO] [1784064165.727323901] [lifecycle_manager_navigation]: [34m[1mActivating velocity_smoother[0m[0m
[INFO] [1784064165.856155232] [lifecycle_manager_navigation]: Server velocity_smoother connected with bond.
[INFO] [1784064165.856518160] [lifecycle_manager_navigation]: [34m[1mActivating collision_monitor[0m[0m
[INFO] [1784064165.983945075] [lifecycle_manager_navigation]: Server collision_monitor connected with bond.
[INFO] [1784064165.984014890] [lifecycle_manager_navigation]: [34m[1mActivating bt_navigator[0m[0m
[INFO] [1784064166.843569659] [lifecycle_manager_navigation]: Server bt_navigator connected with bond.
[INFO] [1784064166.843908217] [lifecycle_manager_navigation]: [34m[1mActivating waypoint_follower[0m[0m
[INFO] [1784064166.969570547] [lifecycle_manager_navigation]: Server waypoint_follower connected with bond.
[INFO] [1784064166.969645122] [lifecycle_manager_navigation]: [34m[1mActivating docking_server[0m[0m
[INFO] [1784064167.297516084] [lifecycle_manager_navigation]: Server docking_server connected with bond.
[INFO] [1784064167.297968586] [lifecycle_manager_navigation]: [34m[1mManaged nodes are active[0m[0m
[INFO] [1784064167.297999994] [lifecycle_manager_navigation]: [34m[1mCreating bond timer...[0m[0m
[INFO] [1784064625.211737140] [rclcpp]: signal_handler(SIGINT/SIGTERM)
[INFO] [1784064625.211872844] [lifecycle_manager_navigation]: Running Nav2 LifecycleManager rcl preshutdown (lifecycle_manager_navigation)
[INFO] [1784064625.211951993] [lifecycle_manager_navigation]: [34m[1mTerminating bond timer...[0m[0m
