[INFO] [1783989357.016553907] [lifecycle_manager_navigation]: Creating
[INFO] [1783989357.200683109] [lifecycle_manager_navigation]: [34m[1mCreating and initializing lifecycle service clients[0m[0m
[INFO] [1783989358.499599293] [lifecycle_manager_navigation]: [34m[1mStarting managed nodes bringup...[0m[0m
[INFO] [1783989358.499701312] [lifecycle_manager_navigation]: [34m[1mConfiguring controller_server[0m[0m
[INFO] [1783989359.161296423] [lifecycle_manager_navigation]: [34m[1mConfiguring smoother_server[0m[0m
[INFO] [1783989359.381124332] [lifecycle_manager_navigation]: [34m[1mConfiguring planner_server[0m[0m
[INFO] [1783989359.747834190] [lifecycle_manager_navigation]: [34m[1mConfiguring route_server[0m[0m
[INFO] [1783989360.011981020] [lifecycle_manager_navigation]: [34m[1mConfiguring behavior_server[0m[0m
[INFO] [1783989360.347177303] [lifecycle_manager_navigation]: [34m[1mConfiguring velocity_smoother[0m[0m
[INFO] [1783989360.391922781] [lifecycle_manager_navigation]: [34m[1mConfiguring collision_monitor[0m[0m
[INFO] [1783989360.505333884] [lifecycle_manager_navigation]: [34m[1mConfiguring bt_navigator[0m[0m
[INFO] [1783989361.035096386] [lifecycle_manager_navigation]: [34m[1mConfiguring waypoint_follower[0m[0m
[INFO] [1783989361.199653836] [lifecycle_manager_navigation]: [34m[1mConfiguring docking_server[0m[0m
[INFO] [1783989361.431868922] [lifecycle_manager_navigation]: [34m[1mActivating controller_server[0m[0m
[INFO] [1783989361.755991609] [lifecycle_manager_navigation]: Server controller_server connected with bond.
[INFO] [1783989361.756069331] [lifecycle_manager_navigation]: [34m[1mActivating smoother_server[0m[0m
[INFO] [1783989361.882235835] [lifecycle_manager_navigation]: Server smoother_server connected with bond.
[INFO] [1783989361.882344169] [lifecycle_manager_navigation]: [34m[1mActivating planner_server[0m[0m
[INFO] [1783989364.072294536] [lifecycle_manager_navigation]: Server planner_server connected with bond.
[INFO] [1783989364.072393389] [lifecycle_manager_navigation]: [34m[1mActivating route_server[0m[0m
[INFO] [1783989364.197097181] [lifecycle_manager_navigation]: Server route_server connected with bond.
[INFO] [1783989364.197197460] [lifecycle_manager_navigation]: [34m[1mActivating behavior_server[0m[0m
[INFO] [1783989364.352329247] [lifecycle_manager_navigation]: Server behavior_server connected with bond.
[INFO] [1783989364.352798361] [lifecycle_manager_navigation]: [34m[1mActivating velocity_smoother[0m[0m
[INFO] [1783989364.479140329] [lifecycle_manager_navigation]: Server velocity_smoother connected with bond.
[INFO] [1783989364.479213052] [lifecycle_manager_navigation]: [34m[1mActivating collision_monitor[0m[0m
[INFO] [1783989364.610552843] [lifecycle_manager_navigation]: Server collision_monitor connected with bond.
[INFO] [1783989364.610634436] [lifecycle_manager_navigation]: [34m[1mActivating bt_navigator[0m[0m
[INFO] [1783989365.504640171] [lifecycle_manager_navigation]: Server bt_navigator connected with bond.
[INFO] [1783989365.504736968] [lifecycle_manager_navigation]: [34m[1mActivating waypoint_follower[0m[0m
[INFO] [1783989365.643412779] [lifecycle_manager_navigation]: Server waypoint_follower connected with bond.
[INFO] [1783989365.643503854] [lifecycle_manager_navigation]: [34m[1mActivating docking_server[0m[0m
[INFO] [1783989365.862217646] [lifecycle_manager_navigation]: Server docking_server connected with bond.
[INFO] [1783989365.862301591] [lifecycle_manager_navigation]: [34m[1mManaged nodes are active[0m[0m
[INFO] [1783989365.862347480] [lifecycle_manager_navigation]: [34m[1mCreating bond timer...[0m[0m
[INFO] [1783989968.523840880] [rclcpp]: signal_handler(SIGINT/SIGTERM)
[INFO] [1783989968.526056021] [lifecycle_manager_navigation]: Running Nav2 LifecycleManager rcl preshutdown (lifecycle_manager_navigation)
[INFO] [1783989968.526135114] [lifecycle_manager_navigation]: [34m[1mTerminating bond timer...[0m[0m
