[INFO] [1782878533.342843097] [lifecycle_manager_navigation]: Creating
[INFO] [1782878533.517950819] [lifecycle_manager_navigation]: [34m[1mCreating and initializing lifecycle service clients[0m[0m
[INFO] [1782878536.607206907] [lifecycle_manager_navigation]: [34m[1mStarting managed nodes bringup...[0m[0m
[INFO] [1782878536.607302149] [lifecycle_manager_navigation]: [34m[1mConfiguring controller_server[0m[0m
[INFO] [1782878537.316119253] [lifecycle_manager_navigation]: [34m[1mConfiguring smoother_server[0m[0m
[INFO] [1782878537.599958337] [lifecycle_manager_navigation]: [34m[1mConfiguring planner_server[0m[0m
[INFO] [1782878538.134719409] [lifecycle_manager_navigation]: [34m[1mConfiguring route_server[0m[0m
[INFO] [1782878538.829516544] [lifecycle_manager_navigation]: [34m[1mConfiguring behavior_server[0m[0m
[INFO] [1782878539.243636724] [lifecycle_manager_navigation]: [34m[1mConfiguring velocity_smoother[0m[0m
[INFO] [1782878539.330506831] [lifecycle_manager_navigation]: [34m[1mConfiguring collision_monitor[0m[0m
[INFO] [1782878539.515270776] [lifecycle_manager_navigation]: [34m[1mConfiguring bt_navigator[0m[0m
[INFO] [1782878540.276225492] [lifecycle_manager_navigation]: [34m[1mConfiguring waypoint_follower[0m[0m
[INFO] [1782878540.446138981] [lifecycle_manager_navigation]: [34m[1mConfiguring docking_server[0m[0m
[INFO] [1782878541.072887060] [lifecycle_manager_navigation]: [34m[1mActivating controller_server[0m[0m
[INFO] [1782878541.415461387] [lifecycle_manager_navigation]: Server controller_server connected with bond.
[INFO] [1782878541.415556684] [lifecycle_manager_navigation]: [34m[1mActivating smoother_server[0m[0m
[INFO] [1782878541.621835251] [lifecycle_manager_navigation]: Server smoother_server connected with bond.
[INFO] [1782878541.621932400] [lifecycle_manager_navigation]: [34m[1mActivating planner_server[0m[0m
[INFO] [1782878543.812797431] [lifecycle_manager_navigation]: Server planner_server connected with bond.
[INFO] [1782878543.812866358] [lifecycle_manager_navigation]: [34m[1mActivating route_server[0m[0m
[INFO] [1782878543.934940907] [lifecycle_manager_navigation]: Server route_server connected with bond.
[INFO] [1782878543.935038870] [lifecycle_manager_navigation]: [34m[1mActivating behavior_server[0m[0m
[INFO] [1782878544.078728432] [lifecycle_manager_navigation]: Server behavior_server connected with bond.
[INFO] [1782878544.078799895] [lifecycle_manager_navigation]: [34m[1mActivating velocity_smoother[0m[0m
[INFO] [1782878544.212766364] [lifecycle_manager_navigation]: Server velocity_smoother connected with bond.
[INFO] [1782878544.213773073] [lifecycle_manager_navigation]: [34m[1mActivating collision_monitor[0m[0m
[INFO] [1782878544.348821678] [lifecycle_manager_navigation]: Server collision_monitor connected with bond.
[INFO] [1782878544.348892697] [lifecycle_manager_navigation]: [34m[1mActivating bt_navigator[0m[0m
[INFO] [1782878545.852292153] [lifecycle_manager_navigation]: Server bt_navigator connected with bond.
[INFO] [1782878545.852365154] [lifecycle_manager_navigation]: [34m[1mActivating waypoint_follower[0m[0m
[INFO] [1782878545.986193807] [lifecycle_manager_navigation]: Server waypoint_follower connected with bond.
[INFO] [1782878545.986276011] [lifecycle_manager_navigation]: [34m[1mActivating docking_server[0m[0m
[INFO] [1782878546.280308931] [lifecycle_manager_navigation]: Server docking_server connected with bond.
[INFO] [1782878546.280391617] [lifecycle_manager_navigation]: [34m[1mManaged nodes are active[0m[0m
[INFO] [1782878546.280415784] [lifecycle_manager_navigation]: [34m[1mCreating bond timer...[0m[0m
[INFO] [1782878621.812148318] [rclcpp]: signal_handler(SIGINT/SIGTERM)
[INFO] [1782878621.812274096] [lifecycle_manager_navigation]: Running Nav2 LifecycleManager rcl preshutdown (lifecycle_manager_navigation)
[INFO] [1782878621.812372115] [lifecycle_manager_navigation]: [34m[1mTerminating bond timer...[0m[0m
