[INFO] [1785907707.659025635] [map_server]: 
	map_server lifecycle node launched. 
	Waiting on external lifecycle transitions to activate
	See https://design.ros2.org/articles/node_lifecycle.html for more information.
[INFO] [1785907707.662531305] [map_server]: Creating
[INFO] [1785907708.363249079] [map_server]: Configuring
[INFO] [1785907708.364642384] [map_io]: Loading yaml file: /home/mypi/maps/TASCmap.yaml
[INFO] [1785907708.367669885] [map_io]: resolution: 0.05
[INFO] [1785907708.367721570] [map_io]: origin[0]: -20.847
[INFO] [1785907708.367729959] [map_io]: origin[1]: -87.971
[INFO] [1785907708.367735570] [map_io]: origin[2]: 0
[INFO] [1785907708.367741552] [map_io]: free_thresh: 0.196
[INFO] [1785907708.367747126] [map_io]: occupied_thresh: 0.65
[INFO] [1785907708.367756941] [map_io]: mode: trinary
[INFO] [1785907708.367763663] [map_io]: negate: 0
[INFO] [1785907708.371800725] [map_io]: Loading image_file: /home/mypi/maps/TASCmap.pgm
[INFO] [1785907708.762727910] [map_io]: Read map /home/mypi/maps/TASCmap.pgm: 1552 X 2299 map @ 0.05 m/cell
[INFO] [1785907709.332699948] [map_server]: Activating
[INFO] [1785907714.549423101] [map_server]: Creating bond (map_server) to lifecycle manager.
[INFO] [1785907749.900047437] [rclcpp]: signal_handler(SIGINT/SIGTERM)
[INFO] [1785907749.900204141] [map_server]: Running Nav2 LifecycleNode rcl preshutdown (map_server)
[INFO] [1785907749.900339235] [map_server]: Deactivating
[INFO] [1785907749.900374364] [map_server]: Destroying bond (map_server) to lifecycle manager.
[INFO] [1785907749.910922319] [map_server]: Cleaning up
[INFO] [1785907749.911028708] [map_server]: Destroying bond (map_server) to lifecycle manager.
