[INFO] [1784072713.573364230] [map_server]: 
	map_server lifecycle node launched. 
	Waiting on external lifecycle transitions to activate
	See https://design.ros2.org/articles/node_lifecycle.html for more information.
[INFO] [1784072713.573659564] [map_server]: Creating
[INFO] [1784072713.770941606] [map_server]: Configuring
[INFO] [1784072713.771060884] [map_io]: Loading yaml file: /home/mypi/maps/goodpitmap.yaml
[INFO] [1784072713.772760593] [map_io]: resolution: 0.05
[INFO] [1784072713.772803001] [map_io]: origin[0]: -24.223
[INFO] [1784072713.772815446] [map_io]: origin[1]: -54.064
[INFO] [1784072713.772823149] [map_io]: origin[2]: 0
[INFO] [1784072713.772831834] [map_io]: free_thresh: 0.196
[INFO] [1784072713.772839446] [map_io]: occupied_thresh: 0.65
[INFO] [1784072713.772850186] [map_io]: mode: trinary
[INFO] [1784072713.772859483] [map_io]: negate: 0
[INFO] [1784072713.791744862] [map_io]: Loading image_file: /home/mypi/maps/goodpitmap.pgm
[INFO] [1784072713.814833848] [map_io]: Read map /home/mypi/maps/goodpitmap.pgm: 514 X 677 map @ 0.05 m/cell
[INFO] [1784072713.909980116] [map_server]: Activating
[INFO] [1784072713.911141250] [map_server]: Creating bond (map_server) to lifecycle manager.
[INFO] [1784073116.082554211] [rclcpp]: signal_handler(SIGINT/SIGTERM)
[INFO] [1784073116.083353420] [map_server]: Running Nav2 LifecycleNode rcl preshutdown (map_server)
[INFO] [1784073116.083530088] [map_server]: Deactivating
[INFO] [1784073116.083575125] [map_server]: Destroying bond (map_server) to lifecycle manager.
[INFO] [1784073116.099396572] [map_server]: Cleaning up
[INFO] [1784073116.099522535] [map_server]: Destroying bond (map_server) to lifecycle manager.
