[INFO] [1783986831.391281816] [map_server]: 
	map_server lifecycle node launched. 
	Waiting on external lifecycle transitions to activate
	See https://design.ros2.org/articles/node_lifecycle.html for more information.
[INFO] [1783986831.391683336] [map_server]: Creating
[INFO] [1783986831.703820506] [map_server]: Configuring
[INFO] [1783986831.703949136] [map_io]: Loading yaml file: /home/mypi/maps/goodpitmap.yaml
[INFO] [1783986831.704451898] [map_io]: resolution: 0.05
[INFO] [1783986831.704483583] [map_io]: origin[0]: -24.223
[INFO] [1783986831.704492528] [map_io]: origin[1]: -54.064
[INFO] [1783986831.704500435] [map_io]: origin[2]: 0
[INFO] [1783986831.704508306] [map_io]: free_thresh: 0.196
[INFO] [1783986831.704515750] [map_io]: occupied_thresh: 0.65
[INFO] [1783986831.704525139] [map_io]: mode: trinary
[INFO] [1783986831.704534343] [map_io]: negate: 0
[INFO] [1783986831.704963512] [map_io]: Loading image_file: /home/mypi/maps/goodpitmap.pgm
[INFO] [1783986831.717559227] [map_io]: Read map /home/mypi/maps/goodpitmap.pgm: 514 X 677 map @ 0.05 m/cell
[INFO] [1783986831.772986964] [map_server]: Activating
[INFO] [1783986831.853584280] [map_server]: Creating bond (map_server) to lifecycle manager.
[INFO] [1783986845.308188135] [rclcpp]: signal_handler(SIGINT/SIGTERM)
[INFO] [1783986845.308360617] [map_server]: Running Nav2 LifecycleNode rcl preshutdown (map_server)
[INFO] [1783986845.308498451] [map_server]: Deactivating
[INFO] [1783986845.308546026] [map_server]: Destroying bond (map_server) to lifecycle manager.
[INFO] [1783986845.331083441] [map_server]: Cleaning up
[INFO] [1783986845.331411628] [map_server]: Destroying bond (map_server) to lifecycle manager.
