[INFO] [1786140539.880379313] [map_server]: 
	map_server lifecycle node launched. 
	Waiting on external lifecycle transitions to activate
	See https://design.ros2.org/articles/node_lifecycle.html for more information.
[INFO] [1786140539.880755666] [map_server]: Creating
[INFO] [1786140541.063796604] [map_server]: Configuring
[INFO] [1786140541.063919160] [map_io]: Loading yaml file: /home/mypi/maps/test.yaml
[INFO] [1786140541.064342439] [map_io]: resolution: 0.05
[INFO] [1786140541.064367143] [map_io]: origin[0]: -20.847
[INFO] [1786140541.064377310] [map_io]: origin[1]: -87.971
[INFO] [1786140541.064385236] [map_io]: origin[2]: 0
[INFO] [1786140541.064392754] [map_io]: free_thresh: 0.196
[INFO] [1786140541.064400958] [map_io]: occupied_thresh: 0.65
[INFO] [1786140541.064410551] [map_io]: mode: trinary
[INFO] [1786140541.064420903] [map_io]: negate: 0
[INFO] [1786140541.064889256] [map_io]: Loading image_file: /home/mypi/maps/TASCmap4.pgm
[INFO] [1786140541.181737301] [map_io]: Read map /home/mypi/maps/TASCmap4.pgm: 1552 X 2299 map @ 0.05 m/cell
[INFO] [1786140541.566860491] [map_server]: Activating
[INFO] [1786140558.124106889] [map_server]: Creating bond (map_server) to lifecycle manager.
[WARN] [1786140748.946288351] [rcl_lifecycle]: No transition matching 1 found for current state active
[WARN] [1786140748.946922725] [rcl_lifecycle]: No transition matching 1 found for current state active
[ERROR] [1786140748.946948799] [map_server]: Unable to start transition 1 from current state active: Transition is not registered., at ./src/rcl_lifecycle.c:355
[WARN] [1786140749.048209803] [map_server.rclcpp]: failed to send response to /map_server/change_state (timeout): client will not receive response, at ./src/rmw_response.cpp:153, at ./src/rcl/service.c:400
