[INFO] [1786098162.421053160] [map_server]: 
	map_server lifecycle node launched. 
	Waiting on external lifecycle transitions to activate
	See https://design.ros2.org/articles/node_lifecycle.html for more information.
[INFO] [1786098162.421254198] [map_server]: Creating
[INFO] [1786098162.851143700] [map_server]: Configuring
[INFO] [1786098162.851277294] [map_io]: Loading yaml file: /home/mypi/maps/TASCmap.yaml
[INFO] [1786098162.851746370] [map_io]: resolution: 0.05
[INFO] [1786098162.851771704] [map_io]: origin[0]: -20.847
[INFO] [1786098162.851782945] [map_io]: origin[1]: -87.971
[INFO] [1786098162.851791611] [map_io]: origin[2]: 0
[INFO] [1786098162.851799945] [map_io]: free_thresh: 0.196
[INFO] [1786098162.851807574] [map_io]: occupied_thresh: 0.65
[INFO] [1786098162.851817223] [map_io]: mode: trinary
[INFO] [1786098162.851826093] [map_io]: negate: 0
[INFO] [1786098162.852322707] [map_io]: Loading image_file: /home/mypi/maps/TASCmap_black.pgm
[INFO] [1786098162.974117083] [map_io]: Read map /home/mypi/maps/TASCmap_black.pgm: 1552 X 2299 map @ 0.05 m/cell
[INFO] [1786098163.362853117] [map_server]: Activating
[INFO] [1786098164.556192037] [map_server]: Creating bond (map_server) to lifecycle manager.
[INFO] [1786098248.329407571] [rclcpp]: signal_handler(SIGINT/SIGTERM)
[INFO] [1786098248.329523590] [map_server]: Running Nav2 LifecycleNode rcl preshutdown (map_server)
[INFO] [1786098248.329651795] [map_server]: Deactivating
[INFO] [1786098248.329696480] [map_server]: Destroying bond (map_server) to lifecycle manager.
[INFO] [1786098248.803482243] [map_server]: Cleaning up
[INFO] [1786098249.265069568] [map_server]: Destroying bond (map_server) to lifecycle manager.
