[INFO] [1786130575.411999003] [map_server]: 
	map_server lifecycle node launched. 
	Waiting on external lifecycle transitions to activate
	See https://design.ros2.org/articles/node_lifecycle.html for more information.
[INFO] [1786130575.412764100] [map_server]: Creating
[INFO] [1786130576.022463025] [map_server]: Configuring
[INFO] [1786130576.022599285] [map_io]: Loading yaml file: /home/mypi/maps/test.yaml
[INFO] [1786130576.023201492] [map_io]: resolution: 0.05
[INFO] [1786130576.023233121] [map_io]: origin[0]: -20.847
[INFO] [1786130576.023241455] [map_io]: origin[1]: -87.971
[INFO] [1786130576.023248029] [map_io]: origin[2]: 0
[INFO] [1786130576.023254825] [map_io]: free_thresh: 0.196
[INFO] [1786130576.023261159] [map_io]: occupied_thresh: 0.65
[INFO] [1786130576.023269103] [map_io]: mode: trinary
[INFO] [1786130576.023276344] [map_io]: negate: 0
[INFO] [1786130576.023631957] [map_io]: Loading image_file: /home/mypi/maps/TASCmap4.pgm
[INFO] [1786130576.122511436] [map_io]: Read map /home/mypi/maps/TASCmap4.pgm: 1552 X 2299 map @ 0.05 m/cell
[INFO] [1786130576.188500040] [map_server]: Activating
[INFO] [1786130577.166284109] [map_server]: Creating bond (map_server) to lifecycle manager.
[INFO] [1786131141.229319041] [rclcpp]: signal_handler(SIGINT/SIGTERM)
[INFO] [1786131141.229489023] [map_server]: Running Nav2 LifecycleNode rcl preshutdown (map_server)
[INFO] [1786131141.233104301] [map_server]: Deactivating
[INFO] [1786131141.233203228] [map_server]: Destroying bond (map_server) to lifecycle manager.
[INFO] [1786131141.264022725] [map_server]: Cleaning up
[INFO] [1786131141.264146170] [map_server]: Destroying bond (map_server) to lifecycle manager.
