[INFO] [1784155328.399193710] [map_server]: 
	map_server lifecycle node launched. 
	Waiting on external lifecycle transitions to activate
	See https://design.ros2.org/articles/node_lifecycle.html for more information.
[INFO] [1784155328.399427470] [map_server]: Creating
[INFO] [1784155328.616232488] [map_server]: Configuring
[INFO] [1784155328.616353914] [map_io]: Loading yaml file: /home/mypi/maps/ASBmap.yaml
[INFO] [1784155328.616765619] [map_io]: resolution: 0.05
[INFO] [1784155328.616789249] [map_io]: origin[0]: -17.294
[INFO] [1784155328.616797860] [map_io]: origin[1]: -13.421
[INFO] [1784155328.616804693] [map_io]: origin[2]: 0
[INFO] [1784155328.616811582] [map_io]: free_thresh: 0.196
[INFO] [1784155328.616818026] [map_io]: occupied_thresh: 0.65
[INFO] [1784155328.616826341] [map_io]: mode: trinary
[INFO] [1784155328.616834064] [map_io]: negate: 0
[INFO] [1784155328.617221806] [map_io]: Loading image_file: /home/mypi/maps/ASBmap.pgm
[INFO] [1784155328.622011339] [map_io]: Read map /home/mypi/maps/ASBmap.pgm: 272 X 427 map @ 0.05 m/cell
[INFO] [1784155328.674089429] [map_server]: Activating
[INFO] [1784155328.722568601] [map_server]: Creating bond (map_server) to lifecycle manager.
[INFO] [1784159259.658300052] [rclcpp]: signal_handler(SIGINT/SIGTERM)
[INFO] [1784159259.658444209] [map_server]: Running Nav2 LifecycleNode rcl preshutdown (map_server)
[INFO] [1784159259.658964074] [map_server]: Deactivating
[INFO] [1784159259.659030449] [map_server]: Destroying bond (map_server) to lifecycle manager.
[INFO] [1784159259.759791144] [map_server]: Cleaning up
[INFO] [1784159259.759881612] [map_server]: Destroying bond (map_server) to lifecycle manager.
