[INFO] [1783131421.860735225] [map_server]: 
	map_server lifecycle node launched. 
	Waiting on external lifecycle transitions to activate
	See https://design.ros2.org/articles/node_lifecycle.html for more information.
[INFO] [1783131421.861029819] [map_server]: Creating
[INFO] [1783131422.769500140] [map_server]: Configuring
[INFO] [1783131422.769729901] [map_io]: Loading yaml file: /home/mypi/maps/officemap.yaml
[INFO] [1783131422.770239219] [map_io]: resolution: 0.05
[INFO] [1783131422.770267404] [map_io]: origin[0]: -15.501
[INFO] [1783131422.770274367] [map_io]: origin[1]: -1.943
[INFO] [1783131422.770279348] [map_io]: origin[2]: 0
[INFO] [1783131422.770284534] [map_io]: free_thresh: 0.196
[INFO] [1783131422.770290200] [map_io]: occupied_thresh: 0.65
[INFO] [1783131422.770296645] [map_io]: mode: trinary
[INFO] [1783131422.770302923] [map_io]: negate: 0
[INFO] [1783131422.770860759] [map_io]: Loading image_file: /home/mypi/maps/officemap.pgm
[INFO] [1783131422.779702179] [map_io]: Read map /home/mypi/maps/officemap.pgm: 537 X 439 map @ 0.05 m/cell
[INFO] [1783131422.903626822] [map_server]: Activating
[INFO] [1783131422.942385670] [map_server]: Creating bond (map_server) to lifecycle manager.
[INFO] [1783131507.339456332] [rclcpp]: signal_handler(SIGINT/SIGTERM)
[INFO] [1783131507.339590852] [map_server]: Running Nav2 LifecycleNode rcl preshutdown (map_server)
[INFO] [1783131507.339739464] [map_server]: Deactivating
[INFO] [1783131507.339783760] [map_server]: Destroying bond (map_server) to lifecycle manager.
[INFO] [1783131507.350177134] [map_server]: Cleaning up
[INFO] [1783131507.350273208] [map_server]: Destroying bond (map_server) to lifecycle manager.
