[INFO] [1783020028.058127306] [map_server]: 
	map_server lifecycle node launched. 
	Waiting on external lifecycle transitions to activate
	See https://design.ros2.org/articles/node_lifecycle.html for more information.
[INFO] [1783020028.058560716] [map_server]: Creating
[INFO] [1783020028.102452457] [map_server]: Configuring
[INFO] [1783020028.102579939] [map_io]: Loading yaml file: /home/mypi/maps/officemap.yaml
[INFO] [1783020028.103831112] [map_io]: resolution: 0.05
[INFO] [1783020028.103863020] [map_io]: origin[0]: -15.501
[INFO] [1783020028.103871613] [map_io]: origin[1]: -1.943
[INFO] [1783020028.103878168] [map_io]: origin[2]: 0
[INFO] [1783020028.103885224] [map_io]: free_thresh: 0.196
[INFO] [1783020028.103891428] [map_io]: occupied_thresh: 0.65
[INFO] [1783020028.103899705] [map_io]: mode: trinary
[INFO] [1783020028.103907076] [map_io]: negate: 0
[INFO] [1783020028.104251281] [map_io]: Loading image_file: /home/mypi/maps/officemap.pgm
[INFO] [1783020028.117168477] [map_io]: Read map /home/mypi/maps/officemap.pgm: 537 X 439 map @ 0.05 m/cell
[INFO] [1783020028.215798515] [map_server]: Activating
[INFO] [1783020028.216873076] [map_server]: Creating bond (map_server) to lifecycle manager.
[INFO] [1783025019.442863911] [rclcpp]: signal_handler(SIGINT/SIGTERM)
[INFO] [1783025019.443008986] [map_server]: Running Nav2 LifecycleNode rcl preshutdown (map_server)
[INFO] [1783025019.443117190] [map_server]: Deactivating
[INFO] [1783025019.443152246] [map_server]: Destroying bond (map_server) to lifecycle manager.
[INFO] [1783025019.453604932] [map_server]: Cleaning up
[INFO] [1783025019.453712988] [map_server]: Destroying bond (map_server) to lifecycle manager.
