[INFO] [1786094379.075545380] [map_server]: 
	map_server lifecycle node launched. 
	Waiting on external lifecycle transitions to activate
	See https://design.ros2.org/articles/node_lifecycle.html for more information.
[INFO] [1786094379.076202976] [map_server]: Creating
[INFO] [1786094380.087374315] [map_server]: Configuring
[INFO] [1786094380.087515612] [map_io]: Loading yaml file: /home/mypi/maps/TASCmap.yaml
[INFO] [1786094380.087899614] [map_io]: resolution: 0.05
[INFO] [1786094380.087921392] [map_io]: origin[0]: -20.847
[INFO] [1786094380.087930929] [map_io]: origin[1]: -87.971
[INFO] [1786094380.087937929] [map_io]: origin[2]: 0
[INFO] [1786094380.087943596] [map_io]: free_thresh: 0.196
[INFO] [1786094380.087949503] [map_io]: occupied_thresh: 0.65
[INFO] [1786094380.087956855] [map_io]: mode: trinary
[INFO] [1786094380.087964059] [map_io]: negate: 0
[INFO] [1786094380.088376117] [map_io]: Loading image_file: /home/mypi/maps/TASCmap_edited.pgm
[INFO] [1786094380.183356652] [map_io]: Read map /home/mypi/maps/TASCmap_edited.pgm: 1552 X 2299 map @ 0.05 m/cell
[INFO] [1786094380.247216833] [map_server]: Activating
[INFO] [1786094381.400586520] [map_server]: Creating bond (map_server) to lifecycle manager.
[INFO] [1786094476.067968481] [rclcpp]: signal_handler(SIGINT/SIGTERM)
[INFO] [1786094476.068136686] [map_server]: Running Nav2 LifecycleNode rcl preshutdown (map_server)
[INFO] [1786094476.068278094] [map_server]: Deactivating
[INFO] [1786094476.068317242] [map_server]: Destroying bond (map_server) to lifecycle manager.
[INFO] [1786094476.079594711] [map_server]: Cleaning up
[INFO] [1786094476.079747879] [map_server]: Destroying bond (map_server) to lifecycle manager.
