[INFO] [1782964223.421836619] [map_server]: 
	map_server lifecycle node launched. 
	Waiting on external lifecycle transitions to activate
	See https://design.ros2.org/articles/node_lifecycle.html for more information.
[INFO] [1782964223.422092564] [map_server]: Creating
[INFO] [1782964223.565636425] [map_server]: Configuring
[INFO] [1782964223.565773333] [map_io]: Loading yaml file: /home/mypi/maps/officemap.yaml
[INFO] [1782964223.566172853] [map_io]: resolution: 0.05
[INFO] [1782964223.566197020] [map_io]: origin[0]: -15.501
[INFO] [1782964223.566204317] [map_io]: origin[1]: -1.943
[INFO] [1782964223.566209983] [map_io]: origin[2]: 0
[INFO] [1782964223.566216557] [map_io]: free_thresh: 0.196
[INFO] [1782964223.566222335] [map_io]: occupied_thresh: 0.65
[INFO] [1782964223.566230872] [map_io]: mode: trinary
[INFO] [1782964223.566239039] [map_io]: negate: 0
[INFO] [1782964223.566573985] [map_io]: Loading image_file: /home/mypi/maps/officemap.pgm
[INFO] [1782964223.574855436] [map_io]: Read map /home/mypi/maps/officemap.pgm: 537 X 439 map @ 0.05 m/cell
[INFO] [1782964223.744695230] [map_server]: Activating
[INFO] [1782964223.884170032] [map_server]: Creating bond (map_server) to lifecycle manager.
[INFO] [1782970266.658602367] [map_server]: Deactivating
[INFO] [1782970266.658680368] [map_server]: Destroying bond (map_server) to lifecycle manager.
[INFO] [1782970266.869335317] [map_server]: Cleaning up
[INFO] [1782970268.483057629] [map_server]: Configuring
[INFO] [1782970268.483127370] [map_io]: Loading yaml file: /home/mypi/maps/officemap.yaml
[INFO] [1782970268.483374890] [map_io]: resolution: 0.05
[INFO] [1782970268.483393649] [map_io]: origin[0]: -15.501
[INFO] [1782970268.483401761] [map_io]: origin[1]: -1.943
[INFO] [1782970268.483409409] [map_io]: origin[2]: 0
[INFO] [1782970268.483416853] [map_io]: free_thresh: 0.196
[INFO] [1782970268.483424335] [map_io]: occupied_thresh: 0.65
[INFO] [1782970268.483431631] [map_io]: mode: trinary
[INFO] [1782970268.483438576] [map_io]: negate: 0
[INFO] [1782970268.483460835] [map_io]: Loading image_file: /home/mypi/maps/officemap.pgm
[INFO] [1782970268.490647636] [map_io]: Read map /home/mypi/maps/officemap.pgm: 537 X 439 map @ 0.05 m/cell
[INFO] [1782970268.576517229] [map_server]: Activating
[INFO] [1782970268.717114160] [map_server]: Creating bond (map_server) to lifecycle manager.
[INFO] [1782971096.956413147] [rclcpp]: signal_handler(SIGINT/SIGTERM)
[INFO] [1782971096.957090262] [map_server]: Running Nav2 LifecycleNode rcl preshutdown (map_server)
[INFO] [1782971096.957197892] [map_server]: Deactivating
[INFO] [1782971096.957225559] [map_server]: Destroying bond (map_server) to lifecycle manager.
[INFO] [1782971096.968018746] [map_server]: Cleaning up
[INFO] [1782971096.968126062] [map_server]: Destroying bond (map_server) to lifecycle manager.
