[INFO] [1786117014.946770101] [map_server]: 
	map_server lifecycle node launched. 
	Waiting on external lifecycle transitions to activate
	See https://design.ros2.org/articles/node_lifecycle.html for more information.
[INFO] [1786117014.947126658] [map_server]: Creating
[INFO] [1786117015.682568622] [map_server]: Configuring
[INFO] [1786117015.682688808] [map_io]: Loading yaml file: /home/mypi/maps/test.yaml
[INFO] [1786117015.683195366] [map_io]: resolution: 0.05
[INFO] [1786117015.683224033] [map_io]: origin[0]: -20.847
[INFO] [1786117015.683233515] [map_io]: origin[1]: -87.971
[INFO] [1786117015.683242089] [map_io]: origin[2]: 0
[INFO] [1786117015.683251793] [map_io]: free_thresh: 0.196
[INFO] [1786117015.683260107] [map_io]: occupied_thresh: 0.65
[INFO] [1786117015.683270682] [map_io]: mode: trinary
[INFO] [1786117015.683280015] [map_io]: negate: 0
[INFO] [1786117015.683690110] [map_io]: Loading image_file: /home/mypi/maps/TASCmap4.pgm
[INFO] [1786117015.772468767] [map_io]: Read map /home/mypi/maps/TASCmap4.pgm: 1552 X 2299 map @ 0.05 m/cell
[INFO] [1786117015.837349914] [map_server]: Activating
[INFO] [1786117015.848562490] [map_server]: Creating bond (map_server) to lifecycle manager.
[INFO] [1786117553.970680255] [rclcpp]: signal_handler(SIGINT/SIGTERM)
[INFO] [1786117553.970804219] [map_server]: Running Nav2 LifecycleNode rcl preshutdown (map_server)
[INFO] [1786117553.970927571] [map_server]: Deactivating
[INFO] [1786117553.970962590] [map_server]: Destroying bond (map_server) to lifecycle manager.
[INFO] [1786117553.981327661] [map_server]: Cleaning up
[INFO] [1786117553.981401810] [map_server]: Destroying bond (map_server) to lifecycle manager.
