[INFO] [1786136401.027190219] [map_server]: 
	map_server lifecycle node launched. 
	Waiting on external lifecycle transitions to activate
	See https://design.ros2.org/articles/node_lifecycle.html for more information.
[INFO] [1786136401.027481572] [map_server]: Creating
[INFO] [1786136402.790710079] [map_server]: Configuring
[INFO] [1786136402.790848580] [map_io]: Loading yaml file: /home/mypi/maps/test.yaml
[INFO] [1786136402.797149985] [map_io]: resolution: 0.05
[INFO] [1786136402.797198522] [map_io]: origin[0]: -20.847
[INFO] [1786136402.797207282] [map_io]: origin[1]: -87.971
[INFO] [1786136402.797213467] [map_io]: origin[2]: 0
[INFO] [1786136402.797220319] [map_io]: free_thresh: 0.196
[INFO] [1786136402.797225893] [map_io]: occupied_thresh: 0.65
[INFO] [1786136402.797235245] [map_io]: mode: trinary
[INFO] [1786136402.797241800] [map_io]: negate: 0
[INFO] [1786136402.802693478] [map_io]: Loading image_file: /home/mypi/maps/TASCmap4.pgm
[INFO] [1786136403.149912965] [map_io]: Read map /home/mypi/maps/TASCmap4.pgm: 1552 X 2299 map @ 0.05 m/cell
[INFO] [1786136473.881090827] [rclcpp]: signal_handler(SIGINT/SIGTERM)
[INFO] [1786136473.881674182] [map_server]: Running Nav2 LifecycleNode rcl preshutdown (map_server)
[INFO] [1786136473.881801220] [map_server]: Cleaning up
[INFO] [1786136473.881864739] [map_server]: Destroying bond (map_server) to lifecycle manager.
