[INFO] [1786098259.716283916] [map_server]: 
	map_server lifecycle node launched. 
	Waiting on external lifecycle transitions to activate
	See https://design.ros2.org/articles/node_lifecycle.html for more information.
[INFO] [1786098259.716873863] [map_server]: Creating
[INFO] [1786098259.823633823] [map_server]: Configuring
[INFO] [1786098259.823759268] [map_io]: Loading yaml file: /home/mypi/maps/ASBmap.yaml
[INFO] [1786098259.825964521] [map_io]: resolution: 0.05
[INFO] [1786098259.826009688] [map_io]: origin[0]: -17.294
[INFO] [1786098259.826027429] [map_io]: origin[1]: -13.421
[INFO] [1786098259.826037799] [map_io]: origin[2]: 0
[INFO] [1786098259.826047799] [map_io]: free_thresh: 0.196
[INFO] [1786098259.826055522] [map_io]: occupied_thresh: 0.65
[INFO] [1786098259.826066707] [map_io]: mode: trinary
[INFO] [1786098259.826075725] [map_io]: negate: 0
[INFO] [1786098259.826656932] [map_io]: Loading image_file: /home/mypi/maps/ASBmap.pgm
[INFO] [1786098259.834524031] [map_io]: Read map /home/mypi/maps/ASBmap.pgm: 272 X 427 map @ 0.05 m/cell
[INFO] [1786098259.901179936] [map_server]: Activating
[INFO] [1786098259.901876014] [map_server]: Creating bond (map_server) to lifecycle manager.
[INFO] [1786098350.293949375] [rclcpp]: signal_handler(SIGINT/SIGTERM)
[INFO] [1786098350.294094746] [map_server]: Running Nav2 LifecycleNode rcl preshutdown (map_server)
[INFO] [1786098350.294213321] [map_server]: Deactivating
[INFO] [1786098350.294246932] [map_server]: Destroying bond (map_server) to lifecycle manager.
[INFO] [1786098350.305765236] [map_server]: Cleaning up
[INFO] [1786098350.305855051] [map_server]: Destroying bond (map_server) to lifecycle manager.
