[INFO] [1784061815.214855204] [map_server]: 
	map_server lifecycle node launched. 
	Waiting on external lifecycle transitions to activate
	See https://design.ros2.org/articles/node_lifecycle.html for more information.
[INFO] [1784061815.215177410] [map_server]: Creating
[INFO] [1784061815.439807724] [map_server]: Configuring
[INFO] [1784061815.439922484] [map_io]: Loading yaml file: /home/mypi/maps/goodpitmap.yaml
[INFO] [1784061815.440535691] [map_io]: resolution: 0.05
[INFO] [1784061815.440562747] [map_io]: origin[0]: -24.223
[INFO] [1784061815.440570876] [map_io]: origin[1]: -54.064
[INFO] [1784061815.440577784] [map_io]: origin[2]: 0
[INFO] [1784061815.440584821] [map_io]: free_thresh: 0.196
[INFO] [1784061815.440591673] [map_io]: occupied_thresh: 0.65
[INFO] [1784061815.440599747] [map_io]: mode: trinary
[INFO] [1784061815.440607691] [map_io]: negate: 0
[INFO] [1784061815.441005101] [map_io]: Loading image_file: /home/mypi/maps/goodpitmap.pgm
[INFO] [1784061815.452744965] [map_io]: Read map /home/mypi/maps/goodpitmap.pgm: 514 X 677 map @ 0.05 m/cell
[INFO] [1784061815.510064685] [map_server]: Activating
[INFO] [1784061815.511502952] [map_server]: Creating bond (map_server) to lifecycle manager.
[INFO] [1784061981.921819711] [rclcpp]: signal_handler(SIGINT/SIGTERM)
[INFO] [1784061981.921928045] [map_server]: Running Nav2 LifecycleNode rcl preshutdown (map_server)
[INFO] [1784061981.922035082] [map_server]: Deactivating
[INFO] [1784061981.922066379] [map_server]: Destroying bond (map_server) to lifecycle manager.
[INFO] [1784061981.934065744] [map_server]: Cleaning up
[INFO] [1784061981.934184449] [map_server]: Destroying bond (map_server) to lifecycle manager.
