[INFO] [1786110662.872570367] [map_server]: 
	map_server lifecycle node launched. 
	Waiting on external lifecycle transitions to activate
	See https://design.ros2.org/articles/node_lifecycle.html for more information.
[INFO] [1786110662.872748905] [map_server]: Creating
[INFO] [1786110663.374037560] [map_server]: Configuring
[INFO] [1786110663.374151154] [map_io]: Loading yaml file: /home/mypi/maps/test.yaml
[INFO] [1786110663.374550785] [map_io]: resolution: 0.05
[INFO] [1786110663.374572693] [map_io]: origin[0]: -20.847
[INFO] [1786110663.374581582] [map_io]: origin[1]: -87.971
[INFO] [1786110663.374588471] [map_io]: origin[2]: 0
[INFO] [1786110663.374595526] [map_io]: free_thresh: 0.196
[INFO] [1786110663.374602063] [map_io]: occupied_thresh: 0.65
[INFO] [1786110663.374609915] [map_io]: mode: trinary
[INFO] [1786110663.374617897] [map_io]: negate: 0
[INFO] [1786110663.375000936] [map_io]: Loading image_file: /home/mypi/maps/TASCmap4.pgm
[INFO] [1786110663.472859472] [map_io]: Read map /home/mypi/maps/TASCmap4.pgm: 1552 X 2299 map @ 0.05 m/cell
[INFO] [1786110663.888176267] [map_server]: Activating
[INFO] [1786110664.982360579] [map_server]: Creating bond (map_server) to lifecycle manager.
[INFO] [1786110798.970257239] [rclcpp]: signal_handler(SIGINT/SIGTERM)
[INFO] [1786110798.970368943] [map_server]: Running Nav2 LifecycleNode rcl preshutdown (map_server)
[INFO] [1786110798.970493314] [map_server]: Deactivating
[INFO] [1786110798.970529074] [map_server]: Destroying bond (map_server) to lifecycle manager.
[INFO] [1786110798.981124187] [map_server]: Cleaning up
[INFO] [1786110798.981243836] [map_server]: Destroying bond (map_server) to lifecycle manager.
