[INFO] [1784004907.433730227] [map_server]: 
	map_server lifecycle node launched. 
	Waiting on external lifecycle transitions to activate
	See https://design.ros2.org/articles/node_lifecycle.html for more information.
[INFO] [1784004907.433995673] [map_server]: Creating
[INFO] [1784004907.570081597] [map_server]: Configuring
[INFO] [1784004907.570224876] [map_io]: Loading yaml file: /home/mypi/maps/goodpitmap.yaml
[INFO] [1784004907.570667415] [map_io]: resolution: 0.05
[INFO] [1784004907.570690656] [map_io]: origin[0]: -24.223
[INFO] [1784004907.570699008] [map_io]: origin[1]: -54.064
[INFO] [1784004907.570705823] [map_io]: origin[2]: 0
[INFO] [1784004907.570713101] [map_io]: free_thresh: 0.196
[INFO] [1784004907.570719823] [map_io]: occupied_thresh: 0.65
[INFO] [1784004907.570729138] [map_io]: mode: trinary
[INFO] [1784004907.570737842] [map_io]: negate: 0
[INFO] [1784004907.571113899] [map_io]: Loading image_file: /home/mypi/maps/goodpitmap.pgm
[INFO] [1784004907.583330673] [map_io]: Read map /home/mypi/maps/goodpitmap.pgm: 514 X 677 map @ 0.05 m/cell
[INFO] [1784004907.630165162] [map_server]: Activating
[INFO] [1784004907.631517855] [map_server]: Creating bond (map_server) to lifecycle manager.
[INFO] [1784005143.382419269] [rclcpp]: signal_handler(SIGINT/SIGTERM)
[INFO] [1784005143.382592177] [map_server]: Running Nav2 LifecycleNode rcl preshutdown (map_server)
[INFO] [1784005143.382826863] [map_server]: Deactivating
[INFO] [1784005143.382864660] [map_server]: Destroying bond (map_server) to lifecycle manager.
[INFO] [1784005143.393792074] [map_server]: Cleaning up
[INFO] [1784005143.393911001] [map_server]: Destroying bond (map_server) to lifecycle manager.
