[INFO] [1786096551.453292883] [map_server]: 
	map_server lifecycle node launched. 
	Waiting on external lifecycle transitions to activate
	See https://design.ros2.org/articles/node_lifecycle.html for more information.
[INFO] [1786096551.453556440] [map_server]: Creating
[INFO] [1786096551.731455622] [map_server]: Configuring
[INFO] [1786096551.731573956] [map_io]: Loading yaml file: /home/mypi/maps/TASCmap.yaml
[INFO] [1786096551.731954699] [map_io]: resolution: 0.05
[INFO] [1786096551.731975217] [map_io]: origin[0]: -20.847
[INFO] [1786096551.731983865] [map_io]: origin[1]: -87.971
[INFO] [1786096551.731990699] [map_io]: origin[2]: 0
[INFO] [1786096551.731997477] [map_io]: free_thresh: 0.196
[INFO] [1786096551.732004366] [map_io]: occupied_thresh: 0.65
[INFO] [1786096551.732012792] [map_io]: mode: trinary
[INFO] [1786096551.732020921] [map_io]: negate: 0
[INFO] [1786096551.732407609] [map_io]: Loading image_file: /home/mypi/maps/TASCmap3.pgm
[INFO] [1786096551.844680691] [map_io]: Read map /home/mypi/maps/TASCmap3.pgm: 1552 X 2299 map @ 0.05 m/cell
[INFO] [1786096551.918072004] [map_server]: Activating
[INFO] [1786096552.884888488] [map_server]: Creating bond (map_server) to lifecycle manager.
[INFO] [1786096654.315097445] [rclcpp]: signal_handler(SIGINT/SIGTERM)
[INFO] [1786096654.315271557] [map_server]: Running Nav2 LifecycleNode rcl preshutdown (map_server)
[INFO] [1786096654.315371428] [map_server]: Deactivating
[INFO] [1786096654.315405817] [map_server]: Destroying bond (map_server) to lifecycle manager.
[INFO] [1786096655.411846665] [map_server]: Cleaning up
[INFO] [1786096655.411938536] [map_server]: Destroying bond (map_server) to lifecycle manager.
