[INFO] [1786110806.055473534] [map_server]: 
	map_server lifecycle node launched. 
	Waiting on external lifecycle transitions to activate
	See https://design.ros2.org/articles/node_lifecycle.html for more information.
[INFO] [1786110806.055687943] [map_server]: Creating
[INFO] [1786110806.299759318] [map_server]: Configuring
[INFO] [1786110806.299880059] [map_io]: Loading yaml file: /home/mypi/maps/test.yaml
[INFO] [1786110806.300330617] [map_io]: resolution: 0.05
[INFO] [1786110806.300358506] [map_io]: origin[0]: -20.847
[INFO] [1786110806.300366914] [map_io]: origin[1]: -87.971
[INFO] [1786110806.300373451] [map_io]: origin[2]: 0
[INFO] [1786110806.300380636] [map_io]: free_thresh: 0.196
[INFO] [1786110806.300387414] [map_io]: occupied_thresh: 0.65
[INFO] [1786110806.300396821] [map_io]: mode: trinary
[INFO] [1786110806.300404303] [map_io]: negate: 0
[INFO] [1786110806.300796046] [map_io]: Loading image_file: /home/mypi/maps/TASCmap4.pgm
[INFO] [1786110806.396033438] [map_io]: Read map /home/mypi/maps/TASCmap4.pgm: 1552 X 2299 map @ 0.05 m/cell
[INFO] [1786110806.976107932] [map_server]: Activating
[INFO] [1786110807.888555192] [map_server]: Creating bond (map_server) to lifecycle manager.
[INFO] [1786111711.238684810] [rclcpp]: signal_handler(SIGINT/SIGTERM)
[INFO] [1786111711.238832051] [map_server]: Running Nav2 LifecycleNode rcl preshutdown (map_server)
[INFO] [1786111711.238980811] [map_server]: Deactivating
[INFO] [1786111711.239017904] [map_server]: Destroying bond (map_server) to lifecycle manager.
[INFO] [1786111711.250519282] [map_server]: Cleaning up
[INFO] [1786111711.250608319] [map_server]: Destroying bond (map_server) to lifecycle manager.
