[INFO] [1786086072.578237277] [map_server]: 
	map_server lifecycle node launched. 
	Waiting on external lifecycle transitions to activate
	See https://design.ros2.org/articles/node_lifecycle.html for more information.
[INFO] [1786086072.578620557] [map_server]: Creating
[INFO] [1786086072.820558636] [map_server]: Configuring
[INFO] [1786086072.820703656] [map_io]: Loading yaml file: /home/mypi/maps/TASCmap.yaml
[INFO] [1786086072.821201807] [map_io]: resolution: 0.05
[INFO] [1786086072.821232789] [map_io]: origin[0]: -20.847
[INFO] [1786086072.821242918] [map_io]: origin[1]: -87.971
[INFO] [1786086072.821249270] [map_io]: origin[2]: 0
[INFO] [1786086072.821256678] [map_io]: free_thresh: 0.196
[INFO] [1786086072.821263233] [map_io]: occupied_thresh: 0.65
[INFO] [1786086072.821272585] [map_io]: mode: trinary
[INFO] [1786086072.821282771] [map_io]: negate: 0
[INFO] [1786086072.821680273] [map_io]: Loading image_file: /home/mypi/maps/TASCmap_edited.pgm
[INFO] [1786086072.932213823] [map_io]: Read map /home/mypi/maps/TASCmap_edited.pgm: 1552 X 2299 map @ 0.05 m/cell
[INFO] [1786086073.774645110] [map_server]: Activating
[INFO] [1786086074.893147797] [map_server]: Creating bond (map_server) to lifecycle manager.
[INFO] [1786089358.330880300] [rclcpp]: signal_handler(SIGINT/SIGTERM)
[INFO] [1786089358.330979375] [map_server]: Running Nav2 LifecycleNode rcl preshutdown (map_server)
[INFO] [1786089358.331077283] [map_server]: Deactivating
[INFO] [1786089358.331105542] [map_server]: Destroying bond (map_server) to lifecycle manager.
[INFO] [1786089358.343315628] [map_server]: Cleaning up
[INFO] [1786089358.343514518] [map_server]: Destroying bond (map_server) to lifecycle manager.
