[INFO] [1786085851.374692669] [map_server]: 
	map_server lifecycle node launched. 
	Waiting on external lifecycle transitions to activate
	See https://design.ros2.org/articles/node_lifecycle.html for more information.
[INFO] [1786085851.374955838] [map_server]: Creating
[INFO] [1786085851.517156952] [map_server]: Configuring
[INFO] [1786085851.517278638] [map_io]: Loading yaml file: /home/mypi/maps/TASCmap.yaml
[INFO] [1786085851.517690215] [map_io]: resolution: 0.05
[INFO] [1786085851.517718289] [map_io]: origin[0]: -20.847
[INFO] [1786085851.517727048] [map_io]: origin[1]: -87.971
[INFO] [1786085851.517732974] [map_io]: origin[2]: 0
[INFO] [1786085851.517740197] [map_io]: free_thresh: 0.196
[INFO] [1786085851.517746623] [map_io]: occupied_thresh: 0.65
[INFO] [1786085851.517755289] [map_io]: mode: trinary
[INFO] [1786085851.517763715] [map_io]: negate: 0
[INFO] [1786085851.518146625] [map_io]: Loading image_file: /home/mypi/maps/TASCmap_edited.pgm
[INFO] [1786085851.636153720] [map_io]: Read map /home/mypi/maps/TASCmap_edited.pgm: 1552 X 2299 map @ 0.05 m/cell
[INFO] [1786085851.934856111] [map_server]: Activating
[INFO] [1786085855.730557359] [map_server]: Creating bond (map_server) to lifecycle manager.
[INFO] [1786085945.742397579] [rclcpp]: signal_handler(SIGINT/SIGTERM)
[INFO] [1786085945.742639599] [map_server]: Running Nav2 LifecycleNode rcl preshutdown (map_server)
[INFO] [1786085945.742857952] [map_server]: Deactivating
[INFO] [1786085945.742906064] [map_server]: Destroying bond (map_server) to lifecycle manager.
[INFO] [1786085945.754260541] [map_server]: Cleaning up
[INFO] [1786085945.754847285] [map_server]: Destroying bond (map_server) to lifecycle manager.
