[INFO] [1786043686.271011829] [map_server]: 
	map_server lifecycle node launched. 
	Waiting on external lifecycle transitions to activate
	See https://design.ros2.org/articles/node_lifecycle.html for more information.
[INFO] [1786043686.271507350] [map_server]: Creating
[INFO] [1786043686.646940500] [map_server]: Configuring
[INFO] [1786043686.647047001] [map_io]: Loading yaml file: /home/mypi/maps/TASCmap.yaml
[INFO] [1786043686.647426021] [map_io]: resolution: 0.05
[INFO] [1786043686.647443929] [map_io]: origin[0]: -20.847
[INFO] [1786043686.647450207] [map_io]: origin[1]: -87.971
[INFO] [1786043686.647455411] [map_io]: origin[2]: 0
[INFO] [1786043686.647460948] [map_io]: free_thresh: 0.196
[INFO] [1786043686.647466911] [map_io]: occupied_thresh: 0.65
[INFO] [1786043686.647473633] [map_io]: mode: trinary
[INFO] [1786043686.647480170] [map_io]: negate: 0
[INFO] [1786043686.647851153] [map_io]: Loading image_file: /home/mypi/maps/TASCmap_edited.pgm
[INFO] [1786043686.750627981] [map_io]: Read map /home/mypi/maps/TASCmap_edited.pgm: 1552 X 2299 map @ 0.05 m/cell
[INFO] [1786043686.831925468] [map_server]: Activating
[INFO] [1786043686.843839311] [map_server]: Creating bond (map_server) to lifecycle manager.
[INFO] [1786048584.218644139] [rclcpp]: signal_handler(SIGINT/SIGTERM)
[INFO] [1786048584.218772862] [map_server]: Running Nav2 LifecycleNode rcl preshutdown (map_server)
[INFO] [1786048584.218899363] [map_server]: Deactivating
[INFO] [1786048584.218930381] [map_server]: Destroying bond (map_server) to lifecycle manager.
[INFO] [1786048584.232906790] [map_server]: Cleaning up
[INFO] [1786048584.233065420] [map_server]: Destroying bond (map_server) to lifecycle manager.
