[INFO] [1785296730.728379435] [map_server]: 
	map_server lifecycle node launched. 
	Waiting on external lifecycle transitions to activate
	See https://design.ros2.org/articles/node_lifecycle.html for more information.
[INFO] [1785296730.728631584] [map_server]: Creating
[INFO] [1785296730.828431382] [map_server]: Configuring
[INFO] [1785296730.828577882] [map_io]: Loading yaml file: /home/mypi/maps/TASCmap.yaml
[INFO] [1785296730.828974718] [map_io]: resolution: 0.05
[INFO] [1785296730.828996514] [map_io]: origin[0]: -20.847
[INFO] [1785296730.829006403] [map_io]: origin[1]: -87.971
[INFO] [1785296730.829013181] [map_io]: origin[2]: 0
[INFO] [1785296730.829020200] [map_io]: free_thresh: 0.196
[INFO] [1785296730.829026681] [map_io]: occupied_thresh: 0.65
[INFO] [1785296730.829034792] [map_io]: mode: trinary
[INFO] [1785296730.829042107] [map_io]: negate: 0
[INFO] [1785296730.829471202] [map_io]: Loading image_file: /home/mypi/maps/TASCmap.pgm
[INFO] [1785296730.920390598] [map_io]: Read map /home/mypi/maps/TASCmap.pgm: 1552 X 2299 map @ 0.05 m/cell
[INFO] [1785296730.969085740] [map_server]: Activating
[INFO] [1785296730.977417083] [map_server]: Creating bond (map_server) to lifecycle manager.
[INFO] [1785296777.104326794] [map_server]: Deactivating
[INFO] [1785296777.104409831] [map_server]: Destroying bond (map_server) to lifecycle manager.
[INFO] [1785296777.294940412] [map_server]: Cleaning up
[INFO] [1785296778.314067281] [map_server]: Configuring
[INFO] [1785296778.314131837] [map_io]: Loading yaml file: /home/mypi/maps/TASCmap.yaml
[INFO] [1785296778.314386672] [map_io]: resolution: 0.05
[INFO] [1785296778.314406228] [map_io]: origin[0]: -20.847
[INFO] [1785296778.314413468] [map_io]: origin[1]: -87.971
[INFO] [1785296778.314419950] [map_io]: origin[2]: 0
[INFO] [1785296778.314426931] [map_io]: free_thresh: 0.196
[INFO] [1785296778.314433450] [map_io]: occupied_thresh: 0.65
[INFO] [1785296778.314439561] [map_io]: mode: trinary
[INFO] [1785296778.314446043] [map_io]: negate: 0
[INFO] [1785296778.314467302] [map_io]: Loading image_file: /home/mypi/maps/TASCmap.pgm
[INFO] [1785296778.405680348] [map_io]: Read map /home/mypi/maps/TASCmap.pgm: 1552 X 2299 map @ 0.05 m/cell
[INFO] [1785296778.482328442] [map_server]: Activating
[INFO] [1785296778.520311709] [map_server]: Creating bond (map_server) to lifecycle manager.
[INFO] [1785296833.275733986] [map_server]: Deactivating
[INFO] [1785296833.275796116] [map_server]: Destroying bond (map_server) to lifecycle manager.
[INFO] [1785296833.433312865] [map_server]: Cleaning up
[INFO] [1785296834.446776072] [map_server]: Configuring
[INFO] [1785296834.446842832] [map_io]: Loading yaml file: /home/mypi/maps/TASCmap.yaml
[INFO] [1785296834.447241649] [map_io]: resolution: 0.05
[INFO] [1785296834.447265501] [map_io]: origin[0]: -20.847
[INFO] [1785296834.447275853] [map_io]: origin[1]: -87.971
[INFO] [1785296834.447282945] [map_io]: origin[2]: 0
[INFO] [1785296834.447290445] [map_io]: free_thresh: 0.196
[INFO] [1785296834.447297668] [map_io]: occupied_thresh: 0.65
[INFO] [1785296834.447304316] [map_io]: mode: trinary
[INFO] [1785296834.447311186] [map_io]: negate: 0
[INFO] [1785296834.447333168] [map_io]: Loading image_file: /home/mypi/maps/TASCmap.pgm
[INFO] [1785296834.535903514] [map_io]: Read map /home/mypi/maps/TASCmap.pgm: 1552 X 2299 map @ 0.05 m/cell
[INFO] [1785296834.589103181] [map_server]: Activating
[INFO] [1785296835.877666348] [map_server]: Creating bond (map_server) to lifecycle manager.
[INFO] [1785296901.426205725] [rclcpp]: signal_handler(SIGINT/SIGTERM)
[INFO] [1785296901.426353393] [map_server]: Running Nav2 LifecycleNode rcl preshutdown (map_server)
[INFO] [1785296901.426479893] [map_server]: Deactivating
[INFO] [1785296901.426509430] [map_server]: Destroying bond (map_server) to lifecycle manager.
