[INFO] [1785386194.429121831] [map_server]: 
	map_server lifecycle node launched. 
	Waiting on external lifecycle transitions to activate
	See https://design.ros2.org/articles/node_lifecycle.html for more information.
[INFO] [1785386194.429370129] [map_server]: Creating
[INFO] [1785386195.545810144] [map_server]: Configuring
[INFO] [1785386195.545936737] [map_io]: Loading yaml file: /home/mypi/maps/TASCmap.yaml
[INFO] [1785386195.546435425] [map_io]: resolution: 0.05
[INFO] [1785386195.546466407] [map_io]: origin[0]: -20.847
[INFO] [1785386195.546476222] [map_io]: origin[1]: -87.971
[INFO] [1785386195.546483703] [map_io]: origin[2]: 0
[INFO] [1785386195.546492444] [map_io]: free_thresh: 0.196
[INFO] [1785386195.546500203] [map_io]: occupied_thresh: 0.65
[INFO] [1785386195.546508999] [map_io]: mode: trinary
[INFO] [1785386195.546517814] [map_io]: negate: 0
[INFO] [1785386195.546903113] [map_io]: Loading image_file: /home/mypi/maps/TASCmap.pgm
[INFO] [1785386195.642755669] [map_io]: Read map /home/mypi/maps/TASCmap.pgm: 1552 X 2299 map @ 0.05 m/cell
[INFO] [1785386195.703017866] [map_server]: Activating
[INFO] [1785386197.715322052] [map_server]: Creating bond (map_server) to lifecycle manager.
[INFO] [1785389752.895238139] [rclcpp]: signal_handler(SIGINT/SIGTERM)
[INFO] [1785389752.895383732] [map_server]: Running Nav2 LifecycleNode rcl preshutdown (map_server)
[INFO] [1785389752.895504103] [map_server]: Deactivating
[INFO] [1785389752.895531381] [map_server]: Destroying bond (map_server) to lifecycle manager.
[INFO] [1785389752.906371643] [map_server]: Cleaning up
[INFO] [1785389752.906477274] [map_server]: Destroying bond (map_server) to lifecycle manager.
