[INFO] [1783128753.421500092] [map_server]: 
	map_server lifecycle node launched. 
	Waiting on external lifecycle transitions to activate
	See https://design.ros2.org/articles/node_lifecycle.html for more information.
[INFO] [1783128753.421710038] [map_server]: Creating
[INFO] [1783128753.682166697] [map_server]: Configuring
[INFO] [1783128753.682430051] [map_io]: Loading yaml file: /home/mypi/maps/officemap.yaml
[INFO] [1783128753.683507242] [map_io]: resolution: 0.05
[INFO] [1783128753.683728503] [map_io]: origin[0]: -15.501
[INFO] [1783128753.683805947] [map_io]: origin[1]: -1.943
[INFO] [1783128753.683823225] [map_io]: origin[2]: 0
[INFO] [1783128753.683832577] [map_io]: free_thresh: 0.196
[INFO] [1783128753.683842725] [map_io]: occupied_thresh: 0.65
[INFO] [1783128753.683853263] [map_io]: mode: trinary
[INFO] [1783128753.683861651] [map_io]: negate: 0
[INFO] [1783128753.684319969] [map_io]: Loading image_file: /home/mypi/maps/officemap.pgm
[INFO] [1783128753.694042209] [map_io]: Read map /home/mypi/maps/officemap.pgm: 537 X 439 map @ 0.05 m/cell
[INFO] [1783128753.750286157] [map_server]: Activating
[INFO] [1783128753.814350223] [map_server]: Creating bond (map_server) to lifecycle manager.
[INFO] [1783128762.519606280] [rclcpp]: signal_handler(SIGINT/SIGTERM)
[INFO] [1783128762.519722965] [map_server]: Running Nav2 LifecycleNode rcl preshutdown (map_server)
[INFO] [1783128762.519843262] [map_server]: Deactivating
[INFO] [1783128762.519884337] [map_server]: Destroying bond (map_server) to lifecycle manager.
[INFO] [1783128762.530958307] [map_server]: Cleaning up
[INFO] [1783128762.531028770] [map_server]: Destroying bond (map_server) to lifecycle manager.
