[INFO] [1783135502.819229802] [map_server]: 
	map_server lifecycle node launched. 
	Waiting on external lifecycle transitions to activate
	See https://design.ros2.org/articles/node_lifecycle.html for more information.
[INFO] [1783135502.820131899] [map_server]: Creating
[INFO] [1783135502.934926019] [map_server]: Configuring
[INFO] [1783135502.935044797] [map_io]: Loading yaml file: /home/mypi/maps/officemap.yaml
[INFO] [1783135502.935487337] [map_io]: resolution: 0.05
[INFO] [1783135502.935517022] [map_io]: origin[0]: -15.501
[INFO] [1783135502.935526318] [map_io]: origin[1]: -1.943
[INFO] [1783135502.935532244] [map_io]: origin[2]: 0
[INFO] [1783135502.935538392] [map_io]: free_thresh: 0.196
[INFO] [1783135502.935544281] [map_io]: occupied_thresh: 0.65
[INFO] [1783135502.935552152] [map_io]: mode: trinary
[INFO] [1783135502.935560467] [map_io]: negate: 0
[INFO] [1783135502.935935321] [map_io]: Loading image_file: /home/mypi/maps/officemap.pgm
[INFO] [1783135502.949978602] [map_io]: Read map /home/mypi/maps/officemap.pgm: 537 X 439 map @ 0.05 m/cell
[INFO] [1783135503.074418738] [map_server]: Activating
[INFO] [1783135503.075901135] [map_server]: Creating bond (map_server) to lifecycle manager.
[INFO] [1783135647.123094312] [rclcpp]: signal_handler(SIGINT/SIGTERM)
[INFO] [1783135647.123213053] [map_server]: Running Nav2 LifecycleNode rcl preshutdown (map_server)
[INFO] [1783135647.123313776] [map_server]: Deactivating
[INFO] [1783135647.123345295] [map_server]: Destroying bond (map_server) to lifecycle manager.
[INFO] [1783135647.135885383] [map_server]: Cleaning up
[INFO] [1783135647.138297748] [map_server]: Destroying bond (map_server) to lifecycle manager.
