[INFO] [1786118875.528971155] [map_server]: 
	map_server lifecycle node launched. 
	Waiting on external lifecycle transitions to activate
	See https://design.ros2.org/articles/node_lifecycle.html for more information.
[INFO] [1786118875.529186022] [map_server]: Creating
[INFO] [1786118875.911178628] [map_server]: Configuring
[INFO] [1786118875.911288237] [map_io]: Loading yaml file: /home/mypi/maps/test.yaml
[INFO] [1786118875.913115262] [map_io]: resolution: 0.05
[INFO] [1786118875.913152569] [map_io]: origin[0]: -20.847
[INFO] [1786118875.913161234] [map_io]: origin[1]: -87.971
[INFO] [1786118875.913167567] [map_io]: origin[2]: 0
[INFO] [1786118875.913172991] [map_io]: free_thresh: 0.196
[INFO] [1786118875.913178120] [map_io]: occupied_thresh: 0.65
[INFO] [1786118875.913186322] [map_io]: mode: trinary
[INFO] [1786118875.913193284] [map_io]: negate: 0
[INFO] [1786118875.937933583] [map_io]: Loading image_file: /home/mypi/maps/TASCmap4.pgm
[INFO] [1786118876.059985981] [map_io]: Read map /home/mypi/maps/TASCmap4.pgm: 1552 X 2299 map @ 0.05 m/cell
[INFO] [1786118876.168924344] [map_server]: Activating
[INFO] [1786118876.179445038] [map_server]: Creating bond (map_server) to lifecycle manager.
[INFO] [1786118891.143981206] [rclcpp]: signal_handler(SIGINT/SIGTERM)
[INFO] [1786118891.144112169] [map_server]: Running Nav2 LifecycleNode rcl preshutdown (map_server)
[INFO] [1786118891.144229040] [map_server]: Deactivating
[INFO] [1786118891.144259688] [map_server]: Destroying bond (map_server) to lifecycle manager.
[INFO] [1786118891.164796816] [map_server]: Cleaning up
[INFO] [1786118891.164915353] [map_server]: Destroying bond (map_server) to lifecycle manager.
