[INFO] [1783992694.130463806] [map_server]: 
	map_server lifecycle node launched. 
	Waiting on external lifecycle transitions to activate
	See https://design.ros2.org/articles/node_lifecycle.html for more information.
[INFO] [1783992694.131395681] [map_server]: Creating
[INFO] [1783992694.339618386] [map_server]: Configuring
[INFO] [1783992694.339774183] [map_io]: Loading yaml file: /home/mypi/maps/goodpitmap.yaml
[INFO] [1783992694.340190407] [map_io]: resolution: 0.05
[INFO] [1783992694.340210963] [map_io]: origin[0]: -24.223
[INFO] [1783992694.340219315] [map_io]: origin[1]: -54.064
[INFO] [1783992694.340227259] [map_io]: origin[2]: 0
[INFO] [1783992694.340235093] [map_io]: free_thresh: 0.196
[INFO] [1783992694.340241852] [map_io]: occupied_thresh: 0.65
[INFO] [1783992694.340250723] [map_io]: mode: trinary
[INFO] [1783992694.340258445] [map_io]: negate: 0
[INFO] [1783992694.340633817] [map_io]: Loading image_file: /home/mypi/maps/goodpitmap.pgm
[INFO] [1783992694.351591211] [map_io]: Read map /home/mypi/maps/goodpitmap.pgm: 514 X 677 map @ 0.05 m/cell
[INFO] [1783992694.410017293] [map_server]: Activating
[INFO] [1783992694.411929766] [map_server]: Creating bond (map_server) to lifecycle manager.
[INFO] [1783993979.602806482] [rclcpp]: signal_handler(SIGINT/SIGTERM)
[INFO] [1783993979.602985983] [map_server]: Running Nav2 LifecycleNode rcl preshutdown (map_server)
[INFO] [1783993979.603127614] [map_server]: Deactivating
[INFO] [1783993979.603171244] [map_server]: Destroying bond (map_server) to lifecycle manager.
[INFO] [1783993979.613914268] [map_server]: Cleaning up
[INFO] [1783993979.614045157] [map_server]: Destroying bond (map_server) to lifecycle manager.
