[INFO] [1784007625.548102003] [map_server]: 
	map_server lifecycle node launched. 
	Waiting on external lifecycle transitions to activate
	See https://design.ros2.org/articles/node_lifecycle.html for more information.
[INFO] [1784007625.548308097] [map_server]: Creating
[INFO] [1784007625.695594558] [map_server]: Configuring
[INFO] [1784007625.695703411] [map_io]: Loading yaml file: /home/mypi/maps/goodpitmap.yaml
[INFO] [1784007625.696157172] [map_io]: resolution: 0.05
[INFO] [1784007625.696183450] [map_io]: origin[0]: -24.223
[INFO] [1784007625.696193599] [map_io]: origin[1]: -54.064
[INFO] [1784007625.696201580] [map_io]: origin[2]: 0
[INFO] [1784007625.696210413] [map_io]: free_thresh: 0.196
[INFO] [1784007625.696217728] [map_io]: occupied_thresh: 0.65
[INFO] [1784007625.696228173] [map_io]: mode: trinary
[INFO] [1784007625.696237043] [map_io]: negate: 0
[INFO] [1784007625.696649268] [map_io]: Loading image_file: /home/mypi/maps/goodpitmap.pgm
[INFO] [1784007625.708700873] [map_io]: Read map /home/mypi/maps/goodpitmap.pgm: 514 X 677 map @ 0.05 m/cell
[INFO] [1784007626.059558835] [map_server]: Activating
[INFO] [1784007626.060955880] [map_server]: Creating bond (map_server) to lifecycle manager.
[INFO] [1784007769.267355143] [rclcpp]: signal_handler(SIGINT/SIGTERM)
[INFO] [1784007769.267507126] [map_server]: Running Nav2 LifecycleNode rcl preshutdown (map_server)
[INFO] [1784007769.267610312] [map_server]: Deactivating
[INFO] [1784007769.267644256] [map_server]: Destroying bond (map_server) to lifecycle manager.
[INFO] [1784007769.278402465] [map_server]: Cleaning up
[INFO] [1784007769.278486410] [map_server]: Destroying bond (map_server) to lifecycle manager.
