[INFO] [1783382597.802046653] [map_server]: 
	map_server lifecycle node launched. 
	Waiting on external lifecycle transitions to activate
	See https://design.ros2.org/articles/node_lifecycle.html for more information.
[INFO] [1783382597.802337914] [map_server]: Creating
[INFO] [1783382598.000811061] [map_server]: Configuring
[INFO] [1783382598.001049803] [map_io]: Loading yaml file: /home/mypi/maps/officemap.yaml
[INFO] [1783382598.002155476] [map_io]: resolution: 0.05
[INFO] [1783382598.002196087] [map_io]: origin[0]: -15.501
[INFO] [1783382598.002204254] [map_io]: origin[1]: -1.943
[INFO] [1783382598.002210550] [map_io]: origin[2]: 0
[INFO] [1783382598.002216606] [map_io]: free_thresh: 0.196
[INFO] [1783382598.002222087] [map_io]: occupied_thresh: 0.65
[INFO] [1783382598.002254810] [map_io]: mode: trinary
[INFO] [1783382598.002263495] [map_io]: negate: 0
[INFO] [1783382598.002847573] [map_io]: Loading image_file: /home/mypi/maps/officemap.pgm
[INFO] [1783382598.021609796] [map_io]: Read map /home/mypi/maps/officemap.pgm: 537 X 439 map @ 0.05 m/cell
[INFO] [1783382598.213835554] [map_server]: Activating
[INFO] [1783382598.278464235] [map_server]: Creating bond (map_server) to lifecycle manager.
[INFO] [1783383221.902425170] [rclcpp]: signal_handler(SIGINT/SIGTERM)
[INFO] [1783383221.902578634] [map_server]: Running Nav2 LifecycleNode rcl preshutdown (map_server)
[INFO] [1783383221.902683912] [map_server]: Deactivating
[INFO] [1783383221.902715986] [map_server]: Destroying bond (map_server) to lifecycle manager.
[INFO] [1783383221.913173974] [map_server]: Cleaning up
[INFO] [1783383221.913883830] [map_server]: Destroying bond (map_server) to lifecycle manager.
