[INFO] [1784066921.221472987] [map_server]: 
	map_server lifecycle node launched. 
	Waiting on external lifecycle transitions to activate
	See https://design.ros2.org/articles/node_lifecycle.html for more information.
[INFO] [1784066921.221727673] [map_server]: Creating
[INFO] [1784066921.468927071] [map_server]: Configuring
[INFO] [1784066921.469060257] [map_io]: Loading yaml file: /home/mypi/maps/goodpitmap.yaml
[INFO] [1784066921.469466500] [map_io]: resolution: 0.05
[INFO] [1784066921.469491315] [map_io]: origin[0]: -24.223
[INFO] [1784066921.469499463] [map_io]: origin[1]: -54.064
[INFO] [1784066921.469505611] [map_io]: origin[2]: 0
[INFO] [1784066921.469512352] [map_io]: free_thresh: 0.196
[INFO] [1784066921.469518889] [map_io]: occupied_thresh: 0.65
[INFO] [1784066921.469526834] [map_io]: mode: trinary
[INFO] [1784066921.469534741] [map_io]: negate: 0
[INFO] [1784066921.469892780] [map_io]: Loading image_file: /home/mypi/maps/goodpitmap.pgm
[INFO] [1784066921.484381992] [map_io]: Read map /home/mypi/maps/goodpitmap.pgm: 514 X 677 map @ 0.05 m/cell
[INFO] [1784066921.918476039] [map_server]: Activating
[INFO] [1784066921.992979645] [map_server]: Creating bond (map_server) to lifecycle manager.
[INFO] [1784067177.409445709] [rclcpp]: signal_handler(SIGINT/SIGTERM)
[INFO] [1784067177.409953897] [map_server]: Running Nav2 LifecycleNode rcl preshutdown (map_server)
[INFO] [1784067177.410078064] [map_server]: Deactivating
[INFO] [1784067177.410113916] [map_server]: Destroying bond (map_server) to lifecycle manager.
[INFO] [1784067177.422561172] [map_server]: Cleaning up
[INFO] [1784067177.422672654] [map_server]: Destroying bond (map_server) to lifecycle manager.
