[INFO] [1786109910.407027258] [map_server]: 
	map_server lifecycle node launched. 
	Waiting on external lifecycle transitions to activate
	See https://design.ros2.org/articles/node_lifecycle.html for more information.
[INFO] [1786109910.407278223] [map_server]: Creating
[INFO] [1786109911.034453993] [map_server]: Configuring
[INFO] [1786109911.034593698] [map_io]: Loading yaml file: /home/mypi/maps/test.yaml
[INFO] [1786109911.035037719] [map_io]: resolution: 0.05
[INFO] [1786109911.035061960] [map_io]: origin[0]: -20.847
[INFO] [1786109911.035073349] [map_io]: origin[1]: -87.971
[INFO] [1786109911.035082127] [map_io]: origin[2]: 0
[INFO] [1786109911.035090738] [map_io]: free_thresh: 0.196
[INFO] [1786109911.035098867] [map_io]: occupied_thresh: 0.65
[INFO] [1786109911.035109312] [map_io]: mode: trinary
[INFO] [1786109911.035118275] [map_io]: negate: 0
[INFO] [1786109911.035504240] [map_io]: Loading image_file: /home/mypi/maps/TASCmap4.pgm
[INFO] [1786109911.124461172] [map_io]: Read map /home/mypi/maps/TASCmap4.pgm: 1552 X 2299 map @ 0.05 m/cell
[INFO] [1786109911.180011680] [map_server]: Activating
[INFO] [1786109911.189943012] [map_server]: Creating bond (map_server) to lifecycle manager.
[INFO] [1786110020.324693882] [rclcpp]: signal_handler(SIGINT/SIGTERM)
[INFO] [1786110020.324787827] [map_server]: Running Nav2 LifecycleNode rcl preshutdown (map_server)
[INFO] [1786110020.324889532] [map_server]: Deactivating
[INFO] [1786110020.324929254] [map_server]: Destroying bond (map_server) to lifecycle manager.
[INFO] [1786110020.338628477] [map_server]: Cleaning up
[INFO] [1786110020.338729774] [map_server]: Destroying bond (map_server) to lifecycle manager.
