[INFO] [1786078276.164781246] [map_server]: 
	map_server lifecycle node launched. 
	Waiting on external lifecycle transitions to activate
	See https://design.ros2.org/articles/node_lifecycle.html for more information.
[INFO] [1786078276.165026859] [map_server]: Creating
[INFO] [1786078278.115222842] [map_server]: Configuring
[INFO] [1786078278.115364510] [map_io]: Loading yaml file: /home/mypi/maps/TASCmap.yaml
[INFO] [1786078278.115812142] [map_io]: resolution: 0.05
[INFO] [1786078278.115838994] [map_io]: origin[0]: -20.847
[INFO] [1786078278.115849031] [map_io]: origin[1]: -87.971
[INFO] [1786078278.115856512] [map_io]: origin[2]: 0
[INFO] [1786078278.115864975] [map_io]: free_thresh: 0.196
[INFO] [1786078278.115875179] [map_io]: occupied_thresh: 0.65
[INFO] [1786078278.116332552] [map_io]: mode: trinary
[INFO] [1786078278.116368330] [map_io]: negate: 0
[INFO] [1786078278.117772023] [map_io]: Loading image_file: /home/mypi/maps/TASCmap_edited.pgm
[INFO] [1786078278.210229753] [map_io]: Read map /home/mypi/maps/TASCmap_edited.pgm: 1552 X 2299 map @ 0.05 m/cell
[INFO] [1786078279.302465619] [map_server]: Activating
[INFO] [1786078280.109484512] [map_server]: Creating bond (map_server) to lifecycle manager.
[INFO] [1786080167.113746015] [rclcpp]: signal_handler(SIGINT/SIGTERM)
[INFO] [1786080167.113883423] [map_server]: Running Nav2 LifecycleNode rcl preshutdown (map_server)
[INFO] [1786080167.113989924] [map_server]: Deactivating
[INFO] [1786080167.114024905] [map_server]: Destroying bond (map_server) to lifecycle manager.
[INFO] [1786080167.124452666] [map_server]: Cleaning up
[INFO] [1786080167.124550704] [map_server]: Destroying bond (map_server) to lifecycle manager.
