[INFO] [1783996698.704774574] [map_server]: 
	map_server lifecycle node launched. 
	Waiting on external lifecycle transitions to activate
	See https://design.ros2.org/articles/node_lifecycle.html for more information.
[INFO] [1783996698.705369522] [map_server]: Creating
[INFO] [1783996698.969403742] [map_server]: Configuring
[INFO] [1783996698.969522910] [map_io]: Loading yaml file: /home/mypi/maps/goodpitmap.yaml
[INFO] [1783996698.969950542] [map_io]: resolution: 0.05
[INFO] [1783996698.969974320] [map_io]: origin[0]: -24.223
[INFO] [1783996698.969983098] [map_io]: origin[1]: -54.064
[INFO] [1783996698.969990820] [map_io]: origin[2]: 0
[INFO] [1783996698.969999042] [map_io]: free_thresh: 0.196
[INFO] [1783996698.970006857] [map_io]: occupied_thresh: 0.65
[INFO] [1783996698.970015968] [map_io]: mode: trinary
[INFO] [1783996698.970024339] [map_io]: negate: 0
[INFO] [1783996698.970414896] [map_io]: Loading image_file: /home/mypi/maps/goodpitmap.pgm
[INFO] [1783996698.982213909] [map_io]: Read map /home/mypi/maps/goodpitmap.pgm: 514 X 677 map @ 0.05 m/cell
[INFO] [1783996699.044288210] [map_server]: Activating
[INFO] [1783996699.045434198] [map_server]: Creating bond (map_server) to lifecycle manager.
[INFO] [1783997386.224009635] [rclcpp]: signal_handler(SIGINT/SIGTERM)
[INFO] [1783997386.226155833] [map_server]: Running Nav2 LifecycleNode rcl preshutdown (map_server)
[INFO] [1783997386.226650762] [map_server]: Deactivating
[INFO] [1783997386.226702669] [map_server]: Destroying bond (map_server) to lifecycle manager.
[INFO] [1783997386.239575225] [map_server]: Cleaning up
[INFO] [1783997386.239695170] [map_server]: Destroying bond (map_server) to lifecycle manager.
