[INFO] [1783390567.016641043] [map_server]: 
	map_server lifecycle node launched. 
	Waiting on external lifecycle transitions to activate
	See https://design.ros2.org/articles/node_lifecycle.html for more information.
[INFO] [1783390567.016893526] [map_server]: Creating
[INFO] [1783390567.301354310] [map_server]: Configuring
[INFO] [1783390567.301510496] [map_io]: Loading yaml file: /home/mypi/maps/goodpitmap.yaml
[INFO] [1783390567.302011684] [map_io]: resolution: 0.05
[INFO] [1783390567.302039869] [map_io]: origin[0]: -24.223
[INFO] [1783390567.302048666] [map_io]: origin[1]: -54.064
[INFO] [1783390567.302055406] [map_io]: origin[2]: 0
[INFO] [1783390567.302062073] [map_io]: free_thresh: 0.196
[INFO] [1783390567.302068684] [map_io]: occupied_thresh: 0.65
[INFO] [1783390567.302078888] [map_io]: mode: trinary
[INFO] [1783390567.302088203] [map_io]: negate: 0
[INFO] [1783390567.303239136] [map_io]: Loading image_file: /home/mypi/maps/goodpitmap.pgm
[INFO] [1783390567.315976581] [map_io]: Read map /home/mypi/maps/goodpitmap.pgm: 514 X 677 map @ 0.05 m/cell
[INFO] [1783390567.373861236] [map_server]: Activating
[INFO] [1783390567.447629725] [map_server]: Creating bond (map_server) to lifecycle manager.
[INFO] [1783391428.206228441] [rclcpp]: signal_handler(SIGINT/SIGTERM)
[INFO] [1783391428.206360868] [map_server]: Running Nav2 LifecycleNode rcl preshutdown (map_server)
[INFO] [1783391428.206473331] [map_server]: Deactivating
[INFO] [1783391428.206500239] [map_server]: Destroying bond (map_server) to lifecycle manager.
[INFO] [1783391428.216958778] [map_server]: Cleaning up
[INFO] [1783391428.217066020] [map_server]: Destroying bond (map_server) to lifecycle manager.
