[INFO] [1786022761.567448992] [map_server]: 
	map_server lifecycle node launched. 
	Waiting on external lifecycle transitions to activate
	See https://design.ros2.org/articles/node_lifecycle.html for more information.
[INFO] [1786022761.567682068] [map_server]: Creating
[INFO] [1786022762.155185734] [map_server]: Configuring
[INFO] [1786022762.155332308] [map_io]: Loading yaml file: /home/mypi/maps/TASCmap.yaml
[INFO] [1786022762.155726644] [map_io]: resolution: 0.05
[INFO] [1786022762.155745866] [map_io]: origin[0]: -20.847
[INFO] [1786022762.155751940] [map_io]: origin[1]: -87.971
[INFO] [1786022762.155757755] [map_io]: origin[2]: 0
[INFO] [1786022762.155763144] [map_io]: free_thresh: 0.196
[INFO] [1786022762.155768218] [map_io]: occupied_thresh: 0.65
[INFO] [1786022762.155774644] [map_io]: mode: trinary
[INFO] [1786022762.155780570] [map_io]: negate: 0
[INFO] [1786022762.156085646] [map_io]: Loading image_file: /home/mypi/maps/TASCmap_edited.pgm
[INFO] [1786022762.260679997] [map_io]: Read map /home/mypi/maps/TASCmap_edited.pgm: 1552 X 2299 map @ 0.05 m/cell
[INFO] [1786022762.321589979] [map_server]: Activating
[INFO] [1786022762.334686755] [map_server]: Creating bond (map_server) to lifecycle manager.
[INFO] [1786022849.212126844] [rclcpp]: signal_handler(SIGINT/SIGTERM)
[INFO] [1786022849.212243419] [map_server]: Running Nav2 LifecycleNode rcl preshutdown (map_server)
[INFO] [1786022849.212344549] [map_server]: Deactivating
[INFO] [1786022849.212370790] [map_server]: Destroying bond (map_server) to lifecycle manager.
[INFO] [1786022849.224318689] [map_server]: Cleaning up
[INFO] [1786022849.224414504] [map_server]: Destroying bond (map_server) to lifecycle manager.
