[INFO] [1783995236.896732129] [map_server]: 
	map_server lifecycle node launched. 
	Waiting on external lifecycle transitions to activate
	See https://design.ros2.org/articles/node_lifecycle.html for more information.
[INFO] [1783995236.897037612] [map_server]: Creating
[INFO] [1783995237.360371039] [map_server]: Configuring
[INFO] [1783995237.360478484] [map_io]: Loading yaml file: /home/mypi/maps/goodpitmap.yaml
[INFO] [1783995237.360938987] [map_io]: resolution: 0.05
[INFO] [1783995237.360986191] [map_io]: origin[0]: -24.223
[INFO] [1783995237.360996247] [map_io]: origin[1]: -54.064
[INFO] [1783995237.361002228] [map_io]: origin[2]: 0
[INFO] [1783995237.361007469] [map_io]: free_thresh: 0.196
[INFO] [1783995237.361012525] [map_io]: occupied_thresh: 0.65
[INFO] [1783995237.361041191] [map_io]: mode: trinary
[INFO] [1783995237.361068395] [map_io]: negate: 0
[INFO] [1783995237.361498157] [map_io]: Loading image_file: /home/mypi/maps/goodpitmap.pgm
[INFO] [1783995237.372523943] [map_io]: Read map /home/mypi/maps/goodpitmap.pgm: 514 X 677 map @ 0.05 m/cell
[INFO] [1783995237.415904285] [map_server]: Activating
[INFO] [1783995237.417173811] [map_server]: Creating bond (map_server) to lifecycle manager.
[INFO] [1783995886.085171181] [rclcpp]: signal_handler(SIGINT/SIGTERM)
[INFO] [1783995886.085430312] [map_server]: Running Nav2 LifecycleNode rcl preshutdown (map_server)
[INFO] [1783995886.085575054] [map_server]: Deactivating
[INFO] [1783995886.086132872] [map_server]: Destroying bond (map_server) to lifecycle manager.
[INFO] [1783995886.097539067] [map_server]: Cleaning up
[INFO] [1783995886.097661161] [map_server]: Destroying bond (map_server) to lifecycle manager.
