[INFO] [1785989648.305633397] [map_server]: 
	map_server lifecycle node launched. 
	Waiting on external lifecycle transitions to activate
	See https://design.ros2.org/articles/node_lifecycle.html for more information.
[INFO] [1785989648.305866009] [map_server]: Creating
[INFO] [1785989648.555398651] [map_server]: Configuring
[INFO] [1785989648.555648134] [map_io]: Loading yaml file: /home/mypi/maps/TASCmap.yaml
[INFO] [1785989648.556119118] [map_io]: resolution: 0.05
[INFO] [1785989648.556141970] [map_io]: origin[0]: -20.847
[INFO] [1785989648.556151618] [map_io]: origin[1]: -87.971
[INFO] [1785989648.556158970] [map_io]: origin[2]: 0
[INFO] [1785989648.556167229] [map_io]: free_thresh: 0.196
[INFO] [1785989648.556174766] [map_io]: occupied_thresh: 0.65
[INFO] [1785989648.556184062] [map_io]: mode: trinary
[INFO] [1785989648.556192044] [map_io]: negate: 0
[INFO] [1785989648.556588639] [map_io]: Loading image_file: /home/mypi/maps/TASCmap_edited.pgm
[INFO] [1785989648.655843496] [map_io]: Read map /home/mypi/maps/TASCmap_edited.pgm: 1552 X 2299 map @ 0.05 m/cell
[INFO] [1785989648.702291546] [map_server]: Activating
[INFO] [1785989648.711572486] [map_server]: Creating bond (map_server) to lifecycle manager.
[INFO] [1785991097.835487441] [rclcpp]: signal_handler(SIGINT/SIGTERM)
[INFO] [1785991097.835613978] [map_server]: Running Nav2 LifecycleNode rcl preshutdown (map_server)
[INFO] [1785991097.835745201] [map_server]: Deactivating
[INFO] [1785991097.835783442] [map_server]: Destroying bond (map_server) to lifecycle manager.
[INFO] [1785991097.848502805] [map_server]: Cleaning up
[INFO] [1785991097.848613528] [map_server]: Destroying bond (map_server) to lifecycle manager.
