[INFO] [1784865103.132961313] [map_server]: 
	map_server lifecycle node launched. 
	Waiting on external lifecycle transitions to activate
	See https://design.ros2.org/articles/node_lifecycle.html for more information.
[INFO] [1784865103.133244778] [map_server]: Creating
[INFO] [1784865103.771095216] [map_server]: Configuring
[INFO] [1784865103.771248810] [map_io]: Loading yaml file: /home/mypi/maps/TASCmap.yaml
[INFO] [1784865103.771881480] [map_io]: resolution: 0.05
[INFO] [1784865103.771915276] [map_io]: origin[0]: -20.847
[INFO] [1784865103.771924739] [map_io]: origin[1]: -87.971
[INFO] [1784865103.771932295] [map_io]: origin[2]: 0
[INFO] [1784865103.771939665] [map_io]: free_thresh: 0.196
[INFO] [1784865103.771946313] [map_io]: occupied_thresh: 0.65
[INFO] [1784865103.771955184] [map_io]: mode: trinary
[INFO] [1784865103.771962739] [map_io]: negate: 0
[INFO] [1784865103.772362593] [map_io]: Loading image_file: /home/mypi/maps/TASCmap.pgm
[INFO] [1784865103.866383522] [map_io]: Read map /home/mypi/maps/TASCmap.pgm: 1552 X 2299 map @ 0.05 m/cell
[INFO] [1784865103.939756349] [map_server]: Activating
[INFO] [1784865111.045372525] [map_server]: Creating bond (map_server) to lifecycle manager.
[INFO] [1784871360.931377898] [rclcpp]: signal_handler(SIGINT/SIGTERM)
[INFO] [1784871360.931528695] [map_server]: Running Nav2 LifecycleNode rcl preshutdown (map_server)
[INFO] [1784871360.931653863] [map_server]: Deactivating
[INFO] [1784871360.931684196] [map_server]: Destroying bond (map_server) to lifecycle manager.
[INFO] [1784871360.942305660] [map_server]: Cleaning up
[INFO] [1784871360.942390439] [map_server]: Destroying bond (map_server) to lifecycle manager.
