[INFO] [1783390359.717333986] [map_server]: 
	map_server lifecycle node launched. 
	Waiting on external lifecycle transitions to activate
	See https://design.ros2.org/articles/node_lifecycle.html for more information.
[INFO] [1783390359.718444289] [map_server]: Creating
[INFO] [1783390359.930265257] [map_server]: Configuring
[INFO] [1783390359.930420554] [map_io]: Loading yaml file: /home/mypi/maps/goodpitmap.yaml
[INFO] [1783390359.930865334] [map_io]: resolution: 0.05
[INFO] [1783390359.930888649] [map_io]: origin[0]: -24.223
[INFO] [1783390359.930897205] [map_io]: origin[1]: -54.064
[INFO] [1783390359.930904075] [map_io]: origin[2]: 0
[INFO] [1783390359.930911186] [map_io]: free_thresh: 0.196
[INFO] [1783390359.930918094] [map_io]: occupied_thresh: 0.65
[INFO] [1783390359.930926483] [map_io]: mode: trinary
[INFO] [1783390359.930934446] [map_io]: negate: 0
[INFO] [1783390359.931284892] [map_io]: Loading image_file: /home/mypi/maps/goodpitmap.pgm
[INFO] [1783390359.948430067] [map_io]: Read map /home/mypi/maps/goodpitmap.pgm: 514 X 677 map @ 0.05 m/cell
[INFO] [1783390360.121345751] [map_server]: Activating
[INFO] [1783390360.191047216] [map_server]: Creating bond (map_server) to lifecycle manager.
[INFO] [1783390499.093254213] [rclcpp]: signal_handler(SIGINT/SIGTERM)
[INFO] [1783390499.093458677] [map_server]: Running Nav2 LifecycleNode rcl preshutdown (map_server)
[INFO] [1783390499.093579400] [map_server]: Deactivating
[INFO] [1783390499.093614363] [map_server]: Destroying bond (map_server) to lifecycle manager.
[INFO] [1783390499.105195153] [map_server]: Cleaning up
[INFO] [1783390499.105760138] [map_server]: Destroying bond (map_server) to lifecycle manager.
