[INFO] [1775795025.709285527] [map_server]: 
	map_server lifecycle node launched. 
	Waiting on external lifecycle transitions to activate
	See https://design.ros2.org/articles/node_lifecycle.html for more information.
[INFO] [1775795025.709461954] [map_server]: Creating
[INFO] [1775795025.930632172] [map_server]: Configuring
[INFO] [1775795025.930748394] [map_io]: Loading yaml file: /home/mypi/testmap.yaml
[INFO] [1775795025.931481473] [map_io]: resolution: 0.05
[INFO] [1775795025.931514102] [map_io]: origin[0]: -2.792
[INFO] [1775795025.931522028] [map_io]: origin[1]: -3.174
[INFO] [1775795025.931527621] [map_io]: origin[2]: 0
[INFO] [1775795025.931548677] [map_io]: free_thresh: 0.196
[INFO] [1775795025.931557695] [map_io]: occupied_thresh: 0.65
[INFO] [1775795025.931565899] [map_io]: mode: trinary
[INFO] [1775795025.931573584] [map_io]: negate: 0
[INFO] [1775795025.931955994] [map_io]: Loading image_file: /home/mypi/testmap.pgm
[INFO] [1775795025.934160562] [map_io]: Read map /home/mypi/testmap.pgm: 286 X 191 map @ 0.05 m/cell
[INFO] [1775795067.915398232] [rclcpp]: signal_handler(SIGINT/SIGTERM)
[INFO] [1775795067.915584196] [map_server]: Running Nav2 LifecycleNode rcl preshutdown (map_server)
[INFO] [1775795067.915712401] [map_server]: Cleaning up
[INFO] [1775795067.915774308] [map_server]: Destroying bond (map_server) to lifecycle manager.
