[INFO] [1786101852.905832568] [map_server]: 
	map_server lifecycle node launched. 
	Waiting on external lifecycle transitions to activate
	See https://design.ros2.org/articles/node_lifecycle.html for more information.
[INFO] [1786101852.906176997] [map_server]: Creating
[INFO] [1786101853.121889099] [map_server]: Configuring
[INFO] [1786101853.122055008] [map_io]: Loading yaml file: /home/mypi/maps/TASCmap.yaml
[INFO] [1786101853.122470066] [map_io]: resolution: 0.05
[INFO] [1786101853.122494048] [map_io]: origin[0]: -20.847
[INFO] [1786101853.122500881] [map_io]: origin[1]: -87.971
[INFO] [1786101853.122506363] [map_io]: origin[2]: 0
[INFO] [1786101853.122512104] [map_io]: free_thresh: 0.196
[INFO] [1786101853.122517567] [map_io]: occupied_thresh: 0.65
[INFO] [1786101853.122524437] [map_io]: mode: trinary
[INFO] [1786101853.122531696] [map_io]: negate: 0
[INFO] [1786101853.122931569] [map_io]: Loading image_file: /home/mypi/maps/TASCmap4.pgm
[INFO] [1786101853.233946124] [map_io]: Read map /home/mypi/maps/TASCmap4.pgm: 1552 X 2299 map @ 0.05 m/cell
[WARN] [1786101853.358335884] [map_server.rclcpp]: failed to send response to /map_server/change_state (timeout): client will not receive response, at ./src/rmw_response.cpp:153, at ./src/rcl/service.c:400
[INFO] [1786101862.578779413] [rclcpp]: signal_handler(SIGINT/SIGTERM)
[INFO] [1786101862.578938488] [map_server]: Running Nav2 LifecycleNode rcl preshutdown (map_server)
[INFO] [1786101862.579078471] [map_server]: Cleaning up
[INFO] [1786101862.579157101] [map_server]: Destroying bond (map_server) to lifecycle manager.
