[INFO] [1786022798.038440426] [planner_server]: 
	planner_server lifecycle node launched. 
	Waiting on external lifecycle transitions to activate
	See https://design.ros2.org/articles/node_lifecycle.html for more information.
[INFO] [1786022798.059189873] [planner_server]: Creating
[INFO] [1786022798.289216616] [global_costmap.global_costmap]: 
	global_costmap lifecycle node launched. 
	Waiting on external lifecycle transitions to activate
	See https://design.ros2.org/articles/node_lifecycle.html for more information.
[INFO] [1786022798.290369233] [global_costmap.global_costmap]: Creating Costmap
[INFO] [1786022798.717136036] [planner_server]: Configuring
[INFO] [1786022798.717194870] [global_costmap.global_costmap]: Configuring
[INFO] [1786022798.752018746] [global_costmap.global_costmap]: Using plugin "static_layer"
[INFO] [1786022798.771395278] [global_costmap.global_costmap]: Subscribing to the map topic (/map) with transient local durability
[INFO] [1786022798.777211940] [global_costmap.global_costmap]: Initialized plugin "static_layer"
[INFO] [1786022798.777304792] [global_costmap.global_costmap]: Using plugin "obstacle_layer"
[INFO] [1786022798.782423727] [global_costmap.global_costmap]: Subscribed to Topics: scan
[INFO] [1786022798.796456027] [global_costmap.global_costmap]: Initialized plugin "obstacle_layer"
[INFO] [1786022798.796546083] [global_costmap.global_costmap]: Using plugin "inflation_layer"
[INFO] [1786022798.798289055] [global_costmap.global_costmap]: Initialized plugin "inflation_layer"
[INFO] [1786022798.899401850] [planner_server]: Created global planner plugin GridBased of type nav2_navfn_planner::NavfnPlanner
[INFO] [1786022798.899500777] [planner_server]: Configuring plugin GridBased of type NavfnPlanner
[INFO] [1786022798.906337296] [planner_server]: Planner Server has GridBased  planners available.
[INFO] [1786022799.002170803] [global_costmap.global_costmap]: StaticLayer: Resizing costmap to 1552 X 2299 at 0.050000 m/pix
[INFO] [1786022807.473075360] [planner_server]: Activating
[INFO] [1786022807.473165379] [global_costmap.global_costmap]: Activating
[INFO] [1786022807.473193509] [global_costmap.global_costmap]: Checking transform
[INFO] [1786022807.473432880] [global_costmap.global_costmap]: start
[INFO] [1786022810.876097574] [planner_server]: Activating plugin GridBased of type NavfnPlanner
[INFO] [1786022810.879427111] [planner_server]: Creating bond (planner_server) to lifecycle manager.
[INFO] [1786022821.876961929] [global_costmap.global_costmap]: Message Filter dropping message: frame 'laser' at time 1786022821.569 for reason 'the timestamp on the message is earlier than all the data in the transform cache'
[INFO] [1786022828.550655928] [global_costmap.global_costmap]: Message Filter dropping message: frame 'laser' at time 1786022828.246 for reason 'the timestamp on the message is earlier than all the data in the transform cache'
[INFO] [1786022832.789270594] [global_costmap.global_costmap]: Message Filter dropping message: frame 'laser' at time 1786022832.484 for reason 'the timestamp on the message is earlier than all the data in the transform cache'
[INFO] [1786022838.127101565] [global_costmap.global_costmap]: Message Filter dropping message: frame 'laser' at time 1786022837.823 for reason 'the timestamp on the message is earlier than all the data in the transform cache'
