[INFO] [1785976579.280078178] [planner_server]: 
	planner_server lifecycle node launched. 
	Waiting on external lifecycle transitions to activate
	See https://design.ros2.org/articles/node_lifecycle.html for more information.
[INFO] [1785976579.283422417] [planner_server]: Creating
[INFO] [1785976579.873391051] [global_costmap.global_costmap]: 
	global_costmap lifecycle node launched. 
	Waiting on external lifecycle transitions to activate
	See https://design.ros2.org/articles/node_lifecycle.html for more information.
[INFO] [1785976579.876245640] [global_costmap.global_costmap]: Creating Costmap
[INFO] [1785976581.694592268] [planner_server]: Configuring
[INFO] [1785976581.694670935] [global_costmap.global_costmap]: Configuring
[INFO] [1785976581.736302551] [global_costmap.global_costmap]: Using plugin "static_layer"
[INFO] [1785976581.746771844] [global_costmap.global_costmap]: Subscribing to the map topic (/map) with transient local durability
[INFO] [1785976581.754086917] [global_costmap.global_costmap]: Initialized plugin "static_layer"
[INFO] [1785976581.754162584] [global_costmap.global_costmap]: Using plugin "obstacle_layer"
[INFO] [1785976581.757258785] [global_costmap.global_costmap]: Subscribed to Topics: scan
[INFO] [1785976581.787396417] [global_costmap.global_costmap]: Initialized plugin "obstacle_layer"
[INFO] [1785976581.787500547] [global_costmap.global_costmap]: Using plugin "inflation_layer"
[INFO] [1785976581.800847614] [global_costmap.global_costmap]: Initialized plugin "inflation_layer"
[INFO] [1785976581.924282713] [planner_server]: Created global planner plugin GridBased of type nav2_navfn_planner::NavfnPlanner
[INFO] [1785976581.924403917] [planner_server]: Configuring plugin GridBased of type NavfnPlanner
[INFO] [1785976581.927259746] [planner_server]: Planner Server has GridBased  planners available.
[INFO] [1785976581.940059088] [global_costmap.global_costmap]: StaticLayer: Resizing costmap to 1552 X 2299 at 0.050000 m/pix
[INFO] [1785976583.391977495] [planner_server]: Activating
[INFO] [1785976583.392049273] [global_costmap.global_costmap]: Activating
[INFO] [1785976583.392070051] [global_costmap.global_costmap]: Checking transform
[INFO] [1785976583.392197996] [global_costmap.global_costmap]: Timed out waiting for transform from base_footprint to map to become available, tf error: Lookup would require extrapolation into the past.  Requested time 1785976583.378695 but the earliest data is at time 1785976583.688270, when looking up transform from frame [base_footprint] to frame [map]
[INFO] [1785976583.892345812] [global_costmap.global_costmap]: start
[INFO] [1785976587.296470072] [planner_server]: Activating plugin GridBased of type NavfnPlanner
[INFO] [1785976587.303299069] [planner_server]: Creating bond (planner_server) to lifecycle manager.
[WARN] [1785976795.874351337] [planner_server]: GridBased plugin failed to plan from (29.96, -46.24) to (30.48, -44.86): "Failed to create plan with tolerance of: 1.000000"
[WARN] [1785976795.874462078] [planner_server]: [compute_path_to_pose] [ActionServer] Aborting handle.
[INFO] [1785976795.894412289] [global_costmap.global_costmap]: Received request to clear entirely the global_costmap
[WARN] [1785976796.902554588] [planner_server]: GridBased plugin failed to plan from (0.00, 0.00) to (30.48, -44.86): "Costmap timed out waiting for update"
[WARN] [1785976796.903453371] [planner_server]: [compute_path_to_pose] [ActionServer] Aborting handle.
[INFO] [1785976796.939140160] [global_costmap.global_costmap]: Received request to clear entirely the global_costmap
[WARN] [1785976803.220668418] [planner_server]: GridBased plugin failed to plan from (30.22, -46.52) to (30.48, -44.86): "Failed to create plan with tolerance of: 1.000000"
[WARN] [1785976803.221608404] [planner_server]: [compute_path_to_pose] [ActionServer] Aborting handle.
[INFO] [1785976803.243911404] [global_costmap.global_costmap]: Received request to clear entirely the global_costmap
[WARN] [1785976803.998644844] [planner_server]: GridBased plugin failed to plan from (30.28, -46.55) to (30.48, -44.86): "Failed to create plan with tolerance of: 1.000000"
[WARN] [1785976803.998887327] [planner_server]: [compute_path_to_pose] [ActionServer] Aborting handle.
[INFO] [1785976804.012130615] [global_costmap.global_costmap]: Received request to clear entirely the global_costmap
[WARN] [1785976810.828092286] [planner_server]: GridBased plugin failed to plan from (30.30, -46.59) to (30.48, -44.86): "Failed to create plan with tolerance of: 1.000000"
[WARN] [1785976810.828227231] [planner_server]: [compute_path_to_pose] [ActionServer] Aborting handle.
[INFO] [1785976810.849983839] [global_costmap.global_costmap]: Received request to clear entirely the global_costmap
[WARN] [1785976811.852580074] [planner_server]: GridBased plugin failed to plan from (0.00, 0.00) to (30.48, -44.86): "Costmap timed out waiting for update"
[WARN] [1785976811.852669149] [planner_server]: [compute_path_to_pose] [ActionServer] Aborting handle.
[INFO] [1785976811.868575080] [global_costmap.global_costmap]: Received request to clear entirely the global_costmap
[WARN] [1785976814.281240735] [planner_server]: GridBased plugin failed to plan from (30.30, -46.59) to (30.48, -44.86): "Failed to create plan with tolerance of: 1.000000"
[WARN] [1785976814.281339662] [planner_server]: [compute_path_to_pose] [ActionServer] Aborting handle.
[INFO] [1785976814.303752885] [global_costmap.global_costmap]: Received request to clear entirely the global_costmap
[WARN] [1785976815.306334527] [planner_server]: GridBased plugin failed to plan from (0.00, 0.00) to (30.48, -44.86): "Costmap timed out waiting for update"
[WARN] [1785976815.306422768] [planner_server]: [compute_path_to_pose] [ActionServer] Aborting handle.
[INFO] [1785976815.323885411] [global_costmap.global_costmap]: Received request to clear entirely the global_costmap
[ERROR] [1785976838.122998566] [planner_server]: Failed to create a plan from potential when a legal potential was found. This shouldn't happen.
[WARN] [1785976838.123171845] [planner_server]: GridBased plugin failed to plan from (30.35, -45.34) to (30.48, -44.86): "Failed to create plan with tolerance of: 1.000000"
[WARN] [1785976838.123211085] [planner_server]: [compute_path_to_pose] [ActionServer] Aborting handle.
[INFO] [1785976838.131609794] [global_costmap.global_costmap]: Received request to clear entirely the global_costmap
[WARN] [1785976839.141591344] [planner_server]: GridBased plugin failed to plan from (0.00, 0.00) to (30.48, -44.86): "Costmap timed out waiting for update"
[WARN] [1785976839.141674529] [planner_server]: [compute_path_to_pose] [ActionServer] Aborting handle.
[INFO] [1785976839.186893311] [global_costmap.global_costmap]: Received request to clear entirely the global_costmap
[ERROR] [1785976852.852687524] [planner_server]: Failed to create a plan from potential when a legal potential was found. This shouldn't happen.
[WARN] [1785976852.853162286] [planner_server]: GridBased plugin failed to plan from (30.37, -45.30) to (30.48, -44.86): "Failed to create plan with tolerance of: 1.000000"
[WARN] [1785976852.853215860] [planner_server]: [compute_path_to_pose] [ActionServer] Aborting handle.
[INFO] [1785976852.874825135] [global_costmap.global_costmap]: Received request to clear entirely the global_costmap
[WARN] [1785976853.877537907] [planner_server]: GridBased plugin failed to plan from (0.00, 0.00) to (30.48, -44.86): "Costmap timed out waiting for update"
[WARN] [1785976853.877619537] [planner_server]: [compute_path_to_pose] [ActionServer] Aborting handle.
[INFO] [1785976853.897424488] [global_costmap.global_costmap]: Received request to clear entirely the global_costmap
[WARN] [1785976857.322763725] [planner_server]: Planner loop missed its desired rate of 3.0000 Hz. Current loop rate is 1.4855 Hz
[WARN] [1785977731.272642055] [planner_server]: Planner loop missed its desired rate of 3.0000 Hz. Current loop rate is 0.9842 Hz
[WARN] [1785977733.563470149] [planner_server]: Planner loop missed its desired rate of 3.0000 Hz. Current loop rate is 0.7892 Hz
[WARN] [1785977735.890800552] [planner_server]: Planner loop missed its desired rate of 3.0000 Hz. Current loop rate is 0.7702 Hz
[WARN] [1785977738.503854950] [planner_server]: Planner loop missed its desired rate of 3.0000 Hz. Current loop rate is 0.6296 Hz
[WARN] [1785977740.868641962] [planner_server]: Planner loop missed its desired rate of 3.0000 Hz. Current loop rate is 0.7478 Hz
[ERROR] [1785977743.194215190] [planner_server]: Failed to create a plan from potential when a legal potential was found. This shouldn't happen.
[WARN] [1785977743.194451080] [planner_server]: GridBased plugin failed to plan from (24.99, -45.37) to (27.37, -46.94): "Failed to create plan with tolerance of: 1.000000"
[WARN] [1785977743.194510321] [planner_server]: [compute_path_to_pose] [ActionServer] Aborting handle.
[INFO] [1785977743.200542925] [global_costmap.global_costmap]: Received request to clear entirely the global_costmap
[WARN] [1785977744.020605338] [planner_server]: GridBased plugin failed to plan from (24.98, -45.43) to (27.37, -46.94): "Failed to create plan with tolerance of: 1.000000"
[WARN] [1785977744.020709801] [planner_server]: [compute_path_to_pose] [ActionServer] Aborting handle.
[INFO] [1785977744.048517808] [global_costmap.global_costmap]: Received request to clear entirely the global_costmap
[INFO] [1785979948.082103033] [global_costmap.global_costmap]: Message Filter dropping message: frame 'laser' at time 1785979947.777 for reason 'the timestamp on the message is earlier than all the data in the transform cache'
[INFO] [1785980369.966753870] [global_costmap.global_costmap]: Received request to clear entirely the global_costmap
[WARN] [1785980385.181480718] [planner_server]: Planner loop missed its desired rate of 3.0000 Hz. Current loop rate is 0.8404 Hz
[WARN] [1785980387.578977899] [planner_server]: Planner loop missed its desired rate of 3.0000 Hz. Current loop rate is 0.7224 Hz
[WARN] [1785980409.358449615] [planner_server]: Planner loop missed its desired rate of 3.0000 Hz. Current loop rate is 0.7966 Hz
[WARN] [1785980411.308573508] [planner_server]: Planner loop missed its desired rate of 3.0000 Hz. Current loop rate is 1.0772 Hz
[WARN] [1785980413.285089514] [planner_server]: Planner loop missed its desired rate of 3.0000 Hz. Current loop rate is 1.0472 Hz
[WARN] [1785980415.211983829] [planner_server]: Planner loop missed its desired rate of 3.0000 Hz. Current loop rate is 1.0966 Hz
[WARN] [1785980417.203639385] [planner_server]: Planner loop missed its desired rate of 3.0000 Hz. Current loop rate is 1.0378 Hz
[WARN] [1785980419.169541257] [planner_server]: Planner loop missed its desired rate of 3.0000 Hz. Current loop rate is 1.0667 Hz
[WARN] [1785980421.105313252] [planner_server]: Planner loop missed its desired rate of 3.0000 Hz. Current loop rate is 1.0951 Hz
[INFO] [1785980421.708691844] [global_costmap.global_costmap]: Received request to clear entirely the global_costmap
[WARN] [1785980428.115972475] [planner_server]: Planner loop missed its desired rate of 3.0000 Hz. Current loop rate is 1.1796 Hz
[WARN] [1785980430.006949991] [planner_server]: Planner loop missed its desired rate of 3.0000 Hz. Current loop rate is 1.1618 Hz
[WARN] [1785980431.904126839] [planner_server]: Planner loop missed its desired rate of 3.0000 Hz. Current loop rate is 1.1460 Hz
[WARN] [1785980433.775441908] [planner_server]: Planner loop missed its desired rate of 3.0000 Hz. Current loop rate is 1.1634 Hz
[WARN] [1785980435.706816878] [planner_server]: Planner loop missed its desired rate of 3.0000 Hz. Current loop rate is 1.1100 Hz
[WARN] [1785980437.658096870] [planner_server]: Planner loop missed its desired rate of 3.0000 Hz. Current loop rate is 1.0791 Hz
[WARN] [1785980439.592375782] [planner_server]: Planner loop missed its desired rate of 3.0000 Hz. Current loop rate is 1.0985 Hz
[INFO] [1785980440.300724846] [global_costmap.global_costmap]: Received request to clear entirely the global_costmap
[WARN] [1785980451.909531710] [planner_server]: Planner loop missed its desired rate of 3.0000 Hz. Current loop rate is 0.8463 Hz
[WARN] [1785980453.824370696] [planner_server]: Planner loop missed its desired rate of 3.0000 Hz. Current loop rate is 1.1182 Hz
[WARN] [1785980455.763977898] [planner_server]: Planner loop missed its desired rate of 3.0000 Hz. Current loop rate is 1.1006 Hz
[WARN] [1785980457.715785596] [planner_server]: Planner loop missed its desired rate of 3.0000 Hz. Current loop rate is 1.0749 Hz
[WARN] [1785980459.657836628] [planner_server]: Planner loop missed its desired rate of 3.0000 Hz. Current loop rate is 1.0878 Hz
[WARN] [1785980461.536263905] [planner_server]: Planner loop missed its desired rate of 3.0000 Hz. Current loop rate is 1.1755 Hz
[INFO] [1785980463.334266239] [global_costmap.global_costmap]: Received request to clear entirely the global_costmap
[WARN] [1785980463.371070339] [planner_server]: Planner loop missed its desired rate of 3.0000 Hz. Current loop rate is 1.2410 Hz
[WARN] [1785980470.837309602] [planner_server]: Planner loop missed its desired rate of 3.0000 Hz. Current loop rate is 1.1878 Hz
[WARN] [1785980474.992481312] [planner_server]: Planner loop missed its desired rate of 3.0000 Hz. Current loop rate is 1.0713 Hz
[WARN] [1785980476.954578588] [planner_server]: Planner loop missed its desired rate of 3.0000 Hz. Current loop rate is 1.0690 Hz
[INFO] [1785980482.894983300] [global_costmap.global_costmap]: Received request to clear entirely the global_costmap
[INFO] [1785980501.895185015] [global_costmap.global_costmap]: Received request to clear entirely the global_costmap
[ERROR] [1785980837.530374866] [transformPoseInTargetFrame]: Extrapolation Error looking up target frame: Lookup would require extrapolation into the past.  Requested time 1785980825.810928 but the earliest data is at time 1785980827.478510, when looking up transform from frame [base_footprint] to frame [map]

[ERROR] [1785980840.868274477] [transformPoseInTargetFrame]: Extrapolation Error looking up target frame: Lookup would require extrapolation into the past.  Requested time 1785980825.810928 but the earliest data is at time 1785980827.945194, when looking up transform from frame [base_footprint] to frame [map]

[INFO] [1785980842.463872563] [rclcpp]: signal_handler(SIGINT/SIGTERM)
[INFO] [1785980842.463968693] [planner_server]: Running Nav2 LifecycleNode rcl preshutdown (planner_server)
[INFO] [1785980842.464084175] [planner_server]: Deactivating
[INFO] [1785980842.464164212] [global_costmap.global_costmap]: Deactivating
[INFO] [1785980843.892634648] [planner_server]: Deactivating plugin GridBased of type NavfnPlanner
[INFO] [1785980843.892722463] [planner_server]: Destroying bond (planner_server) to lifecycle manager.
[INFO] [1785980843.902910485] [planner_server]: Cleaning up
[INFO] [1785980843.934474037] [global_costmap.global_costmap]: Cleaning up
[INFO] [1785980843.954480060] [planner_server]: Cleaning up plugin GridBased of type NavfnPlanner
[INFO] [1785980843.955181898] [planner_server]: Destroying plugin GridBased of type NavfnPlanner
[INFO] [1785980846.627638925] [planner_server]: Destroying bond (planner_server) to lifecycle manager.
