[INFO] [1783018331.639476917] [planner_server]: 
	planner_server lifecycle node launched. 
	Waiting on external lifecycle transitions to activate
	See https://design.ros2.org/articles/node_lifecycle.html for more information.
[INFO] [1783018331.716675090] [planner_server]: Creating
[INFO] [1783018332.090666934] [global_costmap.global_costmap]: 
	global_costmap lifecycle node launched. 
	Waiting on external lifecycle transitions to activate
	See https://design.ros2.org/articles/node_lifecycle.html for more information.
[INFO] [1783018332.099373534] [global_costmap.global_costmap]: Creating Costmap
[INFO] [1783018335.414593271] [planner_server]: Configuring
[INFO] [1783018335.414653697] [global_costmap.global_costmap]: Configuring
[INFO] [1783018335.451156421] [global_costmap.global_costmap]: Using plugin "static_layer"
[INFO] [1783018335.458751053] [global_costmap.global_costmap]: Subscribing to the map topic (/map) with transient local durability
[INFO] [1783018335.466037590] [global_costmap.global_costmap]: Initialized plugin "static_layer"
[INFO] [1783018335.466125072] [global_costmap.global_costmap]: Using plugin "obstacle_layer"
[INFO] [1783018335.467963674] [global_costmap.global_costmap]: Subscribed to Topics: scan
[INFO] [1783018335.502225498] [global_costmap.global_costmap]: Initialized plugin "obstacle_layer"
[INFO] [1783018335.502314961] [global_costmap.global_costmap]: Using plugin "inflation_layer"
[INFO] [1783018335.509181922] [global_costmap.global_costmap]: Initialized plugin "inflation_layer"
[INFO] [1783018335.637422765] [global_costmap.global_costmap]: StaticLayer: Resizing costmap to 338 X 598 at 0.050000 m/pix
[INFO] [1783018335.640810208] [planner_server]: Created global planner plugin GridBased of type nav2_navfn_planner::NavfnPlanner
[INFO] [1783018335.640900672] [planner_server]: Configuring plugin GridBased of type NavfnPlanner
[INFO] [1783018335.645321176] [planner_server]: Planner Server has GridBased  planners available.
[INFO] [1783018337.960409637] [planner_server]: Activating
[INFO] [1783018337.960534064] [global_costmap.global_costmap]: Activating
[INFO] [1783018337.960557045] [global_costmap.global_costmap]: Checking transform
[INFO] [1783018337.960816935] [global_costmap.global_costmap]: start
[INFO] [1783018340.017058421] [planner_server]: Activating plugin GridBased of type NavfnPlanner
[INFO] [1783018340.024236718] [planner_server]: Creating bond (planner_server) to lifecycle manager.
[WARN] [1783018396.535168282] [planner_server]: GridBased plugin failed to plan from (-1.62, 22.20) to (1.80, 28.28): "Failed to create plan with tolerance of: 0.800000"
[WARN] [1783018396.535374246] [planner_server]: [compute_path_to_pose] [ActionServer] Aborting handle.
[INFO] [1783018396.550033192] [global_costmap.global_costmap]: Received request to clear entirely the global_costmap
[WARN] [1783018397.556923557] [planner_server]: GridBased plugin failed to plan from (0.00, 0.00) to (1.80, 28.28): "Costmap timed out waiting for update"
[WARN] [1783018397.558096137] [planner_server]: [compute_path_to_pose] [ActionServer] Aborting handle.
[INFO] [1783018397.603090053] [global_costmap.global_costmap]: Received request to clear entirely the global_costmap
[WARN] [1783018397.991428803] [planner_server]: GridBased plugin failed to plan from (-1.71, 22.01) to (1.80, 28.28): "Failed to create plan with tolerance of: 0.800000"
[WARN] [1783018397.992193548] [planner_server]: [compute_path_to_pose] [ActionServer] Aborting handle.
[INFO] [1783018398.016765415] [global_costmap.global_costmap]: Received request to clear entirely the global_costmap
[WARN] [1783018399.018646421] [planner_server]: GridBased plugin failed to plan from (0.00, 0.00) to (1.80, 28.28): "Costmap timed out waiting for update"
[WARN] [1783018399.018753144] [planner_server]: [compute_path_to_pose] [ActionServer] Aborting handle.
[WARN] [1783018406.470983720] [planner_server]: GridBased plugin failed to plan from (-1.42, 22.73) to (1.80, 28.28): "Failed to create plan with tolerance of: 0.800000"
[WARN] [1783018406.471179110] [planner_server]: [compute_path_to_pose] [ActionServer] Aborting handle.
[INFO] [1783018406.491152323] [global_costmap.global_costmap]: Received request to clear entirely the global_costmap
[WARN] [1783018407.502028617] [planner_server]: GridBased plugin failed to plan from (0.00, 0.00) to (1.80, 28.28): "Costmap timed out waiting for update"
[WARN] [1783018407.502149877] [planner_server]: [compute_path_to_pose] [ActionServer] Aborting handle.
[WARN] [1783018412.559350173] [planner_server]: GridBased plugin failed to plan from (-1.56, 23.36) to (1.80, 28.28): "Failed to create plan with tolerance of: 0.800000"
[WARN] [1783018412.559556730] [planner_server]: [compute_path_to_pose] [ActionServer] Aborting handle.
[INFO] [1783018412.569178353] [global_costmap.global_costmap]: Received request to clear entirely the global_costmap
[WARN] [1783018413.573893930] [planner_server]: GridBased plugin failed to plan from (0.00, 0.00) to (1.80, 28.28): "Costmap timed out waiting for update"
[WARN] [1783018413.573976708] [planner_server]: [compute_path_to_pose] [ActionServer] Aborting handle.
[INFO] [1783018413.606078040] [global_costmap.global_costmap]: Received request to clear entirely the global_costmap
[WARN] [1783018413.973753628] [planner_server]: GridBased plugin failed to plan from (-1.56, 23.36) to (1.80, 28.28): "Failed to create plan with tolerance of: 0.800000"
[WARN] [1783018413.973869592] [planner_server]: [compute_path_to_pose] [ActionServer] Aborting handle.
[INFO] [1783018413.985622171] [global_costmap.global_costmap]: Received request to clear entirely the global_costmap
[WARN] [1783018414.986804118] [planner_server]: GridBased plugin failed to plan from (0.00, 0.00) to (1.80, 28.28): "Costmap timed out waiting for update"
[WARN] [1783018414.986884452] [planner_server]: [compute_path_to_pose] [ActionServer] Aborting handle.
[WARN] [1783018419.251870836] [planner_server]: GridBased plugin failed to plan from (-1.58, 23.23) to (1.80, 28.28): "Failed to create plan with tolerance of: 0.800000"
[WARN] [1783018419.252128837] [planner_server]: [compute_path_to_pose] [ActionServer] Aborting handle.
[INFO] [1783018419.267088432] [global_costmap.global_costmap]: Received request to clear entirely the global_costmap
[WARN] [1783018419.974452466] [planner_server]: GridBased plugin failed to plan from (-1.31, 23.49) to (1.80, 28.28): "Failed to create plan with tolerance of: 0.800000"
[WARN] [1783018419.974673504] [planner_server]: [compute_path_to_pose] [ActionServer] Aborting handle.
[WARN] [1783018444.568220754] [planner_server]: GridBased plugin failed to plan from (-1.37, 23.59) to (1.80, 28.28): "Failed to create plan with tolerance of: 0.800000"
[WARN] [1783018444.568334051] [planner_server]: [compute_path_to_pose] [ActionServer] Aborting handle.
[INFO] [1783018444.580308149] [global_costmap.global_costmap]: Received request to clear entirely the global_costmap
[WARN] [1783018445.581847321] [planner_server]: GridBased plugin failed to plan from (0.00, 0.00) to (1.80, 28.28): "Costmap timed out waiting for update"
[WARN] [1783018445.581936932] [planner_server]: [compute_path_to_pose] [ActionServer] Aborting handle.
[WARN] [1783018552.873600610] [planner_server]: GridBased plugin failed to plan from (-0.53, 24.66) to (1.22, 27.35): "Failed to create plan with tolerance of: 0.800000"
[WARN] [1783018552.873767704] [planner_server]: [compute_path_to_pose] [ActionServer] Aborting handle.
[INFO] [1783018552.889154616] [global_costmap.global_costmap]: Received request to clear entirely the global_costmap
[WARN] [1783018553.891591681] [planner_server]: GridBased plugin failed to plan from (0.00, 0.00) to (1.22, 27.35): "Costmap timed out waiting for update"
[WARN] [1783018553.891704460] [planner_server]: [compute_path_to_pose] [ActionServer] Aborting handle.
[INFO] [1783018553.908710362] [global_costmap.global_costmap]: Received request to clear entirely the global_costmap
[WARN] [1783018565.306000273] [planner_server]: GridBased plugin failed to plan from (-1.29, 23.41) to (1.22, 27.35): "Failed to create plan with tolerance of: 0.800000"
[WARN] [1783018565.306109644] [planner_server]: [compute_path_to_pose] [ActionServer] Aborting handle.
[INFO] [1783018565.318002205] [global_costmap.global_costmap]: Received request to clear entirely the global_costmap
[WARN] [1783018565.983598877] [planner_server]: GridBased plugin failed to plan from (-1.33, 23.32) to (1.22, 27.35): "Failed to create plan with tolerance of: 0.800000"
[WARN] [1783018565.984450955] [planner_server]: [compute_path_to_pose] [ActionServer] Aborting handle.
[WARN] [1783018572.138883933] [planner_server]: GridBased plugin failed to plan from (-1.34, 23.13) to (1.22, 27.35): "Failed to create plan with tolerance of: 0.800000"
[WARN] [1783018572.139129175] [planner_server]: [compute_path_to_pose] [ActionServer] Aborting handle.
[INFO] [1783018572.156576653] [global_costmap.global_costmap]: Received request to clear entirely the global_costmap
[WARN] [1783018573.161234218] [planner_server]: GridBased plugin failed to plan from (0.00, 0.00) to (1.22, 27.35): "Costmap timed out waiting for update"
[WARN] [1783018573.161971963] [planner_server]: [compute_path_to_pose] [ActionServer] Aborting handle.
[WARN] [1783018578.202219944] [planner_server]: GridBased plugin failed to plan from (-1.31, 23.27) to (1.22, 27.35): "Failed to create plan with tolerance of: 0.800000"
[WARN] [1783018578.202479816] [planner_server]: [compute_path_to_pose] [ActionServer] Aborting handle.
[INFO] [1783018578.215968980] [global_costmap.global_costmap]: Received request to clear entirely the global_costmap
[WARN] [1783018579.217223018] [planner_server]: GridBased plugin failed to plan from (0.00, 0.00) to (1.22, 27.35): "Costmap timed out waiting for update"
[WARN] [1783018579.217305685] [planner_server]: [compute_path_to_pose] [ActionServer] Aborting handle.
[WARN] [1783018581.964173551] [planner_server]: GridBased plugin failed to plan from (-1.61, 23.20) to (1.22, 27.35): "Failed to create plan with tolerance of: 0.800000"
[WARN] [1783018581.964364033] [planner_server]: [compute_path_to_pose] [ActionServer] Aborting handle.
[INFO] [1783018581.987189598] [global_costmap.global_costmap]: Received request to clear entirely the global_costmap
[WARN] [1783018582.993592034] [planner_server]: GridBased plugin failed to plan from (0.00, 0.00) to (1.22, 27.35): "Costmap timed out waiting for update"
[WARN] [1783018582.993694127] [planner_server]: [compute_path_to_pose] [ActionServer] Aborting handle.
[INFO] [1783018583.006854678] [global_costmap.global_costmap]: Received request to clear entirely the global_costmap
[WARN] [1783018583.982307617] [planner_server]: GridBased plugin failed to plan from (-1.72, 23.27) to (1.22, 27.35): "Failed to create plan with tolerance of: 0.800000"
[WARN] [1783018583.983058991] [planner_server]: [compute_path_to_pose] [ActionServer] Aborting handle.
[INFO] [1783018583.997215659] [global_costmap.global_costmap]: Received request to clear entirely the global_costmap
[WARN] [1783018585.000161761] [planner_server]: GridBased plugin failed to plan from (0.00, 0.00) to (1.22, 27.35): "Costmap timed out waiting for update"
[WARN] [1783018585.000274188] [planner_server]: [compute_path_to_pose] [ActionServer] Aborting handle.
[WARN] [1783018588.242311933] [planner_server]: GridBased plugin failed to plan from (-1.73, 23.21) to (1.22, 27.35): "Failed to create plan with tolerance of: 0.800000"
[WARN] [1783018588.242417934] [planner_server]: [compute_path_to_pose] [ActionServer] Aborting handle.
[INFO] [1783018588.257687014] [global_costmap.global_costmap]: Received request to clear entirely the global_costmap
[WARN] [1783018589.263007889] [planner_server]: GridBased plugin failed to plan from (0.00, 0.00) to (1.22, 27.35): "Costmap timed out waiting for update"
[WARN] [1783018589.263114223] [planner_server]: [compute_path_to_pose] [ActionServer] Aborting handle.
[INFO] [1783018629.417766297] [global_costmap.global_costmap]: Message Filter dropping message: frame 'laser' at time 1783018629.014 for reason 'the timestamp on the message is earlier than all the data in the transform cache'
[INFO] [1783018633.001860296] [global_costmap.global_costmap]: Message Filter dropping message: frame 'laser' at time 1783018632.653 for reason 'the timestamp on the message is earlier than all the data in the transform cache'
[WARN] [1783018678.268216026] [planner_server]: GridBased plugin failed to plan from (-0.41, 24.70) to (1.12, 27.37): "Failed to create plan with tolerance of: 0.800000"
[WARN] [1783018678.268488620] [planner_server]: [compute_path_to_pose] [ActionServer] Aborting handle.
[INFO] [1783018678.287451017] [global_costmap.global_costmap]: Received request to clear entirely the global_costmap
[WARN] [1783018679.292066443] [planner_server]: GridBased plugin failed to plan from (0.00, 0.00) to (1.12, 27.37): "Costmap timed out waiting for update"
[WARN] [1783018679.292243074] [planner_server]: [compute_path_to_pose] [ActionServer] Aborting handle.
[INFO] [1783018679.326850238] [global_costmap.global_costmap]: Received request to clear entirely the global_costmap
[WARN] [1783018679.981808333] [planner_server]: GridBased plugin failed to plan from (-0.68, 24.76) to (1.12, 27.37): "Failed to create plan with tolerance of: 0.800000"
[WARN] [1783018679.982018982] [planner_server]: [compute_path_to_pose] [ActionServer] Aborting handle.
[INFO] [1783018679.999545131] [global_costmap.global_costmap]: Received request to clear entirely the global_costmap
[WARN] [1783018681.000842947] [planner_server]: GridBased plugin failed to plan from (0.00, 0.00) to (1.12, 27.37): "Costmap timed out waiting for update"
[WARN] [1783018681.000922077] [planner_server]: [compute_path_to_pose] [ActionServer] Aborting handle.
[WARN] [1783018696.063186599] [planner_server]: GridBased plugin failed to plan from (-0.21, 24.05) to (1.12, 27.37): "Failed to create plan with tolerance of: 0.800000"
[WARN] [1783018696.063426249] [planner_server]: [compute_path_to_pose] [ActionServer] Aborting handle.
[INFO] [1783018696.079601057] [global_costmap.global_costmap]: Received request to clear entirely the global_costmap
[WARN] [1783018697.080970688] [planner_server]: GridBased plugin failed to plan from (0.00, 0.00) to (1.12, 27.37): "Costmap timed out waiting for update"
[WARN] [1783018697.081058262] [planner_server]: [compute_path_to_pose] [ActionServer] Aborting handle.
[INFO] [1783018697.120004857] [global_costmap.global_costmap]: Received request to clear entirely the global_costmap
[WARN] [1783018697.977386245] [planner_server]: Planner loop missed its desired rate of 5.0000 Hz. Current loop rate is 1.1686 Hz
[INFO] [1783018707.526242876] [rclcpp]: signal_handler(SIGINT/SIGTERM)
[INFO] [1783018707.526350006] [planner_server]: Running Nav2 LifecycleNode rcl preshutdown (planner_server)
[INFO] [1783018707.526459414] [planner_server]: Deactivating
[INFO] [1783018707.526523193] [global_costmap.global_costmap]: Deactivating
[INFO] [1783018707.962295794] [planner_server]: Deactivating plugin GridBased of type NavfnPlanner
[INFO] [1783018707.962681982] [planner_server]: Destroying bond (planner_server) to lifecycle manager.
[INFO] [1783018708.065417562] [planner_server]: Cleaning up
[INFO] [1783018708.880870302] [global_costmap.global_costmap]: Cleaning up
[INFO] [1783018708.947074782] [planner_server]: Cleaning up plugin GridBased of type NavfnPlanner
[INFO] [1783018708.949884482] [planner_server]: Destroying plugin GridBased of type NavfnPlanner
[INFO] [1783018709.367251246] [planner_server]: Destroying bond (planner_server) to lifecycle manager.
