[INFO] [1783131606.405579539] [planner_server]: 
	planner_server lifecycle node launched. 
	Waiting on external lifecycle transitions to activate
	See https://design.ros2.org/articles/node_lifecycle.html for more information.
[INFO] [1783131606.484828893] [planner_server]: Creating
[INFO] [1783131609.268707112] [global_costmap.global_costmap]: 
	global_costmap lifecycle node launched. 
	Waiting on external lifecycle transitions to activate
	See https://design.ros2.org/articles/node_lifecycle.html for more information.
[INFO] [1783131609.276722935] [global_costmap.global_costmap]: Creating Costmap
[INFO] [1783131610.333817964] [planner_server]: Configuring
[INFO] [1783131610.333875761] [global_costmap.global_costmap]: Configuring
[INFO] [1783131610.386827781] [global_costmap.global_costmap]: Using plugin "static_layer"
[INFO] [1783131610.403817581] [global_costmap.global_costmap]: Subscribing to the map topic (/map) with transient local durability
[INFO] [1783131610.412691334] [global_costmap.global_costmap]: Initialized plugin "static_layer"
[INFO] [1783131610.412784076] [global_costmap.global_costmap]: Using plugin "obstacle_layer"
[INFO] [1783131610.425003737] [global_costmap.global_costmap]: Subscribed to Topics: scan
[INFO] [1783131610.448958224] [global_costmap.global_costmap]: Initialized plugin "obstacle_layer"
[INFO] [1783131610.449058595] [global_costmap.global_costmap]: Using plugin "inflation_layer"
[INFO] [1783131610.452660467] [global_costmap.global_costmap]: Initialized plugin "inflation_layer"
[INFO] [1783131610.613432762] [global_costmap.global_costmap]: StaticLayer: Resizing costmap to 345 X 235 at 0.050000 m/pix
[INFO] [1783131610.613954802] [planner_server]: Created global planner plugin GridBased of type nav2_navfn_planner::NavfnPlanner
[INFO] [1783131610.614008191] [planner_server]: Configuring plugin GridBased of type NavfnPlanner
[INFO] [1783131610.623880006] [planner_server]: Planner Server has GridBased  planners available.
[INFO] [1783131612.797536047] [planner_server]: Activating
[INFO] [1783131612.797598955] [global_costmap.global_costmap]: Activating
[INFO] [1783131612.797617159] [global_costmap.global_costmap]: Checking transform
[INFO] [1783131612.797817808] [global_costmap.global_costmap]: start
[INFO] [1783131614.803903090] [planner_server]: Activating plugin GridBased of type NavfnPlanner
[INFO] [1783131614.810625221] [planner_server]: Creating bond (planner_server) to lifecycle manager.
[WARN] [1783131666.289037366] [planner_server]: GridBased plugin failed to plan from (-1.30, -1.13) to (-2.77, -1.66): "Failed to create plan with tolerance of: 0.800000"
[WARN] [1783131666.289653221] [planner_server]: [compute_path_to_pose] [ActionServer] Aborting handle.
[INFO] [1783131666.299486406] [global_costmap.global_costmap]: Received request to clear entirely the global_costmap
[WARN] [1783131666.811870515] [planner_server]: GridBased plugin failed to plan from (-1.36, -1.17) to (-2.77, -1.66): "Failed to create plan with tolerance of: 0.800000"
[WARN] [1783131666.811964145] [planner_server]: [compute_path_to_pose] [ActionServer] Aborting handle.
[INFO] [1783131666.861169071] [global_costmap.global_costmap]: Received request to clear entirely the global_costmap
[WARN] [1783131667.862470915] [planner_server]: GridBased plugin failed to plan from (0.00, 0.00) to (-2.77, -1.66): "Costmap timed out waiting for update"
[WARN] [1783131667.862565730] [planner_server]: [compute_path_to_pose] [ActionServer] Aborting handle.
[INFO] [1783131667.875050875] [global_costmap.global_costmap]: Received request to clear entirely the global_costmap
[WARN] [1783131668.801604298] [planner_server]: GridBased plugin failed to plan from (-1.49, -1.27) to (-2.77, -1.66): "Failed to create plan with tolerance of: 0.800000"
[WARN] [1783131668.801695632] [planner_server]: [compute_path_to_pose] [ActionServer] Aborting handle.
[WARN] [1783131672.136624160] [planner_server]: GridBased plugin failed to plan from (-1.49, -1.26) to (-2.77, -1.66): "Failed to create plan with tolerance of: 0.800000"
[WARN] [1783131672.137241200] [planner_server]: [compute_path_to_pose] [ActionServer] Aborting handle.
[INFO] [1783131672.155654730] [global_costmap.global_costmap]: Received request to clear entirely the global_costmap
[WARN] [1783131672.812141595] [planner_server]: GridBased plugin failed to plan from (-1.49, -1.25) to (-2.77, -1.66): "Failed to create plan with tolerance of: 0.800000"
[WARN] [1783131672.812233780] [planner_server]: [compute_path_to_pose] [ActionServer] Aborting handle.
[WARN] [1783131677.844788871] [planner_server]: GridBased plugin failed to plan from (-1.50, -1.25) to (-2.77, -1.66): "Failed to create plan with tolerance of: 0.800000"
[WARN] [1783131677.844931891] [planner_server]: [compute_path_to_pose] [ActionServer] Aborting handle.
[INFO] [1783131677.864339241] [global_costmap.global_costmap]: Received request to clear entirely the global_costmap
[WARN] [1783131678.805945490] [planner_server]: GridBased plugin failed to plan from (-1.50, -1.25) to (-2.77, -1.66): "Failed to create plan with tolerance of: 0.800000"
[WARN] [1783131678.806038990] [planner_server]: [compute_path_to_pose] [ActionServer] Aborting handle.
[INFO] [1783131680.798455807] [global_costmap.global_costmap]: StaticLayer: Resizing costmap to 383 X 245 at 0.050000 m/pix
[WARN] [1783131681.645763599] [planner_server]: GridBased plugin failed to plan from (-2.02, -0.85) to (-2.77, -1.66): "Failed to create plan with tolerance of: 0.800000"
[WARN] [1783131681.645868673] [planner_server]: [compute_path_to_pose] [ActionServer] Aborting handle.
[INFO] [1783131681.664291351] [global_costmap.global_costmap]: Received request to clear entirely the global_costmap
[WARN] [1783131682.665391231] [planner_server]: GridBased plugin failed to plan from (0.00, 0.00) to (-2.77, -1.66): "Costmap timed out waiting for update"
[WARN] [1783131682.665464954] [planner_server]: [compute_path_to_pose] [ActionServer] Aborting handle.
[INFO] [1783131682.691410526] [global_costmap.global_costmap]: Received request to clear entirely the global_costmap
[WARN] [1783131682.804234143] [planner_server]: GridBased plugin failed to plan from (-2.12, -0.80) to (-2.77, -1.66): "Failed to create plan with tolerance of: 0.800000"
[WARN] [1783131682.804337292] [planner_server]: [compute_path_to_pose] [ActionServer] Aborting handle.
[INFO] [1783131682.823811179] [global_costmap.global_costmap]: Received request to clear entirely the global_costmap
[WARN] [1783131683.825017005] [planner_server]: GridBased plugin failed to plan from (0.00, 0.00) to (-2.77, -1.66): "Costmap timed out waiting for update"
[WARN] [1783131683.825092876] [planner_server]: [compute_path_to_pose] [ActionServer] Aborting handle.
[WARN] [1783131687.264949920] [planner_server]: GridBased plugin failed to plan from (-2.14, -0.79) to (-2.77, -1.66): "Failed to create plan with tolerance of: 0.800000"
[WARN] [1783131687.265233107] [planner_server]: [compute_path_to_pose] [ActionServer] Aborting handle.
[INFO] [1783131687.285695259] [global_costmap.global_costmap]: Received request to clear entirely the global_costmap
[WARN] [1783131688.289652248] [planner_server]: GridBased plugin failed to plan from (0.00, 0.00) to (-2.77, -1.66): "Costmap timed out waiting for update"
[WARN] [1783131688.289751767] [planner_server]: [compute_path_to_pose] [ActionServer] Aborting handle.
[INFO] [1783131756.798022793] [global_costmap.global_costmap]: StaticLayer: Resizing costmap to 537 X 439 at 0.050000 m/pix
[INFO] [1783131760.798021456] [global_costmap.global_costmap]: StaticLayer: Resizing costmap to 383 X 245 at 0.050000 m/pix
[INFO] [1783131769.145345017] [rclcpp]: signal_handler(SIGINT/SIGTERM)
[INFO] [1783131769.145409702] [planner_server]: Running Nav2 LifecycleNode rcl preshutdown (planner_server)
[INFO] [1783131769.145514703] [planner_server]: Deactivating
[INFO] [1783131769.145568777] [global_costmap.global_costmap]: Deactivating
[INFO] [1783131770.802304295] [planner_server]: Deactivating plugin GridBased of type NavfnPlanner
[INFO] [1783131770.802394203] [planner_server]: Destroying bond (planner_server) to lifecycle manager.
[INFO] [1783131770.813806971] [planner_server]: Cleaning up
[INFO] [1783131771.173228885] [global_costmap.global_costmap]: Cleaning up
[INFO] [1783131771.244303989] [planner_server]: Cleaning up plugin GridBased of type NavfnPlanner
[INFO] [1783131771.244536620] [planner_server]: Destroying plugin GridBased of type NavfnPlanner
[INFO] [1783131771.512829853] [planner_server]: Destroying bond (planner_server) to lifecycle manager.
