[INFO] [1783018998.670172962] [planner_server]: 
	planner_server lifecycle node launched. 
	Waiting on external lifecycle transitions to activate
	See https://design.ros2.org/articles/node_lifecycle.html for more information.
[INFO] [1783018998.681037890] [planner_server]: Creating
[INFO] [1783018998.909466784] [global_costmap.global_costmap]: 
	global_costmap lifecycle node launched. 
	Waiting on external lifecycle transitions to activate
	See https://design.ros2.org/articles/node_lifecycle.html for more information.
[INFO] [1783018998.910906699] [global_costmap.global_costmap]: Creating Costmap
[INFO] [1783019002.883312086] [planner_server]: Configuring
[INFO] [1783019002.883404049] [global_costmap.global_costmap]: Configuring
[INFO] [1783019002.955046854] [global_costmap.global_costmap]: Using plugin "static_layer"
[INFO] [1783019002.975507537] [global_costmap.global_costmap]: Subscribing to the map topic (/map) with transient local durability
[INFO] [1783019002.986025740] [global_costmap.global_costmap]: Initialized plugin "static_layer"
[INFO] [1783019002.986096667] [global_costmap.global_costmap]: Using plugin "obstacle_layer"
[INFO] [1783019003.210719929] [global_costmap.global_costmap]: Subscribed to Topics: scan
[INFO] [1783019003.235470653] [global_costmap.global_costmap]: Initialized plugin "obstacle_layer"
[INFO] [1783019003.235550301] [global_costmap.global_costmap]: Using plugin "inflation_layer"
[INFO] [1783019003.237881480] [global_costmap.global_costmap]: Initialized plugin "inflation_layer"
[INFO] [1783019003.393958399] [global_costmap.global_costmap]: StaticLayer: Resizing costmap to 338 X 598 at 0.050000 m/pix
[INFO] [1783019003.395927039] [planner_server]: Created global planner plugin GridBased of type nav2_navfn_planner::NavfnPlanner
[INFO] [1783019003.396052984] [planner_server]: Configuring plugin GridBased of type NavfnPlanner
[INFO] [1783019003.403815655] [planner_server]: Planner Server has GridBased  planners available.
[INFO] [1783019005.927755378] [planner_server]: Activating
[INFO] [1783019005.927837194] [global_costmap.global_costmap]: Activating
[INFO] [1783019005.927860194] [global_costmap.global_costmap]: Checking transform
[INFO] [1783019005.928100399] [global_costmap.global_costmap]: start
[INFO] [1783019007.983093067] [planner_server]: Activating plugin GridBased of type NavfnPlanner
[INFO] [1783019007.990040715] [planner_server]: Creating bond (planner_server) to lifecycle manager.
[WARN] [1783019066.378817557] [planner_server]: GridBased plugin failed to plan from (-0.85, 23.83) to (0.29, 25.97): "Failed to create plan with tolerance of: 0.800000"
[WARN] [1783019066.378981631] [planner_server]: [compute_path_to_pose] [ActionServer] Aborting handle.
[INFO] [1783019066.396541335] [global_costmap.global_costmap]: Received request to clear entirely the global_costmap
[WARN] [1783019067.399556364] [planner_server]: GridBased plugin failed to plan from (0.00, 0.00) to (0.29, 25.97): "Costmap timed out waiting for update"
[WARN] [1783019067.400036941] [planner_server]: [compute_path_to_pose] [ActionServer] Aborting handle.
[INFO] [1783019067.446675817] [global_costmap.global_costmap]: Received request to clear entirely the global_costmap
[WARN] [1783019067.943527261] [planner_server]: GridBased plugin failed to plan from (-0.90, 23.85) to (0.29, 25.97): "Failed to create plan with tolerance of: 0.800000"
[WARN] [1783019067.943754095] [planner_server]: [compute_path_to_pose] [ActionServer] Aborting handle.
[INFO] [1783019067.963174698] [global_costmap.global_costmap]: Received request to clear entirely the global_costmap
[WARN] [1783019068.965601539] [planner_server]: GridBased plugin failed to plan from (0.00, 0.00) to (0.29, 25.97): "Costmap timed out waiting for update"
[WARN] [1783019068.965709984] [planner_server]: [compute_path_to_pose] [ActionServer] Aborting handle.
[WARN] [1783019084.026202923] [planner_server]: GridBased plugin failed to plan from (-0.57, 22.58) to (0.29, 25.97): "Failed to create plan with tolerance of: 0.800000"
[WARN] [1783019084.026414220] [planner_server]: [compute_path_to_pose] [ActionServer] Aborting handle.
[INFO] [1783019084.043114105] [global_costmap.global_costmap]: Received request to clear entirely the global_costmap
[WARN] [1783019085.044285013] [planner_server]: GridBased plugin failed to plan from (0.00, 0.00) to (0.29, 25.97): "Costmap timed out waiting for update"
[WARN] [1783019085.044380513] [planner_server]: [compute_path_to_pose] [ActionServer] Aborting handle.
[INFO] [1783019091.485483866] [global_costmap.global_costmap]: Received request to clear entirely the global_costmap
[WARN] [1783019091.943276987] [planner_server]: GridBased plugin failed to plan from (-1.96, 22.44) to (0.29, 25.97): "Failed to create plan with tolerance of: 0.800000"
[WARN] [1783019091.943394173] [planner_server]: [compute_path_to_pose] [ActionServer] Aborting handle.
[INFO] [1783019091.963160567] [global_costmap.global_costmap]: Received request to clear entirely the global_costmap
[WARN] [1783019092.966494079] [planner_server]: GridBased plugin failed to plan from (0.00, 0.00) to (0.29, 25.97): "Costmap timed out waiting for update"
[WARN] [1783019092.966598876] [planner_server]: [compute_path_to_pose] [ActionServer] Aborting handle.
[WARN] [1783019108.026148340] [planner_server]: GridBased plugin failed to plan from (-1.15, 22.37) to (0.29, 25.97): "Failed to create plan with tolerance of: 0.800000"
[WARN] [1783019108.026317729] [planner_server]: [compute_path_to_pose] [ActionServer] Aborting handle.
[INFO] [1783019108.043203072] [global_costmap.global_costmap]: Received request to clear entirely the global_costmap
[WARN] [1783019109.044607648] [planner_server]: GridBased plugin failed to plan from (0.00, 0.00) to (0.29, 25.97): "Costmap timed out waiting for update"
[WARN] [1783019109.045544690] [planner_server]: [compute_path_to_pose] [ActionServer] Aborting handle.
[INFO] [1783019109.084923756] [global_costmap.global_costmap]: Received request to clear entirely the global_costmap
[WARN] [1783019109.939112787] [planner_server]: GridBased plugin failed to plan from (-1.15, 22.37) to (0.29, 25.97): "Failed to create plan with tolerance of: 0.800000"
[WARN] [1783019109.940854055] [planner_server]: [compute_path_to_pose] [ActionServer] Aborting handle.
[INFO] [1783019109.953151709] [global_costmap.global_costmap]: Received request to clear entirely the global_costmap
[WARN] [1783019110.954418432] [planner_server]: GridBased plugin failed to plan from (0.00, 0.00) to (0.29, 25.97): "Costmap timed out waiting for update"
[WARN] [1783019110.954519988] [planner_server]: [compute_path_to_pose] [ActionServer] Aborting handle.
[INFO] [1783019123.761534154] [rclcpp]: signal_handler(SIGINT/SIGTERM)
[INFO] [1783019123.761620692] [planner_server]: Running Nav2 LifecycleNode rcl preshutdown (planner_server)
[INFO] [1783019123.763583257] [planner_server]: Deactivating
[INFO] [1783019123.763698424] [global_costmap.global_costmap]: Deactivating
[INFO] [1783019123.932531076] [planner_server]: Deactivating plugin GridBased of type NavfnPlanner
[INFO] [1783019123.932620280] [planner_server]: Destroying bond (planner_server) to lifecycle manager.
[INFO] [1783019124.038258082] [planner_server]: Cleaning up
[INFO] [1783019124.646302300] [global_costmap.global_costmap]: Cleaning up
[INFO] [1783019124.839936649] [planner_server]: Cleaning up plugin GridBased of type NavfnPlanner
[INFO] [1783019124.856774418] [planner_server]: Destroying plugin GridBased of type NavfnPlanner
[INFO] [1783019125.255046411] [planner_server]: Destroying bond (planner_server) to lifecycle manager.
