[INFO] [1786096249.086430779] [planner_server]: 
	planner_server lifecycle node launched. 
	Waiting on external lifecycle transitions to activate
	See https://design.ros2.org/articles/node_lifecycle.html for more information.
[INFO] [1786096249.098960052] [planner_server]: Creating
[INFO] [1786096249.168747048] [global_costmap.global_costmap]: 
	global_costmap lifecycle node launched. 
	Waiting on external lifecycle transitions to activate
	See https://design.ros2.org/articles/node_lifecycle.html for more information.
[INFO] [1786096249.171015227] [global_costmap.global_costmap]: Creating Costmap
[INFO] [1786096249.474028159] [planner_server]: Configuring
[INFO] [1786096249.474134697] [global_costmap.global_costmap]: Configuring
[INFO] [1786096249.495434592] [global_costmap.global_costmap]: Using plugin "static_layer"
[INFO] [1786096249.502739910] [global_costmap.global_costmap]: Subscribing to the map topic (/map) with transient local durability
[INFO] [1786096249.507299435] [global_costmap.global_costmap]: Initialized plugin "static_layer"
[INFO] [1786096249.507374769] [global_costmap.global_costmap]: Using plugin "obstacle_layer"
[INFO] [1786096249.509892098] [global_costmap.global_costmap]: Subscribed to Topics: scan
[INFO] [1786096249.523343839] [global_costmap.global_costmap]: Initialized plugin "obstacle_layer"
[INFO] [1786096249.523405709] [global_costmap.global_costmap]: Using plugin "inflation_layer"
[INFO] [1786096249.526146595] [global_costmap.global_costmap]: Initialized plugin "inflation_layer"
[INFO] [1786096249.633710226] [planner_server]: Created global planner plugin GridBased of type nav2_navfn_planner::NavfnPlanner
[INFO] [1786096249.633783041] [planner_server]: Configuring plugin GridBased of type NavfnPlanner
[INFO] [1786096249.635281994] [planner_server]: Planner Server has GridBased  planners available.
[INFO] [1786096251.855630638] [planner_server]: Activating
[INFO] [1786096251.855705897] [global_costmap.global_costmap]: Activating
[INFO] [1786096251.855728194] [global_costmap.global_costmap]: Checking transform
[INFO] [1786096251.855858843] [global_costmap.global_costmap]: Timed out waiting for transform from base_footprint to map to become available, tf error: Lookup would require extrapolation into the past.  Requested time 1786096251.839648 but the earliest data is at time 1786096252.231398, when looking up transform from frame [base_footprint] to frame [map]
[INFO] [1786096252.356022677] [global_costmap.global_costmap]: start
[WARN] [1786096252.556633618] [nav2_costmap_2d]: Robot is out of bounds of the costmap
[WARN] [1786096252.556882953] [global_costmap.global_costmap]: Sensor origin at (-0.57, 0.03) is out of map bounds (0.00, 0.00) to (4.98, 4.98). The costmap cannot raytrace for it.
[INFO] [1786096252.563477415] [planner_server]: Activating plugin GridBased of type NavfnPlanner
[INFO] [1786096252.577734623] [planner_server]: Creating bond (planner_server) to lifecycle manager.
[WARN] [1786096252.757538634] [global_costmap.global_costmap]: Sensor origin at (-0.57, 0.03) is out of map bounds (0.00, 0.00) to (4.98, 4.98). The costmap cannot raytrace for it.
[WARN] [1786096252.957932963] [global_costmap.global_costmap]: Sensor origin at (-0.57, 0.03) is out of map bounds (0.00, 0.00) to (4.98, 4.98). The costmap cannot raytrace for it.
[WARN] [1786096253.156771597] [global_costmap.global_costmap]: Sensor origin at (-0.57, 0.03) is out of map bounds (0.00, 0.00) to (4.98, 4.98). The costmap cannot raytrace for it.
[WARN] [1786096253.358375654] [global_costmap.global_costmap]: Sensor origin at (-0.57, 0.03) is out of map bounds (0.00, 0.00) to (4.98, 4.98). The costmap cannot raytrace for it.
[WARN] [1786096253.557867793] [global_costmap.global_costmap]: Sensor origin at (-0.57, 0.03) is out of map bounds (0.00, 0.00) to (4.98, 4.98). The costmap cannot raytrace for it.
[WARN] [1786096253.756519908] [global_costmap.global_costmap]: Sensor origin at (-0.57, 0.03) is out of map bounds (0.00, 0.00) to (4.98, 4.98). The costmap cannot raytrace for it.
[WARN] [1786096253.957581869] [global_costmap.global_costmap]: Sensor origin at (-0.57, 0.03) is out of map bounds (0.00, 0.00) to (4.98, 4.98). The costmap cannot raytrace for it.
[WARN] [1786096254.156532115] [global_costmap.global_costmap]: Sensor origin at (-0.57, 0.03) is out of map bounds (0.00, 0.00) to (4.98, 4.98). The costmap cannot raytrace for it.
[WARN] [1786096254.358743009] [global_costmap.global_costmap]: Sensor origin at (-0.57, 0.03) is out of map bounds (0.00, 0.00) to (4.98, 4.98). The costmap cannot raytrace for it.
[WARN] [1786096254.358858399] [global_costmap.global_costmap]: Can't update static costmap layer, no map received
[WARN] [1786096254.556536342] [global_costmap.global_costmap]: Sensor origin at (-0.57, 0.03) is out of map bounds (0.00, 0.00) to (4.98, 4.98). The costmap cannot raytrace for it.
[WARN] [1786096254.756526446] [global_costmap.global_costmap]: Sensor origin at (-0.57, 0.03) is out of map bounds (0.00, 0.00) to (4.98, 4.98). The costmap cannot raytrace for it.
[WARN] [1786096254.956532364] [global_costmap.global_costmap]: Sensor origin at (-0.57, 0.03) is out of map bounds (0.00, 0.00) to (4.98, 4.98). The costmap cannot raytrace for it.
[WARN] [1786096255.157157898] [global_costmap.global_costmap]: Sensor origin at (-0.57, 0.03) is out of map bounds (0.00, 0.00) to (4.98, 4.98). The costmap cannot raytrace for it.
[WARN] [1786096255.356525202] [global_costmap.global_costmap]: Sensor origin at (-0.57, 0.03) is out of map bounds (0.00, 0.00) to (4.98, 4.98). The costmap cannot raytrace for it.
[WARN] [1786096255.556541898] [global_costmap.global_costmap]: Sensor origin at (-0.57, 0.03) is out of map bounds (0.00, 0.00) to (4.98, 4.98). The costmap cannot raytrace for it.
[WARN] [1786096255.756528335] [global_costmap.global_costmap]: Sensor origin at (-0.57, 0.03) is out of map bounds (0.00, 0.00) to (4.98, 4.98). The costmap cannot raytrace for it.
[WARN] [1786096255.956525013] [global_costmap.global_costmap]: Sensor origin at (-0.57, 0.03) is out of map bounds (0.00, 0.00) to (4.98, 4.98). The costmap cannot raytrace for it.
[WARN] [1786096256.156535173] [global_costmap.global_costmap]: Sensor origin at (-0.57, 0.03) is out of map bounds (0.00, 0.00) to (4.98, 4.98). The costmap cannot raytrace for it.
[WARN] [1786096256.356523740] [global_costmap.global_costmap]: Sensor origin at (-0.57, 0.03) is out of map bounds (0.00, 0.00) to (4.98, 4.98). The costmap cannot raytrace for it.
[WARN] [1786096256.356627240] [global_costmap.global_costmap]: Can't update static costmap layer, no map received
[WARN] [1786096256.556499362] [global_costmap.global_costmap]: Sensor origin at (-0.57, 0.03) is out of map bounds (0.00, 0.00) to (4.98, 4.98). The costmap cannot raytrace for it.
[WARN] [1786096256.756526744] [global_costmap.global_costmap]: Sensor origin at (-0.57, 0.03) is out of map bounds (0.00, 0.00) to (4.98, 4.98). The costmap cannot raytrace for it.
[WARN] [1786096256.956528440] [global_costmap.global_costmap]: Sensor origin at (-0.57, 0.03) is out of map bounds (0.00, 0.00) to (4.98, 4.98). The costmap cannot raytrace for it.
[WARN] [1786096257.156544118] [global_costmap.global_costmap]: Sensor origin at (-0.57, 0.03) is out of map bounds (0.00, 0.00) to (4.98, 4.98). The costmap cannot raytrace for it.
[WARN] [1786096257.356522759] [global_costmap.global_costmap]: Sensor origin at (-0.57, 0.03) is out of map bounds (0.00, 0.00) to (4.98, 4.98). The costmap cannot raytrace for it.
[WARN] [1786096257.556534808] [global_costmap.global_costmap]: Sensor origin at (-0.57, 0.03) is out of map bounds (0.00, 0.00) to (4.98, 4.98). The costmap cannot raytrace for it.
[WARN] [1786096257.756487522] [nav2_costmap_2d]: Robot is out of bounds of the costmap
[WARN] [1786096257.756574171] [global_costmap.global_costmap]: Sensor origin at (-0.57, 0.03) is out of map bounds (0.00, 0.00) to (4.98, 4.98). The costmap cannot raytrace for it.
[WARN] [1786096257.956535608] [global_costmap.global_costmap]: Sensor origin at (-0.57, 0.03) is out of map bounds (0.00, 0.00) to (4.98, 4.98). The costmap cannot raytrace for it.
[WARN] [1786096258.156532693] [global_costmap.global_costmap]: Sensor origin at (-0.57, 0.03) is out of map bounds (0.00, 0.00) to (4.98, 4.98). The costmap cannot raytrace for it.
[WARN] [1786096258.356526371] [global_costmap.global_costmap]: Sensor origin at (-0.57, 0.03) is out of map bounds (0.00, 0.00) to (4.98, 4.98). The costmap cannot raytrace for it.
[WARN] [1786096258.356624798] [global_costmap.global_costmap]: Can't update static costmap layer, no map received
[WARN] [1786096258.556530161] [global_costmap.global_costmap]: Sensor origin at (-0.57, 0.03) is out of map bounds (0.00, 0.00) to (4.98, 4.98). The costmap cannot raytrace for it.
[WARN] [1786096258.756533653] [global_costmap.global_costmap]: Sensor origin at (-0.57, 0.03) is out of map bounds (0.00, 0.00) to (4.98, 4.98). The costmap cannot raytrace for it.
[WARN] [1786096258.956576795] [global_costmap.global_costmap]: Sensor origin at (-0.57, 0.03) is out of map bounds (0.00, 0.00) to (4.98, 4.98). The costmap cannot raytrace for it.
[WARN] [1786096259.156554713] [global_costmap.global_costmap]: Sensor origin at (-0.57, 0.03) is out of map bounds (0.00, 0.00) to (4.98, 4.98). The costmap cannot raytrace for it.
[WARN] [1786096259.356535447] [global_costmap.global_costmap]: Sensor origin at (-0.57, 0.03) is out of map bounds (0.00, 0.00) to (4.98, 4.98). The costmap cannot raytrace for it.
[WARN] [1786096259.556540699] [global_costmap.global_costmap]: Sensor origin at (-0.57, 0.03) is out of map bounds (0.00, 0.00) to (4.98, 4.98). The costmap cannot raytrace for it.
[WARN] [1786096259.756723766] [global_costmap.global_costmap]: Sensor origin at (-0.57, 0.03) is out of map bounds (0.00, 0.00) to (4.98, 4.98). The costmap cannot raytrace for it.
[WARN] [1786096259.956519869] [global_costmap.global_costmap]: Sensor origin at (-0.57, 0.03) is out of map bounds (0.00, 0.00) to (4.98, 4.98). The costmap cannot raytrace for it.
[WARN] [1786096260.156528251] [global_costmap.global_costmap]: Sensor origin at (-0.57, 0.03) is out of map bounds (0.00, 0.00) to (4.98, 4.98). The costmap cannot raytrace for it.
[WARN] [1786096260.356545781] [global_costmap.global_costmap]: Sensor origin at (-0.57, 0.03) is out of map bounds (0.00, 0.00) to (4.98, 4.98). The costmap cannot raytrace for it.
[WARN] [1786096260.356661282] [global_costmap.global_costmap]: Can't update static costmap layer, no map received
[WARN] [1786096260.556550681] [global_costmap.global_costmap]: Sensor origin at (-0.57, 0.03) is out of map bounds (0.00, 0.00) to (4.98, 4.98). The costmap cannot raytrace for it.
[WARN] [1786096260.756534359] [global_costmap.global_costmap]: Sensor origin at (-0.57, 0.03) is out of map bounds (0.00, 0.00) to (4.98, 4.98). The costmap cannot raytrace for it.
[WARN] [1786096260.956532056] [global_costmap.global_costmap]: Sensor origin at (-0.57, 0.03) is out of map bounds (0.00, 0.00) to (4.98, 4.98). The costmap cannot raytrace for it.
[WARN] [1786096261.156525289] [global_costmap.global_costmap]: Sensor origin at (-0.57, 0.03) is out of map bounds (0.00, 0.00) to (4.98, 4.98). The costmap cannot raytrace for it.
[WARN] [1786096261.356522745] [global_costmap.global_costmap]: Sensor origin at (-0.57, 0.03) is out of map bounds (0.00, 0.00) to (4.98, 4.98). The costmap cannot raytrace for it.
[WARN] [1786096261.556531552] [global_costmap.global_costmap]: Sensor origin at (-0.57, 0.03) is out of map bounds (0.00, 0.00) to (4.98, 4.98). The costmap cannot raytrace for it.
[WARN] [1786096261.756564416] [global_costmap.global_costmap]: Sensor origin at (-0.57, 0.03) is out of map bounds (0.00, 0.00) to (4.98, 4.98). The costmap cannot raytrace for it.
[WARN] [1786096261.956532112] [global_costmap.global_costmap]: Sensor origin at (-0.57, 0.03) is out of map bounds (0.00, 0.00) to (4.98, 4.98). The costmap cannot raytrace for it.
[WARN] [1786096262.156532197] [global_costmap.global_costmap]: Sensor origin at (-0.57, 0.03) is out of map bounds (0.00, 0.00) to (4.98, 4.98). The costmap cannot raytrace for it.
[WARN] [1786096262.356534116] [global_costmap.global_costmap]: Sensor origin at (-0.57, 0.03) is out of map bounds (0.00, 0.00) to (4.98, 4.98). The costmap cannot raytrace for it.
[WARN] [1786096262.356633413] [global_costmap.global_costmap]: Can't update static costmap layer, no map received
[WARN] [1786096262.556527276] [global_costmap.global_costmap]: Sensor origin at (-0.57, 0.03) is out of map bounds (0.00, 0.00) to (4.98, 4.98). The costmap cannot raytrace for it.
[WARN] [1786096262.756493824] [nav2_costmap_2d]: Robot is out of bounds of the costmap
[WARN] [1786096262.756577306] [global_costmap.global_costmap]: Sensor origin at (-0.57, 0.03) is out of map bounds (0.00, 0.00) to (4.98, 4.98). The costmap cannot raytrace for it.
[WARN] [1786096262.956788077] [global_costmap.global_costmap]: Sensor origin at (-0.57, 0.03) is out of map bounds (0.00, 0.00) to (4.98, 4.98). The costmap cannot raytrace for it.
[WARN] [1786096263.156544939] [global_costmap.global_costmap]: Sensor origin at (-0.57, 0.03) is out of map bounds (0.00, 0.00) to (4.98, 4.98). The costmap cannot raytrace for it.
[INFO] [1786096263.245363263] [global_costmap.global_costmap]: StaticLayer: Resizing costmap to 1552 X 2299 at 0.050000 m/pix
[INFO] [1786096281.275801893] [global_costmap.global_costmap]: Message Filter dropping message: frame 'laser' at time 1786096279.270 for reason 'the timestamp on the message is earlier than all the data in the transform cache'
[INFO] [1786096398.005218239] [rclcpp]: signal_handler(SIGINT/SIGTERM)
[INFO] [1786096398.005297517] [planner_server]: Running Nav2 LifecycleNode rcl preshutdown (planner_server)
[INFO] [1786096398.005406480] [planner_server]: Deactivating
[INFO] [1786096398.005461166] [global_costmap.global_costmap]: Deactivating
[INFO] [1786096398.165784440] [planner_server]: Deactivating plugin GridBased of type NavfnPlanner
[INFO] [1786096398.166430999] [planner_server]: Destroying bond (planner_server) to lifecycle manager.
[INFO] [1786096398.188198878] [planner_server]: Cleaning up
[INFO] [1786096398.441050292] [global_costmap.global_costmap]: Cleaning up
[INFO] [1786096398.512586483] [planner_server]: Cleaning up plugin GridBased of type NavfnPlanner
[INFO] [1786096398.516666765] [planner_server]: Destroying plugin GridBased of type NavfnPlanner
[INFO] [1786096398.781974730] [planner_server]: Destroying bond (planner_server) to lifecycle manager.
