[INFO] [1782966956.516950803] [planner_server]: 
	planner_server lifecycle node launched. 
	Waiting on external lifecycle transitions to activate
	See https://design.ros2.org/articles/node_lifecycle.html for more information.
[INFO] [1782966956.537815508] [planner_server]: Creating
[INFO] [1782966957.015468182] [global_costmap.global_costmap]: 
	global_costmap lifecycle node launched. 
	Waiting on external lifecycle transitions to activate
	See https://design.ros2.org/articles/node_lifecycle.html for more information.
[INFO] [1782966957.022159989] [global_costmap.global_costmap]: Creating Costmap
[INFO] [1782966959.491701848] [planner_server]: Configuring
[INFO] [1782966959.491874072] [global_costmap.global_costmap]: Configuring
[INFO] [1782966959.624501483] [global_costmap.global_costmap]: Using plugin "static_layer"
[INFO] [1782966959.684801544] [global_costmap.global_costmap]: Subscribing to the map topic (/map) with transient local durability
[INFO] [1782966959.748281275] [global_costmap.global_costmap]: Initialized plugin "static_layer"
[INFO] [1782966959.748883631] [global_costmap.global_costmap]: Using plugin "obstacle_layer"
[INFO] [1782966959.771713480] [global_costmap.global_costmap]: Subscribed to Topics: scan
[INFO] [1782966959.847532151] [global_costmap.global_costmap]: Initialized plugin "obstacle_layer"
[INFO] [1782966959.847607411] [global_costmap.global_costmap]: Using plugin "inflation_layer"
[INFO] [1782966959.853024246] [global_costmap.global_costmap]: Initialized plugin "inflation_layer"
[INFO] [1782966960.002345610] [planner_server]: Created global planner plugin GridBased of type nav2_navfn_planner::NavfnPlanner
[INFO] [1782966960.002460018] [planner_server]: Configuring plugin GridBased of type NavfnPlanner
[INFO] [1782966960.005531355] [planner_server]: Planner Server has GridBased  planners available.
[INFO] [1782966960.009035880] [global_costmap.global_costmap]: StaticLayer: Resizing costmap to 537 X 439 at 0.050000 m/pix
[INFO] [1782966961.833013698] [planner_server]: Activating
[INFO] [1782966961.833167217] [global_costmap.global_costmap]: Activating
[INFO] [1782966961.833201458] [global_costmap.global_costmap]: Checking transform
[INFO] [1782966961.833855852] [global_costmap.global_costmap]: start
[INFO] [1782966963.889785884] [planner_server]: Activating plugin GridBased of type NavfnPlanner
[INFO] [1782966963.897112899] [planner_server]: Creating bond (planner_server) to lifecycle manager.
[WARN] [1782966994.519901494] [planner_server]: GridBased plugin failed to plan from (2.55, 5.05) to (1.21, 2.80): "Failed to create plan with tolerance of: 0.800000"
[WARN] [1782966994.520239663] [planner_server]: [compute_path_to_pose] [ActionServer] Aborting handle.
[INFO] [1782966994.536133536] [global_costmap.global_costmap]: Received request to clear entirely the global_costmap
[WARN] [1782966995.539583673] [planner_server]: GridBased plugin failed to plan from (0.00, 0.00) to (1.21, 2.80): "Costmap timed out waiting for update"
[WARN] [1782966995.539671340] [planner_server]: [compute_path_to_pose] [ActionServer] Aborting handle.
[INFO] [1782966995.559144238] [global_costmap.global_costmap]: Received request to clear entirely the global_costmap
[WARN] [1782966995.999885926] [planner_server]: Planner loop missed its desired rate of 5.0000 Hz. Current loop rate is 2.2817 Hz
[WARN] [1782966997.242517606] [planner_server]: Planner loop missed its desired rate of 5.0000 Hz. Current loop rate is 4.7303 Hz
[WARN] [1782967000.336407373] [planner_server]: GridBased plugin failed to plan from (2.80, 5.04) to (1.21, 2.80): "Failed to create plan with tolerance of: 0.800000"
[WARN] [1782967000.336525022] [planner_server]: [compute_path_to_pose] [ActionServer] Aborting handle.
[INFO] [1782967000.338173664] [global_costmap.global_costmap]: Received request to clear entirely the global_costmap
[WARN] [1782967001.342923717] [planner_server]: GridBased plugin failed to plan from (0.00, 0.00) to (1.21, 2.80): "Costmap timed out waiting for update"
[WARN] [1782967001.343014422] [planner_server]: [compute_path_to_pose] [ActionServer] Aborting handle.
[WARN] [1782967006.058266669] [planner_server]: GridBased plugin failed to plan from (2.77, 5.17) to (1.21, 2.80): "Failed to create plan with tolerance of: 0.800000"
[WARN] [1782967006.058409855] [planner_server]: [compute_path_to_pose] [ActionServer] Aborting handle.
[INFO] [1782967006.075353995] [global_costmap.global_costmap]: Received request to clear entirely the global_costmap
[WARN] [1782967007.076855247] [planner_server]: GridBased plugin failed to plan from (0.00, 0.00) to (1.21, 2.80): "Costmap timed out waiting for update"
[WARN] [1782967007.076970230] [planner_server]: [compute_path_to_pose] [ActionServer] Aborting handle.
[WARN] [1782967018.303234988] [planner_server]: GridBased plugin failed to plan from (2.35, 4.76) to (1.21, 2.80): "Failed to create plan with tolerance of: 0.800000"
[WARN] [1782967018.303864993] [planner_server]: [compute_path_to_pose] [ActionServer] Aborting handle.
[INFO] [1782967018.318357837] [global_costmap.global_costmap]: Received request to clear entirely the global_costmap
[WARN] [1782967019.320055906] [planner_server]: GridBased plugin failed to plan from (0.00, 0.00) to (1.21, 2.80): "Costmap timed out waiting for update"
[WARN] [1782967019.320148759] [planner_server]: [compute_path_to_pose] [ActionServer] Aborting handle.
[WARN] [1782967026.823673100] [planner_server]: GridBased plugin failed to plan from (2.94, 5.14) to (1.21, 2.80): "Failed to create plan with tolerance of: 0.800000"
[WARN] [1782967026.823762786] [planner_server]: [compute_path_to_pose] [ActionServer] Aborting handle.
[INFO] [1782967026.838677413] [global_costmap.global_costmap]: Received request to clear entirely the global_costmap
[WARN] [1782967027.842264502] [planner_server]: GridBased plugin failed to plan from (0.00, 0.00) to (1.21, 2.80): "Costmap timed out waiting for update"
[WARN] [1782967027.842516837] [planner_server]: [compute_path_to_pose] [ActionServer] Aborting handle.
[INFO] [1782967027.882012000] [global_costmap.global_costmap]: Received request to clear entirely the global_costmap
[WARN] [1782967028.884821918] [planner_server]: GridBased plugin failed to plan from (0.00, 0.00) to (1.21, 2.80): "Costmap timed out waiting for update"
[WARN] [1782967028.884938178] [planner_server]: [compute_path_to_pose] [ActionServer] Aborting handle.
[INFO] [1782967028.896863286] [global_costmap.global_costmap]: Received request to clear entirely the global_costmap
[WARN] [1782967029.921317186] [planner_server]: Planner loop missed its desired rate of 5.0000 Hz. Current loop rate is 0.9853 Hz
[WARN] [1782967042.137924373] [planner_server]: GridBased plugin failed to plan from (2.58, 4.21) to (1.21, 2.80): "Failed to create plan with tolerance of: 0.800000"
[WARN] [1782967042.138112171] [planner_server]: [compute_path_to_pose] [ActionServer] Aborting handle.
[INFO] [1782967042.144344412] [global_costmap.global_costmap]: Received request to clear entirely the global_costmap
[WARN] [1782967043.148004446] [planner_server]: GridBased plugin failed to plan from (0.00, 0.00) to (1.21, 2.80): "Costmap timed out waiting for update"
[WARN] [1782967043.148104521] [planner_server]: [compute_path_to_pose] [ActionServer] Aborting handle.
[INFO] [1782968589.212792562] [global_costmap.global_costmap]: Received request to clear entirely the global_costmap
[WARN] [1782968589.884142951] [planner_server]: Planner loop missed its desired rate of 5.0000 Hz. Current loop rate is 1.4973 Hz
[WARN] [1782968622.766618382] [planner_server]: GridBased plugin failed to plan from (2.98, 4.70) to (1.36, 3.06): "Failed to create plan with tolerance of: 0.800000"
[WARN] [1782968622.766736994] [planner_server]: [compute_path_to_pose] [ActionServer] Aborting handle.
[INFO] [1782968622.782530549] [global_costmap.global_costmap]: Received request to clear entirely the global_costmap
[WARN] [1782968623.784123545] [planner_server]: GridBased plugin failed to plan from (0.00, 0.00) to (1.36, 3.06): "Costmap timed out waiting for update"
[WARN] [1782968623.784196490] [planner_server]: [compute_path_to_pose] [ActionServer] Aborting handle.
[WARN] [1782968628.842012593] [planner_server]: GridBased plugin failed to plan from (3.06, 4.75) to (1.36, 3.06): "Failed to create plan with tolerance of: 0.800000"
[WARN] [1782968628.842168446] [planner_server]: [compute_path_to_pose] [ActionServer] Aborting handle.
[INFO] [1782968628.858647079] [global_costmap.global_costmap]: Received request to clear entirely the global_costmap
[WARN] [1782968629.846456365] [planner_server]: GridBased plugin failed to plan from (3.06, 4.75) to (1.36, 3.06): "Failed to create plan with tolerance of: 0.800000"
[WARN] [1782968629.846595218] [planner_server]: [compute_path_to_pose] [ActionServer] Aborting handle.
[WARN] [1782968632.686620654] [planner_server]: GridBased plugin failed to plan from (3.12, 4.45) to (1.36, 3.06): "Failed to create plan with tolerance of: 0.800000"
[WARN] [1782968632.686770136] [planner_server]: [compute_path_to_pose] [ActionServer] Aborting handle.
[INFO] [1782968632.700767347] [global_costmap.global_costmap]: Received request to clear entirely the global_costmap
[WARN] [1782968633.711584656] [planner_server]: GridBased plugin failed to plan from (0.00, 0.00) to (1.36, 3.06): "Costmap timed out waiting for update"
[WARN] [1782968633.711673305] [planner_server]: [compute_path_to_pose] [ActionServer] Aborting handle.
[INFO] [1782968633.731317142] [global_costmap.global_costmap]: Received request to clear entirely the global_costmap
[WARN] [1782968637.933537117] [planner_server]: GridBased plugin failed to plan from (3.09, 4.58) to (1.36, 3.06): "Failed to create plan with tolerance of: 0.800000"
[WARN] [1782968637.934232732] [planner_server]: [compute_path_to_pose] [ActionServer] Aborting handle.
[INFO] [1782968637.951410665] [global_costmap.global_costmap]: Received request to clear entirely the global_costmap
[WARN] [1782968638.953300756] [planner_server]: GridBased plugin failed to plan from (0.00, 0.00) to (1.36, 3.06): "Costmap timed out waiting for update"
[WARN] [1782968638.953401516] [planner_server]: [compute_path_to_pose] [ActionServer] Aborting handle.
[WARN] [1782968644.136855480] [planner_server]: GridBased plugin failed to plan from (3.23, 4.77) to (1.36, 3.06): "Failed to create plan with tolerance of: 0.800000"
[WARN] [1782968644.136968091] [planner_server]: [compute_path_to_pose] [ActionServer] Aborting handle.
[INFO] [1782968644.149794629] [global_costmap.global_costmap]: Received request to clear entirely the global_costmap
[WARN] [1782968645.153042690] [planner_server]: GridBased plugin failed to plan from (0.00, 0.00) to (1.36, 3.06): "Costmap timed out waiting for update"
[WARN] [1782968645.153118635] [planner_server]: [compute_path_to_pose] [ActionServer] Aborting handle.
[WARN] [1782969498.473716773] [planner_server]: GridBased plugin failed to plan from (3.03, 5.91) to (1.91, 4.07): "Failed to create plan with tolerance of: 0.800000"
[WARN] [1782969498.474530648] [planner_server]: [compute_path_to_pose] [ActionServer] Aborting handle.
[INFO] [1782969498.484565540] [global_costmap.global_costmap]: Received request to clear entirely the global_costmap
[WARN] [1782969499.486108946] [planner_server]: GridBased plugin failed to plan from (0.00, 0.00) to (1.91, 4.07): "Costmap timed out waiting for update"
[WARN] [1782969499.486221002] [planner_server]: [compute_path_to_pose] [ActionServer] Aborting handle.
[INFO] [1782969499.528876065] [global_costmap.global_costmap]: Received request to clear entirely the global_costmap
[WARN] [1782969499.888108101] [planner_server]: Planner loop missed its desired rate of 5.0000 Hz. Current loop rate is 2.8277 Hz
[WARN] [1782969508.479588555] [planner_server]: GridBased plugin failed to plan from (3.07, 6.32) to (1.91, 4.07): "Failed to create plan with tolerance of: 0.800000"
[WARN] [1782969508.479781612] [planner_server]: [compute_path_to_pose] [ActionServer] Aborting handle.
[INFO] [1782969508.497498604] [global_costmap.global_costmap]: Received request to clear entirely the global_costmap
[WARN] [1782969509.501517247] [planner_server]: GridBased plugin failed to plan from (0.00, 0.00) to (1.91, 4.07): "Costmap timed out waiting for update"
[WARN] [1782969509.501608044] [planner_server]: [compute_path_to_pose] [ActionServer] Aborting handle.
[WARN] [1782969514.684270518] [planner_server]: GridBased plugin failed to plan from (3.28, 6.36) to (1.91, 4.07): "Failed to create plan with tolerance of: 0.800000"
[WARN] [1782969514.684472871] [planner_server]: [compute_path_to_pose] [ActionServer] Aborting handle.
[INFO] [1782969514.690711426] [global_costmap.global_costmap]: Received request to clear entirely the global_costmap
[WARN] [1782969515.691912960] [planner_server]: GridBased plugin failed to plan from (0.00, 0.00) to (1.91, 4.07): "Costmap timed out waiting for update"
[WARN] [1782969515.692005627] [planner_server]: [compute_path_to_pose] [ActionServer] Aborting handle.
[INFO] [1782969524.383849944] [rclcpp]: signal_handler(SIGINT/SIGTERM)
[INFO] [1782969524.383946944] [planner_server]: Running Nav2 LifecycleNode rcl preshutdown (planner_server)
[INFO] [1782969524.384032815] [planner_server]: Deactivating
[INFO] [1782969524.386909665] [global_costmap.global_costmap]: Deactivating
[INFO] [1782969525.838152986] [planner_server]: Deactivating plugin GridBased of type NavfnPlanner
[INFO] [1782969525.839012621] [planner_server]: Destroying bond (planner_server) to lifecycle manager.
[INFO] [1782969525.850953968] [planner_server]: Cleaning up
[INFO] [1782969526.027552848] [global_costmap.global_costmap]: Cleaning up
[INFO] [1782969526.078235273] [planner_server]: Cleaning up plugin GridBased of type NavfnPlanner
[INFO] [1782969526.078769720] [planner_server]: Destroying plugin GridBased of type NavfnPlanner
[INFO] [1782969526.246656254] [planner_server]: Destroying bond (planner_server) to lifecycle manager.
