[INFO] [1784082126.586879601] [planner_server]: 
	planner_server lifecycle node launched. 
	Waiting on external lifecycle transitions to activate
	See https://design.ros2.org/articles/node_lifecycle.html for more information.
[INFO] [1784082126.618155893] [planner_server]: Creating
[INFO] [1784082126.785721589] [global_costmap.global_costmap]: 
	global_costmap lifecycle node launched. 
	Waiting on external lifecycle transitions to activate
	See https://design.ros2.org/articles/node_lifecycle.html for more information.
[INFO] [1784082126.832743620] [global_costmap.global_costmap]: Creating Costmap
[INFO] [1784082129.968811577] [planner_server]: Configuring
[INFO] [1784082129.968873725] [global_costmap.global_costmap]: Configuring
[INFO] [1784082130.014005433] [global_costmap.global_costmap]: Using plugin "static_layer"
[INFO] [1784082130.027301309] [global_costmap.global_costmap]: Subscribing to the map topic (/map) with transient local durability
[INFO] [1784082130.034996863] [global_costmap.global_costmap]: Initialized plugin "static_layer"
[INFO] [1784082130.035069345] [global_costmap.global_costmap]: Using plugin "obstacle_layer"
[INFO] [1784082130.041368633] [global_costmap.global_costmap]: Subscribed to Topics: scan
[INFO] [1784082130.066850842] [global_costmap.global_costmap]: Initialized plugin "obstacle_layer"
[INFO] [1784082130.067918551] [global_costmap.global_costmap]: Using plugin "inflation_layer"
[INFO] [1784082130.075055528] [global_costmap.global_costmap]: Initialized plugin "inflation_layer"
[INFO] [1784082130.218456317] [global_costmap.global_costmap]: StaticLayer: Resizing costmap to 272 X 427 at 0.050000 m/pix
[INFO] [1784082130.221995611] [planner_server]: Created global planner plugin GridBased of type nav2_navfn_planner::NavfnPlanner
[INFO] [1784082130.222092686] [planner_server]: Configuring plugin GridBased of type NavfnPlanner
[INFO] [1784082130.226487947] [planner_server]: Planner Server has GridBased  planners available.
[INFO] [1784082133.009816356] [planner_server]: Activating
[INFO] [1784082133.009911930] [global_costmap.global_costmap]: Activating
[INFO] [1784082133.009951338] [global_costmap.global_costmap]: Checking transform
[INFO] [1784082133.010203339] [global_costmap.global_costmap]: start
[INFO] [1784082135.066748758] [planner_server]: Activating plugin GridBased of type NavfnPlanner
[INFO] [1784082135.074343886] [planner_server]: Creating bond (planner_server) to lifecycle manager.
[WARN] [1784082227.782291108] [planner_server]: GridBased plugin failed to plan from (-9.65, 3.71) to (-9.83, 6.94): "Failed to create plan with tolerance of: 0.800000"
[WARN] [1784082227.782383053] [planner_server]: [compute_path_to_pose] [ActionServer] Aborting handle.
[INFO] [1784082227.794412499] [global_costmap.global_costmap]: Received request to clear entirely the global_costmap
[WARN] [1784082228.795850114] [planner_server]: GridBased plugin failed to plan from (0.00, 0.00) to (-9.83, 6.94): "Costmap timed out waiting for update"
[WARN] [1784082228.795972059] [planner_server]: [compute_path_to_pose] [ActionServer] Aborting handle.
[INFO] [1784082228.846031852] [global_costmap.global_costmap]: Received request to clear entirely the global_costmap
[WARN] [1784082235.249882652] [planner_server]: GridBased plugin failed to plan from (-10.04, 4.35) to (-9.83, 6.94): "Failed to create plan with tolerance of: 0.800000"
[WARN] [1784082235.249990430] [planner_server]: [compute_path_to_pose] [ActionServer] Aborting handle.
[INFO] [1784082235.253005856] [global_costmap.global_costmap]: Received request to clear entirely the global_costmap
[WARN] [1784082236.254204193] [planner_server]: GridBased plugin failed to plan from (0.00, 0.00) to (-9.83, 6.94): "Costmap timed out waiting for update"
[WARN] [1784082236.254306101] [planner_server]: [compute_path_to_pose] [ActionServer] Aborting handle.
[WARN] [1784082251.335189705] [planner_server]: GridBased plugin failed to plan from (-11.38, 4.95) to (-9.83, 6.94): "Failed to create plan with tolerance of: 0.800000"
[WARN] [1784082251.335341891] [planner_server]: [compute_path_to_pose] [ActionServer] Aborting handle.
[INFO] [1784082251.351688715] [global_costmap.global_costmap]: Received request to clear entirely the global_costmap
[WARN] [1784082252.352735013] [planner_server]: GridBased plugin failed to plan from (0.00, 0.00) to (-9.83, 6.94): "Costmap timed out waiting for update"
[WARN] [1784082252.352831180] [planner_server]: [compute_path_to_pose] [ActionServer] Aborting handle.
[INFO] [1784082262.392235345] [global_costmap.global_costmap]: Received request to clear entirely the global_costmap
[WARN] [1784082263.024581517] [planner_server]: GridBased plugin failed to plan from (-11.38, 4.95) to (-9.83, 6.94): "Failed to create plan with tolerance of: 0.800000"
[WARN] [1784082263.024740944] [planner_server]: [compute_path_to_pose] [ActionServer] Aborting handle.
[INFO] [1784082263.042430832] [global_costmap.global_costmap]: Received request to clear entirely the global_costmap
[WARN] [1784082264.046344389] [planner_server]: GridBased plugin failed to plan from (0.00, 0.00) to (-9.83, 6.94): "Costmap timed out waiting for update"
[WARN] [1784082264.046460482] [planner_server]: [compute_path_to_pose] [ActionServer] Aborting handle.
[INFO] [1784082329.292317296] [global_costmap.global_costmap]: Received request to clear entirely the global_costmap
[WARN] [1784082330.294110816] [planner_server]: GridBased plugin failed to plan from (0.00, 0.00) to (-10.26, -1.26): "Costmap timed out waiting for update"
[WARN] [1784082330.294201113] [planner_server]: [compute_path_to_pose] [ActionServer] Aborting handle.
[INFO] [1784082330.313579392] [global_costmap.global_costmap]: Received request to clear entirely the global_costmap
[WARN] [1784082331.030434670] [planner_server]: Planner loop missed its desired rate of 5.0000 Hz. Current loop rate is 1.4025 Hz
[INFO] [1784082476.392221819] [global_costmap.global_costmap]: Message Filter dropping message: frame 'laser' at time 1784082475.990 for reason 'the timestamp on the message is earlier than all the data in the transform cache'
[INFO] [1784082478.984726875] [global_costmap.global_costmap]: Message Filter dropping message: frame 'laser' at time 1784082478.585 for reason 'the timestamp on the message is earlier than all the data in the transform cache'
[INFO] [1784082481.583102979] [global_costmap.global_costmap]: Message Filter dropping message: frame 'laser' at time 1784082481.183 for reason 'the timestamp on the message is earlier than all the data in the transform cache'
[INFO] [1784082484.178687178] [global_costmap.global_costmap]: Message Filter dropping message: frame 'laser' at time 1784082483.779 for reason 'the timestamp on the message is earlier than all the data in the transform cache'
[INFO] [1784082486.777522113] [global_costmap.global_costmap]: Message Filter dropping message: frame 'laser' at time 1784082486.378 for reason 'the timestamp on the message is earlier than all the data in the transform cache'
[INFO] [1784082489.374164554] [global_costmap.global_costmap]: Message Filter dropping message: frame 'laser' at time 1784082488.974 for reason 'the timestamp on the message is earlier than all the data in the transform cache'
[INFO] [1784082491.973027804] [global_costmap.global_costmap]: Message Filter dropping message: frame 'laser' at time 1784082491.573 for reason 'the timestamp on the message is earlier than all the data in the transform cache'
[INFO] [1784082494.571820202] [global_costmap.global_costmap]: Message Filter dropping message: frame 'laser' at time 1784082494.171 for reason 'the timestamp on the message is earlier than all the data in the transform cache'
[INFO] [1784082497.171747124] [global_costmap.global_costmap]: Message Filter dropping message: frame 'laser' at time 1784082496.769 for reason 'the timestamp on the message is earlier than all the data in the transform cache'
[INFO] [1784082499.766690557] [global_costmap.global_costmap]: Message Filter dropping message: frame 'laser' at time 1784082499.366 for reason 'the timestamp on the message is earlier than all the data in the transform cache'
[INFO] [1784082502.365175731] [global_costmap.global_costmap]: Message Filter dropping message: frame 'laser' at time 1784082501.965 for reason 'the timestamp on the message is earlier than all the data in the transform cache'
[INFO] [1784082504.961659968] [global_costmap.global_costmap]: Message Filter dropping message: frame 'laser' at time 1784082504.562 for reason 'the timestamp on the message is earlier than all the data in the transform cache'
[INFO] [1784082507.558775135] [global_costmap.global_costmap]: Message Filter dropping message: frame 'laser' at time 1784082507.158 for reason 'the timestamp on the message is earlier than all the data in the transform cache'
[INFO] [1784082510.156520342] [global_costmap.global_costmap]: Message Filter dropping message: frame 'laser' at time 1784082509.757 for reason 'the timestamp on the message is earlier than all the data in the transform cache'
[INFO] [1784082512.754735199] [global_costmap.global_costmap]: Message Filter dropping message: frame 'laser' at time 1784082512.355 for reason 'the timestamp on the message is earlier than all the data in the transform cache'
[INFO] [1784082515.352492518] [global_costmap.global_costmap]: Message Filter dropping message: frame 'laser' at time 1784082514.953 for reason 'the timestamp on the message is earlier than all the data in the transform cache'
[INFO] [1784082517.949804185] [global_costmap.global_costmap]: Message Filter dropping message: frame 'laser' at time 1784082517.549 for reason 'the timestamp on the message is earlier than all the data in the transform cache'
[INFO] [1784082520.548957640] [global_costmap.global_costmap]: Message Filter dropping message: frame 'laser' at time 1784082520.149 for reason 'the timestamp on the message is earlier than all the data in the transform cache'
[INFO] [1784082523.145968140] [global_costmap.global_costmap]: Message Filter dropping message: frame 'laser' at time 1784082522.746 for reason 'the timestamp on the message is earlier than all the data in the transform cache'
[INFO] [1784082525.646610589] [global_costmap.global_costmap]: Message Filter dropping message: frame 'laser' at time 1784082525.245 for reason 'the timestamp on the message is earlier than all the data in the transform cache'
[INFO] [1784082528.242760177] [global_costmap.global_costmap]: Message Filter dropping message: frame 'laser' at time 1784082527.842 for reason 'the timestamp on the message is earlier than all the data in the transform cache'
[INFO] [1784082530.840759718] [global_costmap.global_costmap]: Message Filter dropping message: frame 'laser' at time 1784082530.440 for reason 'the timestamp on the message is earlier than all the data in the transform cache'
[INFO] [1784082533.436644008] [global_costmap.global_costmap]: Message Filter dropping message: frame 'laser' at time 1784082533.037 for reason 'the timestamp on the message is earlier than all the data in the transform cache'
[INFO] [1784082535.936672492] [global_costmap.global_costmap]: Message Filter dropping message: frame 'laser' at time 1784082535.536 for reason 'the timestamp on the message is earlier than all the data in the transform cache'
[INFO] [1784082538.534016900] [global_costmap.global_costmap]: Message Filter dropping message: frame 'laser' at time 1784082538.134 for reason 'the timestamp on the message is earlier than all the data in the transform cache'
[INFO] [1784082541.132034627] [global_costmap.global_costmap]: Message Filter dropping message: frame 'laser' at time 1784082540.732 for reason 'the timestamp on the message is earlier than all the data in the transform cache'
[INFO] [1784082543.729608463] [global_costmap.global_costmap]: Message Filter dropping message: frame 'laser' at time 1784082543.331 for reason 'the timestamp on the message is earlier than all the data in the transform cache'
[INFO] [1784082546.328380546] [global_costmap.global_costmap]: Message Filter dropping message: frame 'laser' at time 1784082545.927 for reason 'the timestamp on the message is earlier than all the data in the transform cache'
[INFO] [1784082548.924124874] [global_costmap.global_costmap]: Message Filter dropping message: frame 'laser' at time 1784082548.524 for reason 'the timestamp on the message is earlier than all the data in the transform cache'
[INFO] [1784082551.522492280] [global_costmap.global_costmap]: Message Filter dropping message: frame 'laser' at time 1784082551.123 for reason 'the timestamp on the message is earlier than all the data in the transform cache'
[INFO] [1784082554.122112546] [global_costmap.global_costmap]: Message Filter dropping message: frame 'laser' at time 1784082553.722 for reason 'the timestamp on the message is earlier than all the data in the transform cache'
[INFO] [1784082556.717950216] [global_costmap.global_costmap]: Message Filter dropping message: frame 'laser' at time 1784082556.318 for reason 'the timestamp on the message is earlier than all the data in the transform cache'
[INFO] [1784082559.318406375] [global_costmap.global_costmap]: Message Filter dropping message: frame 'laser' at time 1784082558.918 for reason 'the timestamp on the message is earlier than all the data in the transform cache'
[INFO] [1784082561.914174748] [global_costmap.global_costmap]: Message Filter dropping message: frame 'laser' at time 1784082561.514 for reason 'the timestamp on the message is earlier than all the data in the transform cache'
[INFO] [1784082564.513843570] [global_costmap.global_costmap]: Message Filter dropping message: frame 'laser' at time 1784082564.113 for reason 'the timestamp on the message is earlier than all the data in the transform cache'
[INFO] [1784082567.014178963] [global_costmap.global_costmap]: Message Filter dropping message: frame 'laser' at time 1784082566.612 for reason 'the timestamp on the message is earlier than all the data in the transform cache'
[INFO] [1784082569.606158001] [global_costmap.global_costmap]: Message Filter dropping message: frame 'laser' at time 1784082569.207 for reason 'the timestamp on the message is earlier than all the data in the transform cache'
[INFO] [1784082572.124635274] [global_costmap.global_costmap]: Message Filter dropping message: frame 'laser' at time 1784082571.705 for reason 'the timestamp on the message is earlier than all the data in the transform cache'
[INFO] [1784082574.703413237] [global_costmap.global_costmap]: Message Filter dropping message: frame 'laser' at time 1784082574.303 for reason 'the timestamp on the message is earlier than all the data in the transform cache'
[INFO] [1784082577.300091023] [global_costmap.global_costmap]: Message Filter dropping message: frame 'laser' at time 1784082576.901 for reason 'the timestamp on the message is earlier than all the data in the transform cache'
[INFO] [1784082579.897468572] [global_costmap.global_costmap]: Message Filter dropping message: frame 'laser' at time 1784082579.496 for reason 'the timestamp on the message is earlier than all the data in the transform cache'
[INFO] [1784082582.495067271] [global_costmap.global_costmap]: Message Filter dropping message: frame 'laser' at time 1784082582.094 for reason 'the timestamp on the message is earlier than all the data in the transform cache'
[INFO] [1784082585.092673173] [global_costmap.global_costmap]: Message Filter dropping message: frame 'laser' at time 1784082584.692 for reason 'the timestamp on the message is earlier than all the data in the transform cache'
[INFO] [1784082587.690459021] [global_costmap.global_costmap]: Message Filter dropping message: frame 'laser' at time 1784082587.290 for reason 'the timestamp on the message is earlier than all the data in the transform cache'
[INFO] [1784082590.285992245] [global_costmap.global_costmap]: Message Filter dropping message: frame 'laser' at time 1784082589.886 for reason 'the timestamp on the message is earlier than all the data in the transform cache'
[INFO] [1784082592.884770524] [global_costmap.global_costmap]: Message Filter dropping message: frame 'laser' at time 1784082592.485 for reason 'the timestamp on the message is earlier than all the data in the transform cache'
[INFO] [1784082593.221107725] [rclcpp]: signal_handler(SIGINT/SIGTERM)
[INFO] [1784082593.221205300] [planner_server]: Running Nav2 LifecycleNode rcl preshutdown (planner_server)
[INFO] [1784082593.221328985] [planner_server]: Deactivating
[INFO] [1784082593.221400245] [global_costmap.global_costmap]: Deactivating
[INFO] [1784082595.011239228] [planner_server]: Deactivating plugin GridBased of type NavfnPlanner
[INFO] [1784082595.011321154] [planner_server]: Destroying bond (planner_server) to lifecycle manager.
[INFO] [1784082595.021520638] [planner_server]: Cleaning up
[INFO] [1784082595.055312679] [global_costmap.global_costmap]: Cleaning up
[INFO] [1784082595.064104210] [planner_server]: Cleaning up plugin GridBased of type NavfnPlanner
[INFO] [1784082595.064376711] [planner_server]: Destroying plugin GridBased of type NavfnPlanner
[INFO] [1784082595.095375385] [planner_server]: Destroying bond (planner_server) to lifecycle manager.
