[INFO] [1784076231.519619156] [planner_server]: 
	planner_server lifecycle node launched. 
	Waiting on external lifecycle transitions to activate
	See https://design.ros2.org/articles/node_lifecycle.html for more information.
[INFO] [1784076231.527023048] [planner_server]: Creating
[INFO] [1784076231.873624114] [global_costmap.global_costmap]: 
	global_costmap lifecycle node launched. 
	Waiting on external lifecycle transitions to activate
	See https://design.ros2.org/articles/node_lifecycle.html for more information.
[INFO] [1784076231.876889983] [global_costmap.global_costmap]: Creating Costmap
[INFO] [1784076233.969941639] [planner_server]: Configuring
[INFO] [1784076233.970033788] [global_costmap.global_costmap]: Configuring
[INFO] [1784076234.021254584] [global_costmap.global_costmap]: Using plugin "static_layer"
[INFO] [1784076234.037825007] [global_costmap.global_costmap]: Subscribing to the map topic (/map) with transient local durability
[INFO] [1784076234.049776609] [global_costmap.global_costmap]: Initialized plugin "static_layer"
[INFO] [1784076234.049843165] [global_costmap.global_costmap]: Using plugin "obstacle_layer"
[INFO] [1784076234.057407577] [global_costmap.global_costmap]: Subscribed to Topics: scan
[INFO] [1784076234.098395910] [global_costmap.global_costmap]: Initialized plugin "obstacle_layer"
[INFO] [1784076234.098485929] [global_costmap.global_costmap]: Using plugin "inflation_layer"
[INFO] [1784076234.109225710] [global_costmap.global_costmap]: Initialized plugin "inflation_layer"
[ERROR] [1784076234.214839820] [global_costmap.global_costmap]: The configured inflation radius (0.200) is smaller than the computed inscribed radius (0.235) of your footprint, it is highly recommended to set inflation radius to be at least as big as the inscribed radius to avoid collisions
[INFO] [1784076234.243691347] [global_costmap.global_costmap]: StaticLayer: Resizing costmap to 338 X 598 at 0.050000 m/pix
[INFO] [1784076234.246908068] [planner_server]: Created global planner plugin GridBased of type nav2_navfn_planner::NavfnPlanner
[INFO] [1784076234.246984957] [planner_server]: Configuring plugin GridBased of type NavfnPlanner
[INFO] [1784076234.248540206] [planner_server]: Planner Server has GridBased  planners available.
[INFO] [1784076236.981957133] [planner_server]: Activating
[INFO] [1784076236.982017819] [global_costmap.global_costmap]: Activating
[INFO] [1784076236.982035208] [global_costmap.global_costmap]: Checking transform
[INFO] [1784076236.982238635] [global_costmap.global_costmap]: start
[INFO] [1784076239.037406437] [planner_server]: Activating plugin GridBased of type NavfnPlanner
[INFO] [1784076239.047435065] [planner_server]: Creating bond (planner_server) to lifecycle manager.
[INFO] [1784076416.389029469] [global_costmap.global_costmap]: Received request to clear entirely the global_costmap
[WARN] [1784076431.232111820] [planner_server]: GridBased plugin failed to plan from (4.77, 33.28) to (2.82, 27.66): "Failed to create plan with tolerance of: 1.000000"
[WARN] [1784076431.232236191] [planner_server]: [compute_path_to_pose] [ActionServer] Aborting handle.
[INFO] [1784076431.240497365] [global_costmap.global_costmap]: Received request to clear entirely the global_costmap
[WARN] [1784076432.244439406] [planner_server]: GridBased plugin failed to plan from (0.00, 0.00) to (2.82, 27.66): "Costmap timed out waiting for update"
[WARN] [1784076432.244835779] [planner_server]: [compute_path_to_pose] [ActionServer] Aborting handle.
[INFO] [1784076432.285380332] [global_costmap.global_costmap]: Received request to clear entirely the global_costmap
[WARN] [1784076437.005715005] [planner_server]: GridBased plugin failed to plan from (5.15, 33.33) to (2.82, 27.66): "Failed to create plan with tolerance of: 1.000000"
[WARN] [1784076437.006080433] [planner_server]: [compute_path_to_pose] [ActionServer] Aborting handle.
[INFO] [1784076437.021593258] [global_costmap.global_costmap]: Received request to clear entirely the global_costmap
[WARN] [1784076438.023193972] [planner_server]: GridBased plugin failed to plan from (0.00, 0.00) to (2.82, 27.66): "Costmap timed out waiting for update"
[WARN] [1784076438.023443732] [planner_server]: [compute_path_to_pose] [ActionServer] Aborting handle.
[INFO] [1784076438.044593162] [global_costmap.global_costmap]: Received request to clear entirely the global_costmap
[WARN] [1784076447.371931708] [planner_server]: GridBased plugin failed to plan from (4.93, 33.27) to (2.82, 27.66): "Failed to create plan with tolerance of: 1.000000"
[WARN] [1784076447.372093746] [planner_server]: [compute_path_to_pose] [ActionServer] Aborting handle.
[INFO] [1784076447.391349628] [global_costmap.global_costmap]: Received request to clear entirely the global_costmap
[WARN] [1784076448.396211563] [planner_server]: GridBased plugin failed to plan from (0.00, 0.00) to (2.82, 27.66): "Costmap timed out waiting for update"
[WARN] [1784076448.396334508] [planner_server]: [compute_path_to_pose] [ActionServer] Aborting handle.
[INFO] [1784076448.424181474] [global_costmap.global_costmap]: Received request to clear entirely the global_costmap
[WARN] [1784076453.757496992] [planner_server]: GridBased plugin failed to plan from (4.92, 33.76) to (2.82, 27.66): "Failed to create plan with tolerance of: 1.000000"
[WARN] [1784076453.757928550] [planner_server]: [compute_path_to_pose] [ActionServer] Aborting handle.
[INFO] [1784076453.767964160] [global_costmap.global_costmap]: Received request to clear entirely the global_costmap
[WARN] [1784076454.769765782] [planner_server]: GridBased plugin failed to plan from (0.00, 0.00) to (2.82, 27.66): "Costmap timed out waiting for update"
[WARN] [1784076454.769868690] [planner_server]: [compute_path_to_pose] [ActionServer] Aborting handle.
[INFO] [1784076454.788690237] [global_costmap.global_costmap]: Received request to clear entirely the global_costmap
[WARN] [1784076456.810812618] [planner_server]: GridBased plugin failed to plan from (4.80, 34.16) to (2.82, 27.66): "Failed to create plan with tolerance of: 1.000000"
[WARN] [1784076456.810995193] [planner_server]: [compute_path_to_pose] [ActionServer] Aborting handle.
[INFO] [1784076456.827690673] [global_costmap.global_costmap]: Received request to clear entirely the global_costmap
[INFO] [1784076498.055465325] [global_costmap.global_costmap]: Received request to clear entirely the global_costmap
[WARN] [1784076502.757532103] [planner_server]: GridBased plugin failed to plan from (5.33, 34.65) to (2.82, 27.66): "Failed to create plan with tolerance of: 1.000000"
[WARN] [1784076502.757706381] [planner_server]: [compute_path_to_pose] [ActionServer] Aborting handle.
[INFO] [1784076502.772050737] [global_costmap.global_costmap]: Received request to clear entirely the global_costmap
[WARN] [1784076502.996974106] [planner_server]: Planner loop missed its desired rate of 5.0000 Hz. Current loop rate is 4.4732 Hz
[WARN] [1784076511.260738991] [planner_server]: GridBased plugin failed to plan from (5.05, 34.34) to (2.82, 27.66): "Failed to create plan with tolerance of: 1.000000"
[WARN] [1784076511.260877232] [planner_server]: [compute_path_to_pose] [ActionServer] Aborting handle.
[INFO] [1784076511.277614416] [global_costmap.global_costmap]: Received request to clear entirely the global_costmap
[WARN] [1784076512.278726219] [planner_server]: GridBased plugin failed to plan from (0.00, 0.00) to (2.82, 27.66): "Costmap timed out waiting for update"
[WARN] [1784076512.278809220] [planner_server]: [compute_path_to_pose] [ActionServer] Aborting handle.
[WARN] [1784076542.413774079] [planner_server]: GridBased plugin failed to plan from (5.05, 34.34) to (2.00, 28.66): "Failed to create plan with tolerance of: 1.000000"
[WARN] [1784076542.413897246] [planner_server]: [compute_path_to_pose] [ActionServer] Aborting handle.
[INFO] [1784076542.427670969] [global_costmap.global_costmap]: Received request to clear entirely the global_costmap
[WARN] [1784076542.992596442] [planner_server]: GridBased plugin failed to plan from (5.05, 34.34) to (2.00, 28.66): "Failed to create plan with tolerance of: 1.000000"
[WARN] [1784076542.992732610] [planner_server]: [compute_path_to_pose] [ActionServer] Aborting handle.
[INFO] [1784076543.008616270] [global_costmap.global_costmap]: Received request to clear entirely the global_costmap
[WARN] [1784076548.856298728] [planner_server]: GridBased plugin failed to plan from (5.05, 34.34) to (2.00, 28.66): "Failed to create plan with tolerance of: 1.000000"
[WARN] [1784076548.856491136] [planner_server]: [compute_path_to_pose] [ActionServer] Aborting handle.
[INFO] [1784076548.867722771] [global_costmap.global_costmap]: Received request to clear entirely the global_costmap
[WARN] [1784076548.993450472] [planner_server]: GridBased plugin failed to plan from (5.05, 34.34) to (2.00, 28.66): "Failed to create plan with tolerance of: 1.000000"
[WARN] [1784076548.993583825] [planner_server]: [compute_path_to_pose] [ActionServer] Aborting handle.
[INFO] [1784076549.008918723] [global_costmap.global_costmap]: Received request to clear entirely the global_costmap
[WARN] [1784076571.121835305] [planner_server]: GridBased plugin failed to plan from (5.05, 34.07) to (2.00, 28.66): "Failed to create plan with tolerance of: 1.000000"
[WARN] [1784076571.121971009] [planner_server]: [compute_path_to_pose] [ActionServer] Aborting handle.
[INFO] [1784076571.137825373] [global_costmap.global_costmap]: Received request to clear entirely the global_costmap
[WARN] [1784076572.140137164] [planner_server]: GridBased plugin failed to plan from (0.00, 0.00) to (2.00, 28.66): "Costmap timed out waiting for update"
[WARN] [1784076572.140232924] [planner_server]: [compute_path_to_pose] [ActionServer] Aborting handle.
[INFO] [1784076572.180010214] [global_costmap.global_costmap]: Received request to clear entirely the global_costmap
[WARN] [1784076582.017482269] [planner_server]: GridBased plugin failed to plan from (4.63, 33.84) to (2.00, 28.66): "Failed to create plan with tolerance of: 1.000000"
[WARN] [1784076582.018063828] [planner_server]: [compute_path_to_pose] [ActionServer] Aborting handle.
[INFO] [1784076582.023672599] [global_costmap.global_costmap]: Received request to clear entirely the global_costmap
[WARN] [1784076582.992359023] [planner_server]: GridBased plugin failed to plan from (4.61, 33.85) to (2.00, 28.66): "Failed to create plan with tolerance of: 1.000000"
[WARN] [1784076582.992465338] [planner_server]: [compute_path_to_pose] [ActionServer] Aborting handle.
[INFO] [1784076583.025004644] [global_costmap.global_costmap]: Received request to clear entirely the global_costmap
[WARN] [1784076590.678457291] [planner_server]: GridBased plugin failed to plan from (4.70, 33.39) to (2.00, 28.66): "Failed to create plan with tolerance of: 1.000000"
[WARN] [1784076590.678538625] [planner_server]: [compute_path_to_pose] [ActionServer] Aborting handle.
[INFO] [1784076590.693317446] [global_costmap.global_costmap]: Received request to clear entirely the global_costmap
[WARN] [1784076590.999690294] [planner_server]: Planner loop missed its desired rate of 5.0000 Hz. Current loop rate is 3.2749 Hz
[WARN] [1784076593.057348979] [planner_server]: GridBased plugin failed to plan from (4.70, 33.39) to (2.00, 28.66): "Failed to create plan with tolerance of: 1.000000"
[WARN] [1784076593.057465795] [planner_server]: [compute_path_to_pose] [ActionServer] Aborting handle.
[INFO] [1784076593.073007027] [global_costmap.global_costmap]: Received request to clear entirely the global_costmap
[WARN] [1784076594.075069540] [planner_server]: GridBased plugin failed to plan from (0.00, 0.00) to (2.00, 28.66): "Costmap timed out waiting for update"
[WARN] [1784076594.075189836] [planner_server]: [compute_path_to_pose] [ActionServer] Aborting handle.
[INFO] [1784076594.114960312] [global_costmap.global_costmap]: Received request to clear entirely the global_costmap
[WARN] [1784076596.741140286] [planner_server]: GridBased plugin failed to plan from (4.45, 33.60) to (2.00, 28.66): "Failed to create plan with tolerance of: 1.000000"
[WARN] [1784076596.741385454] [planner_server]: [compute_path_to_pose] [ActionServer] Aborting handle.
[INFO] [1784076596.755131399] [global_costmap.global_costmap]: Received request to clear entirely the global_costmap
[WARN] [1784076597.000973141] [planner_server]: GridBased plugin failed to plan from (4.43, 33.63) to (2.00, 28.66): "Failed to create plan with tolerance of: 1.000000"
[WARN] [1784076597.001964331] [planner_server]: [compute_path_to_pose] [ActionServer] Aborting handle.
[INFO] [1784076597.022133293] [global_costmap.global_costmap]: Received request to clear entirely the global_costmap
[WARN] [1784076599.046137573] [planner_server]: GridBased plugin failed to plan from (4.88, 32.94) to (2.00, 28.66): "Failed to create plan with tolerance of: 1.000000"
[WARN] [1784076599.049280553] [planner_server]: [compute_path_to_pose] [ActionServer] Aborting handle.
[INFO] [1784076599.066551980] [global_costmap.global_costmap]: Received request to clear entirely the global_costmap
[WARN] [1784076600.070459169] [planner_server]: GridBased plugin failed to plan from (0.00, 0.00) to (2.00, 28.66): "Costmap timed out waiting for update"
[WARN] [1784076600.070543077] [planner_server]: [compute_path_to_pose] [ActionServer] Aborting handle.
[INFO] [1784076670.176760214] [global_costmap.global_costmap]: Received request to clear entirely the global_costmap
[WARN] [1784076683.001245683] [planner_server]: GridBased plugin failed to plan from (3.89, 32.37) to (1.95, 28.16): "Failed to create plan with tolerance of: 1.000000"
[WARN] [1784076683.001894576] [planner_server]: [compute_path_to_pose] [ActionServer] Aborting handle.
[INFO] [1784076683.015378852] [global_costmap.global_costmap]: Received request to clear entirely the global_costmap
[WARN] [1784076684.018619075] [planner_server]: GridBased plugin failed to plan from (0.00, 0.00) to (1.95, 28.16): "Costmap timed out waiting for update"
[WARN] [1784076684.019221134] [planner_server]: [compute_path_to_pose] [ActionServer] Aborting handle.
[INFO] [1784076684.057047524] [global_costmap.global_costmap]: Received request to clear entirely the global_costmap
[INFO] [1784076771.971011433] [global_costmap.global_costmap]: Received request to clear entirely the global_costmap
[INFO] [1784076820.851859145] [global_costmap.global_costmap]: Received request to clear entirely the global_costmap
[INFO] [1784076870.368567504] [global_costmap.global_costmap]: Received request to clear entirely the global_costmap
[INFO] [1784076932.970959410] [global_costmap.global_costmap]: Message Filter dropping message: frame 'laser' at time 1784076932.567 for reason 'the timestamp on the message is earlier than all the data in the transform cache'
[INFO] [1784076934.208495706] [rclcpp]: signal_handler(SIGINT/SIGTERM)
[INFO] [1784076934.208599336] [planner_server]: Running Nav2 LifecycleNode rcl preshutdown (planner_server)
[INFO] [1784076934.208740615] [planner_server]: Deactivating
[INFO] [1784076934.208844615] [global_costmap.global_costmap]: Deactivating
[INFO] [1784076934.986533791] [planner_server]: Deactivating plugin GridBased of type NavfnPlanner
[INFO] [1784076934.986728218] [planner_server]: Destroying bond (planner_server) to lifecycle manager.
[INFO] [1784076935.021249682] [planner_server]: Cleaning up
[INFO] [1784076935.392009246] [global_costmap.global_costmap]: Cleaning up
[INFO] [1784076935.479728258] [planner_server]: Cleaning up plugin GridBased of type NavfnPlanner
[INFO] [1784076935.480642467] [planner_server]: Destroying plugin GridBased of type NavfnPlanner
[INFO] [1784076935.598290938] [planner_server]: Destroying bond (planner_server) to lifecycle manager.
