[INFO] [1786122728.050591361] [planner_server]: 
	planner_server lifecycle node launched. 
	Waiting on external lifecycle transitions to activate
	See https://design.ros2.org/articles/node_lifecycle.html for more information.
[INFO] [1786122728.076321834] [planner_server]: Creating
[INFO] [1786122728.761923867] [global_costmap.global_costmap]: 
	global_costmap lifecycle node launched. 
	Waiting on external lifecycle transitions to activate
	See https://design.ros2.org/articles/node_lifecycle.html for more information.
[INFO] [1786122728.763931100] [global_costmap.global_costmap]: Creating Costmap
[INFO] [1786122730.399052492] [planner_server]: Configuring
[INFO] [1786122730.399132011] [global_costmap.global_costmap]: Configuring
[INFO] [1786122730.440268884] [global_costmap.global_costmap]: Using plugin "static_layer"
[INFO] [1786122730.450391606] [global_costmap.global_costmap]: Subscribing to the map topic (/map) with transient local durability
[INFO] [1786122730.457351403] [global_costmap.global_costmap]: Initialized plugin "static_layer"
[INFO] [1786122730.457421699] [global_costmap.global_costmap]: Using plugin "obstacle_layer"
[INFO] [1786122730.460554161] [global_costmap.global_costmap]: Subscribed to Topics: scan
[INFO] [1786122730.478307054] [global_costmap.global_costmap]: Initialized plugin "obstacle_layer"
[INFO] [1786122730.478599333] [global_costmap.global_costmap]: Using plugin "inflation_layer"
[INFO] [1786122730.488042774] [global_costmap.global_costmap]: Initialized plugin "inflation_layer"
[INFO] [1786122730.597255869] [planner_server]: Created global planner plugin GridBased of type nav2_navfn_planner::NavfnPlanner
[INFO] [1786122730.597388851] [planner_server]: Configuring plugin GridBased of type NavfnPlanner
[INFO] [1786122730.603532125] [global_costmap.global_costmap]: StaticLayer: Resizing costmap to 1552 X 2299 at 0.050000 m/pix
[INFO] [1786122730.603784812] [planner_server]: Planner Server has GridBased  planners available.
[INFO] [1786122731.640941927] [planner_server]: Activating
[INFO] [1786122731.641014501] [global_costmap.global_costmap]: Activating
[INFO] [1786122731.641038113] [global_costmap.global_costmap]: Checking transform
[INFO] [1786122731.641172761] [global_costmap.global_costmap]: Timed out waiting for transform from base_footprint to map to become available, tf error: Lookup would require extrapolation into the past.  Requested time 1786122731.620007 but the earliest data is at time 1786122732.347835, when looking up transform from frame [base_footprint] to frame [map]
[INFO] [1786122732.141190672] [global_costmap.global_costmap]: Timed out waiting for transform from base_footprint to map to become available, tf error: Lookup would require extrapolation into the past.  Requested time 1786122732.120018 but the earliest data is at time 1786122732.347835, when looking up transform from frame [base_footprint] to frame [map]
[INFO] [1786122732.641318471] [global_costmap.global_costmap]: start
[INFO] [1786122732.895726969] [planner_server]: Activating plugin GridBased of type NavfnPlanner
[INFO] [1786122732.899995381] [planner_server]: Creating bond (planner_server) to lifecycle manager.
