[INFO] [1782879569.976002687] [planner_server]: 
	planner_server lifecycle node launched. 
	Waiting on external lifecycle transitions to activate
	See https://design.ros2.org/articles/node_lifecycle.html for more information.
[INFO] [1782879569.991240644] [planner_server]: Creating
[INFO] [1782879571.487548246] [global_costmap.global_costmap]: 
	global_costmap lifecycle node launched. 
	Waiting on external lifecycle transitions to activate
	See https://design.ros2.org/articles/node_lifecycle.html for more information.
[INFO] [1782879571.491530787] [global_costmap.global_costmap]: Creating Costmap
[INFO] [1782879572.569998187] [planner_server]: Configuring
[INFO] [1782879572.570111854] [global_costmap.global_costmap]: Configuring
[INFO] [1782879572.625741617] [global_costmap.global_costmap]: Using plugin "static_layer"
[INFO] [1782879572.646511124] [global_costmap.global_costmap]: Subscribing to the map topic (/map) with transient local durability
[INFO] [1782879572.656194976] [global_costmap.global_costmap]: Initialized plugin "static_layer"
[INFO] [1782879572.656411921] [global_costmap.global_costmap]: Using plugin "obstacle_layer"
[INFO] [1782879572.674623044] [global_costmap.global_costmap]: Subscribed to Topics: scan
[INFO] [1782879572.773361274] [global_costmap.global_costmap]: Initialized plugin "obstacle_layer"
[INFO] [1782879572.773462590] [global_costmap.global_costmap]: Using plugin "inflation_layer"
[INFO] [1782879572.796161664] [global_costmap.global_costmap]: Initialized plugin "inflation_layer"
[INFO] [1782879573.001654893] [global_costmap.global_costmap]: StaticLayer: Resizing costmap to 169 X 107 at 0.050000 m/pix
[INFO] [1782879573.002342582] [planner_server]: Created global planner plugin GridBased of type nav2_navfn_planner::NavfnPlanner
[INFO] [1782879573.002394508] [planner_server]: Configuring plugin GridBased of type NavfnPlanner
[INFO] [1782879573.014986562] [planner_server]: Planner Server has GridBased  planners available.
[INFO] [1782879576.075695283] [planner_server]: Activating
[INFO] [1782879576.075784043] [global_costmap.global_costmap]: Activating
[INFO] [1782879576.075807747] [global_costmap.global_costmap]: Checking transform
[INFO] [1782879576.076017618] [global_costmap.global_costmap]: start
[WARN] [1782879578.076347599] [nav2_costmap_2d]: Robot is out of bounds of the costmap
[WARN] [1782879578.076584100] [global_costmap.global_costmap]: Sensor origin at (-5.36, -0.07) is out of map bounds (-3.45, -3.25) to (4.97, 2.07). The costmap cannot raytrace for it.
[INFO] [1782879578.083576899] [planner_server]: Activating plugin GridBased of type NavfnPlanner
[INFO] [1782879578.107024052] [planner_server]: Creating bond (planner_server) to lifecycle manager.
[WARN] [1782879580.081063363] [global_costmap.global_costmap]: Sensor origin at (-5.36, -0.07) is out of map bounds (-3.45, -3.25) to (4.97, 2.07). The costmap cannot raytrace for it.
[WARN] [1782879582.076340647] [global_costmap.global_costmap]: Sensor origin at (-5.36, -0.07) is out of map bounds (-3.45, -3.25) to (4.97, 2.07). The costmap cannot raytrace for it.
[WARN] [1782879584.076325366] [nav2_costmap_2d]: Robot is out of bounds of the costmap
[WARN] [1782879584.076530627] [global_costmap.global_costmap]: Sensor origin at (-5.36, -0.07) is out of map bounds (-3.45, -3.25) to (4.97, 2.07). The costmap cannot raytrace for it.
[WARN] [1782879586.076286215] [global_costmap.global_costmap]: Sensor origin at (-5.36, -0.07) is out of map bounds (-3.45, -3.25) to (4.97, 2.07). The costmap cannot raytrace for it.
[WARN] [1782879588.078052851] [global_costmap.global_costmap]: Sensor origin at (-5.36, -0.07) is out of map bounds (-3.45, -3.25) to (4.97, 2.07). The costmap cannot raytrace for it.
[WARN] [1782879590.077543826] [nav2_costmap_2d]: Robot is out of bounds of the costmap
[WARN] [1782879590.077654271] [global_costmap.global_costmap]: Sensor origin at (-5.36, -0.07) is out of map bounds (-3.45, -3.25) to (4.97, 2.07). The costmap cannot raytrace for it.
[WARN] [1782879592.076278445] [global_costmap.global_costmap]: Sensor origin at (-5.36, -0.07) is out of map bounds (-3.45, -3.25) to (4.97, 2.07). The costmap cannot raytrace for it.
[WARN] [1782879594.076283979] [global_costmap.global_costmap]: Sensor origin at (-5.36, -0.07) is out of map bounds (-3.45, -3.25) to (4.97, 2.07). The costmap cannot raytrace for it.
[WARN] [1782879596.076237198] [nav2_costmap_2d]: Robot is out of bounds of the costmap
[WARN] [1782879596.076329958] [global_costmap.global_costmap]: Sensor origin at (-5.36, -0.07) is out of map bounds (-3.45, -3.25) to (4.97, 2.07). The costmap cannot raytrace for it.
[WARN] [1782879598.076281436] [global_costmap.global_costmap]: Sensor origin at (-5.36, -0.07) is out of map bounds (-3.45, -3.25) to (4.97, 2.07). The costmap cannot raytrace for it.
[WARN] [1782879600.076311192] [global_costmap.global_costmap]: Sensor origin at (-5.36, -0.07) is out of map bounds (-3.45, -3.25) to (4.97, 2.07). The costmap cannot raytrace for it.
[WARN] [1782879602.076240077] [nav2_costmap_2d]: Robot is out of bounds of the costmap
[WARN] [1782879602.076333707] [global_costmap.global_costmap]: Sensor origin at (-5.36, -0.07) is out of map bounds (-3.45, -3.25) to (4.97, 2.07). The costmap cannot raytrace for it.
[WARN] [1782879604.076284500] [global_costmap.global_costmap]: Sensor origin at (-5.36, -0.07) is out of map bounds (-3.45, -3.25) to (4.97, 2.07). The costmap cannot raytrace for it.
[WARN] [1782879606.076358793] [global_costmap.global_costmap]: Sensor origin at (-5.36, -0.07) is out of map bounds (-3.45, -3.25) to (4.97, 2.07). The costmap cannot raytrace for it.
[WARN] [1782879608.076237974] [nav2_costmap_2d]: Robot is out of bounds of the costmap
[WARN] [1782879608.076334771] [global_costmap.global_costmap]: Sensor origin at (-5.36, -0.07) is out of map bounds (-3.45, -3.25) to (4.97, 2.07). The costmap cannot raytrace for it.
[WARN] [1782879610.076255508] [global_costmap.global_costmap]: Sensor origin at (-5.36, -0.07) is out of map bounds (-3.45, -3.25) to (4.97, 2.07). The costmap cannot raytrace for it.
[WARN] [1782879612.076285746] [global_costmap.global_costmap]: Sensor origin at (-5.36, -0.07) is out of map bounds (-3.45, -3.25) to (4.97, 2.07). The costmap cannot raytrace for it.
[WARN] [1782879614.076236946] [nav2_costmap_2d]: Robot is out of bounds of the costmap
[WARN] [1782879614.076338761] [global_costmap.global_costmap]: Sensor origin at (-5.36, -0.07) is out of map bounds (-3.45, -3.25) to (4.97, 2.07). The costmap cannot raytrace for it.
[WARN] [1782879616.076286295] [global_costmap.global_costmap]: Sensor origin at (-5.36, -0.07) is out of map bounds (-3.45, -3.25) to (4.97, 2.07). The costmap cannot raytrace for it.
[WARN] [1782879618.076292403] [global_costmap.global_costmap]: Sensor origin at (-5.36, -0.07) is out of map bounds (-3.45, -3.25) to (4.97, 2.07). The costmap cannot raytrace for it.
[WARN] [1782879620.076208436] [nav2_costmap_2d]: Robot is out of bounds of the costmap
[WARN] [1782879620.076300751] [global_costmap.global_costmap]: Sensor origin at (-5.36, -0.07) is out of map bounds (-3.45, -3.25) to (4.97, 2.07). The costmap cannot raytrace for it.
[WARN] [1782879622.076286359] [global_costmap.global_costmap]: Sensor origin at (-5.36, -0.07) is out of map bounds (-3.45, -3.25) to (4.97, 2.07). The costmap cannot raytrace for it.
[WARN] [1782879624.076285374] [global_costmap.global_costmap]: Sensor origin at (-5.36, -0.07) is out of map bounds (-3.45, -3.25) to (4.97, 2.07). The costmap cannot raytrace for it.
[WARN] [1782879626.076438390] [nav2_costmap_2d]: Robot is out of bounds of the costmap
[WARN] [1782879626.076571817] [global_costmap.global_costmap]: Sensor origin at (-5.36, -0.07) is out of map bounds (-3.45, -3.25) to (4.97, 2.07). The costmap cannot raytrace for it.
[WARN] [1782879628.077165873] [global_costmap.global_costmap]: Sensor origin at (-5.36, -0.07) is out of map bounds (-3.45, -3.25) to (4.97, 2.07). The costmap cannot raytrace for it.
[WARN] [1782879629.449177431] [planner_server]: GridBased plugin failed to plan from (-5.36, -0.07) to (-7.19, 0.55): "Start Coordinates of(-5.356218, -0.068847) was outside bounds"
[WARN] [1782879629.449283876] [planner_server]: [compute_path_to_pose] [ActionServer] Aborting handle.
[WARN] [1782879630.076290920] [global_costmap.global_costmap]: Sensor origin at (-5.36, -0.07) is out of map bounds (-3.45, -3.25) to (4.97, 2.07). The costmap cannot raytrace for it.
[WARN] [1782879632.076209842] [nav2_costmap_2d]: Robot is out of bounds of the costmap
[WARN] [1782879632.076294861] [global_costmap.global_costmap]: Sensor origin at (-5.36, -0.07) is out of map bounds (-3.45, -3.25) to (4.97, 2.07). The costmap cannot raytrace for it.
[WARN] [1782879634.076288339] [global_costmap.global_costmap]: Sensor origin at (-5.36, -0.07) is out of map bounds (-3.45, -3.25) to (4.97, 2.07). The costmap cannot raytrace for it.
[WARN] [1782879636.076253021] [global_costmap.global_costmap]: Sensor origin at (-5.36, -0.07) is out of map bounds (-3.45, -3.25) to (4.97, 2.07). The costmap cannot raytrace for it.
[WARN] [1782879638.076244425] [nav2_costmap_2d]: Robot is out of bounds of the costmap
[WARN] [1782879638.076328814] [global_costmap.global_costmap]: Sensor origin at (-5.36, -0.07) is out of map bounds (-3.45, -3.25) to (4.97, 2.07). The costmap cannot raytrace for it.
[WARN] [1782879640.076294607] [global_costmap.global_costmap]: Sensor origin at (-5.36, -0.07) is out of map bounds (-3.45, -3.25) to (4.97, 2.07). The costmap cannot raytrace for it.
[WARN] [1782879642.076296734] [global_costmap.global_costmap]: Sensor origin at (-5.36, -0.07) is out of map bounds (-3.45, -3.25) to (4.97, 2.07). The costmap cannot raytrace for it.
[WARN] [1782879644.076211378] [nav2_costmap_2d]: Robot is out of bounds of the costmap
[WARN] [1782879644.076301730] [global_costmap.global_costmap]: Sensor origin at (-5.36, -0.07) is out of map bounds (-3.45, -3.25) to (4.97, 2.07). The costmap cannot raytrace for it.
[WARN] [1782879646.076285968] [global_costmap.global_costmap]: Sensor origin at (-5.36, -0.07) is out of map bounds (-3.45, -3.25) to (4.97, 2.07). The costmap cannot raytrace for it.
[WARN] [1782879648.076264798] [global_costmap.global_costmap]: Sensor origin at (-5.36, -0.07) is out of map bounds (-3.45, -3.25) to (4.97, 2.07). The costmap cannot raytrace for it.
[WARN] [1782879650.076223535] [nav2_costmap_2d]: Robot is out of bounds of the costmap
[WARN] [1782879650.076313646] [global_costmap.global_costmap]: Sensor origin at (-5.36, -0.07) is out of map bounds (-3.45, -3.25) to (4.97, 2.07). The costmap cannot raytrace for it.
[WARN] [1782879652.076297217] [global_costmap.global_costmap]: Sensor origin at (-5.36, -0.07) is out of map bounds (-3.45, -3.25) to (4.97, 2.07). The costmap cannot raytrace for it.
[WARN] [1782879654.076269473] [global_costmap.global_costmap]: Sensor origin at (-5.36, -0.07) is out of map bounds (-3.45, -3.25) to (4.97, 2.07). The costmap cannot raytrace for it.
[WARN] [1782879656.076242062] [nav2_costmap_2d]: Robot is out of bounds of the costmap
[WARN] [1782879656.076332044] [global_costmap.global_costmap]: Sensor origin at (-5.36, -0.07) is out of map bounds (-3.45, -3.25) to (4.97, 2.07). The costmap cannot raytrace for it.
[WARN] [1782879658.076301448] [global_costmap.global_costmap]: Sensor origin at (-5.36, -0.07) is out of map bounds (-3.45, -3.25) to (4.97, 2.07). The costmap cannot raytrace for it.
[WARN] [1782879660.076301889] [global_costmap.global_costmap]: Sensor origin at (-5.36, -0.07) is out of map bounds (-3.45, -3.25) to (4.97, 2.07). The costmap cannot raytrace for it.
[WARN] [1782879662.076242515] [nav2_costmap_2d]: Robot is out of bounds of the costmap
[WARN] [1782879662.076337256] [global_costmap.global_costmap]: Sensor origin at (-5.36, -0.07) is out of map bounds (-3.45, -3.25) to (4.97, 2.07). The costmap cannot raytrace for it.
[WARN] [1782879664.076294197] [global_costmap.global_costmap]: Sensor origin at (-5.36, -0.07) is out of map bounds (-3.45, -3.25) to (4.97, 2.07). The costmap cannot raytrace for it.
[WARN] [1782879666.076284620] [global_costmap.global_costmap]: Sensor origin at (-5.36, -0.07) is out of map bounds (-3.45, -3.25) to (4.97, 2.07). The costmap cannot raytrace for it.
[WARN] [1782879668.076238357] [nav2_costmap_2d]: Robot is out of bounds of the costmap
[WARN] [1782879668.076323506] [global_costmap.global_costmap]: Sensor origin at (-5.36, -0.07) is out of map bounds (-3.45, -3.25) to (4.97, 2.07). The costmap cannot raytrace for it.
[WARN] [1782879670.076286113] [global_costmap.global_costmap]: Sensor origin at (-5.36, -0.07) is out of map bounds (-3.45, -3.25) to (4.97, 2.07). The costmap cannot raytrace for it.
[WARN] [1782879672.076286517] [global_costmap.global_costmap]: Sensor origin at (-5.36, -0.07) is out of map bounds (-3.45, -3.25) to (4.97, 2.07). The costmap cannot raytrace for it.
[WARN] [1782879674.076241162] [nav2_costmap_2d]: Robot is out of bounds of the costmap
[WARN] [1782879674.076326144] [global_costmap.global_costmap]: Sensor origin at (-5.36, -0.07) is out of map bounds (-3.45, -3.25) to (4.97, 2.07). The costmap cannot raytrace for it.
[WARN] [1782879676.076280363] [global_costmap.global_costmap]: Sensor origin at (-6.09, 0.11) is out of map bounds (-3.45, -3.25) to (4.97, 2.07). The costmap cannot raytrace for it.
[WARN] [1782879678.076254211] [global_costmap.global_costmap]: Sensor origin at (-6.09, 0.11) is out of map bounds (-3.45, -3.25) to (4.97, 2.07). The costmap cannot raytrace for it.
[WARN] [1782879680.076238504] [nav2_costmap_2d]: Robot is out of bounds of the costmap
[WARN] [1782879680.076325856] [global_costmap.global_costmap]: Sensor origin at (-6.09, 0.11) is out of map bounds (-3.45, -3.25) to (4.97, 2.07). The costmap cannot raytrace for it.
[WARN] [1782879682.076267334] [global_costmap.global_costmap]: Sensor origin at (-6.09, 0.11) is out of map bounds (-3.45, -3.25) to (4.97, 2.07). The costmap cannot raytrace for it.
[WARN] [1782879684.076280775] [global_costmap.global_costmap]: Sensor origin at (-6.09, 0.11) is out of map bounds (-3.45, -3.25) to (4.97, 2.07). The costmap cannot raytrace for it.
[WARN] [1782879686.076243901] [nav2_costmap_2d]: Robot is out of bounds of the costmap
[WARN] [1782879686.076337643] [global_costmap.global_costmap]: Sensor origin at (-6.09, 0.11) is out of map bounds (-3.45, -3.25) to (4.97, 2.07). The costmap cannot raytrace for it.
[WARN] [1782879688.076253769] [global_costmap.global_costmap]: Sensor origin at (-6.09, 0.11) is out of map bounds (-3.45, -3.25) to (4.97, 2.07). The costmap cannot raytrace for it.
[WARN] [1782879690.076281006] [global_costmap.global_costmap]: Sensor origin at (-6.09, 0.11) is out of map bounds (-3.45, -3.25) to (4.97, 2.07). The costmap cannot raytrace for it.
[WARN] [1782879692.076234354] [nav2_costmap_2d]: Robot is out of bounds of the costmap
[WARN] [1782879692.076317429] [global_costmap.global_costmap]: Sensor origin at (-6.09, 0.11) is out of map bounds (-3.45, -3.25) to (4.97, 2.07). The costmap cannot raytrace for it.
[WARN] [1782879694.076280962] [global_costmap.global_costmap]: Sensor origin at (-6.09, 0.11) is out of map bounds (-3.45, -3.25) to (4.97, 2.07). The costmap cannot raytrace for it.
[WARN] [1782879696.076300830] [global_costmap.global_costmap]: Sensor origin at (-6.09, 0.11) is out of map bounds (-3.45, -3.25) to (4.97, 2.07). The costmap cannot raytrace for it.
[WARN] [1782879696.347906233] [planner_server]: GridBased plugin failed to plan from (-6.09, 0.11) to (-6.04, -0.38): "Start Coordinates of(-6.089135, 0.111217) was outside bounds"
[WARN] [1782879696.347991566] [planner_server]: [compute_path_to_pose] [ActionServer] Aborting handle.
[WARN] [1782879698.076240344] [nav2_costmap_2d]: Robot is out of bounds of the costmap
[WARN] [1782879698.076329845] [global_costmap.global_costmap]: Sensor origin at (-6.09, 0.11) is out of map bounds (-3.45, -3.25) to (4.97, 2.07). The costmap cannot raytrace for it.
[WARN] [1782879700.076252286] [global_costmap.global_costmap]: Sensor origin at (-6.09, 0.11) is out of map bounds (-3.45, -3.25) to (4.97, 2.07). The costmap cannot raytrace for it.
[WARN] [1782879702.076283171] [global_costmap.global_costmap]: Sensor origin at (-6.09, 0.11) is out of map bounds (-3.45, -3.25) to (4.97, 2.07). The costmap cannot raytrace for it.
[WARN] [1782879704.076241705] [nav2_costmap_2d]: Robot is out of bounds of the costmap
[WARN] [1782879704.076331205] [global_costmap.global_costmap]: Sensor origin at (-6.09, 0.11) is out of map bounds (-3.45, -3.25) to (4.97, 2.07). The costmap cannot raytrace for it.
[WARN] [1782879706.076281535] [global_costmap.global_costmap]: Sensor origin at (-6.09, 0.11) is out of map bounds (-3.45, -3.25) to (4.97, 2.07). The costmap cannot raytrace for it.
[WARN] [1782879708.076286550] [global_costmap.global_costmap]: Sensor origin at (-6.09, 0.11) is out of map bounds (-3.45, -3.25) to (4.97, 2.07). The costmap cannot raytrace for it.
[WARN] [1782879710.076241751] [nav2_costmap_2d]: Robot is out of bounds of the costmap
[WARN] [1782879710.076330196] [global_costmap.global_costmap]: Sensor origin at (-6.09, 0.11) is out of map bounds (-3.45, -3.25) to (4.97, 2.07). The costmap cannot raytrace for it.
[WARN] [1782879712.076279173] [global_costmap.global_costmap]: Sensor origin at (-6.09, 0.11) is out of map bounds (-3.45, -3.25) to (4.97, 2.07). The costmap cannot raytrace for it.
[WARN] [1782879714.076295763] [global_costmap.global_costmap]: Sensor origin at (-6.09, 0.11) is out of map bounds (-3.45, -3.25) to (4.97, 2.07). The costmap cannot raytrace for it.
[WARN] [1782879716.076889115] [nav2_costmap_2d]: Robot is out of bounds of the costmap
[WARN] [1782879716.078145992] [global_costmap.global_costmap]: Sensor origin at (-6.09, 0.11) is out of map bounds (-3.45, -3.25) to (4.97, 2.07). The costmap cannot raytrace for it.
[WARN] [1782879718.076365757] [global_costmap.global_costmap]: Sensor origin at (-6.09, 0.11) is out of map bounds (-3.45, -3.25) to (4.97, 2.07). The costmap cannot raytrace for it.
[WARN] [1782879720.076281420] [global_costmap.global_costmap]: Sensor origin at (-6.09, 0.11) is out of map bounds (-3.45, -3.25) to (4.97, 2.07). The costmap cannot raytrace for it.
[WARN] [1782879722.076244342] [nav2_costmap_2d]: Robot is out of bounds of the costmap
[WARN] [1782879722.076329287] [global_costmap.global_costmap]: Sensor origin at (-6.09, 0.11) is out of map bounds (-3.45, -3.25) to (4.97, 2.07). The costmap cannot raytrace for it.
[WARN] [1782879724.076280098] [global_costmap.global_costmap]: Sensor origin at (-6.09, 0.11) is out of map bounds (-3.45, -3.25) to (4.97, 2.07). The costmap cannot raytrace for it.
[WARN] [1782879726.076255076] [global_costmap.global_costmap]: Sensor origin at (-6.09, 0.11) is out of map bounds (-3.45, -3.25) to (4.97, 2.07). The costmap cannot raytrace for it.
[WARN] [1782879728.076204702] [nav2_costmap_2d]: Robot is out of bounds of the costmap
[WARN] [1782879728.076290777] [global_costmap.global_costmap]: Sensor origin at (-6.09, 0.11) is out of map bounds (-3.45, -3.25) to (4.97, 2.07). The costmap cannot raytrace for it.
[WARN] [1782879730.076273273] [global_costmap.global_costmap]: Sensor origin at (-6.09, 0.11) is out of map bounds (-3.45, -3.25) to (4.97, 2.07). The costmap cannot raytrace for it.
[WARN] [1782879732.076286900] [global_costmap.global_costmap]: Sensor origin at (-6.09, 0.11) is out of map bounds (-3.45, -3.25) to (4.97, 2.07). The costmap cannot raytrace for it.
[WARN] [1782879734.076239507] [nav2_costmap_2d]: Robot is out of bounds of the costmap
[WARN] [1782879734.076327693] [global_costmap.global_costmap]: Sensor origin at (-6.09, 0.11) is out of map bounds (-3.45, -3.25) to (4.97, 2.07). The costmap cannot raytrace for it.
[WARN] [1782879736.076288486] [global_costmap.global_costmap]: Sensor origin at (-6.09, 0.11) is out of map bounds (-3.45, -3.25) to (4.97, 2.07). The costmap cannot raytrace for it.
[WARN] [1782879738.076281260] [global_costmap.global_costmap]: Sensor origin at (-6.09, 0.11) is out of map bounds (-3.45, -3.25) to (4.97, 2.07). The costmap cannot raytrace for it.
[WARN] [1782879740.076240498] [nav2_costmap_2d]: Robot is out of bounds of the costmap
[WARN] [1782879740.076332072] [global_costmap.global_costmap]: Sensor origin at (-6.09, 0.11) is out of map bounds (-3.45, -3.25) to (4.97, 2.07). The costmap cannot raytrace for it.
[WARN] [1782879742.076278643] [global_costmap.global_costmap]: Sensor origin at (-6.09, 0.11) is out of map bounds (-3.45, -3.25) to (4.97, 2.07). The costmap cannot raytrace for it.
[WARN] [1782879744.076254991] [global_costmap.global_costmap]: Sensor origin at (-6.09, 0.11) is out of map bounds (-3.45, -3.25) to (4.97, 2.07). The costmap cannot raytrace for it.
[WARN] [1782879746.076209247] [nav2_costmap_2d]: Robot is out of bounds of the costmap
[WARN] [1782879746.076298692] [global_costmap.global_costmap]: Sensor origin at (-6.09, 0.11) is out of map bounds (-3.45, -3.25) to (4.97, 2.07). The costmap cannot raytrace for it.
[WARN] [1782879748.076280540] [global_costmap.global_costmap]: Sensor origin at (-6.09, 0.11) is out of map bounds (-3.45, -3.25) to (4.97, 2.07). The costmap cannot raytrace for it.
[WARN] [1782879750.076283389] [global_costmap.global_costmap]: Sensor origin at (-6.09, 0.11) is out of map bounds (-3.45, -3.25) to (4.97, 2.07). The costmap cannot raytrace for it.
[WARN] [1782879752.076237181] [nav2_costmap_2d]: Robot is out of bounds of the costmap
[WARN] [1782879752.076366201] [global_costmap.global_costmap]: Sensor origin at (-6.09, 0.11) is out of map bounds (-3.45, -3.25) to (4.97, 2.07). The costmap cannot raytrace for it.
[WARN] [1782879754.076280197] [global_costmap.global_costmap]: Sensor origin at (-6.09, 0.11) is out of map bounds (-3.45, -3.25) to (4.97, 2.07). The costmap cannot raytrace for it.
[WARN] [1782879756.076253434] [global_costmap.global_costmap]: Sensor origin at (-6.09, 0.11) is out of map bounds (-3.45, -3.25) to (4.97, 2.07). The costmap cannot raytrace for it.
[WARN] [1782879758.076235672] [nav2_costmap_2d]: Robot is out of bounds of the costmap
[WARN] [1782879758.076323654] [global_costmap.global_costmap]: Sensor origin at (-6.09, 0.11) is out of map bounds (-3.45, -3.25) to (4.97, 2.07). The costmap cannot raytrace for it.
[WARN] [1782879760.076286965] [global_costmap.global_costmap]: Sensor origin at (-6.09, 0.11) is out of map bounds (-3.45, -3.25) to (4.97, 2.07). The costmap cannot raytrace for it.
[WARN] [1782879762.076275961] [global_costmap.global_costmap]: Sensor origin at (-6.09, 0.11) is out of map bounds (-3.45, -3.25) to (4.97, 2.07). The costmap cannot raytrace for it.
[WARN] [1782879764.076238643] [nav2_costmap_2d]: Robot is out of bounds of the costmap
[WARN] [1782879764.076329107] [global_costmap.global_costmap]: Sensor origin at (-6.09, 0.11) is out of map bounds (-3.45, -3.25) to (4.97, 2.07). The costmap cannot raytrace for it.
[WARN] [1782879766.076287048] [global_costmap.global_costmap]: Sensor origin at (-6.09, 0.11) is out of map bounds (-3.45, -3.25) to (4.97, 2.07). The costmap cannot raytrace for it.
[WARN] [1782879768.076289229] [global_costmap.global_costmap]: Sensor origin at (-6.09, 0.11) is out of map bounds (-3.45, -3.25) to (4.97, 2.07). The costmap cannot raytrace for it.
[WARN] [1782879770.076244115] [nav2_costmap_2d]: Robot is out of bounds of the costmap
[WARN] [1782879770.076332245] [global_costmap.global_costmap]: Sensor origin at (-6.09, 0.11) is out of map bounds (-3.45, -3.25) to (4.97, 2.07). The costmap cannot raytrace for it.
[WARN] [1782879772.076286334] [global_costmap.global_costmap]: Sensor origin at (-6.09, 0.11) is out of map bounds (-3.45, -3.25) to (4.97, 2.07). The costmap cannot raytrace for it.
[WARN] [1782879774.076262645] [global_costmap.global_costmap]: Sensor origin at (-6.09, 0.11) is out of map bounds (-3.45, -3.25) to (4.97, 2.07). The costmap cannot raytrace for it.
[WARN] [1782879776.076215716] [nav2_costmap_2d]: Robot is out of bounds of the costmap
[WARN] [1782879776.076307179] [global_costmap.global_costmap]: Sensor origin at (-6.09, 0.11) is out of map bounds (-3.45, -3.25) to (4.97, 2.07). The costmap cannot raytrace for it.
[WARN] [1782879778.076284065] [global_costmap.global_costmap]: Sensor origin at (-6.09, 0.11) is out of map bounds (-3.45, -3.25) to (4.97, 2.07). The costmap cannot raytrace for it.
[WARN] [1782879780.076287339] [global_costmap.global_costmap]: Sensor origin at (-6.09, 0.11) is out of map bounds (-3.45, -3.25) to (4.97, 2.07). The costmap cannot raytrace for it.
[WARN] [1782879782.076214650] [nav2_costmap_2d]: Robot is out of bounds of the costmap
[WARN] [1782879782.076304669] [global_costmap.global_costmap]: Sensor origin at (-6.09, 0.11) is out of map bounds (-3.45, -3.25) to (4.97, 2.07). The costmap cannot raytrace for it.
[WARN] [1782879784.076253962] [global_costmap.global_costmap]: Sensor origin at (-6.09, 0.11) is out of map bounds (-3.45, -3.25) to (4.97, 2.07). The costmap cannot raytrace for it.
[WARN] [1782879786.076286070] [global_costmap.global_costmap]: Sensor origin at (-6.09, 0.11) is out of map bounds (-3.45, -3.25) to (4.97, 2.07). The costmap cannot raytrace for it.
[WARN] [1782879788.076244196] [nav2_costmap_2d]: Robot is out of bounds of the costmap
[WARN] [1782879788.076330549] [global_costmap.global_costmap]: Sensor origin at (-6.09, 0.11) is out of map bounds (-3.45, -3.25) to (4.97, 2.07). The costmap cannot raytrace for it.
[WARN] [1782879790.076253193] [global_costmap.global_costmap]: Sensor origin at (-6.09, 0.11) is out of map bounds (-3.45, -3.25) to (4.97, 2.07). The costmap cannot raytrace for it.
[WARN] [1782879792.076283375] [global_costmap.global_costmap]: Sensor origin at (-6.09, 0.11) is out of map bounds (-3.45, -3.25) to (4.97, 2.07). The costmap cannot raytrace for it.
[WARN] [1782879794.076213538] [nav2_costmap_2d]: Robot is out of bounds of the costmap
[WARN] [1782879794.076305464] [global_costmap.global_costmap]: Sensor origin at (-6.09, 0.11) is out of map bounds (-3.45, -3.25) to (4.97, 2.07). The costmap cannot raytrace for it.
[WARN] [1782879796.076279757] [global_costmap.global_costmap]: Sensor origin at (-6.09, 0.11) is out of map bounds (-3.45, -3.25) to (4.97, 2.07). The costmap cannot raytrace for it.
[WARN] [1782879798.076291069] [global_costmap.global_costmap]: Sensor origin at (-6.09, 0.11) is out of map bounds (-3.45, -3.25) to (4.97, 2.07). The costmap cannot raytrace for it.
[WARN] [1782879800.076209473] [nav2_costmap_2d]: Robot is out of bounds of the costmap
[WARN] [1782879800.076295677] [global_costmap.global_costmap]: Sensor origin at (-6.09, 0.11) is out of map bounds (-3.45, -3.25) to (4.97, 2.07). The costmap cannot raytrace for it.
[WARN] [1782879802.076285451] [global_costmap.global_costmap]: Sensor origin at (-6.09, 0.11) is out of map bounds (-3.45, -3.25) to (4.97, 2.07). The costmap cannot raytrace for it.
[WARN] [1782879804.076329430] [global_costmap.global_costmap]: Sensor origin at (-6.09, 0.11) is out of map bounds (-3.45, -3.25) to (4.97, 2.07). The costmap cannot raytrace for it.
[WARN] [1782879806.076326389] [nav2_costmap_2d]: Robot is out of bounds of the costmap
[WARN] [1782879806.076420094] [global_costmap.global_costmap]: Sensor origin at (-6.09, 0.11) is out of map bounds (-3.45, -3.25) to (4.97, 2.07). The costmap cannot raytrace for it.
[WARN] [1782879808.076591813] [global_costmap.global_costmap]: Sensor origin at (-6.09, 0.11) is out of map bounds (-3.45, -3.25) to (4.97, 2.07). The costmap cannot raytrace for it.
[WARN] [1782879810.076284068] [global_costmap.global_costmap]: Sensor origin at (-6.09, 0.11) is out of map bounds (-3.45, -3.25) to (4.97, 2.07). The costmap cannot raytrace for it.
[WARN] [1782879812.076235657] [nav2_costmap_2d]: Robot is out of bounds of the costmap
[WARN] [1782879812.076322472] [global_costmap.global_costmap]: Sensor origin at (-6.09, 0.11) is out of map bounds (-3.45, -3.25) to (4.97, 2.07). The costmap cannot raytrace for it.
[WARN] [1782879814.076277931] [global_costmap.global_costmap]: Sensor origin at (-6.09, 0.11) is out of map bounds (-3.45, -3.25) to (4.97, 2.07). The costmap cannot raytrace for it.
[WARN] [1782879816.076255965] [global_costmap.global_costmap]: Sensor origin at (-6.09, 0.11) is out of map bounds (-3.45, -3.25) to (4.97, 2.07). The costmap cannot raytrace for it.
[WARN] [1782879818.076246851] [nav2_costmap_2d]: Robot is out of bounds of the costmap
[WARN] [1782879818.076334851] [global_costmap.global_costmap]: Sensor origin at (-6.09, 0.11) is out of map bounds (-3.45, -3.25) to (4.97, 2.07). The costmap cannot raytrace for it.
[WARN] [1782879820.076289070] [global_costmap.global_costmap]: Sensor origin at (-6.09, 0.11) is out of map bounds (-3.45, -3.25) to (4.97, 2.07). The costmap cannot raytrace for it.
[WARN] [1782879822.076283653] [global_costmap.global_costmap]: Sensor origin at (-6.09, 0.11) is out of map bounds (-3.45, -3.25) to (4.97, 2.07). The costmap cannot raytrace for it.
[WARN] [1782879824.076245545] [nav2_costmap_2d]: Robot is out of bounds of the costmap
[WARN] [1782879824.076334304] [global_costmap.global_costmap]: Sensor origin at (-6.09, 0.11) is out of map bounds (-3.45, -3.25) to (4.97, 2.07). The costmap cannot raytrace for it.
[WARN] [1782879826.076287029] [global_costmap.global_costmap]: Sensor origin at (-6.09, 0.11) is out of map bounds (-3.45, -3.25) to (4.97, 2.07). The costmap cannot raytrace for it.
[WARN] [1782879828.076286531] [global_costmap.global_costmap]: Sensor origin at (-6.09, 0.11) is out of map bounds (-3.45, -3.25) to (4.97, 2.07). The costmap cannot raytrace for it.
[WARN] [1782879830.076237811] [nav2_costmap_2d]: Robot is out of bounds of the costmap
[WARN] [1782879830.076325441] [global_costmap.global_costmap]: Sensor origin at (-6.09, 0.11) is out of map bounds (-3.45, -3.25) to (4.97, 2.07). The costmap cannot raytrace for it.
[WARN] [1782879832.076287980] [global_costmap.global_costmap]: Sensor origin at (-6.09, 0.11) is out of map bounds (-3.45, -3.25) to (4.97, 2.07). The costmap cannot raytrace for it.
[WARN] [1782879834.076284687] [global_costmap.global_costmap]: Sensor origin at (-6.09, 0.11) is out of map bounds (-3.45, -3.25) to (4.97, 2.07). The costmap cannot raytrace for it.
[WARN] [1782879836.076210689] [nav2_costmap_2d]: Robot is out of bounds of the costmap
[WARN] [1782879836.076298430] [global_costmap.global_costmap]: Sensor origin at (-6.09, 0.11) is out of map bounds (-3.45, -3.25) to (4.97, 2.07). The costmap cannot raytrace for it.
[WARN] [1782879838.076284302] [global_costmap.global_costmap]: Sensor origin at (-6.09, 0.11) is out of map bounds (-3.45, -3.25) to (4.97, 2.07). The costmap cannot raytrace for it.
[WARN] [1782879840.076288027] [global_costmap.global_costmap]: Sensor origin at (-6.09, 0.11) is out of map bounds (-3.45, -3.25) to (4.97, 2.07). The costmap cannot raytrace for it.
[WARN] [1782879842.076240566] [nav2_costmap_2d]: Robot is out of bounds of the costmap
[WARN] [1782879842.076331585] [global_costmap.global_costmap]: Sensor origin at (-6.09, 0.11) is out of map bounds (-3.45, -3.25) to (4.97, 2.07). The costmap cannot raytrace for it.
[WARN] [1782879844.076263161] [global_costmap.global_costmap]: Sensor origin at (-6.09, 0.11) is out of map bounds (-3.45, -3.25) to (4.97, 2.07). The costmap cannot raytrace for it.
[WARN] [1782879846.076253219] [global_costmap.global_costmap]: Sensor origin at (-6.09, 0.11) is out of map bounds (-3.45, -3.25) to (4.97, 2.07). The costmap cannot raytrace for it.
[WARN] [1782879848.076213573] [nav2_costmap_2d]: Robot is out of bounds of the costmap
[WARN] [1782879848.076301852] [global_costmap.global_costmap]: Sensor origin at (-6.09, 0.11) is out of map bounds (-3.45, -3.25) to (4.97, 2.07). The costmap cannot raytrace for it.
[WARN] [1782879850.076256076] [global_costmap.global_costmap]: Sensor origin at (-6.09, 0.11) is out of map bounds (-3.45, -3.25) to (4.97, 2.07). The costmap cannot raytrace for it.
[WARN] [1782879852.076250782] [global_costmap.global_costmap]: Sensor origin at (-6.09, 0.11) is out of map bounds (-3.45, -3.25) to (4.97, 2.07). The costmap cannot raytrace for it.
[WARN] [1782879854.076237729] [nav2_costmap_2d]: Robot is out of bounds of the costmap
[WARN] [1782879854.076325230] [global_costmap.global_costmap]: Sensor origin at (-6.09, 0.11) is out of map bounds (-3.45, -3.25) to (4.97, 2.07). The costmap cannot raytrace for it.
[WARN] [1782879856.076283713] [global_costmap.global_costmap]: Sensor origin at (-6.09, 0.11) is out of map bounds (-3.45, -3.25) to (4.97, 2.07). The costmap cannot raytrace for it.
[WARN] [1782879858.076260604] [global_costmap.global_costmap]: Sensor origin at (-6.09, 0.11) is out of map bounds (-3.45, -3.25) to (4.97, 2.07). The costmap cannot raytrace for it.
[WARN] [1782879860.076213569] [nav2_costmap_2d]: Robot is out of bounds of the costmap
[WARN] [1782879860.076304922] [global_costmap.global_costmap]: Sensor origin at (-6.09, 0.11) is out of map bounds (-3.45, -3.25) to (4.97, 2.07). The costmap cannot raytrace for it.
[WARN] [1782879862.076287832] [global_costmap.global_costmap]: Sensor origin at (-6.09, 0.11) is out of map bounds (-3.45, -3.25) to (4.97, 2.07). The costmap cannot raytrace for it.
[WARN] [1782879864.076291519] [global_costmap.global_costmap]: Sensor origin at (-6.09, 0.11) is out of map bounds (-3.45, -3.25) to (4.97, 2.07). The costmap cannot raytrace for it.
[WARN] [1782879866.076244781] [nav2_costmap_2d]: Robot is out of bounds of the costmap
[WARN] [1782879866.076336189] [global_costmap.global_costmap]: Sensor origin at (-6.09, 0.11) is out of map bounds (-3.45, -3.25) to (4.97, 2.07). The costmap cannot raytrace for it.
[WARN] [1782879868.076287172] [global_costmap.global_costmap]: Sensor origin at (-6.09, 0.11) is out of map bounds (-3.45, -3.25) to (4.97, 2.07). The costmap cannot raytrace for it.
[WARN] [1782879870.076280156] [global_costmap.global_costmap]: Sensor origin at (-6.09, 0.11) is out of map bounds (-3.45, -3.25) to (4.97, 2.07). The costmap cannot raytrace for it.
[WARN] [1782879872.076239288] [nav2_costmap_2d]: Robot is out of bounds of the costmap
[WARN] [1782879872.076325900] [global_costmap.global_costmap]: Sensor origin at (-6.09, 0.11) is out of map bounds (-3.45, -3.25) to (4.97, 2.07). The costmap cannot raytrace for it.
[WARN] [1782879874.076288309] [global_costmap.global_costmap]: Sensor origin at (-6.09, 0.11) is out of map bounds (-3.45, -3.25) to (4.97, 2.07). The costmap cannot raytrace for it.
[WARN] [1782879876.076280275] [global_costmap.global_costmap]: Sensor origin at (-6.09, 0.11) is out of map bounds (-3.45, -3.25) to (4.97, 2.07). The costmap cannot raytrace for it.
[INFO] [1782879876.874736463] [rclcpp]: signal_handler(SIGINT/SIGTERM)
[INFO] [1782879876.874823186] [planner_server]: Running Nav2 LifecycleNode rcl preshutdown (planner_server)
[INFO] [1782879876.874941557] [planner_server]: Deactivating
[INFO] [1782879876.877421682] [global_costmap.global_costmap]: Deactivating
[INFO] [1782879878.087625361] [planner_server]: Deactivating plugin GridBased of type NavfnPlanner
[INFO] [1782879878.087924714] [planner_server]: Destroying bond (planner_server) to lifecycle manager.
[INFO] [1782879878.160126258] [planner_server]: Cleaning up
[INFO] [1782879878.651954948] [global_costmap.global_costmap]: Cleaning up
[INFO] [1782879878.880051996] [planner_server]: Cleaning up plugin GridBased of type NavfnPlanner
[INFO] [1782879878.880504999] [planner_server]: Destroying plugin GridBased of type NavfnPlanner
[INFO] [1782879879.355919835] [planner_server]: Destroying bond (planner_server) to lifecycle manager.
