[INFO] [1784069823.258026898] [planner_server]: 
	planner_server lifecycle node launched. 
	Waiting on external lifecycle transitions to activate
	See https://design.ros2.org/articles/node_lifecycle.html for more information.
[INFO] [1784069823.263283891] [planner_server]: Creating
[INFO] [1784069823.889279967] [global_costmap.global_costmap]: 
	global_costmap lifecycle node launched. 
	Waiting on external lifecycle transitions to activate
	See https://design.ros2.org/articles/node_lifecycle.html for more information.
[INFO] [1784069823.900455400] [global_costmap.global_costmap]: Creating Costmap
[INFO] [1784069826.951527762] [planner_server]: Configuring
[INFO] [1784069826.951591522] [global_costmap.global_costmap]: Configuring
[INFO] [1784069827.041830122] [global_costmap.global_costmap]: Using plugin "static_layer"
[INFO] [1784069827.062093273] [global_costmap.global_costmap]: Subscribing to the map topic (/map) with transient local durability
[INFO] [1784069827.071946384] [global_costmap.global_costmap]: Initialized plugin "static_layer"
[INFO] [1784069827.072225923] [global_costmap.global_costmap]: Using plugin "obstacle_layer"
[INFO] [1784069827.074941197] [global_costmap.global_costmap]: Subscribed to Topics: scan
[INFO] [1784069827.102254129] [global_costmap.global_costmap]: Initialized plugin "obstacle_layer"
[INFO] [1784069827.102355759] [global_costmap.global_costmap]: Using plugin "inflation_layer"
[INFO] [1784069827.109563855] [global_costmap.global_costmap]: Initialized plugin "inflation_layer"
[ERROR] [1784069827.309472146] [global_costmap.global_costmap]: The configured inflation radius (0.200) is smaller than the computed inscribed radius (0.235) of your footprint, it is highly recommended to set inflation radius to be at least as big as the inscribed radius to avoid collisions
[INFO] [1784069827.426897491] [global_costmap.global_costmap]: StaticLayer: Resizing costmap to 514 X 677 at 0.050000 m/pix
[INFO] [1784069827.432695857] [planner_server]: Created global planner plugin GridBased of type nav2_navfn_planner::NavfnPlanner
[INFO] [1784069827.432794617] [planner_server]: Configuring plugin GridBased of type NavfnPlanner
[INFO] [1784069827.452717396] [planner_server]: Planner Server has GridBased  planners available.
[INFO] [1784069829.718903455] [planner_server]: Activating
[INFO] [1784069829.718972881] [global_costmap.global_costmap]: Activating
[INFO] [1784069829.718994567] [global_costmap.global_costmap]: Checking transform
[INFO] [1784069829.719229105] [global_costmap.global_costmap]: start
[INFO] [1784069831.774303959] [planner_server]: Activating plugin GridBased of type NavfnPlanner
[INFO] [1784069831.783822160] [planner_server]: Creating bond (planner_server) to lifecycle manager.
[ERROR] [1784069904.026892086] [transformPoseInTargetFrame]: Extrapolation Error looking up target frame: Lookup would require extrapolation into the past.  Requested time 1784069839.449563 but the earliest data is at time 1784069903.375611, when looking up transform from frame [base_footprint] to frame [map]

[ERROR] [1784069906.034175782] [transformPoseInTargetFrame]: Extrapolation Error looking up target frame: Lookup would require extrapolation into the past.  Requested time 1784069839.449563 but the earliest data is at time 1784069903.375611, when looking up transform from frame [base_footprint] to frame [map]

[ERROR] [1784069908.026575209] [transformPoseInTargetFrame]: Extrapolation Error looking up target frame: Lookup would require extrapolation into the past.  Requested time 1784069839.449563 but the earliest data is at time 1784069903.375611, when looking up transform from frame [base_footprint] to frame [map]

[ERROR] [1784069910.026747180] [transformPoseInTargetFrame]: Extrapolation Error looking up target frame: Lookup would require extrapolation into the past.  Requested time 1784069839.449563 but the earliest data is at time 1784069903.375611, when looking up transform from frame [base_footprint] to frame [map]

[ERROR] [1784069912.026233665] [transformPoseInTargetFrame]: Extrapolation Error looking up target frame: Lookup would require extrapolation into the past.  Requested time 1784069839.449563 but the earliest data is at time 1784069903.375611, when looking up transform from frame [base_footprint] to frame [map]

[ERROR] [1784069914.029803044] [transformPoseInTargetFrame]: Extrapolation Error looking up target frame: Lookup would require extrapolation into the past.  Requested time 1784069839.449563 but the earliest data is at time 1784069903.975315, when looking up transform from frame [base_footprint] to frame [map]

[ERROR] [1784069916.025819621] [transformPoseInTargetFrame]: Extrapolation Error looking up target frame: Lookup would require extrapolation into the past.  Requested time 1784069839.449563 but the earliest data is at time 1784069905.976524, when looking up transform from frame [base_footprint] to frame [map]

[ERROR] [1784069918.027438711] [transformPoseInTargetFrame]: Extrapolation Error looking up target frame: Lookup would require extrapolation into the past.  Requested time 1784069839.449563 but the earliest data is at time 1784069907.975323, when looking up transform from frame [base_footprint] to frame [map]

[ERROR] [1784069920.025226076] [transformPoseInTargetFrame]: Extrapolation Error looking up target frame: Lookup would require extrapolation into the past.  Requested time 1784069839.449563 but the earliest data is at time 1784069909.975322, when looking up transform from frame [base_footprint] to frame [map]

[ERROR] [1784069922.027236057] [transformPoseInTargetFrame]: Extrapolation Error looking up target frame: Lookup would require extrapolation into the past.  Requested time 1784069839.449563 but the earliest data is at time 1784069912.008665, when looking up transform from frame [base_footprint] to frame [map]

[ERROR] [1784069924.028656664] [transformPoseInTargetFrame]: Extrapolation Error looking up target frame: Lookup would require extrapolation into the past.  Requested time 1784069839.449563 but the earliest data is at time 1784069914.008966, when looking up transform from frame [base_footprint] to frame [map]

[ERROR] [1784069926.025678302] [transformPoseInTargetFrame]: Extrapolation Error looking up target frame: Lookup would require extrapolation into the past.  Requested time 1784069839.449563 but the earliest data is at time 1784069916.008907, when looking up transform from frame [base_footprint] to frame [map]

[ERROR] [1784069928.026677741] [transformPoseInTargetFrame]: Extrapolation Error looking up target frame: Lookup would require extrapolation into the past.  Requested time 1784069839.449563 but the earliest data is at time 1784069918.008815, when looking up transform from frame [base_footprint] to frame [map]

[ERROR] [1784069930.028767889] [transformPoseInTargetFrame]: Extrapolation Error looking up target frame: Lookup would require extrapolation into the past.  Requested time 1784069839.449563 but the earliest data is at time 1784069920.008618, when looking up transform from frame [base_footprint] to frame [map]

[ERROR] [1784069932.020999333] [transformPoseInTargetFrame]: Extrapolation Error looking up target frame: Lookup would require extrapolation into the past.  Requested time 1784069839.449563 but the earliest data is at time 1784069922.008838, when looking up transform from frame [base_footprint] to frame [map]

[ERROR] [1784069934.026059202] [transformPoseInTargetFrame]: Extrapolation Error looking up target frame: Lookup would require extrapolation into the past.  Requested time 1784069839.449563 but the earliest data is at time 1784069924.008929, when looking up transform from frame [base_footprint] to frame [map]

[INFO] [1784070078.502854409] [global_costmap.global_costmap]: Received request to clear entirely the global_costmap
[INFO] [1784070127.783536719] [global_costmap.global_costmap]: Received request to clear entirely the global_costmap
[INFO] [1784070174.363251838] [global_costmap.global_costmap]: Received request to clear entirely the global_costmap
[WARN] [1784070252.996094903] [planner_server]: GridBased plugin failed to plan from (-19.17, -41.91) to (-20.66, -37.61): "Failed to create plan with tolerance of: 1.000000"
[WARN] [1784070252.996214107] [planner_server]: [compute_path_to_pose] [ActionServer] Aborting handle.
[INFO] [1784070253.006936056] [global_costmap.global_costmap]: Received request to clear entirely the global_costmap
[WARN] [1784070253.737068273] [planner_server]: GridBased plugin failed to plan from (-19.17, -41.91) to (-20.66, -37.61): "Failed to create plan with tolerance of: 1.000000"
[WARN] [1784070253.738422466] [planner_server]: [compute_path_to_pose] [ActionServer] Aborting handle.
[INFO] [1784070253.748366115] [global_costmap.global_costmap]: Received request to clear entirely the global_costmap
[WARN] [1784070256.374332864] [planner_server]: GridBased plugin failed to plan from (-19.37, -41.67) to (-20.66, -37.61): "Failed to create plan with tolerance of: 1.000000"
[WARN] [1784070256.374455828] [planner_server]: [compute_path_to_pose] [ActionServer] Aborting handle.
[INFO] [1784070256.387041991] [global_costmap.global_costmap]: Received request to clear entirely the global_costmap
[WARN] [1784070257.390351689] [planner_server]: GridBased plugin failed to plan from (0.00, 0.00) to (-20.66, -37.61): "Costmap timed out waiting for update"
[WARN] [1784070257.390474375] [planner_server]: [compute_path_to_pose] [ActionServer] Aborting handle.
[INFO] [1784070257.407704546] [global_costmap.global_costmap]: Received request to clear entirely the global_costmap
[WARN] [1784070259.935056278] [planner_server]: GridBased plugin failed to plan from (-19.61, -40.98) to (-20.66, -37.61): "Failed to create plan with tolerance of: 1.000000"
[WARN] [1784070259.935854245] [planner_server]: [compute_path_to_pose] [ActionServer] Aborting handle.
[INFO] [1784070259.957054086] [global_costmap.global_costmap]: Received request to clear entirely the global_costmap
[WARN] [1784070260.958628534] [planner_server]: GridBased plugin failed to plan from (0.00, 0.00) to (-20.66, -37.61): "Costmap timed out waiting for update"
[WARN] [1784070260.958712368] [planner_server]: [compute_path_to_pose] [ActionServer] Aborting handle.
[INFO] [1784070260.987134139] [global_costmap.global_costmap]: Received request to clear entirely the global_costmap
[WARN] [1784070263.516846402] [planner_server]: GridBased plugin failed to plan from (-19.40, -40.56) to (-20.66, -37.61): "Failed to create plan with tolerance of: 1.000000"
[WARN] [1784070263.516958884] [planner_server]: [compute_path_to_pose] [ActionServer] Aborting handle.
[INFO] [1784070263.530525664] [global_costmap.global_costmap]: Received request to clear entirely the global_costmap
[WARN] [1784070263.741677555] [planner_server]: GridBased plugin failed to plan from (-19.40, -40.52) to (-20.66, -37.61): "Failed to create plan with tolerance of: 1.000000"
[WARN] [1784070263.741807038] [planner_server]: [compute_path_to_pose] [ActionServer] Aborting handle.
[INFO] [1784070263.748685910] [global_costmap.global_costmap]: Received request to clear entirely the global_costmap
[WARN] [1784070267.993213947] [planner_server]: GridBased plugin failed to plan from (-19.10, -40.38) to (-20.66, -37.61): "Failed to create plan with tolerance of: 1.000000"
[WARN] [1784070267.993860598] [planner_server]: [compute_path_to_pose] [ActionServer] Aborting handle.
[INFO] [1784070268.006942561] [global_costmap.global_costmap]: Received request to clear entirely the global_costmap
[WARN] [1784070269.008629250] [planner_server]: GridBased plugin failed to plan from (0.00, 0.00) to (-20.66, -37.61): "Costmap timed out waiting for update"
[WARN] [1784070269.008732602] [planner_server]: [compute_path_to_pose] [ActionServer] Aborting handle.
[INFO] [1784070269.028143674] [global_costmap.global_costmap]: Received request to clear entirely the global_costmap
[INFO] [1784070294.134069438] [global_costmap.global_costmap]: Received request to clear entirely the global_costmap
[INFO] [1784070334.757730840] [global_costmap.global_costmap]: Received request to clear entirely the global_costmap
[INFO] [1784070380.718693110] [global_costmap.global_costmap]: Received request to clear entirely the global_costmap
[WARN] [1784070390.810289733] [planner_server]: GridBased plugin failed to plan from (-19.58, -39.33) to (-15.75, -43.97): "Failed to create plan with tolerance of: 1.000000"
[WARN] [1784070390.810423604] [planner_server]: [compute_path_to_pose] [ActionServer] Aborting handle.
[INFO] [1784070390.826975697] [global_costmap.global_costmap]: Received request to clear entirely the global_costmap
[WARN] [1784070391.832222517] [planner_server]: GridBased plugin failed to plan from (-19.54, -39.49) to (-15.75, -43.97): "Failed to create plan with tolerance of: 1.000000"
[WARN] [1784070391.832391389] [planner_server]: [compute_path_to_pose] [ActionServer] Aborting handle.
[INFO] [1784070391.876461507] [global_costmap.global_costmap]: Received request to clear entirely the global_costmap
[WARN] [1784070408.325115529] [planner_server]: GridBased plugin failed to plan from (-19.29, -40.04) to (-15.75, -43.97): "Failed to create plan with tolerance of: 1.000000"
[WARN] [1784070408.325270659] [planner_server]: [compute_path_to_pose] [ActionServer] Aborting handle.
[INFO] [1784070408.332905276] [global_costmap.global_costmap]: Received request to clear entirely the global_costmap
[WARN] [1784070409.338871045] [planner_server]: GridBased plugin failed to plan from (0.00, 0.00) to (-15.75, -43.97): "Costmap timed out waiting for update"
[WARN] [1784070409.338966101] [planner_server]: [compute_path_to_pose] [ActionServer] Aborting handle.
[INFO] [1784070409.375062248] [global_costmap.global_costmap]: Received request to clear entirely the global_costmap
[INFO] [1784070451.906074266] [global_costmap.global_costmap]: Received request to clear entirely the global_costmap
[WARN] [1784070460.172046437] [planner_server]: GridBased plugin failed to plan from (-18.01, -43.42) to (-15.75, -43.97): "Failed to create plan with tolerance of: 1.000000"
[WARN] [1784070460.172165512] [planner_server]: [compute_path_to_pose] [ActionServer] Aborting handle.
[INFO] [1784070460.195399050] [global_costmap.global_costmap]: Received request to clear entirely the global_costmap
[WARN] [1784070461.200226756] [planner_server]: GridBased plugin failed to plan from (0.00, 0.00) to (-15.75, -43.97): "Costmap timed out waiting for update"
[WARN] [1784070461.200360053] [planner_server]: [compute_path_to_pose] [ActionServer] Aborting handle.
[INFO] [1784070461.241202950] [global_costmap.global_costmap]: Received request to clear entirely the global_costmap
[INFO] [1784070742.590310539] [global_costmap.global_costmap]: Message Filter dropping message: frame 'laser' at time 1784070742.186 for reason 'the timestamp on the message is earlier than all the data in the transform cache'
[INFO] [1784070745.125047912] [rclcpp]: signal_handler(SIGINT/SIGTERM)
[INFO] [1784070745.125133764] [planner_server]: Running Nav2 LifecycleNode rcl preshutdown (planner_server)
[INFO] [1784070745.125274172] [planner_server]: Deactivating
[INFO] [1784070745.125355062] [global_costmap.global_costmap]: Deactivating
[INFO] [1784070745.208903808] [global_costmap.global_costmap]: Message Filter dropping message: frame 'laser' at time 1784070744.784 for reason 'the timestamp on the message is earlier than all the data in the transform cache'
[INFO] [1784070745.723829513] [planner_server]: Deactivating plugin GridBased of type NavfnPlanner
[INFO] [1784070745.723937940] [planner_server]: Destroying bond (planner_server) to lifecycle manager.
[INFO] [1784070745.774689076] [planner_server]: Cleaning up
[INFO] [1784070746.297851623] [global_costmap.global_costmap]: Cleaning up
[INFO] [1784070746.423685941] [planner_server]: Cleaning up plugin GridBased of type NavfnPlanner
[INFO] [1784070746.426228788] [planner_server]: Destroying plugin GridBased of type NavfnPlanner
[INFO] [1784070746.556145925] [planner_server]: Destroying bond (planner_server) to lifecycle manager.
