[INFO] [1785381829.934827119] [planner_server]: 
	planner_server lifecycle node launched. 
	Waiting on external lifecycle transitions to activate
	See https://design.ros2.org/articles/node_lifecycle.html for more information.
[INFO] [1785381829.952850231] [planner_server]: Creating
[INFO] [1785381830.050882422] [global_costmap.global_costmap]: 
	global_costmap lifecycle node launched. 
	Waiting on external lifecycle transitions to activate
	See https://design.ros2.org/articles/node_lifecycle.html for more information.
[INFO] [1785381830.053027452] [global_costmap.global_costmap]: Creating Costmap
[INFO] [1785381831.630375925] [planner_server]: Configuring
[INFO] [1785381831.630463610] [global_costmap.global_costmap]: Configuring
[INFO] [1785381831.806260943] [global_costmap.global_costmap]: Using plugin "static_layer"
[INFO] [1785381831.832780154] [global_costmap.global_costmap]: Subscribing to the map topic (/map) with transient local durability
[INFO] [1785381831.852198255] [global_costmap.global_costmap]: Initialized plugin "static_layer"
[INFO] [1785381831.852268662] [global_costmap.global_costmap]: Using plugin "obstacle_layer"
[INFO] [1785381831.884571199] [global_costmap.global_costmap]: Subscribed to Topics: scan
[INFO] [1785381832.001209987] [global_costmap.global_costmap]: Initialized plugin "obstacle_layer"
[INFO] [1785381832.001316024] [global_costmap.global_costmap]: Using plugin "inflation_layer"
[INFO] [1785381832.010726962] [global_costmap.global_costmap]: Initialized plugin "inflation_layer"
[INFO] [1785381832.651728806] [planner_server]: Created global planner plugin GridBased of type nav2_navfn_planner::NavfnPlanner
[INFO] [1785381832.651974660] [planner_server]: Configuring plugin GridBased of type NavfnPlanner
[INFO] [1785381832.659134585] [planner_server]: Planner Server has GridBased  planners available.
[INFO] [1785381832.884200376] [global_costmap.global_costmap]: StaticLayer: Resizing costmap to 1552 X 2299 at 0.050000 m/pix
[INFO] [1785381834.105580513] [planner_server]: Activating
[INFO] [1785381834.105665161] [global_costmap.global_costmap]: Activating
[INFO] [1785381834.105688661] [global_costmap.global_costmap]: Checking transform
[INFO] [1785381834.105931051] [global_costmap.global_costmap]: start
[INFO] [1785381837.510676158] [planner_server]: Activating plugin GridBased of type NavfnPlanner
[INFO] [1785381837.517623750] [planner_server]: Creating bond (planner_server) to lifecycle manager.
[WARN] [1785381959.223963155] [planner_server]: Planner loop missed its desired rate of 3.0000 Hz. Current loop rate is 0.6152 Hz
[WARN] [1785381961.749754597] [planner_server]: Planner loop missed its desired rate of 3.0000 Hz. Current loop rate is 0.6660 Hz
[WARN] [1785381964.018910807] [planner_server]: Planner loop missed its desired rate of 3.0000 Hz. Current loop rate is 0.7973 Hz
[WARN] [1785381966.228925767] [planner_server]: Planner loop missed its desired rate of 3.0000 Hz. Current loop rate is 0.8453 Hz
[WARN] [1785381968.336571125] [planner_server]: Planner loop missed its desired rate of 3.0000 Hz. Current loop rate is 0.9122 Hz
[WARN] [1785381970.556939453] [planner_server]: Planner loop missed its desired rate of 3.0000 Hz. Current loop rate is 0.8321 Hz
[WARN] [1785381972.838934192] [planner_server]: Planner loop missed its desired rate of 3.0000 Hz. Current loop rate is 0.7973 Hz
[INFO] [1785381985.922883025] [planner_server]: Goal was canceled. Canceling planning action.
[INFO] [1785381985.923009063] [planner_server]: [compute_path_to_pose] [ActionServer] Client requested to cancel the goal. Cancelling.
[WARN] [1785382316.866160641] [planner_server]: Planner loop missed its desired rate of 3.0000 Hz. Current loop rate is 1.0203 Hz
[WARN] [1785382319.074916854] [planner_server]: Planner loop missed its desired rate of 3.0000 Hz. Current loop rate is 0.8408 Hz
[WARN] [1785382321.460929648] [planner_server]: Planner loop missed its desired rate of 3.0000 Hz. Current loop rate is 0.7324 Hz
[WARN] [1785382323.902819508] [planner_server]: Planner loop missed its desired rate of 3.0000 Hz. Current loop rate is 0.7077 Hz
[WARN] [1785382326.258191922] [planner_server]: Planner loop missed its desired rate of 3.0000 Hz. Current loop rate is 0.7498 Hz
[WARN] [1785382328.749325685] [planner_server]: Planner loop missed its desired rate of 3.0000 Hz. Current loop rate is 0.6826 Hz
[WARN] [1785382331.334151098] [planner_server]: Planner loop missed its desired rate of 3.0000 Hz. Current loop rate is 0.6395 Hz
[WARN] [1785382333.687429612] [planner_server]: Planner loop missed its desired rate of 3.0000 Hz. Current loop rate is 0.7534 Hz
[WARN] [1785382336.051765535] [planner_server]: Planner loop missed its desired rate of 3.0000 Hz. Current loop rate is 0.7408 Hz
[WARN] [1785382338.288436207] [planner_server]: Planner loop missed its desired rate of 3.0000 Hz. Current loop rate is 0.8279 Hz
[WARN] [1785382359.233881905] [planner_server]: Planner loop missed its desired rate of 3.0000 Hz. Current loop rate is 0.7041 Hz
[WARN] [1785382361.713964370] [planner_server]: Planner loop missed its desired rate of 3.0000 Hz. Current loop rate is 0.6879 Hz
[WARN] [1785382364.179372240] [planner_server]: Planner loop missed its desired rate of 3.0000 Hz. Current loop rate is 0.6936 Hz
[WARN] [1785382366.603073414] [planner_server]: Planner loop missed its desired rate of 3.0000 Hz. Current loop rate is 0.7136 Hz
[WARN] [1785382375.375555369] [planner_server]: Planner loop missed its desired rate of 3.0000 Hz. Current loop rate is 0.8024 Hz
[WARN] [1785382377.654073942] [planner_server]: Planner loop missed its desired rate of 3.0000 Hz. Current loop rate is 0.7853 Hz
[WARN] [1785382380.010181156] [planner_server]: Planner loop missed its desired rate of 3.0000 Hz. Current loop rate is 0.7464 Hz
[WARN] [1785382382.331178726] [planner_server]: Planner loop missed its desired rate of 3.0000 Hz. Current loop rate is 0.7738 Hz
[WARN] [1785382384.584598484] [planner_server]: Planner loop missed its desired rate of 3.0000 Hz. Current loop rate is 0.8116 Hz
[WARN] [1785382387.096113759] [planner_server]: Planner loop missed its desired rate of 3.0000 Hz. Current loop rate is 0.6666 Hz
[WARN] [1785382417.911443371] [planner_server]: GridBased plugin failed to plan from (24.40, -44.81) to (28.71, -47.94): "Failed to create plan with tolerance of: 1.000000"
[WARN] [1785382417.911557724] [planner_server]: [compute_path_to_pose] [ActionServer] Aborting handle.
[INFO] [1785382417.926689654] [global_costmap.global_costmap]: Received request to clear entirely the global_costmap
[WARN] [1785382418.932122027] [planner_server]: GridBased plugin failed to plan from (0.00, 0.00) to (28.71, -47.94): "Costmap timed out waiting for update"
[WARN] [1785382418.932415936] [planner_server]: [compute_path_to_pose] [ActionServer] Aborting handle.
[INFO] [1785382418.954625792] [global_costmap.global_costmap]: Received request to clear entirely the global_costmap
[INFO] [1785383488.241919312] [global_costmap.global_costmap]: Message Filter dropping message: frame 'laser' at time 1785383487.937 for reason 'the timestamp on the message is earlier than all the data in the transform cache'
[INFO] [1785383488.571093154] [rclcpp]: signal_handler(SIGINT/SIGTERM)
[INFO] [1785383488.571195413] [planner_server]: Running Nav2 LifecycleNode rcl preshutdown (planner_server)
[INFO] [1785383488.571304414] [planner_server]: Deactivating
[INFO] [1785383488.571360470] [global_costmap.global_costmap]: Deactivating
[INFO] [1785383490.772850434] [planner_server]: Deactivating plugin GridBased of type NavfnPlanner
[INFO] [1785383490.772922527] [planner_server]: Destroying bond (planner_server) to lifecycle manager.
[INFO] [1785383490.783111582] [planner_server]: Cleaning up
[INFO] [1785383490.804855904] [global_costmap.global_costmap]: Cleaning up
[INFO] [1785383490.814876032] [planner_server]: Cleaning up plugin GridBased of type NavfnPlanner
[INFO] [1785383490.815763444] [planner_server]: Destroying plugin GridBased of type NavfnPlanner
[INFO] [1785383490.850482484] [planner_server]: Destroying bond (planner_server) to lifecycle manager.
