[INFO] [1786109268.677545865] [planner_server]: 
	planner_server lifecycle node launched. 
	Waiting on external lifecycle transitions to activate
	See https://design.ros2.org/articles/node_lifecycle.html for more information.
[INFO] [1786109268.688579053] [planner_server]: Creating
[INFO] [1786109269.504294913] [global_costmap.global_costmap]: 
	global_costmap lifecycle node launched. 
	Waiting on external lifecycle transitions to activate
	See https://design.ros2.org/articles/node_lifecycle.html for more information.
[INFO] [1786109269.512263195] [global_costmap.global_costmap]: Creating Costmap
[INFO] [1786109270.096502413] [planner_server]: Configuring
[INFO] [1786109270.096583154] [global_costmap.global_costmap]: Configuring
[INFO] [1786109270.135877916] [global_costmap.global_costmap]: Using plugin "static_layer"
[INFO] [1786109270.151446554] [global_costmap.global_costmap]: Subscribing to the map topic (/map) with transient local durability
[INFO] [1786109270.161968554] [global_costmap.global_costmap]: Initialized plugin "static_layer"
[INFO] [1786109270.162077202] [global_costmap.global_costmap]: Using plugin "obstacle_layer"
[INFO] [1786109270.164073842] [global_costmap.global_costmap]: Subscribed to Topics: scan
[INFO] [1786109270.188536230] [global_costmap.global_costmap]: Initialized plugin "obstacle_layer"
[INFO] [1786109270.189004010] [global_costmap.global_costmap]: Using plugin "inflation_layer"
[INFO] [1786109270.193617275] [global_costmap.global_costmap]: Initialized plugin "inflation_layer"
[INFO] [1786109270.330226863] [planner_server]: Created global planner plugin GridBased of type nav2_navfn_planner::NavfnPlanner
[INFO] [1786109270.330330290] [planner_server]: Configuring plugin GridBased of type NavfnPlanner
[INFO] [1786109270.336618230] [planner_server]: Planner Server has GridBased  planners available.
[INFO] [1786109270.341310607] [global_costmap.global_costmap]: StaticLayer: Resizing costmap to 1552 X 2299 at 0.050000 m/pix
[INFO] [1786109272.055241890] [planner_server]: Activating
[INFO] [1786109272.055326613] [global_costmap.global_costmap]: Activating
[INFO] [1786109272.055350372] [global_costmap.global_costmap]: Checking transform
[INFO] [1786109272.055503836] [global_costmap.global_costmap]: Timed out waiting for transform from base_footprint to map to become available, tf error: Lookup would require extrapolation into the past.  Requested time 1786109272.035069 but the earliest data is at time 1786109272.548767, when looking up transform from frame [base_footprint] to frame [map]
[INFO] [1786109272.555531796] [global_costmap.global_costmap]: Timed out waiting for transform from base_footprint to map to become available, tf error: Lookup would require extrapolation into the past.  Requested time 1786109272.535111 but the earliest data is at time 1786109272.548767, when looking up transform from frame [base_footprint] to frame [map]
[INFO] [1786109273.055606350] [global_costmap.global_costmap]: start
[INFO] [1786109273.311736436] [planner_server]: Activating plugin GridBased of type NavfnPlanner
[INFO] [1786109273.319461384] [planner_server]: Creating bond (planner_server) to lifecycle manager.
