[INFO] [1786013251.037051261] [planner_server]: 
	planner_server lifecycle node launched. 
	Waiting on external lifecycle transitions to activate
	See https://design.ros2.org/articles/node_lifecycle.html for more information.
[INFO] [1786013251.041494749] [planner_server]: Creating
[INFO] [1786013251.129077412] [global_costmap.global_costmap]: 
	global_costmap lifecycle node launched. 
	Waiting on external lifecycle transitions to activate
	See https://design.ros2.org/articles/node_lifecycle.html for more information.
[INFO] [1786013251.131190980] [global_costmap.global_costmap]: Creating Costmap
[INFO] [1786013252.254640841] [planner_server]: Configuring
[INFO] [1786013252.254715027] [global_costmap.global_costmap]: Configuring
[INFO] [1786013252.280178079] [global_costmap.global_costmap]: Using plugin "static_layer"
[INFO] [1786013252.287950549] [global_costmap.global_costmap]: Subscribing to the map topic (/map) with transient local durability
[INFO] [1786013252.292994022] [global_costmap.global_costmap]: Initialized plugin "static_layer"
[INFO] [1786013252.293101985] [global_costmap.global_costmap]: Using plugin "obstacle_layer"
[INFO] [1786013252.295530462] [global_costmap.global_costmap]: Subscribed to Topics: scan
[INFO] [1786013252.312277631] [global_costmap.global_costmap]: Initialized plugin "obstacle_layer"
[INFO] [1786013252.312349298] [global_costmap.global_costmap]: Using plugin "inflation_layer"
[INFO] [1786013252.313051709] [global_costmap.global_costmap]: Initialized plugin "inflation_layer"
[INFO] [1786013252.449816873] [global_costmap.global_costmap]: StaticLayer: Resizing costmap to 1552 X 2299 at 0.050000 m/pix
[INFO] [1786013252.449845873] [planner_server]: Created global planner plugin GridBased of type nav2_navfn_planner::NavfnPlanner
[INFO] [1786013252.450323542] [planner_server]: Configuring plugin GridBased of type NavfnPlanner
[INFO] [1786013252.452502128] [planner_server]: Planner Server has GridBased  planners available.
[INFO] [1786013254.423865014] [planner_server]: Activating
[INFO] [1786013254.423963274] [global_costmap.global_costmap]: Activating
[INFO] [1786013254.423985107] [global_costmap.global_costmap]: Checking transform
[INFO] [1786013254.424217386] [global_costmap.global_costmap]: start
[INFO] [1786013257.828871166] [planner_server]: Activating plugin GridBased of type NavfnPlanner
[INFO] [1786013257.836414153] [planner_server]: Creating bond (planner_server) to lifecycle manager.
[INFO] [1786013329.202953872] [global_costmap.global_costmap]: Message Filter dropping message: frame 'laser' at time 1786013328.899 for reason 'the timestamp on the message is earlier than all the data in the transform cache'
[INFO] [1786013342.788936039] [global_costmap.global_costmap]: Message Filter dropping message: frame 'laser' at time 1786013342.484 for reason 'the timestamp on the message is earlier than all the data in the transform cache'
[INFO] [1786013362.272902186] [global_costmap.global_costmap]: Message Filter dropping message: frame 'laser' at time 1786013361.964 for reason 'the timestamp on the message is earlier than all the data in the transform cache'
[INFO] [1786013678.871209246] [global_costmap.global_costmap]: Message Filter dropping message: frame 'laser' at time 1786013678.567 for reason 'the timestamp on the message is earlier than all the data in the transform cache'
[INFO] [1786013774.892628457] [global_costmap.global_costmap]: Message Filter dropping message: frame 'laser' at time 1786013774.588 for reason 'the timestamp on the message is earlier than all the data in the transform cache'
[INFO] [1786013783.884923168] [global_costmap.global_costmap]: Message Filter dropping message: frame 'laser' at time 1786013783.581 for reason 'the timestamp on the message is earlier than all the data in the transform cache'
[INFO] [1786013872.410815118] [global_costmap.global_costmap]: Message Filter dropping message: frame 'laser' at time 1786013872.106 for reason 'the timestamp on the message is earlier than all the data in the transform cache'
[INFO] [1786013924.964610744] [global_costmap.global_costmap]: Message Filter dropping message: frame 'laser' at time 1786013924.660 for reason 'the timestamp on the message is earlier than all the data in the transform cache'
[INFO] [1786014056.935440409] [global_costmap.global_costmap]: Message Filter dropping message: frame 'laser' at time 1786014056.631 for reason 'the timestamp on the message is earlier than all the data in the transform cache'
[INFO] [1786014194.990812448] [global_costmap.global_costmap]: Message Filter dropping message: frame 'laser' at time 1786014194.686 for reason 'the timestamp on the message is earlier than all the data in the transform cache'
[INFO] [1786014304.268364026] [global_costmap.global_costmap]: Message Filter dropping message: frame 'laser' at time 1786014303.964 for reason 'the timestamp on the message is earlier than all the data in the transform cache'
[INFO] [1786014347.919197080] [global_costmap.global_costmap]: Message Filter dropping message: frame 'laser' at time 1786014347.615 for reason 'the timestamp on the message is earlier than all the data in the transform cache'
[INFO] [1786014578.894268444] [global_costmap.global_costmap]: Message Filter dropping message: frame 'laser' at time 1786014578.590 for reason 'the timestamp on the message is earlier than all the data in the transform cache'
[INFO] [1786014979.456116025] [global_costmap.global_costmap]: Message Filter dropping message: frame 'laser' at time 1786014979.148 for reason 'the timestamp on the message is earlier than all the data in the transform cache'
[INFO] [1786015309.701584687] [global_costmap.global_costmap]: Message Filter dropping message: frame 'laser' at time 1786015309.397 for reason 'the timestamp on the message is earlier than all the data in the transform cache'
[INFO] [1786015589.823934047] [global_costmap.global_costmap]: Message Filter dropping message: frame 'laser' at time 1786015589.517 for reason 'the timestamp on the message is earlier than all the data in the transform cache'
[INFO] [1786015688.938565024] [global_costmap.global_costmap]: Message Filter dropping message: frame 'laser' at time 1786015688.634 for reason 'the timestamp on the message is earlier than all the data in the transform cache'
[INFO] [1786015736.897154863] [global_costmap.global_costmap]: Message Filter dropping message: frame 'laser' at time 1786015736.593 for reason 'the timestamp on the message is earlier than all the data in the transform cache'
[INFO] [1786015933.531562041] [global_costmap.global_costmap]: Message Filter dropping message: frame 'laser' at time 1786015933.228 for reason 'the timestamp on the message is earlier than all the data in the transform cache'
[INFO] [1786016038.530301733] [global_costmap.global_costmap]: Message Filter dropping message: frame 'laser' at time 1786016038.226 for reason 'the timestamp on the message is earlier than all the data in the transform cache'
[INFO] [1786016555.090239966] [global_costmap.global_costmap]: Message Filter dropping message: frame 'laser' at time 1786016554.785 for reason 'the timestamp on the message is earlier than all the data in the transform cache'
[INFO] [1786016599.648755092] [global_costmap.global_costmap]: Message Filter dropping message: frame 'laser' at time 1786016599.344 for reason 'the timestamp on the message is earlier than all the data in the transform cache'
[INFO] [1786017302.977522421] [global_costmap.global_costmap]: Message Filter dropping message: frame 'laser' at time 1786017302.673 for reason 'the timestamp on the message is earlier than all the data in the transform cache'
[INFO] [1786017497.978748108] [global_costmap.global_costmap]: Message Filter dropping message: frame 'laser' at time 1786017497.674 for reason 'the timestamp on the message is earlier than all the data in the transform cache'
[INFO] [1786017503.973413599] [global_costmap.global_costmap]: Message Filter dropping message: frame 'laser' at time 1786017503.669 for reason 'the timestamp on the message is earlier than all the data in the transform cache'
[INFO] [1786017595.691045983] [global_costmap.global_costmap]: Message Filter dropping message: frame 'laser' at time 1786017595.385 for reason 'the timestamp on the message is earlier than all the data in the transform cache'
[INFO] [1786017694.706599486] [global_costmap.global_costmap]: Message Filter dropping message: frame 'laser' at time 1786017694.401 for reason 'the timestamp on the message is earlier than all the data in the transform cache'
[INFO] [1786018021.814569238] [global_costmap.global_costmap]: Message Filter dropping message: frame 'laser' at time 1786018021.511 for reason 'the timestamp on the message is earlier than all the data in the transform cache'
[INFO] [1786018032.100663590] [global_costmap.global_costmap]: Message Filter dropping message: frame 'laser' at time 1786018031.796 for reason 'the timestamp on the message is earlier than all the data in the transform cache'
[INFO] [1786018398.110410726] [global_costmap.global_costmap]: Message Filter dropping message: frame 'laser' at time 1786018397.806 for reason 'the timestamp on the message is earlier than all the data in the transform cache'
[INFO] [1786018587.040674041] [global_costmap.global_costmap]: Message Filter dropping message: frame 'laser' at time 1786018586.736 for reason 'the timestamp on the message is earlier than all the data in the transform cache'
[INFO] [1786018679.962987408] [global_costmap.global_costmap]: Message Filter dropping message: frame 'laser' at time 1786018679.659 for reason 'the timestamp on the message is earlier than all the data in the transform cache'
[INFO] [1786018770.883624509] [global_costmap.global_costmap]: Message Filter dropping message: frame 'laser' at time 1786018770.580 for reason 'the timestamp on the message is earlier than all the data in the transform cache'
