[INFO] [1775880283.094921068] [uart_bridge]: UART bridge node started
[INFO] [1775880283.096299870] [uart_bridge]: Opened UART on /dev/ttyAMA0 @ 115200
[INFO] [1775880494.697837220] [uart_bridge]: UART RX: TASK_CREATE|T1774341252|200|D1
[INFO] [1775880494.698777947] [uart_bridge]: Task received from BBG: task_id=T1774341252, destination=200, drawer_id=D1
[INFO] [1775880494.699374561] [uart_bridge]: Handling task creation: task_id=T1774341252, destination=200, drawer_id=D1
[INFO] [1775880494.704302381] [uart_bridge]: UART TX: STATUS|T1774341252|MOVING
[INFO] [1775880496.708387097] [uart_bridge]: UART TX: STATUS|T1774341252|MOVING
[INFO] [1775880498.712399812] [uart_bridge]: UART TX: STATUS|T1774341252|MOVING
[INFO] [1775880500.716349564] [uart_bridge]: UART TX: STATUS|T1774341252|MOVING
[INFO] [1775880502.720384686] [uart_bridge]: UART TX: STATUS|T1774341252|MOVING
[INFO] [1775880504.724368624] [uart_bridge]: UART TX: STATUS|T1774341252|ARRIVED
[INFO] [1775880504.725186165] [uart_bridge]: Simulated ARRIVED sent for task T1774341252
[INFO] [1775880516.397762878] [uart_bridge]: UART RX: DELIVERY_COMPLETE|T1774341252
[INFO] [1775880516.398741771] [uart_bridge]: Delivery complete received: T1774341252
[INFO] [1775880516.399326719] [uart_bridge]: Handling delivery complete: task_id=T1774341252
[INFO] [1775880516.403246849] [uart_bridge]: UART TX: STATUS|T1774341252|IDLE
[INFO] [1775880801.997809434] [uart_bridge]: UART RX: TASK_CREATE|T1774341560|200|D1
[INFO] [1775880801.998752031] [uart_bridge]: Task received from BBG: task_id=T1774341560, destination=200, drawer_id=D1
[INFO] [1775880801.999368053] [uart_bridge]: Handling task creation: task_id=T1774341560, destination=200, drawer_id=D1
[INFO] [1775880802.003348813] [uart_bridge]: UART TX: STATUS|T1774341560|MOVING
[INFO] [1775880804.007442917] [uart_bridge]: UART TX: STATUS|T1774341560|MOVING
[INFO] [1775880806.011388132] [uart_bridge]: UART TX: STATUS|T1774341560|MOVING
[INFO] [1775880808.015358273] [uart_bridge]: UART TX: STATUS|T1774341560|MOVING
[INFO] [1775880810.019380118] [uart_bridge]: UART TX: STATUS|T1774341560|MOVING
[INFO] [1775880812.023394814] [uart_bridge]: UART TX: STATUS|T1774341560|ARRIVED
[INFO] [1775880812.024224133] [uart_bridge]: Simulated ARRIVED sent for task T1774341560
[INFO] [1775880822.697782179] [uart_bridge]: UART RX: DELIVERY_COMPLETE|T1774341560
[INFO] [1775880822.698816055] [uart_bridge]: Delivery complete received: T1774341560
[INFO] [1775880822.699411132] [uart_bridge]: Handling delivery complete: task_id=T1774341560
[INFO] [1775880822.703207039] [uart_bridge]: UART TX: STATUS|T1774341560|IDLE
[INFO] [1775880863.098112667] [uart_bridge]: UART RX: TASK_CREATE|T1774341621|200|D1
[INFO] [1775880863.099104764] [uart_bridge]: Task received from BBG: task_id=T1774341621, destination=200, drawer_id=D1
[INFO] [1775880863.099989398] [uart_bridge]: Handling task creation: task_id=T1774341621, destination=200, drawer_id=D1
[INFO] [1775880863.104568402] [uart_bridge]: UART TX: STATUS|T1774341621|MOVING
[INFO] [1775880865.108725007] [uart_bridge]: UART TX: STATUS|T1774341621|MOVING
[INFO] [1775880867.112701129] [uart_bridge]: UART TX: STATUS|T1774341621|MOVING
[INFO] [1775880869.116710974] [uart_bridge]: UART TX: STATUS|T1774341621|MOVING
[INFO] [1775880871.120717319] [uart_bridge]: UART TX: STATUS|T1774341621|MOVING
[INFO] [1775880873.125702446] [uart_bridge]: UART TX: STATUS|T1774341621|ARRIVED
[INFO] [1775880873.126881174] [uart_bridge]: Simulated ARRIVED sent for task T1774341621
[INFO] [1775880885.997831708] [uart_bridge]: UART RX: DELIVERY_COMPLETE|T1774341621
[INFO] [1775880885.998901954] [uart_bridge]: Delivery complete received: T1774341621
[INFO] [1775880885.999733865] [uart_bridge]: Handling delivery complete: task_id=T1774341621
[INFO] [1775880886.003625810] [uart_bridge]: UART TX: STATUS|T1774341621|IDLE
[INFO] [1775881213.698052564] [uart_bridge]: UART RX: TASK_CREATE|T1774341971|2000|D1
[INFO] [1775881213.699008291] [uart_bridge]: Task received from BBG: task_id=T1774341971, destination=2000, drawer_id=D1
[INFO] [1775881213.700036611] [uart_bridge]: Handling task creation: task_id=T1774341971, destination=2000, drawer_id=D1
[INFO] [1775881213.704708727] [uart_bridge]: UART TX: STATUS|T1774341971|MOVING
[INFO] [1775881215.708760664] [uart_bridge]: UART TX: STATUS|T1774341971|MOVING
[INFO] [1775881217.713703161] [uart_bridge]: UART TX: STATUS|T1774341971|MOVING
[INFO] [1775881219.717691728] [uart_bridge]: UART TX: STATUS|T1774341971|MOVING
[INFO] [1775881221.721769499] [uart_bridge]: UART TX: STATUS|T1774341971|MOVING
[INFO] [1775881223.726771441] [uart_bridge]: UART TX: STATUS|T1774341971|ARRIVED
[INFO] [1775881223.727987632] [uart_bridge]: Simulated ARRIVED sent for task T1774341971
[INFO] [1775881233.698047757] [uart_bridge]: UART RX: DELIVERY_COMPLETE|T1774341971
[INFO] [1775881233.699134133] [uart_bridge]: Delivery complete received: T1774341971
[INFO] [1775881233.700133156] [uart_bridge]: Handling delivery complete: task_id=T1774341971
[INFO] [1775881233.704563160] [uart_bridge]: UART TX: STATUS|T1774341971|IDLE
[INFO] [1775881269.398072700] [uart_bridge]: UART RX: TASK_CREATE|T1774342027|2000|D1
[INFO] [1775881269.399012426] [uart_bridge]: Task received from BBG: task_id=T1774342027, destination=2000, drawer_id=D1
[INFO] [1775881269.400038839] [uart_bridge]: Handling task creation: task_id=T1774342027, destination=2000, drawer_id=D1
[INFO] [1775881269.404688806] [uart_bridge]: UART TX: STATUS|T1774342027|MOVING
[INFO] [1775881271.408744133] [uart_bridge]: UART TX: STATUS|T1774342027|MOVING
[INFO] [1775881273.412701218] [uart_bridge]: UART TX: STATUS|T1774342027|MOVING
[INFO] [1775881275.416701525] [uart_bridge]: UART TX: STATUS|T1774342027|MOVING
[INFO] [1775881277.420704833] [uart_bridge]: UART TX: STATUS|T1774342027|MOVING
[INFO] [1775881279.425706997] [uart_bridge]: UART TX: STATUS|T1774342027|ARRIVED
[INFO] [1775881279.426764688] [uart_bridge]: Simulated ARRIVED sent for task T1774342027
[INFO] [1775881295.898044277] [uart_bridge]: UART RX: DELIVERY_COMPLETE|T1774342027
[INFO] [1775881295.899099393] [uart_bridge]: Delivery complete received: T1774342027
[INFO] [1775881295.900090935] [uart_bridge]: Handling delivery complete: task_id=T1774342027
[INFO] [1775881295.904599068] [uart_bridge]: UART TX: STATUS|T1774342027|IDLE
[INFO] [1775881613.092962257] [uart_bridge]: UART bridge stopped
[INFO] [1775881613.095977771] [uart_bridge]: UART port closed
