[INFO] [1781829689.309104370] [motor_controller]: Motor Controller Node started
[INFO] [1781829760.488753002] [motor_controller]: cmd_vel -> linear=-0.45, angular=0.00, left=-0.18, right=-0.18
[INFO] [1781829761.794719866] [motor_controller]: cmd_vel -> linear=0.00, angular=0.00, left=0.00, right=0.00
[INFO] [1781829763.623594214] [motor_controller]: cmd_vel -> linear=-0.45, angular=0.00, left=-0.18, right=-0.18
[INFO] [1781829764.253345528] [motor_controller]: cmd_vel -> linear=0.00, angular=2.00, left=-0.18, right=0.18
[INFO] [1781829764.755574399] [motor_controller]: cmd_vel -> linear=0.00, angular=2.00, left=-0.18, right=0.18
[INFO] [1781829764.828389249] [motor_controller]: cmd_vel -> linear=0.00, angular=2.00, left=-0.18, right=0.18
[INFO] [1781829764.923603040] [motor_controller]: cmd_vel -> linear=0.00, angular=2.00, left=-0.18, right=0.18
[INFO] [1781829766.496017678] [motor_controller]: cmd_vel -> linear=-0.45, angular=0.00, left=-0.18, right=-0.18
[INFO] [1781829766.497285325] [motor_controller]: cmd_vel -> linear=0.00, angular=-2.00, left=0.18, right=-0.18
[INFO] [1781829768.849789547] [motor_controller]: cmd_vel -> linear=0.00, angular=2.00, left=-0.18, right=0.18
[INFO] [1781829769.348546903] [motor_controller]: cmd_vel -> linear=0.00, angular=2.00, left=-0.18, right=0.18
[INFO] [1781829769.437325256] [motor_controller]: cmd_vel -> linear=0.00, angular=2.00, left=-0.18, right=0.18
[INFO] [1781829769.525257536] [motor_controller]: cmd_vel -> linear=0.00, angular=2.00, left=-0.18, right=0.18
[INFO] [1781829769.619276661] [motor_controller]: cmd_vel -> linear=0.00, angular=2.00, left=-0.18, right=0.18
[INFO] [1781829769.707027626] [motor_controller]: cmd_vel -> linear=0.00, angular=2.00, left=-0.18, right=0.18
[INFO] [1781829769.779780162] [motor_controller]: cmd_vel -> linear=0.00, angular=2.00, left=-0.18, right=0.18
[INFO] [1781829769.871945437] [motor_controller]: cmd_vel -> linear=0.00, angular=2.00, left=-0.18, right=0.18
[INFO] [1781829769.939608942] [motor_controller]: cmd_vel -> linear=0.00, angular=2.00, left=-0.18, right=0.18
[INFO] [1781829770.032649142] [motor_controller]: cmd_vel -> linear=0.00, angular=2.00, left=-0.18, right=0.18
[INFO] [1781829770.119117979] [motor_controller]: cmd_vel -> linear=0.00, angular=2.00, left=-0.18, right=0.18
[INFO] [1781829770.187485723] [motor_controller]: cmd_vel -> linear=0.00, angular=2.00, left=-0.18, right=0.18
[INFO] [1781829771.515966353] [motor_controller]: cmd_vel -> linear=0.00, angular=-2.00, left=0.18, right=-0.18
[INFO] [1781829771.917669642] [motor_controller]: cmd_vel -> linear=0.00, angular=-2.00, left=0.18, right=-0.18
[INFO] [1781829772.116048808] [motor_controller]: cmd_vel -> linear=0.00, angular=-2.00, left=0.18, right=-0.18
[INFO] [1781829772.276616791] [motor_controller]: cmd_vel -> linear=0.00, angular=-2.00, left=0.18, right=-0.18
[INFO] [1781829772.459787250] [motor_controller]: cmd_vel -> linear=0.00, angular=-2.00, left=0.18, right=-0.18
[INFO] [1781829772.641380507] [motor_controller]: cmd_vel -> linear=0.00, angular=-2.00, left=0.18, right=-0.18
[INFO] [1781829772.831137626] [motor_controller]: cmd_vel -> linear=0.00, angular=-2.00, left=0.18, right=-0.18
[INFO] [1781829773.014864678] [motor_controller]: cmd_vel -> linear=0.00, angular=-2.00, left=0.18, right=-0.18
[INFO] [1781829773.196008491] [motor_controller]: cmd_vel -> linear=0.00, angular=-2.00, left=0.18, right=-0.18
[INFO] [1781829773.352732996] [motor_controller]: cmd_vel -> linear=0.00, angular=-2.00, left=0.18, right=-0.18
[INFO] [1781829773.537119898] [motor_controller]: cmd_vel -> linear=0.00, angular=-2.00, left=0.18, right=-0.18
[INFO] [1781829773.734287436] [motor_controller]: cmd_vel -> linear=0.00, angular=-2.00, left=0.18, right=-0.18
[INFO] [1781829773.898893766] [motor_controller]: cmd_vel -> linear=0.00, angular=-2.00, left=0.18, right=-0.18
[INFO] [1781829774.105587923] [motor_controller]: cmd_vel -> linear=0.00, angular=-2.00, left=0.18, right=-0.18
[INFO] [1781829774.287045014] [motor_controller]: cmd_vel -> linear=0.00, angular=-2.00, left=0.18, right=-0.18
[INFO] [1781829774.452077788] [motor_controller]: cmd_vel -> linear=0.00, angular=-2.00, left=0.18, right=-0.18
[INFO] [1781829774.817620152] [motor_controller]: cmd_vel -> linear=0.45, angular=0.00, left=0.18, right=0.18
[INFO] [1781829775.007354530] [motor_controller]: cmd_vel -> linear=0.45, angular=0.00, left=0.18, right=0.18
[INFO] [1781829775.148463274] [motor_controller]: cmd_vel -> linear=0.45, angular=0.00, left=0.18, right=0.18
[INFO] [1781829776.159838971] [motor_controller]: cmd_vel -> linear=0.45, angular=0.00, left=0.18, right=0.18
[INFO] [1781829776.667268226] [motor_controller]: cmd_vel -> linear=0.45, angular=0.00, left=0.18, right=0.18
[INFO] [1781829777.129773027] [motor_controller]: cmd_vel -> linear=0.45, angular=0.00, left=0.18, right=0.18
[INFO] [1781829777.535320090] [motor_controller]: cmd_vel -> linear=0.45, angular=0.00, left=0.18, right=0.18
[INFO] [1781829777.727493207] [motor_controller]: cmd_vel -> linear=0.45, angular=0.00, left=0.18, right=0.18
[INFO] [1781829777.930774571] [motor_controller]: cmd_vel -> linear=0.45, angular=0.00, left=0.18, right=0.18
[INFO] [1781829780.140101441] [motor_controller]: cmd_vel -> linear=0.45, angular=0.00, left=0.18, right=0.18
[INFO] [1781829780.624801849] [motor_controller]: cmd_vel -> linear=0.45, angular=0.00, left=0.18, right=0.18
[INFO] [1781829780.722897729] [motor_controller]: cmd_vel -> linear=0.45, angular=0.00, left=0.18, right=0.18
[INFO] [1781829780.806611828] [motor_controller]: cmd_vel -> linear=0.45, angular=0.00, left=0.18, right=0.18
[INFO] [1781829780.889435779] [motor_controller]: cmd_vel -> linear=0.45, angular=0.00, left=0.18, right=0.18
[INFO] [1781829780.953777065] [motor_controller]: cmd_vel -> linear=0.45, angular=0.00, left=0.18, right=0.18
[INFO] [1781829781.057976013] [motor_controller]: cmd_vel -> linear=0.45, angular=0.00, left=0.18, right=0.18
[INFO] [1781829781.160474870] [motor_controller]: cmd_vel -> linear=0.45, angular=0.00, left=0.18, right=0.18
[INFO] [1781829781.333623932] [motor_controller]: cmd_vel -> linear=0.45, angular=0.00, left=0.18, right=0.18
[INFO] [1781829781.334788765] [motor_controller]: cmd_vel -> linear=0.45, angular=0.00, left=0.18, right=0.18
[INFO] [1781829781.378600979] [motor_controller]: cmd_vel -> linear=0.45, angular=0.00, left=0.18, right=0.18
[INFO] [1781829783.033563050] [motor_controller]: cmd_vel -> linear=0.45, angular=0.00, left=0.18, right=0.18
[INFO] [1781829783.517111144] [motor_controller]: cmd_vel -> linear=0.45, angular=0.00, left=0.18, right=0.18
[INFO] [1781829783.620633278] [motor_controller]: cmd_vel -> linear=0.45, angular=0.00, left=0.18, right=0.18
[INFO] [1781829783.820358701] [motor_controller]: cmd_vel -> linear=0.00, angular=-2.00, left=0.18, right=-0.18
[INFO] [1781829784.530363932] [motor_controller]: cmd_vel -> linear=0.00, angular=-2.00, left=0.18, right=-0.18
[INFO] [1781829786.845548637] [motor_controller]: cmd_vel -> linear=0.00, angular=0.00, left=0.00, right=0.00
[INFO] [1781829786.847361061] [motor_controller]: cmd_vel -> linear=0.00, angular=0.00, left=0.00, right=0.00
