[INFO] [1786130377.167554154] [mailrover_nav_bridge]: Loaded 10 room navigation targets from /home/mypi/scripts/rooms.yaml
[INFO] [1786130377.170506540] [mailrover_nav_bridge]: MailRover navigation bridge listening on http://127.0.0.1:8765 (/task, /cancel, /pause, /return-home)
[INFO] [1786130492.943529554] [mailrover_nav_bridge]: Dispatching task=T1786130492 mission_type=delivery drawer=D1 destination=7011 room=7011
[INFO] [1786130494.468481439] [mailrover_nav_bridge]: Reported MOVING for task=T1786130492: HTTP 200
[ERROR] [1786130499.474303726] [mailrover_nav_bridge]: Nav2 navigate_to_pose action server is not available
[INFO] [1786130499.479614183] [mailrover_nav_bridge]: Reported FAULT for task=T1786130492: HTTP 200
[WARN] [1786130634.206977977] [mailrover_nav_bridge]: Navigation paused without canceling task=T1786130492
[WARN] [1786130637.910315855] [mailrover_nav_bridge]: Navigation cancellation requested task=T1786130492
[INFO] [1786130637.929718826] [mailrover_nav_bridge]: Reported CANCELED for task=T1786130492: HTTP 200
[INFO] [1786130677.714668587] [mailrover_nav_bridge]: Dispatching task=T1786130677 mission_type=delivery drawer=D1 destination=7011 room=7011
[INFO] [1786130679.301109217] [mailrover_nav_bridge]: Reported MOVING for task=T1786130677: HTTP 200
[INFO] [1786130679.312754917] [mailrover_nav_bridge]: Nav2 accepted goal task=T1786130677 mission_type=delivery
[INFO] [1786130869.128553383] [mailrover_nav_bridge]: Task arrived at delivery destination: T1786130677
[INFO] [1786130870.716299100] [mailrover_nav_bridge]: Reported ARRIVED for task=T1786130677: HTTP 200
[INFO] [1786130927.942155377] [mailrover_nav_bridge]: Dispatching task=T1786130677 mission_type=return drawer=D1 destination=Home room=loading_station
[INFO] [1786130927.960359450] [mailrover_nav_bridge]: Reported RETURNING for task=T1786130677: HTTP 200
[INFO] [1786130927.964106339] [mailrover_nav_bridge]: Nav2 accepted goal task=T1786130677 mission_type=return
[INFO] [1786131101.609743423] [mailrover_nav_bridge]: Task returned to loading bay: T1786130677
[INFO] [1786131101.632694305] [mailrover_nav_bridge]: Reported RETURNED for task=T1786130677: HTTP 200
[INFO] [1786131277.364447567] [mailrover_nav_bridge]: Dispatching task=T1786131277 mission_type=delivery drawer=D1 destination=7004 room=7004
[INFO] [1786131278.868921236] [mailrover_nav_bridge]: Reported MOVING for task=T1786131277: HTTP 200
[INFO] [1786131278.873773484] [mailrover_nav_bridge]: Nav2 accepted goal task=T1786131277 mission_type=delivery
[INFO] [1786131349.684441351] [mailrover_nav_bridge]: Task arrived at delivery destination: T1786131277
[INFO] [1786131351.393059252] [mailrover_nav_bridge]: Reported ARRIVED for task=T1786131277: HTTP 200
[INFO] [1786131428.743192148] [mailrover_nav_bridge]: Dispatching task=T1786131277 mission_type=return drawer=D1 destination=Home room=loading_station
[INFO] [1786131429.018172515] [mailrover_nav_bridge]: Reported RETURNING for task=T1786131277: HTTP 200
[INFO] [1786131429.022702909] [mailrover_nav_bridge]: Nav2 accepted goal task=T1786131277 mission_type=return
[INFO] [1786131531.928887099] [mailrover_nav_bridge]: Task returned to loading bay: T1786131277
[INFO] [1786131532.021089733] [mailrover_nav_bridge]: Reported RETURNED for task=T1786131277: HTTP 200
[INFO] [1786131662.799710651] [mailrover_nav_bridge]: Dispatching task=T1786131662 mission_type=delivery drawer=D1 destination=7006 room=7006
[INFO] [1786131664.310232251] [mailrover_nav_bridge]: Reported MOVING for task=T1786131662: HTTP 200
[INFO] [1786131664.313783176] [mailrover_nav_bridge]: Nav2 accepted goal task=T1786131662 mission_type=delivery
[INFO] [1786131965.476156721] [mailrover_nav_bridge]: Task arrived at delivery destination: T1786131662
[INFO] [1786131967.002261623] [mailrover_nav_bridge]: Reported ARRIVED for task=T1786131662: HTTP 200
[INFO] [1786132045.439592398] [mailrover_nav_bridge]: Dispatching task=T1786131662 mission_type=return drawer=D1 destination=Home room=loading_station
[INFO] [1786132045.456473213] [mailrover_nav_bridge]: Reported RETURNING for task=T1786131662: HTTP 200
[INFO] [1786132045.463597956] [mailrover_nav_bridge]: Nav2 accepted goal task=T1786131662 mission_type=return
[WARN] [1786132264.046962935] [mailrover_nav_bridge]: Navigation aborted task=T1786131662 mission_type=return
[WARN] [1786132264.047833847] [mailrover_nav_bridge]: Nav2 goal aborted for task=T1786131662; recovery=1/50; retrying the same destination in 2.0 seconds
[INFO] [1786132264.064345124] [mailrover_nav_bridge]: Reported RETURN_RECOVERING for task=T1786131662: HTTP 200
[WARN] [1786132266.065858834] [mailrover_nav_bridge]: Resending Nav2 goal task=T1786131662 mission_type=return destination=Home
[INFO] [1786132266.066696228] [mailrover_nav_bridge]: Dispatching task=T1786131662 mission_type=return drawer=D1 destination=Home room=loading_station
[INFO] [1786132266.083685285] [mailrover_nav_bridge]: Reported RETURNING for task=T1786131662: HTTP 200
[INFO] [1786132266.086877099] [mailrover_nav_bridge]: Nav2 accepted goal task=T1786131662 mission_type=return
[INFO] [1786132306.974745122] [mailrover_nav_bridge]: Task returned to loading bay: T1786131662
[INFO] [1786132306.992447238] [mailrover_nav_bridge]: Reported RETURNED for task=T1786131662: HTTP 200
