[INFO] [1786109275.946742929] [mailrover_nav_bridge]: Loaded 10 room navigation targets from /home/mypi/scripts/rooms.yaml
[INFO] [1786109275.951309138] [mailrover_nav_bridge]: MailRover navigation bridge listening on http://127.0.0.1:8765 (/task, /cancel, /pause, /return-home)
[INFO] [1786109418.978023218] [mailrover_nav_bridge]: Dispatching task=T1786109418 mission_type=delivery drawer=D1 destination=7011 room=7011
[INFO] [1786109420.449676110] [mailrover_nav_bridge]: Reported MOVING for task=T1786109418: HTTP 200
[INFO] [1786109420.459287442] [mailrover_nav_bridge]: Nav2 accepted goal task=T1786109418 mission_type=delivery
[WARN] [1786109446.201281895] [mailrover_nav_bridge]: Navigation aborted task=T1786109418 mission_type=delivery
[WARN] [1786109446.202325697] [mailrover_nav_bridge]: Nav2 goal aborted for task=T1786109418; recovery=1/50; retrying the same destination in 2.0 seconds
[INFO] [1786109446.207766839] [mailrover_nav_bridge]: Reported RETRYING for task=T1786109418: HTTP 200
[WARN] [1786109448.209046848] [mailrover_nav_bridge]: Resending Nav2 goal task=T1786109418 mission_type=delivery destination=7011
[INFO] [1786109448.209811631] [mailrover_nav_bridge]: Dispatching task=T1786109418 mission_type=delivery drawer=D1 destination=7011 room=7011
[INFO] [1786109448.222671981] [mailrover_nav_bridge]: Reported MOVING for task=T1786109418: HTTP 200
[INFO] [1786109448.225677054] [mailrover_nav_bridge]: Nav2 accepted goal task=T1786109418 mission_type=delivery
[WARN] [1786109449.241093189] [mailrover_nav_bridge]: Navigation aborted task=T1786109418 mission_type=delivery
[WARN] [1786109449.242107195] [mailrover_nav_bridge]: Nav2 goal aborted for task=T1786109418; recovery=2/50; retrying the same destination in 2.0 seconds
[INFO] [1786109449.245432991] [mailrover_nav_bridge]: Reported RETRYING for task=T1786109418: HTTP 200
[WARN] [1786109451.246593148] [mailrover_nav_bridge]: Resending Nav2 goal task=T1786109418 mission_type=delivery destination=7011
[INFO] [1786109451.247335078] [mailrover_nav_bridge]: Dispatching task=T1786109418 mission_type=delivery drawer=D1 destination=7011 room=7011
[INFO] [1786109451.263007260] [mailrover_nav_bridge]: Reported MOVING for task=T1786109418: HTTP 200
[INFO] [1786109451.266054500] [mailrover_nav_bridge]: Nav2 accepted goal task=T1786109418 mission_type=delivery
[WARN] [1786109454.256744552] [mailrover_nav_bridge]: Navigation aborted task=T1786109418 mission_type=delivery
[WARN] [1786109454.257605075] [mailrover_nav_bridge]: Nav2 goal aborted for task=T1786109418; recovery=3/50; retrying the same destination in 2.0 seconds
[INFO] [1786109454.260301961] [mailrover_nav_bridge]: Reported RETRYING for task=T1786109418: HTTP 200
[WARN] [1786109456.262055158] [mailrover_nav_bridge]: Resending Nav2 goal task=T1786109418 mission_type=delivery destination=7011
[INFO] [1786109456.262849848] [mailrover_nav_bridge]: Dispatching task=T1786109418 mission_type=delivery drawer=D1 destination=7011 room=7011
[INFO] [1786109456.281016044] [mailrover_nav_bridge]: Reported MOVING for task=T1786109418: HTTP 200
[INFO] [1786109456.284646249] [mailrover_nav_bridge]: Nav2 accepted goal task=T1786109418 mission_type=delivery
[WARN] [1786109461.574398780] [mailrover_nav_bridge]: Navigation aborted task=T1786109418 mission_type=delivery
[WARN] [1786109461.575338877] [mailrover_nav_bridge]: Nav2 goal aborted for task=T1786109418; recovery=4/50; retrying the same destination in 2.0 seconds
[INFO] [1786109461.578131782] [mailrover_nav_bridge]: Reported RETRYING for task=T1786109418: HTTP 200
[WARN] [1786109463.579685997] [mailrover_nav_bridge]: Resending Nav2 goal task=T1786109418 mission_type=delivery destination=7011
[INFO] [1786109463.580434149] [mailrover_nav_bridge]: Dispatching task=T1786109418 mission_type=delivery drawer=D1 destination=7011 room=7011
[INFO] [1786109463.592778516] [mailrover_nav_bridge]: Reported MOVING for task=T1786109418: HTTP 200
[INFO] [1786109463.595339327] [mailrover_nav_bridge]: Nav2 accepted goal task=T1786109418 mission_type=delivery
[WARN] [1786109467.708863012] [mailrover_nav_bridge]: Navigation aborted task=T1786109418 mission_type=delivery
[WARN] [1786109467.709648498] [mailrover_nav_bridge]: Nav2 goal aborted for task=T1786109418; recovery=5/50; retrying the same destination in 2.0 seconds
[INFO] [1786109467.713025462] [mailrover_nav_bridge]: Reported RETRYING for task=T1786109418: HTTP 200
[WARN] [1786109469.714419380] [mailrover_nav_bridge]: Resending Nav2 goal task=T1786109418 mission_type=delivery destination=7011
[INFO] [1786109469.715119402] [mailrover_nav_bridge]: Dispatching task=T1786109418 mission_type=delivery drawer=D1 destination=7011 room=7011
[INFO] [1786109469.727835400] [mailrover_nav_bridge]: Reported MOVING for task=T1786109418: HTTP 200
[INFO] [1786109469.732305777] [mailrover_nav_bridge]: Nav2 accepted goal task=T1786109418 mission_type=delivery
[WARN] [1786109485.171551797] [mailrover_nav_bridge]: Navigation aborted task=T1786109418 mission_type=delivery
[WARN] [1786109485.179440064] [mailrover_nav_bridge]: Nav2 goal aborted for task=T1786109418; recovery=6/50; retrying the same destination in 2.0 seconds
[INFO] [1786109485.195337358] [mailrover_nav_bridge]: Reported RETRYING for task=T1786109418: HTTP 200
[WARN] [1786109487.196691757] [mailrover_nav_bridge]: Resending Nav2 goal task=T1786109418 mission_type=delivery destination=7011
[INFO] [1786109487.197462835] [mailrover_nav_bridge]: Dispatching task=T1786109418 mission_type=delivery drawer=D1 destination=7011 room=7011
[INFO] [1786109487.211413174] [mailrover_nav_bridge]: Reported MOVING for task=T1786109418: HTTP 200
[INFO] [1786109487.214192412] [mailrover_nav_bridge]: Nav2 accepted goal task=T1786109418 mission_type=delivery
[WARN] [1786109487.910112547] [mailrover_nav_bridge]: Navigation aborted task=T1786109418 mission_type=delivery
[WARN] [1786109487.911070164] [mailrover_nav_bridge]: Nav2 goal aborted for task=T1786109418; recovery=7/50; retrying the same destination in 2.0 seconds
[INFO] [1786109487.914249015] [mailrover_nav_bridge]: Reported RETRYING for task=T1786109418: HTTP 200
[WARN] [1786109489.915417321] [mailrover_nav_bridge]: Resending Nav2 goal task=T1786109418 mission_type=delivery destination=7011
[INFO] [1786109489.916111510] [mailrover_nav_bridge]: Dispatching task=T1786109418 mission_type=delivery drawer=D1 destination=7011 room=7011
[INFO] [1786109489.934709078] [mailrover_nav_bridge]: Reported MOVING for task=T1786109418: HTTP 200
[INFO] [1786109489.939965664] [mailrover_nav_bridge]: Nav2 accepted goal task=T1786109418 mission_type=delivery
[WARN] [1786109491.035432568] [mailrover_nav_bridge]: Navigation aborted task=T1786109418 mission_type=delivery
[WARN] [1786109491.036690316] [mailrover_nav_bridge]: Nav2 goal aborted for task=T1786109418; recovery=8/50; retrying the same destination in 2.0 seconds
[INFO] [1786109491.042251125] [mailrover_nav_bridge]: Reported RETRYING for task=T1786109418: HTTP 200
[WARN] [1786109493.044022230] [mailrover_nav_bridge]: Resending Nav2 goal task=T1786109418 mission_type=delivery destination=7011
[INFO] [1786109493.044687363] [mailrover_nav_bridge]: Dispatching task=T1786109418 mission_type=delivery drawer=D1 destination=7011 room=7011
[INFO] [1786109493.057514547] [mailrover_nav_bridge]: Reported MOVING for task=T1786109418: HTTP 200
[INFO] [1786109493.060637028] [mailrover_nav_bridge]: Nav2 accepted goal task=T1786109418 mission_type=delivery
[WARN] [1786109497.181383088] [mailrover_nav_bridge]: Navigation aborted task=T1786109418 mission_type=delivery
[WARN] [1786109497.182409131] [mailrover_nav_bridge]: Nav2 goal aborted for task=T1786109418; recovery=9/50; retrying the same destination in 2.0 seconds
[INFO] [1786109497.186097374] [mailrover_nav_bridge]: Reported RETRYING for task=T1786109418: HTTP 200
[WARN] [1786109499.187272327] [mailrover_nav_bridge]: Resending Nav2 goal task=T1786109418 mission_type=delivery destination=7011
[INFO] [1786109499.188010184] [mailrover_nav_bridge]: Dispatching task=T1786109418 mission_type=delivery drawer=D1 destination=7011 room=7011
[INFO] [1786109499.200160678] [mailrover_nav_bridge]: Reported MOVING for task=T1786109418: HTTP 200
[INFO] [1786109499.203111325] [mailrover_nav_bridge]: Nav2 accepted goal task=T1786109418 mission_type=delivery
[WARN] [1786109503.313688216] [mailrover_nav_bridge]: Navigation aborted task=T1786109418 mission_type=delivery
[WARN] [1786109503.314578944] [mailrover_nav_bridge]: Nav2 goal aborted for task=T1786109418; recovery=10/50; retrying the same destination in 2.0 seconds
[INFO] [1786109503.317308070] [mailrover_nav_bridge]: Reported RETRYING for task=T1786109418: HTTP 200
[WARN] [1786109505.318516098] [mailrover_nav_bridge]: Resending Nav2 goal task=T1786109418 mission_type=delivery destination=7011
[INFO] [1786109505.319261324] [mailrover_nav_bridge]: Dispatching task=T1786109418 mission_type=delivery drawer=D1 destination=7011 room=7011
[INFO] [1786109505.332500622] [mailrover_nav_bridge]: Reported MOVING for task=T1786109418: HTTP 200
[INFO] [1786109505.347184797] [mailrover_nav_bridge]: Nav2 accepted goal task=T1786109418 mission_type=delivery
[WARN] [1786109506.456478502] [mailrover_nav_bridge]: Navigation aborted task=T1786109418 mission_type=delivery
[WARN] [1786109506.457518638] [mailrover_nav_bridge]: Nav2 goal aborted for task=T1786109418; recovery=11/50; retrying the same destination in 2.0 seconds
[INFO] [1786109506.460772638] [mailrover_nav_bridge]: Reported RETRYING for task=T1786109418: HTTP 200
[WARN] [1786109508.462284926] [mailrover_nav_bridge]: Resending Nav2 goal task=T1786109418 mission_type=delivery destination=7011
[INFO] [1786109508.463003468] [mailrover_nav_bridge]: Dispatching task=T1786109418 mission_type=delivery drawer=D1 destination=7011 room=7011
[INFO] [1786109508.476520692] [mailrover_nav_bridge]: Reported MOVING for task=T1786109418: HTTP 200
[INFO] [1786109508.479097170] [mailrover_nav_bridge]: Nav2 accepted goal task=T1786109418 mission_type=delivery
[WARN] [1786109527.880313478] [mailrover_nav_bridge]: Navigation aborted task=T1786109418 mission_type=delivery
[WARN] [1786109527.881298817] [mailrover_nav_bridge]: Nav2 goal aborted for task=T1786109418; recovery=12/50; retrying the same destination in 2.0 seconds
[INFO] [1786109527.887222517] [mailrover_nav_bridge]: Reported RETRYING for task=T1786109418: HTTP 200
[WARN] [1786109529.888330118] [mailrover_nav_bridge]: Resending Nav2 goal task=T1786109418 mission_type=delivery destination=7011
[INFO] [1786109529.888891825] [mailrover_nav_bridge]: Dispatching task=T1786109418 mission_type=delivery drawer=D1 destination=7011 room=7011
[INFO] [1786109529.900755133] [mailrover_nav_bridge]: Reported MOVING for task=T1786109418: HTTP 200
[INFO] [1786109529.906516592] [mailrover_nav_bridge]: Nav2 accepted goal task=T1786109418 mission_type=delivery
[WARN] [1786109538.525469800] [mailrover_nav_bridge]: Navigation aborted task=T1786109418 mission_type=delivery
[WARN] [1786109538.526421250] [mailrover_nav_bridge]: Nav2 goal aborted for task=T1786109418; recovery=13/50; retrying the same destination in 2.0 seconds
[INFO] [1786109538.530137826] [mailrover_nav_bridge]: Reported RETRYING for task=T1786109418: HTTP 200
[WARN] [1786109540.531557522] [mailrover_nav_bridge]: Resending Nav2 goal task=T1786109418 mission_type=delivery destination=7011
[INFO] [1786109540.532477045] [mailrover_nav_bridge]: Dispatching task=T1786109418 mission_type=delivery drawer=D1 destination=7011 room=7011
[INFO] [1786109540.546355421] [mailrover_nav_bridge]: Reported MOVING for task=T1786109418: HTTP 200
[INFO] [1786109540.549002084] [mailrover_nav_bridge]: Nav2 accepted goal task=T1786109418 mission_type=delivery
[WARN] [1786109541.440760183] [mailrover_nav_bridge]: Navigation aborted task=T1786109418 mission_type=delivery
[WARN] [1786109541.441999598] [mailrover_nav_bridge]: Nav2 goal aborted for task=T1786109418; recovery=14/50; retrying the same destination in 2.0 seconds
[INFO] [1786109541.445378487] [mailrover_nav_bridge]: Reported RETRYING for task=T1786109418: HTTP 200
[WARN] [1786109543.446504940] [mailrover_nav_bridge]: Resending Nav2 goal task=T1786109418 mission_type=delivery destination=7011
[INFO] [1786109543.447295982] [mailrover_nav_bridge]: Dispatching task=T1786109418 mission_type=delivery drawer=D1 destination=7011 room=7011
[INFO] [1786109543.462863181] [mailrover_nav_bridge]: Reported MOVING for task=T1786109418: HTTP 200
[INFO] [1786109543.466802500] [mailrover_nav_bridge]: Nav2 accepted goal task=T1786109418 mission_type=delivery
[WARN] [1786109544.449782488] [mailrover_nav_bridge]: Navigation aborted task=T1786109418 mission_type=delivery
[WARN] [1786109544.450583029] [mailrover_nav_bridge]: Nav2 goal aborted for task=T1786109418; recovery=15/50; retrying the same destination in 2.0 seconds
[INFO] [1786109544.454021104] [mailrover_nav_bridge]: Reported RETRYING for task=T1786109418: HTTP 200
[WARN] [1786109546.455586616] [mailrover_nav_bridge]: Resending Nav2 goal task=T1786109418 mission_type=delivery destination=7011
[INFO] [1786109546.456348972] [mailrover_nav_bridge]: Dispatching task=T1786109418 mission_type=delivery drawer=D1 destination=7011 room=7011
[INFO] [1786109546.476179714] [mailrover_nav_bridge]: Reported MOVING for task=T1786109418: HTTP 200
[INFO] [1786109546.478856618] [mailrover_nav_bridge]: Nav2 accepted goal task=T1786109418 mission_type=delivery
[WARN] [1786109550.591014685] [mailrover_nav_bridge]: Navigation aborted task=T1786109418 mission_type=delivery
[WARN] [1786109550.591843505] [mailrover_nav_bridge]: Nav2 goal aborted for task=T1786109418; recovery=16/50; retrying the same destination in 2.0 seconds
[INFO] [1786109550.594922337] [mailrover_nav_bridge]: Reported RETRYING for task=T1786109418: HTTP 200
[WARN] [1786109552.596168846] [mailrover_nav_bridge]: Resending Nav2 goal task=T1786109418 mission_type=delivery destination=7011
[INFO] [1786109552.596987036] [mailrover_nav_bridge]: Dispatching task=T1786109418 mission_type=delivery drawer=D1 destination=7011 room=7011
[INFO] [1786109552.610097944] [mailrover_nav_bridge]: Reported MOVING for task=T1786109418: HTTP 200
[INFO] [1786109552.613423703] [mailrover_nav_bridge]: Nav2 accepted goal task=T1786109418 mission_type=delivery
[WARN] [1786109555.628985564] [mailrover_nav_bridge]: Navigation aborted task=T1786109418 mission_type=delivery
[WARN] [1786109555.630233885] [mailrover_nav_bridge]: Nav2 goal aborted for task=T1786109418; recovery=17/50; retrying the same destination in 2.0 seconds
[INFO] [1786109555.634056722] [mailrover_nav_bridge]: Reported RETRYING for task=T1786109418: HTTP 200
[WARN] [1786109557.635922142] [mailrover_nav_bridge]: Resending Nav2 goal task=T1786109418 mission_type=delivery destination=7011
[INFO] [1786109557.638730343] [mailrover_nav_bridge]: Dispatching task=T1786109418 mission_type=delivery drawer=D1 destination=7011 room=7011
[INFO] [1786109557.653852651] [mailrover_nav_bridge]: Reported MOVING for task=T1786109418: HTTP 200
[INFO] [1786109557.658785661] [mailrover_nav_bridge]: Nav2 accepted goal task=T1786109418 mission_type=delivery
[WARN] [1786109558.655106187] [mailrover_nav_bridge]: Navigation aborted task=T1786109418 mission_type=delivery
[WARN] [1786109558.655894877] [mailrover_nav_bridge]: Nav2 goal aborted for task=T1786109418; recovery=18/50; retrying the same destination in 2.0 seconds
[INFO] [1786109558.659160192] [mailrover_nav_bridge]: Reported RETRYING for task=T1786109418: HTTP 200
[WARN] [1786109560.660453627] [mailrover_nav_bridge]: Resending Nav2 goal task=T1786109418 mission_type=delivery destination=7011
[INFO] [1786109560.661418633] [mailrover_nav_bridge]: Dispatching task=T1786109418 mission_type=delivery drawer=D1 destination=7011 room=7011
[INFO] [1786109560.674563967] [mailrover_nav_bridge]: Reported MOVING for task=T1786109418: HTTP 200
[INFO] [1786109560.677137389] [mailrover_nav_bridge]: Nav2 accepted goal task=T1786109418 mission_type=delivery
[WARN] [1786109564.885654021] [mailrover_nav_bridge]: Navigation aborted task=T1786109418 mission_type=delivery
[WARN] [1786109564.886398711] [mailrover_nav_bridge]: Nav2 goal aborted for task=T1786109418; recovery=19/50; retrying the same destination in 2.0 seconds
[INFO] [1786109564.889375709] [mailrover_nav_bridge]: Reported RETRYING for task=T1786109418: HTTP 200
[WARN] [1786109566.890582033] [mailrover_nav_bridge]: Resending Nav2 goal task=T1786109418 mission_type=delivery destination=7011
[INFO] [1786109566.891337426] [mailrover_nav_bridge]: Dispatching task=T1786109418 mission_type=delivery drawer=D1 destination=7011 room=7011
[INFO] [1786109566.907392314] [mailrover_nav_bridge]: Reported MOVING for task=T1786109418: HTTP 200
[INFO] [1786109566.910133811] [mailrover_nav_bridge]: Nav2 accepted goal task=T1786109418 mission_type=delivery
[WARN] [1786109574.128682624] [mailrover_nav_bridge]: Navigation aborted task=T1786109418 mission_type=delivery
[WARN] [1786109574.129867149] [mailrover_nav_bridge]: Nav2 goal aborted for task=T1786109418; recovery=20/50; retrying the same destination in 2.0 seconds
[INFO] [1786109574.134632047] [mailrover_nav_bridge]: Reported RETRYING for task=T1786109418: HTTP 200
[WARN] [1786109576.138055087] [mailrover_nav_bridge]: Resending Nav2 goal task=T1786109418 mission_type=delivery destination=7011
[INFO] [1786109576.138870202] [mailrover_nav_bridge]: Dispatching task=T1786109418 mission_type=delivery drawer=D1 destination=7011 room=7011
[INFO] [1786109576.150663344] [mailrover_nav_bridge]: Reported MOVING for task=T1786109418: HTTP 200
[INFO] [1786109576.156550488] [mailrover_nav_bridge]: Nav2 accepted goal task=T1786109418 mission_type=delivery
