[INFO] [1775608359.382399665] [motor_controller]: Motor Controller Node started
[INFO] [1775608416.935075404] [motor_controller]: cmd_vel -> linear=0.35, angular=0.00, left=0.19, right=0.19
[INFO] [1775608417.434341096] [motor_controller]: cmd_vel -> linear=0.35, angular=0.00, left=0.19, right=0.19
[INFO] [1775608417.499011532] [motor_controller]: cmd_vel -> linear=0.35, angular=0.00, left=0.19, right=0.19
[INFO] [1775608417.500285259] [motor_controller]: cmd_vel -> linear=0.35, angular=0.00, left=0.19, right=0.19
[INFO] [1775608417.556803724] [motor_controller]: cmd_vel -> linear=0.35, angular=0.00, left=0.19, right=0.19
[INFO] [1775608417.558045821] [motor_controller]: cmd_vel -> linear=0.35, angular=0.00, left=0.19, right=0.19
[INFO] [1775608417.614386687] [motor_controller]: cmd_vel -> linear=0.35, angular=0.00, left=0.19, right=0.19
[INFO] [1775608417.615650007] [motor_controller]: cmd_vel -> linear=0.35, angular=0.00, left=0.19, right=0.19
[INFO] [1775608417.672274475] [motor_controller]: cmd_vel -> linear=0.35, angular=0.00, left=0.19, right=0.19
[INFO] [1775608417.673515442] [motor_controller]: cmd_vel -> linear=0.35, angular=0.00, left=0.19, right=0.19
[INFO] [1775608417.741744162] [motor_controller]: cmd_vel -> linear=0.35, angular=0.00, left=0.19, right=0.19
[INFO] [1775608417.802538934] [motor_controller]: cmd_vel -> linear=0.35, angular=0.00, left=0.19, right=0.19
[INFO] [1775608417.803846310] [motor_controller]: cmd_vel -> linear=0.35, angular=0.00, left=0.19, right=0.19
[INFO] [1775608417.805068572] [motor_controller]: cmd_vel -> linear=0.35, angular=0.00, left=0.19, right=0.19
[INFO] [1775608417.860438629] [motor_controller]: cmd_vel -> linear=0.35, angular=0.00, left=0.19, right=0.19
[INFO] [1775608417.861704523] [motor_controller]: cmd_vel -> linear=0.35, angular=0.00, left=0.19, right=0.19
[INFO] [1775608417.918795284] [motor_controller]: cmd_vel -> linear=0.35, angular=0.00, left=0.19, right=0.19
[INFO] [1775608417.920043640] [motor_controller]: cmd_vel -> linear=0.35, angular=0.00, left=0.19, right=0.19
[INFO] [1775608417.976514104] [motor_controller]: cmd_vel -> linear=0.35, angular=0.00, left=0.19, right=0.19
[INFO] [1775608417.977788442] [motor_controller]: cmd_vel -> linear=0.35, angular=0.00, left=0.19, right=0.19
[INFO] [1775608418.036429680] [motor_controller]: cmd_vel -> linear=0.35, angular=0.00, left=0.19, right=0.19
[INFO] [1775608418.094591761] [motor_controller]: cmd_vel -> linear=0.35, angular=0.00, left=0.19, right=0.19
[INFO] [1775608418.095863691] [motor_controller]: cmd_vel -> linear=0.35, angular=0.00, left=0.19, right=0.19
[INFO] [1775608418.157961399] [motor_controller]: cmd_vel -> linear=0.35, angular=0.00, left=0.19, right=0.19
[INFO] [1775608418.159213346] [motor_controller]: cmd_vel -> linear=0.35, angular=0.00, left=0.19, right=0.19
[INFO] [1775608418.216131443] [motor_controller]: cmd_vel -> linear=0.35, angular=0.00, left=0.19, right=0.19
[INFO] [1775608418.217388076] [motor_controller]: cmd_vel -> linear=0.35, angular=0.00, left=0.19, right=0.19
[INFO] [1775608418.273854991] [motor_controller]: cmd_vel -> linear=0.35, angular=0.00, left=0.19, right=0.19
[INFO] [1775608418.275146329] [motor_controller]: cmd_vel -> linear=0.35, angular=0.00, left=0.19, right=0.19
[INFO] [1775608418.334084823] [motor_controller]: cmd_vel -> linear=0.35, angular=0.00, left=0.19, right=0.19
[INFO] [1775608418.335369216] [motor_controller]: cmd_vel -> linear=0.35, angular=0.00, left=0.19, right=0.19
[INFO] [1775608418.392338481] [motor_controller]: cmd_vel -> linear=0.35, angular=0.00, left=0.19, right=0.19
[INFO] [1775608418.393635801] [motor_controller]: cmd_vel -> linear=0.35, angular=0.00, left=0.19, right=0.19
[INFO] [1775608418.450067288] [motor_controller]: cmd_vel -> linear=0.35, angular=0.00, left=0.19, right=0.19
[INFO] [1775608418.451319292] [motor_controller]: cmd_vel -> linear=0.35, angular=0.00, left=0.19, right=0.19
[INFO] [1775608418.507807115] [motor_controller]: cmd_vel -> linear=0.35, angular=0.00, left=0.19, right=0.19
[INFO] [1775608418.509062692] [motor_controller]: cmd_vel -> linear=0.35, angular=0.00, left=0.19, right=0.19
[INFO] [1775608418.565560664] [motor_controller]: cmd_vel -> linear=0.35, angular=0.00, left=0.19, right=0.19
[INFO] [1775608418.568367958] [motor_controller]: cmd_vel -> linear=0.35, angular=0.00, left=0.19, right=0.19
[INFO] [1775608418.623432957] [motor_controller]: cmd_vel -> linear=0.35, angular=0.00, left=0.19, right=0.19
[INFO] [1775608418.624712887] [motor_controller]: cmd_vel -> linear=0.35, angular=0.00, left=0.19, right=0.19
[INFO] [1775608418.681531777] [motor_controller]: cmd_vel -> linear=0.35, angular=0.00, left=0.19, right=0.19
[INFO] [1775608418.739215620] [motor_controller]: cmd_vel -> linear=0.35, angular=0.00, left=0.19, right=0.19
[INFO] [1775608418.740512310] [motor_controller]: cmd_vel -> linear=0.35, angular=0.00, left=0.19, right=0.19
[INFO] [1775608418.796871684] [motor_controller]: cmd_vel -> linear=0.35, angular=0.00, left=0.19, right=0.19
[INFO] [1775608418.798146281] [motor_controller]: cmd_vel -> linear=0.35, angular=0.00, left=0.19, right=0.19
[INFO] [1775608418.869118182] [motor_controller]: cmd_vel -> linear=0.35, angular=0.00, left=0.19, right=0.19
[INFO] [1775608418.870351185] [motor_controller]: cmd_vel -> linear=0.35, angular=0.00, left=0.19, right=0.19
[INFO] [1775608418.928914890] [motor_controller]: cmd_vel -> linear=0.35, angular=0.00, left=0.19, right=0.19
[INFO] [1775608418.930196987] [motor_controller]: cmd_vel -> linear=0.35, angular=0.00, left=0.19, right=0.19
[INFO] [1775608418.931371228] [motor_controller]: cmd_vel -> linear=0.35, angular=0.00, left=0.19, right=0.19
[INFO] [1775608418.986526027] [motor_controller]: cmd_vel -> linear=0.35, angular=0.00, left=0.19, right=0.19
[INFO] [1775608418.987765733] [motor_controller]: cmd_vel -> linear=0.35, angular=0.00, left=0.19, right=0.19
[INFO] [1775608419.044118123] [motor_controller]: cmd_vel -> linear=0.35, angular=0.00, left=0.19, right=0.19
[INFO] [1775608419.045361014] [motor_controller]: cmd_vel -> linear=0.35, angular=0.00, left=0.19, right=0.19
[INFO] [1775608419.102317045] [motor_controller]: cmd_vel -> linear=0.35, angular=0.00, left=0.19, right=0.19
[INFO] [1775608419.160065916] [motor_controller]: cmd_vel -> linear=0.35, angular=0.00, left=0.19, right=0.19
[INFO] [1775608419.161346030] [motor_controller]: cmd_vel -> linear=0.35, angular=0.00, left=0.19, right=0.19
[INFO] [1775608419.217839306] [motor_controller]: cmd_vel -> linear=0.35, angular=0.00, left=0.19, right=0.19
[INFO] [1775608419.995459851] [motor_controller]: cmd_vel -> linear=-0.35, angular=0.00, left=-0.19, right=-0.19
[INFO] [1775608420.494336651] [motor_controller]: cmd_vel -> linear=-0.35, angular=0.00, left=-0.19, right=-0.19
[INFO] [1775608420.555107587] [motor_controller]: cmd_vel -> linear=-0.35, angular=0.00, left=-0.19, right=-0.19
[INFO] [1775608420.556367127] [motor_controller]: cmd_vel -> linear=-0.35, angular=0.00, left=-0.19, right=-0.19
[INFO] [1775608420.612780575] [motor_controller]: cmd_vel -> linear=-0.35, angular=0.00, left=-0.19, right=-0.19
[INFO] [1775608420.613998076] [motor_controller]: cmd_vel -> linear=-0.35, angular=0.00, left=-0.19, right=-0.19
[INFO] [1775608420.670306299] [motor_controller]: cmd_vel -> linear=-0.35, angular=0.00, left=-0.19, right=-0.19
[INFO] [1775608433.665386726] [motor_controller]: cmd_vel -> linear=0.00, angular=0.25, left=-0.14, right=0.14
[INFO] [1775608434.162329360] [motor_controller]: cmd_vel -> linear=0.00, angular=0.25, left=-0.14, right=0.14
[INFO] [1775608434.226071276] [motor_controller]: cmd_vel -> linear=0.00, angular=0.25, left=-0.14, right=0.14
[INFO] [1775608434.227414995] [motor_controller]: cmd_vel -> linear=0.00, angular=0.25, left=-0.14, right=0.14
[INFO] [1775608434.284001875] [motor_controller]: cmd_vel -> linear=0.00, angular=0.25, left=-0.14, right=0.14
[INFO] [1775608434.285282149] [motor_controller]: cmd_vel -> linear=0.00, angular=0.25, left=-0.14, right=0.14
[INFO] [1775608434.341675042] [motor_controller]: cmd_vel -> linear=0.00, angular=0.25, left=-0.14, right=0.14
[INFO] [1775608434.342902592] [motor_controller]: cmd_vel -> linear=0.00, angular=0.25, left=-0.14, right=0.14
[INFO] [1775608434.400245732] [motor_controller]: cmd_vel -> linear=0.00, angular=0.25, left=-0.14, right=0.14
[INFO] [1775608434.458323687] [motor_controller]: cmd_vel -> linear=0.00, angular=0.25, left=-0.14, right=0.14
[INFO] [1775608434.459584775] [motor_controller]: cmd_vel -> linear=0.00, angular=0.25, left=-0.14, right=0.14
[INFO] [1775608434.516745762] [motor_controller]: cmd_vel -> linear=0.00, angular=0.25, left=-0.14, right=0.14
[INFO] [1775608434.517981794] [motor_controller]: cmd_vel -> linear=0.00, angular=0.25, left=-0.14, right=0.14
[INFO] [1775608434.574469227] [motor_controller]: cmd_vel -> linear=0.00, angular=0.25, left=-0.14, right=0.14
[INFO] [1775608434.575709277] [motor_controller]: cmd_vel -> linear=0.00, angular=0.25, left=-0.14, right=0.14
[INFO] [1775608434.633168383] [motor_controller]: cmd_vel -> linear=0.00, angular=0.25, left=-0.14, right=0.14
[INFO] [1775608434.634535733] [motor_controller]: cmd_vel -> linear=0.00, angular=0.25, left=-0.14, right=0.14
[INFO] [1775608434.694319751] [motor_controller]: cmd_vel -> linear=0.00, angular=0.25, left=-0.14, right=0.14
[INFO] [1775608434.695583913] [motor_controller]: cmd_vel -> linear=0.00, angular=0.25, left=-0.14, right=0.14
[INFO] [1775608434.758047036] [motor_controller]: cmd_vel -> linear=0.00, angular=0.25, left=-0.14, right=0.14
[INFO] [1775608434.759303809] [motor_controller]: cmd_vel -> linear=0.00, angular=0.25, left=-0.14, right=0.14
[INFO] [1775608434.815714629] [motor_controller]: cmd_vel -> linear=0.00, angular=0.25, left=-0.14, right=0.14
[INFO] [1775608434.817009384] [motor_controller]: cmd_vel -> linear=0.00, angular=0.25, left=-0.14, right=0.14
[INFO] [1775608434.873429371] [motor_controller]: cmd_vel -> linear=0.00, angular=0.25, left=-0.14, right=0.14
[INFO] [1775608434.874667606] [motor_controller]: cmd_vel -> linear=0.00, angular=0.25, left=-0.14, right=0.14
[INFO] [1775608434.942977713] [motor_controller]: cmd_vel -> linear=0.00, angular=0.25, left=-0.14, right=0.14
[INFO] [1775608434.944202263] [motor_controller]: cmd_vel -> linear=0.00, angular=0.25, left=-0.14, right=0.14
[INFO] [1775608435.000719234] [motor_controller]: cmd_vel -> linear=0.00, angular=0.25, left=-0.14, right=0.14
[INFO] [1775608435.001962247] [motor_controller]: cmd_vel -> linear=0.00, angular=0.25, left=-0.14, right=0.14
[INFO] [1775608435.058476367] [motor_controller]: cmd_vel -> linear=0.00, angular=0.25, left=-0.14, right=0.14
[INFO] [1775608435.059737565] [motor_controller]: cmd_vel -> linear=0.00, angular=0.25, left=-0.14, right=0.14
[INFO] [1775608435.116219943] [motor_controller]: cmd_vel -> linear=0.00, angular=0.25, left=-0.14, right=0.14
[INFO] [1775608437.792854000] [motor_controller]: cmd_vel -> linear=0.00, angular=-0.25, left=0.14, right=-0.14
[INFO] [1775608438.288638802] [motor_controller]: cmd_vel -> linear=0.00, angular=-0.25, left=0.14, right=-0.14
[INFO] [1775608438.348968632] [motor_controller]: cmd_vel -> linear=0.00, angular=-0.25, left=0.14, right=-0.14
[INFO] [1775608438.406769104] [motor_controller]: cmd_vel -> linear=0.00, angular=-0.25, left=0.14, right=-0.14
[INFO] [1775608438.407986412] [motor_controller]: cmd_vel -> linear=0.00, angular=-0.25, left=0.14, right=-0.14
[INFO] [1775608438.464863509] [motor_controller]: cmd_vel -> linear=0.00, angular=-0.25, left=0.14, right=-0.14
[INFO] [1775608438.466173245] [motor_controller]: cmd_vel -> linear=0.00, angular=-0.25, left=0.14, right=-0.14
[INFO] [1775608438.530163702] [motor_controller]: cmd_vel -> linear=0.00, angular=-0.25, left=0.14, right=-0.14
[INFO] [1775608438.531445234] [motor_controller]: cmd_vel -> linear=0.00, angular=-0.25, left=0.14, right=-0.14
[INFO] [1775608438.588568763] [motor_controller]: cmd_vel -> linear=0.00, angular=-0.25, left=0.14, right=-0.14
[INFO] [1775608438.589830220] [motor_controller]: cmd_vel -> linear=0.00, angular=-0.25, left=0.14, right=-0.14
[INFO] [1775608438.647896143] [motor_controller]: cmd_vel -> linear=0.00, angular=-0.25, left=0.14, right=-0.14
[INFO] [1775608438.649187656] [motor_controller]: cmd_vel -> linear=0.00, angular=-0.25, left=0.14, right=-0.14
[INFO] [1775608438.707190615] [motor_controller]: cmd_vel -> linear=0.00, angular=-0.25, left=0.14, right=-0.14
[INFO] [1775608438.708447905] [motor_controller]: cmd_vel -> linear=0.00, angular=-0.25, left=0.14, right=-0.14
[INFO] [1775608438.767905010] [motor_controller]: cmd_vel -> linear=0.00, angular=-0.25, left=0.14, right=-0.14
[INFO] [1775608438.769142540] [motor_controller]: cmd_vel -> linear=0.00, angular=-0.25, left=0.14, right=-0.14
[INFO] [1775608442.128835561] [motor_controller]: cmd_vel -> linear=0.35, angular=0.00, left=0.19, right=0.19
[INFO] [1775608442.635131125] [motor_controller]: cmd_vel -> linear=0.35, angular=0.00, left=0.19, right=0.19
[INFO] [1775608442.696281967] [motor_controller]: cmd_vel -> linear=0.35, angular=0.00, left=0.19, right=0.19
[INFO] [1775608442.697594257] [motor_controller]: cmd_vel -> linear=0.35, angular=0.00, left=0.19, right=0.19
[INFO] [1775608442.754941399] [motor_controller]: cmd_vel -> linear=0.35, angular=0.00, left=0.19, right=0.19
[INFO] [1775608442.756243392] [motor_controller]: cmd_vel -> linear=0.35, angular=0.00, left=0.19, right=0.19
[INFO] [1775608442.812718699] [motor_controller]: cmd_vel -> linear=0.35, angular=0.00, left=0.19, right=0.19
[INFO] [1775608442.813975673] [motor_controller]: cmd_vel -> linear=0.35, angular=0.00, left=0.19, right=0.19
[INFO] [1775608442.870994103] [motor_controller]: cmd_vel -> linear=0.35, angular=0.00, left=0.19, right=0.19
[INFO] [1775608442.872242447] [motor_controller]: cmd_vel -> linear=0.35, angular=0.00, left=0.19, right=0.19
[INFO] [1775608442.945172714] [motor_controller]: cmd_vel -> linear=0.35, angular=0.00, left=0.19, right=0.19
[INFO] [1775608443.006070901] [motor_controller]: cmd_vel -> linear=0.35, angular=0.00, left=0.19, right=0.19
[INFO] [1775608443.007371616] [motor_controller]: cmd_vel -> linear=0.35, angular=0.00, left=0.19, right=0.19
[INFO] [1775608443.008612627] [motor_controller]: cmd_vel -> linear=0.35, angular=0.00, left=0.19, right=0.19
[INFO] [1775608443.063776241] [motor_controller]: cmd_vel -> linear=0.35, angular=0.00, left=0.19, right=0.19
[INFO] [1775608443.065015455] [motor_controller]: cmd_vel -> linear=0.35, angular=0.00, left=0.19, right=0.19
[INFO] [1775608443.121518471] [motor_controller]: cmd_vel -> linear=0.35, angular=0.00, left=0.19, right=0.19
[INFO] [1775608443.122755870] [motor_controller]: cmd_vel -> linear=0.35, angular=0.00, left=0.19, right=0.19
[INFO] [1775608443.179250108] [motor_controller]: cmd_vel -> linear=0.35, angular=0.00, left=0.19, right=0.19
[INFO] [1775608443.180526730] [motor_controller]: cmd_vel -> linear=0.35, angular=0.00, left=0.19, right=0.19
[INFO] [1775608443.244357638] [motor_controller]: cmd_vel -> linear=0.35, angular=0.00, left=0.19, right=0.19
[INFO] [1775608444.468630514] [motor_controller]: cmd_vel -> linear=0.35, angular=0.00, left=0.19, right=0.19
[INFO] [1775608446.312377016] [motor_controller]: cmd_vel -> linear=0.35, angular=0.00, left=0.19, right=0.19
[INFO] [1775608447.064085893] [motor_controller]: cmd_vel -> linear=0.35, angular=0.00, left=0.19, right=0.19
[INFO] [1775608458.360128990] [motor_controller]: cmd_vel -> linear=0.35, angular=0.00, left=0.19, right=0.19
[INFO] [1775608458.858728972] [motor_controller]: cmd_vel -> linear=0.35, angular=0.00, left=0.19, right=0.19
[INFO] [1775608458.919891460] [motor_controller]: cmd_vel -> linear=0.35, angular=0.00, left=0.19, right=0.19
[INFO] [1775608458.977597248] [motor_controller]: cmd_vel -> linear=0.35, angular=0.00, left=0.19, right=0.19
[INFO] [1775608458.978864126] [motor_controller]: cmd_vel -> linear=0.35, angular=0.00, left=0.19, right=0.19
[INFO] [1775608458.980018668] [motor_controller]: cmd_vel -> linear=0.35, angular=0.00, left=0.19, right=0.19
[INFO] [1775608459.036688355] [motor_controller]: cmd_vel -> linear=0.35, angular=0.00, left=0.19, right=0.19
[INFO] [1775608459.097559384] [motor_controller]: cmd_vel -> linear=0.35, angular=0.00, left=0.19, right=0.19
[INFO] [1775608459.098860966] [motor_controller]: cmd_vel -> linear=0.35, angular=0.00, left=0.19, right=0.19
[INFO] [1775608459.155290386] [motor_controller]: cmd_vel -> linear=0.35, angular=0.00, left=0.19, right=0.19
[INFO] [1775608459.413941901] [motor_controller]: cmd_vel -> linear=0.35, angular=0.00, left=0.19, right=0.19
[INFO] [1775608459.909550732] [motor_controller]: cmd_vel -> linear=0.35, angular=0.00, left=0.19, right=0.19
[INFO] [1775608459.969987492] [motor_controller]: cmd_vel -> linear=0.35, angular=0.00, left=0.19, right=0.19
[INFO] [1775608460.043674423] [motor_controller]: cmd_vel -> linear=0.35, angular=0.00, left=0.19, right=0.19
[INFO] [1775608460.044916003] [motor_controller]: cmd_vel -> linear=0.35, angular=0.00, left=0.19, right=0.19
[INFO] [1775608460.104562443] [motor_controller]: cmd_vel -> linear=0.35, angular=0.00, left=0.19, right=0.19
[INFO] [1775608460.105847062] [motor_controller]: cmd_vel -> linear=0.35, angular=0.00, left=0.19, right=0.19
[INFO] [1775608460.107033308] [motor_controller]: cmd_vel -> linear=0.35, angular=0.00, left=0.19, right=0.19
[INFO] [1775608460.163309106] [motor_controller]: cmd_vel -> linear=0.35, angular=0.00, left=0.19, right=0.19
[INFO] [1775608460.164600836] [motor_controller]: cmd_vel -> linear=0.35, angular=0.00, left=0.19, right=0.19
[INFO] [1775608460.221810116] [motor_controller]: cmd_vel -> linear=0.35, angular=0.00, left=0.19, right=0.19
[INFO] [1775608460.223062326] [motor_controller]: cmd_vel -> linear=0.35, angular=0.00, left=0.19, right=0.19
[INFO] [1775608460.294481984] [motor_controller]: cmd_vel -> linear=0.35, angular=0.00, left=0.19, right=0.19
[INFO] [1775608460.295733083] [motor_controller]: cmd_vel -> linear=0.35, angular=0.00, left=0.19, right=0.19
[INFO] [1775608460.355014238] [motor_controller]: cmd_vel -> linear=0.35, angular=0.00, left=0.19, right=0.19
[INFO] [1775608460.356273041] [motor_controller]: cmd_vel -> linear=0.35, angular=0.00, left=0.19, right=0.19
[INFO] [1775608460.413014516] [motor_controller]: cmd_vel -> linear=0.35, angular=0.00, left=0.19, right=0.19
[INFO] [1775608460.414261115] [motor_controller]: cmd_vel -> linear=0.35, angular=0.00, left=0.19, right=0.19
[INFO] [1775608460.471917589] [motor_controller]: cmd_vel -> linear=0.35, angular=0.00, left=0.19, right=0.19
[INFO] [1775608460.473157336] [motor_controller]: cmd_vel -> linear=0.35, angular=0.00, left=0.19, right=0.19
[INFO] [1775608460.529471116] [motor_controller]: cmd_vel -> linear=0.35, angular=0.00, left=0.19, right=0.19
[INFO] [1775608460.530753216] [motor_controller]: cmd_vel -> linear=0.35, angular=0.00, left=0.19, right=0.19
[INFO] [1775608460.587033811] [motor_controller]: cmd_vel -> linear=0.35, angular=0.00, left=0.19, right=0.19
[INFO] [1775608460.588249057] [motor_controller]: cmd_vel -> linear=0.35, angular=0.00, left=0.19, right=0.19
[INFO] [1775608460.645015180] [motor_controller]: cmd_vel -> linear=0.35, angular=0.00, left=0.19, right=0.19
[INFO] [1775608460.646250650] [motor_controller]: cmd_vel -> linear=0.35, angular=0.00, left=0.19, right=0.19
[INFO] [1775608460.702910696] [motor_controller]: cmd_vel -> linear=0.35, angular=0.00, left=0.19, right=0.19
[INFO] [1775608460.704132924] [motor_controller]: cmd_vel -> linear=0.35, angular=0.00, left=0.19, right=0.19
[INFO] [1775608476.601495260] [motor_controller]: cmd_vel -> linear=0.35, angular=0.00, left=0.19, right=0.19
[INFO] [1775608476.914943871] [motor_controller]: cmd_vel -> linear=0.35, angular=0.00, left=0.19, right=0.19
[INFO] [1775608477.291084924] [motor_controller]: cmd_vel -> linear=0.35, angular=0.00, left=0.19, right=0.19
[INFO] [1775608478.281137974] [motor_controller]: cmd_vel -> linear=0.35, angular=0.00, left=0.19, right=0.19
[INFO] [1775608479.519017107] [motor_controller]: cmd_vel -> linear=0.35, angular=0.00, left=0.19, right=0.19
[INFO] [1775608491.963498081] [motor_controller]: cmd_vel -> linear=0.35, angular=0.00, left=0.19, right=0.19
[INFO] [1775608493.471966181] [motor_controller]: cmd_vel -> linear=0.35, angular=0.00, left=0.19, right=0.19
[INFO] [1775608494.902571654] [motor_controller]: cmd_vel -> linear=0.35, angular=0.00, left=0.19, right=0.19
[INFO] [1775608497.214382771] [motor_controller]: cmd_vel -> linear=-0.35, angular=0.00, left=-0.19, right=-0.19
[INFO] [1775608497.722191846] [motor_controller]: cmd_vel -> linear=-0.35, angular=0.00, left=-0.19, right=-0.19
[INFO] [1775608497.783039964] [motor_controller]: cmd_vel -> linear=-0.35, angular=0.00, left=-0.19, right=-0.19
[INFO] [1775608497.784299898] [motor_controller]: cmd_vel -> linear=-0.35, angular=0.00, left=-0.19, right=-0.19
[INFO] [1775608560.963326392] [motor_controller]: cmd_vel -> linear=0.35, angular=0.00, left=0.19, right=0.19
[INFO] [1775608561.460474875] [motor_controller]: cmd_vel -> linear=0.35, angular=0.00, left=0.19, right=0.19
[INFO] [1775608561.521366378] [motor_controller]: cmd_vel -> linear=0.35, angular=0.00, left=0.19, right=0.19
[INFO] [1775608561.578991860] [motor_controller]: cmd_vel -> linear=0.35, angular=0.00, left=0.19, right=0.19
[INFO] [1775608561.580221652] [motor_controller]: cmd_vel -> linear=0.35, angular=0.00, left=0.19, right=0.19
[INFO] [1775608561.636991051] [motor_controller]: cmd_vel -> linear=0.35, angular=0.00, left=0.19, right=0.19
[INFO] [1775608561.638274307] [motor_controller]: cmd_vel -> linear=0.35, angular=0.00, left=0.19, right=0.19
[INFO] [1775608561.694851129] [motor_controller]: cmd_vel -> linear=0.35, angular=0.00, left=0.19, right=0.19
[INFO] [1775608561.696092681] [motor_controller]: cmd_vel -> linear=0.35, angular=0.00, left=0.19, right=0.19
[INFO] [1775608561.752566854] [motor_controller]: cmd_vel -> linear=0.35, angular=0.00, left=0.19, right=0.19
[INFO] [1775608561.753820313] [motor_controller]: cmd_vel -> linear=0.35, angular=0.00, left=0.19, right=0.19
[INFO] [1775608561.813075926] [motor_controller]: cmd_vel -> linear=0.35, angular=0.00, left=0.19, right=0.19
[INFO] [1775608561.814363274] [motor_controller]: cmd_vel -> linear=0.35, angular=0.00, left=0.19, right=0.19
[INFO] [1775608561.872118314] [motor_controller]: cmd_vel -> linear=0.35, angular=0.00, left=0.19, right=0.19
[INFO] [1775608561.873419403] [motor_controller]: cmd_vel -> linear=0.35, angular=0.00, left=0.19, right=0.19
[INFO] [1775608562.795335203] [motor_controller]: cmd_vel -> linear=0.00, angular=0.25, left=-0.14, right=0.14
[INFO] [1775608563.292266076] [motor_controller]: cmd_vel -> linear=0.00, angular=0.25, left=-0.14, right=0.14
[INFO] [1775608563.360835618] [motor_controller]: cmd_vel -> linear=0.00, angular=0.25, left=-0.14, right=0.14
[INFO] [1775608563.421317307] [motor_controller]: cmd_vel -> linear=0.00, angular=0.25, left=-0.14, right=0.14
[INFO] [1775608563.422724027] [motor_controller]: cmd_vel -> linear=0.00, angular=0.25, left=-0.14, right=0.14
[INFO] [1775608563.423994597] [motor_controller]: cmd_vel -> linear=0.00, angular=0.25, left=-0.14, right=0.14
[INFO] [1775608563.480157661] [motor_controller]: cmd_vel -> linear=0.00, angular=0.25, left=-0.14, right=0.14
[INFO] [1775608563.481451917] [motor_controller]: cmd_vel -> linear=0.00, angular=0.25, left=-0.14, right=0.14
[INFO] [1775608563.537839724] [motor_controller]: cmd_vel -> linear=0.00, angular=0.25, left=-0.14, right=0.14
[INFO] [1775608563.539111702] [motor_controller]: cmd_vel -> linear=0.00, angular=0.25, left=-0.14, right=0.14
[INFO] [1775608566.438777222] [motor_controller]: cmd_vel -> linear=0.35, angular=0.00, left=0.19, right=0.19
[INFO] [1775608566.925293161] [motor_controller]: cmd_vel -> linear=0.35, angular=0.00, left=0.19, right=0.19
[INFO] [1775608566.986236845] [motor_controller]: cmd_vel -> linear=0.35, angular=0.00, left=0.19, right=0.19
[INFO] [1775608566.987579268] [motor_controller]: cmd_vel -> linear=0.35, angular=0.00, left=0.19, right=0.19
[INFO] [1775608567.043979215] [motor_controller]: cmd_vel -> linear=0.35, angular=0.00, left=0.19, right=0.19
[INFO] [1775608567.045246471] [motor_controller]: cmd_vel -> linear=0.35, angular=0.00, left=0.19, right=0.19
[INFO] [1775608567.101846569] [motor_controller]: cmd_vel -> linear=0.35, angular=0.00, left=0.19, right=0.19
[INFO] [1775608567.159614273] [motor_controller]: cmd_vel -> linear=0.35, angular=0.00, left=0.19, right=0.19
[INFO] [1775608567.160848288] [motor_controller]: cmd_vel -> linear=0.35, angular=0.00, left=0.19, right=0.19
[INFO] [1775608567.217639443] [motor_controller]: cmd_vel -> linear=0.35, angular=0.00, left=0.19, right=0.19
[INFO] [1775608567.218882866] [motor_controller]: cmd_vel -> linear=0.35, angular=0.00, left=0.19, right=0.19
[INFO] [1775608567.275416870] [motor_controller]: cmd_vel -> linear=0.35, angular=0.00, left=0.19, right=0.19
[INFO] [1775608567.276672644] [motor_controller]: cmd_vel -> linear=0.35, angular=0.00, left=0.19, right=0.19
[INFO] [1775608567.333172408] [motor_controller]: cmd_vel -> linear=0.35, angular=0.00, left=0.19, right=0.19
[INFO] [1775608567.334413552] [motor_controller]: cmd_vel -> linear=0.35, angular=0.00, left=0.19, right=0.19
[INFO] [1775608567.391051613] [motor_controller]: cmd_vel -> linear=0.35, angular=0.00, left=0.19, right=0.19
[INFO] [1775608567.392303887] [motor_controller]: cmd_vel -> linear=0.35, angular=0.00, left=0.19, right=0.19
[INFO] [1775608567.463099191] [motor_controller]: cmd_vel -> linear=0.35, angular=0.00, left=0.19, right=0.19
[INFO] [1775608567.464348169] [motor_controller]: cmd_vel -> linear=0.35, angular=0.00, left=0.19, right=0.19
[INFO] [1775608567.523973839] [motor_controller]: cmd_vel -> linear=0.35, angular=0.00, left=0.19, right=0.19
[INFO] [1775608567.525212058] [motor_controller]: cmd_vel -> linear=0.35, angular=0.00, left=0.19, right=0.19
[INFO] [1775608567.581794174] [motor_controller]: cmd_vel -> linear=0.35, angular=0.00, left=0.19, right=0.19
[INFO] [1775608567.583071448] [motor_controller]: cmd_vel -> linear=0.35, angular=0.00, left=0.19, right=0.19
[INFO] [1775608567.639586675] [motor_controller]: cmd_vel -> linear=0.35, angular=0.00, left=0.19, right=0.19
[INFO] [1775608567.640855875] [motor_controller]: cmd_vel -> linear=0.00, angular=-0.25, left=0.14, right=-0.14
[INFO] [1775608568.125372151] [motor_controller]: cmd_vel -> linear=0.00, angular=-0.25, left=0.14, right=-0.14
[INFO] [1775608568.186478102] [motor_controller]: cmd_vel -> linear=0.00, angular=-0.25, left=0.14, right=-0.14
[INFO] [1775608568.187711061] [motor_controller]: cmd_vel -> linear=0.00, angular=-0.25, left=0.14, right=-0.14
[INFO] [1775608568.244272420] [motor_controller]: cmd_vel -> linear=0.00, angular=-0.25, left=0.14, right=-0.14
[INFO] [1775608568.245541843] [motor_controller]: cmd_vel -> linear=0.00, angular=-0.25, left=0.14, right=-0.14
[INFO] [1775608568.301910422] [motor_controller]: cmd_vel -> linear=0.00, angular=-0.25, left=0.14, right=-0.14
[INFO] [1775608568.303145622] [motor_controller]: cmd_vel -> linear=0.00, angular=-0.25, left=0.14, right=-0.14
[INFO] [1775608568.360032929] [motor_controller]: cmd_vel -> linear=0.00, angular=-0.25, left=0.14, right=-0.14
[INFO] [1775608568.361259370] [motor_controller]: cmd_vel -> linear=0.00, angular=-0.25, left=0.14, right=-0.14
[INFO] [1775608568.417664079] [motor_controller]: cmd_vel -> linear=0.00, angular=-0.25, left=0.14, right=-0.14
[INFO] [1775608568.418922446] [motor_controller]: cmd_vel -> linear=0.00, angular=-0.25, left=0.14, right=-0.14
[INFO] [1775608568.482315053] [motor_controller]: cmd_vel -> linear=0.00, angular=-0.25, left=0.14, right=-0.14
[INFO] [1775608568.483675939] [motor_controller]: cmd_vel -> linear=0.00, angular=-0.25, left=0.14, right=-0.14
[INFO] [1775608568.540075445] [motor_controller]: cmd_vel -> linear=0.00, angular=-0.25, left=0.14, right=-0.14
[INFO] [1775608568.541388035] [motor_controller]: cmd_vel -> linear=0.00, angular=-0.25, left=0.14, right=-0.14
[INFO] [1775608568.597774114] [motor_controller]: cmd_vel -> linear=0.00, angular=-0.25, left=0.14, right=-0.14
[INFO] [1775608568.599021629] [motor_controller]: cmd_vel -> linear=0.00, angular=-0.25, left=0.14, right=-0.14
[INFO] [1775608568.655540617] [motor_controller]: cmd_vel -> linear=0.00, angular=-0.25, left=0.14, right=-0.14
[INFO] [1775608568.656802391] [motor_controller]: cmd_vel -> linear=0.00, angular=-0.25, left=0.14, right=-0.14
[INFO] [1775608568.713254879] [motor_controller]: cmd_vel -> linear=0.00, angular=-0.25, left=0.14, right=-0.14
[INFO] [1775608585.744290563] [motor_controller]: cmd_vel -> linear=0.35, angular=0.00, left=0.19, right=0.19
[INFO] [1775608586.236197253] [motor_controller]: cmd_vel -> linear=0.35, angular=0.00, left=0.19, right=0.19
[INFO] [1775608586.305422663] [motor_controller]: cmd_vel -> linear=0.35, angular=0.00, left=0.19, right=0.19
[INFO] [1775608586.306670049] [motor_controller]: cmd_vel -> linear=0.35, angular=0.00, left=0.19, right=0.19
[INFO] [1775608586.366167965] [motor_controller]: cmd_vel -> linear=0.35, angular=0.00, left=0.19, right=0.19
[INFO] [1775608586.367509575] [motor_controller]: cmd_vel -> linear=0.35, angular=0.00, left=0.19, right=0.19
[INFO] [1775608586.423716598] [motor_controller]: cmd_vel -> linear=0.35, angular=0.00, left=0.19, right=0.19
[INFO] [1775608586.424988892] [motor_controller]: cmd_vel -> linear=0.35, angular=0.00, left=0.19, right=0.19
[INFO] [1775608586.482536117] [motor_controller]: cmd_vel -> linear=0.35, angular=0.00, left=0.19, right=0.19
[INFO] [1775608586.483436702] [motor_controller]: cmd_vel -> linear=0.35, angular=0.00, left=0.19, right=0.19
[INFO] [1775608586.542785561] [motor_controller]: cmd_vel -> linear=0.35, angular=0.00, left=0.19, right=0.19
[INFO] [1775608586.544042003] [motor_controller]: cmd_vel -> linear=0.35, angular=0.00, left=0.19, right=0.19
[INFO] [1775608586.611663133] [motor_controller]: cmd_vel -> linear=0.35, angular=0.00, left=0.19, right=0.19
[INFO] [1775608586.612911241] [motor_controller]: cmd_vel -> linear=0.35, angular=0.00, left=0.19, right=0.19
[INFO] [1775608586.672367953] [motor_controller]: cmd_vel -> linear=0.35, angular=0.00, left=0.19, right=0.19
[INFO] [1775608586.673651210] [motor_controller]: cmd_vel -> linear=0.35, angular=0.00, left=0.19, right=0.19
[INFO] [1775608586.730116774] [motor_controller]: cmd_vel -> linear=0.35, angular=0.00, left=0.19, right=0.19
[INFO] [1775608586.731333363] [motor_controller]: cmd_vel -> linear=0.35, angular=0.00, left=0.19, right=0.19
[INFO] [1775608586.787493923] [motor_controller]: cmd_vel -> linear=0.35, angular=0.00, left=0.19, right=0.19
[INFO] [1775608586.788750068] [motor_controller]: cmd_vel -> linear=0.35, angular=0.00, left=0.19, right=0.19
[INFO] [1775608586.849050680] [motor_controller]: cmd_vel -> linear=0.35, angular=0.00, left=0.19, right=0.19
[INFO] [1775608586.850375308] [motor_controller]: cmd_vel -> linear=0.35, angular=0.00, left=0.19, right=0.19
[INFO] [1775608586.908681005] [motor_controller]: cmd_vel -> linear=0.35, angular=0.00, left=0.19, right=0.19
[INFO] [1775608586.909934003] [motor_controller]: cmd_vel -> linear=0.35, angular=0.00, left=0.19, right=0.19
[INFO] [1775608586.968960913] [motor_controller]: cmd_vel -> linear=0.35, angular=0.00, left=0.19, right=0.19
[INFO] [1775608586.970175058] [motor_controller]: cmd_vel -> linear=0.35, angular=0.00, left=0.19, right=0.19
[INFO] [1775608587.027079424] [motor_controller]: cmd_vel -> linear=0.35, angular=0.00, left=0.19, right=0.19
[INFO] [1775608587.028306865] [motor_controller]: cmd_vel -> linear=0.35, angular=0.00, left=0.19, right=0.19
[INFO] [1775608587.086763419] [motor_controller]: cmd_vel -> linear=0.35, angular=0.00, left=0.19, right=0.19
[INFO] [1775608587.087975342] [motor_controller]: cmd_vel -> linear=0.35, angular=0.00, left=0.19, right=0.19
[INFO] [1775608587.144591853] [motor_controller]: cmd_vel -> linear=0.35, angular=0.00, left=0.19, right=0.19
[INFO] [1775608587.145835332] [motor_controller]: cmd_vel -> linear=0.35, angular=0.00, left=0.19, right=0.19
[INFO] [1775608587.205199026] [motor_controller]: cmd_vel -> linear=0.35, angular=0.00, left=0.19, right=0.19
[INFO] [1775608587.263255908] [motor_controller]: cmd_vel -> linear=0.35, angular=0.00, left=0.19, right=0.19
[INFO] [1775608587.264469034] [motor_controller]: cmd_vel -> linear=0.35, angular=0.00, left=0.19, right=0.19
[INFO] [1775608587.322482378] [motor_controller]: cmd_vel -> linear=0.35, angular=0.00, left=0.19, right=0.19
[INFO] [1775608587.323721375] [motor_controller]: cmd_vel -> linear=0.35, angular=0.00, left=0.19, right=0.19
[INFO] [1775608587.381539291] [motor_controller]: cmd_vel -> linear=0.35, angular=0.00, left=0.19, right=0.19
[INFO] [1775608587.382961939] [motor_controller]: cmd_vel -> linear=0.35, angular=0.00, left=0.19, right=0.19
[INFO] [1775608587.439234150] [motor_controller]: cmd_vel -> linear=0.35, angular=0.00, left=0.19, right=0.19
[INFO] [1775608587.440629982] [motor_controller]: cmd_vel -> linear=0.35, angular=0.00, left=0.19, right=0.19
[INFO] [1775608587.496938527] [motor_controller]: cmd_vel -> linear=0.35, angular=0.00, left=0.19, right=0.19
[INFO] [1775608587.498227302] [motor_controller]: cmd_vel -> linear=0.35, angular=0.00, left=0.19, right=0.19
[INFO] [1775608587.499454910] [motor_controller]: cmd_vel -> linear=0.00, angular=0.25, left=-0.14, right=0.14
[INFO] [1775608587.977706564] [motor_controller]: cmd_vel -> linear=0.00, angular=0.25, left=-0.14, right=0.14
[INFO] [1775608588.044932896] [motor_controller]: cmd_vel -> linear=0.00, angular=0.25, left=-0.14, right=0.14
[INFO] [1775608588.102840852] [motor_controller]: cmd_vel -> linear=0.00, angular=0.25, left=-0.14, right=0.14
[INFO] [1775608588.104133331] [motor_controller]: cmd_vel -> linear=0.00, angular=0.25, left=-0.14, right=0.14
[INFO] [1775608588.105348587] [motor_controller]: cmd_vel -> linear=0.00, angular=0.25, left=-0.14, right=0.14
[INFO] [1775608588.160653510] [motor_controller]: cmd_vel -> linear=0.00, angular=0.25, left=-0.14, right=0.14
[INFO] [1775608588.220966607] [motor_controller]: cmd_vel -> linear=0.00, angular=0.25, left=-0.14, right=0.14
[INFO] [1775608588.222222790] [motor_controller]: cmd_vel -> linear=0.00, angular=0.25, left=-0.14, right=0.14
[INFO] [1775608588.293870567] [motor_controller]: cmd_vel -> linear=0.00, angular=0.25, left=-0.14, right=0.14
[INFO] [1775608588.295127287] [motor_controller]: cmd_vel -> linear=0.00, angular=0.25, left=-0.14, right=0.14
[INFO] [1775608588.296322913] [motor_controller]: cmd_vel -> linear=0.00, angular=0.25, left=-0.14, right=0.14
[INFO] [1775608588.352058490] [motor_controller]: cmd_vel -> linear=0.00, angular=0.25, left=-0.14, right=0.14
[INFO] [1775608588.353315876] [motor_controller]: cmd_vel -> linear=0.00, angular=0.25, left=-0.14, right=0.14
[INFO] [1775608588.410645787] [motor_controller]: cmd_vel -> linear=0.00, angular=0.25, left=-0.14, right=0.14
[INFO] [1775608588.411878136] [motor_controller]: cmd_vel -> linear=0.00, angular=0.25, left=-0.14, right=0.14
[INFO] [1775608588.468329944] [motor_controller]: cmd_vel -> linear=0.00, angular=0.25, left=-0.14, right=0.14
[INFO] [1775608588.469566756] [motor_controller]: cmd_vel -> linear=0.00, angular=0.25, left=-0.14, right=0.14
[INFO] [1775608588.794658558] [motor_controller]: cmd_vel -> linear=0.35, angular=0.00, left=0.19, right=0.19
[INFO] [1775608589.295670821] [motor_controller]: cmd_vel -> linear=0.35, angular=0.00, left=0.19, right=0.19
[INFO] [1775608589.364460269] [motor_controller]: cmd_vel -> linear=0.35, angular=0.00, left=0.19, right=0.19
[INFO] [1775608589.365704358] [motor_controller]: cmd_vel -> linear=0.35, angular=0.00, left=0.19, right=0.19
[INFO] [1775608589.425336338] [motor_controller]: cmd_vel -> linear=0.35, angular=0.00, left=0.19, right=0.19
[INFO] [1775608589.426571816] [motor_controller]: cmd_vel -> linear=0.35, angular=0.00, left=0.19, right=0.19
[INFO] [1775608589.483020941] [motor_controller]: cmd_vel -> linear=0.35, angular=0.00, left=0.19, right=0.19
[INFO] [1775608589.484208104] [motor_controller]: cmd_vel -> linear=0.35, angular=0.00, left=0.19, right=0.19
[INFO] [1775608589.543938936] [motor_controller]: cmd_vel -> linear=0.35, angular=0.00, left=0.19, right=0.19
[INFO] [1775608589.545175267] [motor_controller]: cmd_vel -> linear=0.35, angular=0.00, left=0.19, right=0.19
[INFO] [1775608589.604622244] [motor_controller]: cmd_vel -> linear=0.35, angular=0.00, left=0.19, right=0.19
[INFO] [1775608589.605860797] [motor_controller]: cmd_vel -> linear=0.35, angular=0.00, left=0.19, right=0.19
[INFO] [1775608589.665479813] [motor_controller]: cmd_vel -> linear=0.35, angular=0.00, left=0.19, right=0.19
[INFO] [1775608589.666677939] [motor_controller]: cmd_vel -> linear=0.35, angular=0.00, left=0.19, right=0.19
[INFO] [1775608589.723142619] [motor_controller]: cmd_vel -> linear=0.35, angular=0.00, left=0.19, right=0.19
[INFO] [1775608589.724308634] [motor_controller]: cmd_vel -> linear=0.35, angular=0.00, left=0.19, right=0.19
[INFO] [1775608589.781523601] [motor_controller]: cmd_vel -> linear=0.35, angular=0.00, left=0.19, right=0.19
[INFO] [1775608589.782733580] [motor_controller]: cmd_vel -> linear=0.35, angular=0.00, left=0.19, right=0.19
[INFO] [1775608589.839147629] [motor_controller]: cmd_vel -> linear=0.35, angular=0.00, left=0.19, right=0.19
[INFO] [1775608589.896926307] [motor_controller]: cmd_vel -> linear=0.35, angular=0.00, left=0.19, right=0.19
[INFO] [1775608591.081877667] [motor_controller]: cmd_vel -> linear=-0.35, angular=0.00, left=-0.19, right=-0.19
[INFO] [1775608601.721879044] [motor_controller]: cmd_vel -> linear=0.35, angular=0.00, left=0.19, right=0.19
[INFO] [1775608602.225657157] [motor_controller]: cmd_vel -> linear=0.35, angular=0.00, left=0.19, right=0.19
[INFO] [1775608602.286500452] [motor_controller]: cmd_vel -> linear=0.35, angular=0.00, left=0.19, right=0.19
[INFO] [1775608602.287790098] [motor_controller]: cmd_vel -> linear=0.35, angular=0.00, left=0.19, right=0.19
[INFO] [1775608602.345318739] [motor_controller]: cmd_vel -> linear=0.35, angular=0.00, left=0.19, right=0.19
[INFO] [1775608602.346689275] [motor_controller]: cmd_vel -> linear=0.35, angular=0.00, left=0.19, right=0.19
[INFO] [1775608602.407278641] [motor_controller]: cmd_vel -> linear=0.35, angular=0.00, left=0.19, right=0.19
[INFO] [1775608602.408587825] [motor_controller]: cmd_vel -> linear=0.35, angular=0.00, left=0.19, right=0.19
[INFO] [1775608602.475545033] [motor_controller]: cmd_vel -> linear=0.35, angular=0.00, left=0.19, right=0.19
[INFO] [1775608602.476803809] [motor_controller]: cmd_vel -> linear=0.35, angular=0.00, left=0.19, right=0.19
[INFO] [1775608602.536280049] [motor_controller]: cmd_vel -> linear=0.35, angular=0.00, left=0.19, right=0.19
[INFO] [1775608602.537528991] [motor_controller]: cmd_vel -> linear=0.35, angular=0.00, left=0.19, right=0.19
[INFO] [1775608602.597748278] [motor_controller]: cmd_vel -> linear=0.35, angular=0.00, left=0.19, right=0.19
[INFO] [1775608602.598975868] [motor_controller]: cmd_vel -> linear=0.35, angular=0.00, left=0.19, right=0.19
[INFO] [1775608602.655466032] [motor_controller]: cmd_vel -> linear=0.35, angular=0.00, left=0.19, right=0.19
[INFO] [1775608602.656725993] [motor_controller]: cmd_vel -> linear=0.35, angular=0.00, left=0.19, right=0.19
[INFO] [1775608602.713456679] [motor_controller]: cmd_vel -> linear=0.35, angular=0.00, left=0.19, right=0.19
[INFO] [1775608602.714725047] [motor_controller]: cmd_vel -> linear=0.35, angular=0.00, left=0.19, right=0.19
[INFO] [1775608602.790640076] [motor_controller]: cmd_vel -> linear=0.35, angular=0.00, left=0.19, right=0.19
[INFO] [1775608602.791863481] [motor_controller]: cmd_vel -> linear=0.35, angular=0.00, left=0.19, right=0.19
[INFO] [1775608602.851851302] [motor_controller]: cmd_vel -> linear=0.35, angular=0.00, left=0.19, right=0.19
[INFO] [1775608602.853079355] [motor_controller]: cmd_vel -> linear=0.35, angular=0.00, left=0.19, right=0.19
[INFO] [1775608602.911375321] [motor_controller]: cmd_vel -> linear=0.35, angular=0.00, left=0.19, right=0.19
[INFO] [1775608602.912471909] [motor_controller]: cmd_vel -> linear=0.35, angular=0.00, left=0.19, right=0.19
[INFO] [1775608602.969299503] [motor_controller]: cmd_vel -> linear=0.35, angular=0.00, left=0.19, right=0.19
[INFO] [1775608602.970575576] [motor_controller]: cmd_vel -> linear=0.35, angular=0.00, left=0.19, right=0.19
[INFO] [1775608603.026856867] [motor_controller]: cmd_vel -> linear=0.35, angular=0.00, left=0.19, right=0.19
[INFO] [1775608603.028125865] [motor_controller]: cmd_vel -> linear=0.35, angular=0.00, left=0.19, right=0.19
[INFO] [1775608603.098521602] [motor_controller]: cmd_vel -> linear=0.35, angular=0.00, left=0.19, right=0.19
[INFO] [1775608603.099765933] [motor_controller]: cmd_vel -> linear=0.35, angular=0.00, left=0.19, right=0.19
[INFO] [1775608603.159289805] [motor_controller]: cmd_vel -> linear=0.35, angular=0.00, left=0.19, right=0.19
[INFO] [1775608603.160559266] [motor_controller]: cmd_vel -> linear=0.35, angular=0.00, left=0.19, right=0.19
[INFO] [1775608603.216942745] [motor_controller]: cmd_vel -> linear=0.35, angular=0.00, left=0.19, right=0.19
[INFO] [1775608603.218181391] [motor_controller]: cmd_vel -> linear=0.35, angular=0.00, left=0.19, right=0.19
[INFO] [1775608603.274515943] [motor_controller]: cmd_vel -> linear=0.35, angular=0.00, left=0.19, right=0.19
[INFO] [1775608603.275788349] [motor_controller]: cmd_vel -> linear=0.35, angular=0.00, left=0.19, right=0.19
[INFO] [1775608603.332806780] [motor_controller]: cmd_vel -> linear=0.35, angular=0.00, left=0.19, right=0.19
[INFO] [1775608603.334042685] [motor_controller]: cmd_vel -> linear=0.35, angular=0.00, left=0.19, right=0.19
[INFO] [1775608603.391854350] [motor_controller]: cmd_vel -> linear=0.35, angular=0.00, left=0.19, right=0.19
[INFO] [1775608603.393103384] [motor_controller]: cmd_vel -> linear=0.35, angular=0.00, left=0.19, right=0.19
[INFO] [1775608603.449559050] [motor_controller]: cmd_vel -> linear=0.35, angular=0.00, left=0.19, right=0.19
[INFO] [1775608603.450857548] [motor_controller]: cmd_vel -> linear=0.35, angular=0.00, left=0.19, right=0.19
[INFO] [1775608603.507035654] [motor_controller]: cmd_vel -> linear=0.35, angular=0.00, left=0.19, right=0.19
[INFO] [1775608603.508299967] [motor_controller]: cmd_vel -> linear=0.35, angular=0.00, left=0.19, right=0.19
[INFO] [1775608603.564688242] [motor_controller]: cmd_vel -> linear=0.35, angular=0.00, left=0.19, right=0.19
[INFO] [1775608603.565957592] [motor_controller]: cmd_vel -> linear=0.35, angular=0.00, left=0.19, right=0.19
[INFO] [1775608603.622266181] [motor_controller]: cmd_vel -> linear=0.35, angular=0.00, left=0.19, right=0.19
[INFO] [1775608603.679896806] [motor_controller]: cmd_vel -> linear=0.35, angular=0.00, left=0.19, right=0.19
[INFO] [1775608603.681161711] [motor_controller]: cmd_vel -> linear=0.35, angular=0.00, left=0.19, right=0.19
[INFO] [1775608603.737551579] [motor_controller]: cmd_vel -> linear=0.35, angular=0.00, left=0.19, right=0.19
[INFO] [1775608603.738821855] [motor_controller]: cmd_vel -> linear=0.35, angular=0.00, left=0.19, right=0.19
[INFO] [1775608603.799106367] [motor_controller]: cmd_vel -> linear=0.35, angular=0.00, left=0.19, right=0.19
[INFO] [1775608603.800384513] [motor_controller]: cmd_vel -> linear=0.35, angular=0.00, left=0.19, right=0.19
[INFO] [1775608603.856687491] [motor_controller]: cmd_vel -> linear=0.35, angular=0.00, left=0.19, right=0.19
[INFO] [1775608603.857932877] [motor_controller]: cmd_vel -> linear=0.35, angular=0.00, left=0.19, right=0.19
[INFO] [1775608603.915477705] [motor_controller]: cmd_vel -> linear=0.35, angular=0.00, left=0.19, right=0.19
[INFO] [1775608603.916737407] [motor_controller]: cmd_vel -> linear=0.35, angular=0.00, left=0.19, right=0.19
[INFO] [1775608603.973054218] [motor_controller]: cmd_vel -> linear=0.35, angular=0.00, left=0.19, right=0.19
[INFO] [1775608603.974312012] [motor_controller]: cmd_vel -> linear=0.35, angular=0.00, left=0.19, right=0.19
[INFO] [1775608604.030655065] [motor_controller]: cmd_vel -> linear=0.35, angular=0.00, left=0.19, right=0.19
[INFO] [1775608604.031903748] [motor_controller]: cmd_vel -> linear=0.35, angular=0.00, left=0.19, right=0.19
[INFO] [1775608604.088209913] [motor_controller]: cmd_vel -> linear=0.35, angular=0.00, left=0.19, right=0.19
[INFO] [1775608604.089491726] [motor_controller]: cmd_vel -> linear=0.35, angular=0.00, left=0.19, right=0.19
[INFO] [1775608604.145731982] [motor_controller]: cmd_vel -> linear=0.35, angular=0.00, left=0.19, right=0.19
[INFO] [1775608604.146991962] [motor_controller]: cmd_vel -> linear=0.35, angular=0.00, left=0.19, right=0.19
[INFO] [1775608604.227786873] [motor_controller]: cmd_vel -> linear=0.35, angular=0.00, left=0.19, right=0.19
[INFO] [1775608604.229043520] [motor_controller]: cmd_vel -> linear=0.35, angular=0.00, left=0.19, right=0.19
[INFO] [1775608604.288428724] [motor_controller]: cmd_vel -> linear=0.35, angular=0.00, left=0.19, right=0.19
[INFO] [1775608604.289686556] [motor_controller]: cmd_vel -> linear=0.35, angular=0.00, left=0.19, right=0.19
[INFO] [1775608604.345972146] [motor_controller]: cmd_vel -> linear=0.35, angular=0.00, left=0.19, right=0.19
[INFO] [1775608604.347236718] [motor_controller]: cmd_vel -> linear=0.35, angular=0.00, left=0.19, right=0.19
[INFO] [1775608622.363185938] [motor_controller]: cmd_vel -> linear=-0.35, angular=0.00, left=-0.19, right=-0.19
[INFO] [1775608624.638869215] [motor_controller]: cmd_vel -> linear=0.00, angular=-0.25, left=0.14, right=-0.14
[INFO] [1775608625.211062838] [motor_controller]: cmd_vel -> linear=0.00, angular=-0.25, left=0.14, right=-0.14
[INFO] [1775608625.705471357] [motor_controller]: cmd_vel -> linear=0.00, angular=-0.25, left=0.14, right=-0.14
[INFO] [1775608626.418510700] [motor_controller]: cmd_vel -> linear=0.00, angular=-0.25, left=0.14, right=-0.14
[INFO] [1775608627.974522585] [motor_controller]: cmd_vel -> linear=-0.35, angular=0.00, left=-0.19, right=-0.19
[INFO] [1775608628.462104148] [motor_controller]: cmd_vel -> linear=-0.35, angular=0.00, left=-0.19, right=-0.19
[INFO] [1775608628.524178548] [motor_controller]: cmd_vel -> linear=-0.35, angular=0.00, left=-0.19, right=-0.19
[INFO] [1775608628.592602591] [motor_controller]: cmd_vel -> linear=-0.35, angular=0.00, left=-0.19, right=-0.19
[INFO] [1775608628.593852978] [motor_controller]: cmd_vel -> linear=-0.35, angular=0.00, left=-0.19, right=-0.19
[INFO] [1775608628.654537860] [motor_controller]: cmd_vel -> linear=-0.35, angular=0.00, left=-0.19, right=-0.19
[INFO] [1775608628.655838174] [motor_controller]: cmd_vel -> linear=-0.35, angular=0.00, left=-0.19, right=-0.19
[INFO] [1775608628.657048857] [motor_controller]: cmd_vel -> linear=-0.35, angular=0.00, left=-0.19, right=-0.19
[INFO] [1775608628.712088513] [motor_controller]: cmd_vel -> linear=-0.35, angular=0.00, left=-0.19, right=-0.19
[INFO] [1775608628.769688520] [motor_controller]: cmd_vel -> linear=-0.35, angular=0.00, left=-0.19, right=-0.19
[INFO] [1775608628.770937148] [motor_controller]: cmd_vel -> linear=-0.35, angular=0.00, left=-0.19, right=-0.19
[INFO] [1775608629.271722951] [motor_controller]: cmd_vel -> linear=0.00, angular=-0.25, left=0.14, right=-0.14
[INFO] [1775608630.281045693] [motor_controller]: cmd_vel -> linear=-0.35, angular=0.00, left=-0.19, right=-0.19
[INFO] [1775608630.716845418] [motor_controller]: cmd_vel -> linear=0.00, angular=-0.25, left=0.14, right=-0.14
[INFO] [1775608631.438211825] [motor_controller]: cmd_vel -> linear=-0.35, angular=0.00, left=-0.19, right=-0.19
[INFO] [1775608631.945271011] [motor_controller]: cmd_vel -> linear=0.00, angular=-0.25, left=0.14, right=-0.14
[INFO] [1775608652.026212916] [motor_controller]: cmd_vel -> linear=0.35, angular=0.00, left=0.19, right=0.19
[INFO] [1775608652.525797812] [motor_controller]: cmd_vel -> linear=0.35, angular=0.00, left=0.19, right=0.19
[INFO] [1775608652.586069709] [motor_controller]: cmd_vel -> linear=0.35, angular=0.00, left=0.19, right=0.19
[INFO] [1775608652.587362968] [motor_controller]: cmd_vel -> linear=0.35, angular=0.00, left=0.19, right=0.19
[INFO] [1775608652.658730611] [motor_controller]: cmd_vel -> linear=0.35, angular=0.00, left=0.19, right=0.19
[INFO] [1775608652.719450681] [motor_controller]: cmd_vel -> linear=0.35, angular=0.00, left=0.19, right=0.19
[INFO] [1775608652.720769347] [motor_controller]: cmd_vel -> linear=0.35, angular=0.00, left=0.19, right=0.19
[INFO] [1775608652.721986216] [motor_controller]: cmd_vel -> linear=0.35, angular=0.00, left=0.19, right=0.19
[INFO] [1775608652.777587270] [motor_controller]: cmd_vel -> linear=0.35, angular=0.00, left=0.19, right=0.19
[INFO] [1775608652.778845565] [motor_controller]: cmd_vel -> linear=0.35, angular=0.00, left=0.19, right=0.19
[INFO] [1775608652.836126309] [motor_controller]: cmd_vel -> linear=0.35, angular=0.00, left=0.19, right=0.19
[INFO] [1775608652.837355863] [motor_controller]: cmd_vel -> linear=0.35, angular=0.00, left=0.19, right=0.19
[INFO] [1775608652.894597180] [motor_controller]: cmd_vel -> linear=0.35, angular=0.00, left=0.19, right=0.19
[INFO] [1775608652.895839938] [motor_controller]: cmd_vel -> linear=0.35, angular=0.00, left=0.19, right=0.19
[INFO] [1775608652.966267921] [motor_controller]: cmd_vel -> linear=0.35, angular=0.00, left=0.19, right=0.19
[INFO] [1775608652.967537216] [motor_controller]: cmd_vel -> linear=0.35, angular=0.00, left=0.19, right=0.19
[INFO] [1775608653.027758705] [motor_controller]: cmd_vel -> linear=0.35, angular=0.00, left=0.19, right=0.19
[INFO] [1775608653.029044760] [motor_controller]: cmd_vel -> linear=0.35, angular=0.00, left=0.19, right=0.19
[INFO] [1775608653.086315319] [motor_controller]: cmd_vel -> linear=0.35, angular=0.00, left=0.19, right=0.19
[INFO] [1775608653.087568947] [motor_controller]: cmd_vel -> linear=0.35, angular=0.00, left=0.19, right=0.19
[INFO] [1775608653.149101214] [motor_controller]: cmd_vel -> linear=0.35, angular=0.00, left=0.19, right=0.19
[INFO] [1775608653.150368695] [motor_controller]: cmd_vel -> linear=0.35, angular=0.00, left=0.19, right=0.19
[INFO] [1775608653.209006495] [motor_controller]: cmd_vel -> linear=0.35, angular=0.00, left=0.19, right=0.19
[INFO] [1775608653.210231827] [motor_controller]: cmd_vel -> linear=0.35, angular=0.00, left=0.19, right=0.19
[INFO] [1775608653.273664861] [motor_controller]: cmd_vel -> linear=0.35, angular=0.00, left=0.19, right=0.19
[INFO] [1775608653.274929638] [motor_controller]: cmd_vel -> linear=0.35, angular=0.00, left=0.19, right=0.19
[INFO] [1775608653.331625133] [motor_controller]: cmd_vel -> linear=0.35, angular=0.00, left=0.19, right=0.19
[INFO] [1775608653.332859484] [motor_controller]: cmd_vel -> linear=0.35, angular=0.00, left=0.19, right=0.19
[INFO] [1775608653.389800205] [motor_controller]: cmd_vel -> linear=0.35, angular=0.00, left=0.19, right=0.19
[INFO] [1775608653.391089871] [motor_controller]: cmd_vel -> linear=0.35, angular=0.00, left=0.19, right=0.19
[INFO] [1775608653.447634531] [motor_controller]: cmd_vel -> linear=0.35, angular=0.00, left=0.19, right=0.19
[INFO] [1775608653.448880067] [motor_controller]: cmd_vel -> linear=0.35, angular=0.00, left=0.19, right=0.19
[INFO] [1775608653.505254706] [motor_controller]: cmd_vel -> linear=0.35, angular=0.00, left=0.19, right=0.19
[INFO] [1775608653.506506871] [motor_controller]: cmd_vel -> linear=0.35, angular=0.00, left=0.19, right=0.19
[INFO] [1775608653.570234317] [motor_controller]: cmd_vel -> linear=0.35, angular=0.00, left=0.19, right=0.19
[INFO] [1775608653.571517946] [motor_controller]: cmd_vel -> linear=0.35, angular=0.00, left=0.19, right=0.19
[INFO] [1775608653.628166255] [motor_controller]: cmd_vel -> linear=0.35, angular=0.00, left=0.19, right=0.19
[INFO] [1775608653.629476533] [motor_controller]: cmd_vel -> linear=0.35, angular=0.00, left=0.19, right=0.19
[INFO] [1775608653.686015674] [motor_controller]: cmd_vel -> linear=0.35, angular=0.00, left=0.19, right=0.19
[INFO] [1775608653.687205969] [motor_controller]: cmd_vel -> linear=0.35, angular=0.00, left=0.19, right=0.19
[INFO] [1775608653.743820574] [motor_controller]: cmd_vel -> linear=0.35, angular=0.00, left=0.19, right=0.19
[INFO] [1775608653.745090258] [motor_controller]: cmd_vel -> linear=0.35, angular=0.00, left=0.19, right=0.19
[INFO] [1775608653.802403762] [motor_controller]: cmd_vel -> linear=0.35, angular=0.00, left=0.19, right=0.19
[INFO] [1775608653.803685077] [motor_controller]: cmd_vel -> linear=0.35, angular=0.00, left=0.19, right=0.19
[INFO] [1775608653.860649705] [motor_controller]: cmd_vel -> linear=0.35, angular=0.00, left=0.19, right=0.19
[INFO] [1775608653.918581699] [motor_controller]: cmd_vel -> linear=0.35, angular=0.00, left=0.19, right=0.19
[INFO] [1775608653.919885884] [motor_controller]: cmd_vel -> linear=0.35, angular=0.00, left=0.19, right=0.19
[INFO] [1775608653.992605159] [motor_controller]: cmd_vel -> linear=0.35, angular=0.00, left=0.19, right=0.19
[INFO] [1775608653.993887936] [motor_controller]: cmd_vel -> linear=0.35, angular=0.00, left=0.19, right=0.19
[INFO] [1775608654.053067004] [motor_controller]: cmd_vel -> linear=0.35, angular=0.00, left=0.19, right=0.19
[INFO] [1775608654.054369522] [motor_controller]: cmd_vel -> linear=0.35, angular=0.00, left=0.19, right=0.19
[INFO] [1775608654.055610558] [motor_controller]: cmd_vel -> linear=0.35, angular=0.00, left=0.19, right=0.19
[INFO] [1775608654.111985124] [motor_controller]: cmd_vel -> linear=0.35, angular=0.00, left=0.19, right=0.19
[INFO] [1775608654.113296883] [motor_controller]: cmd_vel -> linear=0.35, angular=0.00, left=0.19, right=0.19
[INFO] [1775608654.262348114] [motor_controller]: cmd_vel -> linear=0.00, angular=0.25, left=-0.14, right=0.14
[INFO] [1775608654.764915859] [motor_controller]: cmd_vel -> linear=0.00, angular=0.25, left=-0.14, right=0.14
[INFO] [1775608654.826050491] [motor_controller]: cmd_vel -> linear=0.00, angular=0.25, left=-0.14, right=0.14
[INFO] [1775608654.827324546] [motor_controller]: cmd_vel -> linear=0.00, angular=0.25, left=-0.14, right=0.14
[INFO] [1775608654.883577795] [motor_controller]: cmd_vel -> linear=0.00, angular=0.25, left=-0.14, right=0.14
[INFO] [1775608654.884813257] [motor_controller]: cmd_vel -> linear=0.00, angular=0.25, left=-0.14, right=0.14
[INFO] [1775608654.940956005] [motor_controller]: cmd_vel -> linear=0.00, angular=0.25, left=-0.14, right=0.14
[INFO] [1775608655.016007480] [motor_controller]: cmd_vel -> linear=0.00, angular=0.25, left=-0.14, right=0.14
[INFO] [1775608655.017272849] [motor_controller]: cmd_vel -> linear=0.00, angular=0.25, left=-0.14, right=0.14
[INFO] [1775608655.076872627] [motor_controller]: cmd_vel -> linear=0.00, angular=0.25, left=-0.14, right=0.14
[INFO] [1775608655.078132978] [motor_controller]: cmd_vel -> linear=0.00, angular=0.25, left=-0.14, right=0.14
[INFO] [1775608655.079354440] [motor_controller]: cmd_vel -> linear=0.00, angular=0.25, left=-0.14, right=0.14
[INFO] [1775608655.134403339] [motor_controller]: cmd_vel -> linear=0.00, angular=0.25, left=-0.14, right=0.14
[INFO] [1775608655.135665375] [motor_controller]: cmd_vel -> linear=0.00, angular=0.25, left=-0.14, right=0.14
[INFO] [1775608655.193979432] [motor_controller]: cmd_vel -> linear=0.00, angular=0.25, left=-0.14, right=0.14
[INFO] [1775608655.195211134] [motor_controller]: cmd_vel -> linear=0.00, angular=0.25, left=-0.14, right=0.14
[INFO] [1775608655.251689202] [motor_controller]: cmd_vel -> linear=0.00, angular=0.25, left=-0.14, right=0.14
[INFO] [1775608655.252904848] [motor_controller]: cmd_vel -> linear=0.00, angular=0.25, left=-0.14, right=0.14
[INFO] [1775608655.322048371] [motor_controller]: cmd_vel -> linear=0.00, angular=0.25, left=-0.14, right=0.14
[INFO] [1775608655.323263370] [motor_controller]: cmd_vel -> linear=0.00, angular=0.25, left=-0.14, right=0.14
[INFO] [1775608655.382093063] [motor_controller]: cmd_vel -> linear=0.00, angular=0.25, left=-0.14, right=0.14
[INFO] [1775608655.383343321] [motor_controller]: cmd_vel -> linear=0.00, angular=0.25, left=-0.14, right=0.14
[INFO] [1775608655.439679294] [motor_controller]: cmd_vel -> linear=0.00, angular=0.25, left=-0.14, right=0.14
[INFO] [1775608655.440905682] [motor_controller]: cmd_vel -> linear=0.00, angular=0.25, left=-0.14, right=0.14
[INFO] [1775608655.497878089] [motor_controller]: cmd_vel -> linear=0.00, angular=0.25, left=-0.14, right=0.14
[INFO] [1775608655.499079236] [motor_controller]: cmd_vel -> linear=0.00, angular=0.25, left=-0.14, right=0.14
[INFO] [1775608655.555546581] [motor_controller]: cmd_vel -> linear=0.00, angular=0.25, left=-0.14, right=0.14
[INFO] [1775608655.556789821] [motor_controller]: cmd_vel -> linear=0.00, angular=0.25, left=-0.14, right=0.14
[INFO] [1775608655.616156688] [motor_controller]: cmd_vel -> linear=0.00, angular=0.25, left=-0.14, right=0.14
[INFO] [1775608655.617401391] [motor_controller]: cmd_vel -> linear=0.00, angular=0.25, left=-0.14, right=0.14
[INFO] [1775608655.673727049] [motor_controller]: cmd_vel -> linear=0.00, angular=0.25, left=-0.14, right=0.14
[INFO] [1775608655.674976011] [motor_controller]: cmd_vel -> linear=0.00, angular=0.25, left=-0.14, right=0.14
[INFO] [1775608655.731283854] [motor_controller]: cmd_vel -> linear=0.00, angular=0.25, left=-0.14, right=0.14
[INFO] [1775608655.732549168] [motor_controller]: cmd_vel -> linear=0.00, angular=0.25, left=-0.14, right=0.14
[INFO] [1775608655.788850233] [motor_controller]: cmd_vel -> linear=0.00, angular=0.25, left=-0.14, right=0.14
[INFO] [1775608655.846478224] [motor_controller]: cmd_vel -> linear=0.00, angular=0.25, left=-0.14, right=0.14
[INFO] [1775608655.847790557] [motor_controller]: cmd_vel -> linear=0.00, angular=0.25, left=-0.14, right=0.14
[INFO] [1775608655.904674409] [motor_controller]: cmd_vel -> linear=0.00, angular=0.25, left=-0.14, right=0.14
[INFO] [1775608655.906213541] [motor_controller]: cmd_vel -> linear=0.00, angular=0.25, left=-0.14, right=0.14
[INFO] [1775608655.962782573] [motor_controller]: cmd_vel -> linear=0.00, angular=0.25, left=-0.14, right=0.14
[INFO] [1775608655.964100147] [motor_controller]: cmd_vel -> linear=0.00, angular=0.25, left=-0.14, right=0.14
[INFO] [1775608656.042403224] [motor_controller]: cmd_vel -> linear=0.00, angular=0.25, left=-0.14, right=0.14
[INFO] [1775608656.043684279] [motor_controller]: cmd_vel -> linear=0.00, angular=0.25, left=-0.14, right=0.14
[INFO] [1775608656.104046495] [motor_controller]: cmd_vel -> linear=0.00, angular=0.25, left=-0.14, right=0.14
[INFO] [1775608656.105337124] [motor_controller]: cmd_vel -> linear=0.00, angular=0.25, left=-0.14, right=0.14
[INFO] [1775608656.106577030] [motor_controller]: cmd_vel -> linear=0.00, angular=0.25, left=-0.14, right=0.14
[INFO] [1775608656.580127492] [motor_controller]: cmd_vel -> linear=-0.35, angular=0.00, left=-0.19, right=-0.19
[INFO] [1775608657.083501798] [motor_controller]: cmd_vel -> linear=-0.35, angular=0.00, left=-0.19, right=-0.19
[INFO] [1775608657.145385220] [motor_controller]: cmd_vel -> linear=-0.35, angular=0.00, left=-0.19, right=-0.19
[INFO] [1775608657.146641460] [motor_controller]: cmd_vel -> linear=-0.35, angular=0.00, left=-0.19, right=-0.19
[INFO] [1775608657.203081436] [motor_controller]: cmd_vel -> linear=-0.35, angular=0.00, left=-0.19, right=-0.19
[INFO] [1775608657.204318657] [motor_controller]: cmd_vel -> linear=-0.35, angular=0.00, left=-0.19, right=-0.19
[INFO] [1775608669.909939024] [motor_controller]: cmd_vel -> linear=0.00, angular=0.25, left=-0.14, right=0.14
[INFO] [1775608670.406076907] [motor_controller]: cmd_vel -> linear=0.00, angular=0.25, left=-0.14, right=0.14
[INFO] [1775608670.477200505] [motor_controller]: cmd_vel -> linear=0.00, angular=0.25, left=-0.14, right=0.14
[INFO] [1775608670.538081365] [motor_controller]: cmd_vel -> linear=0.00, angular=0.25, left=-0.14, right=0.14
[INFO] [1775608670.539368698] [motor_controller]: cmd_vel -> linear=0.00, angular=0.25, left=-0.14, right=0.14
[INFO] [1775608670.540609605] [motor_controller]: cmd_vel -> linear=0.00, angular=0.25, left=-0.14, right=0.14
[INFO] [1775608670.596070685] [motor_controller]: cmd_vel -> linear=0.00, angular=0.25, left=-0.14, right=0.14
[INFO] [1775608670.597265572] [motor_controller]: cmd_vel -> linear=0.00, angular=0.25, left=-0.14, right=0.14
[INFO] [1775608670.653901021] [motor_controller]: cmd_vel -> linear=0.00, angular=0.25, left=-0.14, right=0.14
[INFO] [1775608670.655142297] [motor_controller]: cmd_vel -> linear=0.00, angular=0.25, left=-0.14, right=0.14
[INFO] [1775608670.711523761] [motor_controller]: cmd_vel -> linear=0.00, angular=0.25, left=-0.14, right=0.14
[INFO] [1775608670.712820242] [motor_controller]: cmd_vel -> linear=0.00, angular=0.25, left=-0.14, right=0.14
[INFO] [1775608677.196722097] [motor_controller]: cmd_vel -> linear=0.00, angular=-0.25, left=0.14, right=-0.14
[INFO] [1775608678.790937266] [motor_controller]: cmd_vel -> linear=0.35, angular=0.00, left=0.19, right=0.19
[INFO] [1775608679.293101899] [motor_controller]: cmd_vel -> linear=0.35, angular=0.00, left=0.19, right=0.19
[INFO] [1775608679.353972116] [motor_controller]: cmd_vel -> linear=0.35, angular=0.00, left=0.19, right=0.19
[INFO] [1775608679.439375348] [motor_controller]: cmd_vel -> linear=0.35, angular=0.00, left=0.19, right=0.19
[INFO] [1775608679.440649681] [motor_controller]: cmd_vel -> linear=0.35, angular=0.00, left=0.19, right=0.19
[INFO] [1775608679.441787882] [motor_controller]: cmd_vel -> linear=0.35, angular=0.00, left=0.19, right=0.19
[INFO] [1775608679.501715252] [motor_controller]: cmd_vel -> linear=0.35, angular=0.00, left=0.19, right=0.19
[INFO] [1775608679.502932362] [motor_controller]: cmd_vel -> linear=0.35, angular=0.00, left=0.19, right=0.19
[INFO] [1775608679.560053285] [motor_controller]: cmd_vel -> linear=0.35, angular=0.00, left=0.19, right=0.19
[INFO] [1775608679.632182976] [motor_controller]: cmd_vel -> linear=0.35, angular=0.00, left=0.19, right=0.19
[INFO] [1775608679.633587978] [motor_controller]: cmd_vel -> linear=0.35, angular=0.00, left=0.19, right=0.19
[INFO] [1775608679.634831051] [motor_controller]: cmd_vel -> linear=0.35, angular=0.00, left=0.19, right=0.19
[INFO] [1775608679.636012698] [motor_controller]: cmd_vel -> linear=0.35, angular=0.00, left=0.19, right=0.19
[INFO] [1775608679.695699138] [motor_controller]: cmd_vel -> linear=0.35, angular=0.00, left=0.19, right=0.19
[INFO] [1775608679.696936971] [motor_controller]: cmd_vel -> linear=0.35, angular=0.00, left=0.19, right=0.19
[INFO] [1775608679.753170455] [motor_controller]: cmd_vel -> linear=0.35, angular=0.00, left=0.19, right=0.19
[INFO] [1775608679.754386639] [motor_controller]: cmd_vel -> linear=0.35, angular=0.00, left=0.19, right=0.19
[INFO] [1775608679.908273529] [motor_controller]: cmd_vel -> linear=0.35, angular=0.00, left=0.19, right=0.19
[INFO] [1775608679.909516546] [motor_controller]: cmd_vel -> linear=0.35, angular=0.00, left=0.19, right=0.19
[INFO] [1775608679.910686396] [motor_controller]: cmd_vel -> linear=0.35, angular=0.00, left=0.19, right=0.19
[INFO] [1775608679.969672994] [motor_controller]: cmd_vel -> linear=0.35, angular=0.00, left=0.19, right=0.19
[INFO] [1775608679.970921678] [motor_controller]: cmd_vel -> linear=0.35, angular=0.00, left=0.19, right=0.19
[INFO] [1775608679.972072806] [motor_controller]: cmd_vel -> linear=0.35, angular=0.00, left=0.19, right=0.19
[INFO] [1775608680.027545242] [motor_controller]: cmd_vel -> linear=0.35, angular=0.00, left=0.19, right=0.19
[INFO] [1775608680.028882206] [motor_controller]: cmd_vel -> linear=0.35, angular=0.00, left=0.19, right=0.19
[INFO] [1775608680.133152558] [motor_controller]: cmd_vel -> linear=0.35, angular=0.00, left=0.19, right=0.19
[INFO] [1775608680.134353723] [motor_controller]: cmd_vel -> linear=0.35, angular=0.00, left=0.19, right=0.19
[INFO] [1775608680.135563463] [motor_controller]: cmd_vel -> linear=0.35, angular=0.00, left=0.19, right=0.19
[INFO] [1775608680.199058828] [motor_controller]: cmd_vel -> linear=0.35, angular=0.00, left=0.19, right=0.19
[INFO] [1775608680.200300254] [motor_controller]: cmd_vel -> linear=0.35, angular=0.00, left=0.19, right=0.19
[INFO] [1775608680.260052696] [motor_controller]: cmd_vel -> linear=0.35, angular=0.00, left=0.19, right=0.19
[INFO] [1775608680.261291417] [motor_controller]: cmd_vel -> linear=0.35, angular=0.00, left=0.19, right=0.19
[INFO] [1775608680.262444341] [motor_controller]: cmd_vel -> linear=0.35, angular=0.00, left=0.19, right=0.19
[INFO] [1775608680.933588807] [motor_controller]: cmd_vel -> linear=0.00, angular=-0.25, left=0.14, right=-0.14
[INFO] [1775608681.368776256] [motor_controller]: cmd_vel -> linear=0.00, angular=-0.25, left=0.14, right=-0.14
[INFO] [1775608681.430048387] [motor_controller]: cmd_vel -> linear=0.00, angular=-0.25, left=0.14, right=-0.14
[INFO] [1775608681.540997520] [motor_controller]: cmd_vel -> linear=0.00, angular=-0.25, left=0.14, right=-0.14
[INFO] [1775608681.542271223] [motor_controller]: cmd_vel -> linear=0.00, angular=-0.25, left=0.14, right=-0.14
[INFO] [1775608681.543437833] [motor_controller]: cmd_vel -> linear=0.00, angular=-0.25, left=0.14, right=-0.14
[INFO] [1775608681.601113894] [motor_controller]: cmd_vel -> linear=0.00, angular=-0.25, left=0.14, right=-0.14
[INFO] [1775608681.602349726] [motor_controller]: cmd_vel -> linear=0.00, angular=-0.25, left=0.14, right=-0.14
[INFO] [1775608681.603503298] [motor_controller]: cmd_vel -> linear=0.00, angular=-0.25, left=0.14, right=-0.14
[INFO] [1775608681.692417155] [motor_controller]: cmd_vel -> linear=0.00, angular=-0.25, left=0.14, right=-0.14
[INFO] [1775608681.693692136] [motor_controller]: cmd_vel -> linear=0.00, angular=-0.25, left=0.14, right=-0.14
[INFO] [1775608681.694840597] [motor_controller]: cmd_vel -> linear=0.00, angular=-0.25, left=0.14, right=-0.14
[INFO] [1775608681.753245317] [motor_controller]: cmd_vel -> linear=0.00, angular=-0.25, left=0.14, right=-0.14
[INFO] [1775608681.754533409] [motor_controller]: cmd_vel -> linear=0.00, angular=-0.25, left=0.14, right=-0.14
[INFO] [1775608681.755772630] [motor_controller]: cmd_vel -> linear=0.00, angular=-0.25, left=0.14, right=-0.14
[INFO] [1775608681.810832932] [motor_controller]: cmd_vel -> linear=0.00, angular=-0.25, left=0.14, right=-0.14
[INFO] [1775608681.897344440] [motor_controller]: cmd_vel -> linear=0.00, angular=-0.25, left=0.14, right=-0.14
[INFO] [1775608681.898685052] [motor_controller]: cmd_vel -> linear=0.00, angular=-0.25, left=0.14, right=-0.14
[INFO] [1775608681.899897310] [motor_controller]: cmd_vel -> linear=0.00, angular=-0.25, left=0.14, right=-0.14
[INFO] [1775608681.958124823] [motor_controller]: cmd_vel -> linear=0.00, angular=-0.25, left=0.14, right=-0.14
[INFO] [1775608681.959422342] [motor_controller]: cmd_vel -> linear=0.00, angular=-0.25, left=0.14, right=-0.14
[INFO] [1775608682.015644549] [motor_controller]: cmd_vel -> linear=0.00, angular=-0.25, left=0.14, right=-0.14
[INFO] [1775608682.101883498] [motor_controller]: cmd_vel -> linear=0.00, angular=-0.25, left=0.14, right=-0.14
[INFO] [1775608682.103178220] [motor_controller]: cmd_vel -> linear=0.00, angular=-0.25, left=0.14, right=-0.14
[INFO] [1775608682.104390090] [motor_controller]: cmd_vel -> linear=0.00, angular=-0.25, left=0.14, right=-0.14
[INFO] [1775608682.162612733] [motor_controller]: cmd_vel -> linear=0.00, angular=-0.25, left=0.14, right=-0.14
[INFO] [1775608682.163878844] [motor_controller]: cmd_vel -> linear=0.00, angular=-0.25, left=0.14, right=-0.14
[INFO] [1775608682.165090990] [motor_controller]: cmd_vel -> linear=0.00, angular=-0.25, left=0.14, right=-0.14
[INFO] [1775608682.224016329] [motor_controller]: cmd_vel -> linear=0.00, angular=-0.25, left=0.14, right=-0.14
[INFO] [1775608682.225222179] [motor_controller]: cmd_vel -> linear=0.00, angular=-0.25, left=0.14, right=-0.14
[INFO] [1775608682.282310677] [motor_controller]: cmd_vel -> linear=0.00, angular=-0.25, left=0.14, right=-0.14
[INFO] [1775608682.283936608] [motor_controller]: cmd_vel -> linear=0.00, angular=-0.25, left=0.14, right=-0.14
[INFO] [1775608682.348360321] [motor_controller]: cmd_vel -> linear=0.00, angular=-0.25, left=0.14, right=-0.14
[INFO] [1775608682.349625153] [motor_controller]: cmd_vel -> linear=0.00, angular=-0.25, left=0.14, right=-0.14
[INFO] [1775608682.406158125] [motor_controller]: cmd_vel -> linear=0.00, angular=-0.25, left=0.14, right=-0.14
[INFO] [1775608682.407483143] [motor_controller]: cmd_vel -> linear=0.00, angular=-0.25, left=0.14, right=-0.14
[INFO] [1775608682.463808241] [motor_controller]: cmd_vel -> linear=0.00, angular=-0.25, left=0.14, right=-0.14
[INFO] [1775608682.465080259] [motor_controller]: cmd_vel -> linear=0.00, angular=-0.25, left=0.14, right=-0.14
[INFO] [1775608682.521323856] [motor_controller]: cmd_vel -> linear=0.00, angular=-0.25, left=0.14, right=-0.14
[INFO] [1775608682.522575059] [motor_controller]: cmd_vel -> linear=0.00, angular=-0.25, left=0.14, right=-0.14
[INFO] [1775608682.578881731] [motor_controller]: cmd_vel -> linear=0.00, angular=-0.25, left=0.14, right=-0.14
[INFO] [1775608682.580106637] [motor_controller]: cmd_vel -> linear=0.00, angular=-0.25, left=0.14, right=-0.14
[INFO] [1775608682.636534884] [motor_controller]: cmd_vel -> linear=0.00, angular=-0.25, left=0.14, right=-0.14
[INFO] [1775608684.302342749] [motor_controller]: cmd_vel -> linear=0.35, angular=0.00, left=0.19, right=0.19
[INFO] [1775608684.823287022] [motor_controller]: cmd_vel -> linear=0.35, angular=0.00, left=0.19, right=0.19
[INFO] [1775608684.884084758] [motor_controller]: cmd_vel -> linear=0.35, angular=0.00, left=0.19, right=0.19
[INFO] [1775608684.885352572] [motor_controller]: cmd_vel -> linear=0.35, angular=0.00, left=0.19, right=0.19
[INFO] [1775608684.942426293] [motor_controller]: cmd_vel -> linear=0.35, angular=0.00, left=0.19, right=0.19
[INFO] [1775608684.943792109] [motor_controller]: cmd_vel -> linear=0.35, angular=0.00, left=0.19, right=0.19
[INFO] [1775608685.018559618] [motor_controller]: cmd_vel -> linear=0.35, angular=0.00, left=0.19, right=0.19
[INFO] [1775608685.019830266] [motor_controller]: cmd_vel -> linear=0.35, angular=0.00, left=0.19, right=0.19
[INFO] [1775608685.079440745] [motor_controller]: cmd_vel -> linear=0.35, angular=0.00, left=0.19, right=0.19
[INFO] [1775608685.080716541] [motor_controller]: cmd_vel -> linear=0.35, angular=0.00, left=0.19, right=0.19
[INFO] [1775608685.081855020] [motor_controller]: cmd_vel -> linear=0.35, angular=0.00, left=0.19, right=0.19
[INFO] [1775608685.136979398] [motor_controller]: cmd_vel -> linear=0.35, angular=0.00, left=0.19, right=0.19
[INFO] [1775608685.138208453] [motor_controller]: cmd_vel -> linear=0.35, angular=0.00, left=0.19, right=0.19
[INFO] [1775608685.194583664] [motor_controller]: cmd_vel -> linear=0.35, angular=0.00, left=0.19, right=0.19
[INFO] [1775608685.195800329] [motor_controller]: cmd_vel -> linear=0.35, angular=0.00, left=0.19, right=0.19
[INFO] [1775608685.252062613] [motor_controller]: cmd_vel -> linear=0.35, angular=0.00, left=0.19, right=0.19
[INFO] [1775608685.326069130] [motor_controller]: cmd_vel -> linear=0.35, angular=0.00, left=0.19, right=0.19
[INFO] [1775608685.327284240] [motor_controller]: cmd_vel -> linear=0.35, angular=0.00, left=0.19, right=0.19
[INFO] [1775608685.386794662] [motor_controller]: cmd_vel -> linear=0.35, angular=0.00, left=0.19, right=0.19
[INFO] [1775608685.388079162] [motor_controller]: cmd_vel -> linear=0.35, angular=0.00, left=0.19, right=0.19
[INFO] [1775608685.389293328] [motor_controller]: cmd_vel -> linear=0.35, angular=0.00, left=0.19, right=0.19
[INFO] [1775608685.444932121] [motor_controller]: cmd_vel -> linear=0.35, angular=0.00, left=0.19, right=0.19
[INFO] [1775608685.446199898] [motor_controller]: cmd_vel -> linear=0.35, angular=0.00, left=0.19, right=0.19
[INFO] [1775608685.502399403] [motor_controller]: cmd_vel -> linear=0.35, angular=0.00, left=0.19, right=0.19
[INFO] [1775608685.503679717] [motor_controller]: cmd_vel -> linear=0.35, angular=0.00, left=0.19, right=0.19
[INFO] [1775608685.560057817] [motor_controller]: cmd_vel -> linear=0.35, angular=0.00, left=0.19, right=0.19
[INFO] [1775608685.561244797] [motor_controller]: cmd_vel -> linear=0.35, angular=0.00, left=0.19, right=0.19
[INFO] [1775608685.625687956] [motor_controller]: cmd_vel -> linear=0.35, angular=0.00, left=0.19, right=0.19
[INFO] [1775608685.683256980] [motor_controller]: cmd_vel -> linear=0.35, angular=0.00, left=0.19, right=0.19
[INFO] [1775608685.684504535] [motor_controller]: cmd_vel -> linear=0.35, angular=0.00, left=0.19, right=0.19
[INFO] [1775608685.685675533] [motor_controller]: cmd_vel -> linear=0.35, angular=0.00, left=0.19, right=0.19
[INFO] [1775608685.740834412] [motor_controller]: cmd_vel -> linear=0.35, angular=0.00, left=0.19, right=0.19
[INFO] [1775608685.742042559] [motor_controller]: cmd_vel -> linear=0.35, angular=0.00, left=0.19, right=0.19
[INFO] [1775608685.798921092] [motor_controller]: cmd_vel -> linear=0.35, angular=0.00, left=0.19, right=0.19
[INFO] [1775608685.857479111] [motor_controller]: cmd_vel -> linear=0.35, angular=0.00, left=0.19, right=0.19
[INFO] [1775608685.858743018] [motor_controller]: cmd_vel -> linear=0.35, angular=0.00, left=0.19, right=0.19
[INFO] [1775608685.915771423] [motor_controller]: cmd_vel -> linear=0.35, angular=0.00, left=0.19, right=0.19
[INFO] [1775608685.917027219] [motor_controller]: cmd_vel -> linear=0.35, angular=0.00, left=0.19, right=0.19
[INFO] [1775608685.973817899] [motor_controller]: cmd_vel -> linear=0.35, angular=0.00, left=0.19, right=0.19
[INFO] [1775608685.975097213] [motor_controller]: cmd_vel -> linear=0.35, angular=0.00, left=0.19, right=0.19
[INFO] [1775608686.929983088] [motor_controller]: cmd_vel -> linear=0.00, angular=-0.25, left=0.14, right=-0.14
[INFO] [1775608687.310378995] [motor_controller]: cmd_vel -> linear=-0.35, angular=0.00, left=-0.19, right=-0.19
[INFO] [1775608687.810548149] [motor_controller]: cmd_vel -> linear=-0.35, angular=0.00, left=-0.19, right=-0.19
[INFO] [1775608687.878891902] [motor_controller]: cmd_vel -> linear=-0.35, angular=0.00, left=-0.19, right=-0.19
[INFO] [1775608687.880120086] [motor_controller]: cmd_vel -> linear=-0.35, angular=0.00, left=-0.19, right=-0.19
[INFO] [1775608687.939697306] [motor_controller]: cmd_vel -> linear=-0.35, angular=0.00, left=-0.19, right=-0.19
[INFO] [1775608687.940934027] [motor_controller]: cmd_vel -> linear=-0.35, angular=0.00, left=-0.19, right=-0.19
[INFO] [1775608687.998891761] [motor_controller]: cmd_vel -> linear=-0.35, angular=0.00, left=-0.19, right=-0.19
[INFO] [1775608689.949490644] [motor_controller]: cmd_vel -> linear=-0.35, angular=0.00, left=-0.19, right=-0.19
[INFO] [1775608690.451040234] [motor_controller]: cmd_vel -> linear=-0.35, angular=0.00, left=-0.19, right=-0.19
[INFO] [1775608690.511671452] [motor_controller]: cmd_vel -> linear=-0.35, angular=0.00, left=-0.19, right=-0.19
[INFO] [1775608690.512936988] [motor_controller]: cmd_vel -> linear=-0.35, angular=0.00, left=-0.19, right=-0.19
[INFO] [1775608690.569433869] [motor_controller]: cmd_vel -> linear=-0.35, angular=0.00, left=-0.19, right=-0.19
[INFO] [1775608690.570687924] [motor_controller]: cmd_vel -> linear=-0.35, angular=0.00, left=-0.19, right=-0.19
[INFO] [1775608690.643791617] [motor_controller]: cmd_vel -> linear=-0.35, angular=0.00, left=-0.19, right=-0.19
[INFO] [1775608690.645013338] [motor_controller]: cmd_vel -> linear=-0.35, angular=0.00, left=-0.19, right=-0.19
[INFO] [1775608690.704601300] [motor_controller]: cmd_vel -> linear=-0.35, angular=0.00, left=-0.19, right=-0.19
[INFO] [1775608690.705812132] [motor_controller]: cmd_vel -> linear=-0.35, angular=0.00, left=-0.19, right=-0.19
[INFO] [1775608690.766033900] [motor_controller]: cmd_vel -> linear=-0.35, angular=0.00, left=-0.19, right=-0.19
[INFO] [1775608690.767303826] [motor_controller]: cmd_vel -> linear=-0.35, angular=0.00, left=-0.19, right=-0.19
[INFO] [1775608692.804715317] [motor_controller]: cmd_vel -> linear=-0.35, angular=0.00, left=-0.19, right=-0.19
[INFO] [1775608694.550109433] [motor_controller]: cmd_vel -> linear=-0.35, angular=0.00, left=-0.19, right=-0.19
[INFO] [1775608696.093254429] [motor_controller]: cmd_vel -> linear=0.35, angular=0.00, left=0.19, right=0.19
[INFO] [1775608696.522175572] [motor_controller]: cmd_vel -> linear=0.00, angular=0.25, left=-0.14, right=0.14
[INFO] [1775608697.899251280] [motor_controller]: cmd_vel -> linear=0.35, angular=0.00, left=0.19, right=0.19
[INFO] [1775608698.397707517] [motor_controller]: cmd_vel -> linear=0.35, angular=0.00, left=0.19, right=0.19
[INFO] [1775608698.459181509] [motor_controller]: cmd_vel -> linear=0.35, angular=0.00, left=0.19, right=0.19
[INFO] [1775608698.460449509] [motor_controller]: cmd_vel -> linear=0.35, angular=0.00, left=0.19, right=0.19
[INFO] [1775608698.525231678] [motor_controller]: cmd_vel -> linear=0.35, angular=0.00, left=0.19, right=0.19
[INFO] [1775608698.526458621] [motor_controller]: cmd_vel -> linear=0.35, angular=0.00, left=0.19, right=0.19
[INFO] [1775608698.583563310] [motor_controller]: cmd_vel -> linear=0.35, angular=0.00, left=0.19, right=0.19
[INFO] [1775608698.584770679] [motor_controller]: cmd_vel -> linear=0.35, angular=0.00, left=0.19, right=0.19
[INFO] [1775608698.641691477] [motor_controller]: cmd_vel -> linear=0.35, angular=0.00, left=0.19, right=0.19
[INFO] [1775608698.642932865] [motor_controller]: cmd_vel -> linear=0.35, angular=0.00, left=0.19, right=0.19
[INFO] [1775608698.699464675] [motor_controller]: cmd_vel -> linear=0.35, angular=0.00, left=0.19, right=0.19
[INFO] [1775608698.757312245] [motor_controller]: cmd_vel -> linear=0.35, angular=0.00, left=0.19, right=0.19
[INFO] [1775608698.758554596] [motor_controller]: cmd_vel -> linear=0.35, angular=0.00, left=0.19, right=0.19
[INFO] [1775608698.814825032] [motor_controller]: cmd_vel -> linear=0.35, angular=0.00, left=0.19, right=0.19
[INFO] [1775608698.816038179] [motor_controller]: cmd_vel -> linear=0.35, angular=0.00, left=0.19, right=0.19
[INFO] [1775608698.872554804] [motor_controller]: cmd_vel -> linear=0.35, angular=0.00, left=0.19, right=0.19
[INFO] [1775608698.873762785] [motor_controller]: cmd_vel -> linear=0.35, angular=0.00, left=0.19, right=0.19
[INFO] [1775608698.930733509] [motor_controller]: cmd_vel -> linear=0.35, angular=0.00, left=0.19, right=0.19
[INFO] [1775608698.931962471] [motor_controller]: cmd_vel -> linear=0.35, angular=0.00, left=0.19, right=0.19
[INFO] [1775608699.872146692] [motor_controller]: cmd_vel -> linear=-0.35, angular=0.00, left=-0.19, right=-0.19
[INFO] [1775608784.730274658] [motor_controller]: cmd_vel -> linear=-0.35, angular=0.00, left=-0.19, right=-0.19
[INFO] [1775608785.231126192] [motor_controller]: cmd_vel -> linear=-0.35, angular=0.00, left=-0.19, right=-0.19
[INFO] [1775608785.292260789] [motor_controller]: cmd_vel -> linear=-0.35, angular=0.00, left=-0.19, right=-0.19
[INFO] [1775608785.293595364] [motor_controller]: cmd_vel -> linear=-0.35, angular=0.00, left=-0.19, right=-0.19
[INFO] [1775608785.349804703] [motor_controller]: cmd_vel -> linear=-0.35, angular=0.00, left=-0.19, right=-0.19
[INFO] [1775608785.351072851] [motor_controller]: cmd_vel -> linear=-0.35, angular=0.00, left=-0.19, right=-0.19
[INFO] [1775608785.407467285] [motor_controller]: cmd_vel -> linear=-0.35, angular=0.00, left=-0.19, right=-0.19
[INFO] [1775608785.481728351] [motor_controller]: cmd_vel -> linear=-0.35, angular=0.00, left=-0.19, right=-0.19
[INFO] [1775608821.278380258] [motor_controller]: cmd_vel -> linear=0.35, angular=0.00, left=0.19, right=0.19
