[INFO] [1775893908.550611727] [uart_bridge]: UART bridge node started
[INFO] [1775893908.551948177] [uart_bridge]: Opened UART on /dev/ttyAMA0 @ 115200
[INFO] [1775893994.853725863] [uart_bridge]: UART RX: TASK_CREATE|T1774338442|room1|D1
[INFO] [1775893994.854673294] [uart_bridge]: Task received from BBG: task_id=T1774338442, destination=room1, drawer_id=D1
[INFO] [1775893994.855319889] [uart_bridge]: Handling task creation: task_id=T1774338442, destination=room1, drawer_id=D1
[INFO] [1775893994.858798628] [uart_bridge]: UART TX: STATUS|T1774338442|MOVING
[INFO] [1775893994.860370153] [uart_bridge]: Monitoring arrival at room1 (2.33, 28.2)
[INFO] [1775893994.861033416] [uart_bridge]: Distance to room1: 5.20m (threshold: 1m)
[INFO] [1775893995.361999614] [uart_bridge]: Distance to room1: 5.20m (threshold: 1m)
[INFO] [1775893995.863103110] [uart_bridge]: Distance to room1: 5.20m (threshold: 1m)
[INFO] [1775893996.364170291] [uart_bridge]: Distance to room1: 5.20m (threshold: 1m)
[INFO] [1775893996.865099897] [uart_bridge]: Distance to room1: 5.20m (threshold: 1m)
[INFO] [1775893997.365985595] [uart_bridge]: Distance to room1: 5.20m (threshold: 1m)
[INFO] [1775893997.866964219] [uart_bridge]: Distance to room1: 5.20m (threshold: 1m)
[INFO] [1775893998.367964770] [uart_bridge]: Distance to room1: 5.20m (threshold: 1m)
[INFO] [1775893998.868724727] [uart_bridge]: Distance to room1: 5.20m (threshold: 1m)
[INFO] [1775893999.369739259] [uart_bridge]: Distance to room1: 5.20m (threshold: 1m)
[INFO] [1775893999.870742180] [uart_bridge]: Distance to room1: 5.20m (threshold: 1m)
[INFO] [1775894000.371804768] [uart_bridge]: Distance to room1: 5.20m (threshold: 1m)
[INFO] [1775894000.872593985] [uart_bridge]: Distance to room1: 4.90m (threshold: 1m)
[INFO] [1775894001.373366220] [uart_bridge]: Distance to room1: 4.52m (threshold: 1m)
[INFO] [1775894001.874447715] [uart_bridge]: Distance to room1: 4.33m (threshold: 1m)
[INFO] [1775894002.375567266] [uart_bridge]: Distance to room1: 4.33m (threshold: 1m)
[INFO] [1775894002.876852837] [uart_bridge]: Distance to room1: 4.06m (threshold: 1m)
[INFO] [1775894003.377635720] [uart_bridge]: Distance to room1: 4.06m (threshold: 1m)
[INFO] [1775894003.878692548] [uart_bridge]: Distance to room1: 4.06m (threshold: 1m)
[INFO] [1775894004.379495098] [uart_bridge]: Distance to room1: 4.06m (threshold: 1m)
[INFO] [1775894004.880283222] [uart_bridge]: Distance to room1: 4.06m (threshold: 1m)
[INFO] [1775894005.381330736] [uart_bridge]: Distance to room1: 3.82m (threshold: 1m)
[INFO] [1775894005.882287046] [uart_bridge]: Distance to room1: 3.82m (threshold: 1m)
[INFO] [1775894006.383162503] [uart_bridge]: Distance to room1: 3.49m (threshold: 1m)
[INFO] [1775894006.883936719] [uart_bridge]: Distance to room1: 3.49m (threshold: 1m)
[INFO] [1775894007.384934455] [uart_bridge]: Distance to room1: 3.26m (threshold: 1m)
[INFO] [1775894007.885933117] [uart_bridge]: Distance to room1: 3.26m (threshold: 1m)
[INFO] [1775894008.386779056] [uart_bridge]: Distance to room1: 3.03m (threshold: 1m)
[INFO] [1775894008.887583457] [uart_bridge]: Distance to room1: 3.03m (threshold: 1m)
[INFO] [1775894009.388437322] [uart_bridge]: Distance to room1: 2.78m (threshold: 1m)
[INFO] [1775894009.889455354] [uart_bridge]: Distance to room1: 2.78m (threshold: 1m)
[INFO] [1775894010.390560368] [uart_bridge]: Distance to room1: 2.78m (threshold: 1m)
[INFO] [1775894010.891671142] [uart_bridge]: Distance to room1: 2.78m (threshold: 1m)
[INFO] [1775894011.392668859] [uart_bridge]: Distance to room1: 2.54m (threshold: 1m)
[INFO] [1775894011.893737466] [uart_bridge]: Distance to room1: 2.54m (threshold: 1m)
[INFO] [1775894012.394831646] [uart_bridge]: Distance to room1: 2.54m (threshold: 1m)
[INFO] [1775894012.895914846] [uart_bridge]: Distance to room1: 2.54m (threshold: 1m)
[INFO] [1775894013.396937322] [uart_bridge]: Distance to room1: 2.35m (threshold: 1m)
[INFO] [1775894013.897978114] [uart_bridge]: Distance to room1: 2.35m (threshold: 1m)
[INFO] [1775894014.399032739] [uart_bridge]: Distance to room1: 2.20m (threshold: 1m)
[INFO] [1775894014.900100808] [uart_bridge]: Distance to room1: 2.20m (threshold: 1m)
[INFO] [1775894015.401205249] [uart_bridge]: Distance to room1: 1.82m (threshold: 1m)
[INFO] [1775894015.902242151] [uart_bridge]: Distance to room1: 1.82m (threshold: 1m)
[INFO] [1775894016.403332665] [uart_bridge]: Distance to room1: 1.51m (threshold: 1m)
[INFO] [1775894016.904405661] [uart_bridge]: Distance to room1: 1.28m (threshold: 1m)
[INFO] [1775894017.405420619] [uart_bridge]: Distance to room1: 1.28m (threshold: 1m)
[INFO] [1775894017.906457577] [uart_bridge]: Distance to room1: 0.98m (threshold: 1m)
[INFO] [1775894017.910873135] [uart_bridge]: UART TX: STATUS|T1774338442|ARRIVED
[INFO] [1775894017.911662972] [uart_bridge]: ARRIVED at room1 for task T1774338442
[INFO] [1775894054.253674300] [uart_bridge]: UART RX: DELIVERY_COMPLETE|T1774338442
[INFO] [1775894054.254689861] [uart_bridge]: Delivery complete received: T1774338442
[INFO] [1775894054.255313141] [uart_bridge]: Handling delivery complete: task_id=T1774338442
[INFO] [1775894054.258748565] [uart_bridge]: UART TX: STATUS|T1774338442|IDLE
[INFO] [1775894840.545409014] [uart_bridge]: UART bridge stopped
[INFO] [1775894840.546261074] [uart_bridge]: UART port closed
