[INFO] [1775867162.658544333] [motor_controller]: Motor Controller Node started
[INFO] [1775867178.579930930] [motor_controller]: cmd_vel -> linear=0.45, angular=0.00, left=0.18, right=0.18
[INFO] [1775867182.934053677] [motor_controller]: cmd_vel -> linear=-0.45, angular=0.00, left=-0.18, right=-0.18
[INFO] [1775867212.542231811] [motor_controller]: cmd_vel -> linear=0.00, angular=-2.00, left=0.18, right=-0.18
[INFO] [1775867213.199199638] [motor_controller]: cmd_vel -> linear=0.00, angular=-2.00, left=0.18, right=-0.18
[INFO] [1775867214.328081854] [motor_controller]: cmd_vel -> linear=0.00, angular=-2.00, left=0.18, right=-0.18
[INFO] [1775867214.989849594] [motor_controller]: cmd_vel -> linear=0.00, angular=2.00, left=-0.18, right=0.18
[INFO] [1775867215.465787873] [motor_controller]: cmd_vel -> linear=0.00, angular=2.00, left=-0.18, right=0.18
[INFO] [1775867216.421556617] [motor_controller]: cmd_vel -> linear=0.00, angular=2.00, left=-0.18, right=0.18
[INFO] [1775867216.899469813] [motor_controller]: cmd_vel -> linear=0.00, angular=2.00, left=-0.18, right=0.18
[INFO] [1775867216.959623199] [motor_controller]: cmd_vel -> linear=0.00, angular=2.00, left=-0.18, right=0.18
[INFO] [1775867217.381909865] [motor_controller]: cmd_vel -> linear=0.00, angular=-2.00, left=0.18, right=-0.18
[INFO] [1775867219.848236701] [motor_controller]: cmd_vel -> linear=0.00, angular=2.00, left=-0.18, right=0.18
[INFO] [1775867220.392335646] [motor_controller]: cmd_vel -> linear=0.00, angular=2.00, left=-0.18, right=0.18
[INFO] [1775867220.451108932] [motor_controller]: cmd_vel -> linear=0.00, angular=2.00, left=-0.18, right=0.18
[INFO] [1775867221.764329156] [motor_controller]: cmd_vel -> linear=-0.45, angular=0.00, left=-0.18, right=-0.18
[INFO] [1775867222.716170715] [motor_controller]: cmd_vel -> linear=0.00, angular=-2.00, left=0.18, right=-0.18
[INFO] [1775867223.316653267] [motor_controller]: cmd_vel -> linear=0.00, angular=2.00, left=-0.18, right=0.18
[INFO] [1775867224.690003821] [motor_controller]: cmd_vel -> linear=-0.45, angular=0.00, left=-0.18, right=-0.18
[INFO] [1775867225.130783929] [motor_controller]: cmd_vel -> linear=-0.45, angular=0.00, left=-0.18, right=-0.18
[INFO] [1775867225.250361789] [motor_controller]: cmd_vel -> linear=-0.45, angular=0.00, left=-0.18, right=-0.18
[INFO] [1775867225.309363280] [motor_controller]: cmd_vel -> linear=-0.45, angular=0.00, left=-0.18, right=-0.18
[INFO] [1775867232.728067385] [motor_controller]: cmd_vel -> linear=-0.45, angular=0.00, left=-0.18, right=-0.18
[INFO] [1775867233.261839557] [motor_controller]: cmd_vel -> linear=-0.45, angular=0.00, left=-0.18, right=-0.18
[INFO] [1775867233.381145415] [motor_controller]: cmd_vel -> linear=-0.45, angular=0.00, left=-0.18, right=-0.18
[INFO] [1775867233.443951869] [motor_controller]: cmd_vel -> linear=-0.45, angular=0.00, left=-0.18, right=-0.18
[INFO] [1775867234.563701634] [motor_controller]: cmd_vel -> linear=0.45, angular=0.00, left=0.18, right=0.18
[INFO] [1775867235.392317259] [motor_controller]: cmd_vel -> linear=0.45, angular=0.00, left=0.18, right=0.18
[INFO] [1775867235.929931857] [motor_controller]: cmd_vel -> linear=0.45, angular=0.00, left=0.18, right=0.18
[INFO] [1775867235.990335206] [motor_controller]: cmd_vel -> linear=0.45, angular=0.00, left=0.18, right=0.18
[INFO] [1775867236.106792162] [motor_controller]: cmd_vel -> linear=0.45, angular=0.00, left=0.18, right=0.18
[INFO] [1775867236.165123409] [motor_controller]: cmd_vel -> linear=0.45, angular=0.00, left=0.18, right=0.18
[INFO] [1775867236.224104048] [motor_controller]: cmd_vel -> linear=0.45, angular=0.00, left=0.18, right=0.18
[INFO] [1775867239.898662931] [motor_controller]: cmd_vel -> linear=-0.45, angular=0.00, left=-0.18, right=-0.18
[INFO] [1775867240.427927174] [motor_controller]: cmd_vel -> linear=-0.45, angular=0.00, left=-0.18, right=-0.18
[INFO] [1775867240.487811576] [motor_controller]: cmd_vel -> linear=-0.45, angular=0.00, left=-0.18, right=-0.18
[INFO] [1775867240.606642118] [motor_controller]: cmd_vel -> linear=-0.45, angular=0.00, left=-0.18, right=-0.18
[INFO] [1775867240.665307329] [motor_controller]: cmd_vel -> linear=-0.45, angular=0.00, left=-0.18, right=-0.18
[INFO] [1775867240.784845744] [motor_controller]: cmd_vel -> linear=-0.45, angular=0.00, left=-0.18, right=-0.18
[INFO] [1775867240.843992291] [motor_controller]: cmd_vel -> linear=-0.45, angular=0.00, left=-0.18, right=-0.18
[INFO] [1775867244.831750680] [motor_controller]: cmd_vel -> linear=0.00, angular=2.00, left=-0.18, right=0.18
[INFO] [1775867245.369722465] [motor_controller]: cmd_vel -> linear=0.00, angular=2.00, left=-0.18, right=0.18
[INFO] [1775867245.431245709] [motor_controller]: cmd_vel -> linear=0.00, angular=2.00, left=-0.18, right=0.18
[INFO] [1775867245.548475206] [motor_controller]: cmd_vel -> linear=0.00, angular=2.00, left=-0.18, right=0.18
[INFO] [1775867245.606965213] [motor_controller]: cmd_vel -> linear=0.00, angular=2.00, left=-0.18, right=0.18
[INFO] [1775867245.729544809] [motor_controller]: cmd_vel -> linear=0.00, angular=2.00, left=-0.18, right=0.18
[INFO] [1775867245.789715454] [motor_controller]: cmd_vel -> linear=0.00, angular=2.00, left=-0.18, right=0.18
[INFO] [1775867245.848021293] [motor_controller]: cmd_vel -> linear=0.00, angular=2.00, left=-0.18, right=0.18
[INFO] [1775867245.964153747] [motor_controller]: cmd_vel -> linear=0.00, angular=2.00, left=-0.18, right=0.18
[INFO] [1775867246.084236239] [motor_controller]: cmd_vel -> linear=0.00, angular=2.00, left=-0.18, right=0.18
[INFO] [1775867246.145528019] [motor_controller]: cmd_vel -> linear=0.00, angular=2.00, left=-0.18, right=0.18
[INFO] [1775867246.203801821] [motor_controller]: cmd_vel -> linear=0.00, angular=2.00, left=-0.18, right=0.18
[INFO] [1775867246.325628784] [motor_controller]: cmd_vel -> linear=0.00, angular=2.00, left=-0.18, right=0.18
[INFO] [1775867246.384115810] [motor_controller]: cmd_vel -> linear=0.00, angular=2.00, left=-0.18, right=0.18
[INFO] [1775867246.446472520] [motor_controller]: cmd_vel -> linear=0.00, angular=2.00, left=-0.18, right=0.18
[INFO] [1775867247.641046316] [motor_controller]: cmd_vel -> linear=-0.45, angular=0.00, left=-0.18, right=-0.18
[INFO] [1775867248.117327874] [motor_controller]: cmd_vel -> linear=-0.45, angular=0.00, left=-0.18, right=-0.18
[INFO] [1775867248.175777307] [motor_controller]: cmd_vel -> linear=-0.45, angular=0.00, left=-0.18, right=-0.18
[INFO] [1775867248.296983064] [motor_controller]: cmd_vel -> linear=-0.45, angular=0.00, left=-0.18, right=-0.18
[INFO] [1775867248.355783368] [motor_controller]: cmd_vel -> linear=-0.45, angular=0.00, left=-0.18, right=-0.18
[INFO] [1775867248.474104129] [motor_controller]: cmd_vel -> linear=-0.45, angular=0.00, left=-0.18, right=-0.18
[INFO] [1775867248.536037653] [motor_controller]: cmd_vel -> linear=-0.45, angular=0.00, left=-0.18, right=-0.18
[INFO] [1775867248.596082279] [motor_controller]: cmd_vel -> linear=-0.45, angular=0.00, left=-0.18, right=-0.18
[INFO] [1775867248.713723425] [motor_controller]: cmd_vel -> linear=-0.45, angular=0.00, left=-0.18, right=-0.18
[INFO] [1775867248.773007603] [motor_controller]: cmd_vel -> linear=-0.45, angular=0.00, left=-0.18, right=-0.18
[INFO] [1775867252.042791534] [motor_controller]: cmd_vel -> linear=0.00, angular=-2.00, left=0.18, right=-0.18
[INFO] [1775867252.579707944] [motor_controller]: cmd_vel -> linear=0.00, angular=-2.00, left=0.18, right=-0.18
[INFO] [1775867252.641630504] [motor_controller]: cmd_vel -> linear=0.00, angular=-2.00, left=0.18, right=-0.18
[INFO] [1775867252.758460610] [motor_controller]: cmd_vel -> linear=0.00, angular=-2.00, left=0.18, right=-0.18
[INFO] [1775867252.820022817] [motor_controller]: cmd_vel -> linear=0.00, angular=-2.00, left=0.18, right=-0.18
[INFO] [1775867252.877877691] [motor_controller]: cmd_vel -> linear=0.00, angular=-2.00, left=0.18, right=-0.18
[INFO] [1775867252.994133442] [motor_controller]: cmd_vel -> linear=0.00, angular=-2.00, left=0.18, right=-0.18
[INFO] [1775867253.110947289] [motor_controller]: cmd_vel -> linear=0.00, angular=-2.00, left=0.18, right=-0.18
[INFO] [1775867253.169539463] [motor_controller]: cmd_vel -> linear=0.00, angular=-2.00, left=0.18, right=-0.18
[INFO] [1775867254.789793181] [motor_controller]: cmd_vel -> linear=0.45, angular=0.00, left=0.18, right=0.18
[INFO] [1775867255.326770295] [motor_controller]: cmd_vel -> linear=0.45, angular=0.00, left=0.18, right=0.18
[INFO] [1775867255.446347636] [motor_controller]: cmd_vel -> linear=0.45, angular=0.00, left=0.18, right=0.18
[INFO] [1775867255.504702939] [motor_controller]: cmd_vel -> linear=0.45, angular=0.00, left=0.18, right=0.18
[INFO] [1775867255.563471891] [motor_controller]: cmd_vel -> linear=0.45, angular=0.00, left=0.18, right=0.18
[INFO] [1775867255.686105673] [motor_controller]: cmd_vel -> linear=0.45, angular=0.00, left=0.18, right=0.18
[INFO] [1775867255.744619254] [motor_controller]: cmd_vel -> linear=0.45, angular=0.00, left=0.18, right=0.18
[INFO] [1775867255.862111215] [motor_controller]: cmd_vel -> linear=0.45, angular=0.00, left=0.18, right=0.18
[INFO] [1775867255.923943868] [motor_controller]: cmd_vel -> linear=0.45, angular=0.00, left=0.18, right=0.18
[INFO] [1775867255.982094817] [motor_controller]: cmd_vel -> linear=0.45, angular=0.00, left=0.18, right=0.18
[INFO] [1775867256.102671923] [motor_controller]: cmd_vel -> linear=0.45, angular=0.00, left=0.18, right=0.18
[INFO] [1775867256.161247875] [motor_controller]: cmd_vel -> linear=0.45, angular=0.00, left=0.18, right=0.18
[INFO] [1775867261.473939527] [motor_controller]: cmd_vel -> linear=0.45, angular=0.00, left=0.18, right=0.18
[INFO] [1775867262.008708740] [motor_controller]: cmd_vel -> linear=0.45, angular=0.00, left=0.18, right=0.18
[INFO] [1775867262.125015714] [motor_controller]: cmd_vel -> linear=0.45, angular=0.00, left=0.18, right=0.18
[INFO] [1775867262.184401892] [motor_controller]: cmd_vel -> linear=0.45, angular=0.00, left=0.18, right=0.18
[INFO] [1775867263.306686835] [motor_controller]: cmd_vel -> linear=0.00, angular=2.00, left=-0.18, right=0.18
[INFO] [1775867295.513407024] [motor_controller]: cmd_vel -> linear=-0.45, angular=0.00, left=-0.18, right=-0.18
[INFO] [1775867296.575253377] [motor_controller]: cmd_vel -> linear=-0.45, angular=0.00, left=-0.18, right=-0.18
[INFO] [1775867297.228427889] [motor_controller]: cmd_vel -> linear=0.45, angular=0.00, left=0.18, right=0.18
[INFO] [1775867297.887716783] [motor_controller]: cmd_vel -> linear=0.45, angular=0.00, left=0.18, right=0.18
[INFO] [1775867298.126370796] [motor_controller]: cmd_vel -> linear=0.45, angular=0.00, left=0.18, right=0.18
[INFO] [1775867298.424981712] [motor_controller]: cmd_vel -> linear=0.45, angular=0.00, left=0.18, right=0.18
[INFO] [1775867298.718404474] [motor_controller]: cmd_vel -> linear=0.45, angular=0.00, left=0.18, right=0.18
[INFO] [1775867305.425427523] [motor_controller]: cmd_vel -> linear=0.45, angular=0.00, left=0.18, right=0.18
[INFO] [1775867305.954723858] [motor_controller]: cmd_vel -> linear=0.45, angular=0.00, left=0.18, right=0.18
[INFO] [1775867306.310450904] [motor_controller]: cmd_vel -> linear=0.45, angular=0.00, left=0.18, right=0.18
[INFO] [1775867319.924897145] [motor_controller]: cmd_vel -> linear=0.00, angular=2.00, left=-0.18, right=0.18
[INFO] [1775867320.518037568] [motor_controller]: cmd_vel -> linear=0.00, angular=-2.00, left=0.18, right=-0.18
[INFO] [1775867320.930038314] [motor_controller]: cmd_vel -> linear=-0.45, angular=0.00, left=-0.18, right=-0.18
[INFO] [1775867321.225042639] [motor_controller]: cmd_vel -> linear=-0.45, angular=0.00, left=-0.18, right=-0.18
[INFO] [1775867321.460276654] [motor_controller]: cmd_vel -> linear=-0.45, angular=0.00, left=-0.18, right=-0.18
[INFO] [1775867321.698396443] [motor_controller]: cmd_vel -> linear=-0.45, angular=0.00, left=-0.18, right=-0.18
[INFO] [1775867321.875999437] [motor_controller]: cmd_vel -> linear=-0.45, angular=0.00, left=-0.18, right=-0.18
[INFO] [1775867322.111781695] [motor_controller]: cmd_vel -> linear=-0.45, angular=0.00, left=-0.18, right=-0.18
[INFO] [1775867323.122002167] [motor_controller]: cmd_vel -> linear=-0.45, angular=0.00, left=-0.18, right=-0.18
[INFO] [1775867323.775631163] [motor_controller]: cmd_vel -> linear=-0.45, angular=0.00, left=-0.18, right=-0.18
[INFO] [1775867324.659703114] [motor_controller]: cmd_vel -> linear=-0.45, angular=0.00, left=-0.18, right=-0.18
[INFO] [1775867324.900401174] [motor_controller]: cmd_vel -> linear=-0.45, angular=0.00, left=-0.18, right=-0.18
[INFO] [1775867325.255552755] [motor_controller]: cmd_vel -> linear=-0.45, angular=0.00, left=-0.18, right=-0.18
[INFO] [1775867325.555306473] [motor_controller]: cmd_vel -> linear=-0.45, angular=0.00, left=-0.18, right=-0.18
[INFO] [1775867329.280311065] [motor_controller]: cmd_vel -> linear=-0.45, angular=0.00, left=-0.18, right=-0.18
[INFO] [1775867329.579656429] [motor_controller]: cmd_vel -> linear=-0.45, angular=0.00, left=-0.18, right=-0.18
[INFO] [1775867329.755161598] [motor_controller]: cmd_vel -> linear=-0.45, angular=0.00, left=-0.18, right=-0.18
[INFO] [1775867329.995851714] [motor_controller]: cmd_vel -> linear=-0.45, angular=0.00, left=-0.18, right=-0.18
[INFO] [1775867330.472912887] [motor_controller]: cmd_vel -> linear=-0.45, angular=0.00, left=-0.18, right=-0.18
[INFO] [1775867330.473921003] [motor_controller]: cmd_vel -> linear=-0.45, angular=0.00, left=-0.18, right=-0.18
[INFO] [1775867330.708767776] [motor_controller]: cmd_vel -> linear=-0.45, angular=0.00, left=-0.18, right=-0.18
[INFO] [1775867331.175180935] [motor_controller]: cmd_vel -> linear=-0.45, angular=0.00, left=-0.18, right=-0.18
[INFO] [1775867331.413141648] [motor_controller]: cmd_vel -> linear=-0.45, angular=0.00, left=-0.18, right=-0.18
[INFO] [1775867331.895417533] [motor_controller]: cmd_vel -> linear=-0.45, angular=0.00, left=-0.18, right=-0.18
[INFO] [1775867331.953660927] [motor_controller]: cmd_vel -> linear=-0.45, angular=0.00, left=-0.18, right=-0.18
[INFO] [1775867332.073022545] [motor_controller]: cmd_vel -> linear=-0.45, angular=0.00, left=-0.18, right=-0.18
[INFO] [1775867332.134877994] [motor_controller]: cmd_vel -> linear=-0.45, angular=0.00, left=-0.18, right=-0.18
[INFO] [1775867332.194868564] [motor_controller]: cmd_vel -> linear=-0.45, angular=0.00, left=-0.18, right=-0.18
[INFO] [1775867332.312250339] [motor_controller]: cmd_vel -> linear=-0.45, angular=0.00, left=-0.18, right=-0.18
[INFO] [1775867332.372332631] [motor_controller]: cmd_vel -> linear=-0.45, angular=0.00, left=-0.18, right=-0.18
[INFO] [1775867332.494091205] [motor_controller]: cmd_vel -> linear=-0.45, angular=0.00, left=-0.18, right=-0.18
[INFO] [1775867332.552350156] [motor_controller]: cmd_vel -> linear=-0.45, angular=0.00, left=-0.18, right=-0.18
[INFO] [1775867332.672255536] [motor_controller]: cmd_vel -> linear=-0.45, angular=0.00, left=-0.18, right=-0.18
[INFO] [1775867332.731712917] [motor_controller]: cmd_vel -> linear=-0.45, angular=0.00, left=-0.18, right=-0.18
[INFO] [1775867332.791611931] [motor_controller]: cmd_vel -> linear=-0.45, angular=0.00, left=-0.18, right=-0.18
[INFO] [1775867332.908595075] [motor_controller]: cmd_vel -> linear=-0.45, angular=0.00, left=-0.18, right=-0.18
[INFO] [1775867333.029266866] [motor_controller]: cmd_vel -> linear=-0.45, angular=0.00, left=-0.18, right=-0.18
[INFO] [1775867333.089497455] [motor_controller]: cmd_vel -> linear=-0.45, angular=0.00, left=-0.18, right=-0.18
[INFO] [1775867333.148176092] [motor_controller]: cmd_vel -> linear=-0.45, angular=0.00, left=-0.18, right=-0.18
[INFO] [1775867333.206980897] [motor_controller]: cmd_vel -> linear=-0.45, angular=0.00, left=-0.18, right=-0.18
[INFO] [1775867333.329132825] [motor_controller]: cmd_vel -> linear=-0.45, angular=0.00, left=-0.18, right=-0.18
[INFO] [1775867333.389410859] [motor_controller]: cmd_vel -> linear=-0.45, angular=0.00, left=-0.18, right=-0.18
[INFO] [1775867333.450821399] [motor_controller]: cmd_vel -> linear=-0.45, angular=0.00, left=-0.18, right=-0.18
[INFO] [1775867333.571100373] [motor_controller]: cmd_vel -> linear=-0.45, angular=0.00, left=-0.18, right=-0.18
[INFO] [1775867333.633040452] [motor_controller]: cmd_vel -> linear=-0.45, angular=0.00, left=-0.18, right=-0.18
[INFO] [1775867333.693534265] [motor_controller]: cmd_vel -> linear=-0.45, angular=0.00, left=-0.18, right=-0.18
[INFO] [1775867334.110406757] [motor_controller]: cmd_vel -> linear=0.45, angular=0.00, left=0.18, right=0.18
[INFO] [1775867334.288939218] [motor_controller]: cmd_vel -> linear=0.45, angular=0.00, left=0.18, right=0.18
[INFO] [1775867334.646444421] [motor_controller]: cmd_vel -> linear=0.45, angular=0.00, left=0.18, right=0.18
[INFO] [1775867335.356506173] [motor_controller]: cmd_vel -> linear=0.45, angular=0.00, left=0.18, right=0.18
[INFO] [1775867337.511081104] [motor_controller]: cmd_vel -> linear=0.45, angular=0.00, left=0.18, right=0.18
[INFO] [1775867338.054844250] [motor_controller]: cmd_vel -> linear=0.45, angular=0.00, left=0.18, right=0.18
[INFO] [1775867338.415225726] [motor_controller]: cmd_vel -> linear=0.45, angular=0.00, left=0.18, right=0.18
[INFO] [1775867338.594368024] [motor_controller]: cmd_vel -> linear=0.45, angular=0.00, left=0.18, right=0.18
[INFO] [1775867338.896185160] [motor_controller]: cmd_vel -> linear=0.45, angular=0.00, left=0.18, right=0.18
[INFO] [1775867339.193128457] [motor_controller]: cmd_vel -> linear=0.45, angular=0.00, left=0.18, right=0.18
[INFO] [1775867339.490201254] [motor_controller]: cmd_vel -> linear=0.45, angular=0.00, left=0.18, right=0.18
[INFO] [1775867339.910795783] [motor_controller]: cmd_vel -> linear=0.45, angular=0.00, left=0.18, right=0.18
[INFO] [1775867340.210042683] [motor_controller]: cmd_vel -> linear=0.45, angular=0.00, left=0.18, right=0.18
[INFO] [1775867340.452247177] [motor_controller]: cmd_vel -> linear=0.45, angular=0.00, left=0.18, right=0.18
[INFO] [1775867340.633099131] [motor_controller]: cmd_vel -> linear=0.45, angular=0.00, left=0.18, right=0.18
[INFO] [1775867340.869384318] [motor_controller]: cmd_vel -> linear=0.45, angular=0.00, left=0.18, right=0.18
[INFO] [1775867341.050311384] [motor_controller]: cmd_vel -> linear=0.45, angular=0.00, left=0.18, right=0.18
[INFO] [1775867341.286799016] [motor_controller]: cmd_vel -> linear=0.45, angular=0.00, left=0.18, right=0.18
[INFO] [1775867341.464533622] [motor_controller]: cmd_vel -> linear=0.45, angular=0.00, left=0.18, right=0.18
[INFO] [1775867341.643105973] [motor_controller]: cmd_vel -> linear=0.45, angular=0.00, left=0.18, right=0.18
[INFO] [1775867341.877563132] [motor_controller]: cmd_vel -> linear=0.45, angular=0.00, left=0.18, right=0.18
[INFO] [1775867348.522528565] [motor_controller]: cmd_vel -> linear=0.45, angular=0.00, left=0.18, right=0.18
[INFO] [1775867349.295098084] [motor_controller]: cmd_vel -> linear=0.45, angular=0.00, left=0.18, right=0.18
[INFO] [1775867349.773949377] [motor_controller]: cmd_vel -> linear=0.45, angular=0.00, left=0.18, right=0.18
[INFO] [1775867349.835335232] [motor_controller]: cmd_vel -> linear=0.45, angular=0.00, left=0.18, right=0.18
[INFO] [1775867349.951936373] [motor_controller]: cmd_vel -> linear=0.45, angular=0.00, left=0.18, right=0.18
[INFO] [1775867350.010875530] [motor_controller]: cmd_vel -> linear=0.45, angular=0.00, left=0.18, right=0.18
[INFO] [1775867350.133054144] [motor_controller]: cmd_vel -> linear=0.45, angular=0.00, left=0.18, right=0.18
[INFO] [1775867350.966837498] [motor_controller]: cmd_vel -> linear=0.45, angular=0.00, left=0.18, right=0.18
[INFO] [1775867351.854028686] [motor_controller]: cmd_vel -> linear=0.45, angular=0.00, left=0.18, right=0.18
[INFO] [1775867355.337969364] [motor_controller]: cmd_vel -> linear=0.45, angular=0.00, left=0.18, right=0.18
[INFO] [1775867356.054987076] [motor_controller]: cmd_vel -> linear=0.45, angular=0.00, left=0.18, right=0.18
[INFO] [1775867358.197172372] [motor_controller]: cmd_vel -> linear=-0.45, angular=0.00, left=-0.18, right=-0.18
[INFO] [1775867369.383168738] [motor_controller]: cmd_vel -> linear=-0.45, angular=0.00, left=-0.18, right=-0.18
[INFO] [1775867370.093279453] [motor_controller]: cmd_vel -> linear=0.45, angular=0.00, left=0.18, right=0.18
[INFO] [1775867370.268691418] [motor_controller]: cmd_vel -> linear=0.45, angular=0.00, left=0.18, right=0.18
[INFO] [1775867370.392744188] [motor_controller]: cmd_vel -> linear=0.00, angular=2.00, left=-0.18, right=0.18
[INFO] [1775867370.631513054] [motor_controller]: cmd_vel -> linear=0.00, angular=-2.00, left=0.18, right=-0.18
[INFO] [1775867370.809256012] [motor_controller]: cmd_vel -> linear=-0.45, angular=0.00, left=-0.18, right=-0.18
[INFO] [1775867370.929886765] [motor_controller]: cmd_vel -> linear=0.00, angular=2.00, left=-0.18, right=0.18
[INFO] [1775867371.049240976] [motor_controller]: cmd_vel -> linear=0.45, angular=0.00, left=0.18, right=0.18
[INFO] [1775867371.166162100] [motor_controller]: cmd_vel -> linear=0.00, angular=2.00, left=-0.18, right=0.18
[INFO] [1775867371.286610020] [motor_controller]: cmd_vel -> linear=-0.45, angular=0.00, left=-0.18, right=-0.18
[INFO] [1775867371.410602327] [motor_controller]: cmd_vel -> linear=0.00, angular=-2.00, left=0.18, right=-0.18
[INFO] [1775867371.529978408] [motor_controller]: cmd_vel -> linear=0.45, angular=0.00, left=0.18, right=0.18
[INFO] [1775867371.649015247] [motor_controller]: cmd_vel -> linear=0.00, angular=2.00, left=-0.18, right=0.18
[INFO] [1775867371.766173817] [motor_controller]: cmd_vel -> linear=-0.45, angular=0.00, left=-0.18, right=-0.18
[INFO] [1775867371.949143818] [motor_controller]: cmd_vel -> linear=0.00, angular=-2.00, left=0.18, right=-0.18
[INFO] [1775867372.066051943] [motor_controller]: cmd_vel -> linear=0.45, angular=0.00, left=0.18, right=0.18
[INFO] [1775867372.124827081] [motor_controller]: cmd_vel -> linear=0.00, angular=2.00, left=-0.18, right=0.18
[INFO] [1775867372.244934684] [motor_controller]: cmd_vel -> linear=-0.45, angular=0.00, left=-0.18, right=-0.18
[INFO] [1775867372.425154228] [motor_controller]: cmd_vel -> linear=0.00, angular=-2.00, left=0.18, right=-0.18
[INFO] [1775867372.601746143] [motor_controller]: cmd_vel -> linear=0.45, angular=0.00, left=0.18, right=0.18
[INFO] [1775867398.908715915] [motor_controller]: cmd_vel -> linear=0.00, angular=2.00, left=-0.18, right=0.18
[INFO] [1775867399.325953593] [motor_controller]: cmd_vel -> linear=0.00, angular=-2.00, left=0.18, right=-0.18
[INFO] [1775867399.444650782] [motor_controller]: cmd_vel -> linear=0.45, angular=0.00, left=0.18, right=0.18
[INFO] [1775867399.503108992] [motor_controller]: cmd_vel -> linear=0.00, angular=2.00, left=-0.18, right=0.18
[INFO] [1775867405.425125036] [motor_controller]: cmd_vel -> linear=0.00, angular=2.00, left=-0.18, right=0.18
[INFO] [1775867405.909010280] [motor_controller]: cmd_vel -> linear=0.00, angular=-2.00, left=0.18, right=-0.18
[INFO] [1775867406.086191587] [motor_controller]: cmd_vel -> linear=0.45, angular=0.00, left=0.18, right=0.18
[INFO] [1775867406.207300083] [motor_controller]: cmd_vel -> linear=0.00, angular=2.00, left=-0.18, right=0.18
[INFO] [1775867406.386103769] [motor_controller]: cmd_vel -> linear=-0.45, angular=0.00, left=-0.18, right=-0.18
[INFO] [1775867406.505570091] [motor_controller]: cmd_vel -> linear=0.00, angular=-2.00, left=0.18, right=-0.18
[INFO] [1775867406.626345327] [motor_controller]: cmd_vel -> linear=0.45, angular=0.00, left=0.18, right=0.18
[INFO] [1775867406.747367804] [motor_controller]: cmd_vel -> linear=0.00, angular=2.00, left=-0.18, right=0.18
[INFO] [1775867406.864935488] [motor_controller]: cmd_vel -> linear=-0.45, angular=0.00, left=-0.18, right=-0.18
[INFO] [1775867406.985119832] [motor_controller]: cmd_vel -> linear=0.00, angular=-2.00, left=0.18, right=-0.18
[INFO] [1775867407.339794854] [motor_controller]: cmd_vel -> linear=0.00, angular=-2.00, left=0.18, right=-0.18
[INFO] [1775867407.576999731] [motor_controller]: cmd_vel -> linear=0.00, angular=-2.00, left=0.18, right=-0.18
[INFO] [1775867407.875226479] [motor_controller]: cmd_vel -> linear=0.00, angular=-2.00, left=0.18, right=-0.18
[INFO] [1775867408.054973354] [motor_controller]: cmd_vel -> linear=0.00, angular=-2.00, left=0.18, right=-0.18
[INFO] [1775867408.230374226] [motor_controller]: cmd_vel -> linear=0.00, angular=-2.00, left=0.18, right=-0.18
[INFO] [1775867408.648208093] [motor_controller]: cmd_vel -> linear=0.00, angular=2.00, left=-0.18, right=0.18
[INFO] [1775867408.835133595] [motor_controller]: cmd_vel -> linear=0.00, angular=2.00, left=-0.18, right=0.18
[INFO] [1775867409.010962599] [motor_controller]: cmd_vel -> linear=0.00, angular=2.00, left=-0.18, right=0.18
[INFO] [1775867409.192027313] [motor_controller]: cmd_vel -> linear=0.00, angular=2.00, left=-0.18, right=0.18
[INFO] [1775867417.086069269] [motor_controller]: cmd_vel -> linear=0.00, angular=2.00, left=-0.18, right=0.18
[INFO] [1775867417.445663204] [motor_controller]: cmd_vel -> linear=0.00, angular=2.00, left=-0.18, right=0.18
[INFO] [1775867417.563417852] [motor_controller]: cmd_vel -> linear=0.00, angular=-2.00, left=0.18, right=-0.18
[INFO] [1775867417.684267755] [motor_controller]: cmd_vel -> linear=0.45, angular=0.00, left=0.18, right=0.18
[INFO] [1775867417.801097842] [motor_controller]: cmd_vel -> linear=0.00, angular=2.00, left=-0.18, right=0.18
[INFO] [1775867417.923854180] [motor_controller]: cmd_vel -> linear=-0.45, angular=0.00, left=-0.18, right=-0.18
[INFO] [1775867418.046830186] [motor_controller]: cmd_vel -> linear=0.00, angular=-2.00, left=0.18, right=-0.18
[INFO] [1775867418.227730640] [motor_controller]: cmd_vel -> linear=0.45, angular=0.00, left=0.18, right=0.18
[INFO] [1775867422.340341970] [motor_controller]: cmd_vel -> linear=0.45, angular=0.00, left=0.18, right=0.18
[INFO] [1775867432.650492185] [motor_controller]: cmd_vel -> linear=0.45, angular=0.00, left=0.18, right=0.18
[INFO] [1775867433.248046482] [motor_controller]: cmd_vel -> linear=-0.45, angular=0.00, left=-0.18, right=-0.18
[INFO] [1775867433.428123507] [motor_controller]: cmd_vel -> linear=0.00, angular=2.00, left=-0.18, right=0.18
[INFO] [1775867433.547696089] [motor_controller]: cmd_vel -> linear=0.00, angular=-2.00, left=0.18, right=-0.18
[INFO] [1775867433.549275781] [motor_controller]: cmd_vel -> linear=0.45, angular=0.00, left=0.18, right=0.18
[INFO] [1775867433.722666181] [motor_controller]: cmd_vel -> linear=0.00, angular=2.00, left=-0.18, right=0.18
[INFO] [1775867433.898252924] [motor_controller]: cmd_vel -> linear=-0.45, angular=0.00, left=-0.18, right=-0.18
[INFO] [1775867434.080572626] [motor_controller]: cmd_vel -> linear=0.00, angular=-2.00, left=0.18, right=-0.18
[INFO] [1775867434.199928615] [motor_controller]: cmd_vel -> linear=0.45, angular=0.00, left=0.18, right=0.18
[INFO] [1775867434.258218232] [motor_controller]: cmd_vel -> linear=0.00, angular=2.00, left=-0.18, right=0.18
[INFO] [1775867436.237295641] [motor_controller]: cmd_vel -> linear=0.45, angular=0.00, left=0.18, right=0.18
[INFO] [1775867436.716085971] [motor_controller]: cmd_vel -> linear=0.45, angular=0.00, left=0.18, right=0.18
[INFO] [1775867436.838071695] [motor_controller]: cmd_vel -> linear=0.45, angular=0.00, left=0.18, right=0.18
[INFO] [1775867436.896800869] [motor_controller]: cmd_vel -> linear=0.45, angular=0.00, left=0.18, right=0.18
[INFO] [1775867436.955336765] [motor_controller]: cmd_vel -> linear=0.45, angular=0.00, left=0.18, right=0.18
[INFO] [1775867437.075353164] [motor_controller]: cmd_vel -> linear=0.45, angular=0.00, left=0.18, right=0.18
[INFO] [1775867437.136751926] [motor_controller]: cmd_vel -> linear=0.45, angular=0.00, left=0.18, right=0.18
[INFO] [1775867437.256440898] [motor_controller]: cmd_vel -> linear=0.45, angular=0.00, left=0.18, right=0.18
[INFO] [1775867437.314693459] [motor_controller]: cmd_vel -> linear=0.45, angular=0.00, left=0.18, right=0.18
[INFO] [1775867437.372861094] [motor_controller]: cmd_vel -> linear=0.45, angular=0.00, left=0.18, right=0.18
[INFO] [1775867437.492680269] [motor_controller]: cmd_vel -> linear=0.45, angular=0.00, left=0.18, right=0.18
[INFO] [1775867437.551671908] [motor_controller]: cmd_vel -> linear=0.45, angular=0.00, left=0.18, right=0.18
[INFO] [1775867437.668630681] [motor_controller]: cmd_vel -> linear=0.45, angular=0.00, left=0.18, right=0.18
[INFO] [1775867437.728264675] [motor_controller]: cmd_vel -> linear=0.45, angular=0.00, left=0.18, right=0.18
[INFO] [1775867437.846888697] [motor_controller]: cmd_vel -> linear=0.45, angular=0.00, left=0.18, right=0.18
[INFO] [1775867437.905469538] [motor_controller]: cmd_vel -> linear=0.45, angular=0.00, left=0.18, right=0.18
[INFO] [1775867437.966491353] [motor_controller]: cmd_vel -> linear=0.45, angular=0.00, left=0.18, right=0.18
[INFO] [1775867438.088751133] [motor_controller]: cmd_vel -> linear=0.45, angular=0.00, left=0.18, right=0.18
[INFO] [1775867438.150225988] [motor_controller]: cmd_vel -> linear=0.45, angular=0.00, left=0.18, right=0.18
[INFO] [1775867438.209007404] [motor_controller]: cmd_vel -> linear=0.45, angular=0.00, left=0.18, right=0.18
[INFO] [1775867438.329980493] [motor_controller]: cmd_vel -> linear=0.45, angular=0.00, left=0.18, right=0.18
[INFO] [1775867438.388581889] [motor_controller]: cmd_vel -> linear=0.45, angular=0.00, left=0.18, right=0.18
[INFO] [1775867438.507517486] [motor_controller]: cmd_vel -> linear=0.45, angular=0.00, left=0.18, right=0.18
[INFO] [1775867438.566468995] [motor_controller]: cmd_vel -> linear=0.45, angular=0.00, left=0.18, right=0.18
[INFO] [1775867438.689403186] [motor_controller]: cmd_vel -> linear=0.45, angular=0.00, left=0.18, right=0.18
[INFO] [1775867438.748012360] [motor_controller]: cmd_vel -> linear=0.45, angular=0.00, left=0.18, right=0.18
[INFO] [1775867438.865150875] [motor_controller]: cmd_vel -> linear=0.45, angular=0.00, left=0.18, right=0.18
[INFO] [1775867438.927047621] [motor_controller]: cmd_vel -> linear=0.45, angular=0.00, left=0.18, right=0.18
[INFO] [1775867438.987632101] [motor_controller]: cmd_vel -> linear=0.45, angular=0.00, left=0.18, right=0.18
[INFO] [1775867439.105977029] [motor_controller]: cmd_vel -> linear=0.45, angular=0.00, left=0.18, right=0.18
[INFO] [1775867439.164667296] [motor_controller]: cmd_vel -> linear=0.45, angular=0.00, left=0.18, right=0.18
[INFO] [1775867439.226731209] [motor_controller]: cmd_vel -> linear=0.45, angular=0.00, left=0.18, right=0.18
[INFO] [1775867439.285264586] [motor_controller]: cmd_vel -> linear=0.45, angular=0.00, left=0.18, right=0.18
[INFO] [1775867439.406236101] [motor_controller]: cmd_vel -> linear=0.45, angular=0.00, left=0.18, right=0.18
[INFO] [1775867439.464156420] [motor_controller]: cmd_vel -> linear=0.45, angular=0.00, left=0.18, right=0.18
[INFO] [1775867439.582610607] [motor_controller]: cmd_vel -> linear=0.45, angular=0.00, left=0.18, right=0.18
[INFO] [1775867439.644103907] [motor_controller]: cmd_vel -> linear=0.45, angular=0.00, left=0.18, right=0.18
[INFO] [1775867439.760079156] [motor_controller]: cmd_vel -> linear=0.45, angular=0.00, left=0.18, right=0.18
[INFO] [1775867439.818883572] [motor_controller]: cmd_vel -> linear=0.45, angular=0.00, left=0.18, right=0.18
[INFO] [1775867439.878727178] [motor_controller]: cmd_vel -> linear=0.45, angular=0.00, left=0.18, right=0.18
[INFO] [1775867439.998582669] [motor_controller]: cmd_vel -> linear=0.45, angular=0.00, left=0.18, right=0.18
[INFO] [1775867440.057049028] [motor_controller]: cmd_vel -> linear=0.45, angular=0.00, left=0.18, right=0.18
[INFO] [1775867529.072214711] [motor_controller]: cmd_vel -> linear=-0.45, angular=0.00, left=-0.18, right=-0.18
[INFO] [1775867529.487532343] [motor_controller]: cmd_vel -> linear=-0.45, angular=0.00, left=-0.18, right=-0.18
[INFO] [1775867530.024922218] [motor_controller]: cmd_vel -> linear=-0.45, angular=0.00, left=-0.18, right=-0.18
[INFO] [1775867530.084010653] [motor_controller]: cmd_vel -> linear=-0.45, angular=0.00, left=-0.18, right=-0.18
[INFO] [1775867530.145454823] [motor_controller]: cmd_vel -> linear=-0.45, angular=0.00, left=-0.18, right=-0.18
[INFO] [1775867530.263435730] [motor_controller]: cmd_vel -> linear=-0.45, angular=0.00, left=-0.18, right=-0.18
[INFO] [1775867530.743997588] [motor_controller]: cmd_vel -> linear=0.45, angular=0.00, left=0.18, right=0.18
[INFO] [1775867531.280548403] [motor_controller]: cmd_vel -> linear=0.45, angular=0.00, left=0.18, right=0.18
[INFO] [1775867531.373030723] [motor_controller]: cmd_vel -> linear=0.45, angular=0.00, left=0.18, right=0.18
[INFO] [1775867531.433039923] [motor_controller]: cmd_vel -> linear=0.45, angular=0.00, left=0.18, right=0.18
[INFO] [1775867531.491782301] [motor_controller]: cmd_vel -> linear=0.45, angular=0.00, left=0.18, right=0.18
[INFO] [1775867531.609131354] [motor_controller]: cmd_vel -> linear=0.45, angular=0.00, left=0.18, right=0.18
[INFO] [1775867531.729305216] [motor_controller]: cmd_vel -> linear=0.45, angular=0.00, left=0.18, right=0.18
[INFO] [1775867531.788237503] [motor_controller]: cmd_vel -> linear=0.45, angular=0.00, left=0.18, right=0.18
[INFO] [1775867531.851617515] [motor_controller]: cmd_vel -> linear=0.45, angular=0.00, left=0.18, right=0.18
[INFO] [1775867531.967484079] [motor_controller]: cmd_vel -> linear=0.45, angular=0.00, left=0.18, right=0.18
[INFO] [1775867532.029024286] [motor_controller]: cmd_vel -> linear=0.45, angular=0.00, left=0.18, right=0.18
[INFO] [1775867532.209987426] [motor_controller]: cmd_vel -> linear=-0.45, angular=0.00, left=-0.18, right=-0.18
[INFO] [1775867549.400461330] [motor_controller]: cmd_vel -> linear=0.45, angular=0.00, left=0.18, right=0.18
[INFO] [1775867549.940067196] [motor_controller]: cmd_vel -> linear=0.45, angular=0.00, left=0.18, right=0.18
[INFO] [1775867550.058038345] [motor_controller]: cmd_vel -> linear=0.45, angular=0.00, left=0.18, right=0.18
[INFO] [1775867550.121161374] [motor_controller]: cmd_vel -> linear=0.45, angular=0.00, left=0.18, right=0.18
[INFO] [1775867550.240901883] [motor_controller]: cmd_vel -> linear=0.45, angular=0.00, left=0.18, right=0.18
[INFO] [1775867550.299083370] [motor_controller]: cmd_vel -> linear=0.45, angular=0.00, left=0.18, right=0.18
[INFO] [1775867550.357224171] [motor_controller]: cmd_vel -> linear=0.45, angular=0.00, left=0.18, right=0.18
[INFO] [1775867550.476884272] [motor_controller]: cmd_vel -> linear=0.45, angular=0.00, left=0.18, right=0.18
[INFO] [1775867550.535641558] [motor_controller]: cmd_vel -> linear=0.45, angular=0.00, left=0.18, right=0.18
[INFO] [1775867550.594486678] [motor_controller]: cmd_vel -> linear=0.00, angular=2.00, left=-0.18, right=0.18
[INFO] [1775867551.067563017] [motor_controller]: cmd_vel -> linear=0.00, angular=2.00, left=-0.18, right=0.18
[INFO] [1775867551.490832373] [motor_controller]: cmd_vel -> linear=0.00, angular=-2.00, left=0.18, right=-0.18
[INFO] [1775867551.963727582] [motor_controller]: cmd_vel -> linear=0.00, angular=-2.00, left=0.18, right=-0.18
[INFO] [1775867552.085354878] [motor_controller]: cmd_vel -> linear=0.00, angular=-2.00, left=0.18, right=-0.18
[INFO] [1775867552.147610514] [motor_controller]: cmd_vel -> linear=0.00, angular=-2.00, left=0.18, right=-0.18
[INFO] [1775867552.264049192] [motor_controller]: cmd_vel -> linear=0.00, angular=2.00, left=-0.18, right=0.18
[INFO] [1775867553.098019454] [motor_controller]: cmd_vel -> linear=0.00, angular=-2.00, left=0.18, right=-0.18
[INFO] [1775867574.367416654] [motor_controller]: cmd_vel -> linear=0.45, angular=0.00, left=0.18, right=0.18
[INFO] [1775867574.904246304] [motor_controller]: cmd_vel -> linear=0.45, angular=0.00, left=0.18, right=0.18
[INFO] [1775867574.963372739] [motor_controller]: cmd_vel -> linear=0.00, angular=-2.00, left=0.18, right=-0.18
[INFO] [1775867575.445199770] [motor_controller]: cmd_vel -> linear=0.00, angular=-2.00, left=0.18, right=-0.18
[INFO] [1775867575.503089162] [motor_controller]: cmd_vel -> linear=0.45, angular=0.00, left=0.18, right=0.18
[INFO] [1775867575.985431010] [motor_controller]: cmd_vel -> linear=0.45, angular=0.00, left=0.18, right=0.18
[INFO] [1775867576.047350052] [motor_controller]: cmd_vel -> linear=0.45, angular=0.00, left=0.18, right=0.18
[INFO] [1775867576.166526780] [motor_controller]: cmd_vel -> linear=0.45, angular=0.00, left=0.18, right=0.18
[INFO] [1775867576.228342396] [motor_controller]: cmd_vel -> linear=0.00, angular=-2.00, left=0.18, right=-0.18
[INFO] [1775867576.700717195] [motor_controller]: cmd_vel -> linear=0.00, angular=-2.00, left=0.18, right=-0.18
[INFO] [1775867576.759960798] [motor_controller]: cmd_vel -> linear=0.00, angular=-2.00, left=0.18, right=-0.18
[INFO] [1775867576.880167068] [motor_controller]: cmd_vel -> linear=0.00, angular=-2.00, left=0.18, right=-0.18
[INFO] [1775867576.941321255] [motor_controller]: cmd_vel -> linear=0.45, angular=0.00, left=0.18, right=0.18
[INFO] [1775867577.418393891] [motor_controller]: cmd_vel -> linear=0.45, angular=0.00, left=0.18, right=0.18
[INFO] [1775867577.477441179] [motor_controller]: cmd_vel -> linear=0.45, angular=0.00, left=0.18, right=0.18
[INFO] [1775867577.595362660] [motor_controller]: cmd_vel -> linear=0.45, angular=0.00, left=0.18, right=0.18
[INFO] [1775867577.653771907] [motor_controller]: cmd_vel -> linear=0.45, angular=0.00, left=0.18, right=0.18
[INFO] [1775867577.771793704] [motor_controller]: cmd_vel -> linear=0.45, angular=0.00, left=0.18, right=0.18
[INFO] [1775867577.830558564] [motor_controller]: cmd_vel -> linear=0.45, angular=0.00, left=0.18, right=0.18
[INFO] [1775867577.952295193] [motor_controller]: cmd_vel -> linear=0.45, angular=0.00, left=0.18, right=0.18
[INFO] [1775867578.010523625] [motor_controller]: cmd_vel -> linear=0.45, angular=0.00, left=0.18, right=0.18
[INFO] [1775867578.068642426] [motor_controller]: cmd_vel -> linear=0.45, angular=0.00, left=0.18, right=0.18
[INFO] [1775867578.188952493] [motor_controller]: cmd_vel -> linear=0.45, angular=0.00, left=0.18, right=0.18
[INFO] [1775867578.251431705] [motor_controller]: cmd_vel -> linear=0.45, angular=0.00, left=0.18, right=0.18
[INFO] [1775867578.310065379] [motor_controller]: cmd_vel -> linear=0.45, angular=0.00, left=0.18, right=0.18
[INFO] [1775867578.368190903] [motor_controller]: cmd_vel -> linear=0.00, angular=-2.00, left=0.18, right=-0.18
[INFO] [1775867578.849851173] [motor_controller]: cmd_vel -> linear=0.00, angular=-2.00, left=0.18, right=-0.18
[INFO] [1775867578.967121484] [motor_controller]: cmd_vel -> linear=0.00, angular=-2.00, left=0.18, right=-0.18
[INFO] [1775867579.026434347] [motor_controller]: cmd_vel -> linear=0.00, angular=-2.00, left=0.18, right=-0.18
[INFO] [1775867579.084963169] [motor_controller]: cmd_vel -> linear=0.00, angular=-2.00, left=0.18, right=-0.18
[INFO] [1775867579.147033934] [motor_controller]: cmd_vel -> linear=0.45, angular=0.00, left=0.18, right=0.18
[INFO] [1775867579.681915352] [motor_controller]: cmd_vel -> linear=0.45, angular=0.00, left=0.18, right=0.18
[INFO] [1775867579.741859773] [motor_controller]: cmd_vel -> linear=0.45, angular=0.00, left=0.18, right=0.18
[INFO] [1775867579.860707389] [motor_controller]: cmd_vel -> linear=0.45, angular=0.00, left=0.18, right=0.18
[INFO] [1775867579.922015743] [motor_controller]: cmd_vel -> linear=0.45, angular=0.00, left=0.18, right=0.18
[INFO] [1775867579.983556912] [motor_controller]: cmd_vel -> linear=0.45, angular=0.00, left=0.18, right=0.18
[INFO] [1775867580.045290991] [motor_controller]: cmd_vel -> linear=0.00, angular=-2.00, left=0.18, right=-0.18
[INFO] [1775867580.586779959] [motor_controller]: cmd_vel -> linear=0.00, angular=-2.00, left=0.18, right=-0.18
[INFO] [1775867580.649167874] [motor_controller]: cmd_vel -> linear=0.00, angular=-2.00, left=0.18, right=-0.18
[INFO] [1775867580.707607214] [motor_controller]: cmd_vel -> linear=0.00, angular=-2.00, left=0.18, right=-0.18
[INFO] [1775867580.825169286] [motor_controller]: cmd_vel -> linear=0.00, angular=-2.00, left=0.18, right=-0.18
[INFO] [1775867580.942707858] [motor_controller]: cmd_vel -> linear=0.00, angular=-2.00, left=0.18, right=-0.18
[INFO] [1775867581.001357699] [motor_controller]: cmd_vel -> linear=0.00, angular=-2.00, left=0.18, right=-0.18
[INFO] [1775867581.059610575] [motor_controller]: cmd_vel -> linear=0.00, angular=-2.00, left=0.18, right=-0.18
[INFO] [1775867581.178977453] [motor_controller]: cmd_vel -> linear=0.00, angular=-2.00, left=0.18, right=-0.18
[INFO] [1775867581.240050657] [motor_controller]: cmd_vel -> linear=0.00, angular=-2.00, left=0.18, right=-0.18
[INFO] [1775867581.301695883] [motor_controller]: cmd_vel -> linear=0.00, angular=-2.00, left=0.18, right=-0.18
[INFO] [1775867581.420266034] [motor_controller]: cmd_vel -> linear=0.00, angular=-2.00, left=0.18, right=-0.18
[INFO] [1775867581.478349650] [motor_controller]: cmd_vel -> linear=0.00, angular=-2.00, left=0.18, right=-0.18
[INFO] [1775867581.540840917] [motor_controller]: cmd_vel -> linear=0.00, angular=-2.00, left=0.18, right=-0.18
[INFO] [1775867581.657558485] [motor_controller]: cmd_vel -> linear=0.45, angular=0.00, left=0.18, right=0.18
[INFO] [1775867582.133269282] [motor_controller]: cmd_vel -> linear=0.45, angular=0.00, left=0.18, right=0.18
[INFO] [1775867582.254115555] [motor_controller]: cmd_vel -> linear=0.45, angular=0.00, left=0.18, right=0.18
[INFO] [1775867582.370080361] [motor_controller]: cmd_vel -> linear=0.45, angular=0.00, left=0.18, right=0.18
[INFO] [1775867582.430528451] [motor_controller]: cmd_vel -> linear=0.45, angular=0.00, left=0.18, right=0.18
[INFO] [1775867582.432372516] [motor_controller]: cmd_vel -> linear=0.00, angular=2.00, left=-0.18, right=0.18
[INFO] [1775867583.029955702] [motor_controller]: cmd_vel -> linear=0.45, angular=0.00, left=0.18, right=0.18
[INFO] [1775867583.207108527] [motor_controller]: cmd_vel -> linear=0.00, angular=-2.00, left=0.18, right=-0.18
[INFO] [1775867583.980713940] [motor_controller]: cmd_vel -> linear=0.45, angular=0.00, left=0.18, right=0.18
[INFO] [1775867584.516098083] [motor_controller]: cmd_vel -> linear=0.45, angular=0.00, left=0.18, right=0.18
[INFO] [1775867585.110301382] [motor_controller]: cmd_vel -> linear=-0.45, angular=0.00, left=-0.18, right=-0.18
[INFO] [1775867585.464456069] [motor_controller]: cmd_vel -> linear=0.00, angular=-2.00, left=0.18, right=-0.18
[INFO] [1775867586.001856314] [motor_controller]: cmd_vel -> linear=0.00, angular=-2.00, left=0.18, right=-0.18
[INFO] [1775867586.060127560] [motor_controller]: cmd_vel -> linear=0.00, angular=-2.00, left=0.18, right=-0.18
[INFO] [1775867586.122419104] [motor_controller]: cmd_vel -> linear=0.00, angular=-2.00, left=0.18, right=-0.18
[INFO] [1775867586.239189746] [motor_controller]: cmd_vel -> linear=0.00, angular=-2.00, left=0.18, right=-0.18
[INFO] [1775867586.298443757] [motor_controller]: cmd_vel -> linear=0.00, angular=-2.00, left=0.18, right=-0.18
[INFO] [1775867586.474719819] [motor_controller]: cmd_vel -> linear=0.00, angular=2.00, left=-0.18, right=0.18
[INFO] [1775867587.314002588] [motor_controller]: cmd_vel -> linear=0.00, angular=-2.00, left=0.18, right=-0.18
[INFO] [1775867587.684279002] [motor_controller]: cmd_vel -> linear=0.00, angular=-2.00, left=0.18, right=-0.18
[INFO] [1775867588.222522732] [motor_controller]: cmd_vel -> linear=0.00, angular=-2.00, left=0.18, right=-0.18
[INFO] [1775867588.281220611] [motor_controller]: cmd_vel -> linear=0.00, angular=-2.00, left=0.18, right=-0.18
[INFO] [1775867588.341618219] [motor_controller]: cmd_vel -> linear=0.45, angular=0.00, left=0.18, right=0.18
[INFO] [1775867588.852186112] [motor_controller]: cmd_vel -> linear=0.45, angular=0.00, left=0.18, right=0.18
[INFO] [1775867588.910996083] [motor_controller]: cmd_vel -> linear=0.45, angular=0.00, left=0.18, right=0.18
[INFO] [1775867589.032801176] [motor_controller]: cmd_vel -> linear=0.45, angular=0.00, left=0.18, right=0.18
[INFO] [1775867589.099457722] [motor_controller]: cmd_vel -> linear=0.00, angular=-2.00, left=0.18, right=-0.18
[INFO] [1775867589.577940477] [motor_controller]: cmd_vel -> linear=0.00, angular=-2.00, left=0.18, right=-0.18
[INFO] [1775867589.639878964] [motor_controller]: cmd_vel -> linear=0.00, angular=-2.00, left=0.18, right=-0.18
[INFO] [1775867589.756992885] [motor_controller]: cmd_vel -> linear=0.00, angular=-2.00, left=0.18, right=-0.18
[INFO] [1775867589.816466675] [motor_controller]: cmd_vel -> linear=0.00, angular=-2.00, left=0.18, right=-0.18
[INFO] [1775867589.875808056] [motor_controller]: cmd_vel -> linear=0.00, angular=-2.00, left=0.18, right=-0.18
[INFO] [1775867589.996394347] [motor_controller]: cmd_vel -> linear=0.00, angular=-2.00, left=0.18, right=-0.18
[INFO] [1775867590.118766683] [motor_controller]: cmd_vel -> linear=0.00, angular=-2.00, left=0.18, right=-0.18
[INFO] [1775867590.177306524] [motor_controller]: cmd_vel -> linear=0.00, angular=-2.00, left=0.18, right=-0.18
[INFO] [1775867590.238283561] [motor_controller]: cmd_vel -> linear=0.00, angular=-2.00, left=0.18, right=-0.18
[INFO] [1775867590.298421113] [motor_controller]: cmd_vel -> linear=0.00, angular=-2.00, left=0.18, right=-0.18
[INFO] [1775867590.420751134] [motor_controller]: cmd_vel -> linear=0.00, angular=-2.00, left=0.18, right=-0.18
[INFO] [1775867590.478730083] [motor_controller]: cmd_vel -> linear=0.00, angular=-2.00, left=0.18, right=-0.18
[INFO] [1775867590.601239476] [motor_controller]: cmd_vel -> linear=0.00, angular=-2.00, left=0.18, right=-0.18
[INFO] [1775867590.660080799] [motor_controller]: cmd_vel -> linear=0.00, angular=-2.00, left=0.18, right=-0.18
[INFO] [1775867590.721643914] [motor_controller]: cmd_vel -> linear=0.00, angular=-2.00, left=0.18, right=-0.18
[INFO] [1775867590.841608794] [motor_controller]: cmd_vel -> linear=0.00, angular=-2.00, left=0.18, right=-0.18
[INFO] [1775867590.900477858] [motor_controller]: cmd_vel -> linear=0.00, angular=-2.00, left=0.18, right=-0.18
[INFO] [1775867591.018885138] [motor_controller]: cmd_vel -> linear=0.00, angular=-2.00, left=0.18, right=-0.18
[INFO] [1775867591.079965583] [motor_controller]: cmd_vel -> linear=0.00, angular=-2.00, left=0.18, right=-0.18
[INFO] [1775867591.140796120] [motor_controller]: cmd_vel -> linear=0.00, angular=-2.00, left=0.18, right=-0.18
[INFO] [1775867591.257461743] [motor_controller]: cmd_vel -> linear=0.00, angular=-2.00, left=0.18, right=-0.18
[INFO] [1775867591.318996080] [motor_controller]: cmd_vel -> linear=0.00, angular=-2.00, left=0.18, right=-0.18
[INFO] [1775867591.495576495] [motor_controller]: cmd_vel -> linear=0.00, angular=2.00, left=-0.18, right=0.18
[INFO] [1775867592.267886680] [motor_controller]: cmd_vel -> linear=0.00, angular=-2.00, left=0.18, right=-0.18
