[INFO] [1784056386.005732853] [motor_controller_pid]: PID Motor Controller started — Kp=0.4, Ki=0.1, Kd=0.0, max_pwm=0.85, max_linear=0.3, cmd_vel_topic=cmd_vel
[WARN] [1784056386.481790488] [motor_controller_pid]: Command timeout; stopping motors
[WARN] [1784056508.483144346] [motor_controller_pid]: Right motor is saturated
[WARN] [1784056508.531905030] [motor_controller_pid]: Left motor is saturated
[WARN] [1784056508.532883035] [motor_controller_pid]: Right motor is saturated
[WARN] [1784056508.583181245] [motor_controller_pid]: Left motor is saturated
[WARN] [1784056508.584618012] [motor_controller_pid]: Right motor is saturated
[WARN] [1784056508.632132263] [motor_controller_pid]: Left motor is saturated
[WARN] [1784056508.633078120] [motor_controller_pid]: Right motor is saturated
[WARN] [1784056508.682553733] [motor_controller_pid]: Left motor is saturated
[WARN] [1784056508.684765837] [motor_controller_pid]: Right motor is saturated
[WARN] [1784056508.732258996] [motor_controller_pid]: Left motor is saturated
[WARN] [1784056508.733547317] [motor_controller_pid]: Right motor is saturated
[WARN] [1784056508.784771624] [motor_controller_pid]: Left motor is saturated
[WARN] [1784056508.787309007] [motor_controller_pid]: Right motor is saturated
[WARN] [1784056508.832236376] [motor_controller_pid]: Left motor is saturated
[WARN] [1784056508.833162510] [motor_controller_pid]: Right motor is saturated
[WARN] [1784056508.884414595] [motor_controller_pid]: Left motor is saturated
[WARN] [1784056508.887625630] [motor_controller_pid]: Right motor is saturated
[WARN] [1784056508.932299812] [motor_controller_pid]: Left motor is saturated
[WARN] [1784056508.933520299] [motor_controller_pid]: Right motor is saturated
[WARN] [1784056508.984246900] [motor_controller_pid]: Left motor is saturated
[WARN] [1784056508.988151401] [motor_controller_pid]: Right motor is saturated
[WARN] [1784056509.031942431] [motor_controller_pid]: Left motor is saturated
[WARN] [1784056509.032971658] [motor_controller_pid]: Right motor is saturated
[WARN] [1784056509.084332799] [motor_controller_pid]: Left motor is saturated
[WARN] [1784056509.086056456] [motor_controller_pid]: Right motor is saturated
[WARN] [1784056509.132363276] [motor_controller_pid]: Left motor is saturated
[WARN] [1784056509.135795163] [motor_controller_pid]: Right motor is saturated
[WARN] [1784056509.183638028] [motor_controller_pid]: Left motor is saturated
[WARN] [1784056509.184839238] [motor_controller_pid]: Right motor is saturated
[WARN] [1784056509.231871543] [motor_controller_pid]: Left motor is saturated
[WARN] [1784056509.232765510] [motor_controller_pid]: Right motor is saturated
[WARN] [1784056509.286765683] [motor_controller_pid]: Left motor is saturated
[WARN] [1784056509.288903267] [motor_controller_pid]: Right motor is saturated
[WARN] [1784056509.334350583] [motor_controller_pid]: Left motor is saturated
[WARN] [1784056509.336544686] [motor_controller_pid]: Right motor is saturated
[WARN] [1784056509.383144415] [motor_controller_pid]: Left motor is saturated
[WARN] [1784056509.384391496] [motor_controller_pid]: Right motor is saturated
[WARN] [1784056509.432205471] [motor_controller_pid]: Left motor is saturated
[WARN] [1784056509.433720942] [motor_controller_pid]: Right motor is saturated
[WARN] [1784056509.484698877] [motor_controller_pid]: Left motor is saturated
[WARN] [1784056509.486505701] [motor_controller_pid]: Right motor is saturated
[WARN] [1784056509.532013332] [motor_controller_pid]: Left motor is saturated
[WARN] [1784056509.533604951] [motor_controller_pid]: Right motor is saturated
[WARN] [1784056509.589823801] [motor_controller_pid]: Left motor is saturated
[WARN] [1784056509.591991904] [motor_controller_pid]: Right motor is saturated
[WARN] [1784056509.633412571] [motor_controller_pid]: Left motor is saturated
[WARN] [1784056509.635348728] [motor_controller_pid]: Right motor is saturated
[WARN] [1784056509.683777707] [motor_controller_pid]: Right motor is saturated
[WARN] [1784056509.733215357] [motor_controller_pid]: Left motor is saturated
[WARN] [1784056509.734875384] [motor_controller_pid]: Right motor is saturated
[WARN] [1784056509.784706073] [motor_controller_pid]: Left motor is saturated
[WARN] [1784056509.785825523] [motor_controller_pid]: Right motor is saturated
[WARN] [1784056509.832107843] [motor_controller_pid]: Left motor is saturated
[WARN] [1784056509.834101038] [motor_controller_pid]: Right motor is saturated
[WARN] [1784056509.884407044] [motor_controller_pid]: Left motor is saturated
[WARN] [1784056509.887082428] [motor_controller_pid]: Right motor is saturated
[WARN] [1784056509.933054079] [motor_controller_pid]: Left motor is saturated
[WARN] [1784056509.934829533] [motor_controller_pid]: Right motor is saturated
[WARN] [1784056510.034331873] [motor_controller_pid]: Left motor is saturated
[WARN] [1784056510.036019530] [motor_controller_pid]: Right motor is saturated
[WARN] [1784056510.084533564] [motor_controller_pid]: Left motor is saturated
[WARN] [1784056510.086380888] [motor_controller_pid]: Right motor is saturated
[WARN] [1784056510.132724801] [motor_controller_pid]: Left motor is saturated
[WARN] [1784056510.134192660] [motor_controller_pid]: Right motor is saturated
[WARN] [1784056510.184323480] [motor_controller_pid]: Left motor is saturated
[WARN] [1784056510.185634561] [motor_controller_pid]: Right motor is saturated
[WARN] [1784056510.231939344] [motor_controller_pid]: Left motor is saturated
[WARN] [1784056510.233580370] [motor_controller_pid]: Right motor is saturated
[WARN] [1784056510.284547862] [motor_controller_pid]: Left motor is saturated
[WARN] [1784056510.285872720] [motor_controller_pid]: Right motor is saturated
[WARN] [1784056510.332386411] [motor_controller_pid]: Left motor is saturated
[WARN] [1784056510.333517676] [motor_controller_pid]: Right motor is saturated
[WARN] [1784056510.384165332] [motor_controller_pid]: Right motor is saturated
[WARN] [1784056510.432202272] [motor_controller_pid]: Left motor is saturated
[WARN] [1784056510.433653001] [motor_controller_pid]: Right motor is saturated
[WARN] [1784056510.483999915] [motor_controller_pid]: Left motor is saturated
[WARN] [1784056510.485053402] [motor_controller_pid]: Right motor is saturated
[WARN] [1784056510.532090244] [motor_controller_pid]: Left motor is saturated
[WARN] [1784056510.532991489] [motor_controller_pid]: Right motor is saturated
[WARN] [1784056510.584232556] [motor_controller_pid]: Right motor is saturated
[WARN] [1784056510.632963925] [motor_controller_pid]: Left motor is saturated
[WARN] [1784056510.634821471] [motor_controller_pid]: Right motor is saturated
[WARN] [1784056510.684234899] [motor_controller_pid]: Left motor is saturated
[WARN] [1784056510.685417997] [motor_controller_pid]: Right motor is saturated
[WARN] [1784056510.732223116] [motor_controller_pid]: Left motor is saturated
[WARN] [1784056510.733190324] [motor_controller_pid]: Right motor is saturated
[WARN] [1784056510.783767906] [motor_controller_pid]: Left motor is saturated
[WARN] [1784056510.785676712] [motor_controller_pid]: Right motor is saturated
[WARN] [1784056510.831772420] [motor_controller_pid]: Left motor is saturated
[WARN] [1784056510.832600905] [motor_controller_pid]: Right motor is saturated
[WARN] [1784056510.884943959] [motor_controller_pid]: Right motor is saturated
[WARN] [1784056510.931883060] [motor_controller_pid]: Right motor is saturated
[WARN] [1784056510.985465564] [motor_controller_pid]: Left motor is saturated
[WARN] [1784056510.986467883] [motor_controller_pid]: Right motor is saturated
[WARN] [1784056511.032189719] [motor_controller_pid]: Left motor is saturated
[WARN] [1784056511.033161428] [motor_controller_pid]: Right motor is saturated
[WARN] [1784056511.084768940] [motor_controller_pid]: Left motor is saturated
[WARN] [1784056511.087252656] [motor_controller_pid]: Right motor is saturated
[WARN] [1784056511.133610365] [motor_controller_pid]: Left motor is saturated
[WARN] [1784056511.135304374] [motor_controller_pid]: Right motor is saturated
[WARN] [1784056511.183857871] [motor_controller_pid]: Left motor is saturated
[WARN] [1784056511.185756029] [motor_controller_pid]: Right motor is saturated
[WARN] [1784056511.231881274] [motor_controller_pid]: Left motor is saturated
[WARN] [1784056511.232739297] [motor_controller_pid]: Right motor is saturated
[WARN] [1784056511.285819317] [motor_controller_pid]: Left motor is saturated
[WARN] [1784056511.286997693] [motor_controller_pid]: Right motor is saturated
[WARN] [1784056511.332934289] [motor_controller_pid]: Left motor is saturated
[WARN] [1784056511.334911095] [motor_controller_pid]: Right motor is saturated
[WARN] [1784056511.385293676] [motor_controller_pid]: Left motor is saturated
[WARN] [1784056511.386270514] [motor_controller_pid]: Right motor is saturated
[WARN] [1784056511.432534593] [motor_controller_pid]: Left motor is saturated
[WARN] [1784056511.433420857] [motor_controller_pid]: Right motor is saturated
[WARN] [1784056511.483505177] [motor_controller_pid]: Left motor is saturated
[WARN] [1784056511.484643979] [motor_controller_pid]: Right motor is saturated
[WARN] [1784056511.533185476] [motor_controller_pid]: Left motor is saturated
[WARN] [1784056511.534075740] [motor_controller_pid]: Right motor is saturated
[WARN] [1784056511.586369608] [motor_controller_pid]: Left motor is saturated
[WARN] [1784056511.588217117] [motor_controller_pid]: Right motor is saturated
[WARN] [1784056511.632124073] [motor_controller_pid]: Left motor is saturated
[WARN] [1784056511.633773063] [motor_controller_pid]: Right motor is saturated
[WARN] [1784056511.683883439] [motor_controller_pid]: Right motor is saturated
[WARN] [1784056511.732438640] [motor_controller_pid]: Left motor is saturated
[WARN] [1784056511.733374404] [motor_controller_pid]: Right motor is saturated
[WARN] [1784056511.782838814] [motor_controller_pid]: Left motor is saturated
[WARN] [1784056511.784064653] [motor_controller_pid]: Right motor is saturated
[WARN] [1784056511.831901406] [motor_controller_pid]: Left motor is saturated
[WARN] [1784056511.832867170] [motor_controller_pid]: Right motor is saturated
[WARN] [1784056511.884924815] [motor_controller_pid]: Right motor is saturated
[WARN] [1784056511.932360715] [motor_controller_pid]: Right motor is saturated
[WARN] [1784056511.982362664] [motor_controller_pid]: Right motor is saturated
[WARN] [1784056512.031855055] [motor_controller_pid]: Left motor is saturated
[WARN] [1784056512.032792653] [motor_controller_pid]: Right motor is saturated
[WARN] [1784056512.082665453] [motor_controller_pid]: Right motor is saturated
[WARN] [1784056512.132013751] [motor_controller_pid]: Left motor is saturated
[WARN] [1784056512.133705611] [motor_controller_pid]: Right motor is saturated
[WARN] [1784056512.182490980] [motor_controller_pid]: Left motor is saturated
[WARN] [1784056512.184829066] [motor_controller_pid]: Right motor is saturated
[WARN] [1784056512.232424689] [motor_controller_pid]: Left motor is saturated
[WARN] [1784056512.233325915] [motor_controller_pid]: Right motor is saturated
[WARN] [1784056512.282489101] [motor_controller_pid]: Left motor is saturated
[WARN] [1784056512.284244554] [motor_controller_pid]: Right motor is saturated
[WARN] [1784056512.332739533] [motor_controller_pid]: Left motor is saturated
[WARN] [1784056512.335208990] [motor_controller_pid]: Right motor is saturated
[WARN] [1784056512.382497333] [motor_controller_pid]: Right motor is saturated
[WARN] [1784056512.432496505] [motor_controller_pid]: Left motor is saturated
[WARN] [1784056512.435410371] [motor_controller_pid]: Right motor is saturated
[WARN] [1784056512.482983419] [motor_controller_pid]: Left motor is saturated
[WARN] [1784056512.484099388] [motor_controller_pid]: Right motor is saturated
[WARN] [1784056512.532551070] [motor_controller_pid]: Left motor is saturated
[WARN] [1784056512.534177745] [motor_controller_pid]: Right motor is saturated
[WARN] [1784056512.584239158] [motor_controller_pid]: Left motor is saturated
[WARN] [1784056512.585610090] [motor_controller_pid]: Right motor is saturated
[WARN] [1784056512.631868725] [motor_controller_pid]: Left motor is saturated
[WARN] [1784056512.632876619] [motor_controller_pid]: Right motor is saturated
[WARN] [1784056512.683146847] [motor_controller_pid]: Left motor is saturated
[WARN] [1784056512.684137259] [motor_controller_pid]: Right motor is saturated
[WARN] [1784056512.732525812] [motor_controller_pid]: Left motor is saturated
[WARN] [1784056512.733866244] [motor_controller_pid]: Right motor is saturated
[WARN] [1784056512.784879180] [motor_controller_pid]: Left motor is saturated
[WARN] [1784056512.785931426] [motor_controller_pid]: Right motor is saturated
[WARN] [1784056512.832322543] [motor_controller_pid]: Left motor is saturated
[WARN] [1784056512.833179732] [motor_controller_pid]: Right motor is saturated
[WARN] [1784056512.885312581] [motor_controller_pid]: Left motor is saturated
[WARN] [1784056512.886374808] [motor_controller_pid]: Right motor is saturated
[WARN] [1784056512.932526998] [motor_controller_pid]: Left motor is saturated
[WARN] [1784056512.933991487] [motor_controller_pid]: Right motor is saturated
[WARN] [1784056512.984433105] [motor_controller_pid]: Left motor is saturated
[WARN] [1784056512.985759000] [motor_controller_pid]: Right motor is saturated
[WARN] [1784056513.032056487] [motor_controller_pid]: Left motor is saturated
[WARN] [1784056513.033261233] [motor_controller_pid]: Right motor is saturated
[WARN] [1784056513.083967760] [motor_controller_pid]: Left motor is saturated
[WARN] [1784056513.085357397] [motor_controller_pid]: Right motor is saturated
[WARN] [1784056513.137658598] [motor_controller_pid]: Left motor is saturated
[WARN] [1784056513.143245570] [motor_controller_pid]: Right motor is saturated
[WARN] [1784056513.183284396] [motor_controller_pid]: Left motor is saturated
[WARN] [1784056513.184351550] [motor_controller_pid]: Right motor is saturated
[WARN] [1784056513.231857857] [motor_controller_pid]: Left motor is saturated
[WARN] [1784056513.232693435] [motor_controller_pid]: Right motor is saturated
[WARN] [1784056513.284142558] [motor_controller_pid]: Left motor is saturated
[WARN] [1784056513.285292805] [motor_controller_pid]: Right motor is saturated
[WARN] [1784056513.332057868] [motor_controller_pid]: Left motor is saturated
[WARN] [1784056513.333223411] [motor_controller_pid]: Right motor is saturated
[WARN] [1784056513.384140216] [motor_controller_pid]: Left motor is saturated
[WARN] [1784056513.385664816] [motor_controller_pid]: Right motor is saturated
[WARN] [1784056513.431846506] [motor_controller_pid]: Left motor is saturated
[WARN] [1784056513.432754288] [motor_controller_pid]: Right motor is saturated
[WARN] [1784056513.483249240] [motor_controller_pid]: Left motor is saturated
[WARN] [1784056513.484215893] [motor_controller_pid]: Right motor is saturated
[WARN] [1784056513.533040948] [motor_controller_pid]: Left motor is saturated
[WARN] [1784056513.534350084] [motor_controller_pid]: Right motor is saturated
[WARN] [1784056513.586165449] [motor_controller_pid]: Left motor is saturated
[WARN] [1784056513.590213654] [motor_controller_pid]: Right motor is saturated
[WARN] [1784056513.631933174] [motor_controller_pid]: Left motor is saturated
[WARN] [1784056513.633274014] [motor_controller_pid]: Right motor is saturated
[WARN] [1784056513.683695095] [motor_controller_pid]: Left motor is saturated
[WARN] [1784056513.684553303] [motor_controller_pid]: Right motor is saturated
[WARN] [1784056513.731814461] [motor_controller_pid]: Left motor is saturated
[WARN] [1784056513.732635298] [motor_controller_pid]: Right motor is saturated
[WARN] [1784056513.784243626] [motor_controller_pid]: Right motor is saturated
[WARN] [1784056513.832388233] [motor_controller_pid]: Left motor is saturated
[WARN] [1784056513.834638911] [motor_controller_pid]: Right motor is saturated
[WARN] [1784056513.882919259] [motor_controller_pid]: Right motor is saturated
[WARN] [1784056513.931864388] [motor_controller_pid]: Left motor is saturated
[WARN] [1784056513.932888430] [motor_controller_pid]: Right motor is saturated
[WARN] [1784056513.982484285] [motor_controller_pid]: Left motor is saturated
[WARN] [1784056513.984269683] [motor_controller_pid]: Right motor is saturated
[WARN] [1784056514.031887324] [motor_controller_pid]: Left motor is saturated
[WARN] [1784056514.032820736] [motor_controller_pid]: Right motor is saturated
[WARN] [1784056514.084575953] [motor_controller_pid]: Left motor is saturated
[WARN] [1784056514.086004516] [motor_controller_pid]: Right motor is saturated
[WARN] [1784056514.132457707] [motor_controller_pid]: Left motor is saturated
[WARN] [1784056514.134128900] [motor_controller_pid]: Right motor is saturated
[WARN] [1784056514.186246619] [motor_controller_pid]: Left motor is saturated
[WARN] [1784056514.190208157] [motor_controller_pid]: Right motor is saturated
[WARN] [1784056514.232243789] [motor_controller_pid]: Left motor is saturated
[WARN] [1784056514.233427184] [motor_controller_pid]: Right motor is saturated
[WARN] [1784056514.284205637] [motor_controller_pid]: Left motor is saturated
[WARN] [1784056514.285688441] [motor_controller_pid]: Right motor is saturated
[WARN] [1784056514.332336133] [motor_controller_pid]: Left motor is saturated
[WARN] [1784056514.333864640] [motor_controller_pid]: Right motor is saturated
[WARN] [1784056514.382491287] [motor_controller_pid]: Left motor is saturated
[WARN] [1784056514.386831104] [motor_controller_pid]: Right motor is saturated
[WARN] [1784056514.432565625] [motor_controller_pid]: Left motor is saturated
[WARN] [1784056514.434315708] [motor_controller_pid]: Right motor is saturated
[WARN] [1784056514.482804261] [motor_controller_pid]: Left motor is saturated
[WARN] [1784056514.484051174] [motor_controller_pid]: Right motor is saturated
[WARN] [1784056514.531958651] [motor_controller_pid]: Left motor is saturated
[WARN] [1784056514.532848599] [motor_controller_pid]: Right motor is saturated
[WARN] [1784056514.584016240] [motor_controller_pid]: Right motor is saturated
[WARN] [1784056514.631993827] [motor_controller_pid]: Left motor is saturated
[WARN] [1784056514.632890628] [motor_controller_pid]: Right motor is saturated
[WARN] [1784056514.683197708] [motor_controller_pid]: Left motor is saturated
[WARN] [1784056514.684183158] [motor_controller_pid]: Right motor is saturated
[WARN] [1784056514.732444135] [motor_controller_pid]: Left motor is saturated
[WARN] [1784056514.733391992] [motor_controller_pid]: Right motor is saturated
[WARN] [1784056514.785144079] [motor_controller_pid]: Left motor is saturated
[WARN] [1784056514.790080900] [motor_controller_pid]: Right motor is saturated
[WARN] [1784056514.831843031] [motor_controller_pid]: Left motor is saturated
[WARN] [1784056514.832718461] [motor_controller_pid]: Right motor is saturated
[WARN] [1784056514.882356964] [motor_controller_pid]: Left motor is saturated
[WARN] [1784056514.885459442] [motor_controller_pid]: Right motor is saturated
[WARN] [1784056514.931910485] [motor_controller_pid]: Left motor is saturated
[WARN] [1784056514.932989620] [motor_controller_pid]: Right motor is saturated
[WARN] [1784056514.983643351] [motor_controller_pid]: Right motor is saturated
[WARN] [1784056515.032062718] [motor_controller_pid]: Left motor is saturated
[WARN] [1784056515.033628726] [motor_controller_pid]: Right motor is saturated
[WARN] [1784056515.084646995] [motor_controller_pid]: Left motor is saturated
[WARN] [1784056515.085809019] [motor_controller_pid]: Right motor is saturated
[WARN] [1784056515.132612657] [motor_controller_pid]: Left motor is saturated
[WARN] [1784056515.133645976] [motor_controller_pid]: Right motor is saturated
[WARN] [1784056515.183804778] [motor_controller_pid]: Left motor is saturated
[WARN] [1784056515.184748727] [motor_controller_pid]: Right motor is saturated
[WARN] [1784056515.233202391] [motor_controller_pid]: Left motor is saturated
[WARN] [1784056515.235289735] [motor_controller_pid]: Right motor is saturated
[WARN] [1784056515.283662084] [motor_controller_pid]: Left motor is saturated
[WARN] [1784056515.284761089] [motor_controller_pid]: Right motor is saturated
[WARN] [1784056515.332885529] [motor_controller_pid]: Left motor is saturated
[WARN] [1784056515.333792034] [motor_controller_pid]: Right motor is saturated
[WARN] [1784056515.383791242] [motor_controller_pid]: Right motor is saturated
[WARN] [1784056515.431838256] [motor_controller_pid]: Right motor is saturated
[WARN] [1784056516.831596094] [motor_controller_pid]: Command timeout; stopping motors
[WARN] [1784056605.183010518] [motor_controller_pid]: Right motor is saturated
[WARN] [1784056605.232018740] [motor_controller_pid]: Left motor is saturated
[WARN] [1784056605.233171394] [motor_controller_pid]: Right motor is saturated
[WARN] [1784056605.286327377] [motor_controller_pid]: Left motor is saturated
[WARN] [1784056605.287848681] [motor_controller_pid]: Right motor is saturated
[WARN] [1784056605.332589660] [motor_controller_pid]: Left motor is saturated
[WARN] [1784056605.337000867] [motor_controller_pid]: Right motor is saturated
[WARN] [1784056605.382650665] [motor_controller_pid]: Left motor is saturated
[WARN] [1784056605.386014422] [motor_controller_pid]: Right motor is saturated
[WARN] [1784056605.433298321] [motor_controller_pid]: Left motor is saturated
[WARN] [1784056605.436444411] [motor_controller_pid]: Right motor is saturated
[WARN] [1784056605.483469012] [motor_controller_pid]: Left motor is saturated
[WARN] [1784056605.484496610] [motor_controller_pid]: Right motor is saturated
[WARN] [1784056605.532431549] [motor_controller_pid]: Left motor is saturated
[WARN] [1784056605.533954482] [motor_controller_pid]: Right motor is saturated
[WARN] [1784056605.584921511] [motor_controller_pid]: Left motor is saturated
[WARN] [1784056605.586524333] [motor_controller_pid]: Right motor is saturated
[WARN] [1784056605.632486633] [motor_controller_pid]: Left motor is saturated
[WARN] [1784056605.633770084] [motor_controller_pid]: Right motor is saturated
[WARN] [1784056605.683899145] [motor_controller_pid]: Left motor is saturated
[WARN] [1784056605.685180540] [motor_controller_pid]: Right motor is saturated
[WARN] [1784056605.732088696] [motor_controller_pid]: Left motor is saturated
[WARN] [1784056605.733126720] [motor_controller_pid]: Right motor is saturated
[WARN] [1784056605.783266726] [motor_controller_pid]: Left motor is saturated
[WARN] [1784056605.785218809] [motor_controller_pid]: Right motor is saturated
[WARN] [1784056605.831789371] [motor_controller_pid]: Left motor is saturated
[WARN] [1784056605.832756080] [motor_controller_pid]: Right motor is saturated
[WARN] [1784056605.882131563] [motor_controller_pid]: Left motor is saturated
[WARN] [1784056605.883125105] [motor_controller_pid]: Right motor is saturated
[WARN] [1784056605.932038938] [motor_controller_pid]: Left motor is saturated
[WARN] [1784056605.933135184] [motor_controller_pid]: Right motor is saturated
[WARN] [1784056605.982312314] [motor_controller_pid]: Left motor is saturated
[WARN] [1784056605.983591487] [motor_controller_pid]: Right motor is saturated
[WARN] [1784056606.032598450] [motor_controller_pid]: Left motor is saturated
[WARN] [1784056606.033994272] [motor_controller_pid]: Right motor is saturated
[WARN] [1784056606.083078272] [motor_controller_pid]: Left motor is saturated
[WARN] [1784056606.084257111] [motor_controller_pid]: Right motor is saturated
[WARN] [1784056606.133293075] [motor_controller_pid]: Left motor is saturated
[WARN] [1784056606.134739748] [motor_controller_pid]: Right motor is saturated
[WARN] [1784056606.183917045] [motor_controller_pid]: Left motor is saturated
[WARN] [1784056606.185123459] [motor_controller_pid]: Right motor is saturated
[WARN] [1784056606.232011874] [motor_controller_pid]: Left motor is saturated
[WARN] [1784056606.232975694] [motor_controller_pid]: Right motor is saturated
[WARN] [1784056606.282889180] [motor_controller_pid]: Left motor is saturated
[WARN] [1784056606.283886481] [motor_controller_pid]: Right motor is saturated
[WARN] [1784056606.332346052] [motor_controller_pid]: Left motor is saturated
[WARN] [1784056606.333454576] [motor_controller_pid]: Right motor is saturated
[WARN] [1784056606.384530383] [motor_controller_pid]: Left motor is saturated
[WARN] [1784056606.385819648] [motor_controller_pid]: Right motor is saturated
[WARN] [1784056606.431896023] [motor_controller_pid]: Left motor is saturated
[WARN] [1784056606.432876102] [motor_controller_pid]: Right motor is saturated
[WARN] [1784056606.483381961] [motor_controller_pid]: Left motor is saturated
[WARN] [1784056606.484512189] [motor_controller_pid]: Right motor is saturated
[WARN] [1784056606.534575527] [motor_controller_pid]: Right motor is saturated
[WARN] [1784056606.582566041] [motor_controller_pid]: Left motor is saturated
[WARN] [1784056606.584808015] [motor_controller_pid]: Right motor is saturated
[WARN] [1784056606.631919227] [motor_controller_pid]: Left motor is saturated
[WARN] [1784056606.632971770] [motor_controller_pid]: Right motor is saturated
[WARN] [1784056606.684429041] [motor_controller_pid]: Left motor is saturated
[WARN] [1784056606.685457805] [motor_controller_pid]: Right motor is saturated
[WARN] [1784056606.732366480] [motor_controller_pid]: Left motor is saturated
[WARN] [1784056606.733465782] [motor_controller_pid]: Right motor is saturated
[WARN] [1784056606.783565195] [motor_controller_pid]: Left motor is saturated
[WARN] [1784056606.784925849] [motor_controller_pid]: Right motor is saturated
[WARN] [1784056606.832054044] [motor_controller_pid]: Left motor is saturated
[WARN] [1784056606.833407439] [motor_controller_pid]: Right motor is saturated
[WARN] [1784056606.882965775] [motor_controller_pid]: Left motor is saturated
[WARN] [1784056606.884243041] [motor_controller_pid]: Right motor is saturated
[WARN] [1784056606.932143054] [motor_controller_pid]: Left motor is saturated
[WARN] [1784056606.933072336] [motor_controller_pid]: Right motor is saturated
[WARN] [1784056606.983301602] [motor_controller_pid]: Left motor is saturated
[WARN] [1784056606.984255847] [motor_controller_pid]: Right motor is saturated
[WARN] [1784056607.031924414] [motor_controller_pid]: Left motor is saturated
[WARN] [1784056607.032861364] [motor_controller_pid]: Right motor is saturated
[WARN] [1784056607.082375385] [motor_controller_pid]: Left motor is saturated
[WARN] [1784056607.083688187] [motor_controller_pid]: Right motor is saturated
[WARN] [1784056607.132246796] [motor_controller_pid]: Left motor is saturated
[WARN] [1784056607.133806267] [motor_controller_pid]: Right motor is saturated
[WARN] [1784056607.184812999] [motor_controller_pid]: Left motor is saturated
[WARN] [1784056607.186769768] [motor_controller_pid]: Right motor is saturated
[WARN] [1784056607.231973360] [motor_controller_pid]: Left motor is saturated
[WARN] [1784056607.232983495] [motor_controller_pid]: Right motor is saturated
[WARN] [1784056607.283647947] [motor_controller_pid]: Left motor is saturated
[WARN] [1784056607.285607031] [motor_controller_pid]: Right motor is saturated
[WARN] [1784056607.332762633] [motor_controller_pid]: Left motor is saturated
[WARN] [1784056607.334746365] [motor_controller_pid]: Right motor is saturated
[WARN] [1784056607.382228987] [motor_controller_pid]: Left motor is saturated
[WARN] [1784056607.383302807] [motor_controller_pid]: Right motor is saturated
[WARN] [1784056607.431882175] [motor_controller_pid]: Left motor is saturated
[WARN] [1784056607.433091774] [motor_controller_pid]: Right motor is saturated
[WARN] [1784056607.482242756] [motor_controller_pid]: Left motor is saturated
[WARN] [1784056607.483310798] [motor_controller_pid]: Right motor is saturated
[WARN] [1784056607.534491605] [motor_controller_pid]: Left motor is saturated
[WARN] [1784056607.538479458] [motor_controller_pid]: Right motor is saturated
[WARN] [1784056607.585413430] [motor_controller_pid]: Left motor is saturated
[WARN] [1784056607.587892627] [motor_controller_pid]: Right motor is saturated
[WARN] [1784056607.631886824] [motor_controller_pid]: Left motor is saturated
[WARN] [1784056607.633027163] [motor_controller_pid]: Right motor is saturated
[WARN] [1784056607.684432823] [motor_controller_pid]: Left motor is saturated
[WARN] [1784056607.685689996] [motor_controller_pid]: Right motor is saturated
[WARN] [1784056607.732294058] [motor_controller_pid]: Left motor is saturated
[WARN] [1784056607.733680454] [motor_controller_pid]: Right motor is saturated
[WARN] [1784056607.783966571] [motor_controller_pid]: Left motor is saturated
[WARN] [1784056607.785226467] [motor_controller_pid]: Right motor is saturated
[WARN] [1784056607.832886534] [motor_controller_pid]: Left motor is saturated
[WARN] [1784056607.837150092] [motor_controller_pid]: Right motor is saturated
[WARN] [1784056607.883753506] [motor_controller_pid]: Left motor is saturated
[WARN] [1784056607.885443737] [motor_controller_pid]: Right motor is saturated
[WARN] [1784056607.932523672] [motor_controller_pid]: Left motor is saturated
[WARN] [1784056607.933622770] [motor_controller_pid]: Right motor is saturated
[WARN] [1784056607.985033189] [motor_controller_pid]: Left motor is saturated
[WARN] [1784056607.987619942] [motor_controller_pid]: Right motor is saturated
[WARN] [1784056608.032118290] [motor_controller_pid]: Left motor is saturated
[WARN] [1784056608.033298315] [motor_controller_pid]: Right motor is saturated
[WARN] [1784056608.084184602] [motor_controller_pid]: Left motor is saturated
[WARN] [1784056608.085357904] [motor_controller_pid]: Right motor is saturated
[WARN] [1784056608.134848962] [motor_controller_pid]: Left motor is saturated
[WARN] [1784056608.139668115] [motor_controller_pid]: Right motor is saturated
[WARN] [1784056608.183648312] [motor_controller_pid]: Left motor is saturated
[WARN] [1784056608.185697119] [motor_controller_pid]: Right motor is saturated
[WARN] [1784056608.231900753] [motor_controller_pid]: Left motor is saturated
[WARN] [1784056608.232897277] [motor_controller_pid]: Right motor is saturated
[WARN] [1784056608.284021472] [motor_controller_pid]: Left motor is saturated
[WARN] [1784056608.285173293] [motor_controller_pid]: Right motor is saturated
[WARN] [1784056608.332798786] [motor_controller_pid]: Left motor is saturated
[WARN] [1784056608.335320687] [motor_controller_pid]: Right motor is saturated
[WARN] [1784056608.385795657] [motor_controller_pid]: Left motor is saturated
[WARN] [1784056608.389750510] [motor_controller_pid]: Right motor is saturated
[WARN] [1784056608.432435257] [motor_controller_pid]: Left motor is saturated
[WARN] [1784056608.434063765] [motor_controller_pid]: Right motor is saturated
[WARN] [1784056608.483461452] [motor_controller_pid]: Left motor is saturated
[WARN] [1784056608.485151627] [motor_controller_pid]: Right motor is saturated
[WARN] [1784056608.533328641] [motor_controller_pid]: Left motor is saturated
[WARN] [1784056608.534231183] [motor_controller_pid]: Right motor is saturated
[WARN] [1784056608.583642777] [motor_controller_pid]: Left motor is saturated
[WARN] [1784056608.586382476] [motor_controller_pid]: Right motor is saturated
[WARN] [1784056608.632398980] [motor_controller_pid]: Left motor is saturated
[WARN] [1784056608.633301780] [motor_controller_pid]: Right motor is saturated
[WARN] [1784056608.686554820] [motor_controller_pid]: Left motor is saturated
[WARN] [1784056608.688502626] [motor_controller_pid]: Right motor is saturated
[WARN] [1784056608.732738676] [motor_controller_pid]: Left motor is saturated
[WARN] [1784056608.734223128] [motor_controller_pid]: Right motor is saturated
[WARN] [1784056608.783654963] [motor_controller_pid]: Left motor is saturated
[WARN] [1784056608.784699154] [motor_controller_pid]: Right motor is saturated
[WARN] [1784056608.834393694] [motor_controller_pid]: Left motor is saturated
[WARN] [1784056608.839634442] [motor_controller_pid]: Right motor is saturated
[WARN] [1784056608.884083994] [motor_controller_pid]: Left motor is saturated
[WARN] [1784056608.885415685] [motor_controller_pid]: Right motor is saturated
[WARN] [1784056608.933393366] [motor_controller_pid]: Left motor is saturated
[WARN] [1784056608.934388556] [motor_controller_pid]: Right motor is saturated
[WARN] [1784056608.982255013] [motor_controller_pid]: Left motor is saturated
[WARN] [1784056608.984027633] [motor_controller_pid]: Right motor is saturated
[WARN] [1784056609.032680724] [motor_controller_pid]: Left motor is saturated
[WARN] [1784056609.035109384] [motor_controller_pid]: Right motor is saturated
[WARN] [1784056609.084416163] [motor_controller_pid]: Left motor is saturated
[WARN] [1784056609.085663262] [motor_controller_pid]: Right motor is saturated
[WARN] [1784056609.138134538] [motor_controller_pid]: Left motor is saturated
[WARN] [1784056609.141642351] [motor_controller_pid]: Right motor is saturated
[WARN] [1784056609.184795230] [motor_controller_pid]: Left motor is saturated
[WARN] [1784056609.186814518] [motor_controller_pid]: Right motor is saturated
[WARN] [1784056609.232189648] [motor_controller_pid]: Left motor is saturated
[WARN] [1784056609.233158690] [motor_controller_pid]: Right motor is saturated
[WARN] [1784056609.282814489] [motor_controller_pid]: Left motor is saturated
[WARN] [1784056609.283752846] [motor_controller_pid]: Right motor is saturated
[WARN] [1784056609.333514072] [motor_controller_pid]: Left motor is saturated
[WARN] [1784056609.334781152] [motor_controller_pid]: Right motor is saturated
[WARN] [1784056609.383563058] [motor_controller_pid]: Left motor is saturated
[WARN] [1784056609.384597878] [motor_controller_pid]: Right motor is saturated
[WARN] [1784056609.432386002] [motor_controller_pid]: Left motor is saturated
[WARN] [1784056609.433791657] [motor_controller_pid]: Right motor is saturated
[WARN] [1784056609.482112024] [motor_controller_pid]: Left motor is saturated
[WARN] [1784056609.483951033] [motor_controller_pid]: Right motor is saturated
[WARN] [1784056609.532301993] [motor_controller_pid]: Left motor is saturated
[WARN] [1784056609.533337627] [motor_controller_pid]: Right motor is saturated
[WARN] [1784056609.582304312] [motor_controller_pid]: Left motor is saturated
[WARN] [1784056609.586227869] [motor_controller_pid]: Right motor is saturated
[WARN] [1784056609.632305206] [motor_controller_pid]: Left motor is saturated
[WARN] [1784056609.633295878] [motor_controller_pid]: Right motor is saturated
[WARN] [1784056609.684956816] [motor_controller_pid]: Left motor is saturated
[WARN] [1784056609.686621843] [motor_controller_pid]: Right motor is saturated
[WARN] [1784056609.733231294] [motor_controller_pid]: Left motor is saturated
[WARN] [1784056609.734273466] [motor_controller_pid]: Right motor is saturated
[WARN] [1784056609.784362323] [motor_controller_pid]: Left motor is saturated
[WARN] [1784056609.785556514] [motor_controller_pid]: Right motor is saturated
[WARN] [1784056609.832088928] [motor_controller_pid]: Left motor is saturated
[WARN] [1784056609.833064285] [motor_controller_pid]: Right motor is saturated
[WARN] [1784056609.882160730] [motor_controller_pid]: Left motor is saturated
[WARN] [1784056609.885754414] [motor_controller_pid]: Right motor is saturated
[WARN] [1784056609.933498148] [motor_controller_pid]: Left motor is saturated
[WARN] [1784056609.936553330] [motor_controller_pid]: Right motor is saturated
[WARN] [1784056609.983863822] [motor_controller_pid]: Left motor is saturated
[WARN] [1784056609.985991295] [motor_controller_pid]: Right motor is saturated
[WARN] [1784056610.034239291] [motor_controller_pid]: Left motor is saturated
[WARN] [1784056610.039776282] [motor_controller_pid]: Right motor is saturated
[WARN] [1784056610.082962327] [motor_controller_pid]: Left motor is saturated
[WARN] [1784056610.084121722] [motor_controller_pid]: Right motor is saturated
[WARN] [1784056610.132900924] [motor_controller_pid]: Left motor is saturated
[WARN] [1784056610.134021337] [motor_controller_pid]: Right motor is saturated
[WARN] [1784056610.183483765] [motor_controller_pid]: Left motor is saturated
[WARN] [1784056610.185491868] [motor_controller_pid]: Right motor is saturated
[WARN] [1784056610.232593340] [motor_controller_pid]: Left motor is saturated
[WARN] [1784056610.233745419] [motor_controller_pid]: Right motor is saturated
[WARN] [1784056610.282310454] [motor_controller_pid]: Left motor is saturated
[WARN] [1784056610.284912541] [motor_controller_pid]: Right motor is saturated
[WARN] [1784056610.332618442] [motor_controller_pid]: Left motor is saturated
[WARN] [1784056610.333577039] [motor_controller_pid]: Right motor is saturated
[WARN] [1784056610.383764027] [motor_controller_pid]: Left motor is saturated
[WARN] [1784056610.386153909] [motor_controller_pid]: Right motor is saturated
[WARN] [1784056610.432441395] [motor_controller_pid]: Left motor is saturated
[WARN] [1784056610.433888217] [motor_controller_pid]: Right motor is saturated
[WARN] [1784056610.483619202] [motor_controller_pid]: Left motor is saturated
[WARN] [1784056610.485252970] [motor_controller_pid]: Right motor is saturated
[WARN] [1784056610.532328053] [motor_controller_pid]: Left motor is saturated
[WARN] [1784056610.533182779] [motor_controller_pid]: Right motor is saturated
[WARN] [1784056610.582231168] [motor_controller_pid]: Left motor is saturated
[WARN] [1784056610.583740879] [motor_controller_pid]: Right motor is saturated
[WARN] [1784056610.632605823] [motor_controller_pid]: Left motor is saturated
[WARN] [1784056610.633932904] [motor_controller_pid]: Right motor is saturated
[WARN] [1784056610.682280475] [motor_controller_pid]: Left motor is saturated
[WARN] [1784056610.684453911] [motor_controller_pid]: Right motor is saturated
[WARN] [1784056610.736194554] [motor_controller_pid]: Left motor is saturated
[WARN] [1784056610.737975285] [motor_controller_pid]: Right motor is saturated
[WARN] [1784056610.782625634] [motor_controller_pid]: Left motor is saturated
[WARN] [1784056610.784796126] [motor_controller_pid]: Right motor is saturated
[WARN] [1784056610.832879048] [motor_controller_pid]: Left motor is saturated
[WARN] [1784056610.835175577] [motor_controller_pid]: Right motor is saturated
[WARN] [1784056610.883369018] [motor_controller_pid]: Left motor is saturated
[WARN] [1784056610.884758747] [motor_controller_pid]: Right motor is saturated
[WARN] [1784056610.933835006] [motor_controller_pid]: Left motor is saturated
[WARN] [1784056610.935728794] [motor_controller_pid]: Right motor is saturated
[WARN] [1784056610.983960123] [motor_controller_pid]: Left motor is saturated
[WARN] [1784056610.985109369] [motor_controller_pid]: Right motor is saturated
[WARN] [1784056611.032201971] [motor_controller_pid]: Left motor is saturated
[WARN] [1784056611.033859479] [motor_controller_pid]: Right motor is saturated
[WARN] [1784056611.084065096] [motor_controller_pid]: Right motor is saturated
[WARN] [1784056611.132373093] [motor_controller_pid]: Left motor is saturated
[WARN] [1784056611.135067828] [motor_controller_pid]: Right motor is saturated
[WARN] [1784056611.185129074] [motor_controller_pid]: Left motor is saturated
[WARN] [1784056611.187156343] [motor_controller_pid]: Right motor is saturated
[WARN] [1784056611.232328491] [motor_controller_pid]: Left motor is saturated
[WARN] [1784056611.233430867] [motor_controller_pid]: Right motor is saturated
[WARN] [1784056611.282617331] [motor_controller_pid]: Left motor is saturated
[WARN] [1784056611.283697114] [motor_controller_pid]: Right motor is saturated
[WARN] [1784056611.332041333] [motor_controller_pid]: Left motor is saturated
[WARN] [1784056611.334443882] [motor_controller_pid]: Right motor is saturated
[WARN] [1784056611.382839268] [motor_controller_pid]: Left motor is saturated
[WARN] [1784056611.384910130] [motor_controller_pid]: Right motor is saturated
[WARN] [1784056611.432030731] [motor_controller_pid]: Left motor is saturated
[WARN] [1784056611.433040459] [motor_controller_pid]: Right motor is saturated
[WARN] [1784056611.483478336] [motor_controller_pid]: Left motor is saturated
[WARN] [1784056611.486049904] [motor_controller_pid]: Right motor is saturated
[WARN] [1784056611.532602411] [motor_controller_pid]: Left motor is saturated
[WARN] [1784056611.534921700] [motor_controller_pid]: Right motor is saturated
[WARN] [1784056611.588481741] [motor_controller_pid]: Left motor is saturated
[WARN] [1784056611.590002137] [motor_controller_pid]: Right motor is saturated
[WARN] [1784056611.632736328] [motor_controller_pid]: Left motor is saturated
[WARN] [1784056611.633739481] [motor_controller_pid]: Right motor is saturated
[WARN] [1784056611.682665166] [motor_controller_pid]: Left motor is saturated
[WARN] [1784056611.684309100] [motor_controller_pid]: Right motor is saturated
[WARN] [1784056611.733108136] [motor_controller_pid]: Right motor is saturated
[WARN] [1784056611.790036897] [motor_controller_pid]: Left motor is saturated
[WARN] [1784056611.792960152] [motor_controller_pid]: Right motor is saturated
[WARN] [1784056611.832418476] [motor_controller_pid]: Left motor is saturated
[WARN] [1784056611.833473037] [motor_controller_pid]: Right motor is saturated
[WARN] [1784056611.883630672] [motor_controller_pid]: Left motor is saturated
[WARN] [1784056611.885632237] [motor_controller_pid]: Right motor is saturated
[WARN] [1784056611.932397356] [motor_controller_pid]: Left motor is saturated
[WARN] [1784056611.933971567] [motor_controller_pid]: Right motor is saturated
[WARN] [1784056611.983102957] [motor_controller_pid]: Left motor is saturated
[WARN] [1784056611.984061128] [motor_controller_pid]: Right motor is saturated
[WARN] [1784056612.031864955] [motor_controller_pid]: Left motor is saturated
[WARN] [1784056612.032738386] [motor_controller_pid]: Right motor is saturated
[WARN] [1784056612.084195361] [motor_controller_pid]: Right motor is saturated
[WARN] [1784056612.138183496] [motor_controller_pid]: Left motor is saturated
[WARN] [1784056612.145065863] [motor_controller_pid]: Right motor is saturated
[WARN] [1784056612.182801919] [motor_controller_pid]: Left motor is saturated
[WARN] [1784056612.184438001] [motor_controller_pid]: Right motor is saturated
[WARN] [1784056612.232645108] [motor_controller_pid]: Left motor is saturated
[WARN] [1784056612.233705114] [motor_controller_pid]: Right motor is saturated
[WARN] [1784056612.283988564] [motor_controller_pid]: Left motor is saturated
[WARN] [1784056612.285527924] [motor_controller_pid]: Right motor is saturated
[WARN] [1784056612.332559692] [motor_controller_pid]: Left motor is saturated
[WARN] [1784056612.333924735] [motor_controller_pid]: Right motor is saturated
[WARN] [1784056612.383238515] [motor_controller_pid]: Left motor is saturated
[WARN] [1784056612.384276038] [motor_controller_pid]: Right motor is saturated
[WARN] [1784056612.431838624] [motor_controller_pid]: Left motor is saturated
[WARN] [1784056612.432663665] [motor_controller_pid]: Right motor is saturated
[WARN] [1784056612.483688286] [motor_controller_pid]: Right motor is saturated
[WARN] [1784056612.532390192] [motor_controller_pid]: Right motor is saturated
[WARN] [1784056612.582261752] [motor_controller_pid]: Right motor is saturated
[WARN] [1784056612.634636213] [motor_controller_pid]: Right motor is saturated
[WARN] [1784056612.683144747] [motor_controller_pid]: Right motor is saturated
[WARN] [1784056612.732085988] [motor_controller_pid]: Left motor is saturated
[WARN] [1784056612.733033566] [motor_controller_pid]: Right motor is saturated
[WARN] [1784056612.782265938] [motor_controller_pid]: Right motor is saturated
[WARN] [1784056612.832503610] [motor_controller_pid]: Right motor is saturated
[WARN] [1784056612.884716719] [motor_controller_pid]: Right motor is saturated
[WARN] [1784056612.936834586] [motor_controller_pid]: Right motor is saturated
[WARN] [1784056612.982755737] [motor_controller_pid]: Right motor is saturated
[WARN] [1784056613.032010090] [motor_controller_pid]: Left motor is saturated
[WARN] [1784056613.032992317] [motor_controller_pid]: Right motor is saturated
[WARN] [1784056613.082842340] [motor_controller_pid]: Right motor is saturated
[WARN] [1784056613.133152143] [motor_controller_pid]: Right motor is saturated
[WARN] [1784056613.183177388] [motor_controller_pid]: Left motor is saturated
[WARN] [1784056613.185108991] [motor_controller_pid]: Right motor is saturated
[WARN] [1784056613.232068999] [motor_controller_pid]: Left motor is saturated
[WARN] [1784056613.233282023] [motor_controller_pid]: Right motor is saturated
[WARN] [1784056613.282206801] [motor_controller_pid]: Left motor is saturated
[WARN] [1784056613.286651341] [motor_controller_pid]: Right motor is saturated
[WARN] [1784056613.332458751] [motor_controller_pid]: Right motor is saturated
[WARN] [1784056613.383259723] [motor_controller_pid]: Left motor is saturated
[WARN] [1784056613.385550160] [motor_controller_pid]: Right motor is saturated
[WARN] [1784056613.432470539] [motor_controller_pid]: Right motor is saturated
[WARN] [1784056613.483524475] [motor_controller_pid]: Right motor is saturated
[WARN] [1784056613.536128030] [motor_controller_pid]: Right motor is saturated
[WARN] [1784056613.585911107] [motor_controller_pid]: Right motor is saturated
[WARN] [1784056613.631917593] [motor_controller_pid]: Left motor is saturated
[WARN] [1784056613.632945413] [motor_controller_pid]: Right motor is saturated
[WARN] [1784056613.684202812] [motor_controller_pid]: Right motor is saturated
[WARN] [1784056613.735230378] [motor_controller_pid]: Right motor is saturated
[WARN] [1784056613.782934631] [motor_controller_pid]: Right motor is saturated
[WARN] [1784056613.831942149] [motor_controller_pid]: Right motor is saturated
[WARN] [1784056613.882921363] [motor_controller_pid]: Left motor is saturated
[WARN] [1784056613.884777520] [motor_controller_pid]: Right motor is saturated
[WARN] [1784056613.932480051] [motor_controller_pid]: Left motor is saturated
[WARN] [1784056613.934223596] [motor_controller_pid]: Right motor is saturated
[WARN] [1784056613.982372740] [motor_controller_pid]: Left motor is saturated
[WARN] [1784056613.983918748] [motor_controller_pid]: Right motor is saturated
[WARN] [1784056614.031868928] [motor_controller_pid]: Left motor is saturated
[WARN] [1784056614.032776395] [motor_controller_pid]: Right motor is saturated
[WARN] [1784056614.082566528] [motor_controller_pid]: Left motor is saturated
[WARN] [1784056614.083578793] [motor_controller_pid]: Right motor is saturated
[WARN] [1784056614.135180046] [motor_controller_pid]: Left motor is saturated
[WARN] [1784056614.144826982] [motor_controller_pid]: Right motor is saturated
[WARN] [1784056614.184867642] [motor_controller_pid]: Left motor is saturated
[WARN] [1784056614.185993333] [motor_controller_pid]: Right motor is saturated
[WARN] [1784056614.232337431] [motor_controller_pid]: Left motor is saturated
[WARN] [1784056614.234095569] [motor_controller_pid]: Right motor is saturated
[WARN] [1784056614.282970365] [motor_controller_pid]: Right motor is saturated
[WARN] [1784056614.332456663] [motor_controller_pid]: Right motor is saturated
[WARN] [1784056614.383466581] [motor_controller_pid]: Right motor is saturated
[WARN] [1784056614.431919541] [motor_controller_pid]: Right motor is saturated
[WARN] [1784056614.482261473] [motor_controller_pid]: Right motor is saturated
[WARN] [1784056614.532336719] [motor_controller_pid]: Left motor is saturated
[WARN] [1784056614.533408669] [motor_controller_pid]: Right motor is saturated
[WARN] [1784056614.582856893] [motor_controller_pid]: Right motor is saturated
[WARN] [1784056614.631997264] [motor_controller_pid]: Right motor is saturated
[WARN] [1784056614.684607189] [motor_controller_pid]: Right motor is saturated
[WARN] [1784056614.732747630] [motor_controller_pid]: Left motor is saturated
[WARN] [1784056614.735830126] [motor_controller_pid]: Right motor is saturated
[WARN] [1784056614.783483842] [motor_controller_pid]: Right motor is saturated
[WARN] [1784056614.832320767] [motor_controller_pid]: Left motor is saturated
[WARN] [1784056614.834302073] [motor_controller_pid]: Right motor is saturated
[WARN] [1784056614.887850780] [motor_controller_pid]: Right motor is saturated
[WARN] [1784056614.932973891] [motor_controller_pid]: Left motor is saturated
[WARN] [1784056614.934652788] [motor_controller_pid]: Right motor is saturated
[WARN] [1784056614.984276402] [motor_controller_pid]: Left motor is saturated
[WARN] [1784056614.985197758] [motor_controller_pid]: Right motor is saturated
[WARN] [1784056615.034318296] [motor_controller_pid]: Left motor is saturated
[WARN] [1784056615.038263593] [motor_controller_pid]: Right motor is saturated
[WARN] [1784056615.084213986] [motor_controller_pid]: Left motor is saturated
[WARN] [1784056615.085717493] [motor_controller_pid]: Right motor is saturated
[WARN] [1784056615.133707581] [motor_controller_pid]: Left motor is saturated
[WARN] [1784056615.135917740] [motor_controller_pid]: Right motor is saturated
[WARN] [1784056615.185564187] [motor_controller_pid]: Left motor is saturated
[WARN] [1784056615.188307293] [motor_controller_pid]: Right motor is saturated
[WARN] [1784056615.232375084] [motor_controller_pid]: Left motor is saturated
[WARN] [1784056615.233432644] [motor_controller_pid]: Right motor is saturated
[WARN] [1784056615.283455427] [motor_controller_pid]: Right motor is saturated
[WARN] [1784056615.332697799] [motor_controller_pid]: Right motor is saturated
[WARN] [1784056615.384006180] [motor_controller_pid]: Right motor is saturated
[WARN] [1784056615.432124602] [motor_controller_pid]: Right motor is saturated
[WARN] [1784056615.482734665] [motor_controller_pid]: Right motor is saturated
[WARN] [1784056615.533726879] [motor_controller_pid]: Left motor is saturated
[WARN] [1784056615.537496064] [motor_controller_pid]: Right motor is saturated
[WARN] [1784056615.583703958] [motor_controller_pid]: Left motor is saturated
[WARN] [1784056615.584841630] [motor_controller_pid]: Right motor is saturated
[WARN] [1784056615.631905213] [motor_controller_pid]: Right motor is saturated
[WARN] [1784056615.683939024] [motor_controller_pid]: Right motor is saturated
[WARN] [1784056615.732761764] [motor_controller_pid]: Right motor is saturated
[WARN] [1784056615.784118905] [motor_controller_pid]: Left motor is saturated
[WARN] [1784056615.786124804] [motor_controller_pid]: Right motor is saturated
[WARN] [1784056615.833742982] [motor_controller_pid]: Left motor is saturated
[WARN] [1784056615.836431810] [motor_controller_pid]: Right motor is saturated
[WARN] [1784056615.885124308] [motor_controller_pid]: Right motor is saturated
[WARN] [1784056615.932904710] [motor_controller_pid]: Left motor is saturated
[WARN] [1784056615.935178165] [motor_controller_pid]: Right motor is saturated
[WARN] [1784056615.985781062] [motor_controller_pid]: Left motor is saturated
[WARN] [1784056615.988434742] [motor_controller_pid]: Right motor is saturated
[WARN] [1784056616.031930974] [motor_controller_pid]: Left motor is saturated
[WARN] [1784056616.034467894] [motor_controller_pid]: Right motor is saturated
[WARN] [1784056616.082548630] [motor_controller_pid]: Left motor is saturated
[WARN] [1784056616.084982124] [motor_controller_pid]: Right motor is saturated
[WARN] [1784056616.134535126] [motor_controller_pid]: Left motor is saturated
[WARN] [1784056616.138526646] [motor_controller_pid]: Right motor is saturated
[WARN] [1784056616.183326347] [motor_controller_pid]: Left motor is saturated
[WARN] [1784056616.184888503] [motor_controller_pid]: Right motor is saturated
[WARN] [1784056616.234759044] [motor_controller_pid]: Left motor is saturated
[WARN] [1784056616.236613850] [motor_controller_pid]: Right motor is saturated
[WARN] [1784056616.285883462] [motor_controller_pid]: Left motor is saturated
[WARN] [1784056616.286787022] [motor_controller_pid]: Right motor is saturated
[WARN] [1784056616.335828708] [motor_controller_pid]: Left motor is saturated
[WARN] [1784056616.338585851] [motor_controller_pid]: Right motor is saturated
[WARN] [1784056616.385072116] [motor_controller_pid]: Left motor is saturated
[WARN] [1784056616.389486378] [motor_controller_pid]: Right motor is saturated
[WARN] [1784056616.431975235] [motor_controller_pid]: Left motor is saturated
[WARN] [1784056616.433201056] [motor_controller_pid]: Right motor is saturated
[WARN] [1784056616.483599100] [motor_controller_pid]: Right motor is saturated
[WARN] [1784056616.532943139] [motor_controller_pid]: Left motor is saturated
[WARN] [1784056616.534322312] [motor_controller_pid]: Right motor is saturated
[WARN] [1784056616.583820666] [motor_controller_pid]: Right motor is saturated
[WARN] [1784056616.632031551] [motor_controller_pid]: Right motor is saturated
[WARN] [1784056616.683841639] [motor_controller_pid]: Left motor is saturated
[WARN] [1784056616.684809051] [motor_controller_pid]: Right motor is saturated
[WARN] [1784056616.732249636] [motor_controller_pid]: Left motor is saturated
[WARN] [1784056616.734193275] [motor_controller_pid]: Right motor is saturated
[WARN] [1784056616.783004719] [motor_controller_pid]: Left motor is saturated
[WARN] [1784056616.783940853] [motor_controller_pid]: Right motor is saturated
[WARN] [1784056616.832253479] [motor_controller_pid]: Left motor is saturated
[WARN] [1784056616.833126854] [motor_controller_pid]: Right motor is saturated
[WARN] [1784056616.885212091] [motor_controller_pid]: Right motor is saturated
[WARN] [1784056616.935169966] [motor_controller_pid]: Left motor is saturated
[WARN] [1784056616.938870540] [motor_controller_pid]: Right motor is saturated
[WARN] [1784056616.984637506] [motor_controller_pid]: Left motor is saturated
[WARN] [1784056616.985575621] [motor_controller_pid]: Right motor is saturated
[WARN] [1784056617.033105188] [motor_controller_pid]: Left motor is saturated
[WARN] [1784056617.034051619] [motor_controller_pid]: Right motor is saturated
[WARN] [1784056617.082586764] [motor_controller_pid]: Right motor is saturated
[WARN] [1784056617.133547089] [motor_controller_pid]: Left motor is saturated
[WARN] [1784056617.135870600] [motor_controller_pid]: Right motor is saturated
[WARN] [1784056617.183493056] [motor_controller_pid]: Right motor is saturated
[WARN] [1784056617.232853595] [motor_controller_pid]: Left motor is saturated
[WARN] [1784056617.233886322] [motor_controller_pid]: Right motor is saturated
[WARN] [1784056617.285019055] [motor_controller_pid]: Left motor is saturated
[WARN] [1784056617.285971801] [motor_controller_pid]: Right motor is saturated
[WARN] [1784056617.336279696] [motor_controller_pid]: Left motor is saturated
[WARN] [1784056617.337453257] [motor_controller_pid]: Right motor is saturated
[WARN] [1784056617.384195950] [motor_controller_pid]: Right motor is saturated
[WARN] [1784056617.432251852] [motor_controller_pid]: Left motor is saturated
[WARN] [1784056617.433206005] [motor_controller_pid]: Right motor is saturated
[WARN] [1784056617.483333770] [motor_controller_pid]: Right motor is saturated
[WARN] [1784056617.533621647] [motor_controller_pid]: Left motor is saturated
[WARN] [1784056617.535527971] [motor_controller_pid]: Right motor is saturated
[WARN] [1784056617.584572971] [motor_controller_pid]: Right motor is saturated
[WARN] [1784056617.632920560] [motor_controller_pid]: Left motor is saturated
[WARN] [1784056617.633950751] [motor_controller_pid]: Right motor is saturated
[WARN] [1784056617.683022510] [motor_controller_pid]: Right motor is saturated
[WARN] [1784056617.735411416] [motor_controller_pid]: Right motor is saturated
[WARN] [1784056617.782138275] [motor_controller_pid]: Left motor is saturated
[WARN] [1784056617.783166706] [motor_controller_pid]: Right motor is saturated
[WARN] [1784056617.832010131] [motor_controller_pid]: Left motor is saturated
[WARN] [1784056617.832829264] [motor_controller_pid]: Right motor is saturated
[WARN] [1784056617.882869010] [motor_controller_pid]: Left motor is saturated
[WARN] [1784056617.883715607] [motor_controller_pid]: Right motor is saturated
[WARN] [1784056617.932012011] [motor_controller_pid]: Left motor is saturated
[WARN] [1784056617.934352578] [motor_controller_pid]: Right motor is saturated
[WARN] [1784056617.987408153] [motor_controller_pid]: Left motor is saturated
[WARN] [1784056617.989600405] [motor_controller_pid]: Right motor is saturated
[WARN] [1784056618.033722418] [motor_controller_pid]: Left motor is saturated
[WARN] [1784056618.034750608] [motor_controller_pid]: Right motor is saturated
[WARN] [1784056618.082740529] [motor_controller_pid]: Left motor is saturated
[WARN] [1784056618.084105554] [motor_controller_pid]: Right motor is saturated
[WARN] [1784056618.133119054] [motor_controller_pid]: Left motor is saturated
[WARN] [1784056618.134470191] [motor_controller_pid]: Right motor is saturated
[WARN] [1784056618.183133726] [motor_controller_pid]: Right motor is saturated
[WARN] [1784056618.232860007] [motor_controller_pid]: Left motor is saturated
[WARN] [1784056618.233742178] [motor_controller_pid]: Right motor is saturated
[WARN] [1784056618.282869864] [motor_controller_pid]: Left motor is saturated
[WARN] [1784056618.284959078] [motor_controller_pid]: Right motor is saturated
[WARN] [1784056618.332643479] [motor_controller_pid]: Left motor is saturated
[WARN] [1784056618.334654674] [motor_controller_pid]: Right motor is saturated
[WARN] [1784056618.382591669] [motor_controller_pid]: Left motor is saturated
[WARN] [1784056618.383990694] [motor_controller_pid]: Right motor is saturated
[WARN] [1784056618.432307487] [motor_controller_pid]: Left motor is saturated
[WARN] [1784056618.433169195] [motor_controller_pid]: Right motor is saturated
[WARN] [1784056618.483103181] [motor_controller_pid]: Right motor is saturated
[WARN] [1784056618.533096334] [motor_controller_pid]: Left motor is saturated
[WARN] [1784056618.534108042] [motor_controller_pid]: Right motor is saturated
[WARN] [1784056618.582102334] [motor_controller_pid]: Left motor is saturated
[WARN] [1784056618.583112116] [motor_controller_pid]: Right motor is saturated
[WARN] [1784056618.632198358] [motor_controller_pid]: Left motor is saturated
[WARN] [1784056618.633000880] [motor_controller_pid]: Right motor is saturated
[WARN] [1784056618.732165886] [motor_controller_pid]: Left motor is saturated
[WARN] [1784056618.733042408] [motor_controller_pid]: Right motor is saturated
[WARN] [1784056618.784487569] [motor_controller_pid]: Right motor is saturated
[WARN] [1784056618.832114358] [motor_controller_pid]: Left motor is saturated
[WARN] [1784056618.833037289] [motor_controller_pid]: Right motor is saturated
[WARN] [1784056618.884804561] [motor_controller_pid]: Left motor is saturated
[WARN] [1784056618.886602385] [motor_controller_pid]: Right motor is saturated
[WARN] [1784056618.933892025] [motor_controller_pid]: Left motor is saturated
[WARN] [1784056618.934916622] [motor_controller_pid]: Right motor is saturated
[WARN] [1784056618.984095660] [motor_controller_pid]: Left motor is saturated
[WARN] [1784056618.986712117] [motor_controller_pid]: Right motor is saturated
[WARN] [1784056619.036815993] [motor_controller_pid]: Left motor is saturated
[WARN] [1784056619.039862786] [motor_controller_pid]: Right motor is saturated
[WARN] [1784056619.082498940] [motor_controller_pid]: Right motor is saturated
[WARN] [1784056619.132576630] [motor_controller_pid]: Left motor is saturated
[WARN] [1784056619.133661728] [motor_controller_pid]: Right motor is saturated
[WARN] [1784056619.182505098] [motor_controller_pid]: Left motor is saturated
[WARN] [1784056619.183828104] [motor_controller_pid]: Right motor is saturated
[WARN] [1784056619.232802271] [motor_controller_pid]: Left motor is saturated
[WARN] [1784056619.233922591] [motor_controller_pid]: Right motor is saturated
[WARN] [1784056619.285562030] [motor_controller_pid]: Left motor is saturated
[WARN] [1784056619.287487687] [motor_controller_pid]: Right motor is saturated
[WARN] [1784056619.332437575] [motor_controller_pid]: Left motor is saturated
[WARN] [1784056619.333812433] [motor_controller_pid]: Right motor is saturated
[WARN] [1784056619.432088305] [motor_controller_pid]: Left motor is saturated
[WARN] [1784056619.433047162] [motor_controller_pid]: Right motor is saturated
[WARN] [1784056619.484651360] [motor_controller_pid]: Left motor is saturated
[WARN] [1784056619.485727032] [motor_controller_pid]: Right motor is saturated
[WARN] [1784056619.533159339] [motor_controller_pid]: Left motor is saturated
[WARN] [1784056619.534244492] [motor_controller_pid]: Right motor is saturated
[WARN] [1784056619.586930436] [motor_controller_pid]: Left motor is saturated
[WARN] [1784056619.588068534] [motor_controller_pid]: Right motor is saturated
[WARN] [1784056619.632100158] [motor_controller_pid]: Left motor is saturated
[WARN] [1784056619.633031866] [motor_controller_pid]: Right motor is saturated
[WARN] [1784056619.683877727] [motor_controller_pid]: Left motor is saturated
[WARN] [1784056619.732641670] [motor_controller_pid]: Left motor is saturated
[WARN] [1784056619.734074622] [motor_controller_pid]: Right motor is saturated
[WARN] [1784056619.783911737] [motor_controller_pid]: Left motor is saturated
[WARN] [1784056619.784980205] [motor_controller_pid]: Right motor is saturated
[WARN] [1784056619.832268567] [motor_controller_pid]: Left motor is saturated
[WARN] [1784056619.833172609] [motor_controller_pid]: Right motor is saturated
[WARN] [1784056619.883709505] [motor_controller_pid]: Left motor is saturated
[WARN] [1784056619.885236272] [motor_controller_pid]: Right motor is saturated
[WARN] [1784056619.932594078] [motor_controller_pid]: Left motor is saturated
[WARN] [1784056619.933644621] [motor_controller_pid]: Right motor is saturated
[WARN] [1784056619.982268211] [motor_controller_pid]: Left motor is saturated
[WARN] [1784056619.983916682] [motor_controller_pid]: Right motor is saturated
[WARN] [1784056620.032661292] [motor_controller_pid]: Left motor is saturated
[WARN] [1784056620.033684779] [motor_controller_pid]: Right motor is saturated
[WARN] [1784056620.083073725] [motor_controller_pid]: Left motor is saturated
[WARN] [1784056620.084108915] [motor_controller_pid]: Right motor is saturated
[WARN] [1784056620.133069656] [motor_controller_pid]: Left motor is saturated
[WARN] [1784056620.134234013] [motor_controller_pid]: Right motor is saturated
[WARN] [1784056620.183509903] [motor_controller_pid]: Left motor is saturated
[WARN] [1784056620.185560154] [motor_controller_pid]: Right motor is saturated
[WARN] [1784056620.233845706] [motor_controller_pid]: Left motor is saturated
[WARN] [1784056620.235155083] [motor_controller_pid]: Right motor is saturated
[WARN] [1784056620.284445103] [motor_controller_pid]: Left motor is saturated
[WARN] [1784056620.285787035] [motor_controller_pid]: Right motor is saturated
[WARN] [1784056620.333209602] [motor_controller_pid]: Left motor is saturated
[WARN] [1784056620.335794966] [motor_controller_pid]: Right motor is saturated
[WARN] [1784056620.385409488] [motor_controller_pid]: Left motor is saturated
[WARN] [1784056620.387325868] [motor_controller_pid]: Right motor is saturated
[WARN] [1784056620.432613072] [motor_controller_pid]: Left motor is saturated
[WARN] [1784056620.433529317] [motor_controller_pid]: Right motor is saturated
[WARN] [1784056620.482882763] [motor_controller_pid]: Left motor is saturated
[WARN] [1784056620.483945287] [motor_controller_pid]: Right motor is saturated
[WARN] [1784056620.533402511] [motor_controller_pid]: Left motor is saturated
[WARN] [1784056620.537239567] [motor_controller_pid]: Right motor is saturated
[WARN] [1784056620.583495424] [motor_controller_pid]: Left motor is saturated
[WARN] [1784056620.632134033] [motor_controller_pid]: Left motor is saturated
[WARN] [1784056620.632954833] [motor_controller_pid]: Right motor is saturated
[WARN] [1784056620.684835607] [motor_controller_pid]: Left motor is saturated
[WARN] [1784056620.686198539] [motor_controller_pid]: Right motor is saturated
[WARN] [1784056620.732672934] [motor_controller_pid]: Left motor is saturated
[WARN] [1784056620.733751514] [motor_controller_pid]: Right motor is saturated
[WARN] [1784056620.783097682] [motor_controller_pid]: Left motor is saturated
[WARN] [1784056620.832573092] [motor_controller_pid]: Left motor is saturated
[WARN] [1784056620.833537522] [motor_controller_pid]: Right motor is saturated
[WARN] [1784056620.883707732] [motor_controller_pid]: Left motor is saturated
[WARN] [1784056620.887286897] [motor_controller_pid]: Right motor is saturated
[WARN] [1784056620.933158049] [motor_controller_pid]: Left motor is saturated
[WARN] [1784056620.934065812] [motor_controller_pid]: Right motor is saturated
[WARN] [1784056620.983336925] [motor_controller_pid]: Left motor is saturated
[WARN] [1784056621.032434240] [motor_controller_pid]: Left motor is saturated
[WARN] [1784056621.033665098] [motor_controller_pid]: Right motor is saturated
[WARN] [1784056621.082529227] [motor_controller_pid]: Left motor is saturated
[WARN] [1784056621.083690399] [motor_controller_pid]: Right motor is saturated
[WARN] [1784056621.133416884] [motor_controller_pid]: Left motor is saturated
[WARN] [1784056621.134952855] [motor_controller_pid]: Right motor is saturated
[WARN] [1784056621.186408922] [motor_controller_pid]: Left motor is saturated
[WARN] [1784056621.189741420] [motor_controller_pid]: Right motor is saturated
[WARN] [1784056621.232873447] [motor_controller_pid]: Left motor is saturated
[WARN] [1784056621.233999675] [motor_controller_pid]: Right motor is saturated
[WARN] [1784056621.283024656] [motor_controller_pid]: Left motor is saturated
[WARN] [1784056621.334168833] [motor_controller_pid]: Left motor is saturated
[WARN] [1784056621.335190838] [motor_controller_pid]: Right motor is saturated
[WARN] [1784056621.384444562] [motor_controller_pid]: Left motor is saturated
[WARN] [1784056621.433099097] [motor_controller_pid]: Left motor is saturated
[WARN] [1784056621.484123236] [motor_controller_pid]: Left motor is saturated
[WARN] [1784056621.532730772] [motor_controller_pid]: Left motor is saturated
[WARN] [1784056621.533753980] [motor_controller_pid]: Right motor is saturated
[WARN] [1784056621.583969745] [motor_controller_pid]: Left motor is saturated
[WARN] [1784056621.586515832] [motor_controller_pid]: Right motor is saturated
[WARN] [1784056621.632195001] [motor_controller_pid]: Left motor is saturated
[WARN] [1784056621.633318580] [motor_controller_pid]: Right motor is saturated
[WARN] [1784056621.684162664] [motor_controller_pid]: Left motor is saturated
[WARN] [1784056621.734823672] [motor_controller_pid]: Left motor is saturated
[WARN] [1784056621.736195345] [motor_controller_pid]: Right motor is saturated
[WARN] [1784056621.784103691] [motor_controller_pid]: Left motor is saturated
[WARN] [1784056621.832212965] [motor_controller_pid]: Left motor is saturated
[WARN] [1784056621.833152525] [motor_controller_pid]: Right motor is saturated
[WARN] [1784056621.884793242] [motor_controller_pid]: Left motor is saturated
[WARN] [1784056621.886922937] [motor_controller_pid]: Right motor is saturated
[WARN] [1784056621.932587458] [motor_controller_pid]: Left motor is saturated
[WARN] [1784056621.933594778] [motor_controller_pid]: Right motor is saturated
[WARN] [1784056621.983936321] [motor_controller_pid]: Left motor is saturated
[WARN] [1784056622.032434745] [motor_controller_pid]: Left motor is saturated
[WARN] [1784056622.033655751] [motor_controller_pid]: Right motor is saturated
[WARN] [1784056622.084271851] [motor_controller_pid]: Left motor is saturated
[WARN] [1784056622.086536770] [motor_controller_pid]: Right motor is saturated
[WARN] [1784056622.132726645] [motor_controller_pid]: Left motor is saturated
[WARN] [1784056622.134521135] [motor_controller_pid]: Right motor is saturated
[WARN] [1784056622.183074281] [motor_controller_pid]: Left motor is saturated
[WARN] [1784056622.233853493] [motor_controller_pid]: Left motor is saturated
[WARN] [1784056622.284679817] [motor_controller_pid]: Left motor is saturated
[WARN] [1784056622.332993202] [motor_controller_pid]: Left motor is saturated
[WARN] [1784056622.334809563] [motor_controller_pid]: Right motor is saturated
[WARN] [1784056622.383858100] [motor_controller_pid]: Left motor is saturated
[WARN] [1784056622.432682599] [motor_controller_pid]: Left motor is saturated
[WARN] [1784056622.433683493] [motor_controller_pid]: Right motor is saturated
[WARN] [1784056622.483098458] [motor_controller_pid]: Left motor is saturated
[WARN] [1784056622.532452275] [motor_controller_pid]: Left motor is saturated
[WARN] [1784056622.583280784] [motor_controller_pid]: Left motor is saturated
[WARN] [1784056622.632738101] [motor_controller_pid]: Left motor is saturated
[WARN] [1784056622.633710939] [motor_controller_pid]: Right motor is saturated
[WARN] [1784056622.684774875] [motor_controller_pid]: Left motor is saturated
[WARN] [1784056622.734139006] [motor_controller_pid]: Left motor is saturated
[WARN] [1784056622.782743800] [motor_controller_pid]: Left motor is saturated
[WARN] [1784056622.783834195] [motor_controller_pid]: Right motor is saturated
[WARN] [1784056622.833708014] [motor_controller_pid]: Left motor is saturated
[WARN] [1784056622.834760649] [motor_controller_pid]: Right motor is saturated
[WARN] [1784056622.883723463] [motor_controller_pid]: Left motor is saturated
[WARN] [1784056622.932356535] [motor_controller_pid]: Left motor is saturated
[WARN] [1784056622.982936117] [motor_controller_pid]: Left motor is saturated
[WARN] [1784056623.032168692] [motor_controller_pid]: Left motor is saturated
[WARN] [1784056623.082970108] [motor_controller_pid]: Left motor is saturated
[WARN] [1784056623.133015873] [motor_controller_pid]: Left motor is saturated
[WARN] [1784056623.185251092] [motor_controller_pid]: Left motor is saturated
[WARN] [1784056623.233190809] [motor_controller_pid]: Left motor is saturated
[WARN] [1784056623.283830428] [motor_controller_pid]: Left motor is saturated
[WARN] [1784056623.335240274] [motor_controller_pid]: Left motor is saturated
[WARN] [1784056623.384961018] [motor_controller_pid]: Left motor is saturated
[WARN] [1784056623.432221972] [motor_controller_pid]: Left motor is saturated
[WARN] [1784056623.433183606] [motor_controller_pid]: Right motor is saturated
[WARN] [1784056623.483046777] [motor_controller_pid]: Left motor is saturated
[WARN] [1784056623.484209524] [motor_controller_pid]: Right motor is saturated
[WARN] [1784056623.533982713] [motor_controller_pid]: Left motor is saturated
[WARN] [1784056623.584477035] [motor_controller_pid]: Left motor is saturated
[WARN] [1784056623.632171380] [motor_controller_pid]: Left motor is saturated
[WARN] [1784056623.684712453] [motor_controller_pid]: Left motor is saturated
[WARN] [1784056623.734842551] [motor_controller_pid]: Left motor is saturated
[WARN] [1784056623.783276734] [motor_controller_pid]: Left motor is saturated
[WARN] [1784056623.832087714] [motor_controller_pid]: Left motor is saturated
[WARN] [1784056623.884045377] [motor_controller_pid]: Left motor is saturated
[WARN] [1784056623.932620800] [motor_controller_pid]: Left motor is saturated
[WARN] [1784056623.984856242] [motor_controller_pid]: Left motor is saturated
[WARN] [1784056624.032191919] [motor_controller_pid]: Left motor is saturated
[WARN] [1784056624.033161035] [motor_controller_pid]: Right motor is saturated
[WARN] [1784056624.083730154] [motor_controller_pid]: Left motor is saturated
[WARN] [1784056624.084696010] [motor_controller_pid]: Right motor is saturated
[WARN] [1784056624.139961689] [motor_controller_pid]: Left motor is saturated
[WARN] [1784056624.185378005] [motor_controller_pid]: Left motor is saturated
[WARN] [1784056624.188750151] [motor_controller_pid]: Right motor is saturated
[WARN] [1784056624.232992183] [motor_controller_pid]: Left motor is saturated
[WARN] [1784056624.234032485] [motor_controller_pid]: Right motor is saturated
[WARN] [1784056624.284612103] [motor_controller_pid]: Left motor is saturated
[WARN] [1784056624.333393991] [motor_controller_pid]: Left motor is saturated
[WARN] [1784056624.382500029] [motor_controller_pid]: Left motor is saturated
[WARN] [1784056624.432012494] [motor_controller_pid]: Left motor is saturated
[WARN] [1784056624.483171338] [motor_controller_pid]: Left motor is saturated
[WARN] [1784056624.532350320] [motor_controller_pid]: Left motor is saturated
[WARN] [1784056624.583465942] [motor_controller_pid]: Left motor is saturated
[WARN] [1784056624.632025866] [motor_controller_pid]: Left motor is saturated
[WARN] [1784056624.682485410] [motor_controller_pid]: Left motor is saturated
[WARN] [1784056624.732766805] [motor_controller_pid]: Left motor is saturated
[WARN] [1784056624.783606443] [motor_controller_pid]: Left motor is saturated
[WARN] [1784056624.832124848] [motor_controller_pid]: Left motor is saturated
[WARN] [1784056624.884122715] [motor_controller_pid]: Left motor is saturated
[WARN] [1784056624.932856417] [motor_controller_pid]: Left motor is saturated
[WARN] [1784056624.984759357] [motor_controller_pid]: Left motor is saturated
[WARN] [1784056625.032770945] [motor_controller_pid]: Left motor is saturated
[WARN] [1784056625.082319485] [motor_controller_pid]: Left motor is saturated
[WARN] [1784056625.132402583] [motor_controller_pid]: Left motor is saturated
[WARN] [1784056625.186153513] [motor_controller_pid]: Left motor is saturated
[WARN] [1784056625.234225509] [motor_controller_pid]: Left motor is saturated
[WARN] [1784056625.282235985] [motor_controller_pid]: Left motor is saturated
[WARN] [1784056625.332644862] [motor_controller_pid]: Left motor is saturated
[WARN] [1784056625.383812058] [motor_controller_pid]: Left motor is saturated
[WARN] [1784056625.432112277] [motor_controller_pid]: Left motor is saturated
[WARN] [1784056625.483693216] [motor_controller_pid]: Left motor is saturated
[WARN] [1784056625.532694753] [motor_controller_pid]: Left motor is saturated
[WARN] [1784056625.582356571] [motor_controller_pid]: Left motor is saturated
[WARN] [1784056625.632016981] [motor_controller_pid]: Left motor is saturated
[WARN] [1784056625.684996501] [motor_controller_pid]: Left motor is saturated
[WARN] [1784056625.733293701] [motor_controller_pid]: Left motor is saturated
[WARN] [1784056625.782274367] [motor_controller_pid]: Left motor is saturated
[WARN] [1784056625.831889352] [motor_controller_pid]: Left motor is saturated
[WARN] [1784056625.885087076] [motor_controller_pid]: Left motor is saturated
[WARN] [1784056625.932546957] [motor_controller_pid]: Left motor is saturated
[WARN] [1784056625.984369786] [motor_controller_pid]: Left motor is saturated
[WARN] [1784056626.033196118] [motor_controller_pid]: Left motor is saturated
[WARN] [1784056626.083754052] [motor_controller_pid]: Left motor is saturated
[WARN] [1784056626.132262198] [motor_controller_pid]: Left motor is saturated
[WARN] [1784056626.185381792] [motor_controller_pid]: Left motor is saturated
[WARN] [1784056626.231888539] [motor_controller_pid]: Left motor is saturated
[WARN] [1784056626.284896003] [motor_controller_pid]: Left motor is saturated
[WARN] [1784056626.335239343] [motor_controller_pid]: Left motor is saturated
[WARN] [1784056626.382512668] [motor_controller_pid]: Left motor is saturated
[WARN] [1784056626.431813317] [motor_controller_pid]: Left motor is saturated
[WARN] [1784056626.483653627] [motor_controller_pid]: Left motor is saturated
[WARN] [1784056626.533271482] [motor_controller_pid]: Left motor is saturated
[WARN] [1784056626.583393691] [motor_controller_pid]: Left motor is saturated
[WARN] [1784056626.632337784] [motor_controller_pid]: Left motor is saturated
[WARN] [1784056626.682493937] [motor_controller_pid]: Left motor is saturated
[WARN] [1784056626.733490077] [motor_controller_pid]: Left motor is saturated
[WARN] [1784056626.783497748] [motor_controller_pid]: Left motor is saturated
[WARN] [1784056626.831868412] [motor_controller_pid]: Left motor is saturated
[WARN] [1784056626.884419707] [motor_controller_pid]: Left motor is saturated
[WARN] [1784056626.931944366] [motor_controller_pid]: Left motor is saturated
[WARN] [1784056626.983517527] [motor_controller_pid]: Left motor is saturated
[WARN] [1784056627.032272896] [motor_controller_pid]: Left motor is saturated
[WARN] [1784056627.084013428] [motor_controller_pid]: Left motor is saturated
[WARN] [1784056627.133655487] [motor_controller_pid]: Left motor is saturated
[WARN] [1784056627.185997207] [motor_controller_pid]: Left motor is saturated
[WARN] [1784056627.234672261] [motor_controller_pid]: Left motor is saturated
[WARN] [1784056627.283576816] [motor_controller_pid]: Left motor is saturated
[WARN] [1784056627.334256213] [motor_controller_pid]: Left motor is saturated
[WARN] [1784056627.384350218] [motor_controller_pid]: Left motor is saturated
[WARN] [1784056627.432127064] [motor_controller_pid]: Left motor is saturated
[WARN] [1784056627.484553377] [motor_controller_pid]: Left motor is saturated
[WARN] [1784056627.532314278] [motor_controller_pid]: Left motor is saturated
[WARN] [1784056627.586371507] [motor_controller_pid]: Left motor is saturated
[WARN] [1784056627.631910008] [motor_controller_pid]: Left motor is saturated
[WARN] [1784056627.683528540] [motor_controller_pid]: Left motor is saturated
[WARN] [1784056627.732150482] [motor_controller_pid]: Left motor is saturated
[WARN] [1784056627.783509197] [motor_controller_pid]: Left motor is saturated
[WARN] [1784056627.832158862] [motor_controller_pid]: Left motor is saturated
[WARN] [1784056627.883885487] [motor_controller_pid]: Left motor is saturated
[WARN] [1784056627.931859685] [motor_controller_pid]: Left motor is saturated
[WARN] [1784056627.983767533] [motor_controller_pid]: Left motor is saturated
[WARN] [1784056628.032262660] [motor_controller_pid]: Left motor is saturated
[WARN] [1784056633.531660358] [motor_controller_pid]: Command timeout; stopping motors
[WARN] [1784056641.882066967] [motor_controller_pid]: Command timeout; stopping motors
[WARN] [1784056672.082211309] [motor_controller_pid]: Command timeout; stopping motors
[WARN] [1784056675.884673005] [motor_controller_pid]: Command timeout; stopping motors
[WARN] [1784056684.182765062] [motor_controller_pid]: Command timeout; stopping motors
[WARN] [1784056693.584012203] [motor_controller_pid]: Command timeout; stopping motors
[WARN] [1784056701.782062527] [motor_controller_pid]: Command timeout; stopping motors
[WARN] [1784056723.684042924] [motor_controller_pid]: Command timeout; stopping motors
[WARN] [1784056731.931744418] [motor_controller_pid]: Command timeout; stopping motors
[WARN] [1784056741.682249701] [motor_controller_pid]: Command timeout; stopping motors
[WARN] [1784056749.931711037] [motor_controller_pid]: Command timeout; stopping motors
[WARN] [1784056759.583914392] [motor_controller_pid]: Command timeout; stopping motors
[WARN] [1784056767.882388395] [motor_controller_pid]: Command timeout; stopping motors
[WARN] [1784056813.681869860] [motor_controller_pid]: Command timeout; stopping motors
[WARN] [1784056821.931649920] [motor_controller_pid]: Command timeout; stopping motors
[WARN] [1784056831.582362694] [motor_controller_pid]: Command timeout; stopping motors
[WARN] [1784056839.882212148] [motor_controller_pid]: Command timeout; stopping motors
[WARN] [1784056851.382154746] [motor_controller_pid]: Command timeout; stopping motors
[WARN] [1784057152.582002395] [motor_controller_pid]: Command timeout; stopping motors
[WARN] [1784057187.531895012] [motor_controller_pid]: Command timeout; stopping motors
[WARN] [1784057195.882943292] [motor_controller_pid]: Command timeout; stopping motors
[WARN] [1784057205.482264925] [motor_controller_pid]: Command timeout; stopping motors
[WARN] [1784057213.882876262] [motor_controller_pid]: Command timeout; stopping motors
[WARN] [1784057223.482112728] [motor_controller_pid]: Command timeout; stopping motors
[WARN] [1784057231.882988012] [motor_controller_pid]: Command timeout; stopping motors
[WARN] [1784057327.282316147] [motor_controller_pid]: Command timeout; stopping motors
