[INFO] [1775788657.438150609] [motor_controller]: Motor Controller Node started
[INFO] [1775788776.243322388] [motor_controller]: cmd_vel -> linear=0.45, angular=0.00, left=0.18, right=0.18
[INFO] [1775788776.769157495] [motor_controller]: cmd_vel -> linear=0.45, angular=0.00, left=0.18, right=0.18
[INFO] [1775788776.884192411] [motor_controller]: cmd_vel -> linear=0.45, angular=0.00, left=0.18, right=0.18
[INFO] [1775788777.000000700] [motor_controller]: cmd_vel -> linear=0.45, angular=0.00, left=0.18, right=0.18
[INFO] [1775788777.525059545] [motor_controller]: cmd_vel -> linear=0.00, angular=2.00, left=-0.18, right=0.18
[INFO] [1775788777.755498766] [motor_controller]: cmd_vel -> linear=0.45, angular=0.00, left=0.18, right=0.18
[INFO] [1775788778.221098975] [motor_controller]: cmd_vel -> linear=0.45, angular=0.00, left=0.18, right=0.18
[INFO] [1775788778.335979205] [motor_controller]: cmd_vel -> linear=0.45, angular=0.00, left=0.18, right=0.18
[INFO] [1775788779.091754309] [motor_controller]: cmd_vel -> linear=-0.45, angular=0.00, left=-0.18, right=-0.18
[INFO] [1775788779.616240576] [motor_controller]: cmd_vel -> linear=-0.45, angular=0.00, left=-0.18, right=-0.18
[INFO] [1775788779.671797875] [motor_controller]: cmd_vel -> linear=-0.45, angular=0.00, left=-0.18, right=-0.18
[INFO] [1775788780.485437550] [motor_controller]: cmd_vel -> linear=0.00, angular=-2.00, left=0.18, right=-0.18
[INFO] [1775788781.010729803] [motor_controller]: cmd_vel -> linear=0.00, angular=-2.00, left=0.18, right=-0.18
[INFO] [1775788781.130059093] [motor_controller]: cmd_vel -> linear=0.00, angular=-2.00, left=0.18, right=-0.18
[INFO] [1775788781.188418074] [motor_controller]: cmd_vel -> linear=0.00, angular=-2.00, left=0.18, right=-0.18
[INFO] [1775788781.302338242] [motor_controller]: cmd_vel -> linear=0.00, angular=-2.00, left=0.18, right=-0.18
[INFO] [1775788781.363747869] [motor_controller]: cmd_vel -> linear=0.00, angular=-2.00, left=0.18, right=-0.18
[INFO] [1775788781.420931307] [motor_controller]: cmd_vel -> linear=0.00, angular=-2.00, left=0.18, right=-0.18
[INFO] [1775788781.538353031] [motor_controller]: cmd_vel -> linear=0.00, angular=-2.00, left=0.18, right=-0.18
[INFO] [1775788781.653441576] [motor_controller]: cmd_vel -> linear=0.00, angular=-2.00, left=0.18, right=-0.18
[INFO] [1775788782.177795472] [motor_controller]: cmd_vel -> linear=0.00, angular=-2.00, left=0.18, right=-0.18
[INFO] [1775788782.234381721] [motor_controller]: cmd_vel -> linear=0.00, angular=-2.00, left=0.18, right=-0.18
[INFO] [1775788782.292315589] [motor_controller]: cmd_vel -> linear=0.00, angular=-2.00, left=0.18, right=-0.18
[INFO] [1775788782.468659649] [motor_controller]: cmd_vel -> linear=0.00, angular=-2.00, left=0.18, right=-0.18
[INFO] [1775788782.469993767] [motor_controller]: cmd_vel -> linear=0.00, angular=-2.00, left=0.18, right=-0.18
[INFO] [1775788784.160643069] [motor_controller]: cmd_vel -> linear=0.00, angular=-2.00, left=0.18, right=-0.18
[INFO] [1775788784.982092378] [motor_controller]: cmd_vel -> linear=0.45, angular=0.00, left=0.18, right=0.18
[INFO] [1775788785.509237567] [motor_controller]: cmd_vel -> linear=0.45, angular=0.00, left=0.18, right=0.18
[INFO] [1775788785.570229118] [motor_controller]: cmd_vel -> linear=0.45, angular=0.00, left=0.18, right=0.18
[INFO] [1775788785.629324028] [motor_controller]: cmd_vel -> linear=0.45, angular=0.00, left=0.18, right=0.18
[INFO] [1775788785.743315882] [motor_controller]: cmd_vel -> linear=0.45, angular=0.00, left=0.18, right=0.18
[INFO] [1775788785.864010532] [motor_controller]: cmd_vel -> linear=0.45, angular=0.00, left=0.18, right=0.18
[INFO] [1775788785.922346198] [motor_controller]: cmd_vel -> linear=0.45, angular=0.00, left=0.18, right=0.18
[INFO] [1775788786.041334357] [motor_controller]: cmd_vel -> linear=0.45, angular=0.00, left=0.18, right=0.18
[INFO] [1775788786.155210562] [motor_controller]: cmd_vel -> linear=0.00, angular=2.00, left=-0.18, right=0.18
[INFO] [1775788786.685145766] [motor_controller]: cmd_vel -> linear=0.00, angular=2.00, left=-0.18, right=0.18
[INFO] [1775788786.687847354] [motor_controller]: cmd_vel -> linear=0.45, angular=0.00, left=0.18, right=0.18
[INFO] [1775788787.201209561] [motor_controller]: cmd_vel -> linear=0.45, angular=0.00, left=0.18, right=0.18
[INFO] [1775788787.259244429] [motor_controller]: cmd_vel -> linear=0.45, angular=0.00, left=0.18, right=0.18
[INFO] [1775788787.375481777] [motor_controller]: cmd_vel -> linear=0.45, angular=0.00, left=0.18, right=0.18
[INFO] [1775788787.431523356] [motor_controller]: cmd_vel -> linear=0.45, angular=0.00, left=0.18, right=0.18
[INFO] [1775788787.547754852] [motor_controller]: cmd_vel -> linear=0.45, angular=0.00, left=0.18, right=0.18
[INFO] [1775788787.604102155] [motor_controller]: cmd_vel -> linear=0.45, angular=0.00, left=0.18, right=0.18
[INFO] [1775788787.721799252] [motor_controller]: cmd_vel -> linear=0.45, angular=0.00, left=0.18, right=0.18
[INFO] [1775788787.780771884] [motor_controller]: cmd_vel -> linear=0.00, angular=2.00, left=-0.18, right=0.18
[INFO] [1775788788.184619428] [motor_controller]: cmd_vel -> linear=0.45, angular=0.00, left=0.18, right=0.18
[INFO] [1775788788.647215343] [motor_controller]: cmd_vel -> linear=0.00, angular=-2.00, left=0.18, right=-0.18
[INFO] [1775788788.819619456] [motor_controller]: cmd_vel -> linear=0.45, angular=0.00, left=0.18, right=0.18
[INFO] [1775788788.994780732] [motor_controller]: cmd_vel -> linear=0.00, angular=-2.00, left=0.18, right=-0.18
[INFO] [1775788789.342622400] [motor_controller]: cmd_vel -> linear=0.00, angular=-2.00, left=0.18, right=-0.18
[INFO] [1775788789.860406168] [motor_controller]: cmd_vel -> linear=0.00, angular=-2.00, left=0.18, right=-0.18
[INFO] [1775788790.629696475] [motor_controller]: cmd_vel -> linear=0.00, angular=2.00, left=-0.18, right=0.18
[INFO] [1775788790.860147604] [motor_controller]: cmd_vel -> linear=0.00, angular=2.00, left=-0.18, right=0.18
[INFO] [1775788791.499708101] [motor_controller]: cmd_vel -> linear=0.00, angular=-2.00, left=0.18, right=-0.18
[INFO] [1775788792.957036777] [motor_controller]: cmd_vel -> linear=0.45, angular=0.00, left=0.18, right=0.18
[INFO] [1775788793.441138253] [motor_controller]: cmd_vel -> linear=0.45, angular=0.00, left=0.18, right=0.18
[INFO] [1775788793.497696520] [motor_controller]: cmd_vel -> linear=0.45, angular=0.00, left=0.18, right=0.18
[INFO] [1775788793.613288161] [motor_controller]: cmd_vel -> linear=0.45, angular=0.00, left=0.18, right=0.18
[INFO] [1775788793.672616832] [motor_controller]: cmd_vel -> linear=0.45, angular=0.00, left=0.18, right=0.18
[INFO] [1775788793.789283478] [motor_controller]: cmd_vel -> linear=0.45, angular=0.00, left=0.18, right=0.18
[INFO] [1775788793.846922011] [motor_controller]: cmd_vel -> linear=0.45, angular=0.00, left=0.18, right=0.18
[INFO] [1775788793.963747047] [motor_controller]: cmd_vel -> linear=0.45, angular=0.00, left=0.18, right=0.18
[INFO] [1775788794.021466598] [motor_controller]: cmd_vel -> linear=0.45, angular=0.00, left=0.18, right=0.18
[INFO] [1775788794.078546461] [motor_controller]: cmd_vel -> linear=0.45, angular=0.00, left=0.18, right=0.18
[INFO] [1775788794.195879388] [motor_controller]: cmd_vel -> linear=0.45, angular=0.00, left=0.18, right=0.18
[INFO] [1775788794.255834711] [motor_controller]: cmd_vel -> linear=0.45, angular=0.00, left=0.18, right=0.18
[INFO] [1775788794.372496172] [motor_controller]: cmd_vel -> linear=0.00, angular=2.00, left=-0.18, right=0.18
[INFO] [1775788794.836935320] [motor_controller]: cmd_vel -> linear=0.00, angular=2.00, left=-0.18, right=0.18
[INFO] [1775788795.241912333] [motor_controller]: cmd_vel -> linear=-0.45, angular=0.00, left=-0.18, right=-0.18
[INFO] [1775788795.704198431] [motor_controller]: cmd_vel -> linear=-0.45, angular=0.00, left=-0.18, right=-0.18
[INFO] [1775788795.818998068] [motor_controller]: cmd_vel -> linear=-0.45, angular=0.00, left=-0.18, right=-0.18
[INFO] [1775788795.879719469] [motor_controller]: cmd_vel -> linear=-0.45, angular=0.00, left=-0.18, right=-0.18
[INFO] [1775788795.936089902] [motor_controller]: cmd_vel -> linear=-0.45, angular=0.00, left=-0.18, right=-0.18
[INFO] [1775788796.052773307] [motor_controller]: cmd_vel -> linear=-0.45, angular=0.00, left=-0.18, right=-0.18
[INFO] [1775788799.578289521] [motor_controller]: cmd_vel -> linear=0.00, angular=-2.00, left=0.18, right=-0.18
[INFO] [1775788800.108165131] [motor_controller]: cmd_vel -> linear=0.00, angular=-2.00, left=0.18, right=-0.18
[INFO] [1775788800.221680520] [motor_controller]: cmd_vel -> linear=0.00, angular=-2.00, left=0.18, right=-0.18
[INFO] [1775788800.279671591] [motor_controller]: cmd_vel -> linear=0.00, angular=-2.00, left=0.18, right=-0.18
[INFO] [1775788800.395229176] [motor_controller]: cmd_vel -> linear=0.00, angular=-2.00, left=0.18, right=-0.18
[INFO] [1775788800.453023802] [motor_controller]: cmd_vel -> linear=0.00, angular=-2.00, left=0.18, right=-0.18
[INFO] [1775788800.514764894] [motor_controller]: cmd_vel -> linear=0.00, angular=-2.00, left=0.18, right=-0.18
[INFO] [1775788800.635681896] [motor_controller]: cmd_vel -> linear=0.00, angular=-2.00, left=0.18, right=-0.18
[INFO] [1775788800.695411699] [motor_controller]: cmd_vel -> linear=0.00, angular=-2.00, left=0.18, right=-0.18
[INFO] [1775788800.751477964] [motor_controller]: cmd_vel -> linear=0.00, angular=-2.00, left=0.18, right=-0.18
[INFO] [1775788800.873210878] [motor_controller]: cmd_vel -> linear=0.00, angular=-2.00, left=0.18, right=-0.18
[INFO] [1775788800.930630632] [motor_controller]: cmd_vel -> linear=0.00, angular=-2.00, left=0.18, right=-0.18
[INFO] [1775788801.045802751] [motor_controller]: cmd_vel -> linear=0.00, angular=-2.00, left=0.18, right=-0.18
[INFO] [1775788801.105228719] [motor_controller]: cmd_vel -> linear=0.00, angular=-2.00, left=0.18, right=-0.18
[INFO] [1775788801.223408892] [motor_controller]: cmd_vel -> linear=0.00, angular=-2.00, left=0.18, right=-0.18
[INFO] [1775788801.283927311] [motor_controller]: cmd_vel -> linear=0.00, angular=-2.00, left=0.18, right=-0.18
[INFO] [1775788801.340882117] [motor_controller]: cmd_vel -> linear=0.00, angular=-2.00, left=0.18, right=-0.18
[INFO] [1775788801.454554044] [motor_controller]: cmd_vel -> linear=0.00, angular=-2.00, left=0.18, right=-0.18
[INFO] [1775788801.512776783] [motor_controller]: cmd_vel -> linear=0.00, angular=-2.00, left=0.18, right=-0.18
[INFO] [1775788801.632904281] [motor_controller]: cmd_vel -> linear=0.00, angular=-2.00, left=0.18, right=-0.18
[INFO] [1775788801.689241807] [motor_controller]: cmd_vel -> linear=0.00, angular=-2.00, left=0.18, right=-0.18
[INFO] [1775788801.746290706] [motor_controller]: cmd_vel -> linear=0.00, angular=-2.00, left=0.18, right=-0.18
[INFO] [1775788801.860494228] [motor_controller]: cmd_vel -> linear=0.00, angular=-2.00, left=0.18, right=-0.18
[INFO] [1775788801.981121026] [motor_controller]: cmd_vel -> linear=0.00, angular=-2.00, left=0.18, right=-0.18
[INFO] [1775788802.272935966] [motor_controller]: cmd_vel -> linear=-0.45, angular=0.00, left=-0.18, right=-0.18
[INFO] [1775788803.255220975] [motor_controller]: cmd_vel -> linear=0.45, angular=0.00, left=0.18, right=0.18
[INFO] [1775788803.779134591] [motor_controller]: cmd_vel -> linear=0.45, angular=0.00, left=0.18, right=0.18
[INFO] [1775788804.567188257] [motor_controller]: cmd_vel -> linear=0.00, angular=2.00, left=-0.18, right=0.18
[INFO] [1775788805.147081489] [motor_controller]: cmd_vel -> linear=0.00, angular=2.00, left=-0.18, right=0.18
[INFO] [1775788805.611229561] [motor_controller]: cmd_vel -> linear=0.00, angular=2.00, left=-0.18, right=0.18
[INFO] [1775788806.948148663] [motor_controller]: cmd_vel -> linear=0.00, angular=2.00, left=-0.18, right=0.18
[INFO] [1775788807.470932791] [motor_controller]: cmd_vel -> linear=0.00, angular=2.00, left=-0.18, right=0.18
[INFO] [1775788807.530240148] [motor_controller]: cmd_vel -> linear=0.00, angular=2.00, left=-0.18, right=0.18
[INFO] [1775788807.586917304] [motor_controller]: cmd_vel -> linear=0.00, angular=2.00, left=-0.18, right=0.18
[INFO] [1775788808.455319774] [motor_controller]: cmd_vel -> linear=0.00, angular=-2.00, left=0.18, right=-0.18
[INFO] [1775788809.329110513] [motor_controller]: cmd_vel -> linear=0.00, angular=2.00, left=-0.18, right=0.18
[INFO] [1775788810.914661639] [motor_controller]: cmd_vel -> linear=0.00, angular=2.00, left=-0.18, right=0.18
[INFO] [1775788818.847959443] [motor_controller]: cmd_vel -> linear=0.00, angular=0.00, left=0.00, right=0.00
[INFO] [1775788818.851900797] [motor_controller]: cmd_vel -> linear=0.00, angular=0.00, left=0.00, right=0.00
[INFO] [1775788931.278575843] [motor_controller]: cmd_vel -> linear=0.04, angular=-0.02, left=0.00, right=0.00
[INFO] [1775788931.480994955] [motor_controller]: cmd_vel -> linear=0.06, angular=-0.10, left=0.10, right=0.00
[INFO] [1775788931.586938843] [motor_controller]: cmd_vel -> linear=0.09, angular=-0.22, left=0.10, right=0.00
[INFO] [1775788931.785026098] [motor_controller]: cmd_vel -> linear=0.09, angular=-0.24, left=0.10, right=0.00
[INFO] [1775788931.879306811] [motor_controller]: cmd_vel -> linear=0.08, angular=-0.33, left=0.10, right=0.00
[INFO] [1775788932.078549592] [motor_controller]: cmd_vel -> linear=0.08, angular=-0.35, left=0.10, right=0.00
[INFO] [1775788932.182966526] [motor_controller]: cmd_vel -> linear=0.09, angular=-0.34, left=0.10, right=0.00
[INFO] [1775788932.380528724] [motor_controller]: cmd_vel -> linear=0.10, angular=-0.34, left=0.10, right=0.00
[INFO] [1775788932.475000105] [motor_controller]: cmd_vel -> linear=0.11, angular=-0.30, left=0.10, right=0.00
[INFO] [1775788932.678743983] [motor_controller]: cmd_vel -> linear=0.11, angular=-0.32, left=0.10, right=0.00
[INFO] [1775788932.776951014] [motor_controller]: cmd_vel -> linear=0.13, angular=-0.30, left=0.10, right=0.10
[INFO] [1775788932.982045585] [motor_controller]: cmd_vel -> linear=0.13, angular=-0.28, left=0.10, right=0.10
[INFO] [1775788933.074161083] [motor_controller]: cmd_vel -> linear=0.12, angular=-0.29, left=0.10, right=0.10
[INFO] [1775788933.279622675] [motor_controller]: cmd_vel -> linear=0.12, angular=-0.30, left=0.10, right=0.10
[INFO] [1775788933.383196438] [motor_controller]: cmd_vel -> linear=0.12, angular=-0.33, left=0.10, right=0.00
[INFO] [1775788933.578548383] [motor_controller]: cmd_vel -> linear=0.12, angular=-0.33, left=0.10, right=0.00
[INFO] [1775788933.682134313] [motor_controller]: cmd_vel -> linear=0.14, angular=-0.34, left=0.10, right=0.10
[INFO] [1775788933.886726196] [motor_controller]: cmd_vel -> linear=0.14, angular=-0.33, left=0.10, right=0.10
[INFO] [1775788933.982504621] [motor_controller]: cmd_vel -> linear=0.14, angular=-0.36, left=0.10, right=0.10
[INFO] [1775788934.187825638] [motor_controller]: cmd_vel -> linear=0.14, angular=-0.37, left=0.10, right=0.10
[INFO] [1775788934.285491759] [motor_controller]: cmd_vel -> linear=0.15, angular=-0.38, left=0.10, right=0.10
[INFO] [1775788934.482259711] [motor_controller]: cmd_vel -> linear=0.15, angular=-0.38, left=0.10, right=0.10
[INFO] [1775788934.577155113] [motor_controller]: cmd_vel -> linear=0.14, angular=-0.36, left=0.10, right=0.10
[INFO] [1775788934.784504363] [motor_controller]: cmd_vel -> linear=0.14, angular=-0.37, left=0.10, right=0.10
[INFO] [1775788934.878850891] [motor_controller]: cmd_vel -> linear=0.14, angular=-0.38, left=0.10, right=0.10
[INFO] [1775788935.075568417] [motor_controller]: cmd_vel -> linear=0.14, angular=-0.39, left=0.10, right=0.10
[INFO] [1775788935.179087143] [motor_controller]: cmd_vel -> linear=0.15, angular=-0.41, left=0.10, right=0.10
[INFO] [1775788935.379296595] [motor_controller]: cmd_vel -> linear=0.15, angular=-0.41, left=0.10, right=0.10
[INFO] [1775788935.482411171] [motor_controller]: cmd_vel -> linear=0.14, angular=-0.40, left=0.10, right=0.10
[INFO] [1775788935.679972665] [motor_controller]: cmd_vel -> linear=0.14, angular=-0.40, left=0.10, right=0.10
[INFO] [1775788935.781708770] [motor_controller]: cmd_vel -> linear=0.14, angular=-0.40, left=0.10, right=0.10
[INFO] [1775788935.974591386] [motor_controller]: cmd_vel -> linear=0.14, angular=-0.38, left=0.10, right=0.10
[INFO] [1775788936.085232651] [motor_controller]: cmd_vel -> linear=0.15, angular=-0.39, left=0.10, right=0.10
[INFO] [1775788936.285236102] [motor_controller]: cmd_vel -> linear=0.15, angular=-0.40, left=0.10, right=0.10
[INFO] [1775788936.378994109] [motor_controller]: cmd_vel -> linear=0.17, angular=-0.39, left=0.10, right=0.10
[INFO] [1775788936.581462536] [motor_controller]: cmd_vel -> linear=0.17, angular=-0.39, left=0.10, right=0.10
[INFO] [1775788936.685573006] [motor_controller]: cmd_vel -> linear=0.16, angular=-0.38, left=0.10, right=0.10
[INFO] [1775788936.881670381] [motor_controller]: cmd_vel -> linear=0.18, angular=-0.39, left=0.11, right=0.10
[INFO] [1775788936.986210372] [motor_controller]: cmd_vel -> linear=0.19, angular=-0.42, left=0.11, right=0.10
[INFO] [1775788937.179590954] [motor_controller]: cmd_vel -> linear=0.19, angular=-0.42, left=0.11, right=0.10
[INFO] [1775788937.287201572] [motor_controller]: cmd_vel -> linear=0.18, angular=-0.43, left=0.11, right=0.10
[INFO] [1775788937.481086953] [motor_controller]: cmd_vel -> linear=0.17, angular=-0.44, left=0.11, right=0.10
[INFO] [1775788937.580788899] [motor_controller]: cmd_vel -> linear=0.17, angular=-0.44, left=0.11, right=0.10
[INFO] [1775788937.786499381] [motor_controller]: cmd_vel -> linear=0.16, angular=-0.43, left=0.10, right=0.10
[INFO] [1775788937.879144234] [motor_controller]: cmd_vel -> linear=0.16, angular=-0.44, left=0.10, right=0.10
[INFO] [1775788938.074219844] [motor_controller]: cmd_vel -> linear=0.16, angular=-0.47, left=0.11, right=0.00
[INFO] [1775788938.181587665] [motor_controller]: cmd_vel -> linear=0.15, angular=-0.47, left=0.10, right=0.00
[INFO] [1775788938.378545655] [motor_controller]: cmd_vel -> linear=0.14, angular=-0.47, left=0.10, right=0.00
[INFO] [1775788938.480957875] [motor_controller]: cmd_vel -> linear=0.09, angular=-0.48, left=0.10, right=0.00
[INFO] [1775788938.680014451] [motor_controller]: cmd_vel -> linear=0.08, angular=-0.51, left=0.10, right=0.00
[INFO] [1775788938.783670715] [motor_controller]: cmd_vel -> linear=0.02, angular=-0.57, left=0.10, right=-0.10
[INFO] [1775788938.878071077] [motor_controller]: cmd_vel -> linear=0.03, angular=-0.61, left=0.10, right=-0.10
[INFO] [1775788939.076118999] [motor_controller]: cmd_vel -> linear=0.00, angular=-0.62, left=0.10, right=-0.10
[INFO] [1775788939.283874862] [motor_controller]: cmd_vel -> linear=0.02, angular=-0.66, left=0.10, right=-0.10
[INFO] [1775788939.376815586] [motor_controller]: cmd_vel -> linear=0.03, angular=-0.64, left=0.10, right=-0.10
[INFO] [1775788939.582321697] [motor_controller]: cmd_vel -> linear=0.02, angular=-0.62, left=0.10, right=-0.10
[INFO] [1775788939.679375870] [motor_controller]: cmd_vel -> linear=-0.05, angular=-0.65, left=0.10, right=-0.10
[INFO] [1775788939.781307439] [motor_controller]: cmd_vel -> linear=-0.09, angular=-0.64, left=0.10, right=-0.10
[INFO] [1775788939.975476025] [motor_controller]: cmd_vel -> linear=-0.11, angular=-0.67, left=0.00, right=-0.11
[INFO] [1775788940.178469641] [motor_controller]: cmd_vel -> linear=-0.14, angular=-0.66, left=0.00, right=-0.11
[INFO] [1775788940.280899528] [motor_controller]: cmd_vel -> linear=-0.14, angular=-0.64, left=0.00, right=-0.11
[INFO] [1775788940.381787017] [motor_controller]: cmd_vel -> linear=-0.14, angular=-0.64, left=0.00, right=-0.11
[INFO] [1775788940.577777132] [motor_controller]: cmd_vel -> linear=-0.14, angular=-0.67, left=0.00, right=-0.12
[INFO] [1775788940.775034383] [motor_controller]: cmd_vel -> linear=-0.22, angular=-0.60, left=-0.10, right=-0.14
[INFO] [1775788940.880592009] [motor_controller]: cmd_vel -> linear=-0.26, angular=-0.61, left=-0.10, right=-0.16
[INFO] [1775788940.982841043] [motor_controller]: cmd_vel -> linear=-0.26, angular=-0.62, left=-0.10, right=-0.16
[INFO] [1775788941.176305440] [motor_controller]: cmd_vel -> linear=-0.26, angular=-0.62, left=-0.10, right=-0.16
[INFO] [1775788941.279564202] [motor_controller]: cmd_vel -> linear=-0.24, angular=-0.58, left=-0.10, right=-0.15
[INFO] [1775788941.473863493] [motor_controller]: cmd_vel -> linear=-0.24, angular=-0.59, left=-0.10, right=-0.15
[INFO] [1775788941.680204978] [motor_controller]: cmd_vel -> linear=-0.24, angular=-0.58, left=-0.10, right=-0.15
[INFO] [1775788941.778766492] [motor_controller]: cmd_vel -> linear=-0.23, angular=-0.64, left=-0.10, right=-0.15
[INFO] [1775788941.881935513] [motor_controller]: cmd_vel -> linear=-0.21, angular=-0.63, left=-0.10, right=-0.14
[INFO] [1775788942.077474810] [motor_controller]: cmd_vel -> linear=-0.23, angular=-0.61, left=-0.10, right=-0.15
[INFO] [1775788942.178608635] [motor_controller]: cmd_vel -> linear=-0.23, angular=-0.62, left=-0.10, right=-0.15
[INFO] [1775788942.378281825] [motor_controller]: cmd_vel -> linear=-0.23, angular=-0.65, left=-0.10, right=-0.15
[INFO] [1775788942.478799849] [motor_controller]: cmd_vel -> linear=-0.24, angular=-0.62, left=-0.10, right=-0.15
[INFO] [1775788942.677656183] [motor_controller]: cmd_vel -> linear=-0.28, angular=-0.64, left=-0.10, right=-0.17
[INFO] [1775788942.778780267] [motor_controller]: cmd_vel -> linear=-0.25, angular=-0.64, left=-0.10, right=-0.16
[INFO] [1775788942.983491151] [motor_controller]: cmd_vel -> linear=-0.26, angular=-0.61, left=-0.10, right=-0.16
[INFO] [1775788943.078583572] [motor_controller]: cmd_vel -> linear=-0.31, angular=-0.59, left=-0.10, right=-0.18
[INFO] [1775788943.279799937] [motor_controller]: cmd_vel -> linear=-0.31, angular=-0.59, left=-0.10, right=-0.18
[INFO] [1775788943.385297618] [motor_controller]: cmd_vel -> linear=-0.27, angular=-0.64, left=-0.10, right=-0.17
[INFO] [1775788943.577318304] [motor_controller]: cmd_vel -> linear=-0.30, angular=-0.65, left=-0.10, right=-0.18
[INFO] [1775788943.678990168] [motor_controller]: cmd_vel -> linear=-0.32, angular=-0.60, left=-0.10, right=-0.18
[INFO] [1775788943.875892010] [motor_controller]: cmd_vel -> linear=-0.32, angular=-0.62, left=-0.10, right=-0.18
[INFO] [1775788943.978437546] [motor_controller]: cmd_vel -> linear=-0.30, angular=-0.61, left=-0.10, right=-0.18
[INFO] [1775788944.178888018] [motor_controller]: cmd_vel -> linear=-0.31, angular=-0.63, left=-0.10, right=-0.18
[INFO] [1775788944.279560414] [motor_controller]: cmd_vel -> linear=-0.32, angular=-0.59, left=-0.10, right=-0.18
[INFO] [1775788944.475464065] [motor_controller]: cmd_vel -> linear=-0.32, angular=-0.64, left=-0.10, right=-0.19
[INFO] [1775788944.580361502] [motor_controller]: cmd_vel -> linear=-0.32, angular=-0.59, left=-0.10, right=-0.18
[INFO] [1775788944.774791053] [motor_controller]: cmd_vel -> linear=-0.32, angular=-0.60, left=-0.10, right=-0.18
[INFO] [1775788944.878280945] [motor_controller]: cmd_vel -> linear=-0.32, angular=-0.63, left=-0.10, right=-0.19
[INFO] [1775788945.075242102] [motor_controller]: cmd_vel -> linear=-0.31, angular=-0.64, left=-0.10, right=-0.18
[INFO] [1775788945.179251165] [motor_controller]: cmd_vel -> linear=-0.32, angular=-0.66, left=-0.10, right=-0.19
[INFO] [1775788945.376215784] [motor_controller]: cmd_vel -> linear=-0.33, angular=-0.68, left=-0.10, right=-0.19
[INFO] [1775788945.481894485] [motor_controller]: cmd_vel -> linear=-0.32, angular=-0.66, left=-0.10, right=-0.19
[INFO] [1775788945.678780512] [motor_controller]: cmd_vel -> linear=-0.31, angular=-0.65, left=-0.10, right=-0.18
[INFO] [1775788945.786348075] [motor_controller]: cmd_vel -> linear=-0.30, angular=-0.63, left=-0.10, right=-0.18
[INFO] [1775788945.984365478] [motor_controller]: cmd_vel -> linear=-0.31, angular=-0.61, left=-0.10, right=-0.18
[INFO] [1775788946.074908375] [motor_controller]: cmd_vel -> linear=-0.32, angular=-0.66, left=-0.10, right=-0.19
[INFO] [1775788946.280350096] [motor_controller]: cmd_vel -> linear=-0.32, angular=-0.66, left=-0.10, right=-0.19
[INFO] [1775788946.386915117] [motor_controller]: cmd_vel -> linear=-0.32, angular=-0.61, left=-0.10, right=-0.18
[INFO] [1775788946.582136320] [motor_controller]: cmd_vel -> linear=-0.29, angular=-0.64, left=-0.10, right=-0.17
[INFO] [1775788946.687263147] [motor_controller]: cmd_vel -> linear=-0.27, angular=-0.63, left=-0.10, right=-0.17
[INFO] [1775788946.880041911] [motor_controller]: cmd_vel -> linear=-0.28, angular=-0.59, left=-0.10, right=-0.16
[INFO] [1775788946.974429051] [motor_controller]: cmd_vel -> linear=-0.30, angular=-0.58, left=-0.10, right=-0.17
[INFO] [1775788947.179722771] [motor_controller]: cmd_vel -> linear=-0.31, angular=-0.56, left=-0.10, right=-0.18
[INFO] [1775788947.284017187] [motor_controller]: cmd_vel -> linear=-0.34, angular=-0.60, left=-0.10, right=-0.19
[INFO] [1775788947.477133582] [motor_controller]: cmd_vel -> linear=-0.33, angular=-0.61, left=-0.10, right=-0.19
[INFO] [1775788947.584470829] [motor_controller]: cmd_vel -> linear=-0.30, angular=-0.58, left=-0.10, right=-0.17
[INFO] [1775788947.777749003] [motor_controller]: cmd_vel -> linear=-0.29, angular=-0.59, left=-0.10, right=-0.17
[INFO] [1775788947.876334165] [motor_controller]: cmd_vel -> linear=-0.30, angular=-0.63, left=-0.10, right=-0.18
[INFO] [1775788948.082162666] [motor_controller]: cmd_vel -> linear=-0.32, angular=-0.57, left=-0.10, right=-0.18
[INFO] [1775788948.187458143] [motor_controller]: cmd_vel -> linear=-0.31, angular=-0.55, left=-0.10, right=-0.17
[INFO] [1775788948.383665833] [motor_controller]: cmd_vel -> linear=-0.31, angular=-0.54, left=-0.10, right=-0.17
[INFO] [1775788948.479867204] [motor_controller]: cmd_vel -> linear=-0.32, angular=-0.54, left=-0.10, right=-0.18
[INFO] [1775788948.678829372] [motor_controller]: cmd_vel -> linear=-0.32, angular=-0.54, left=-0.10, right=-0.18
[INFO] [1775788948.779541490] [motor_controller]: cmd_vel -> linear=-0.31, angular=-0.61, left=-0.10, right=-0.18
[INFO] [1775788948.974991158] [motor_controller]: cmd_vel -> linear=-0.31, angular=-0.61, left=-0.10, right=-0.18
[INFO] [1775788949.079808039] [motor_controller]: cmd_vel -> linear=-0.32, angular=-0.59, left=-0.10, right=-0.18
[INFO] [1775788949.279362117] [motor_controller]: cmd_vel -> linear=-0.33, angular=-0.56, left=-0.10, right=-0.18
[INFO] [1775788949.383212790] [motor_controller]: cmd_vel -> linear=-0.30, angular=-0.61, left=-0.10, right=-0.18
[INFO] [1775788949.577850008] [motor_controller]: cmd_vel -> linear=-0.31, angular=-0.58, left=-0.10, right=-0.18
[INFO] [1775788949.689237184] [motor_controller]: cmd_vel -> linear=-0.33, angular=-0.58, left=-0.10, right=-0.19
[INFO] [1775788949.878821912] [motor_controller]: cmd_vel -> linear=-0.31, angular=-0.57, left=-0.10, right=-0.18
[INFO] [1775788949.979825866] [motor_controller]: cmd_vel -> linear=-0.28, angular=-0.57, left=-0.10, right=-0.16
[INFO] [1775788950.181007379] [motor_controller]: cmd_vel -> linear=-0.24, angular=-0.56, left=-0.10, right=-0.15
[INFO] [1775788950.282283482] [motor_controller]: cmd_vel -> linear=-0.20, angular=-0.59, left=-0.10, right=-0.13
[INFO] [1775788950.476321086] [motor_controller]: cmd_vel -> linear=-0.18, angular=-0.59, left=0.00, right=-0.13
[INFO] [1775788950.579623940] [motor_controller]: cmd_vel -> linear=-0.14, angular=-0.61, left=0.00, right=-0.11
[INFO] [1775788950.784503455] [motor_controller]: cmd_vel -> linear=-0.12, angular=-0.61, left=0.00, right=-0.10
[INFO] [1775788950.877392327] [motor_controller]: cmd_vel -> linear=-0.17, angular=-0.65, left=0.00, right=-0.13
[INFO] [1775788951.075274156] [motor_controller]: cmd_vel -> linear=-0.20, angular=-0.66, left=-0.10, right=-0.14
[INFO] [1775788951.178560510] [motor_controller]: cmd_vel -> linear=-0.26, angular=-0.64, left=-0.10, right=-0.16
[INFO] [1775788951.376898026] [motor_controller]: cmd_vel -> linear=-0.29, angular=-0.64, left=-0.10, right=-0.17
[INFO] [1775788951.485369983] [motor_controller]: cmd_vel -> linear=-0.29, angular=-0.62, left=-0.10, right=-0.17
[INFO] [1775788951.684242243] [motor_controller]: cmd_vel -> linear=-0.29, angular=-0.60, left=-0.10, right=-0.17
[INFO] [1775788951.778573401] [motor_controller]: cmd_vel -> linear=-0.31, angular=-0.59, left=-0.10, right=-0.18
[INFO] [1775788951.979708154] [motor_controller]: cmd_vel -> linear=-0.19, angular=-0.50, left=-0.10, right=-0.12
[INFO] [1775788952.086164359] [motor_controller]: cmd_vel -> linear=-0.05, angular=-0.41, left=0.00, right=-0.10
[INFO] [1775788952.280929671] [motor_controller]: cmd_vel -> linear=-0.08, angular=-0.40, left=0.00, right=-0.10
[INFO] [1775788952.387627470] [motor_controller]: cmd_vel -> linear=-0.17, angular=-0.43, left=-0.10, right=-0.11
[INFO] [1775788952.577126512] [motor_controller]: cmd_vel -> linear=-0.18, angular=-0.46, left=-0.10, right=-0.11
[INFO] [1775788952.678472541] [motor_controller]: cmd_vel -> linear=-0.19, angular=-0.48, left=-0.10, right=-0.12
[INFO] [1775788952.877508802] [motor_controller]: cmd_vel -> linear=-0.22, angular=-0.48, left=-0.10, right=-0.13
[INFO] [1775788952.978994962] [motor_controller]: cmd_vel -> linear=-0.05, angular=-0.40, left=0.00, right=-0.10
[INFO] [1775788953.188271648] [motor_controller]: cmd_vel -> linear=-0.02, angular=-0.36, left=0.10, right=-0.10
[INFO] [1775788953.279476437] [motor_controller]: cmd_vel -> linear=-0.02, angular=-0.41, left=0.10, right=-0.10
[INFO] [1775788953.478484050] [motor_controller]: cmd_vel -> linear=-0.05, angular=-0.46, left=0.10, right=-0.10
[INFO] [1775788953.587261878] [motor_controller]: cmd_vel -> linear=-0.00, angular=-0.14, left=0.00, right=0.00
[INFO] [1775788953.785089929] [motor_controller]: cmd_vel -> linear=-0.02, angular=-0.03, left=0.00, right=0.00
[INFO] [1775788953.879131530] [motor_controller]: cmd_vel -> linear=-0.05, angular=-0.00, left=-0.10, right=-0.10
[INFO] [1775788954.077939808] [motor_controller]: cmd_vel -> linear=-0.07, angular=0.01, left=-0.10, right=-0.10
[INFO] [1775788954.181078847] [motor_controller]: cmd_vel -> linear=-0.06, angular=0.07, left=-0.10, right=0.00
[INFO] [1775788954.375370193] [motor_controller]: cmd_vel -> linear=-0.07, angular=0.06, left=-0.10, right=-0.10
[INFO] [1775788954.480243389] [motor_controller]: cmd_vel -> linear=-0.08, angular=0.03, left=-0.10, right=-0.10
[INFO] [1775788954.675014349] [motor_controller]: cmd_vel -> linear=-0.09, angular=0.02, left=-0.10, right=-0.10
[INFO] [1775788954.781168663] [motor_controller]: cmd_vel -> linear=-0.09, angular=0.02, left=-0.10, right=-0.10
[INFO] [1775788954.976951388] [motor_controller]: cmd_vel -> linear=-0.09, angular=0.01, left=-0.10, right=-0.10
[INFO] [1775788955.079016958] [motor_controller]: cmd_vel -> linear=-0.05, angular=0.01, left=-0.10, right=0.00
[INFO] [1775788955.287629419] [motor_controller]: cmd_vel -> linear=-0.10, angular=0.06, left=-0.10, right=-0.10
[INFO] [1775788955.392129706] [motor_controller]: cmd_vel -> linear=-0.15, angular=0.13, left=-0.10, right=-0.10
[INFO] [1775788955.578507935] [motor_controller]: cmd_vel -> linear=-0.18, angular=0.12, left=-0.10, right=-0.10
[INFO] [1775788955.681897512] [motor_controller]: cmd_vel -> linear=-0.09, angular=0.08, left=-0.10, right=-0.10
[INFO] [1775788955.878619946] [motor_controller]: cmd_vel -> linear=-0.06, angular=0.03, left=-0.10, right=-0.10
[INFO] [1775788955.985418690] [motor_controller]: cmd_vel -> linear=-0.02, angular=0.01, left=0.00, right=0.00
[INFO] [1775788956.183525279] [motor_controller]: cmd_vel -> linear=-0.05, angular=0.05, left=-0.10, right=0.00
[INFO] [1775788956.275839592] [motor_controller]: cmd_vel -> linear=-0.05, angular=0.07, left=-0.10, right=0.00
[INFO] [1775788956.483523270] [motor_controller]: cmd_vel -> linear=-0.06, angular=-0.00, left=-0.10, right=-0.10
[INFO] [1775788956.579767790] [motor_controller]: cmd_vel -> linear=-0.07, angular=0.06, left=-0.10, right=-0.10
[INFO] [1775788956.781771826] [motor_controller]: cmd_vel -> linear=-0.08, angular=0.10, left=-0.10, right=-0.10
[INFO] [1775788956.881285827] [motor_controller]: cmd_vel -> linear=-0.08, angular=0.05, left=-0.10, right=-0.10
[INFO] [1775788957.084999391] [motor_controller]: cmd_vel -> linear=-0.06, angular=0.09, left=-0.10, right=0.00
[INFO] [1775788957.182725437] [motor_controller]: cmd_vel -> linear=-0.10, angular=0.12, left=-0.10, right=-0.10
[INFO] [1775788957.377775640] [motor_controller]: cmd_vel -> linear=-0.08, angular=0.14, left=-0.10, right=-0.10
[INFO] [1775788957.479513041] [motor_controller]: cmd_vel -> linear=-0.07, angular=0.15, left=-0.10, right=0.00
[INFO] [1775788957.677132109] [motor_controller]: cmd_vel -> linear=-0.07, angular=0.11, left=-0.10, right=0.00
[INFO] [1775788957.778636676] [motor_controller]: cmd_vel -> linear=-0.07, angular=0.11, left=-0.10, right=0.00
[INFO] [1775788957.879455943] [motor_controller]: cmd_vel -> linear=-0.07, angular=0.17, left=-0.10, right=0.00
[INFO] [1775788958.086654730] [motor_controller]: cmd_vel -> linear=-0.05, angular=0.28, left=-0.10, right=0.00
[INFO] [1775788958.279642180] [motor_controller]: cmd_vel -> linear=-0.07, angular=0.10, left=-0.10, right=0.00
[INFO] [1775788958.386182515] [motor_controller]: cmd_vel -> linear=-0.10, angular=0.13, left=-0.10, right=-0.10
[INFO] [1775788958.580632473] [motor_controller]: cmd_vel -> linear=-0.15, angular=0.21, left=-0.10, right=-0.10
[INFO] [1775788958.688651520] [motor_controller]: cmd_vel -> linear=0.00, angular=0.00, left=0.00, right=0.00
[INFO] [1775788958.786366529] [motor_controller]: cmd_vel -> linear=0.00, angular=0.00, left=0.00, right=0.00
[INFO] [1775788958.994903990] [motor_controller]: cmd_vel -> linear=0.00, angular=0.00, left=0.00, right=0.00
[INFO] [1775788959.189033928] [motor_controller]: cmd_vel -> linear=-0.03, angular=-0.06, left=0.00, right=0.00
[INFO] [1775788959.289527156] [motor_controller]: cmd_vel -> linear=-0.02, angular=-0.07, left=0.00, right=0.00
[INFO] [1775788959.396219343] [motor_controller]: cmd_vel -> linear=-0.03, angular=-0.10, left=0.00, right=-0.10
[INFO] [1775788959.595747311] [motor_controller]: cmd_vel -> linear=-0.03, angular=-0.12, left=0.00, right=-0.10
[INFO] [1775788959.792119724] [motor_controller]: cmd_vel -> linear=-0.04, angular=-0.13, left=0.00, right=-0.10
[INFO] [1775788959.893875329] [motor_controller]: cmd_vel -> linear=-0.10, angular=-0.04, left=-0.10, right=-0.10
[INFO] [1775788960.088972383] [motor_controller]: cmd_vel -> linear=-0.09, angular=-0.01, left=-0.10, right=-0.10
[INFO] [1775788960.197287339] [motor_controller]: cmd_vel -> linear=-0.01, angular=-0.01, left=0.00, right=0.00
[INFO] [1775788960.290812196] [motor_controller]: cmd_vel -> linear=-0.02, angular=-0.00, left=0.00, right=0.00
[INFO] [1775788960.493522051] [motor_controller]: cmd_vel -> linear=-0.06, angular=0.10, left=-0.10, right=0.00
[INFO] [1775788960.705087676] [motor_controller]: cmd_vel -> linear=-0.04, angular=0.15, left=-0.10, right=0.00
[INFO] [1775788960.885767448] [motor_controller]: cmd_vel -> linear=0.00, angular=0.13, left=0.00, right=0.00
[INFO] [1775788961.083015014] [motor_controller]: cmd_vel -> linear=-0.06, angular=0.20, left=-0.10, right=0.00
[INFO] [1775788961.192294660] [motor_controller]: cmd_vel -> linear=-0.13, angular=0.17, left=-0.10, right=-0.10
[INFO] [1775788961.394755032] [motor_controller]: cmd_vel -> linear=-0.15, angular=0.17, left=-0.10, right=-0.10
[INFO] [1775788961.487233847] [motor_controller]: cmd_vel -> linear=-0.17, angular=0.24, left=-0.10, right=-0.10
[INFO] [1775788961.699606068] [motor_controller]: cmd_vel -> linear=-0.19, angular=0.26, left=-0.10, right=-0.10
[INFO] [1775788961.786202481] [motor_controller]: cmd_vel -> linear=-0.20, angular=0.32, left=-0.11, right=-0.10
[INFO] [1775788961.981152386] [motor_controller]: cmd_vel -> linear=-0.20, angular=0.34, left=-0.11, right=-0.10
[INFO] [1775788962.094165645] [motor_controller]: cmd_vel -> linear=-0.12, angular=0.42, left=-0.10, right=0.00
[INFO] [1775788962.296171811] [motor_controller]: cmd_vel -> linear=-0.09, angular=0.45, left=-0.10, right=0.00
[INFO] [1775788962.393058186] [motor_controller]: cmd_vel -> linear=-0.07, angular=0.50, left=-0.10, right=0.00
[INFO] [1775788962.584944853] [motor_controller]: cmd_vel -> linear=-0.08, angular=0.49, left=-0.10, right=0.00
[INFO] [1775788962.696347158] [motor_controller]: cmd_vel -> linear=-0.09, angular=0.46, left=-0.10, right=0.00
[INFO] [1775788962.898254731] [motor_controller]: cmd_vel -> linear=-0.09, angular=0.46, left=-0.10, right=0.00
[INFO] [1775788963.001290177] [motor_controller]: cmd_vel -> linear=-0.08, angular=0.44, left=-0.10, right=0.00
[INFO] [1775788963.189939215] [motor_controller]: cmd_vel -> linear=-0.09, angular=0.51, left=-0.10, right=0.00
[INFO] [1775788963.293218977] [motor_controller]: cmd_vel -> linear=-0.09, angular=0.55, left=-0.10, right=0.00
[INFO] [1775788963.483032336] [motor_controller]: cmd_vel -> linear=-0.09, angular=0.54, left=-0.10, right=0.00
[INFO] [1775788963.586693896] [motor_controller]: cmd_vel -> linear=-0.10, angular=0.55, left=-0.10, right=0.00
[INFO] [1775788963.792163358] [motor_controller]: cmd_vel -> linear=-0.10, angular=0.59, left=-0.10, right=0.00
[INFO] [1775788963.889755867] [motor_controller]: cmd_vel -> linear=-0.11, angular=0.55, left=-0.10, right=0.00
[INFO] [1775788964.098572606] [motor_controller]: cmd_vel -> linear=-0.12, angular=0.51, left=-0.10, right=0.00
[INFO] [1775788964.195226981] [motor_controller]: cmd_vel -> linear=-0.10, angular=0.53, left=-0.10, right=0.00
[INFO] [1775788964.389434363] [motor_controller]: cmd_vel -> linear=-0.10, angular=0.57, left=-0.10, right=0.00
[INFO] [1775788964.492075474] [motor_controller]: cmd_vel -> linear=-0.13, angular=0.61, left=-0.11, right=0.00
[INFO] [1775788964.683747454] [motor_controller]: cmd_vel -> linear=-0.14, angular=0.66, left=-0.12, right=0.00
[INFO] [1775788964.794237421] [motor_controller]: cmd_vel -> linear=-0.13, angular=0.64, left=-0.11, right=0.00
[INFO] [1775788964.984920359] [motor_controller]: cmd_vel -> linear=-0.12, angular=0.66, left=-0.11, right=0.00
[INFO] [1775788965.101762509] [motor_controller]: cmd_vel -> linear=-0.13, angular=0.68, left=-0.11, right=0.00
[INFO] [1775788965.298119107] [motor_controller]: cmd_vel -> linear=-0.11, angular=0.63, left=-0.10, right=0.00
[INFO] [1775788965.391648853] [motor_controller]: cmd_vel -> linear=-0.12, angular=0.63, left=-0.11, right=0.00
[INFO] [1775788965.595281583] [motor_controller]: cmd_vel -> linear=-0.12, angular=0.72, left=-0.11, right=0.00
[INFO] [1775788965.685434367] [motor_controller]: cmd_vel -> linear=-0.10, angular=0.73, left=-0.11, right=0.10
[INFO] [1775788965.891487795] [motor_controller]: cmd_vel -> linear=-0.13, angular=0.72, left=-0.12, right=0.00
[INFO] [1775788965.980733463] [motor_controller]: cmd_vel -> linear=-0.11, angular=0.68, left=-0.11, right=0.00
[INFO] [1775788966.185403420] [motor_controller]: cmd_vel -> linear=-0.08, angular=0.64, left=-0.10, right=0.10
[INFO] [1775788966.283101356] [motor_controller]: cmd_vel -> linear=-0.09, angular=0.64, left=-0.10, right=0.10
[INFO] [1775788966.491326092] [motor_controller]: cmd_vel -> linear=-0.08, angular=0.68, left=-0.10, right=0.10
[INFO] [1775788966.595421710] [motor_controller]: cmd_vel -> linear=-0.09, angular=0.64, left=-0.10, right=0.10
[INFO] [1775788966.793823227] [motor_controller]: cmd_vel -> linear=-0.10, angular=0.65, left=-0.10, right=0.10
[INFO] [1775788966.889271483] [motor_controller]: cmd_vel -> linear=-0.11, angular=0.60, left=-0.10, right=0.00
[INFO] [1775788967.083918498] [motor_controller]: cmd_vel -> linear=-0.13, angular=0.58, left=-0.10, right=0.00
[INFO] [1775788967.187369298] [motor_controller]: cmd_vel -> linear=0.00, angular=0.34, left=-0.10, right=0.10
[INFO] [1775788967.384231102] [motor_controller]: cmd_vel -> linear=0.00, angular=0.02, left=0.00, right=0.00
[INFO] [1775788967.480428937] [motor_controller]: cmd_vel -> linear=0.00, angular=0.00, left=0.00, right=0.00
[INFO] [1775788967.679348253] [motor_controller]: cmd_vel -> linear=0.00, angular=0.00, left=0.00, right=0.00
[INFO] [1775788967.784440506] [motor_controller]: cmd_vel -> linear=0.00, angular=0.00, left=0.00, right=0.00
[INFO] [1775788967.978890446] [motor_controller]: cmd_vel -> linear=0.00, angular=0.00, left=0.00, right=0.00
[INFO] [1775788968.080951904] [motor_controller]: cmd_vel -> linear=0.00, angular=0.00, left=0.00, right=0.00
[INFO] [1775789601.105017165] [motor_controller]: cmd_vel -> linear=-0.00, angular=-0.13, left=0.00, right=0.00
[INFO] [1775789601.209749268] [motor_controller]: cmd_vel -> linear=-0.05, angular=-0.27, left=0.00, right=-0.10
[INFO] [1775789601.405823996] [motor_controller]: cmd_vel -> linear=-0.04, angular=-0.32, left=0.00, right=-0.10
[INFO] [1775789601.500839288] [motor_controller]: cmd_vel -> linear=-0.01, angular=-0.36, left=0.10, right=-0.10
[INFO] [1775789601.705262561] [motor_controller]: cmd_vel -> linear=-0.03, angular=-0.40, left=0.10, right=-0.10
[INFO] [1775789601.810726039] [motor_controller]: cmd_vel -> linear=-0.04, angular=-0.46, left=0.10, right=-0.10
[INFO] [1775789602.006383986] [motor_controller]: cmd_vel -> linear=-0.03, angular=-0.49, left=0.10, right=-0.10
[INFO] [1775789602.099637435] [motor_controller]: cmd_vel -> linear=-0.06, angular=-0.48, left=0.10, right=-0.10
[INFO] [1775789602.306205257] [motor_controller]: cmd_vel -> linear=-0.04, angular=-0.50, left=0.10, right=-0.10
[INFO] [1775789602.400641527] [motor_controller]: cmd_vel -> linear=-0.02, angular=-0.51, left=0.10, right=-0.10
[INFO] [1775789602.600437349] [motor_controller]: cmd_vel -> linear=-0.03, angular=-0.53, left=0.10, right=-0.10
[INFO] [1775789602.705138471] [motor_controller]: cmd_vel -> linear=-0.03, angular=-0.60, left=0.10, right=-0.10
[INFO] [1775789602.910124358] [motor_controller]: cmd_vel -> linear=-0.02, angular=-0.59, left=0.10, right=-0.10
[INFO] [1775789603.007225180] [motor_controller]: cmd_vel -> linear=-0.02, angular=-0.51, left=0.10, right=-0.10
[INFO] [1775789603.209913073] [motor_controller]: cmd_vel -> linear=-0.01, angular=-0.55, left=0.10, right=-0.10
[INFO] [1775789603.302311887] [motor_controller]: cmd_vel -> linear=-0.01, angular=-0.59, left=0.10, right=-0.10
[INFO] [1775789603.500749887] [motor_controller]: cmd_vel -> linear=-0.01, angular=-0.56, left=0.10, right=-0.10
[INFO] [1775789603.603453794] [motor_controller]: cmd_vel -> linear=-0.03, angular=-0.59, left=0.10, right=-0.10
[INFO] [1775789603.803518470] [motor_controller]: cmd_vel -> linear=-0.03, angular=-0.55, left=0.10, right=-0.10
[INFO] [1775789603.907081456] [motor_controller]: cmd_vel -> linear=-0.03, angular=-0.59, left=0.10, right=-0.10
[INFO] [1775789604.101764102] [motor_controller]: cmd_vel -> linear=-0.02, angular=-0.61, left=0.10, right=-0.10
[INFO] [1775789604.206112889] [motor_controller]: cmd_vel -> linear=-0.01, angular=-0.58, left=0.10, right=-0.10
[INFO] [1775789604.406487084] [motor_controller]: cmd_vel -> linear=-0.01, angular=-0.54, left=0.10, right=-0.10
[INFO] [1775789604.501242689] [motor_controller]: cmd_vel -> linear=-0.01, angular=-0.57, left=0.10, right=-0.10
[INFO] [1775789604.700421137] [motor_controller]: cmd_vel -> linear=-0.00, angular=-0.61, left=0.10, right=-0.10
[INFO] [1775789604.804279014] [motor_controller]: cmd_vel -> linear=-0.02, angular=-0.62, left=0.10, right=-0.10
[INFO] [1775789605.009158734] [motor_controller]: cmd_vel -> linear=-0.02, angular=-0.64, left=0.10, right=-0.10
[INFO] [1775789605.102366627] [motor_controller]: cmd_vel -> linear=-0.03, angular=-0.52, left=0.10, right=-0.10
[INFO] [1775789605.300657052] [motor_controller]: cmd_vel -> linear=-0.03, angular=-0.63, left=0.10, right=-0.10
[INFO] [1775789605.403649665] [motor_controller]: cmd_vel -> linear=0.01, angular=-0.64, left=0.10, right=-0.10
[INFO] [1775789605.601999349] [motor_controller]: cmd_vel -> linear=0.01, angular=-0.61, left=0.10, right=-0.10
[INFO] [1775789605.704781350] [motor_controller]: cmd_vel -> linear=-0.03, angular=-0.61, left=0.10, right=-0.10
[INFO] [1775789605.903152312] [motor_controller]: cmd_vel -> linear=-0.04, angular=-0.60, left=0.10, right=-0.10
[INFO] [1775789606.006827225] [motor_controller]: cmd_vel -> linear=-0.01, angular=-0.62, left=0.10, right=-0.10
[INFO] [1775789606.201340981] [motor_controller]: cmd_vel -> linear=0.01, angular=-0.60, left=0.10, right=-0.10
[INFO] [1775789606.306090455] [motor_controller]: cmd_vel -> linear=-0.03, angular=-0.54, left=0.10, right=-0.10
[INFO] [1775789606.502948057] [motor_controller]: cmd_vel -> linear=-0.03, angular=-0.58, left=0.10, right=-0.10
[INFO] [1775789606.606403895] [motor_controller]: cmd_vel -> linear=-0.02, angular=-0.56, left=0.10, right=-0.10
[INFO] [1775789606.806911702] [motor_controller]: cmd_vel -> linear=-0.02, angular=-0.54, left=0.10, right=-0.10
[INFO] [1775789606.902956666] [motor_controller]: cmd_vel -> linear=-0.02, angular=-0.60, left=0.10, right=-0.10
[INFO] [1775789607.109762489] [motor_controller]: cmd_vel -> linear=-0.01, angular=-0.58, left=0.10, right=-0.10
[INFO] [1775789607.207095460] [motor_controller]: cmd_vel -> linear=-0.00, angular=-0.61, left=0.10, right=-0.10
[INFO] [1775789607.404678751] [motor_controller]: cmd_vel -> linear=-0.03, angular=-0.58, left=0.10, right=-0.10
[INFO] [1775789607.501901166] [motor_controller]: cmd_vel -> linear=-0.04, angular=-0.55, left=0.10, right=-0.10
[INFO] [1775789607.705831844] [motor_controller]: cmd_vel -> linear=-0.02, angular=-0.51, left=0.10, right=-0.10
[INFO] [1775789607.799009514] [motor_controller]: cmd_vel -> linear=-0.01, angular=-0.54, left=0.10, right=-0.10
[INFO] [1775789607.902887317] [motor_controller]: cmd_vel -> linear=-0.01, angular=-0.57, left=0.10, right=-0.10
[INFO] [1775789608.108632338] [motor_controller]: cmd_vel -> linear=-0.01, angular=-0.57, left=0.10, right=-0.10
[INFO] [1775789608.305520663] [motor_controller]: cmd_vel -> linear=-0.00, angular=-0.61, left=0.10, right=-0.10
[INFO] [1775789608.407952087] [motor_controller]: cmd_vel -> linear=-0.00, angular=-0.60, left=0.10, right=-0.10
[INFO] [1775789608.604596392] [motor_controller]: cmd_vel -> linear=0.00, angular=-0.56, left=0.10, right=-0.10
[INFO] [1775789608.703131925] [motor_controller]: cmd_vel -> linear=-0.01, angular=-0.57, left=0.10, right=-0.10
[INFO] [1775789608.806172316] [motor_controller]: cmd_vel -> linear=0.00, angular=-0.62, left=0.10, right=-0.10
[INFO] [1775789609.004872632] [motor_controller]: cmd_vel -> linear=-0.01, angular=-0.61, left=0.10, right=-0.10
[INFO] [1775789609.204364526] [motor_controller]: cmd_vel -> linear=0.00, angular=-0.64, left=0.10, right=-0.10
[INFO] [1775789609.299974988] [motor_controller]: cmd_vel -> linear=-0.02, angular=-0.69, left=0.10, right=-0.10
[INFO] [1775789609.403858939] [motor_controller]: cmd_vel -> linear=-0.01, angular=-0.70, left=0.10, right=-0.10
[INFO] [1775789609.602133512] [motor_controller]: cmd_vel -> linear=-0.01, angular=-0.69, left=0.10, right=-0.10
[INFO] [1775789609.807810495] [motor_controller]: cmd_vel -> linear=-0.02, angular=-0.66, left=0.10, right=-0.10
[INFO] [1775789609.910800848] [motor_controller]: cmd_vel -> linear=-0.03, angular=-0.61, left=0.10, right=-0.10
[INFO] [1775789610.007504316] [motor_controller]: cmd_vel -> linear=-0.04, angular=-0.60, left=0.10, right=-0.10
[INFO] [1775789610.206310818] [motor_controller]: cmd_vel -> linear=-0.01, angular=-0.63, left=0.10, right=-0.10
[INFO] [1775789610.302357393] [motor_controller]: cmd_vel -> linear=-0.00, angular=-0.63, left=0.10, right=-0.10
[INFO] [1775789610.505642956] [motor_controller]: cmd_vel -> linear=-0.01, angular=-0.62, left=0.10, right=-0.10
[INFO] [1775789610.704055529] [motor_controller]: cmd_vel -> linear=-0.01, angular=-0.61, left=0.10, right=-0.10
[INFO] [1775789610.806632584] [motor_controller]: cmd_vel -> linear=-0.02, angular=-0.64, left=0.10, right=-0.10
[INFO] [1775789610.902948643] [motor_controller]: cmd_vel -> linear=-0.02, angular=-0.64, left=0.10, right=-0.10
[INFO] [1775789611.107554565] [motor_controller]: cmd_vel -> linear=-0.00, angular=-0.62, left=0.10, right=-0.10
[INFO] [1775789611.308108094] [motor_controller]: cmd_vel -> linear=-0.01, angular=-0.62, left=0.10, right=-0.10
[INFO] [1775789611.405596085] [motor_controller]: cmd_vel -> linear=-0.01, angular=-0.52, left=0.10, right=-0.10
[INFO] [1775789611.506125888] [motor_controller]: cmd_vel -> linear=0.01, angular=-0.56, left=0.10, right=-0.10
[INFO] [1775789611.702438246] [motor_controller]: cmd_vel -> linear=0.01, angular=-0.59, left=0.10, right=-0.10
[INFO] [1775789611.807154091] [motor_controller]: cmd_vel -> linear=-0.02, angular=-0.55, left=0.10, right=-0.10
[INFO] [1775789612.006692448] [motor_controller]: cmd_vel -> linear=-0.04, angular=-0.53, left=0.10, right=-0.10
[INFO] [1775789612.100367011] [motor_controller]: cmd_vel -> linear=-0.01, angular=-0.44, left=0.10, right=-0.10
[INFO] [1775789612.305800159] [motor_controller]: cmd_vel -> linear=-0.00, angular=-0.52, left=0.10, right=-0.10
[INFO] [1775789612.411851622] [motor_controller]: cmd_vel -> linear=-0.00, angular=-0.59, left=0.10, right=-0.10
[INFO] [1775789612.603716086] [motor_controller]: cmd_vel -> linear=-0.02, angular=-0.58, left=0.10, right=-0.10
[INFO] [1775789612.706508013] [motor_controller]: cmd_vel -> linear=-0.01, angular=-0.55, left=0.10, right=-0.10
[INFO] [1775789612.912687628] [motor_controller]: cmd_vel -> linear=-0.03, angular=-0.54, left=0.10, right=-0.10
[INFO] [1775789612.999745933] [motor_controller]: cmd_vel -> linear=-0.01, angular=-0.60, left=0.10, right=-0.10
[INFO] [1775789613.205998623] [motor_controller]: cmd_vel -> linear=0.00, angular=-0.63, left=0.10, right=-0.10
[INFO] [1775789613.300503967] [motor_controller]: cmd_vel -> linear=-0.00, angular=-0.56, left=0.10, right=-0.10
[INFO] [1775789613.507152900] [motor_controller]: cmd_vel -> linear=0.00, angular=-0.57, left=0.10, right=-0.10
[INFO] [1775789613.602755084] [motor_controller]: cmd_vel -> linear=-0.00, angular=-0.51, left=0.10, right=-0.10
[INFO] [1775789613.806198092] [motor_controller]: cmd_vel -> linear=-0.02, angular=-0.56, left=0.10, right=-0.10
[INFO] [1775789613.909748856] [motor_controller]: cmd_vel -> linear=-0.01, angular=-0.59, left=0.10, right=-0.10
[INFO] [1775789614.105252711] [motor_controller]: cmd_vel -> linear=-0.01, angular=-0.58, left=0.10, right=-0.10
[INFO] [1775789614.198939292] [motor_controller]: cmd_vel -> linear=0.00, angular=-0.54, left=0.10, right=-0.10
[INFO] [1775789614.404880480] [motor_controller]: cmd_vel -> linear=0.00, angular=-0.54, left=0.10, right=-0.10
[INFO] [1775789614.500470682] [motor_controller]: cmd_vel -> linear=-0.03, angular=-0.57, left=0.10, right=-0.10
[INFO] [1775789614.710370337] [motor_controller]: cmd_vel -> linear=-0.03, angular=-0.55, left=0.10, right=-0.10
[INFO] [1775789614.803066875] [motor_controller]: cmd_vel -> linear=-0.03, angular=-0.55, left=0.10, right=-0.10
[INFO] [1775789614.999243863] [motor_controller]: cmd_vel -> linear=-0.04, angular=-0.59, left=0.10, right=-0.10
[INFO] [1775789615.103471575] [motor_controller]: cmd_vel -> linear=-0.00, angular=-0.55, left=0.10, right=-0.10
[INFO] [1775789615.307703402] [motor_controller]: cmd_vel -> linear=-0.01, angular=-0.55, left=0.10, right=-0.10
[INFO] [1775789615.411822317] [motor_controller]: cmd_vel -> linear=-0.01, angular=-0.56, left=0.10, right=-0.10
[INFO] [1775789615.605849608] [motor_controller]: cmd_vel -> linear=-0.01, angular=-0.58, left=0.10, right=-0.10
[INFO] [1775789615.710563267] [motor_controller]: cmd_vel -> linear=-0.01, angular=-0.55, left=0.10, right=-0.10
[INFO] [1775789615.906813033] [motor_controller]: cmd_vel -> linear=-0.01, angular=-0.55, left=0.10, right=-0.10
[INFO] [1775789616.002109974] [motor_controller]: cmd_vel -> linear=0.00, angular=-0.26, left=0.10, right=-0.10
[INFO] [1775789616.200669011] [motor_controller]: cmd_vel -> linear=-0.01, angular=-0.21, left=0.00, right=-0.10
[INFO] [1775789616.308196149] [motor_controller]: cmd_vel -> linear=-0.04, angular=-0.37, left=0.00, right=-0.10
[INFO] [1775789616.504084061] [motor_controller]: cmd_vel -> linear=-0.01, angular=-0.44, left=0.10, right=-0.10
[INFO] [1775789616.598023476] [motor_controller]: cmd_vel -> linear=0.02, angular=-0.49, left=0.10, right=-0.10
[INFO] [1775789616.806989533] [motor_controller]: cmd_vel -> linear=0.02, angular=-0.49, left=0.10, right=-0.10
[INFO] [1775789616.899577645] [motor_controller]: cmd_vel -> linear=0.07, angular=-0.51, left=0.10, right=0.00
[INFO] [1775789617.106296486] [motor_controller]: cmd_vel -> linear=0.08, angular=-0.47, left=0.10, right=0.00
[INFO] [1775789617.199441990] [motor_controller]: cmd_vel -> linear=0.10, angular=-0.48, left=0.10, right=0.00
[INFO] [1775789617.406840371] [motor_controller]: cmd_vel -> linear=0.12, angular=-0.50, left=0.10, right=0.00
[INFO] [1775789617.499307909] [motor_controller]: cmd_vel -> linear=0.04, angular=-0.51, left=0.10, right=-0.10
[INFO] [1775789617.706577178] [motor_controller]: cmd_vel -> linear=0.03, angular=-0.52, left=0.10, right=-0.10
[INFO] [1775789617.802227103] [motor_controller]: cmd_vel -> linear=-0.02, angular=-0.56, left=0.10, right=-0.10
[INFO] [1775789617.999294503] [motor_controller]: cmd_vel -> linear=-0.00, angular=-0.58, left=0.10, right=-0.10
[INFO] [1775789618.103723012] [motor_controller]: cmd_vel -> linear=-0.02, angular=-0.50, left=0.10, right=-0.10
[INFO] [1775789618.302932442] [motor_controller]: cmd_vel -> linear=-0.03, angular=-0.54, left=0.10, right=-0.10
[INFO] [1775789618.406755263] [motor_controller]: cmd_vel -> linear=-0.03, angular=-0.54, left=0.10, right=-0.10
[INFO] [1775789618.603979441] [motor_controller]: cmd_vel -> linear=-0.02, angular=-0.53, left=0.10, right=-0.10
[INFO] [1775789618.706224032] [motor_controller]: cmd_vel -> linear=0.03, angular=-0.57, left=0.10, right=-0.10
[INFO] [1775789618.905539517] [motor_controller]: cmd_vel -> linear=0.03, angular=-0.59, left=0.10, right=-0.10
[INFO] [1775789619.000800255] [motor_controller]: cmd_vel -> linear=0.07, angular=-0.58, left=0.10, right=-0.10
[INFO] [1775789619.196503110] [motor_controller]: cmd_vel -> linear=0.09, angular=-0.56, left=0.10, right=0.00
[INFO] [1775789619.304067415] [motor_controller]: cmd_vel -> linear=0.08, angular=-0.58, left=0.10, right=-0.10
[INFO] [1775789619.502050689] [motor_controller]: cmd_vel -> linear=0.06, angular=-0.57, left=0.10, right=-0.10
[INFO] [1775789619.604526762] [motor_controller]: cmd_vel -> linear=0.05, angular=-0.48, left=0.10, right=-0.10
[INFO] [1775789619.802293240] [motor_controller]: cmd_vel -> linear=0.08, angular=-0.45, left=0.10, right=0.00
[INFO] [1775789619.899702952] [motor_controller]: cmd_vel -> linear=0.07, angular=-0.46, left=0.10, right=0.00
[INFO] [1775789620.105096452] [motor_controller]: cmd_vel -> linear=0.07, angular=-0.46, left=0.10, right=0.00
[INFO] [1775789620.198193234] [motor_controller]: cmd_vel -> linear=0.04, angular=-0.48, left=0.10, right=-0.10
[INFO] [1775789620.406390527] [motor_controller]: cmd_vel -> linear=0.04, angular=-0.48, left=0.10, right=-0.10
[INFO] [1775789620.499679013] [motor_controller]: cmd_vel -> linear=0.06, angular=-0.54, left=0.10, right=-0.10
[INFO] [1775789620.707255007] [motor_controller]: cmd_vel -> linear=0.02, angular=-0.57, left=0.10, right=-0.10
[INFO] [1775789620.802343281] [motor_controller]: cmd_vel -> linear=-0.02, angular=-0.57, left=0.10, right=-0.10
[INFO] [1775789621.000951800] [motor_controller]: cmd_vel -> linear=-0.03, angular=-0.56, left=0.10, right=-0.10
[INFO] [1775789621.104082099] [motor_controller]: cmd_vel -> linear=-0.03, angular=-0.61, left=0.10, right=-0.10
[INFO] [1775789621.300252327] [motor_controller]: cmd_vel -> linear=-0.04, angular=-0.59, left=0.10, right=-0.10
[INFO] [1775789621.402884863] [motor_controller]: cmd_vel -> linear=-0.00, angular=-0.00, left=0.00, right=0.00
[INFO] [1775789621.600009060] [motor_controller]: cmd_vel -> linear=-0.00, angular=-0.00, left=0.00, right=0.00
[INFO] [1775789621.703759140] [motor_controller]: cmd_vel -> linear=0.00, angular=-0.00, left=0.00, right=0.00
[INFO] [1775789621.897522910] [motor_controller]: cmd_vel -> linear=0.00, angular=-0.00, left=0.00, right=0.00
[INFO] [1775789622.001606788] [motor_controller]: cmd_vel -> linear=0.00, angular=-0.00, left=0.00, right=0.00
[INFO] [1775789622.205944783] [motor_controller]: cmd_vel -> linear=0.00, angular=-0.00, left=0.00, right=0.00
[INFO] [1775789622.308153391] [motor_controller]: cmd_vel -> linear=0.01, angular=-0.14, left=0.00, right=0.00
[INFO] [1775789622.505349921] [motor_controller]: cmd_vel -> linear=0.05, angular=-0.32, left=0.10, right=0.00
[INFO] [1775789622.598632185] [motor_controller]: cmd_vel -> linear=-0.12, angular=-0.61, left=0.00, right=-0.10
[INFO] [1775789622.805937696] [motor_controller]: cmd_vel -> linear=-0.00, angular=-0.00, left=0.00, right=0.00
[INFO] [1775789622.902228513] [motor_controller]: cmd_vel -> linear=-0.00, angular=-0.00, left=0.00, right=0.00
[INFO] [1775789623.106816102] [motor_controller]: cmd_vel -> linear=-0.00, angular=-0.00, left=0.00, right=0.00
[INFO] [1775789623.201967542] [motor_controller]: cmd_vel -> linear=-0.00, angular=-0.00, left=0.00, right=0.00
[INFO] [1775789623.402334719] [motor_controller]: cmd_vel -> linear=-0.00, angular=-0.00, left=0.00, right=0.00
[INFO] [1775789623.500315638] [motor_controller]: cmd_vel -> linear=-0.00, angular=-0.00, left=0.00, right=0.00
[INFO] [1775789623.698469544] [motor_controller]: cmd_vel -> linear=-0.00, angular=-0.00, left=0.00, right=0.00
[INFO] [1775789623.803615650] [motor_controller]: cmd_vel -> linear=-0.00, angular=-0.00, left=0.00, right=0.00
[INFO] [1775789623.998648038] [motor_controller]: cmd_vel -> linear=-0.00, angular=-0.00, left=0.00, right=0.00
[INFO] [1775789624.104632945] [motor_controller]: cmd_vel -> linear=-0.00, angular=-0.00, left=0.00, right=0.00
[INFO] [1775789624.303430632] [motor_controller]: cmd_vel -> linear=-0.00, angular=-0.00, left=0.00, right=0.00
[INFO] [1775789624.407656196] [motor_controller]: cmd_vel -> linear=-0.00, angular=-0.00, left=0.00, right=0.00
[INFO] [1775789624.605004801] [motor_controller]: cmd_vel -> linear=-0.00, angular=-0.00, left=0.00, right=0.00
[INFO] [1775789624.695981849] [motor_controller]: cmd_vel -> linear=-0.00, angular=-0.00, left=0.00, right=0.00
[INFO] [1775789627.404114465] [motor_controller]: cmd_vel -> linear=0.00, angular=0.16, left=0.00, right=0.00
[INFO] [1775789627.609287464] [motor_controller]: cmd_vel -> linear=0.00, angular=0.80, left=-0.10, right=0.10
[INFO] [1775789627.702628043] [motor_controller]: cmd_vel -> linear=0.00, angular=1.00, left=-0.10, right=0.10
[INFO] [1775789627.901974140] [motor_controller]: cmd_vel -> linear=0.00, angular=1.00, left=-0.10, right=0.10
[INFO] [1775789628.004487269] [motor_controller]: cmd_vel -> linear=0.00, angular=1.00, left=-0.10, right=0.10
[INFO] [1775789628.204141145] [motor_controller]: cmd_vel -> linear=0.00, angular=1.00, left=-0.10, right=0.10
[INFO] [1775789628.304519689] [motor_controller]: cmd_vel -> linear=0.00, angular=1.00, left=-0.10, right=0.10
[INFO] [1775789628.408528881] [motor_controller]: cmd_vel -> linear=0.00, angular=1.00, left=-0.10, right=0.10
[INFO] [1775789628.604630405] [motor_controller]: cmd_vel -> linear=0.00, angular=1.00, left=-0.10, right=0.10
[INFO] [1775789628.806520960] [motor_controller]: cmd_vel -> linear=0.00, angular=1.00, left=-0.10, right=0.10
[INFO] [1775789628.908574309] [motor_controller]: cmd_vel -> linear=0.00, angular=1.00, left=-0.10, right=0.10
[INFO] [1775789629.002431465] [motor_controller]: cmd_vel -> linear=0.00, angular=1.00, left=-0.10, right=0.10
[INFO] [1775789629.206836052] [motor_controller]: cmd_vel -> linear=0.00, angular=1.00, left=-0.10, right=0.10
[INFO] [1775789629.299972612] [motor_controller]: cmd_vel -> linear=0.00, angular=1.00, left=-0.10, right=0.10
[INFO] [1775789629.504824813] [motor_controller]: cmd_vel -> linear=0.00, angular=1.00, left=-0.10, right=0.10
[INFO] [1775789629.606276158] [motor_controller]: cmd_vel -> linear=0.00, angular=1.00, left=-0.10, right=0.10
[INFO] [1775789629.800151689] [motor_controller]: cmd_vel -> linear=0.00, angular=1.00, left=-0.10, right=0.10
[INFO] [1775789629.903888861] [motor_controller]: cmd_vel -> linear=0.00, angular=1.00, left=-0.10, right=0.10
[INFO] [1775789630.108395227] [motor_controller]: cmd_vel -> linear=0.00, angular=1.00, left=-0.10, right=0.10
[INFO] [1775789630.201945455] [motor_controller]: cmd_vel -> linear=0.00, angular=1.00, left=-0.10, right=0.10
[INFO] [1775789630.401571572] [motor_controller]: cmd_vel -> linear=0.00, angular=1.00, left=-0.10, right=0.10
[INFO] [1775789630.504591741] [motor_controller]: cmd_vel -> linear=0.00, angular=0.00, left=0.00, right=0.00
[INFO] [1775789630.709195292] [motor_controller]: cmd_vel -> linear=0.00, angular=0.00, left=0.00, right=0.00
[INFO] [1775789630.802716039] [motor_controller]: cmd_vel -> linear=0.00, angular=0.00, left=0.00, right=0.00
[INFO] [1775789631.005821305] [motor_controller]: cmd_vel -> linear=0.00, angular=0.00, left=0.00, right=0.00
[INFO] [1775789631.108716010] [motor_controller]: cmd_vel -> linear=0.00, angular=0.00, left=0.00, right=0.00
[INFO] [1775789631.306502765] [motor_controller]: cmd_vel -> linear=0.00, angular=0.00, left=0.00, right=0.00
[INFO] [1775789631.400827350] [motor_controller]: cmd_vel -> linear=0.00, angular=0.00, left=0.00, right=0.00
[INFO] [1775789631.604711527] [motor_controller]: cmd_vel -> linear=0.00, angular=0.00, left=0.00, right=0.00
[INFO] [1775789631.707123729] [motor_controller]: cmd_vel -> linear=0.00, angular=1.00, left=-0.10, right=0.10
[INFO] [1775789631.900073329] [motor_controller]: cmd_vel -> linear=0.00, angular=1.00, left=-0.10, right=0.10
[INFO] [1775789632.003844094] [motor_controller]: cmd_vel -> linear=0.00, angular=1.00, left=-0.10, right=0.10
[INFO] [1775789632.198060737] [motor_controller]: cmd_vel -> linear=0.00, angular=1.00, left=-0.10, right=0.10
[INFO] [1775789632.303750791] [motor_controller]: cmd_vel -> linear=0.00, angular=1.00, left=-0.10, right=0.10
[INFO] [1775789632.508283860] [motor_controller]: cmd_vel -> linear=0.00, angular=1.00, left=-0.10, right=0.10
[INFO] [1775789632.601363049] [motor_controller]: cmd_vel -> linear=0.00, angular=1.00, left=-0.10, right=0.10
[INFO] [1775789632.798864599] [motor_controller]: cmd_vel -> linear=0.00, angular=1.00, left=-0.10, right=0.10
[INFO] [1775789632.903891371] [motor_controller]: cmd_vel -> linear=0.00, angular=1.00, left=-0.10, right=0.10
[INFO] [1775789633.108188680] [motor_controller]: cmd_vel -> linear=0.00, angular=1.00, left=-0.10, right=0.10
[INFO] [1775789633.213482861] [motor_controller]: cmd_vel -> linear=0.00, angular=0.00, left=0.00, right=0.00
[INFO] [1775789633.405912106] [motor_controller]: cmd_vel -> linear=0.00, angular=0.00, left=0.00, right=0.00
[INFO] [1775789633.509017886] [motor_controller]: cmd_vel -> linear=0.00, angular=1.00, left=-0.10, right=0.10
[INFO] [1775789633.703806755] [motor_controller]: cmd_vel -> linear=0.00, angular=1.00, left=-0.10, right=0.10
[INFO] [1775789633.806090475] [motor_controller]: cmd_vel -> linear=0.00, angular=1.00, left=-0.10, right=0.10
[INFO] [1775789634.003373487] [motor_controller]: cmd_vel -> linear=0.00, angular=1.00, left=-0.10, right=0.10
[INFO] [1775789634.106269951] [motor_controller]: cmd_vel -> linear=0.00, angular=1.00, left=-0.10, right=0.10
[INFO] [1775789634.301976658] [motor_controller]: cmd_vel -> linear=0.00, angular=1.00, left=-0.10, right=0.10
[INFO] [1775789634.405465903] [motor_controller]: cmd_vel -> linear=0.00, angular=1.00, left=-0.10, right=0.10
[INFO] [1775789634.608262871] [motor_controller]: cmd_vel -> linear=0.00, angular=0.00, left=0.00, right=0.00
[INFO] [1775789634.702392417] [motor_controller]: cmd_vel -> linear=0.00, angular=0.00, left=0.00, right=0.00
[INFO] [1775789634.906655652] [motor_controller]: cmd_vel -> linear=0.00, angular=0.00, left=0.00, right=0.00
[INFO] [1775789635.000280122] [motor_controller]: cmd_vel -> linear=0.00, angular=0.00, left=0.00, right=0.00
[INFO] [1775789635.205699215] [motor_controller]: cmd_vel -> linear=0.00, angular=0.00, left=0.00, right=0.00
[INFO] [1775789635.306929485] [motor_controller]: cmd_vel -> linear=0.00, angular=0.00, left=0.00, right=0.00
[INFO] [1775789635.398455110] [motor_controller]: cmd_vel -> linear=0.00, angular=0.00, left=0.00, right=0.00
[INFO] [1775789635.603890980] [motor_controller]: cmd_vel -> linear=0.00, angular=0.00, left=0.00, right=0.00
[INFO] [1775789635.808160438] [motor_controller]: cmd_vel -> linear=0.00, angular=0.00, left=0.00, right=0.00
[INFO] [1775789635.912751726] [motor_controller]: cmd_vel -> linear=0.00, angular=0.00, left=0.00, right=0.00
[INFO] [1775789636.110321036] [motor_controller]: cmd_vel -> linear=0.00, angular=0.00, left=0.00, right=0.00
[INFO] [1775789636.206656798] [motor_controller]: cmd_vel -> linear=-0.00, angular=0.00, left=0.00, right=0.00
[INFO] [1775789636.299448763] [motor_controller]: cmd_vel -> linear=-0.00, angular=0.00, left=0.00, right=0.00
[INFO] [1775789636.506353678] [motor_controller]: cmd_vel -> linear=0.00, angular=0.00, left=0.00, right=0.00
[INFO] [1775789637.409199878] [motor_controller]: cmd_vel -> linear=0.01, angular=0.39, left=-0.10, right=0.10
[INFO] [1775789637.503255702] [motor_controller]: cmd_vel -> linear=0.01, angular=0.43, left=-0.10, right=0.10
[INFO] [1775789637.699745228] [motor_controller]: cmd_vel -> linear=0.01, angular=0.43, left=-0.10, right=0.10
[INFO] [1775789637.803760310] [motor_controller]: cmd_vel -> linear=0.00, angular=0.50, left=-0.10, right=0.10
[INFO] [1775789638.003205407] [motor_controller]: cmd_vel -> linear=-0.01, angular=0.49, left=-0.10, right=0.10
[INFO] [1775789638.203143082] [motor_controller]: cmd_vel -> linear=0.00, angular=0.51, left=-0.10, right=0.10
[INFO] [1775789638.308141779] [motor_controller]: cmd_vel -> linear=0.01, angular=0.45, left=-0.10, right=0.10
[INFO] [1775789638.403695111] [motor_controller]: cmd_vel -> linear=0.01, angular=0.45, left=-0.10, right=0.10
[INFO] [1775789638.602891263] [motor_controller]: cmd_vel -> linear=0.01, angular=0.45, left=-0.10, right=0.10
[INFO] [1775789638.705772172] [motor_controller]: cmd_vel -> linear=0.03, angular=0.58, left=-0.10, right=0.10
[INFO] [1775789638.904417450] [motor_controller]: cmd_vel -> linear=0.03, angular=0.58, left=-0.10, right=0.10
[INFO] [1775789639.000447396] [motor_controller]: cmd_vel -> linear=0.03, angular=0.53, left=-0.10, right=0.10
[INFO] [1775789639.206652826] [motor_controller]: cmd_vel -> linear=0.04, angular=0.54, left=-0.10, right=0.10
[INFO] [1775789639.300343389] [motor_controller]: cmd_vel -> linear=0.00, angular=0.00, left=0.00, right=0.00
[INFO] [1775789639.501542089] [motor_controller]: cmd_vel -> linear=0.00, angular=0.00, left=0.00, right=0.00
[INFO] [1775789639.600303030] [motor_controller]: cmd_vel -> linear=0.00, angular=0.00, left=0.00, right=0.00
[INFO] [1775789639.805778957] [motor_controller]: cmd_vel -> linear=0.00, angular=0.00, left=0.00, right=0.00
[INFO] [1775789639.905754683] [motor_controller]: cmd_vel -> linear=0.00, angular=0.00, left=0.00, right=0.00
[INFO] [1775789640.103196566] [motor_controller]: cmd_vel -> linear=0.00, angular=0.00, left=0.00, right=0.00
[INFO] [1775789640.305785162] [motor_controller]: cmd_vel -> linear=0.00, angular=0.00, left=0.00, right=0.00
[INFO] [1775789640.400050154] [motor_controller]: cmd_vel -> linear=0.00, angular=0.00, left=0.00, right=0.00
[INFO] [1775789640.505225297] [motor_controller]: cmd_vel -> linear=0.00, angular=0.00, left=0.00, right=0.00
[INFO] [1775789640.700139629] [motor_controller]: cmd_vel -> linear=0.00, angular=0.00, left=0.00, right=0.00
[INFO] [1775789640.803404966] [motor_controller]: cmd_vel -> linear=0.00, angular=0.00, left=0.00, right=0.00
[INFO] [1775789641.008406575] [motor_controller]: cmd_vel -> linear=0.00, angular=0.00, left=0.00, right=0.00
[INFO] [1775789641.104210705] [motor_controller]: cmd_vel -> linear=0.00, angular=0.00, left=0.00, right=0.00
[INFO] [1775789641.299878171] [motor_controller]: cmd_vel -> linear=0.00, angular=0.00, left=0.00, right=0.00
[INFO] [1775789642.304500625] [motor_controller]: cmd_vel -> linear=0.17, angular=0.44, left=0.10, right=0.11
[INFO] [1775789642.503794759] [motor_controller]: cmd_vel -> linear=0.17, angular=0.46, left=0.10, right=0.11
[INFO] [1775789642.610463966] [motor_controller]: cmd_vel -> linear=0.14, angular=0.52, left=0.00, right=0.10
[INFO] [1775789642.807357976] [motor_controller]: cmd_vel -> linear=0.14, angular=0.51, left=0.00, right=0.10
[INFO] [1775789642.904673576] [motor_controller]: cmd_vel -> linear=0.14, angular=0.50, left=0.00, right=0.10
[INFO] [1775789643.105220569] [motor_controller]: cmd_vel -> linear=0.14, angular=0.49, left=0.00, right=0.10
[INFO] [1775789643.209676079] [motor_controller]: cmd_vel -> linear=0.14, angular=0.50, left=0.00, right=0.10
[INFO] [1775789643.406780219] [motor_controller]: cmd_vel -> linear=0.14, angular=0.49, left=0.00, right=0.10
[INFO] [1775789643.501100359] [motor_controller]: cmd_vel -> linear=0.15, angular=0.49, left=0.00, right=0.10
[INFO] [1775789643.711427905] [motor_controller]: cmd_vel -> linear=0.15, angular=0.49, left=0.00, right=0.10
[INFO] [1775789643.804189888] [motor_controller]: cmd_vel -> linear=0.15, angular=0.49, left=0.00, right=0.11
[INFO] [1775789644.001356955] [motor_controller]: cmd_vel -> linear=0.15, angular=0.49, left=0.00, right=0.10
[INFO] [1775789644.104510180] [motor_controller]: cmd_vel -> linear=0.13, angular=0.48, left=0.00, right=0.10
[INFO] [1775789644.303792517] [motor_controller]: cmd_vel -> linear=0.13, angular=0.46, left=0.00, right=0.10
[INFO] [1775789644.405573068] [motor_controller]: cmd_vel -> linear=0.12, angular=0.45, left=0.00, right=0.10
[INFO] [1775789644.600683438] [motor_controller]: cmd_vel -> linear=0.11, angular=0.46, left=0.00, right=0.10
[INFO] [1775789644.704440648] [motor_controller]: cmd_vel -> linear=0.09, angular=0.47, left=0.00, right=0.10
[INFO] [1775789644.899550833] [motor_controller]: cmd_vel -> linear=0.09, angular=0.48, left=0.00, right=0.10
[INFO] [1775789645.003572137] [motor_controller]: cmd_vel -> linear=0.11, angular=0.49, left=0.00, right=0.10
[INFO] [1775789645.202413361] [motor_controller]: cmd_vel -> linear=0.12, angular=0.48, left=0.00, right=0.10
[INFO] [1775789645.304999009] [motor_controller]: cmd_vel -> linear=0.11, angular=0.49, left=0.00, right=0.10
[INFO] [1775789645.501803685] [motor_controller]: cmd_vel -> linear=0.10, angular=0.48, left=0.00, right=0.10
[INFO] [1775789645.604715056] [motor_controller]: cmd_vel -> linear=0.12, angular=0.47, left=0.00, right=0.10
[INFO] [1775789645.803924579] [motor_controller]: cmd_vel -> linear=0.12, angular=0.49, left=0.00, right=0.10
[INFO] [1775789645.907347823] [motor_controller]: cmd_vel -> linear=0.11, angular=0.52, left=0.00, right=0.10
[INFO] [1775789646.102824918] [motor_controller]: cmd_vel -> linear=0.10, angular=0.53, left=0.00, right=0.10
[INFO] [1775789646.202135770] [motor_controller]: cmd_vel -> linear=0.10, angular=0.52, left=0.00, right=0.10
[INFO] [1775789646.404078511] [motor_controller]: cmd_vel -> linear=0.10, angular=0.52, left=0.00, right=0.10
[INFO] [1775789646.506372861] [motor_controller]: cmd_vel -> linear=0.11, angular=0.56, left=0.00, right=0.10
[INFO] [1775789646.704558507] [motor_controller]: cmd_vel -> linear=0.11, angular=0.53, left=0.00, right=0.10
[INFO] [1775789646.800217340] [motor_controller]: cmd_vel -> linear=0.13, angular=0.50, left=0.00, right=0.10
[INFO] [1775789647.006068602] [motor_controller]: cmd_vel -> linear=0.12, angular=0.49, left=0.00, right=0.10
[INFO] [1775789647.100364390] [motor_controller]: cmd_vel -> linear=0.10, angular=0.50, left=0.00, right=0.10
[INFO] [1775789647.300470602] [motor_controller]: cmd_vel -> linear=0.09, angular=0.48, left=0.00, right=0.10
[INFO] [1775789647.404715166] [motor_controller]: cmd_vel -> linear=0.09, angular=0.49, left=0.00, right=0.10
[INFO] [1775789647.602335791] [motor_controller]: cmd_vel -> linear=0.10, angular=0.48, left=0.00, right=0.10
[INFO] [1775789647.709257240] [motor_controller]: cmd_vel -> linear=0.12, angular=0.50, left=0.00, right=0.10
[INFO] [1775789647.904732538] [motor_controller]: cmd_vel -> linear=0.13, angular=0.49, left=0.00, right=0.10
[INFO] [1775789648.004577912] [motor_controller]: cmd_vel -> linear=0.13, angular=0.51, left=0.00, right=0.10
[INFO] [1775789648.202994930] [motor_controller]: cmd_vel -> linear=0.12, angular=0.50, left=0.00, right=0.10
[INFO] [1775789648.309050781] [motor_controller]: cmd_vel -> linear=0.12, angular=0.50, left=0.00, right=0.10
[INFO] [1775789648.505945754] [motor_controller]: cmd_vel -> linear=0.12, angular=0.47, left=0.00, right=0.10
[INFO] [1775789648.600497210] [motor_controller]: cmd_vel -> linear=0.12, angular=0.51, left=0.00, right=0.10
[INFO] [1775789648.809229062] [motor_controller]: cmd_vel -> linear=0.13, angular=0.51, left=0.00, right=0.10
[INFO] [1775789648.901306745] [motor_controller]: cmd_vel -> linear=0.00, angular=0.00, left=0.00, right=0.00
[INFO] [1775789649.103266153] [motor_controller]: cmd_vel -> linear=0.00, angular=0.00, left=0.00, right=0.00
[INFO] [1775789649.201881964] [motor_controller]: cmd_vel -> linear=0.00, angular=0.00, left=0.00, right=0.00
[INFO] [1775789649.412508826] [motor_controller]: cmd_vel -> linear=0.00, angular=0.00, left=0.00, right=0.00
[INFO] [1775789649.505507274] [motor_controller]: cmd_vel -> linear=0.00, angular=0.00, left=0.00, right=0.00
[INFO] [1775789649.706030100] [motor_controller]: cmd_vel -> linear=0.00, angular=0.00, left=0.00, right=0.00
[INFO] [1775789649.810857963] [motor_controller]: cmd_vel -> linear=0.00, angular=0.00, left=0.00, right=0.00
[INFO] [1775789650.008051123] [motor_controller]: cmd_vel -> linear=0.00, angular=0.00, left=0.00, right=0.00
[INFO] [1775789650.112346928] [motor_controller]: cmd_vel -> linear=0.00, angular=0.00, left=0.00, right=0.00
[INFO] [1775789650.318310968] [motor_controller]: cmd_vel -> linear=0.00, angular=0.00, left=0.00, right=0.00
[INFO] [1775789650.413399446] [motor_controller]: cmd_vel -> linear=0.00, angular=0.00, left=0.00, right=0.00
[INFO] [1775789650.613269953] [motor_controller]: cmd_vel -> linear=0.00, angular=0.00, left=0.00, right=0.00
[INFO] [1775789650.710646776] [motor_controller]: cmd_vel -> linear=0.00, angular=0.00, left=0.00, right=0.00
[INFO] [1775789651.515726484] [motor_controller]: cmd_vel -> linear=0.22, angular=0.04, left=0.10, right=0.10
[INFO] [1775789651.607336776] [motor_controller]: cmd_vel -> linear=0.23, angular=-0.07, left=0.10, right=0.10
[INFO] [1775789651.815036678] [motor_controller]: cmd_vel -> linear=0.24, angular=-0.13, left=0.11, right=0.10
[INFO] [1775789651.912132296] [motor_controller]: cmd_vel -> linear=0.27, angular=-0.11, left=0.12, right=0.10
[INFO] [1775789652.107451723] [motor_controller]: cmd_vel -> linear=0.29, angular=-0.10, left=0.12, right=0.11
[INFO] [1775789652.213056183] [motor_controller]: cmd_vel -> linear=0.29, angular=-0.08, left=0.12, right=0.11
[INFO] [1775789652.310195857] [motor_controller]: cmd_vel -> linear=0.29, angular=-0.09, left=0.13, right=0.11
[INFO] [1775789652.505270801] [motor_controller]: cmd_vel -> linear=0.29, angular=-0.10, left=0.13, right=0.11
[INFO] [1775789652.703189483] [motor_controller]: cmd_vel -> linear=0.28, angular=-0.09, left=0.12, right=0.10
[INFO] [1775789652.813812860] [motor_controller]: cmd_vel -> linear=0.28, angular=-0.09, left=0.12, right=0.10
[INFO] [1775789653.014244074] [motor_controller]: cmd_vel -> linear=0.28, angular=-0.07, left=0.12, right=0.10
[INFO] [1775789653.113191572] [motor_controller]: cmd_vel -> linear=0.29, angular=-0.08, left=0.12, right=0.11
[INFO] [1775789653.209135184] [motor_controller]: cmd_vel -> linear=0.29, angular=-0.09, left=0.12, right=0.11
[INFO] [1775789653.418232575] [motor_controller]: cmd_vel -> linear=0.28, angular=-0.12, left=0.12, right=0.10
[INFO] [1775789653.607818341] [motor_controller]: cmd_vel -> linear=0.27, angular=-0.20, left=0.13, right=0.10
[INFO] [1775789653.713930767] [motor_controller]: cmd_vel -> linear=0.28, angular=-0.28, left=0.14, right=0.10
[INFO] [1775789653.811149571] [motor_controller]: cmd_vel -> linear=0.28, angular=-0.26, left=0.14, right=0.10
[INFO] [1775789654.016667720] [motor_controller]: cmd_vel -> linear=0.27, angular=-0.29, left=0.14, right=0.10
[INFO] [1775789654.212166500] [motor_controller]: cmd_vel -> linear=0.27, angular=-0.29, left=0.14, right=0.10
[INFO] [1775789654.304995521] [motor_controller]: cmd_vel -> linear=0.27, angular=-0.32, left=0.14, right=0.10
[INFO] [1775789654.417119646] [motor_controller]: cmd_vel -> linear=0.26, angular=-0.32, left=0.13, right=0.10
[INFO] [1775789654.613582209] [motor_controller]: cmd_vel -> linear=0.27, angular=-0.32, left=0.14, right=0.10
[INFO] [1775789654.707200290] [motor_controller]: cmd_vel -> linear=0.25, angular=-0.25, left=0.12, right=0.10
[INFO] [1775789654.915705603] [motor_controller]: cmd_vel -> linear=0.24, angular=-0.24, left=0.12, right=0.10
[INFO] [1775789655.115072274] [motor_controller]: cmd_vel -> linear=0.23, angular=-0.26, left=0.11, right=0.10
[INFO] [1775789655.207568590] [motor_controller]: cmd_vel -> linear=0.00, angular=-0.00, left=0.00, right=0.00
[INFO] [1775789655.310101070] [motor_controller]: cmd_vel -> linear=0.00, angular=-0.00, left=0.00, right=0.00
[INFO] [1775789655.503436116] [motor_controller]: cmd_vel -> linear=0.00, angular=0.00, left=0.00, right=0.00
[INFO] [1775789655.608242184] [motor_controller]: cmd_vel -> linear=0.00, angular=0.00, left=0.00, right=0.00
[INFO] [1775789655.803755890] [motor_controller]: cmd_vel -> linear=0.00, angular=0.00, left=0.00, right=0.00
[INFO] [1775789655.904581972] [motor_controller]: cmd_vel -> linear=0.00, angular=0.00, left=0.00, right=0.00
[INFO] [1775789656.107905869] [motor_controller]: cmd_vel -> linear=0.00, angular=0.00, left=0.00, right=0.00
[INFO] [1775789656.203397404] [motor_controller]: cmd_vel -> linear=0.00, angular=0.00, left=0.00, right=0.00
[INFO] [1775789656.406199501] [motor_controller]: cmd_vel -> linear=0.00, angular=0.00, left=0.00, right=0.00
[INFO] [1775789664.920180726] [motor_controller]: cmd_vel -> linear=0.05, angular=0.13, left=0.00, right=0.10
[INFO] [1775789665.010268436] [motor_controller]: cmd_vel -> linear=0.20, angular=0.53, left=0.10, right=0.13
[INFO] [1775789665.215685068] [motor_controller]: cmd_vel -> linear=0.21, angular=0.50, left=0.10, right=0.13
[INFO] [1775789665.314550345] [motor_controller]: cmd_vel -> linear=0.10, angular=0.58, left=0.00, right=0.10
[INFO] [1775789665.510163035] [motor_controller]: cmd_vel -> linear=0.14, angular=0.52, left=0.00, right=0.10
[INFO] [1775789665.715788983] [motor_controller]: cmd_vel -> linear=0.20, angular=0.43, left=0.10, right=0.12
[INFO] [1775789665.811805707] [motor_controller]: cmd_vel -> linear=0.24, angular=0.34, left=0.10, right=0.13
[INFO] [1775789665.918376748] [motor_controller]: cmd_vel -> linear=0.25, angular=0.33, left=0.10, right=0.13
[INFO] [1775789666.117681384] [motor_controller]: cmd_vel -> linear=0.26, angular=0.33, left=0.10, right=0.13
[INFO] [1775789666.313597038] [motor_controller]: cmd_vel -> linear=0.27, angular=0.31, left=0.10, right=0.14
[INFO] [1775789666.411511291] [motor_controller]: cmd_vel -> linear=0.27, angular=0.31, left=0.10, right=0.14
[INFO] [1775789666.503843292] [motor_controller]: cmd_vel -> linear=0.28, angular=0.29, left=0.10, right=0.14
[INFO] [1775789666.716070794] [motor_controller]: cmd_vel -> linear=0.29, angular=0.28, left=0.10, right=0.14
[INFO] [1775789666.815318480] [motor_controller]: cmd_vel -> linear=0.29, angular=0.26, left=0.10, right=0.14
[INFO] [1775789667.012817810] [motor_controller]: cmd_vel -> linear=0.29, angular=0.25, left=0.10, right=0.14
[INFO] [1775789667.115187143] [motor_controller]: cmd_vel -> linear=0.03, angular=0.02, left=0.00, right=0.00
[INFO] [1775789667.311607004] [motor_controller]: cmd_vel -> linear=0.00, angular=0.00, left=0.00, right=0.00
[INFO] [1775789667.417333873] [motor_controller]: cmd_vel -> linear=0.00, angular=0.00, left=0.00, right=0.00
[INFO] [1775789667.606415824] [motor_controller]: cmd_vel -> linear=0.00, angular=0.00, left=0.00, right=0.00
[INFO] [1775789667.713900907] [motor_controller]: cmd_vel -> linear=0.00, angular=0.00, left=0.00, right=0.00
[INFO] [1775789667.910047989] [motor_controller]: cmd_vel -> linear=0.00, angular=0.00, left=0.00, right=0.00
[INFO] [1775789668.007558480] [motor_controller]: cmd_vel -> linear=0.00, angular=-0.00, left=0.00, right=0.00
[INFO] [1775789668.215514848] [motor_controller]: cmd_vel -> linear=0.00, angular=-0.00, left=0.00, right=0.00
[INFO] [1775789668.315291685] [motor_controller]: cmd_vel -> linear=0.00, angular=-0.00, left=0.00, right=0.00
[INFO] [1775789668.514978823] [motor_controller]: cmd_vel -> linear=0.00, angular=0.00, left=0.00, right=0.00
[INFO] [1775789668.609898060] [motor_controller]: cmd_vel -> linear=0.00, angular=0.00, left=0.00, right=0.00
[INFO] [1775789668.806004919] [motor_controller]: cmd_vel -> linear=0.00, angular=0.00, left=0.00, right=0.00
[INFO] [1775789668.905016252] [motor_controller]: cmd_vel -> linear=0.00, angular=0.00, left=0.00, right=0.00
[INFO] [1775789669.112285376] [motor_controller]: cmd_vel -> linear=0.00, angular=0.00, left=0.00, right=0.00
[INFO] [1775789669.205560974] [motor_controller]: cmd_vel -> linear=0.00, angular=0.00, left=0.00, right=0.00
[INFO] [1775789670.901725076] [motor_controller]: cmd_vel -> linear=0.00, angular=1.00, left=-0.10, right=0.10
[INFO] [1775789671.003483887] [motor_controller]: cmd_vel -> linear=0.00, angular=1.00, left=-0.10, right=0.10
[INFO] [1775789671.208146330] [motor_controller]: cmd_vel -> linear=0.00, angular=1.00, left=-0.10, right=0.10
[INFO] [1775789671.299767993] [motor_controller]: cmd_vel -> linear=0.00, angular=1.00, left=-0.10, right=0.10
[INFO] [1775789671.504688604] [motor_controller]: cmd_vel -> linear=0.00, angular=1.00, left=-0.10, right=0.10
[INFO] [1775789671.607909886] [motor_controller]: cmd_vel -> linear=0.00, angular=1.00, left=-0.10, right=0.10
[INFO] [1775789671.803027110] [motor_controller]: cmd_vel -> linear=0.00, angular=1.00, left=-0.10, right=0.10
[INFO] [1775789671.905863316] [motor_controller]: cmd_vel -> linear=0.00, angular=1.00, left=-0.10, right=0.10
[INFO] [1775789672.101999379] [motor_controller]: cmd_vel -> linear=0.00, angular=1.00, left=-0.10, right=0.10
[INFO] [1775789672.205098197] [motor_controller]: cmd_vel -> linear=0.00, angular=1.00, left=-0.10, right=0.10
[INFO] [1775789672.411524631] [motor_controller]: cmd_vel -> linear=0.00, angular=1.00, left=-0.10, right=0.10
[INFO] [1775789672.503001664] [motor_controller]: cmd_vel -> linear=0.00, angular=1.00, left=-0.10, right=0.10
[INFO] [1775789672.708117701] [motor_controller]: cmd_vel -> linear=0.00, angular=1.00, left=-0.10, right=0.10
[INFO] [1775789672.802547695] [motor_controller]: cmd_vel -> linear=0.00, angular=1.00, left=-0.10, right=0.10
[INFO] [1775789673.006465041] [motor_controller]: cmd_vel -> linear=0.00, angular=1.00, left=-0.10, right=0.10
[INFO] [1775789673.100304550] [motor_controller]: cmd_vel -> linear=0.00, angular=1.00, left=-0.10, right=0.10
[INFO] [1775789673.308355214] [motor_controller]: cmd_vel -> linear=0.00, angular=1.00, left=-0.10, right=0.10
[INFO] [1775789673.400125045] [motor_controller]: cmd_vel -> linear=0.00, angular=1.00, left=-0.10, right=0.10
[INFO] [1775789673.607639207] [motor_controller]: cmd_vel -> linear=0.00, angular=1.00, left=-0.10, right=0.10
[INFO] [1775789673.699148240] [motor_controller]: cmd_vel -> linear=0.00, angular=1.00, left=-0.10, right=0.10
[INFO] [1775789673.906527531] [motor_controller]: cmd_vel -> linear=0.00, angular=1.00, left=-0.10, right=0.10
[INFO] [1775789674.003481871] [motor_controller]: cmd_vel -> linear=0.00, angular=1.00, left=-0.10, right=0.10
[INFO] [1775789674.105049959] [motor_controller]: cmd_vel -> linear=0.00, angular=1.00, left=-0.10, right=0.10
[INFO] [1775789674.310423109] [motor_controller]: cmd_vel -> linear=0.00, angular=1.00, left=-0.10, right=0.10
[INFO] [1775789674.403391576] [motor_controller]: cmd_vel -> linear=0.00, angular=1.00, left=-0.10, right=0.10
[INFO] [1775789674.606486992] [motor_controller]: cmd_vel -> linear=0.00, angular=1.00, left=-0.10, right=0.10
[INFO] [1775789674.801468919] [motor_controller]: cmd_vel -> linear=0.00, angular=1.00, left=-0.10, right=0.10
[INFO] [1775789674.905001777] [motor_controller]: cmd_vel -> linear=0.00, angular=1.00, left=-0.10, right=0.10
[INFO] [1775789675.009114415] [motor_controller]: cmd_vel -> linear=0.00, angular=1.00, left=-0.10, right=0.10
[INFO] [1775789675.203570266] [motor_controller]: cmd_vel -> linear=0.00, angular=1.00, left=-0.10, right=0.10
[INFO] [1775789675.298760763] [motor_controller]: cmd_vel -> linear=0.00, angular=1.00, left=-0.10, right=0.10
[INFO] [1775789675.506390963] [motor_controller]: cmd_vel -> linear=0.00, angular=1.00, left=-0.10, right=0.10
[INFO] [1775789675.598727593] [motor_controller]: cmd_vel -> linear=0.00, angular=1.00, left=-0.10, right=0.10
[INFO] [1775789675.807287335] [motor_controller]: cmd_vel -> linear=0.00, angular=1.00, left=-0.10, right=0.10
[INFO] [1775789675.909511907] [motor_controller]: cmd_vel -> linear=0.00, angular=1.00, left=-0.10, right=0.10
[INFO] [1775789676.106238659] [motor_controller]: cmd_vel -> linear=0.00, angular=1.00, left=-0.10, right=0.10
[INFO] [1775789676.208579973] [motor_controller]: cmd_vel -> linear=0.00, angular=1.00, left=-0.10, right=0.10
[INFO] [1775789676.404013440] [motor_controller]: cmd_vel -> linear=0.00, angular=1.00, left=-0.10, right=0.10
[INFO] [1775789676.509439326] [motor_controller]: cmd_vel -> linear=0.00, angular=1.00, left=-0.10, right=0.10
[INFO] [1775789676.703706786] [motor_controller]: cmd_vel -> linear=0.00, angular=1.00, left=-0.10, right=0.10
[INFO] [1775789676.807345089] [motor_controller]: cmd_vel -> linear=0.00, angular=1.00, left=-0.10, right=0.10
[INFO] [1775789677.000937064] [motor_controller]: cmd_vel -> linear=0.00, angular=1.00, left=-0.10, right=0.10
[INFO] [1775789677.103420175] [motor_controller]: cmd_vel -> linear=0.00, angular=1.00, left=-0.10, right=0.10
[INFO] [1775789677.308624214] [motor_controller]: cmd_vel -> linear=0.00, angular=1.00, left=-0.10, right=0.10
[INFO] [1775789677.402802243] [motor_controller]: cmd_vel -> linear=0.00, angular=1.00, left=-0.10, right=0.10
[INFO] [1775789677.607868577] [motor_controller]: cmd_vel -> linear=0.00, angular=1.00, left=-0.10, right=0.10
[INFO] [1775789677.702242662] [motor_controller]: cmd_vel -> linear=0.00, angular=1.00, left=-0.10, right=0.10
[INFO] [1775789677.907968296] [motor_controller]: cmd_vel -> linear=0.00, angular=1.00, left=-0.10, right=0.10
[INFO] [1775789678.002409178] [motor_controller]: cmd_vel -> linear=0.00, angular=1.00, left=-0.10, right=0.10
[INFO] [1775789678.202852728] [motor_controller]: cmd_vel -> linear=0.00, angular=1.00, left=-0.10, right=0.10
[INFO] [1775789678.304918040] [motor_controller]: cmd_vel -> linear=0.00, angular=1.00, left=-0.10, right=0.10
[INFO] [1775789678.501453439] [motor_controller]: cmd_vel -> linear=0.00, angular=1.00, left=-0.10, right=0.10
[INFO] [1775789678.604976019] [motor_controller]: cmd_vel -> linear=0.00, angular=1.00, left=-0.10, right=0.10
[INFO] [1775789678.802715350] [motor_controller]: cmd_vel -> linear=0.00, angular=1.00, left=-0.10, right=0.10
[INFO] [1775789678.898872890] [motor_controller]: cmd_vel -> linear=0.00, angular=1.00, left=-0.10, right=0.10
[INFO] [1775789679.104415856] [motor_controller]: cmd_vel -> linear=0.00, angular=1.00, left=-0.10, right=0.10
[INFO] [1775789679.208309085] [motor_controller]: cmd_vel -> linear=0.00, angular=1.00, left=-0.10, right=0.10
[INFO] [1775789679.404337389] [motor_controller]: cmd_vel -> linear=0.00, angular=0.84, left=-0.10, right=0.10
[INFO] [1775789679.506199922] [motor_controller]: cmd_vel -> linear=0.00, angular=0.20, left=0.00, right=0.00
[INFO] [1775789679.703729030] [motor_controller]: cmd_vel -> linear=0.00, angular=0.00, left=0.00, right=0.00
[INFO] [1775789679.804065241] [motor_controller]: cmd_vel -> linear=0.00, angular=0.00, left=0.00, right=0.00
[INFO] [1775789680.001219402] [motor_controller]: cmd_vel -> linear=0.00, angular=0.00, left=0.00, right=0.00
[INFO] [1775789680.102831342] [motor_controller]: cmd_vel -> linear=0.00, angular=0.00, left=0.00, right=0.00
[INFO] [1775789680.306360871] [motor_controller]: cmd_vel -> linear=0.00, angular=0.00, left=0.00, right=0.00
[INFO] [1775789680.409462430] [motor_controller]: cmd_vel -> linear=0.00, angular=0.00, left=0.00, right=0.00
[INFO] [1775789684.903220401] [motor_controller]: cmd_vel -> linear=0.03, angular=0.08, left=0.00, right=0.00
[INFO] [1775789685.002652310] [motor_controller]: cmd_vel -> linear=0.22, angular=0.35, left=0.10, right=0.12
[INFO] [1775789685.205889745] [motor_controller]: cmd_vel -> linear=0.09, angular=0.19, left=0.00, right=0.10
[INFO] [1775789685.300748055] [motor_controller]: cmd_vel -> linear=0.01, angular=0.13, left=0.00, right=0.00
[INFO] [1775789685.505941816] [motor_controller]: cmd_vel -> linear=0.08, angular=0.17, left=0.00, right=0.10
[INFO] [1775789685.603046027] [motor_controller]: cmd_vel -> linear=0.06, angular=0.23, left=0.00, right=0.10
[INFO] [1775789685.807647859] [motor_controller]: cmd_vel -> linear=0.05, angular=0.28, left=0.00, right=0.10
[INFO] [1775789685.903426322] [motor_controller]: cmd_vel -> linear=0.05, angular=0.30, left=0.00, right=0.10
[INFO] [1775789686.107908931] [motor_controller]: cmd_vel -> linear=0.06, angular=0.34, left=0.00, right=0.10
[INFO] [1775789686.200767397] [motor_controller]: cmd_vel -> linear=0.09, angular=0.28, left=0.00, right=0.10
[INFO] [1775789686.406709014] [motor_controller]: cmd_vel -> linear=0.11, angular=0.28, left=0.00, right=0.10
[INFO] [1775789686.502842368] [motor_controller]: cmd_vel -> linear=0.14, angular=0.25, left=0.10, right=0.10
[INFO] [1775789686.701470297] [motor_controller]: cmd_vel -> linear=0.17, angular=0.26, left=0.10, right=0.10
[INFO] [1775789686.804605596] [motor_controller]: cmd_vel -> linear=0.18, angular=0.26, left=0.10, right=0.10
[INFO] [1775789687.003632083] [motor_controller]: cmd_vel -> linear=0.20, angular=0.24, left=0.10, right=0.10
[INFO] [1775789687.106530455] [motor_controller]: cmd_vel -> linear=0.21, angular=0.21, left=0.10, right=0.10
[INFO] [1775789687.304694955] [motor_controller]: cmd_vel -> linear=0.22, angular=0.21, left=0.10, right=0.11
[INFO] [1775789687.410187861] [motor_controller]: cmd_vel -> linear=-0.12, angular=0.00, left=-0.10, right=-0.10
[INFO] [1775789687.606890779] [motor_controller]: cmd_vel -> linear=-0.15, angular=0.00, left=-0.10, right=-0.10
[INFO] [1775789687.707979086] [motor_controller]: cmd_vel -> linear=-0.15, angular=0.00, left=-0.10, right=-0.10
[INFO] [1775789687.904601689] [motor_controller]: cmd_vel -> linear=-0.15, angular=0.00, left=-0.10, right=-0.10
[INFO] [1775789688.007314801] [motor_controller]: cmd_vel -> linear=-0.15, angular=0.00, left=-0.10, right=-0.10
[INFO] [1775789688.201729207] [motor_controller]: cmd_vel -> linear=-0.15, angular=0.00, left=-0.10, right=-0.10
[INFO] [1775789688.304098447] [motor_controller]: cmd_vel -> linear=-0.15, angular=0.00, left=-0.10, right=-0.10
[INFO] [1775789688.508573370] [motor_controller]: cmd_vel -> linear=-0.15, angular=0.00, left=-0.10, right=-0.10
[INFO] [1775789688.603104586] [motor_controller]: cmd_vel -> linear=-0.15, angular=0.00, left=-0.10, right=-0.10
[INFO] [1775789688.807031525] [motor_controller]: cmd_vel -> linear=-0.15, angular=0.00, left=-0.10, right=-0.10
[INFO] [1775789688.909490988] [motor_controller]: cmd_vel -> linear=-0.15, angular=0.00, left=-0.10, right=-0.10
[INFO] [1775789689.104285673] [motor_controller]: cmd_vel -> linear=-0.15, angular=0.00, left=-0.10, right=-0.10
[INFO] [1775789689.206615987] [motor_controller]: cmd_vel -> linear=-0.15, angular=0.00, left=-0.10, right=-0.10
[INFO] [1775789689.400350556] [motor_controller]: cmd_vel -> linear=-0.15, angular=0.00, left=-0.10, right=-0.10
[INFO] [1775789689.504266508] [motor_controller]: cmd_vel -> linear=-0.15, angular=0.00, left=-0.10, right=-0.10
[INFO] [1775789689.605495039] [motor_controller]: cmd_vel -> linear=-0.15, angular=0.00, left=-0.10, right=-0.10
[INFO] [1775789689.813044571] [motor_controller]: cmd_vel -> linear=-0.15, angular=0.00, left=-0.10, right=-0.10
[INFO] [1775789689.904515419] [motor_controller]: cmd_vel -> linear=-0.15, angular=0.00, left=-0.10, right=-0.10
[INFO] [1775789690.102009749] [motor_controller]: cmd_vel -> linear=-0.15, angular=0.00, left=-0.10, right=-0.10
[INFO] [1775789690.206232962] [motor_controller]: cmd_vel -> linear=-0.15, angular=0.00, left=-0.10, right=-0.10
[INFO] [1775789690.401797059] [motor_controller]: cmd_vel -> linear=-0.15, angular=0.00, left=-0.10, right=-0.10
[INFO] [1775789690.505318583] [motor_controller]: cmd_vel -> linear=-0.15, angular=0.00, left=-0.10, right=-0.10
[INFO] [1775789690.704136161] [motor_controller]: cmd_vel -> linear=-0.15, angular=0.00, left=-0.10, right=-0.10
[INFO] [1775789690.808873895] [motor_controller]: cmd_vel -> linear=-0.15, angular=0.00, left=-0.10, right=-0.10
[INFO] [1775789691.005677869] [motor_controller]: cmd_vel -> linear=-0.15, angular=0.00, left=-0.10, right=-0.10
[INFO] [1775789691.109479673] [motor_controller]: cmd_vel -> linear=-0.15, angular=0.00, left=-0.10, right=-0.10
[INFO] [1775789691.303914190] [motor_controller]: cmd_vel -> linear=-0.15, angular=0.00, left=-0.10, right=-0.10
[INFO] [1775789691.409672837] [motor_controller]: cmd_vel -> linear=-0.15, angular=0.00, left=-0.10, right=-0.10
[INFO] [1775789691.603586851] [motor_controller]: cmd_vel -> linear=-0.15, angular=0.00, left=-0.10, right=-0.10
[INFO] [1775789691.707243691] [motor_controller]: cmd_vel -> linear=-0.15, angular=0.00, left=-0.10, right=-0.10
[INFO] [1775789691.901698504] [motor_controller]: cmd_vel -> linear=-0.15, angular=0.00, left=-0.10, right=-0.10
[INFO] [1775789692.006298330] [motor_controller]: cmd_vel -> linear=-0.15, angular=0.00, left=-0.10, right=-0.10
[INFO] [1775789692.200440772] [motor_controller]: cmd_vel -> linear=-0.15, angular=0.00, left=-0.10, right=-0.10
[INFO] [1775789692.304662633] [motor_controller]: cmd_vel -> linear=-0.15, angular=0.00, left=-0.10, right=-0.10
[INFO] [1775789692.499653968] [motor_controller]: cmd_vel -> linear=-0.15, angular=0.00, left=-0.10, right=-0.10
[INFO] [1775789692.603200918] [motor_controller]: cmd_vel -> linear=-0.15, angular=0.00, left=-0.10, right=-0.10
[INFO] [1775789692.806132666] [motor_controller]: cmd_vel -> linear=-0.15, angular=0.00, left=-0.10, right=-0.10
[INFO] [1775789692.908665129] [motor_controller]: cmd_vel -> linear=-0.15, angular=0.00, left=-0.10, right=-0.10
[INFO] [1775789693.103445167] [motor_controller]: cmd_vel -> linear=-0.15, angular=0.00, left=-0.10, right=-0.10
[INFO] [1775789693.205158848] [motor_controller]: cmd_vel -> linear=-0.15, angular=0.00, left=-0.10, right=-0.10
[INFO] [1775789693.400541185] [motor_controller]: cmd_vel -> linear=-0.03, angular=0.00, left=0.00, right=0.00
[INFO] [1775789693.504055616] [motor_controller]: cmd_vel -> linear=0.00, angular=0.00, left=0.00, right=0.00
[INFO] [1775789693.709248284] [motor_controller]: cmd_vel -> linear=0.00, angular=0.00, left=0.00, right=0.00
[INFO] [1775789693.801416580] [motor_controller]: cmd_vel -> linear=0.00, angular=0.00, left=0.00, right=0.00
[INFO] [1775789694.006766267] [motor_controller]: cmd_vel -> linear=0.00, angular=0.00, left=0.00, right=0.00
[INFO] [1775789694.109972252] [motor_controller]: cmd_vel -> linear=0.00, angular=0.00, left=0.00, right=0.00
[INFO] [1775789694.304285806] [motor_controller]: cmd_vel -> linear=0.00, angular=0.00, left=0.00, right=0.00
[INFO] [1775789694.405998413] [motor_controller]: cmd_vel -> linear=0.00, angular=0.00, left=0.00, right=0.00
