[INFO] [1775702551.568359076] [motor_controller]: Motor Controller Node started
[INFO] [1775702558.269739291] [motor_controller]: cmd_vel -> linear=0.35, angular=0.00, left=0.15, right=0.14
[INFO] [1775702558.808932820] [motor_controller]: cmd_vel -> linear=0.35, angular=0.00, left=0.15, right=0.14
[INFO] [1775702558.866147917] [motor_controller]: cmd_vel -> linear=0.35, angular=0.00, left=0.15, right=0.14
[INFO] [1775702558.984583476] [motor_controller]: cmd_vel -> linear=0.35, angular=0.00, left=0.15, right=0.14
[INFO] [1775702559.044522130] [motor_controller]: cmd_vel -> linear=0.35, angular=0.00, left=0.15, right=0.14
[INFO] [1775702559.163719540] [motor_controller]: cmd_vel -> linear=0.35, angular=0.00, left=0.15, right=0.14
[INFO] [1775702559.224342402] [motor_controller]: cmd_vel -> linear=0.35, angular=0.00, left=0.15, right=0.14
[INFO] [1775702559.281836109] [motor_controller]: cmd_vel -> linear=0.35, angular=0.00, left=0.15, right=0.14
[INFO] [1775702559.403859208] [motor_controller]: cmd_vel -> linear=0.35, angular=0.00, left=0.15, right=0.14
[INFO] [1775702559.464544589] [motor_controller]: cmd_vel -> linear=0.35, angular=0.00, left=0.15, right=0.14
[INFO] [1775702559.585698367] [motor_controller]: cmd_vel -> linear=0.35, angular=0.00, left=0.15, right=0.14
[INFO] [1775702559.645776261] [motor_controller]: cmd_vel -> linear=0.35, angular=0.00, left=0.15, right=0.14
[INFO] [1775702559.767379616] [motor_controller]: cmd_vel -> linear=0.35, angular=0.00, left=0.15, right=0.14
[INFO] [1775702559.827497659] [motor_controller]: cmd_vel -> linear=0.35, angular=0.00, left=0.15, right=0.14
[INFO] [1775702559.888450338] [motor_controller]: cmd_vel -> linear=0.35, angular=0.00, left=0.15, right=0.14
[INFO] [1775702560.010910088] [motor_controller]: cmd_vel -> linear=0.35, angular=0.00, left=0.15, right=0.14
[INFO] [1775702560.072082284] [motor_controller]: cmd_vel -> linear=0.35, angular=0.00, left=0.15, right=0.14
[INFO] [1775702560.133800317] [motor_controller]: cmd_vel -> linear=0.35, angular=0.00, left=0.15, right=0.14
[INFO] [1775702560.193113406] [motor_controller]: cmd_vel -> linear=0.35, angular=0.00, left=0.15, right=0.14
[INFO] [1775702560.311294358] [motor_controller]: cmd_vel -> linear=0.35, angular=0.00, left=0.15, right=0.14
[INFO] [1775702560.427129866] [motor_controller]: cmd_vel -> linear=0.35, angular=0.00, left=0.15, right=0.14
[INFO] [1775702560.487875947] [motor_controller]: cmd_vel -> linear=0.35, angular=0.00, left=0.15, right=0.14
[INFO] [1775702560.548253804] [motor_controller]: cmd_vel -> linear=0.35, angular=0.00, left=0.15, right=0.14
[INFO] [1775702560.670329564] [motor_controller]: cmd_vel -> linear=0.35, angular=0.00, left=0.15, right=0.14
[INFO] [1775702560.731413962] [motor_controller]: cmd_vel -> linear=0.35, angular=0.00, left=0.15, right=0.14
[INFO] [1775702560.792331212] [motor_controller]: cmd_vel -> linear=0.35, angular=0.00, left=0.15, right=0.14
[INFO] [1775702560.911054131] [motor_controller]: cmd_vel -> linear=0.35, angular=0.00, left=0.15, right=0.14
[INFO] [1775702560.968505520] [motor_controller]: cmd_vel -> linear=0.35, angular=0.00, left=0.15, right=0.14
[INFO] [1775702561.087387973] [motor_controller]: cmd_vel -> linear=0.35, angular=0.00, left=0.15, right=0.14
[INFO] [1775702561.145210140] [motor_controller]: cmd_vel -> linear=0.35, angular=0.00, left=0.15, right=0.14
[INFO] [1775702561.205639604] [motor_controller]: cmd_vel -> linear=0.35, angular=0.00, left=0.15, right=0.14
[INFO] [1775702561.323634530] [motor_controller]: cmd_vel -> linear=0.35, angular=0.00, left=0.15, right=0.14
[INFO] [1775702561.381292658] [motor_controller]: cmd_vel -> linear=0.35, angular=0.00, left=0.15, right=0.14
[INFO] [1775702561.499954274] [motor_controller]: cmd_vel -> linear=0.35, angular=0.00, left=0.15, right=0.14
[INFO] [1775702561.556784526] [motor_controller]: cmd_vel -> linear=0.35, angular=0.00, left=0.15, right=0.14
[INFO] [1775702561.676468780] [motor_controller]: cmd_vel -> linear=0.35, angular=0.00, left=0.15, right=0.14
[INFO] [1775702561.736005793] [motor_controller]: cmd_vel -> linear=0.35, angular=0.00, left=0.15, right=0.14
[INFO] [1775702561.794108777] [motor_controller]: cmd_vel -> linear=0.35, angular=0.00, left=0.15, right=0.14
[INFO] [1775702561.917222316] [motor_controller]: cmd_vel -> linear=0.35, angular=0.00, left=0.15, right=0.14
[INFO] [1775702561.978010987] [motor_controller]: cmd_vel -> linear=0.35, angular=0.00, left=0.15, right=0.14
[INFO] [1775702562.101450764] [motor_controller]: cmd_vel -> linear=0.35, angular=0.00, left=0.15, right=0.14
[INFO] [1775702562.159020333] [motor_controller]: cmd_vel -> linear=0.35, angular=0.00, left=0.15, right=0.14
[INFO] [1775702562.219716352] [motor_controller]: cmd_vel -> linear=0.35, angular=0.00, left=0.15, right=0.14
[INFO] [1775702562.340474811] [motor_controller]: cmd_vel -> linear=0.35, angular=0.00, left=0.15, right=0.14
[INFO] [1775702562.401733890] [motor_controller]: cmd_vel -> linear=0.35, angular=0.00, left=0.15, right=0.14
[INFO] [1775702562.458959604] [motor_controller]: cmd_vel -> linear=0.35, angular=0.00, left=0.15, right=0.14
[INFO] [1775702563.484042054] [motor_controller]: cmd_vel -> linear=0.35, angular=0.00, left=0.15, right=0.14
[INFO] [1775702563.971343416] [motor_controller]: cmd_vel -> linear=0.35, angular=0.00, left=0.15, right=0.14
[INFO] [1775702564.090091589] [motor_controller]: cmd_vel -> linear=0.35, angular=0.00, left=0.15, right=0.14
[INFO] [1775702564.150831176] [motor_controller]: cmd_vel -> linear=0.35, angular=0.00, left=0.15, right=0.14
[INFO] [1775702564.211739875] [motor_controller]: cmd_vel -> linear=0.35, angular=0.00, left=0.15, right=0.14
[INFO] [1775702564.333559663] [motor_controller]: cmd_vel -> linear=0.35, angular=0.00, left=0.15, right=0.14
[INFO] [1775702564.394283769] [motor_controller]: cmd_vel -> linear=0.35, angular=0.00, left=0.15, right=0.14
[INFO] [1775702564.452501911] [motor_controller]: cmd_vel -> linear=0.35, angular=0.00, left=0.15, right=0.14
[INFO] [1775702567.645472219] [motor_controller]: cmd_vel -> linear=0.35, angular=0.00, left=0.15, right=0.14
[INFO] [1775702568.178598846] [motor_controller]: cmd_vel -> linear=0.35, angular=0.00, left=0.15, right=0.14
[INFO] [1775702568.299758123] [motor_controller]: cmd_vel -> linear=0.35, angular=0.00, left=0.15, right=0.14
[INFO] [1775702568.360535642] [motor_controller]: cmd_vel -> linear=0.35, angular=0.00, left=0.15, right=0.14
[INFO] [1775702568.417869229] [motor_controller]: cmd_vel -> linear=0.35, angular=0.00, left=0.15, right=0.14
[INFO] [1775702568.535781426] [motor_controller]: cmd_vel -> linear=0.35, angular=0.00, left=0.15, right=0.14
[INFO] [1775702568.596558279] [motor_controller]: cmd_vel -> linear=0.35, angular=0.00, left=0.15, right=0.14
[INFO] [1775702568.715912135] [motor_controller]: cmd_vel -> linear=0.35, angular=0.00, left=0.15, right=0.14
[INFO] [1775702568.774356155] [motor_controller]: cmd_vel -> linear=0.35, angular=0.00, left=0.15, right=0.14
[INFO] [1775702568.897789597] [motor_controller]: cmd_vel -> linear=0.35, angular=0.00, left=0.15, right=0.14
[INFO] [1775702568.958991378] [motor_controller]: cmd_vel -> linear=0.35, angular=0.00, left=0.15, right=0.14
[INFO] [1775702569.019895212] [motor_controller]: cmd_vel -> linear=0.35, angular=0.00, left=0.15, right=0.14
[INFO] [1775702569.080732748] [motor_controller]: cmd_vel -> linear=0.35, angular=0.00, left=0.15, right=0.14
[INFO] [1775702569.195472471] [motor_controller]: cmd_vel -> linear=0.35, angular=0.00, left=0.15, right=0.14
[INFO] [1775702569.311557260] [motor_controller]: cmd_vel -> linear=0.35, angular=0.00, left=0.15, right=0.14
[INFO] [1775702569.369007993] [motor_controller]: cmd_vel -> linear=0.35, angular=0.00, left=0.15, right=0.14
[INFO] [1775702569.426225335] [motor_controller]: cmd_vel -> linear=0.35, angular=0.00, left=0.15, right=0.14
[INFO] [1775702569.484102682] [motor_controller]: cmd_vel -> linear=0.35, angular=0.00, left=0.15, right=0.14
[INFO] [1775702569.605642067] [motor_controller]: cmd_vel -> linear=0.35, angular=0.00, left=0.15, right=0.14
[INFO] [1775702569.724068632] [motor_controller]: cmd_vel -> linear=0.35, angular=0.00, left=0.15, right=0.14
[INFO] [1775702569.786811162] [motor_controller]: cmd_vel -> linear=0.35, angular=0.00, left=0.15, right=0.14
[INFO] [1775702569.844086227] [motor_controller]: cmd_vel -> linear=0.35, angular=0.00, left=0.15, right=0.14
[INFO] [1775702569.962567089] [motor_controller]: cmd_vel -> linear=0.35, angular=0.00, left=0.15, right=0.14
[INFO] [1775702570.022436413] [motor_controller]: cmd_vel -> linear=0.35, angular=0.00, left=0.15, right=0.14
[INFO] [1775702570.079853661] [motor_controller]: cmd_vel -> linear=0.35, angular=0.00, left=0.15, right=0.14
[INFO] [1775702570.144483128] [motor_controller]: cmd_vel -> linear=0.00, angular=0.25, left=-0.11, right=0.11
[INFO] [1775702570.681844733] [motor_controller]: cmd_vel -> linear=0.00, angular=0.25, left=-0.11, right=0.11
[INFO] [1775702570.742728469] [motor_controller]: cmd_vel -> linear=0.00, angular=0.25, left=-0.11, right=0.11
[INFO] [1775702570.744212128] [motor_controller]: cmd_vel -> linear=0.35, angular=0.00, left=0.15, right=0.14
[INFO] [1775702581.849755351] [motor_controller]: cmd_vel -> linear=0.35, angular=0.00, left=0.15, right=0.14
[INFO] [1775702582.387923645] [motor_controller]: cmd_vel -> linear=0.35, angular=0.00, left=0.15, right=0.14
[INFO] [1775702582.447469745] [motor_controller]: cmd_vel -> linear=0.35, angular=0.00, left=0.15, right=0.14
[INFO] [1775702582.569280704] [motor_controller]: cmd_vel -> linear=0.35, angular=0.00, left=0.15, right=0.14
[INFO] [1775702582.629721847] [motor_controller]: cmd_vel -> linear=0.35, angular=0.00, left=0.15, right=0.14
[INFO] [1775702582.748450934] [motor_controller]: cmd_vel -> linear=0.35, angular=0.00, left=0.15, right=0.14
[INFO] [1775702582.809146838] [motor_controller]: cmd_vel -> linear=0.35, angular=0.00, left=0.15, right=0.14
[INFO] [1775702582.867492208] [motor_controller]: cmd_vel -> linear=0.35, angular=0.00, left=0.15, right=0.14
[INFO] [1775702582.985432715] [motor_controller]: cmd_vel -> linear=0.35, angular=0.00, left=0.15, right=0.14
[INFO] [1775702584.596377084] [motor_controller]: cmd_vel -> linear=0.35, angular=0.00, left=0.15, right=0.14
[INFO] [1775702585.076450141] [motor_controller]: cmd_vel -> linear=0.35, angular=0.00, left=0.15, right=0.14
[INFO] [1775702585.197932452] [motor_controller]: cmd_vel -> linear=0.35, angular=0.00, left=0.15, right=0.14
[INFO] [1775702585.257376692] [motor_controller]: cmd_vel -> linear=0.35, angular=0.00, left=0.15, right=0.14
[INFO] [1775702585.315623812] [motor_controller]: cmd_vel -> linear=0.35, angular=0.00, left=0.15, right=0.14
[INFO] [1775702585.433152857] [motor_controller]: cmd_vel -> linear=0.35, angular=0.00, left=0.15, right=0.14
[INFO] [1775702585.614163371] [motor_controller]: cmd_vel -> linear=-0.35, angular=0.00, left=-0.15, right=-0.14
[INFO] [1775702586.082114106] [motor_controller]: cmd_vel -> linear=-0.35, angular=0.00, left=-0.15, right=-0.14
[INFO] [1775702586.428510536] [motor_controller]: cmd_vel -> linear=0.35, angular=0.00, left=0.15, right=0.14
[INFO] [1775702586.854630482] [motor_controller]: cmd_vel -> linear=0.35, angular=0.00, left=0.15, right=0.14
[INFO] [1775702588.556457585] [motor_controller]: cmd_vel -> linear=-0.35, angular=0.00, left=-0.15, right=-0.14
[INFO] [1775702589.096795869] [motor_controller]: cmd_vel -> linear=-0.35, angular=0.00, left=-0.15, right=-0.14
[INFO] [1775702589.154467958] [motor_controller]: cmd_vel -> linear=-0.35, angular=0.00, left=-0.15, right=-0.14
[INFO] [1775702589.273032211] [motor_controller]: cmd_vel -> linear=-0.35, angular=0.00, left=-0.15, right=-0.14
[INFO] [1775702589.330621484] [motor_controller]: cmd_vel -> linear=-0.35, angular=0.00, left=-0.15, right=-0.14
[INFO] [1775702589.391491370] [motor_controller]: cmd_vel -> linear=-0.35, angular=0.00, left=-0.15, right=-0.14
[INFO] [1775702589.506635546] [motor_controller]: cmd_vel -> linear=-0.35, angular=0.00, left=-0.15, right=-0.14
[INFO] [1775702589.564172967] [motor_controller]: cmd_vel -> linear=-0.35, angular=0.00, left=-0.15, right=-0.14
[INFO] [1775702589.682871813] [motor_controller]: cmd_vel -> linear=-0.35, angular=0.00, left=-0.15, right=-0.14
[INFO] [1775702589.740527457] [motor_controller]: cmd_vel -> linear=-0.35, angular=0.00, left=-0.15, right=-0.14
[INFO] [1775702589.858961117] [motor_controller]: cmd_vel -> linear=-0.35, angular=0.00, left=-0.15, right=-0.14
[INFO] [1775702589.919818059] [motor_controller]: cmd_vel -> linear=-0.35, angular=0.00, left=-0.15, right=-0.14
[INFO] [1775702589.977358091] [motor_controller]: cmd_vel -> linear=-0.35, angular=0.00, left=-0.15, right=-0.14
[INFO] [1775702590.094080976] [motor_controller]: cmd_vel -> linear=-0.35, angular=0.00, left=-0.15, right=-0.14
[INFO] [1775702590.209526779] [motor_controller]: cmd_vel -> linear=-0.35, angular=0.00, left=-0.15, right=-0.14
[INFO] [1775702590.267268680] [motor_controller]: cmd_vel -> linear=-0.35, angular=0.00, left=-0.15, right=-0.14
[INFO] [1775702590.328113101] [motor_controller]: cmd_vel -> linear=-0.35, angular=0.00, left=-0.15, right=-0.14
[INFO] [1775702590.446410940] [motor_controller]: cmd_vel -> linear=-0.35, angular=0.00, left=-0.15, right=-0.14
[INFO] [1775702590.504309397] [motor_controller]: cmd_vel -> linear=-0.35, angular=0.00, left=-0.15, right=-0.14
[INFO] [1775702590.626087240] [motor_controller]: cmd_vel -> linear=-0.35, angular=0.00, left=-0.15, right=-0.14
[INFO] [1775702590.685911524] [motor_controller]: cmd_vel -> linear=-0.35, angular=0.00, left=-0.15, right=-0.14
[INFO] [1775702590.743658870] [motor_controller]: cmd_vel -> linear=-0.35, angular=0.00, left=-0.15, right=-0.14
[INFO] [1775702590.864692023] [motor_controller]: cmd_vel -> linear=-0.35, angular=0.00, left=-0.15, right=-0.14
[INFO] [1775702590.925326387] [motor_controller]: cmd_vel -> linear=-0.35, angular=0.00, left=-0.15, right=-0.14
[INFO] [1775702591.046550353] [motor_controller]: cmd_vel -> linear=-0.35, angular=0.00, left=-0.15, right=-0.14
[INFO] [1775702591.107429697] [motor_controller]: cmd_vel -> linear=-0.35, angular=0.00, left=-0.15, right=-0.14
[INFO] [1775702591.168345561] [motor_controller]: cmd_vel -> linear=-0.35, angular=0.00, left=-0.15, right=-0.14
[INFO] [1775702591.289620654] [motor_controller]: cmd_vel -> linear=-0.35, angular=0.00, left=-0.15, right=-0.14
[INFO] [1775702591.350702129] [motor_controller]: cmd_vel -> linear=-0.35, angular=0.00, left=-0.15, right=-0.14
[INFO] [1775702591.472563819] [motor_controller]: cmd_vel -> linear=-0.35, angular=0.00, left=-0.15, right=-0.14
[INFO] [1775702591.532631713] [motor_controller]: cmd_vel -> linear=-0.35, angular=0.00, left=-0.15, right=-0.14
[INFO] [1775702591.592744683] [motor_controller]: cmd_vel -> linear=-0.35, angular=0.00, left=-0.15, right=-0.14
[INFO] [1775702591.711643817] [motor_controller]: cmd_vel -> linear=-0.35, angular=0.00, left=-0.15, right=-0.14
[INFO] [1775702591.768887101] [motor_controller]: cmd_vel -> linear=-0.35, angular=0.00, left=-0.15, right=-0.14
[INFO] [1775702591.887380418] [motor_controller]: cmd_vel -> linear=-0.35, angular=0.00, left=-0.15, right=-0.14
[INFO] [1775702591.945411244] [motor_controller]: cmd_vel -> linear=-0.35, angular=0.00, left=-0.15, right=-0.14
[INFO] [1775702592.007561115] [motor_controller]: cmd_vel -> linear=-0.35, angular=0.00, left=-0.15, right=-0.14
[INFO] [1775702592.125694035] [motor_controller]: cmd_vel -> linear=-0.35, angular=0.00, left=-0.15, right=-0.14
[INFO] [1775702592.186579266] [motor_controller]: cmd_vel -> linear=-0.35, angular=0.00, left=-0.15, right=-0.14
[INFO] [1775702592.305279579] [motor_controller]: cmd_vel -> linear=-0.35, angular=0.00, left=-0.15, right=-0.14
[INFO] [1775702592.363166995] [motor_controller]: cmd_vel -> linear=-0.35, angular=0.00, left=-0.15, right=-0.14
[INFO] [1775702592.423949762] [motor_controller]: cmd_vel -> linear=-0.35, angular=0.00, left=-0.15, right=-0.14
[INFO] [1775702592.539557333] [motor_controller]: cmd_vel -> linear=-0.35, angular=0.00, left=-0.15, right=-0.14
[INFO] [1775702592.600063840] [motor_controller]: cmd_vel -> linear=-0.35, angular=0.00, left=-0.15, right=-0.14
[INFO] [1775702592.657150769] [motor_controller]: cmd_vel -> linear=-0.35, angular=0.00, left=-0.15, right=-0.14
[INFO] [1775702592.775978657] [motor_controller]: cmd_vel -> linear=-0.35, angular=0.00, left=-0.15, right=-0.14
[INFO] [1775702592.913290197] [motor_controller]: cmd_vel -> linear=-0.35, angular=0.00, left=-0.15, right=-0.14
[INFO] [1775702592.971104130] [motor_controller]: cmd_vel -> linear=-0.35, angular=0.00, left=-0.15, right=-0.14
[INFO] [1775702593.031869415] [motor_controller]: cmd_vel -> linear=-0.35, angular=0.00, left=-0.15, right=-0.14
[INFO] [1775702593.033301220] [motor_controller]: cmd_vel -> linear=0.00, angular=-0.25, left=0.11, right=-0.11
[INFO] [1775702593.557248644] [motor_controller]: cmd_vel -> linear=0.00, angular=-0.25, left=0.11, right=-0.11
[INFO] [1775702593.678977934] [motor_controller]: cmd_vel -> linear=0.00, angular=-0.25, left=0.11, right=-0.11
[INFO] [1775702593.739477678] [motor_controller]: cmd_vel -> linear=0.00, angular=-0.25, left=0.11, right=-0.11
[INFO] [1775702593.801220486] [motor_controller]: cmd_vel -> linear=0.00, angular=-0.25, left=0.11, right=-0.11
[INFO] [1775702593.920170518] [motor_controller]: cmd_vel -> linear=0.00, angular=-0.25, left=0.11, right=-0.11
[INFO] [1775702593.978031468] [motor_controller]: cmd_vel -> linear=0.00, angular=-0.25, left=0.11, right=-0.11
[INFO] [1775702594.096493882] [motor_controller]: cmd_vel -> linear=0.00, angular=-0.25, left=0.11, right=-0.11
[INFO] [1775702594.154526608] [motor_controller]: cmd_vel -> linear=0.00, angular=-0.25, left=0.11, right=-0.11
[INFO] [1775702594.215620872] [motor_controller]: cmd_vel -> linear=0.00, angular=-0.25, left=0.11, right=-0.11
[INFO] [1775702594.334438195] [motor_controller]: cmd_vel -> linear=0.00, angular=-0.25, left=0.11, right=-0.11
[INFO] [1775702594.395211790] [motor_controller]: cmd_vel -> linear=0.00, angular=-0.25, left=0.11, right=-0.11
[INFO] [1775702594.452734477] [motor_controller]: cmd_vel -> linear=0.00, angular=-0.25, left=0.11, right=-0.11
[INFO] [1775702596.736848569] [motor_controller]: cmd_vel -> linear=0.35, angular=0.00, left=0.15, right=0.14
[INFO] [1775702596.797931532] [motor_controller]: cmd_vel -> linear=0.00, angular=-0.25, left=0.11, right=-0.11
[INFO] [1775702598.051213953] [motor_controller]: cmd_vel -> linear=0.35, angular=0.00, left=0.15, right=0.14
[INFO] [1775702598.586561080] [motor_controller]: cmd_vel -> linear=0.35, angular=0.00, left=0.15, right=0.14
[INFO] [1775702598.644212850] [motor_controller]: cmd_vel -> linear=0.35, angular=0.00, left=0.15, right=0.14
[INFO] [1775702598.762692929] [motor_controller]: cmd_vel -> linear=0.35, angular=0.00, left=0.15, right=0.14
[INFO] [1775702598.822562139] [motor_controller]: cmd_vel -> linear=0.35, angular=0.00, left=0.15, right=0.14
[INFO] [1775702598.941242071] [motor_controller]: cmd_vel -> linear=0.35, angular=0.00, left=0.15, right=0.14
[INFO] [1775702599.002109379] [motor_controller]: cmd_vel -> linear=0.35, angular=0.00, left=0.15, right=0.14
[INFO] [1775702599.120276137] [motor_controller]: cmd_vel -> linear=0.35, angular=0.00, left=0.15, right=0.14
[INFO] [1775702599.177539717] [motor_controller]: cmd_vel -> linear=0.35, angular=0.00, left=0.15, right=0.14
[INFO] [1775702599.300834802] [motor_controller]: cmd_vel -> linear=0.35, angular=0.00, left=0.15, right=0.14
[INFO] [1775702599.357728214] [motor_controller]: cmd_vel -> linear=0.35, angular=0.00, left=0.15, right=0.14
[INFO] [1775702599.419638007] [motor_controller]: cmd_vel -> linear=0.35, angular=0.00, left=0.15, right=0.14
[INFO] [1775702599.477786112] [motor_controller]: cmd_vel -> linear=0.35, angular=0.00, left=0.15, right=0.14
[INFO] [1775702599.599423760] [motor_controller]: cmd_vel -> linear=0.35, angular=0.00, left=0.15, right=0.14
[INFO] [1775702599.657330197] [motor_controller]: cmd_vel -> linear=0.35, angular=0.00, left=0.15, right=0.14
[INFO] [1775702599.775931624] [motor_controller]: cmd_vel -> linear=0.35, angular=0.00, left=0.15, right=0.14
[INFO] [1775702599.836678336] [motor_controller]: cmd_vel -> linear=0.35, angular=0.00, left=0.15, right=0.14
[INFO] [1775702599.897466253] [motor_controller]: cmd_vel -> linear=0.35, angular=0.00, left=0.15, right=0.14
[INFO] [1775702600.019118123] [motor_controller]: cmd_vel -> linear=0.35, angular=0.00, left=0.15, right=0.14
[INFO] [1775702600.137067856] [motor_controller]: cmd_vel -> linear=0.35, angular=0.00, left=0.15, right=0.14
[INFO] [1775702600.198753868] [motor_controller]: cmd_vel -> linear=0.35, angular=0.00, left=0.15, right=0.14
[INFO] [1775702600.256287948] [motor_controller]: cmd_vel -> linear=0.35, angular=0.00, left=0.15, right=0.14
[INFO] [1775702600.374927222] [motor_controller]: cmd_vel -> linear=0.35, angular=0.00, left=0.15, right=0.14
[INFO] [1775702600.435752655] [motor_controller]: cmd_vel -> linear=0.35, angular=0.00, left=0.15, right=0.14
[INFO] [1775702600.493472162] [motor_controller]: cmd_vel -> linear=0.35, angular=0.00, left=0.15, right=0.14
[INFO] [1775702600.611811694] [motor_controller]: cmd_vel -> linear=0.35, angular=0.00, left=0.15, right=0.14
[INFO] [1775702600.669592535] [motor_controller]: cmd_vel -> linear=0.35, angular=0.00, left=0.15, right=0.14
[INFO] [1775702600.788304161] [motor_controller]: cmd_vel -> linear=0.35, angular=0.00, left=0.15, right=0.14
[INFO] [1775702600.847097786] [motor_controller]: cmd_vel -> linear=0.35, angular=0.00, left=0.15, right=0.14
[INFO] [1775702600.966324267] [motor_controller]: cmd_vel -> linear=0.35, angular=0.00, left=0.15, right=0.14
[INFO] [1775702601.026840383] [motor_controller]: cmd_vel -> linear=0.35, angular=0.00, left=0.15, right=0.14
[INFO] [1775702601.142168818] [motor_controller]: cmd_vel -> linear=0.35, angular=0.00, left=0.15, right=0.14
[INFO] [1775702601.202779599] [motor_controller]: cmd_vel -> linear=0.35, angular=0.00, left=0.15, right=0.14
[INFO] [1775702601.259732118] [motor_controller]: cmd_vel -> linear=0.35, angular=0.00, left=0.15, right=0.14
[INFO] [1775702601.375220925] [motor_controller]: cmd_vel -> linear=0.35, angular=0.00, left=0.15, right=0.14
[INFO] [1775702601.433185394] [motor_controller]: cmd_vel -> linear=0.35, angular=0.00, left=0.15, right=0.14
[INFO] [1775702601.493750527] [motor_controller]: cmd_vel -> linear=0.35, angular=0.00, left=0.15, right=0.14
[INFO] [1775702601.612065239] [motor_controller]: cmd_vel -> linear=0.35, angular=0.00, left=0.15, right=0.14
[INFO] [1775702601.672531019] [motor_controller]: cmd_vel -> linear=0.35, angular=0.00, left=0.15, right=0.14
[INFO] [1775702601.793767396] [motor_controller]: cmd_vel -> linear=0.35, angular=0.00, left=0.15, right=0.14
[INFO] [1775702601.854439456] [motor_controller]: cmd_vel -> linear=0.35, angular=0.00, left=0.15, right=0.14
[INFO] [1775702601.972703778] [motor_controller]: cmd_vel -> linear=0.35, angular=0.00, left=0.15, right=0.14
[INFO] [1775702602.033288947] [motor_controller]: cmd_vel -> linear=0.35, angular=0.00, left=0.15, right=0.14
[INFO] [1775702602.094581786] [motor_controller]: cmd_vel -> linear=0.35, angular=0.00, left=0.15, right=0.14
[INFO] [1775702602.209877975] [motor_controller]: cmd_vel -> linear=0.35, angular=0.00, left=0.15, right=0.14
[INFO] [1775702602.271198610] [motor_controller]: cmd_vel -> linear=0.35, angular=0.00, left=0.15, right=0.14
[INFO] [1775702602.392910411] [motor_controller]: cmd_vel -> linear=0.35, angular=0.00, left=0.15, right=0.14
[INFO] [1775702602.450643377] [motor_controller]: cmd_vel -> linear=0.35, angular=0.00, left=0.15, right=0.14
[INFO] [1775702602.508085267] [motor_controller]: cmd_vel -> linear=0.35, angular=0.00, left=0.15, right=0.14
[INFO] [1775702602.626431660] [motor_controller]: cmd_vel -> linear=0.35, angular=0.00, left=0.15, right=0.14
[INFO] [1775702602.684308071] [motor_controller]: cmd_vel -> linear=0.35, angular=0.00, left=0.15, right=0.14
[INFO] [1775702602.802678260] [motor_controller]: cmd_vel -> linear=0.35, angular=0.00, left=0.15, right=0.14
[INFO] [1775702602.859829501] [motor_controller]: cmd_vel -> linear=0.35, angular=0.00, left=0.15, right=0.14
[INFO] [1775702602.920526169] [motor_controller]: cmd_vel -> linear=0.35, angular=0.00, left=0.15, right=0.14
[INFO] [1775702603.036157470] [motor_controller]: cmd_vel -> linear=0.35, angular=0.00, left=0.15, right=0.14
[INFO] [1775702603.093751859] [motor_controller]: cmd_vel -> linear=0.35, angular=0.00, left=0.15, right=0.14
[INFO] [1775702603.153978559] [motor_controller]: cmd_vel -> linear=0.35, angular=0.00, left=0.15, right=0.14
[INFO] [1775702603.271946427] [motor_controller]: cmd_vel -> linear=0.35, angular=0.00, left=0.15, right=0.14
[INFO] [1775702603.332496981] [motor_controller]: cmd_vel -> linear=0.35, angular=0.00, left=0.15, right=0.14
[INFO] [1775702603.450094383] [motor_controller]: cmd_vel -> linear=0.35, angular=0.00, left=0.15, right=0.14
[INFO] [1775702603.508114904] [motor_controller]: cmd_vel -> linear=0.35, angular=0.00, left=0.15, right=0.14
[INFO] [1775702603.626598052] [motor_controller]: cmd_vel -> linear=0.35, angular=0.00, left=0.15, right=0.14
[INFO] [1775702603.684189663] [motor_controller]: cmd_vel -> linear=0.35, angular=0.00, left=0.15, right=0.14
[INFO] [1775702603.802449495] [motor_controller]: cmd_vel -> linear=0.35, angular=0.00, left=0.15, right=0.14
[INFO] [1775702603.863122124] [motor_controller]: cmd_vel -> linear=0.35, angular=0.00, left=0.15, right=0.14
[INFO] [1775702607.653265110] [motor_controller]: cmd_vel -> linear=0.35, angular=0.00, left=0.15, right=0.14
[INFO] [1775702608.191551783] [motor_controller]: cmd_vel -> linear=0.35, angular=0.00, left=0.15, right=0.14
[INFO] [1775702608.251993807] [motor_controller]: cmd_vel -> linear=0.35, angular=0.00, left=0.15, right=0.14
[INFO] [1775702608.368139957] [motor_controller]: cmd_vel -> linear=0.35, angular=0.00, left=0.15, right=0.14
[INFO] [1775702608.425319407] [motor_controller]: cmd_vel -> linear=0.35, angular=0.00, left=0.15, right=0.14
[INFO] [1775702608.544208350] [motor_controller]: cmd_vel -> linear=0.35, angular=0.00, left=0.15, right=0.14
[INFO] [1775702608.604587317] [motor_controller]: cmd_vel -> linear=0.35, angular=0.00, left=0.15, right=0.14
[INFO] [1775702608.661924305] [motor_controller]: cmd_vel -> linear=0.35, angular=0.00, left=0.15, right=0.14
[INFO] [1775702608.783745820] [motor_controller]: cmd_vel -> linear=0.35, angular=0.00, left=0.15, right=0.14
[INFO] [1775702608.841544310] [motor_controller]: cmd_vel -> linear=0.35, angular=0.00, left=0.15, right=0.14
[INFO] [1775702608.961378666] [motor_controller]: cmd_vel -> linear=0.35, angular=0.00, left=0.15, right=0.14
[INFO] [1775702609.022715471] [motor_controller]: cmd_vel -> linear=0.35, angular=0.00, left=0.15, right=0.14
[INFO] [1775702609.080134253] [motor_controller]: cmd_vel -> linear=0.35, angular=0.00, left=0.15, right=0.14
[INFO] [1775702609.195393894] [motor_controller]: cmd_vel -> linear=0.35, angular=0.00, left=0.15, right=0.14
[INFO] [1775702609.254273203] [motor_controller]: cmd_vel -> linear=0.35, angular=0.00, left=0.15, right=0.14
[INFO] [1775702609.372952122] [motor_controller]: cmd_vel -> linear=0.35, angular=0.00, left=0.15, right=0.14
[INFO] [1775702609.433549663] [motor_controller]: cmd_vel -> linear=0.35, angular=0.00, left=0.15, right=0.14
[INFO] [1775702609.491552059] [motor_controller]: cmd_vel -> linear=0.35, angular=0.00, left=0.15, right=0.14
[INFO] [1775702609.611535041] [motor_controller]: cmd_vel -> linear=0.35, angular=0.00, left=0.15, right=0.14
[INFO] [1775702609.732857308] [motor_controller]: cmd_vel -> linear=0.35, angular=0.00, left=0.15, right=0.14
[INFO] [1775702609.793533720] [motor_controller]: cmd_vel -> linear=0.35, angular=0.00, left=0.15, right=0.14
[INFO] [1775702609.854218650] [motor_controller]: cmd_vel -> linear=0.35, angular=0.00, left=0.15, right=0.14
[INFO] [1775702609.914931543] [motor_controller]: cmd_vel -> linear=0.35, angular=0.00, left=0.15, right=0.14
[INFO] [1775702610.037808929] [motor_controller]: cmd_vel -> linear=0.35, angular=0.00, left=0.15, right=0.14
[INFO] [1775702610.098520523] [motor_controller]: cmd_vel -> linear=0.35, angular=0.00, left=0.15, right=0.14
[INFO] [1775702610.219166615] [motor_controller]: cmd_vel -> linear=0.35, angular=0.00, left=0.15, right=0.14
[INFO] [1775702610.276576840] [motor_controller]: cmd_vel -> linear=0.35, angular=0.00, left=0.15, right=0.14
[INFO] [1775702610.401571197] [motor_controller]: cmd_vel -> linear=0.35, angular=0.00, left=0.15, right=0.14
[INFO] [1775702610.458940977] [motor_controller]: cmd_vel -> linear=0.35, angular=0.00, left=0.15, right=0.14
[INFO] [1775702610.580779057] [motor_controller]: cmd_vel -> linear=0.35, angular=0.00, left=0.15, right=0.14
[INFO] [1775702610.640477943] [motor_controller]: cmd_vel -> linear=0.35, angular=0.00, left=0.15, right=0.14
[INFO] [1775702610.701721059] [motor_controller]: cmd_vel -> linear=0.35, angular=0.00, left=0.15, right=0.14
