[INFO] [1775932204.091477276] [motor_controller]: Motor Controller Node started
[INFO] [1775932239.330524960] [motor_controller]: cmd_vel -> linear=0.45, angular=0.00, left=0.18, right=0.18
[INFO] [1775932239.839021628] [motor_controller]: cmd_vel -> linear=0.45, angular=0.00, left=0.18, right=0.18
[INFO] [1775932239.933568980] [motor_controller]: cmd_vel -> linear=0.45, angular=0.00, left=0.18, right=0.18
[INFO] [1775932239.992413852] [motor_controller]: cmd_vel -> linear=0.45, angular=0.00, left=0.18, right=0.18
[INFO] [1775932240.089282473] [motor_controller]: cmd_vel -> linear=0.45, angular=0.00, left=0.18, right=0.18
[INFO] [1775932240.177955746] [motor_controller]: cmd_vel -> linear=0.45, angular=0.00, left=0.18, right=0.18
[INFO] [1775932240.266880649] [motor_controller]: cmd_vel -> linear=0.45, angular=0.00, left=0.18, right=0.18
[INFO] [1775932240.331402267] [motor_controller]: cmd_vel -> linear=0.45, angular=0.00, left=0.18, right=0.18
[INFO] [1775932240.417734992] [motor_controller]: cmd_vel -> linear=0.45, angular=0.00, left=0.18, right=0.18
[INFO] [1775932240.504334571] [motor_controller]: cmd_vel -> linear=0.45, angular=0.00, left=0.18, right=0.18
[INFO] [1775932240.588849845] [motor_controller]: cmd_vel -> linear=0.45, angular=0.00, left=0.18, right=0.18
[INFO] [1775932240.679153124] [motor_controller]: cmd_vel -> linear=0.45, angular=0.00, left=0.18, right=0.18
[INFO] [1775932240.763717028] [motor_controller]: cmd_vel -> linear=0.45, angular=0.00, left=0.18, right=0.18
[INFO] [1775932240.828895982] [motor_controller]: cmd_vel -> linear=0.45, angular=0.00, left=0.18, right=0.18
[INFO] [1775932240.939121176] [motor_controller]: cmd_vel -> linear=0.45, angular=0.00, left=0.18, right=0.18
[INFO] [1775932241.002731864] [motor_controller]: cmd_vel -> linear=0.45, angular=0.00, left=0.18, right=0.18
[INFO] [1775932241.096185749] [motor_controller]: cmd_vel -> linear=0.45, angular=0.00, left=0.18, right=0.18
[INFO] [1775932241.181962621] [motor_controller]: cmd_vel -> linear=0.45, angular=0.00, left=0.18, right=0.18
[INFO] [1775932241.249165861] [motor_controller]: cmd_vel -> linear=0.45, angular=0.00, left=0.18, right=0.18
[INFO] [1775932241.334528786] [motor_controller]: cmd_vel -> linear=0.45, angular=0.00, left=0.18, right=0.18
[INFO] [1775932241.398722032] [motor_controller]: cmd_vel -> linear=0.00, angular=-2.00, left=0.18, right=-0.18
[INFO] [1775932241.912111479] [motor_controller]: cmd_vel -> linear=0.00, angular=-2.00, left=0.18, right=-0.18
[INFO] [1775932241.954799359] [motor_controller]: cmd_vel -> linear=0.45, angular=0.00, left=0.18, right=0.18
[INFO] [1775932242.372082151] [motor_controller]: cmd_vel -> linear=0.00, angular=-2.00, left=0.18, right=-0.18
[INFO] [1775932242.745213132] [motor_controller]: cmd_vel -> linear=0.45, angular=0.00, left=0.18, right=0.18
[INFO] [1775932243.211385589] [motor_controller]: cmd_vel -> linear=0.00, angular=-2.00, left=0.18, right=-0.18
[INFO] [1775932243.703122706] [motor_controller]: cmd_vel -> linear=0.00, angular=-2.00, left=0.18, right=-0.18
[INFO] [1775932243.790172768] [motor_controller]: cmd_vel -> linear=0.00, angular=-2.00, left=0.18, right=-0.18
[INFO] [1775932243.870911082] [motor_controller]: cmd_vel -> linear=0.00, angular=-2.00, left=0.18, right=-0.18
[INFO] [1775932243.959666707] [motor_controller]: cmd_vel -> linear=0.00, angular=-2.00, left=0.18, right=-0.18
[INFO] [1775932244.044816928] [motor_controller]: cmd_vel -> linear=0.00, angular=-2.00, left=0.18, right=-0.18
[INFO] [1775932244.126834617] [motor_controller]: cmd_vel -> linear=0.00, angular=-2.00, left=0.18, right=-0.18
[INFO] [1775932244.216485616] [motor_controller]: cmd_vel -> linear=0.00, angular=-2.00, left=0.18, right=-0.18
[INFO] [1775932244.312199529] [motor_controller]: cmd_vel -> linear=0.00, angular=-2.00, left=0.18, right=-0.18
[INFO] [1775932244.381029294] [motor_controller]: cmd_vel -> linear=0.00, angular=-2.00, left=0.18, right=-0.18
[INFO] [1775932244.462683334] [motor_controller]: cmd_vel -> linear=0.00, angular=-2.00, left=0.18, right=-0.18
[INFO] [1775932244.550330158] [motor_controller]: cmd_vel -> linear=0.00, angular=-2.00, left=0.18, right=-0.18
[INFO] [1775932244.642301721] [motor_controller]: cmd_vel -> linear=0.00, angular=-2.00, left=0.18, right=-0.18
[INFO] [1775932244.703697882] [motor_controller]: cmd_vel -> linear=0.00, angular=-2.00, left=0.18, right=-0.18
[INFO] [1775932244.817436183] [motor_controller]: cmd_vel -> linear=0.00, angular=-2.00, left=0.18, right=-0.18
[INFO] [1775932244.887515565] [motor_controller]: cmd_vel -> linear=0.00, angular=-2.00, left=0.18, right=-0.18
[INFO] [1775932244.972942546] [motor_controller]: cmd_vel -> linear=0.00, angular=-2.00, left=0.18, right=-0.18
[INFO] [1775932245.060867889] [motor_controller]: cmd_vel -> linear=0.00, angular=-2.00, left=0.18, right=-0.18
[INFO] [1775932245.151308966] [motor_controller]: cmd_vel -> linear=0.00, angular=-2.00, left=0.18, right=-0.18
[INFO] [1775932245.216653346] [motor_controller]: cmd_vel -> linear=0.00, angular=-2.00, left=0.18, right=-0.18
[INFO] [1775932245.307125311] [motor_controller]: cmd_vel -> linear=0.00, angular=-2.00, left=0.18, right=-0.18
[INFO] [1775932245.372190486] [motor_controller]: cmd_vel -> linear=0.00, angular=-2.00, left=0.18, right=-0.18
[INFO] [1775932245.461061352] [motor_controller]: cmd_vel -> linear=0.00, angular=-2.00, left=0.18, right=-0.18
[INFO] [1775932245.547139133] [motor_controller]: cmd_vel -> linear=0.00, angular=-2.00, left=0.18, right=-0.18
[INFO] [1775932245.636555390] [motor_controller]: cmd_vel -> linear=0.00, angular=-2.00, left=0.18, right=-0.18
[INFO] [1775932245.728035285] [motor_controller]: cmd_vel -> linear=0.00, angular=-2.00, left=0.18, right=-0.18
[INFO] [1775932245.787862568] [motor_controller]: cmd_vel -> linear=0.00, angular=-2.00, left=0.18, right=-0.18
[INFO] [1775932245.899656955] [motor_controller]: cmd_vel -> linear=0.00, angular=-2.00, left=0.18, right=-0.18
[INFO] [1775932246.212151223] [motor_controller]: cmd_vel -> linear=0.00, angular=-2.00, left=0.18, right=-0.18
[INFO] [1775932246.213506543] [motor_controller]: cmd_vel -> linear=0.00, angular=-2.00, left=0.18, right=-0.18
[INFO] [1775932246.214702844] [motor_controller]: cmd_vel -> linear=0.00, angular=-2.00, left=0.18, right=-0.18
[INFO] [1775932246.215891164] [motor_controller]: cmd_vel -> linear=0.00, angular=-2.00, left=0.18, right=-0.18
[INFO] [1775932246.302260742] [motor_controller]: cmd_vel -> linear=0.00, angular=-2.00, left=0.18, right=-0.18
[INFO] [1775932246.392878060] [motor_controller]: cmd_vel -> linear=0.00, angular=-2.00, left=0.18, right=-0.18
[INFO] [1775932246.472912815] [motor_controller]: cmd_vel -> linear=0.00, angular=-2.00, left=0.18, right=-0.18
[INFO] [1775932246.564992620] [motor_controller]: cmd_vel -> linear=0.00, angular=-2.00, left=0.18, right=-0.18
[INFO] [1775932246.643515129] [motor_controller]: cmd_vel -> linear=0.00, angular=-2.00, left=0.18, right=-0.18
[INFO] [1775932246.707655393] [motor_controller]: cmd_vel -> linear=0.00, angular=-2.00, left=0.18, right=-0.18
[INFO] [1775932246.797237484] [motor_controller]: cmd_vel -> linear=0.00, angular=-2.00, left=0.18, right=-0.18
[INFO] [1775932246.889362678] [motor_controller]: cmd_vel -> linear=0.00, angular=-2.00, left=0.18, right=-0.18
[INFO] [1775932246.974605585] [motor_controller]: cmd_vel -> linear=0.00, angular=-2.00, left=0.18, right=-0.18
[INFO] [1775932247.070846685] [motor_controller]: cmd_vel -> linear=0.00, angular=-2.00, left=0.18, right=-0.18
[INFO] [1775932247.135109801] [motor_controller]: cmd_vel -> linear=0.00, angular=-2.00, left=0.18, right=-0.18
[INFO] [1775932247.223005033] [motor_controller]: cmd_vel -> linear=0.00, angular=-2.00, left=0.18, right=-0.18
[INFO] [1775932247.318601427] [motor_controller]: cmd_vel -> linear=0.00, angular=-2.00, left=0.18, right=-0.18
[INFO] [1775932247.379592586] [motor_controller]: cmd_vel -> linear=0.00, angular=-2.00, left=0.18, right=-0.18
[INFO] [1775932247.463416264] [motor_controller]: cmd_vel -> linear=0.00, angular=-2.00, left=0.18, right=-0.18
[INFO] [1775932247.551991740] [motor_controller]: cmd_vel -> linear=0.00, angular=-2.00, left=0.18, right=-0.18
[INFO] [1775932247.637725000] [motor_controller]: cmd_vel -> linear=0.00, angular=-2.00, left=0.18, right=-0.18
[INFO] [1775932247.734783307] [motor_controller]: cmd_vel -> linear=0.00, angular=-2.00, left=0.18, right=-0.18
[INFO] [1775932247.799103869] [motor_controller]: cmd_vel -> linear=0.00, angular=-2.00, left=0.18, right=-0.18
[INFO] [1775932247.884186997] [motor_controller]: cmd_vel -> linear=0.00, angular=-2.00, left=0.18, right=-0.18
[INFO] [1775932247.973703421] [motor_controller]: cmd_vel -> linear=0.00, angular=-2.00, left=0.18, right=-0.18
[INFO] [1775932248.065390224] [motor_controller]: cmd_vel -> linear=0.00, angular=-2.00, left=0.18, right=-0.18
[INFO] [1775932248.129187617] [motor_controller]: cmd_vel -> linear=0.00, angular=-2.00, left=0.18, right=-0.18
[INFO] [1775932248.192943972] [motor_controller]: cmd_vel -> linear=0.45, angular=0.00, left=0.18, right=0.18
[INFO] [1775932248.707436905] [motor_controller]: cmd_vel -> linear=0.45, angular=0.00, left=0.18, right=0.18
[INFO] [1775932248.830171522] [motor_controller]: cmd_vel -> linear=0.45, angular=0.00, left=0.18, right=0.18
[INFO] [1775932248.858300656] [motor_controller]: cmd_vel -> linear=0.45, angular=0.00, left=0.18, right=0.18
[INFO] [1775932248.943330210] [motor_controller]: cmd_vel -> linear=0.45, angular=0.00, left=0.18, right=0.18
[INFO] [1775932249.052699845] [motor_controller]: cmd_vel -> linear=0.45, angular=0.00, left=0.18, right=0.18
[INFO] [1775932249.139918686] [motor_controller]: cmd_vel -> linear=0.45, angular=0.00, left=0.18, right=0.18
[INFO] [1775932249.204684286] [motor_controller]: cmd_vel -> linear=0.45, angular=0.00, left=0.18, right=0.18
[INFO] [1775932249.293710838] [motor_controller]: cmd_vel -> linear=0.45, angular=0.00, left=0.18, right=0.18
[INFO] [1775932249.361907730] [motor_controller]: cmd_vel -> linear=0.45, angular=0.00, left=0.18, right=0.18
[INFO] [1775932249.450894818] [motor_controller]: cmd_vel -> linear=0.45, angular=0.00, left=0.18, right=0.18
[INFO] [1775932249.538137622] [motor_controller]: cmd_vel -> linear=0.45, angular=0.00, left=0.18, right=0.18
[INFO] [1775932249.621822893] [motor_controller]: cmd_vel -> linear=0.45, angular=0.00, left=0.18, right=0.18
[INFO] [1775932249.717803417] [motor_controller]: cmd_vel -> linear=0.45, angular=0.00, left=0.18, right=0.18
[INFO] [1775932249.779173096] [motor_controller]: cmd_vel -> linear=0.45, angular=0.00, left=0.18, right=0.18
[INFO] [1775932249.864989894] [motor_controller]: cmd_vel -> linear=0.45, angular=0.00, left=0.18, right=0.18
[INFO] [1775932249.948367478] [motor_controller]: cmd_vel -> linear=0.45, angular=0.00, left=0.18, right=0.18
[INFO] [1775932250.054554711] [motor_controller]: cmd_vel -> linear=0.45, angular=0.00, left=0.18, right=0.18
[INFO] [1775932250.140964567] [motor_controller]: cmd_vel -> linear=0.45, angular=0.00, left=0.18, right=0.18
[INFO] [1775932250.223998372] [motor_controller]: cmd_vel -> linear=0.45, angular=0.00, left=0.18, right=0.18
[INFO] [1775932250.288519379] [motor_controller]: cmd_vel -> linear=0.45, angular=0.00, left=0.18, right=0.18
[INFO] [1775932250.374152694] [motor_controller]: cmd_vel -> linear=0.45, angular=0.00, left=0.18, right=0.18
[INFO] [1775932250.456452681] [motor_controller]: cmd_vel -> linear=0.45, angular=0.00, left=0.18, right=0.18
[INFO] [1775932250.544605618] [motor_controller]: cmd_vel -> linear=0.45, angular=0.00, left=0.18, right=0.18
[INFO] [1775932250.637106147] [motor_controller]: cmd_vel -> linear=0.45, angular=0.00, left=0.18, right=0.18
[INFO] [1775932250.701854395] [motor_controller]: cmd_vel -> linear=0.45, angular=0.00, left=0.18, right=0.18
[INFO] [1775932250.789205144] [motor_controller]: cmd_vel -> linear=0.45, angular=0.00, left=0.18, right=0.18
[INFO] [1775932250.871534798] [motor_controller]: cmd_vel -> linear=0.45, angular=0.00, left=0.18, right=0.18
[INFO] [1775932250.960504812] [motor_controller]: cmd_vel -> linear=0.45, angular=0.00, left=0.18, right=0.18
[INFO] [1775932251.048654694] [motor_controller]: cmd_vel -> linear=0.45, angular=0.00, left=0.18, right=0.18
[INFO] [1775932251.117098883] [motor_controller]: cmd_vel -> linear=0.00, angular=2.00, left=-0.18, right=0.18
[INFO] [1775932251.606519972] [motor_controller]: cmd_vel -> linear=0.00, angular=2.00, left=-0.18, right=0.18
[INFO] [1775932251.692704716] [motor_controller]: cmd_vel -> linear=0.00, angular=2.00, left=-0.18, right=0.18
[INFO] [1775932251.791890347] [motor_controller]: cmd_vel -> linear=0.00, angular=2.00, left=-0.18, right=0.18
[INFO] [1775932251.854950236] [motor_controller]: cmd_vel -> linear=0.00, angular=2.00, left=-0.18, right=0.18
[INFO] [1775932251.943646379] [motor_controller]: cmd_vel -> linear=0.00, angular=2.00, left=-0.18, right=0.18
[INFO] [1775932252.035545017] [motor_controller]: cmd_vel -> linear=0.00, angular=2.00, left=-0.18, right=0.18
[INFO] [1775932252.104039891] [motor_controller]: cmd_vel -> linear=0.00, angular=2.00, left=-0.18, right=0.18
[INFO] [1775932252.195957140] [motor_controller]: cmd_vel -> linear=0.00, angular=2.00, left=-0.18, right=0.18
[INFO] [1775932252.281457955] [motor_controller]: cmd_vel -> linear=0.00, angular=2.00, left=-0.18, right=0.18
[INFO] [1775932252.371237566] [motor_controller]: cmd_vel -> linear=0.00, angular=2.00, left=-0.18, right=0.18
[INFO] [1775932252.462016958] [motor_controller]: cmd_vel -> linear=0.00, angular=2.00, left=-0.18, right=0.18
[INFO] [1775932252.551829513] [motor_controller]: cmd_vel -> linear=0.00, angular=2.00, left=-0.18, right=0.18
[INFO] [1775932252.612426263] [motor_controller]: cmd_vel -> linear=0.00, angular=2.00, left=-0.18, right=0.18
[INFO] [1775932252.699608159] [motor_controller]: cmd_vel -> linear=0.00, angular=2.00, left=-0.18, right=0.18
[INFO] [1775932252.791168462] [motor_controller]: cmd_vel -> linear=0.00, angular=2.00, left=-0.18, right=0.18
[INFO] [1775932252.858801425] [motor_controller]: cmd_vel -> linear=0.00, angular=2.00, left=-0.18, right=0.18
[INFO] [1775932252.946293249] [motor_controller]: cmd_vel -> linear=0.00, angular=2.00, left=-0.18, right=0.18
[INFO] [1775932253.038441517] [motor_controller]: cmd_vel -> linear=0.00, angular=2.00, left=-0.18, right=0.18
[INFO] [1775932253.132885184] [motor_controller]: cmd_vel -> linear=0.00, angular=2.00, left=-0.18, right=0.18
[INFO] [1775932253.197411079] [motor_controller]: cmd_vel -> linear=0.00, angular=2.00, left=-0.18, right=0.18
[INFO] [1775932253.312086681] [motor_controller]: cmd_vel -> linear=0.00, angular=2.00, left=-0.18, right=0.18
[INFO] [1775932253.375545553] [motor_controller]: cmd_vel -> linear=0.00, angular=2.00, left=-0.18, right=0.18
[INFO] [1775932253.467879582] [motor_controller]: cmd_vel -> linear=0.00, angular=2.00, left=-0.18, right=0.18
[INFO] [1775932253.533160758] [motor_controller]: cmd_vel -> linear=0.00, angular=2.00, left=-0.18, right=0.18
[INFO] [1775932253.619111352] [motor_controller]: cmd_vel -> linear=0.00, angular=2.00, left=-0.18, right=0.18
[INFO] [1775932253.710689692] [motor_controller]: cmd_vel -> linear=0.00, angular=2.00, left=-0.18, right=0.18
[INFO] [1775932253.800904397] [motor_controller]: cmd_vel -> linear=0.00, angular=2.00, left=-0.18, right=0.18
[INFO] [1775932253.862260946] [motor_controller]: cmd_vel -> linear=0.00, angular=2.00, left=-0.18, right=0.18
[INFO] [1775932253.948948674] [motor_controller]: cmd_vel -> linear=0.00, angular=2.00, left=-0.18, right=0.18
[INFO] [1775932254.033491188] [motor_controller]: cmd_vel -> linear=0.00, angular=2.00, left=-0.18, right=0.18
[INFO] [1775932254.124234784] [motor_controller]: cmd_vel -> linear=0.00, angular=2.00, left=-0.18, right=0.18
[INFO] [1775932254.215037195] [motor_controller]: cmd_vel -> linear=0.00, angular=2.00, left=-0.18, right=0.18
[INFO] [1775932254.306411757] [motor_controller]: cmd_vel -> linear=0.00, angular=2.00, left=-0.18, right=0.18
[INFO] [1775932254.366431356] [motor_controller]: cmd_vel -> linear=0.00, angular=2.00, left=-0.18, right=0.18
[INFO] [1775932254.459352738] [motor_controller]: cmd_vel -> linear=0.00, angular=2.00, left=-0.18, right=0.18
[INFO] [1775932254.545182221] [motor_controller]: cmd_vel -> linear=0.00, angular=2.00, left=-0.18, right=0.18
[INFO] [1775932254.634468626] [motor_controller]: cmd_vel -> linear=0.00, angular=2.00, left=-0.18, right=0.18
[INFO] [1775932254.699867451] [motor_controller]: cmd_vel -> linear=0.00, angular=2.00, left=-0.18, right=0.18
[INFO] [1775932254.787373404] [motor_controller]: cmd_vel -> linear=0.00, angular=2.00, left=-0.18, right=0.18
[INFO] [1775932254.881779867] [motor_controller]: cmd_vel -> linear=0.00, angular=2.00, left=-0.18, right=0.18
[INFO] [1775932254.970555677] [motor_controller]: cmd_vel -> linear=0.00, angular=2.00, left=-0.18, right=0.18
[INFO] [1775932255.033365435] [motor_controller]: cmd_vel -> linear=0.00, angular=2.00, left=-0.18, right=0.18
[INFO] [1775932255.142901775] [motor_controller]: cmd_vel -> linear=0.00, angular=2.00, left=-0.18, right=0.18
[INFO] [1775932255.230320561] [motor_controller]: cmd_vel -> linear=0.00, angular=2.00, left=-0.18, right=0.18
[INFO] [1775932255.295778794] [motor_controller]: cmd_vel -> linear=0.00, angular=2.00, left=-0.18, right=0.18
[INFO] [1775932255.384212861] [motor_controller]: cmd_vel -> linear=0.00, angular=2.00, left=-0.18, right=0.18
[INFO] [1775932255.491454710] [motor_controller]: cmd_vel -> linear=0.00, angular=-2.00, left=0.18, right=-0.18
[INFO] [1775932255.991474955] [motor_controller]: cmd_vel -> linear=0.00, angular=-2.00, left=0.18, right=-0.18
[INFO] [1775932256.078118348] [motor_controller]: cmd_vel -> linear=0.00, angular=-2.00, left=0.18, right=-0.18
[INFO] [1775932256.168438720] [motor_controller]: cmd_vel -> linear=0.00, angular=-2.00, left=0.18, right=-0.18
[INFO] [1775932256.256695047] [motor_controller]: cmd_vel -> linear=0.00, angular=-2.00, left=0.18, right=-0.18
[INFO] [1775932256.350575822] [motor_controller]: cmd_vel -> linear=0.00, angular=-2.00, left=0.18, right=-0.18
[INFO] [1775932256.409604473] [motor_controller]: cmd_vel -> linear=0.00, angular=-2.00, left=0.18, right=-0.18
[INFO] [1775932256.500656366] [motor_controller]: cmd_vel -> linear=0.00, angular=-2.00, left=0.18, right=-0.18
[INFO] [1775932256.586394664] [motor_controller]: cmd_vel -> linear=0.00, angular=-2.00, left=0.18, right=-0.18
[INFO] [1775932256.628593726] [motor_controller]: cmd_vel -> linear=-0.45, angular=0.00, left=-0.18, right=-0.18
[INFO] [1775932257.127392447] [motor_controller]: cmd_vel -> linear=-0.45, angular=0.00, left=-0.18, right=-0.18
[INFO] [1775932257.171731815] [motor_controller]: cmd_vel -> linear=0.00, angular=-2.00, left=0.18, right=-0.18
[INFO] [1775932257.682211028] [motor_controller]: cmd_vel -> linear=0.00, angular=-2.00, left=0.18, right=-0.18
[INFO] [1775932257.766407893] [motor_controller]: cmd_vel -> linear=0.00, angular=-2.00, left=0.18, right=-0.18
[INFO] [1775932257.856353523] [motor_controller]: cmd_vel -> linear=0.00, angular=-2.00, left=0.18, right=-0.18
[INFO] [1775932257.944139625] [motor_controller]: cmd_vel -> linear=0.00, angular=-2.00, left=0.18, right=-0.18
[INFO] [1775932258.026467482] [motor_controller]: cmd_vel -> linear=0.00, angular=-2.00, left=0.18, right=-0.18
[INFO] [1775932258.096522363] [motor_controller]: cmd_vel -> linear=0.00, angular=-2.00, left=0.18, right=-0.18
[INFO] [1775932258.178847739] [motor_controller]: cmd_vel -> linear=0.00, angular=-2.00, left=0.18, right=-0.18
[INFO] [1775932258.268629924] [motor_controller]: cmd_vel -> linear=-0.45, angular=0.00, left=-0.18, right=-0.18
[INFO] [1775932258.762436531] [motor_controller]: cmd_vel -> linear=-0.45, angular=0.00, left=-0.18, right=-0.18
[INFO] [1775932258.859458190] [motor_controller]: cmd_vel -> linear=-0.45, angular=0.00, left=-0.18, right=-0.18
[INFO] [1775932258.941392305] [motor_controller]: cmd_vel -> linear=-0.45, angular=0.00, left=-0.18, right=-0.18
[INFO] [1775932259.034048557] [motor_controller]: cmd_vel -> linear=-0.45, angular=0.00, left=-0.18, right=-0.18
[INFO] [1775932259.097018520] [motor_controller]: cmd_vel -> linear=-0.45, angular=0.00, left=-0.18, right=-0.18
[INFO] [1775932259.138442209] [motor_controller]: cmd_vel -> linear=0.00, angular=-2.00, left=0.18, right=-0.18
[INFO] [1775932259.638945659] [motor_controller]: cmd_vel -> linear=0.00, angular=-2.00, left=0.18, right=-0.18
[INFO] [1775932259.725093903] [motor_controller]: cmd_vel -> linear=0.00, angular=-2.00, left=0.18, right=-0.18
[INFO] [1775932259.812523281] [motor_controller]: cmd_vel -> linear=0.00, angular=-2.00, left=0.18, right=-0.18
[INFO] [1775932259.900822441] [motor_controller]: cmd_vel -> linear=0.00, angular=-2.00, left=0.18, right=-0.18
[INFO] [1775932259.995529850] [motor_controller]: cmd_vel -> linear=0.00, angular=-2.00, left=0.18, right=-0.18
[INFO] [1775932260.057805402] [motor_controller]: cmd_vel -> linear=0.00, angular=-2.00, left=0.18, right=-0.18
[INFO] [1775932260.140155649] [motor_controller]: cmd_vel -> linear=0.00, angular=-2.00, left=0.18, right=-0.18
[INFO] [1775932260.227264971] [motor_controller]: cmd_vel -> linear=0.00, angular=-2.00, left=0.18, right=-0.18
[INFO] [1775932260.338881023] [motor_controller]: cmd_vel -> linear=0.00, angular=-2.00, left=0.18, right=-0.18
[INFO] [1775932260.419654800] [motor_controller]: cmd_vel -> linear=0.00, angular=-2.00, left=0.18, right=-0.18
[INFO] [1775932260.485759998] [motor_controller]: cmd_vel -> linear=0.00, angular=-2.00, left=0.18, right=-0.18
[INFO] [1775932260.576576464] [motor_controller]: cmd_vel -> linear=0.00, angular=-2.00, left=0.18, right=-0.18
[INFO] [1775932260.662163761] [motor_controller]: cmd_vel -> linear=0.00, angular=-2.00, left=0.18, right=-0.18
[INFO] [1775932260.732203661] [motor_controller]: cmd_vel -> linear=0.00, angular=-2.00, left=0.18, right=-0.18
[INFO] [1775932260.812123194] [motor_controller]: cmd_vel -> linear=0.00, angular=-2.00, left=0.18, right=-0.18
[INFO] [1775932260.900562224] [motor_controller]: cmd_vel -> linear=0.00, angular=-2.00, left=0.18, right=-0.18
[INFO] [1775932260.983561140] [motor_controller]: cmd_vel -> linear=0.00, angular=-2.00, left=0.18, right=-0.18
[INFO] [1775932261.065396922] [motor_controller]: cmd_vel -> linear=0.00, angular=-2.00, left=0.18, right=-0.18
[INFO] [1775932261.154864142] [motor_controller]: cmd_vel -> linear=0.00, angular=-2.00, left=0.18, right=-0.18
[INFO] [1775932261.355625802] [motor_controller]: cmd_vel -> linear=-0.45, angular=0.00, left=-0.18, right=-0.18
[INFO] [1775932261.575970598] [motor_controller]: cmd_vel -> linear=0.00, angular=2.00, left=-0.18, right=0.18
[INFO] [1775932261.933209625] [motor_controller]: cmd_vel -> linear=-0.45, angular=0.00, left=-0.18, right=-0.18
[INFO] [1775932262.454834291] [motor_controller]: cmd_vel -> linear=-0.45, angular=0.00, left=-0.18, right=-0.18
[INFO] [1775932262.521481251] [motor_controller]: cmd_vel -> linear=-0.45, angular=0.00, left=-0.18, right=-0.18
[INFO] [1775932262.609141297] [motor_controller]: cmd_vel -> linear=-0.45, angular=0.00, left=-0.18, right=-0.18
[INFO] [1775932262.701914216] [motor_controller]: cmd_vel -> linear=-0.45, angular=0.00, left=-0.18, right=-0.18
[INFO] [1775932262.789695652] [motor_controller]: cmd_vel -> linear=-0.45, angular=0.00, left=-0.18, right=-0.18
[INFO] [1775932262.850843681] [motor_controller]: cmd_vel -> linear=-0.45, angular=0.00, left=-0.18, right=-0.18
[INFO] [1775932262.936973462] [motor_controller]: cmd_vel -> linear=-0.45, angular=0.00, left=-0.18, right=-0.18
[INFO] [1775932263.660460015] [motor_controller]: cmd_vel -> linear=0.45, angular=0.00, left=0.18, right=0.18
[INFO] [1775932264.133072480] [motor_controller]: cmd_vel -> linear=0.45, angular=0.00, left=0.18, right=0.18
[INFO] [1775932264.218397275] [motor_controller]: cmd_vel -> linear=0.45, angular=0.00, left=0.18, right=0.18
[INFO] [1775932264.311105787] [motor_controller]: cmd_vel -> linear=0.45, angular=0.00, left=0.18, right=0.18
[INFO] [1775932264.567245175] [motor_controller]: cmd_vel -> linear=0.45, angular=0.00, left=0.18, right=0.18
