[INFO] [1786132959.979628347] [mailrover_nav_bridge]: Loaded 10 room navigation targets from /home/mypi/scripts/rooms.yaml
[INFO] [1786132959.984214724] [mailrover_nav_bridge]: MailRover navigation bridge listening on http://127.0.0.1:8765 (/task, /cancel, /pause, /return-home)
[INFO] [1786133246.536220248] [mailrover_nav_bridge]: Dispatching task=T1786133246 mission_type=delivery drawer=D1 destination=7201 room=7201
[INFO] [1786133248.152531218] [mailrover_nav_bridge]: Reported MOVING for task=T1786133246: HTTP 200
[INFO] [1786133248.163914447] [mailrover_nav_bridge]: Nav2 accepted goal task=T1786133246 mission_type=delivery
[INFO] [1786133358.706981585] [mailrover_nav_bridge]: Task arrived at delivery destination: T1786133246
[INFO] [1786133360.315666421] [mailrover_nav_bridge]: Reported ARRIVED for task=T1786133246: HTTP 200
[INFO] [1786133420.534232292] [mailrover_nav_bridge]: Dispatching task=T1786133246 mission_type=return drawer=D1 destination=Home room=loading_station
[INFO] [1786133420.551541591] [mailrover_nav_bridge]: Reported RETURNING for task=T1786133246: HTTP 200
[INFO] [1786133420.555219278] [mailrover_nav_bridge]: Nav2 accepted goal task=T1786133246 mission_type=return
[INFO] [1786133506.071038035] [mailrover_nav_bridge]: Task returned to loading bay: T1786133246
[INFO] [1786133506.092834877] [mailrover_nav_bridge]: Reported RETURNED for task=T1786133246: HTTP 200
[INFO] [1786133559.926314401] [mailrover_nav_bridge]: Dispatching task=T1786133559 mission_type=delivery drawer=D1 destination=7011 room=7011
[INFO] [1786133561.453262435] [mailrover_nav_bridge]: Reported MOVING for task=T1786133559: HTTP 200
[INFO] [1786133561.459238468] [mailrover_nav_bridge]: Nav2 accepted goal task=T1786133559 mission_type=delivery
[WARN] [1786133584.139144188] [mailrover_nav_bridge]: Navigation paused without canceling task=T1786133559
[WARN] [1786133584.140632789] [mailrover_nav_bridge]: Nav2 cancellation response task=T1786133559 goals_canceling=1
[WARN] [1786133584.169089112] [mailrover_nav_bridge]: Ignoring stale Nav2 result task=T1786133559 status=5
[INFO] [1786133618.603305788] [mailrover_nav_bridge]: Dispatching task=T1786133559 mission_type=return drawer=D1 destination=Home room=loading_station
[INFO] [1786133618.617143012] [mailrover_nav_bridge]: Reported RETURNING for task=T1786133559: HTTP 200
[WARN] [1786133618.619302320] [mailrover_nav_bridge]: Cancel-and-return requested task=T1786133559
[INFO] [1786133618.626886677] [mailrover_nav_bridge]: Nav2 accepted goal task=T1786133559 mission_type=return
[INFO] [1786133668.853502478] [mailrover_nav_bridge]: Task returned to loading bay: T1786133559
[INFO] [1786133668.874031739] [mailrover_nav_bridge]: Reported RETURNED for task=T1786133559: HTTP 200
[INFO] [1786133729.373218804] [mailrover_nav_bridge]: Dispatching task=T1786133729 mission_type=delivery drawer=D1 destination=7011 room=7011
[INFO] [1786133730.907387951] [mailrover_nav_bridge]: Reported MOVING for task=T1786133729: HTTP 200
[INFO] [1786133730.910087948] [mailrover_nav_bridge]: Nav2 accepted goal task=T1786133729 mission_type=delivery
[INFO] [1786133925.326785760] [mailrover_nav_bridge]: Task arrived at delivery destination: T1786133729
[INFO] [1786133926.951272700] [mailrover_nav_bridge]: Reported ARRIVED for task=T1786133729: HTTP 200
[INFO] [1786134049.888373741] [mailrover_nav_bridge]: Dispatching task=T1786133729 mission_type=return drawer=D1 destination=Home room=loading_station
[INFO] [1786134049.901540091] [mailrover_nav_bridge]: Reported RETURNING for task=T1786133729: HTTP 200
[INFO] [1786134049.904654794] [mailrover_nav_bridge]: Nav2 accepted goal task=T1786133729 mission_type=return
[INFO] [1786134229.294442469] [mailrover_nav_bridge]: Task returned to loading bay: T1786133729
[INFO] [1786134229.311120875] [mailrover_nav_bridge]: Reported RETURNED for task=T1786133729: HTTP 200
