[INFO] [1784000101.504291731] [motor_controller_pid]: PID Motor Controller started — Kp=0.4, Ki=0.1, Kd=0.0, max_pwm=0.45, max_linear=0.3, cmd_vel_topic=cmd_vel
[WARN] [1784000101.977115573] [motor_controller_pid]: Command timeout; stopping motors
[WARN] [1784000111.227624584] [motor_controller_pid]: Encoder feedback timeout; stopping motors
[DEBUG] [1784000180.480177660] [motor_controller_pid]: L: target=-0.08 actual=0.00 err=-0.08 pwm=-0.02 | R: target=0.08 actual=0.00 err=0.08 pwm=0.02
[DEBUG] [1784000180.529552438] [motor_controller_pid]: L: target=-0.08 actual=0.00 err=-0.08 pwm=-0.03 | R: target=0.08 actual=0.00 err=0.08 pwm=0.03
[DEBUG] [1784000180.576700480] [motor_controller_pid]: L: target=-0.08 actual=-0.07 err=-0.01 pwm=-0.04 | R: target=0.08 actual=0.08 err=0.00 pwm=0.04
[DEBUG] [1784000180.628351289] [motor_controller_pid]: L: target=-0.08 actual=-0.10 err=0.02 pwm=-0.03 | R: target=0.08 actual=0.08 err=-0.00 pwm=0.04
[DEBUG] [1784000180.676993322] [motor_controller_pid]: L: target=-0.08 actual=-0.09 err=0.01 pwm=-0.03 | R: target=0.08 actual=0.09 err=-0.01 pwm=0.03
[DEBUG] [1784000180.727885515] [motor_controller_pid]: L: target=-0.08 actual=-0.09 err=0.01 pwm=-0.03 | R: target=0.08 actual=0.09 err=-0.01 pwm=0.03
[DEBUG] [1784000180.776707326] [motor_controller_pid]: L: target=-0.08 actual=-0.08 err=0.00 pwm=-0.03 | R: target=0.08 actual=0.08 err=-0.00 pwm=0.03
[DEBUG] [1784000180.827896318] [motor_controller_pid]: L: target=-0.08 actual=-0.09 err=0.01 pwm=-0.03 | R: target=0.08 actual=0.09 err=-0.01 pwm=0.03
[DEBUG] [1784000180.877331336] [motor_controller_pid]: L: target=-0.08 actual=-0.09 err=0.01 pwm=-0.02 | R: target=0.08 actual=0.09 err=-0.01 pwm=0.03
[DEBUG] [1784000180.928006417] [motor_controller_pid]: L: target=-0.08 actual=-0.09 err=0.01 pwm=0.00 | R: target=0.08 actual=0.10 err=-0.02 pwm=0.00
[DEBUG] [1784000180.976720987] [motor_controller_pid]: L: target=-0.08 actual=-0.01 err=-0.07 pwm=-0.02 | R: target=0.08 actual=0.01 err=0.07 pwm=0.02
[DEBUG] [1784000181.028697298] [motor_controller_pid]: L: target=-0.08 actual=-0.00 err=-0.08 pwm=-0.03 | R: target=0.08 actual=0.00 err=0.08 pwm=0.03
[DEBUG] [1784000181.076525548] [motor_controller_pid]: L: target=-0.08 actual=-0.09 err=0.01 pwm=-0.03 | R: target=0.08 actual=0.08 err=-0.00 pwm=0.04
[DEBUG] [1784000181.128844935] [motor_controller_pid]: L: target=-0.08 actual=-0.07 err=-0.01 pwm=-0.04 | R: target=0.08 actual=0.07 err=0.01 pwm=0.04
[DEBUG] [1784000181.176535332] [motor_controller_pid]: L: target=-0.08 actual=-0.10 err=0.02 pwm=-0.03 | R: target=0.08 actual=0.10 err=-0.02 pwm=0.03
[DEBUG] [1784000181.228455642] [motor_controller_pid]: L: target=-0.08 actual=-0.08 err=0.00 pwm=-0.03 | R: target=0.08 actual=0.08 err=0.00 pwm=0.03
[DEBUG] [1784000181.276602061] [motor_controller_pid]: L: target=-0.08 actual=-0.10 err=0.02 pwm=-0.02 | R: target=0.08 actual=0.09 err=-0.01 pwm=0.03
[DEBUG] [1784000181.328445908] [motor_controller_pid]: L: target=-0.08 actual=-0.09 err=0.01 pwm=0.00 | R: target=0.08 actual=0.09 err=-0.01 pwm=0.03
[DEBUG] [1784000181.376977569] [motor_controller_pid]: L: target=-0.08 actual=-0.01 err=-0.07 pwm=-0.02 | R: target=0.08 actual=0.08 err=0.00 pwm=0.03
[DEBUG] [1784000181.428838139] [motor_controller_pid]: L: target=-0.08 actual=0.00 err=-0.08 pwm=-0.03 | R: target=0.08 actual=0.09 err=-0.01 pwm=0.02
[DEBUG] [1784000181.477290911] [motor_controller_pid]: L: target=-0.08 actual=-0.10 err=0.02 pwm=-0.03 | R: target=0.08 actual=0.10 err=-0.02 pwm=0.00
[DEBUG] [1784000181.529681483] [motor_controller_pid]: L: target=-0.08 actual=-0.09 err=0.01 pwm=-0.03 | R: target=0.08 actual=0.05 err=0.03 pwm=0.00
[DEBUG] [1784000181.577004082] [motor_controller_pid]: L: target=-0.08 actual=-0.10 err=0.02 pwm=-0.02 | R: target=0.08 actual=0.01 err=0.07 pwm=0.02
[DEBUG] [1784000181.628768558] [motor_controller_pid]: L: target=-0.08 actual=-0.10 err=0.02 pwm=0.00 | R: target=0.08 actual=0.00 err=0.08 pwm=0.03
[DEBUG] [1784000181.676595901] [motor_controller_pid]: L: target=-0.08 actual=-0.01 err=-0.07 pwm=-0.02 | R: target=0.08 actual=0.08 err=-0.00 pwm=0.04
[DEBUG] [1784000181.727424464] [motor_controller_pid]: L: target=-0.08 actual=-0.01 err=-0.07 pwm=-0.03 | R: target=0.08 actual=0.08 err=-0.00 pwm=0.04
[DEBUG] [1784000181.776578592] [motor_controller_pid]: L: target=-0.08 actual=-0.08 err=0.00 pwm=-0.04 | R: target=0.08 actual=0.09 err=-0.01 pwm=0.04
[DEBUG] [1784000181.828546310] [motor_controller_pid]: L: target=-0.08 actual=-0.08 err=-0.00 pwm=-0.04 | R: target=0.08 actual=0.08 err=-0.00 pwm=0.04
[DEBUG] [1784000181.876655673] [motor_controller_pid]: L: target=-0.08 actual=-0.09 err=0.01 pwm=-0.04 | R: target=0.08 actual=0.09 err=-0.01 pwm=0.03
[DEBUG] [1784000181.928671632] [motor_controller_pid]: L: target=-0.08 actual=-0.10 err=0.02 pwm=-0.03 | R: target=0.08 actual=0.09 err=-0.01 pwm=0.03
[DEBUG] [1784000181.976754458] [motor_controller_pid]: L: target=-0.08 actual=-0.09 err=0.01 pwm=-0.03 | R: target=0.08 actual=0.09 err=-0.01 pwm=0.03
[DEBUG] [1784000182.030817280] [motor_controller_pid]: L: target=-0.08 actual=-0.09 err=0.01 pwm=-0.03 | R: target=0.08 actual=0.10 err=-0.02 pwm=0.02
[DEBUG] [1784000182.077061688] [motor_controller_pid]: L: target=-0.08 actual=-0.09 err=0.01 pwm=-0.02 | R: target=0.08 actual=0.10 err=-0.02 pwm=0.00
[DEBUG] [1784000182.128018271] [motor_controller_pid]: L: target=-0.08 actual=-0.09 err=0.01 pwm=-0.02 | R: target=0.08 actual=0.05 err=0.03 pwm=0.00
[DEBUG] [1784000182.176535988] [motor_controller_pid]: L: target=-0.08 actual=-0.07 err=-0.01 pwm=-0.03 | R: target=0.08 actual=0.01 err=0.07 pwm=0.02
[DEBUG] [1784000182.229011597] [motor_controller_pid]: L: target=-0.08 actual=-0.08 err=0.00 pwm=-0.03 | R: target=0.08 actual=0.00 err=0.08 pwm=0.03
[DEBUG] [1784000182.276937904] [motor_controller_pid]: L: target=-0.08 actual=-0.10 err=0.02 pwm=-0.02 | R: target=0.08 actual=0.07 err=0.01 pwm=0.04
[DEBUG] [1784000182.328952825] [motor_controller_pid]: L: target=-0.08 actual=-0.10 err=0.02 pwm=0.00 | R: target=0.08 actual=0.09 err=-0.01 pwm=0.04
[DEBUG] [1784000182.377244652] [motor_controller_pid]: L: target=-0.08 actual=-0.01 err=-0.07 pwm=-0.02 | R: target=0.08 actual=0.09 err=-0.01 pwm=0.04
[DEBUG] [1784000182.428049567] [motor_controller_pid]: L: target=-0.08 actual=-0.01 err=-0.07 pwm=-0.03 | R: target=0.08 actual=0.09 err=-0.01 pwm=0.03
[DEBUG] [1784000182.477126362] [motor_controller_pid]: L: target=-0.08 actual=-0.07 err=-0.01 pwm=-0.04 | R: target=0.08 actual=0.09 err=-0.01 pwm=0.03
[DEBUG] [1784000182.530725070] [motor_controller_pid]: L: target=-0.08 actual=-0.08 err=-0.00 pwm=-0.04 | R: target=0.08 actual=0.09 err=-0.01 pwm=0.03
[DEBUG] [1784000182.576632476] [motor_controller_pid]: L: target=-0.08 actual=-0.10 err=0.02 pwm=-0.04 | R: target=0.08 actual=0.08 err=-0.00 pwm=0.03
[DEBUG] [1784000182.629859849] [motor_controller_pid]: L: target=-0.08 actual=-0.09 err=0.01 pwm=-0.04 | R: target=0.08 actual=0.09 err=-0.01 pwm=0.03
[DEBUG] [1784000182.676887391] [motor_controller_pid]: L: target=-0.08 actual=-0.08 err=0.00 pwm=-0.04 | R: target=0.08 actual=0.08 err=-0.00 pwm=0.03
[DEBUG] [1784000182.727963715] [motor_controller_pid]: L: target=-0.08 actual=-0.08 err=-0.00 pwm=-0.04 | R: target=0.08 actual=0.07 err=0.01 pwm=0.03
[DEBUG] [1784000182.776711545] [motor_controller_pid]: L: target=-0.08 actual=-0.08 err=-0.00 pwm=-0.04 | R: target=0.08 actual=0.08 err=-0.00 pwm=0.03
[DEBUG] [1784000182.827491330] [motor_controller_pid]: L: target=-0.08 actual=-0.08 err=-0.00 pwm=-0.05 | R: target=0.08 actual=0.08 err=0.00 pwm=0.03
[DEBUG] [1784000182.876712699] [motor_controller_pid]: L: target=-0.08 actual=-0.08 err=0.00 pwm=-0.05 | R: target=0.08 actual=0.10 err=-0.02 pwm=0.03
[DEBUG] [1784000182.927731856] [motor_controller_pid]: L: target=-0.08 actual=-0.09 err=0.01 pwm=-0.04 | R: target=0.08 actual=0.09 err=-0.01 pwm=0.03
[DEBUG] [1784000182.976687280] [motor_controller_pid]: L: target=-0.08 actual=-0.10 err=0.02 pwm=-0.04 | R: target=0.08 actual=0.10 err=-0.02 pwm=0.02
[DEBUG] [1784000183.028499497] [motor_controller_pid]: L: target=-0.08 actual=-0.09 err=0.01 pwm=-0.04 | R: target=0.08 actual=0.08 err=0.00 pwm=0.02
[DEBUG] [1784000183.076661989] [motor_controller_pid]: L: target=-0.08 actual=-0.10 err=0.02 pwm=-0.03 | R: target=0.08 actual=0.10 err=-0.02 pwm=0.00
[DEBUG] [1784000183.127421867] [motor_controller_pid]: L: target=-0.08 actual=-0.07 err=-0.01 pwm=-0.04 | R: target=0.08 actual=0.05 err=0.03 pwm=0.00
[DEBUG] [1784000183.177000294] [motor_controller_pid]: L: target=-0.08 actual=-0.08 err=0.00 pwm=-0.04 | R: target=0.08 actual=0.00 err=0.08 pwm=0.02
[DEBUG] [1784000183.227621264] [motor_controller_pid]: L: target=-0.08 actual=-0.08 err=0.00 pwm=-0.04 | R: target=0.08 actual=0.00 err=0.08 pwm=0.03
[DEBUG] [1784000183.276515594] [motor_controller_pid]: L: target=-0.08 actual=-0.10 err=0.02 pwm=-0.03 | R: target=0.08 actual=0.09 err=-0.01 pwm=0.03
[DEBUG] [1784000183.328871499] [motor_controller_pid]: L: target=-0.08 actual=-0.08 err=0.00 pwm=-0.03 | R: target=0.08 actual=0.08 err=-0.00 pwm=0.04
[DEBUG] [1784000183.377348290] [motor_controller_pid]: L: target=-0.08 actual=-0.10 err=0.02 pwm=-0.03 | R: target=0.08 actual=0.10 err=-0.02 pwm=0.03
[DEBUG] [1784000183.427539016] [motor_controller_pid]: L: target=-0.08 actual=-0.09 err=0.01 pwm=-0.03 | R: target=0.08 actual=0.09 err=-0.01 pwm=0.03
[DEBUG] [1784000183.476584736] [motor_controller_pid]: L: target=-0.08 actual=-0.11 err=0.03 pwm=0.00 | R: target=0.08 actual=0.11 err=-0.03 pwm=0.02
[DEBUG] [1784000183.529144884] [motor_controller_pid]: L: target=-0.08 actual=-0.05 err=-0.03 pwm=0.00 | R: target=0.08 actual=0.09 err=-0.01 pwm=0.00
[DEBUG] [1784000183.576778670] [motor_controller_pid]: L: target=-0.08 actual=0.00 err=-0.08 pwm=-0.02 | R: target=0.08 actual=0.01 err=0.07 pwm=0.02
[DEBUG] [1784000183.627661178] [motor_controller_pid]: L: target=-0.08 actual=0.00 err=-0.08 pwm=-0.03 | R: target=0.08 actual=0.00 err=0.08 pwm=0.03
[DEBUG] [1784000183.676717472] [motor_controller_pid]: L: target=-0.08 actual=-0.07 err=-0.01 pwm=-0.04 | R: target=0.08 actual=0.08 err=0.00 pwm=0.04
[DEBUG] [1784000183.727909778] [motor_controller_pid]: L: target=-0.08 actual=-0.08 err=0.00 pwm=-0.04 | R: target=0.08 actual=0.09 err=-0.01 pwm=0.04
[DEBUG] [1784000183.776980295] [motor_controller_pid]: L: target=-0.08 actual=-0.10 err=0.02 pwm=-0.04 | R: target=0.08 actual=0.09 err=-0.01 pwm=0.03
[DEBUG] [1784000183.827485393] [motor_controller_pid]: L: target=-0.08 actual=-0.10 err=0.02 pwm=-0.04 | R: target=0.08 actual=0.10 err=-0.02 pwm=0.03
[DEBUG] [1784000183.877142598] [motor_controller_pid]: L: target=-0.08 actual=-0.08 err=0.00 pwm=-0.04 | R: target=0.08 actual=0.08 err=-0.00 pwm=0.03
[DEBUG] [1784000183.928200644] [motor_controller_pid]: L: target=-0.08 actual=-0.09 err=0.01 pwm=-0.04 | R: target=0.08 actual=0.09 err=-0.01 pwm=0.03
[DEBUG] [1784000183.976703731] [motor_controller_pid]: L: target=-0.08 actual=-0.07 err=-0.01 pwm=-0.04 | R: target=0.08 actual=0.08 err=0.00 pwm=0.04
[DEBUG] [1784000184.029360787] [motor_controller_pid]: L: target=-0.08 actual=-0.09 err=0.01 pwm=-0.04 | R: target=0.08 actual=0.09 err=-0.01 pwm=0.04
[DEBUG] [1784000184.076976462] [motor_controller_pid]: L: target=-0.08 actual=-0.10 err=0.02 pwm=-0.04 | R: target=0.08 actual=0.09 err=-0.01 pwm=0.04
[DEBUG] [1784000184.127410912] [motor_controller_pid]: L: target=-0.08 actual=-0.08 err=0.00 pwm=-0.04 | R: target=0.08 actual=0.08 err=-0.00 pwm=0.04
[DEBUG] [1784000184.176794930] [motor_controller_pid]: L: target=-0.08 actual=-0.10 err=0.02 pwm=-0.03 | R: target=0.08 actual=0.09 err=-0.01 pwm=0.04
[DEBUG] [1784000184.228773870] [motor_controller_pid]: L: target=-0.08 actual=-0.09 err=0.01 pwm=-0.03 | R: target=0.08 actual=0.09 err=-0.01 pwm=0.03
[DEBUG] [1784000184.276674880] [motor_controller_pid]: L: target=-0.08 actual=-0.09 err=0.01 pwm=-0.03 | R: target=0.08 actual=0.09 err=-0.01 pwm=0.03
[DEBUG] [1784000184.328701894] [motor_controller_pid]: L: target=-0.08 actual=-0.10 err=0.02 pwm=-0.02 | R: target=0.08 actual=0.10 err=-0.02 pwm=0.03
[DEBUG] [1784000184.377162185] [motor_controller_pid]: L: target=-0.08 actual=-0.09 err=0.01 pwm=-0.02 | R: target=0.08 actual=0.09 err=-0.01 pwm=0.02
[DEBUG] [1784000184.427599765] [motor_controller_pid]: L: target=-0.08 actual=-0.10 err=0.02 pwm=0.00 | R: target=0.08 actual=0.10 err=-0.02 pwm=0.00
[DEBUG] [1784000184.476758911] [motor_controller_pid]: L: target=-0.08 actual=-0.01 err=-0.07 pwm=-0.02 | R: target=0.08 actual=0.01 err=0.07 pwm=0.02
[DEBUG] [1784000184.528693944] [motor_controller_pid]: L: target=-0.08 actual=0.00 err=-0.08 pwm=-0.03 | R: target=0.08 actual=0.00 err=0.08 pwm=0.03
[DEBUG] [1784000184.576583157] [motor_controller_pid]: L: target=-0.08 actual=-0.07 err=-0.01 pwm=-0.04 | R: target=0.08 actual=0.07 err=0.01 pwm=0.04
[DEBUG] [1784000184.628052280] [motor_controller_pid]: L: target=-0.08 actual=-0.06 err=-0.02 pwm=-0.05 | R: target=0.08 actual=0.07 err=0.01 pwm=0.05
[DEBUG] [1784000184.676683738] [motor_controller_pid]: L: target=-0.08 actual=-0.08 err=0.00 pwm=-0.05 | R: target=0.08 actual=0.08 err=-0.00 pwm=0.05
[DEBUG] [1784000184.728238584] [motor_controller_pid]: L: target=-0.08 actual=-0.10 err=0.02 pwm=-0.05 | R: target=0.08 actual=0.09 err=-0.01 pwm=0.05
[DEBUG] [1784000184.776717430] [motor_controller_pid]: L: target=-0.08 actual=-0.09 err=0.01 pwm=-0.05 | R: target=0.08 actual=0.07 err=0.01 pwm=0.05
[DEBUG] [1784000184.827376844] [motor_controller_pid]: L: target=-0.08 actual=-0.09 err=0.01 pwm=-0.05 | R: target=0.08 actual=0.09 err=-0.01 pwm=0.05
[DEBUG] [1784000184.877544348] [motor_controller_pid]: L: target=-0.08 actual=-0.08 err=0.00 pwm=-0.05 | R: target=0.08 actual=0.10 err=-0.02 pwm=0.05
[DEBUG] [1784000184.928454653] [motor_controller_pid]: L: target=-0.08 actual=-0.09 err=0.01 pwm=-0.05 | R: target=0.08 actual=0.09 err=-0.01 pwm=0.05
[DEBUG] [1784000184.976935425] [motor_controller_pid]: L: target=-0.08 actual=-0.09 err=0.01 pwm=-0.04 | R: target=0.08 actual=0.09 err=-0.01 pwm=0.04
[DEBUG] [1784000185.029504980] [motor_controller_pid]: L: target=-0.08 actual=-0.07 err=-0.01 pwm=-0.05 | R: target=0.08 actual=0.08 err=0.00 pwm=0.05
[DEBUG] [1784000185.076578596] [motor_controller_pid]: L: target=-0.08 actual=-0.07 err=-0.01 pwm=-0.06 | R: target=0.08 actual=0.08 err=0.00 pwm=0.05
[DEBUG] [1784000185.127844292] [motor_controller_pid]: L: target=-0.08 actual=-0.09 err=0.01 pwm=-0.06 | R: target=0.08 actual=0.08 err=-0.00 pwm=0.05
[DEBUG] [1784000185.176716455] [motor_controller_pid]: L: target=-0.08 actual=-0.08 err=0.00 pwm=-0.06 | R: target=0.08 actual=0.08 err=-0.00 pwm=0.06
[DEBUG] [1784000185.229536159] [motor_controller_pid]: L: target=-0.08 actual=-0.09 err=0.01 pwm=-0.06 | R: target=0.08 actual=0.09 err=-0.01 pwm=0.06
[DEBUG] [1784000185.276563405] [motor_controller_pid]: L: target=-0.08 actual=-0.08 err=0.00 pwm=-0.06 | R: target=0.08 actual=0.10 err=-0.02 pwm=0.05
[DEBUG] [1784000185.327571988] [motor_controller_pid]: L: target=-0.08 actual=-0.10 err=0.02 pwm=-0.05 | R: target=0.08 actual=0.10 err=-0.02 pwm=0.05
[DEBUG] [1784000185.376735320] [motor_controller_pid]: L: target=-0.08 actual=-0.10 err=0.02 pwm=-0.05 | R: target=0.08 actual=0.10 err=-0.02 pwm=0.04
[DEBUG] [1784000185.429762673] [motor_controller_pid]: L: target=-0.08 actual=-0.08 err=-0.00 pwm=-0.05 | R: target=0.08 actual=0.08 err=-0.00 pwm=0.05
[DEBUG] [1784000185.476764011] [motor_controller_pid]: L: target=-0.08 actual=-0.09 err=0.01 pwm=-0.05 | R: target=0.08 actual=0.10 err=-0.02 pwm=0.04
[DEBUG] [1784000185.528018503] [motor_controller_pid]: L: target=-0.08 actual=-0.09 err=0.01 pwm=-0.05 | R: target=0.08 actual=0.09 err=-0.01 pwm=0.04
[DEBUG] [1784000185.576676221] [motor_controller_pid]: L: target=-0.08 actual=-0.08 err=0.00 pwm=-0.05 | R: target=0.08 actual=0.09 err=-0.01 pwm=0.03
[DEBUG] [1784000185.629541129] [motor_controller_pid]: L: target=-0.08 actual=-0.11 err=0.03 pwm=-0.04 | R: target=0.08 actual=0.10 err=-0.02 pwm=0.03
[DEBUG] [1784000185.676614227] [motor_controller_pid]: L: target=-0.08 actual=-0.10 err=0.02 pwm=-0.04 | R: target=0.08 actual=0.09 err=-0.01 pwm=0.03
[DEBUG] [1784000185.729004688] [motor_controller_pid]: L: target=-0.08 actual=-0.09 err=0.01 pwm=-0.03 | R: target=0.08 actual=0.09 err=-0.01 pwm=0.03
[DEBUG] [1784000185.776756290] [motor_controller_pid]: L: target=-0.08 actual=-0.09 err=0.01 pwm=-0.03 | R: target=0.08 actual=0.08 err=-0.00 pwm=0.03
[DEBUG] [1784000185.828152356] [motor_controller_pid]: L: target=-0.08 actual=-0.09 err=0.01 pwm=-0.03 | R: target=0.08 actual=0.09 err=-0.01 pwm=0.02
[DEBUG] [1784000185.877996562] [motor_controller_pid]: L: target=-0.08 actual=-0.08 err=-0.00 pwm=-0.03 | R: target=0.08 actual=0.08 err=0.00 pwm=0.02
[DEBUG] [1784000185.928982145] [motor_controller_pid]: L: target=-0.08 actual=-0.08 err=-0.00 pwm=-0.04 | R: target=0.08 actual=0.08 err=0.00 pwm=0.03
[DEBUG] [1784000185.976820228] [motor_controller_pid]: L: target=-0.08 actual=-0.10 err=0.02 pwm=-0.03 | R: target=0.08 actual=0.10 err=-0.02 pwm=0.02
[DEBUG] [1784000186.029668044] [motor_controller_pid]: L: target=-0.08 actual=-0.09 err=0.01 pwm=-0.03 | R: target=0.08 actual=0.09 err=-0.01 pwm=0.02
[DEBUG] [1784000186.076693049] [motor_controller_pid]: L: target=-0.08 actual=-0.06 err=-0.02 pwm=-0.04 | R: target=0.08 actual=0.07 err=0.01 pwm=0.03
[DEBUG] [1784000186.128720730] [motor_controller_pid]: L: target=-0.08 actual=-0.11 err=0.03 pwm=-0.03 | R: target=0.08 actual=0.11 err=-0.03 pwm=0.00
[DEBUG] [1784000186.176622277] [motor_controller_pid]: L: target=-0.08 actual=-0.08 err=0.00 pwm=-0.03 | R: target=0.08 actual=0.01 err=0.07 pwm=0.02
[DEBUG] [1784000186.227271302] [motor_controller_pid]: L: target=-0.08 actual=-0.08 err=-0.00 pwm=-0.03 | R: target=0.08 actual=0.00 err=0.08 pwm=0.03
[DEBUG] [1784000186.276713932] [motor_controller_pid]: L: target=-0.08 actual=-0.07 err=-0.01 pwm=-0.04 | R: target=0.08 actual=0.07 err=0.01 pwm=0.04
[DEBUG] [1784000186.329060504] [motor_controller_pid]: L: target=-0.08 actual=-0.09 err=0.01 pwm=-0.04 | R: target=0.08 actual=0.09 err=-0.01 pwm=0.04
[DEBUG] [1784000186.377812592] [motor_controller_pid]: L: target=-0.08 actual=-0.08 err=0.00 pwm=-0.04 | R: target=0.08 actual=0.08 err=-0.00 pwm=0.04
[DEBUG] [1784000186.429635532] [motor_controller_pid]: L: target=-0.08 actual=-0.09 err=0.01 pwm=-0.03 | R: target=0.08 actual=0.09 err=-0.01 pwm=0.04
[DEBUG] [1784000186.476558499] [motor_controller_pid]: L: target=-0.08 actual=-0.10 err=0.02 pwm=-0.03 | R: target=0.08 actual=0.10 err=-0.02 pwm=0.04
[DEBUG] [1784000186.530060855] [motor_controller_pid]: L: target=-0.08 actual=-0.10 err=0.02 pwm=-0.02 | R: target=0.08 actual=0.08 err=0.00 pwm=0.04
[DEBUG] [1784000186.576888618] [motor_controller_pid]: L: target=-0.08 actual=-0.09 err=0.01 pwm=-0.02 | R: target=0.08 actual=0.10 err=-0.02 pwm=0.03
[DEBUG] [1784000186.627706108] [motor_controller_pid]: L: target=-0.08 actual=-0.08 err=0.00 pwm=-0.02 | R: target=0.08 actual=0.08 err=0.00 pwm=0.04
[DEBUG] [1784000186.676647346] [motor_controller_pid]: L: target=-0.08 actual=-0.08 err=0.00 pwm=-0.02 | R: target=0.08 actual=0.08 err=0.00 pwm=0.04
[DEBUG] [1784000186.729951571] [motor_controller_pid]: L: target=-0.08 actual=-0.08 err=0.00 pwm=-0.02 | R: target=0.08 actual=0.08 err=0.00 pwm=0.04
[DEBUG] [1784000186.777047854] [motor_controller_pid]: L: target=-0.08 actual=-0.09 err=0.01 pwm=0.00 | R: target=0.08 actual=0.09 err=-0.01 pwm=0.04
[DEBUG] [1784000186.829240647] [motor_controller_pid]: L: target=-0.08 actual=-0.07 err=-0.01 pwm=0.00 | R: target=0.08 actual=0.10 err=-0.02 pwm=0.04
[DEBUG] [1784000186.876944860] [motor_controller_pid]: L: target=-0.08 actual=-0.00 err=-0.08 pwm=-0.02 | R: target=0.08 actual=0.07 err=0.01 pwm=0.04
[DEBUG] [1784000186.928526927] [motor_controller_pid]: L: target=-0.08 actual=0.00 err=-0.08 pwm=-0.03 | R: target=0.08 actual=0.08 err=-0.00 pwm=0.04
[DEBUG] [1784000186.977130626] [motor_controller_pid]: L: target=-0.08 actual=-0.07 err=-0.01 pwm=-0.04 | R: target=0.08 actual=0.08 err=-0.00 pwm=0.04
[DEBUG] [1784000187.029768904] [motor_controller_pid]: L: target=-0.08 actual=-0.07 err=-0.01 pwm=-0.05 | R: target=0.08 actual=0.08 err=-0.00 pwm=0.04
[DEBUG] [1784000187.076774390] [motor_controller_pid]: L: target=-0.08 actual=-0.09 err=0.01 pwm=-0.05 | R: target=0.08 actual=0.10 err=-0.02 pwm=0.04
[DEBUG] [1784000187.128102956] [motor_controller_pid]: L: target=-0.08 actual=-0.10 err=0.02 pwm=-0.04 | R: target=0.08 actual=0.10 err=-0.02 pwm=0.03
[DEBUG] [1784000187.176652822] [motor_controller_pid]: L: target=-0.08 actual=-0.09 err=0.01 pwm=-0.04 | R: target=0.08 actual=0.09 err=-0.01 pwm=0.03
[DEBUG] [1784000187.230307456] [motor_controller_pid]: L: target=-0.08 actual=-0.09 err=0.01 pwm=-0.03 | R: target=0.08 actual=0.09 err=-0.01 pwm=0.02
[DEBUG] [1784000187.276680439] [motor_controller_pid]: L: target=-0.08 actual=-0.08 err=0.00 pwm=-0.03 | R: target=0.08 actual=0.08 err=-0.00 pwm=0.02
[DEBUG] [1784000187.328880177] [motor_controller_pid]: L: target=-0.08 actual=-0.09 err=0.01 pwm=-0.03 | R: target=0.08 actual=0.09 err=-0.01 pwm=0.02
[DEBUG] [1784000187.377231800] [motor_controller_pid]: L: target=-0.08 actual=-0.10 err=0.02 pwm=-0.03 | R: target=0.08 actual=0.10 err=-0.02 pwm=0.00
[DEBUG] [1784000187.427250433] [motor_controller_pid]: L: target=-0.08 actual=-0.08 err=0.00 pwm=-0.03 | R: target=0.08 actual=0.05 err=0.03 pwm=0.00
[DEBUG] [1784000187.476572636] [motor_controller_pid]: L: target=-0.08 actual=-0.09 err=0.01 pwm=-0.03 | R: target=0.08 actual=0.01 err=0.07 pwm=0.02
[DEBUG] [1784000187.530035400] [motor_controller_pid]: L: target=-0.08 actual=-0.09 err=0.01 pwm=-0.03 | R: target=0.08 actual=0.00 err=0.08 pwm=0.03
[DEBUG] [1784000187.576948145] [motor_controller_pid]: L: target=-0.08 actual=-0.12 err=0.04 pwm=0.00 | R: target=0.08 actual=0.09 err=-0.01 pwm=0.03
[DEBUG] [1784000187.628187451] [motor_controller_pid]: L: target=-0.08 actual=-0.05 err=-0.03 pwm=0.00 | R: target=0.08 actual=0.09 err=-0.01 pwm=0.03
[DEBUG] [1784000187.676750483] [motor_controller_pid]: L: target=-0.08 actual=-0.01 err=-0.07 pwm=-0.02 | R: target=0.08 actual=0.09 err=-0.01 pwm=0.03
[DEBUG] [1784000187.727292434] [motor_controller_pid]: L: target=-0.08 actual=0.00 err=-0.08 pwm=-0.03 | R: target=0.08 actual=0.09 err=-0.01 pwm=0.03
[DEBUG] [1784000187.776802101] [motor_controller_pid]: L: target=-0.08 actual=-0.06 err=-0.02 pwm=-0.04 | R: target=0.08 actual=0.08 err=-0.00 pwm=0.03
[DEBUG] [1784000187.828295094] [motor_controller_pid]: L: target=-0.08 actual=-0.08 err=0.00 pwm=-0.05 | R: target=0.08 actual=0.09 err=-0.01 pwm=0.03
[DEBUG] [1784000187.876685847] [motor_controller_pid]: L: target=-0.08 actual=-0.10 err=0.02 pwm=-0.04 | R: target=0.08 actual=0.10 err=-0.02 pwm=0.02
[DEBUG] [1784000187.928637861] [motor_controller_pid]: L: target=-0.08 actual=-0.10 err=0.02 pwm=-0.04 | R: target=0.08 actual=0.10 err=-0.02 pwm=0.00
[DEBUG] [1784000187.976777687] [motor_controller_pid]: L: target=-0.08 actual=-0.09 err=0.01 pwm=-0.03 | R: target=0.08 actual=0.02 err=0.06 pwm=0.02
[DEBUG] [1784000188.029495447] [motor_controller_pid]: L: target=-0.08 actual=-0.08 err=-0.00 pwm=-0.04 | R: target=0.08 actual=0.01 err=0.07 pwm=0.03
[DEBUG] [1784000188.077039232] [motor_controller_pid]: L: target=-0.08 actual=-0.09 err=0.01 pwm=-0.04 | R: target=0.08 actual=0.09 err=-0.01 pwm=0.03
[DEBUG] [1784000188.128198242] [motor_controller_pid]: L: target=-0.08 actual=-0.09 err=0.01 pwm=-0.03 | R: target=0.08 actual=0.09 err=-0.01 pwm=0.03
[DEBUG] [1784000188.177066942] [motor_controller_pid]: L: target=-0.08 actual=-0.08 err=0.00 pwm=-0.03 | R: target=0.08 actual=0.08 err=-0.00 pwm=0.03
[DEBUG] [1784000188.228221822] [motor_controller_pid]: L: target=-0.08 actual=-0.09 err=0.01 pwm=-0.03 | R: target=0.08 actual=0.09 err=-0.01 pwm=0.03
[DEBUG] [1784000188.277108301] [motor_controller_pid]: L: target=-0.08 actual=-0.09 err=0.01 pwm=-0.03 | R: target=0.08 actual=0.09 err=-0.01 pwm=0.03
[DEBUG] [1784000188.328109217] [motor_controller_pid]: L: target=-0.08 actual=-0.10 err=0.02 pwm=-0.02 | R: target=0.08 actual=0.10 err=-0.02 pwm=0.02
[DEBUG] [1784000188.377100418] [motor_controller_pid]: L: target=-0.08 actual=-0.10 err=0.02 pwm=0.00 | R: target=0.08 actual=0.10 err=-0.02 pwm=0.00
[DEBUG] [1784000188.427320700] [motor_controller_pid]: L: target=-0.08 actual=-0.04 err=-0.04 pwm=0.00 | R: target=0.08 actual=0.05 err=0.03 pwm=0.00
[DEBUG] [1784000188.476580107] [motor_controller_pid]: L: target=-0.08 actual=-0.00 err=-0.08 pwm=-0.02 | R: target=0.08 actual=0.00 err=0.08 pwm=0.02
[DEBUG] [1784000188.529297866] [motor_controller_pid]: L: target=-0.08 actual=-0.00 err=-0.08 pwm=-0.03 | R: target=0.08 actual=-0.00 err=0.08 pwm=0.03
[DEBUG] [1784000188.576557483] [motor_controller_pid]: L: target=-0.08 actual=-0.06 err=-0.02 pwm=-0.05 | R: target=0.08 actual=0.07 err=0.01 pwm=0.04
[DEBUG] [1784000188.628877851] [motor_controller_pid]: L: target=-0.08 actual=-0.09 err=0.01 pwm=-0.04 | R: target=0.08 actual=0.10 err=-0.02 pwm=0.04
[DEBUG] [1784000188.676898825] [motor_controller_pid]: L: target=-0.08 actual=-0.09 err=0.01 pwm=-0.04 | R: target=0.08 actual=0.09 err=-0.01 pwm=0.04
[DEBUG] [1784000188.728151613] [motor_controller_pid]: L: target=-0.08 actual=-0.09 err=0.01 pwm=-0.04 | R: target=0.08 actual=0.09 err=-0.01 pwm=0.03
[DEBUG] [1784000188.776732700] [motor_controller_pid]: L: target=-0.08 actual=-0.09 err=0.01 pwm=-0.04 | R: target=0.08 actual=0.09 err=-0.01 pwm=0.03
[DEBUG] [1784000188.829472052] [motor_controller_pid]: L: target=-0.08 actual=-0.09 err=0.01 pwm=-0.04 | R: target=0.08 actual=0.09 err=-0.01 pwm=0.03
[DEBUG] [1784000188.877117672] [motor_controller_pid]: L: target=-0.08 actual=-0.09 err=0.01 pwm=-0.04 | R: target=0.08 actual=0.09 err=-0.01 pwm=0.03
[DEBUG] [1784000188.934624551] [motor_controller_pid]: L: target=-0.08 actual=-0.11 err=0.03 pwm=-0.03 | R: target=0.08 actual=0.10 err=-0.02 pwm=0.03
[DEBUG] [1784000188.980075861] [motor_controller_pid]: L: target=-0.08 actual=-0.07 err=-0.01 pwm=-0.04 | R: target=0.08 actual=0.07 err=0.01 pwm=0.03
[DEBUG] [1784000189.031244908] [motor_controller_pid]: L: target=-0.08 actual=-0.08 err=-0.00 pwm=-0.04 | R: target=0.08 actual=0.09 err=-0.01 pwm=0.03
[DEBUG] [1784000189.078672415] [motor_controller_pid]: L: target=-0.08 actual=-0.04 err=-0.04 pwm=-0.06 | R: target=0.08 actual=0.03 err=0.05 pwm=0.05
[DEBUG] [1784000189.132033752] [motor_controller_pid]: L: target=-0.08 actual=-0.08 err=-0.00 pwm=-0.06 | R: target=0.08 actual=0.07 err=0.01 pwm=0.05
[DEBUG] [1784000189.179492260] [motor_controller_pid]: L: target=-0.08 actual=-0.07 err=-0.01 pwm=-0.07 | R: target=0.08 actual=0.08 err=0.00 pwm=0.06
[DEBUG] [1784000189.228554091] [motor_controller_pid]: L: target=-0.08 actual=-0.08 err=0.00 pwm=-0.07 | R: target=0.08 actual=0.08 err=-0.00 pwm=0.06
[DEBUG] [1784000189.276798455] [motor_controller_pid]: L: target=-0.08 actual=-0.08 err=0.00 pwm=-0.07 | R: target=0.08 actual=0.09 err=-0.01 pwm=0.06
[DEBUG] [1784000189.328869154] [motor_controller_pid]: L: target=-0.08 actual=-0.09 err=0.01 pwm=-0.07 | R: target=0.08 actual=0.09 err=-0.01 pwm=0.06
[WARN] [1784000189.377141963] [motor_controller_pid]: Command timeout; stopping motors
