[INFO] [1784082375.118947643] [motor_controller_pid]: PID Motor Controller started — Kp=0.4, Ki=0.1, Kd=0.0, max_pwm=0.95, max_linear=0.3, cmd_vel_topic=cmd_vel
[WARN] [1784082375.181391730] [motor_controller_pid]: Encoder feedback timeout; stopping motors
[WARN] [1784082378.371507798] [motor_controller_pid]: Left motor is saturated: target spd 0.2016125
[WARN] [1784082378.373965200] [motor_controller_pid]: Right motor is saturated: target spd 0.2016125
[WARN] [1784082378.421508819] [motor_controller_pid]: Left motor is saturated: target spd 0.2016125
[WARN] [1784082378.423260551] [motor_controller_pid]: Right motor is saturated: target spd 0.2016125
[WARN] [1784082378.472039343] [motor_controller_pid]: Left motor is saturated: target spd 0.2016125
[WARN] [1784082378.473626759] [motor_controller_pid]: Right motor is saturated: target spd 0.2016125
[WARN] [1784082378.522144309] [motor_controller_pid]: Left motor is saturated: target spd 0.2016125
[WARN] [1784082378.523390464] [motor_controller_pid]: Right motor is saturated: target spd 0.2016125
[WARN] [1784082378.571611995] [motor_controller_pid]: Left motor is saturated: target spd 0.2016125
[WARN] [1784082378.574155230] [motor_controller_pid]: Right motor is saturated: target spd 0.2016125
[WARN] [1784082378.621460404] [motor_controller_pid]: Left motor is saturated: target spd 0.2016125
[WARN] [1784082378.623091783] [motor_controller_pid]: Right motor is saturated: target spd 0.2016125
[WARN] [1784082378.672694802] [motor_controller_pid]: Left motor is saturated: target spd 0.2016125
[WARN] [1784082378.676790879] [motor_controller_pid]: Right motor is saturated: target spd 0.2016125
[WARN] [1784082378.721644799] [motor_controller_pid]: Left motor is saturated: target spd 0.2016125
[WARN] [1784082378.722717768] [motor_controller_pid]: Right motor is saturated: target spd 0.2016125
[WARN] [1784082378.771188096] [motor_controller_pid]: Left motor is saturated: target spd 0.2016125
[WARN] [1784082378.774515373] [motor_controller_pid]: Right motor is saturated: target spd 0.2016125
[WARN] [1784082378.821709527] [motor_controller_pid]: Left motor is saturated: target spd 0.2016125
[WARN] [1784082378.822717699] [motor_controller_pid]: Right motor is saturated: target spd 0.2016125
[WARN] [1784082378.871582122] [motor_controller_pid]: Left motor is saturated: target spd 0.2016125
[WARN] [1784082378.876095868] [motor_controller_pid]: Right motor is saturated: target spd 0.2016125
[WARN] [1784082378.923216559] [motor_controller_pid]: Left motor is saturated: target spd 0.2016125
[WARN] [1784082378.924136879] [motor_controller_pid]: Right motor is saturated: target spd 0.2016125
[WARN] [1784082378.971706517] [motor_controller_pid]: Left motor is saturated: target spd 0.2016125
[WARN] [1784082378.973180488] [motor_controller_pid]: Right motor is saturated: target spd 0.2016125
[WARN] [1784082379.022339690] [motor_controller_pid]: Left motor is saturated: target spd 0.2016125
[WARN] [1784082379.023753197] [motor_controller_pid]: Right motor is saturated: target spd 0.2016125
[WARN] [1784082379.072396896] [motor_controller_pid]: Left motor is saturated: target spd 0.2016125
[WARN] [1784082379.073345624] [motor_controller_pid]: Right motor is saturated: target spd 0.2016125
[WARN] [1784082379.122875439] [motor_controller_pid]: Left motor is saturated: target spd 0.2016125
[WARN] [1784082379.124002037] [motor_controller_pid]: Right motor is saturated: target spd 0.2016125
[WARN] [1784082379.171415267] [motor_controller_pid]: Left motor is saturated: target spd 0.2016125
[WARN] [1784082379.173739909] [motor_controller_pid]: Right motor is saturated: target spd 0.2016125
[WARN] [1784082379.222598628] [motor_controller_pid]: Left motor is saturated: target spd 0.2016125
[WARN] [1784082379.223520151] [motor_controller_pid]: Right motor is saturated: target spd 0.2016125
[WARN] [1784082379.271396810] [motor_controller_pid]: Left motor is saturated: target spd 0.2016125
[WARN] [1784082379.273724933] [motor_controller_pid]: Right motor is saturated: target spd 0.2016125
[WARN] [1784082379.321375720] [motor_controller_pid]: Left motor is saturated: target spd 0.2016125
[WARN] [1784082379.322498948] [motor_controller_pid]: Right motor is saturated: target spd 0.2016125
[WARN] [1784082379.372956823] [motor_controller_pid]: Left motor is saturated: target spd 0.2016125
[WARN] [1784082379.374081588] [motor_controller_pid]: Right motor is saturated: target spd 0.2016125
[WARN] [1784082379.422073932] [motor_controller_pid]: Left motor is saturated: target spd 0.2016125
[WARN] [1784082379.423046252] [motor_controller_pid]: Right motor is saturated: target spd 0.2016125
[WARN] [1784082379.471323913] [motor_controller_pid]: Left motor is saturated: target spd 0.2016125
[WARN] [1784082379.473498572] [motor_controller_pid]: Right motor is saturated: target spd 0.2016125
[WARN] [1784082379.521569658] [motor_controller_pid]: Left motor is saturated: target spd 0.2016125
[WARN] [1784082379.523202277] [motor_controller_pid]: Right motor is saturated: target spd 0.2016125
[WARN] [1784082379.571334381] [motor_controller_pid]: Left motor is saturated: target spd 0.2016125
[WARN] [1784082379.573365040] [motor_controller_pid]: Right motor is saturated: target spd 0.2016125
[WARN] [1784082379.621483366] [motor_controller_pid]: Left motor is saturated: target spd 0.2016125
[WARN] [1784082379.622992522] [motor_controller_pid]: Right motor is saturated: target spd 0.2016125
[WARN] [1784082379.672539875] [motor_controller_pid]: Left motor is saturated: target spd 0.2016125
[WARN] [1784082379.673775751] [motor_controller_pid]: Right motor is saturated: target spd 0.2016125
[WARN] [1784082379.721363797] [motor_controller_pid]: Left motor is saturated: target spd 0.2016125
[WARN] [1784082379.722360636] [motor_controller_pid]: Right motor is saturated: target spd 0.2016125
[WARN] [1784082379.772483972] [motor_controller_pid]: Left motor is saturated: target spd 0.2016125
[WARN] [1784082379.775457562] [motor_controller_pid]: Right motor is saturated: target spd 0.2016125
[WARN] [1784082379.821995732] [motor_controller_pid]: Left motor is saturated: target spd 0.2016125
[WARN] [1784082379.823060571] [motor_controller_pid]: Right motor is saturated: target spd 0.2016125
[WARN] [1784082379.871872030] [motor_controller_pid]: Left motor is saturated: target spd 0.2016125
[WARN] [1784082379.873127870] [motor_controller_pid]: Right motor is saturated: target spd 0.2016125
[WARN] [1784082379.921900515] [motor_controller_pid]: Left motor is saturated: target spd 0.2016125
[WARN] [1784082379.923032354] [motor_controller_pid]: Right motor is saturated: target spd 0.2016125
[WARN] [1784082379.973133690] [motor_controller_pid]: Left motor is saturated: target spd 0.2016125
[WARN] [1784082379.974149899] [motor_controller_pid]: Right motor is saturated: target spd 0.2016125
[WARN] [1784082380.021541889] [motor_controller_pid]: Left motor is saturated: target spd 0.2016125
[WARN] [1784082380.022938396] [motor_controller_pid]: Right motor is saturated: target spd 0.2016125
[WARN] [1784082380.072783083] [motor_controller_pid]: Left motor is saturated: target spd 0.2016125
[WARN] [1784082380.073975737] [motor_controller_pid]: Right motor is saturated: target spd 0.2016125
[WARN] [1784082380.121543468] [motor_controller_pid]: Left motor is saturated: target spd 0.2016125
[WARN] [1784082380.123267755] [motor_controller_pid]: Right motor is saturated: target spd 0.2016125
[WARN] [1784082380.171990399] [motor_controller_pid]: Left motor is saturated: target spd 0.2016125
[WARN] [1784082380.173775612] [motor_controller_pid]: Right motor is saturated: target spd 0.2016125
[WARN] [1784082380.221384399] [motor_controller_pid]: Left motor is saturated: target spd 0.2016125
[WARN] [1784082380.222475830] [motor_controller_pid]: Right motor is saturated: target spd 0.2016125
[WARN] [1784082380.273372819] [motor_controller_pid]: Left motor is saturated: target spd 0.2016125
[WARN] [1784082380.274583270] [motor_controller_pid]: Right motor is saturated: target spd 0.2016125
[WARN] [1784082380.321725980] [motor_controller_pid]: Left motor is saturated: target spd 0.2016125
[WARN] [1784082380.322977875] [motor_controller_pid]: Right motor is saturated: target spd 0.2016125
[WARN] [1784082380.372778285] [motor_controller_pid]: Left motor is saturated: target spd 0.2016125
[WARN] [1784082380.373786864] [motor_controller_pid]: Right motor is saturated: target spd 0.2016125
[WARN] [1784082380.422358581] [motor_controller_pid]: Left motor is saturated: target spd 0.2016125
[WARN] [1784082380.423622218] [motor_controller_pid]: Right motor is saturated: target spd 0.2016125
[WARN] [1784082380.471185115] [motor_controller_pid]: Left motor is saturated: target spd 0.2016125
[WARN] [1784082380.472684141] [motor_controller_pid]: Right motor is saturated: target spd 0.2016125
[WARN] [1784082380.521464767] [motor_controller_pid]: Left motor is saturated: target spd 0.2016125
[WARN] [1784082380.522793941] [motor_controller_pid]: Right motor is saturated: target spd 0.2016125
[WARN] [1784082380.571446789] [motor_controller_pid]: Left motor is saturated: target spd 0.2016125
[WARN] [1784082380.573227057] [motor_controller_pid]: Right motor is saturated: target spd 0.2016125
[WARN] [1784082380.622069980] [motor_controller_pid]: Left motor is saturated: target spd 0.2016125
[WARN] [1784082380.623041337] [motor_controller_pid]: Right motor is saturated: target spd 0.2016125
[WARN] [1784082380.672418040] [motor_controller_pid]: Left motor is saturated: target spd 0.2016125
[WARN] [1784082380.674492366] [motor_controller_pid]: Right motor is saturated: target spd 0.2016125
[WARN] [1784082380.722111374] [motor_controller_pid]: Left motor is saturated: target spd 0.2016125
[WARN] [1784082380.723075787] [motor_controller_pid]: Right motor is saturated: target spd 0.2016125
[WARN] [1784082380.774517834] [motor_controller_pid]: Left motor is saturated: target spd 0.2016125
[WARN] [1784082380.776323010] [motor_controller_pid]: Right motor is saturated: target spd 0.2016125
[WARN] [1784082380.822523678] [motor_controller_pid]: Left motor is saturated: target spd 0.2016125
[WARN] [1784082380.823658240] [motor_controller_pid]: Right motor is saturated: target spd 0.2016125
[WARN] [1784082380.872309773] [motor_controller_pid]: Left motor is saturated: target spd 0.2016125
[WARN] [1784082380.873449223] [motor_controller_pid]: Right motor is saturated: target spd 0.2016125
[WARN] [1784082380.921857236] [motor_controller_pid]: Left motor is saturated: target spd 0.2016125
[WARN] [1784082380.923018464] [motor_controller_pid]: Right motor is saturated: target spd 0.2016125
[WARN] [1784082380.971497996] [motor_controller_pid]: Left motor is saturated: target spd 0.2016125
[WARN] [1784082380.973064800] [motor_controller_pid]: Right motor is saturated: target spd 0.2016125
[WARN] [1784082381.021682018] [motor_controller_pid]: Left motor is saturated: target spd 0.2016125
[WARN] [1784082381.022780561] [motor_controller_pid]: Right motor is saturated: target spd 0.2016125
[WARN] [1784082381.072880694] [motor_controller_pid]: Left motor is saturated: target spd 0.2016125
[WARN] [1784082381.073904366] [motor_controller_pid]: Right motor is saturated: target spd 0.2016125
[WARN] [1784082381.122662677] [motor_controller_pid]: Left motor is saturated: target spd 0.2016125
[WARN] [1784082381.123587552] [motor_controller_pid]: Right motor is saturated: target spd 0.2016125
[WARN] [1784082381.173662407] [motor_controller_pid]: Left motor is saturated: target spd 0.2016125
[WARN] [1784082381.175589362] [motor_controller_pid]: Right motor is saturated: target spd 0.2016125
[WARN] [1784082381.222294384] [motor_controller_pid]: Left motor is saturated: target spd 0.1864915625
[WARN] [1784082381.223572595] [motor_controller_pid]: Right motor is saturated: target spd 0.1864915625
[WARN] [1784082381.273080002] [motor_controller_pid]: Left motor is saturated: target spd 0.17137062500000003
[WARN] [1784082381.274230267] [motor_controller_pid]: Right motor is saturated: target spd 0.17137062500000003
[WARN] [1784082381.321406867] [motor_controller_pid]: Left motor is saturated: target spd 0.15624968750000004
[WARN] [1784082381.322662651] [motor_controller_pid]: Right motor is saturated: target spd 0.15624968750000004
[WARN] [1784082381.371672648] [motor_controller_pid]: Left motor is saturated: target spd 0.14112875000000003
[WARN] [1784082381.374084439] [motor_controller_pid]: Right motor is saturated: target spd 0.14112875000000003
[WARN] [1784082381.422355655] [motor_controller_pid]: Left motor is saturated: target spd 0.12600781250000004
[WARN] [1784082381.423327586] [motor_controller_pid]: Right motor is saturated: target spd 0.12600781250000004
[WARN] [1784082381.472617418] [motor_controller_pid]: Left motor is saturated: target spd 0.11088687500000005
[WARN] [1784082381.473772683] [motor_controller_pid]: Right motor is saturated: target spd 0.11088687500000005
[WARN] [1784082381.521472822] [motor_controller_pid]: Left motor is saturated: target spd 0.09576593750000005
[WARN] [1784082381.523030738] [motor_controller_pid]: Right motor is saturated: target spd 0.09576593750000005
[WARN] [1784082381.572884703] [motor_controller_pid]: Left motor is saturated: target spd 0.08064500000000005
[WARN] [1784082381.574058968] [motor_controller_pid]: Right motor is saturated: target spd 0.08064500000000005
[WARN] [1784082381.621373216] [motor_controller_pid]: Left motor is saturated: target spd 0.06552406250000005
[WARN] [1784082381.623149874] [motor_controller_pid]: Right motor is saturated: target spd 0.06552406250000005
[WARN] [1784082381.672348576] [motor_controller_pid]: Left motor is saturated: target spd 0.05040312500000004
[WARN] [1784082381.673525230] [motor_controller_pid]: Right motor is saturated: target spd 0.05040312500000004
[WARN] [1784082381.721819576] [motor_controller_pid]: Left motor is saturated: target spd 0.03528218750000004
[WARN] [1784082381.723164990] [motor_controller_pid]: Right motor is saturated: target spd 0.03528218750000004
[WARN] [1784082381.771400595] [motor_controller_pid]: Left motor is saturated: target spd 0.020161250000000044
[WARN] [1784082381.773652255] [motor_controller_pid]: Right motor is saturated: target spd 0.020161250000000044
[WARN] [1784082382.671254255] [motor_controller_pid]: Command timeout; stopping motors
[WARN] [1784082388.721682718] [motor_controller_pid]: Right motor is saturated: target spd 0.2391211201666703
[WARN] [1784082388.773320785] [motor_controller_pid]: Right motor is saturated: target spd 0.2391211201666703
[WARN] [1784082388.821365593] [motor_controller_pid]: Right motor is saturated: target spd 0.2391211201666703
[WARN] [1784082388.871427873] [motor_controller_pid]: Left motor is saturated: target spd -0.1608788798333297
[WARN] [1784082388.872902863] [motor_controller_pid]: Right motor is saturated: target spd 0.2391211201666703
[WARN] [1784082388.922104565] [motor_controller_pid]: Left motor is saturated: target spd -0.1608788798333297
[WARN] [1784082388.923184089] [motor_controller_pid]: Right motor is saturated: target spd 0.2391211201666703
[WARN] [1784082388.971365082] [motor_controller_pid]: Left motor is saturated: target spd -0.1608788798333297
[WARN] [1784082388.972648867] [motor_controller_pid]: Right motor is saturated: target spd 0.2391211201666703
[WARN] [1784082389.021905717] [motor_controller_pid]: Left motor is saturated: target spd -0.1608788798333297
[WARN] [1784082389.023428688] [motor_controller_pid]: Right motor is saturated: target spd 0.2391211201666703
[WARN] [1784082389.071472959] [motor_controller_pid]: Left motor is saturated: target spd -0.1608788798333297
[WARN] [1784082389.073633100] [motor_controller_pid]: Right motor is saturated: target spd 0.2391211201666703
[WARN] [1784082389.121372257] [motor_controller_pid]: Left motor is saturated: target spd -0.1608788798333297
[WARN] [1784082389.122396966] [motor_controller_pid]: Right motor is saturated: target spd 0.2391211201666703
[WARN] [1784082389.171757521] [motor_controller_pid]: Left motor is saturated: target spd -0.1608788798333297
[WARN] [1784082389.173940144] [motor_controller_pid]: Right motor is saturated: target spd 0.2391211201666703
[WARN] [1784082389.222003710] [motor_controller_pid]: Left motor is saturated: target spd -0.1608788798333297
[WARN] [1784082389.223308236] [motor_controller_pid]: Right motor is saturated: target spd 0.2391211201666703
[WARN] [1784082389.272245770] [motor_controller_pid]: Left motor is saturated: target spd -0.1608788798333297
[WARN] [1784082389.273308683] [motor_controller_pid]: Right motor is saturated: target spd 0.2391211201666703
[WARN] [1784082389.322427274] [motor_controller_pid]: Left motor is saturated: target spd -0.1608788798333297
[WARN] [1784082389.323409371] [motor_controller_pid]: Right motor is saturated: target spd 0.2391211201666703
[WARN] [1784082389.371612587] [motor_controller_pid]: Left motor is saturated: target spd -0.1608788798333297
[WARN] [1784082389.373266725] [motor_controller_pid]: Right motor is saturated: target spd 0.2391211201666703
[WARN] [1784082389.421460811] [motor_controller_pid]: Left motor is saturated: target spd -0.16087702623524075
[WARN] [1784082389.422473113] [motor_controller_pid]: Right motor is saturated: target spd 0.23912297376475927
[WARN] [1784082389.472394578] [motor_controller_pid]: Left motor is saturated: target spd -0.16087702623524075
[WARN] [1784082389.473441676] [motor_controller_pid]: Right motor is saturated: target spd 0.23912297376475927
[WARN] [1784082389.522823916] [motor_controller_pid]: Left motor is saturated: target spd -0.16087702623524075
[WARN] [1784082389.523713143] [motor_controller_pid]: Right motor is saturated: target spd 0.23912297376475927
[WARN] [1784082389.571203022] [motor_controller_pid]: Left motor is saturated: target spd -0.16087702623524075
[WARN] [1784082389.573029420] [motor_controller_pid]: Right motor is saturated: target spd 0.23912297376475927
[WARN] [1784082389.622099566] [motor_controller_pid]: Left motor is saturated: target spd -0.16087702623524075
[WARN] [1784082389.623142461] [motor_controller_pid]: Right motor is saturated: target spd 0.23912297376475927
[WARN] [1784082389.672427663] [motor_controller_pid]: Left motor is saturated: target spd -0.16087702623524075
[WARN] [1784082389.673725652] [motor_controller_pid]: Right motor is saturated: target spd 0.23912297376475927
[WARN] [1784082389.721859830] [motor_controller_pid]: Left motor is saturated: target spd -0.16087702623524075
[WARN] [1784082389.722971298] [motor_controller_pid]: Right motor is saturated: target spd 0.23912297376475927
[WARN] [1784082389.771536683] [motor_controller_pid]: Left motor is saturated: target spd -0.16087702623524075
[WARN] [1784082389.772760911] [motor_controller_pid]: Right motor is saturated: target spd 0.23912297376475927
[WARN] [1784082389.821434796] [motor_controller_pid]: Left motor is saturated: target spd -0.16087702623524075
[WARN] [1784082389.822590320] [motor_controller_pid]: Right motor is saturated: target spd 0.23912297376475927
[WARN] [1784082389.871292446] [motor_controller_pid]: Left motor is saturated: target spd -0.16087702623524075
[WARN] [1784082389.872313711] [motor_controller_pid]: Right motor is saturated: target spd 0.23912297376475927
[WARN] [1784082389.921859785] [motor_controller_pid]: Left motor is saturated: target spd -0.16087702623524075
[WARN] [1784082389.922971439] [motor_controller_pid]: Right motor is saturated: target spd 0.23912297376475927
[WARN] [1784082389.971268100] [motor_controller_pid]: Left motor is saturated: target spd -0.16087702623524075
[WARN] [1784082389.972193475] [motor_controller_pid]: Right motor is saturated: target spd 0.23912297376475927
[WARN] [1784082390.022213385] [motor_controller_pid]: Left motor is saturated: target spd -0.16087702623524075
[WARN] [1784082390.023453151] [motor_controller_pid]: Right motor is saturated: target spd 0.23912297376475927
[WARN] [1784082390.072021516] [motor_controller_pid]: Left motor is saturated: target spd -0.16087702623524075
[WARN] [1784082390.073055485] [motor_controller_pid]: Right motor is saturated: target spd 0.23912297376475927
[WARN] [1784082390.122304354] [motor_controller_pid]: Left motor is saturated: target spd -0.16087702623524075
[WARN] [1784082390.123285526] [motor_controller_pid]: Right motor is saturated: target spd 0.23912297376475927
[WARN] [1784082390.171521353] [motor_controller_pid]: Left motor is saturated: target spd -0.16087702623524075
[WARN] [1784082390.173405733] [motor_controller_pid]: Right motor is saturated: target spd 0.23912297376475927
[WARN] [1784082390.222257989] [motor_controller_pid]: Left motor is saturated: target spd -0.16087702623524075
[WARN] [1784082390.223563699] [motor_controller_pid]: Right motor is saturated: target spd 0.23912297376475927
[WARN] [1784082390.271709785] [motor_controller_pid]: Left motor is saturated: target spd -0.16087702623524075
[WARN] [1784082390.273009144] [motor_controller_pid]: Right motor is saturated: target spd 0.23912297376475927
[WARN] [1784082390.321715325] [motor_controller_pid]: Left motor is saturated: target spd -0.16087702623524075
[WARN] [1784082390.322732108] [motor_controller_pid]: Right motor is saturated: target spd 0.23912297376475927
[WARN] [1784082390.371515178] [motor_controller_pid]: Left motor is saturated: target spd -0.16087702623524075
[WARN] [1784082390.373044983] [motor_controller_pid]: Right motor is saturated: target spd 0.23912297376475927
[WARN] [1784082390.422247185] [motor_controller_pid]: Left motor is saturated: target spd -0.16087702623524075
[WARN] [1784082390.423456080] [motor_controller_pid]: Right motor is saturated: target spd 0.23912297376475927
[WARN] [1784082390.472142132] [motor_controller_pid]: Left motor is saturated: target spd -0.16087702623524075
[WARN] [1784082390.473324934] [motor_controller_pid]: Right motor is saturated: target spd 0.23912297376475927
[WARN] [1784082390.522935176] [motor_controller_pid]: Left motor is saturated: target spd -0.16087702623524075
[WARN] [1784082390.523884977] [motor_controller_pid]: Right motor is saturated: target spd 0.23912297376475927
[WARN] [1784082390.571463356] [motor_controller_pid]: Left motor is saturated: target spd -0.16087702623524075
[WARN] [1784082390.572657103] [motor_controller_pid]: Right motor is saturated: target spd 0.23912297376475927
[WARN] [1784082390.622146344] [motor_controller_pid]: Left motor is saturated: target spd -0.16087702623524075
[WARN] [1784082390.623356979] [motor_controller_pid]: Right motor is saturated: target spd 0.23912297376475927
[WARN] [1784082390.671686288] [motor_controller_pid]: Left motor is saturated: target spd -0.16087702623524075
[WARN] [1784082390.673265574] [motor_controller_pid]: Right motor is saturated: target spd 0.23912297376475927
[WARN] [1784082390.721207548] [motor_controller_pid]: Left motor is saturated: target spd -0.16087702623524075
[WARN] [1784082390.722891649] [motor_controller_pid]: Right motor is saturated: target spd 0.23912297376475927
[WARN] [1784082390.771288088] [motor_controller_pid]: Left motor is saturated: target spd -0.16087702623524075
[WARN] [1784082390.772418335] [motor_controller_pid]: Right motor is saturated: target spd 0.23912297376475927
[WARN] [1784082390.821387647] [motor_controller_pid]: Left motor is saturated: target spd -0.16087702623524075
[WARN] [1784082390.822899562] [motor_controller_pid]: Right motor is saturated: target spd 0.23912297376475927
[WARN] [1784082390.871714540] [motor_controller_pid]: Left motor is saturated: target spd -0.16087702623524075
[WARN] [1784082390.872874917] [motor_controller_pid]: Right motor is saturated: target spd 0.23912297376475927
[WARN] [1784082390.921369893] [motor_controller_pid]: Left motor is saturated: target spd -0.16087702623524075
[WARN] [1784082390.923217588] [motor_controller_pid]: Right motor is saturated: target spd 0.23912297376475927
[WARN] [1784082390.971593489] [motor_controller_pid]: Left motor is saturated: target spd -0.16087702623524075
[WARN] [1784082390.972654754] [motor_controller_pid]: Right motor is saturated: target spd 0.23912297376475927
[WARN] [1784082391.022980296] [motor_controller_pid]: Left motor is saturated: target spd -0.16087702623524075
[WARN] [1784082391.023923301] [motor_controller_pid]: Right motor is saturated: target spd 0.23912297376475927
[WARN] [1784082391.072503555] [motor_controller_pid]: Left motor is saturated: target spd -0.16087702623524075
[WARN] [1784082391.073460153] [motor_controller_pid]: Right motor is saturated: target spd 0.23912297376475927
[WARN] [1784082391.121535812] [motor_controller_pid]: Left motor is saturated: target spd -0.16087702623524075
[WARN] [1784082391.123359248] [motor_controller_pid]: Right motor is saturated: target spd 0.23912297376475927
[WARN] [1784082391.171326018] [motor_controller_pid]: Left motor is saturated: target spd -0.16087702623524075
[WARN] [1784082391.172775155] [motor_controller_pid]: Right motor is saturated: target spd 0.23912297376475927
[WARN] [1784082391.221453669] [motor_controller_pid]: Left motor is saturated: target spd -0.16087702623524075
[WARN] [1784082391.223204956] [motor_controller_pid]: Right motor is saturated: target spd 0.23912297376475927
[WARN] [1784082391.271556024] [motor_controller_pid]: Left motor is saturated: target spd -0.16087702623524075
[WARN] [1784082391.273508553] [motor_controller_pid]: Right motor is saturated: target spd 0.23912297376475927
[WARN] [1784082391.321863992] [motor_controller_pid]: Left motor is saturated: target spd -0.16087702623524075
[WARN] [1784082391.323105702] [motor_controller_pid]: Right motor is saturated: target spd 0.23912297376475927
[WARN] [1784082391.371568808] [motor_controller_pid]: Left motor is saturated: target spd -0.16087702623524075
[WARN] [1784082391.372668610] [motor_controller_pid]: Right motor is saturated: target spd 0.23912297376475927
[WARN] [1784082391.421619477] [motor_controller_pid]: Left motor is saturated: target spd -0.16087702623524075
[WARN] [1784082391.423530821] [motor_controller_pid]: Right motor is saturated: target spd 0.23912297376475927
[WARN] [1784082391.471460516] [motor_controller_pid]: Left motor is saturated: target spd -0.16087702623524075
[WARN] [1784082391.472571855] [motor_controller_pid]: Right motor is saturated: target spd 0.23912297376475927
[WARN] [1784082391.521542797] [motor_controller_pid]: Left motor is saturated: target spd -0.160878574737648
[WARN] [1784082391.522942656] [motor_controller_pid]: Right motor is saturated: target spd 0.23912142526235203
[WARN] [1784082391.572062173] [motor_controller_pid]: Left motor is saturated: target spd -0.160878574737648
[WARN] [1784082391.573232605] [motor_controller_pid]: Right motor is saturated: target spd 0.23912142526235203
[WARN] [1784082391.622194917] [motor_controller_pid]: Left motor is saturated: target spd -0.160878574737648
[WARN] [1784082391.623374183] [motor_controller_pid]: Right motor is saturated: target spd 0.23912142526235203
[WARN] [1784082391.672141771] [motor_controller_pid]: Left motor is saturated: target spd -0.160878574737648
[WARN] [1784082391.673476982] [motor_controller_pid]: Right motor is saturated: target spd 0.23912142526235203
[WARN] [1784082391.721318066] [motor_controller_pid]: Left motor is saturated: target spd -0.160878574737648
[WARN] [1784082391.722664944] [motor_controller_pid]: Right motor is saturated: target spd 0.23912142526235203
[WARN] [1784082391.771504514] [motor_controller_pid]: Left motor is saturated: target spd -0.160878574737648
[WARN] [1784082391.773381709] [motor_controller_pid]: Right motor is saturated: target spd 0.23912142526235203
[WARN] [1784082391.822532597] [motor_controller_pid]: Left motor is saturated: target spd -0.160878574737648
[WARN] [1784082391.823505176] [motor_controller_pid]: Right motor is saturated: target spd 0.23912142526235203
[WARN] [1784082391.871528557] [motor_controller_pid]: Left motor is saturated: target spd -0.160878574737648
[WARN] [1784082391.872844675] [motor_controller_pid]: Right motor is saturated: target spd 0.23912142526235203
[WARN] [1784082391.921860599] [motor_controller_pid]: Left motor is saturated: target spd -0.160878574737648
[WARN] [1784082391.923017327] [motor_controller_pid]: Right motor is saturated: target spd 0.23912142526235203
[WARN] [1784082391.971498970] [motor_controller_pid]: Left motor is saturated: target spd -0.160878574737648
[WARN] [1784082391.972642902] [motor_controller_pid]: Right motor is saturated: target spd 0.23912142526235203
[WARN] [1784082392.022321866] [motor_controller_pid]: Left motor is saturated: target spd -0.160878574737648
[WARN] [1784082392.023859800] [motor_controller_pid]: Right motor is saturated: target spd 0.23912142526235203
[WARN] [1784082392.071915163] [motor_controller_pid]: Left motor is saturated: target spd -0.160878574737648
[WARN] [1784082392.073369929] [motor_controller_pid]: Right motor is saturated: target spd 0.23912142526235203
[WARN] [1784082392.122371890] [motor_controller_pid]: Left motor is saturated: target spd -0.160878574737648
[WARN] [1784082392.123450173] [motor_controller_pid]: Right motor is saturated: target spd 0.23912142526235203
[WARN] [1784082392.171475647] [motor_controller_pid]: Left motor is saturated: target spd -0.160878574737648
[WARN] [1784082392.173025304] [motor_controller_pid]: Right motor is saturated: target spd 0.23912142526235203
[WARN] [1784082392.221954060] [motor_controller_pid]: Left motor is saturated: target spd -0.160878574737648
[WARN] [1784082392.223019732] [motor_controller_pid]: Right motor is saturated: target spd 0.23912142526235203
[WARN] [1784082392.271367300] [motor_controller_pid]: Left motor is saturated: target spd -0.160878574737648
[WARN] [1784082392.272956031] [motor_controller_pid]: Right motor is saturated: target spd 0.23912142526235203
[WARN] [1784082392.322038344] [motor_controller_pid]: Left motor is saturated: target spd -0.160878574737648
[WARN] [1784082392.323185553] [motor_controller_pid]: Right motor is saturated: target spd 0.23912142526235203
[WARN] [1784082392.371252620] [motor_controller_pid]: Left motor is saturated: target spd -0.160878574737648
[WARN] [1784082392.372254662] [motor_controller_pid]: Right motor is saturated: target spd 0.23912142526235203
[WARN] [1784082392.421418642] [motor_controller_pid]: Left motor is saturated: target spd -0.160878574737648
[WARN] [1784082392.422379406] [motor_controller_pid]: Right motor is saturated: target spd 0.23912142526235203
[WARN] [1784082392.471417645] [motor_controller_pid]: Left motor is saturated: target spd -0.160878574737648
[WARN] [1784082392.472445002] [motor_controller_pid]: Right motor is saturated: target spd 0.23912142526235203
[WARN] [1784082392.521424833] [motor_controller_pid]: Left motor is saturated: target spd -0.160878574737648
[WARN] [1784082392.523110138] [motor_controller_pid]: Right motor is saturated: target spd 0.23912142526235203
[WARN] [1784082392.571400576] [motor_controller_pid]: Left motor is saturated: target spd -0.160878574737648
[WARN] [1784082392.572578231] [motor_controller_pid]: Right motor is saturated: target spd 0.23912142526235203
[WARN] [1784082392.621890896] [motor_controller_pid]: Left motor is saturated: target spd -0.160878574737648
[WARN] [1784082392.622923013] [motor_controller_pid]: Right motor is saturated: target spd 0.23912142526235203
[WARN] [1784082392.672138141] [motor_controller_pid]: Left motor is saturated: target spd -0.160878574737648
[WARN] [1784082392.673564223] [motor_controller_pid]: Right motor is saturated: target spd 0.23912142526235203
[WARN] [1784082392.722086421] [motor_controller_pid]: Left motor is saturated: target spd -0.160878574737648
[WARN] [1784082392.723175001] [motor_controller_pid]: Right motor is saturated: target spd 0.23912142526235203
[WARN] [1784082392.773846267] [motor_controller_pid]: Left motor is saturated: target spd -0.160878574737648
[WARN] [1784082392.775740814] [motor_controller_pid]: Right motor is saturated: target spd 0.23912142526235203
[WARN] [1784082392.822337910] [motor_controller_pid]: Left motor is saturated: target spd -0.160878574737648
[WARN] [1784082392.823435712] [motor_controller_pid]: Right motor is saturated: target spd 0.23912142526235203
[WARN] [1784082392.871363037] [motor_controller_pid]: Left motor is saturated: target spd -0.160878574737648
[WARN] [1784082392.872425802] [motor_controller_pid]: Right motor is saturated: target spd 0.23912142526235203
[WARN] [1784082392.922051451] [motor_controller_pid]: Left motor is saturated: target spd -0.160878574737648
[WARN] [1784082392.923302050] [motor_controller_pid]: Right motor is saturated: target spd 0.23912142526235203
[WARN] [1784082392.972388066] [motor_controller_pid]: Left motor is saturated: target spd -0.160878574737648
[WARN] [1784082392.973493609] [motor_controller_pid]: Right motor is saturated: target spd 0.23912142526235203
[WARN] [1784082393.022862701] [motor_controller_pid]: Right motor is saturated: target spd 0.23912705030396847
[WARN] [1784082393.071638753] [motor_controller_pid]: Left motor is saturated: target spd -0.16087294969603155
[WARN] [1784082393.073372281] [motor_controller_pid]: Right motor is saturated: target spd 0.23912705030396847
[WARN] [1784082393.123046245] [motor_controller_pid]: Left motor is saturated: target spd -0.16016561139427668
[WARN] [1784082393.124037120] [motor_controller_pid]: Right motor is saturated: target spd 0.23983438860572334
[WARN] [1784082393.171335664] [motor_controller_pid]: Left motor is saturated: target spd -0.16016561139427668
[WARN] [1784082393.172694060] [motor_controller_pid]: Right motor is saturated: target spd 0.23983438860572334
[WARN] [1784082393.222712452] [motor_controller_pid]: Right motor is saturated: target spd 0.24012853659604952
[WARN] [1784082393.272570991] [motor_controller_pid]: Left motor is saturated: target spd -0.1598714634039505
[WARN] [1784082393.273496477] [motor_controller_pid]: Right motor is saturated: target spd 0.24012853659604952
[WARN] [1784082393.322936514] [motor_controller_pid]: Left motor is saturated: target spd -0.15933567172915974
[WARN] [1784082393.324193021] [motor_controller_pid]: Right motor is saturated: target spd 0.24066432827084028
[WARN] [1784082393.371808437] [motor_controller_pid]: Right motor is saturated: target spd 0.24066432827084028
[WARN] [1784082393.422894612] [motor_controller_pid]: Left motor is saturated: target spd -0.15952913034571942
[WARN] [1784082393.423873673] [motor_controller_pid]: Right motor is saturated: target spd 0.2404708696542806
[WARN] [1784082393.472714225] [motor_controller_pid]: Left motor is saturated: target spd -0.15952913034571942
[WARN] [1784082393.473967769] [motor_controller_pid]: Right motor is saturated: target spd 0.2404708696542806
[WARN] [1784082393.523643751] [motor_controller_pid]: Right motor is saturated: target spd 0.23814047536082203
[WARN] [1784082393.572359321] [motor_controller_pid]: Right motor is saturated: target spd 0.23814047536082203
[WARN] [1784082393.623131143] [motor_controller_pid]: Left motor is saturated: target spd -0.16148771367142023
[WARN] [1784082393.624405501] [motor_controller_pid]: Right motor is saturated: target spd 0.2385122863285798
[WARN] [1784082393.671565804] [motor_controller_pid]: Left motor is saturated: target spd -0.16148771367142023
[WARN] [1784082393.673135646] [motor_controller_pid]: Right motor is saturated: target spd 0.2385122863285798
[WARN] [1784082393.721456028] [motor_controller_pid]: Right motor is saturated: target spd 0.23795104517460813
[WARN] [1784082393.771301586] [motor_controller_pid]: Right motor is saturated: target spd 0.23795104517460813
[WARN] [1784082393.822446798] [motor_controller_pid]: Left motor is saturated: target spd -0.16166538800012592
[WARN] [1784082393.823548193] [motor_controller_pid]: Right motor is saturated: target spd 0.2383346119998741
[WARN] [1784082393.871998558] [motor_controller_pid]: Left motor is saturated: target spd -0.16166538800012592
[WARN] [1784082393.873054064] [motor_controller_pid]: Right motor is saturated: target spd 0.2383346119998741
[WARN] [1784082393.922396563] [motor_controller_pid]: Right motor is saturated: target spd 0.23737511442617643
[WARN] [1784082393.972863772] [motor_controller_pid]: Right motor is saturated: target spd 0.23737511442617643
[WARN] [1784082394.021680509] [motor_controller_pid]: Right motor is saturated: target spd 0.23744544628349398
[WARN] [1784082394.071906365] [motor_controller_pid]: Left motor is saturated: target spd -0.16255455371650604
[WARN] [1784082394.072961630] [motor_controller_pid]: Right motor is saturated: target spd 0.23744544628349398
[WARN] [1784082394.123123244] [motor_controller_pid]: Right motor is saturated: target spd 0.23666282085628265
[WARN] [1784082394.173080284] [motor_controller_pid]: Left motor is saturated: target spd -0.16333717914371737
[WARN] [1784082394.174301661] [motor_controller_pid]: Right motor is saturated: target spd 0.23666282085628265
[WARN] [1784082394.222421376] [motor_controller_pid]: Right motor is saturated: target spd 0.23574006630332767
[WARN] [1784082394.272936474] [motor_controller_pid]: Right motor is saturated: target spd 0.23574006630332767
[WARN] [1784082394.323213663] [motor_controller_pid]: Right motor is saturated: target spd 0.23539148439345176
[WARN] [1784082394.373799947] [motor_controller_pid]: Left motor is saturated: target spd -0.16460851560654827
[WARN] [1784082394.376257367] [motor_controller_pid]: Right motor is saturated: target spd 0.23539148439345176
[WARN] [1784082394.422544295] [motor_controller_pid]: Left motor is saturated: target spd -0.16562576796553935
[WARN] [1784082394.423752764] [motor_controller_pid]: Right motor is saturated: target spd 0.23437423203446067
[WARN] [1784082394.471269791] [motor_controller_pid]: Left motor is saturated: target spd -0.16562576796553935
[WARN] [1784082394.473226227] [motor_controller_pid]: Right motor is saturated: target spd 0.23437423203446067
[WARN] [1784082394.523668010] [motor_controller_pid]: Right motor is saturated: target spd 0.23431049053180217
[WARN] [1784082394.572888064] [motor_controller_pid]: Right motor is saturated: target spd 0.23431049053180217
[WARN] [1784082394.622212397] [motor_controller_pid]: Right motor is saturated: target spd 0.23038295893069238
[WARN] [1784082394.673245701] [motor_controller_pid]: Right motor is saturated: target spd 0.23038295893069238
[WARN] [1784082394.721612455] [motor_controller_pid]: Right motor is saturated: target spd 0.2299854746809991
[WARN] [1784082394.773772339] [motor_controller_pid]: Left motor is saturated: target spd -0.1700145253190009
[WARN] [1784082394.775065142] [motor_controller_pid]: Right motor is saturated: target spd 0.2299854746809991
[WARN] [1784082394.822647225] [motor_controller_pid]: Right motor is saturated: target spd 0.22875711998580672
[WARN] [1784082394.871633018] [motor_controller_pid]: Left motor is saturated: target spd -0.1712428800141933
[WARN] [1784082394.873244656] [motor_controller_pid]: Right motor is saturated: target spd 0.22875711998580672
[WARN] [1784082394.922296302] [motor_controller_pid]: Left motor is saturated: target spd -0.17175860069546514
[WARN] [1784082394.924190109] [motor_controller_pid]: Right motor is saturated: target spd 0.22824139930453488
[WARN] [1784082394.971906340] [motor_controller_pid]: Left motor is saturated: target spd -0.17175860069546514
[WARN] [1784082394.973218384] [motor_controller_pid]: Right motor is saturated: target spd 0.22824139930453488
[WARN] [1784082395.024619727] [motor_controller_pid]: Right motor is saturated: target spd 0.2279517826045437
[WARN] [1784082395.071474269] [motor_controller_pid]: Left motor is saturated: target spd -0.1720482173954563
[WARN] [1784082395.072438830] [motor_controller_pid]: Right motor is saturated: target spd 0.2279517826045437
[WARN] [1784082395.123988711] [motor_controller_pid]: Right motor is saturated: target spd 0.2278209326388812
[WARN] [1784082395.173021598] [motor_controller_pid]: Left motor is saturated: target spd -0.17217906736111882
[WARN] [1784082395.174294012] [motor_controller_pid]: Right motor is saturated: target spd 0.2278209326388812
[WARN] [1784082395.223204879] [motor_controller_pid]: Right motor is saturated: target spd 0.2264440543443312
[WARN] [1784082395.271647522] [motor_controller_pid]: Right motor is saturated: target spd 0.2264440543443312
[WARN] [1784082395.323267144] [motor_controller_pid]: Right motor is saturated: target spd 0.22542033969664965
[WARN] [1784082395.371330933] [motor_controller_pid]: Left motor is saturated: target spd -0.17457966030335037
[WARN] [1784082395.373518389] [motor_controller_pid]: Right motor is saturated: target spd 0.22542033969664965
[WARN] [1784082395.421787253] [motor_controller_pid]: Right motor is saturated: target spd 0.22414357745590324
[WARN] [1784082395.471557755] [motor_controller_pid]: Right motor is saturated: target spd 0.22414357745590324
[WARN] [1784082395.523780806] [motor_controller_pid]: Left motor is saturated: target spd -0.1767369822477446
[WARN] [1784082395.524984183] [motor_controller_pid]: Right motor is saturated: target spd 0.22326301775225543
[WARN] [1784082395.574267867] [motor_controller_pid]: Left motor is saturated: target spd -0.1767369822477446
[WARN] [1784082395.577422439] [motor_controller_pid]: Right motor is saturated: target spd 0.22326301775225543
[WARN] [1784082395.622460156] [motor_controller_pid]: Left motor is saturated: target spd -0.17899079671259735
[WARN] [1784082395.623684681] [motor_controller_pid]: Right motor is saturated: target spd 0.22100920328740267
[WARN] [1784082395.672507326] [motor_controller_pid]: Left motor is saturated: target spd -0.17899079671259735
[WARN] [1784082395.674107742] [motor_controller_pid]: Right motor is saturated: target spd 0.22100920328740267
[WARN] [1784082395.721507601] [motor_controller_pid]: Right motor is saturated: target spd 0.2213723298926644
[WARN] [1784082395.773336503] [motor_controller_pid]: Right motor is saturated: target spd 0.2213723298926644
[WARN] [1784082395.822690946] [motor_controller_pid]: Right motor is saturated: target spd 0.22079161852141424
[WARN] [1784082395.873411508] [motor_controller_pid]: Right motor is saturated: target spd 0.22079161852141424
[WARN] [1784082395.923007268] [motor_controller_pid]: Right motor is saturated: target spd 0.21935761119596817
[WARN] [1784082395.971291910] [motor_controller_pid]: Left motor is saturated: target spd -0.18064238880403186
[WARN] [1784082395.973061234] [motor_controller_pid]: Right motor is saturated: target spd 0.21935761119596817
[WARN] [1784082396.022957662] [motor_controller_pid]: Right motor is saturated: target spd 0.21770488406771782
[WARN] [1784082396.073040203] [motor_controller_pid]: Right motor is saturated: target spd 0.21770488406771782
[WARN] [1784082396.122865334] [motor_controller_pid]: Left motor is saturated: target spd -0.18324235067260075
[WARN] [1784082396.124455602] [motor_controller_pid]: Right motor is saturated: target spd 0.21675764932739927
[WARN] [1784082396.173365840] [motor_controller_pid]: Left motor is saturated: target spd -0.18324235067260075
[WARN] [1784082396.174396456] [motor_controller_pid]: Right motor is saturated: target spd 0.21675764932739927
[WARN] [1784082396.223104063] [motor_controller_pid]: Right motor is saturated: target spd 0.2157166153949697
[WARN] [1784082396.271316908] [motor_controller_pid]: Right motor is saturated: target spd 0.2157166153949697
[WARN] [1784082396.371953251] [motor_controller_pid]: Left motor is saturated: target spd -0.18796434594459216
[WARN] [1784082396.373553889] [motor_controller_pid]: Right motor is saturated: target spd 0.21203565405540786
[WARN] [1784082396.421422676] [motor_controller_pid]: Left motor is saturated: target spd -0.18658098623129696
[WARN] [1784082396.423463650] [motor_controller_pid]: Right motor is saturated: target spd 0.21341901376870306
[WARN] [1784082396.473075484] [motor_controller_pid]: Left motor is saturated: target spd -0.18658098623129696
[WARN] [1784082396.474126378] [motor_controller_pid]: Right motor is saturated: target spd 0.21341901376870306
[WARN] [1784082396.522984912] [motor_controller_pid]: Right motor is saturated: target spd 0.2149664914052476
[WARN] [1784082396.571566352] [motor_controller_pid]: Left motor is saturated: target spd -0.18503350859475243
[WARN] [1784082396.572939230] [motor_controller_pid]: Right motor is saturated: target spd 0.2149664914052476
[WARN] [1784082396.622336192] [motor_controller_pid]: Left motor is saturated: target spd -0.1835608155055731
[WARN] [1784082396.623451883] [motor_controller_pid]: Right motor is saturated: target spd 0.21643918449442692
[WARN] [1784082396.673876166] [motor_controller_pid]: Left motor is saturated: target spd -0.1835608155055731
[WARN] [1784082396.675269173] [motor_controller_pid]: Right motor is saturated: target spd 0.21643918449442692
[WARN] [1784082396.723037775] [motor_controller_pid]: Right motor is saturated: target spd 0.21934526219390602
[WARN] [1784082396.771429010] [motor_controller_pid]: Right motor is saturated: target spd 0.21934526219390602
[WARN] [1784082396.822327203] [motor_controller_pid]: Right motor is saturated: target spd 0.22299241324635463
[WARN] [1784082396.872475281] [motor_controller_pid]: Left motor is saturated: target spd -0.1770075867536454
[WARN] [1784082396.873918622] [motor_controller_pid]: Right motor is saturated: target spd 0.22299241324635463
[WARN] [1784082396.922633173] [motor_controller_pid]: Left motor is saturated: target spd -0.17530543103993312
[WARN] [1784082396.923543493] [motor_controller_pid]: Right motor is saturated: target spd 0.2246945689600669
[WARN] [1784082396.971707097] [motor_controller_pid]: Left motor is saturated: target spd -0.17530543103993312
[WARN] [1784082396.973584496] [motor_controller_pid]: Right motor is saturated: target spd 0.2246945689600669
[WARN] [1784082397.023836111] [motor_controller_pid]: Right motor is saturated: target spd 0.22650113083182657
[WARN] [1784082397.071142414] [motor_controller_pid]: Left motor is saturated: target spd -0.17349886916817345
[WARN] [1784082397.072474384] [motor_controller_pid]: Right motor is saturated: target spd 0.22650113083182657
[WARN] [1784082397.123751560] [motor_controller_pid]: Right motor is saturated: target spd 0.22880648310977247
[WARN] [1784082397.172276963] [motor_controller_pid]: Right motor is saturated: target spd 0.22880648310977247
[WARN] [1784082397.222332392] [motor_controller_pid]: Right motor is saturated: target spd 0.23131341262577973
[WARN] [1784082397.271359815] [motor_controller_pid]: Left motor is saturated: target spd -0.1686865873742203
[WARN] [1784082397.274122274] [motor_controller_pid]: Right motor is saturated: target spd 0.23131341262577973
[WARN] [1784082397.321775746] [motor_controller_pid]: Right motor is saturated: target spd 0.23294802563717265
[WARN] [1784082397.371217542] [motor_controller_pid]: Right motor is saturated: target spd 0.23294802563717265
[WARN] [1784082397.422751183] [motor_controller_pid]: Right motor is saturated: target spd 0.23511609261208835
[WARN] [1784082397.472639444] [motor_controller_pid]: Right motor is saturated: target spd 0.23511609261208835
[WARN] [1784082397.524095140] [motor_controller_pid]: Right motor is saturated: target spd 0.24192099876778722
[WARN] [1784082397.573051785] [motor_controller_pid]: Right motor is saturated: target spd 0.24192099876778722
[WARN] [1784082397.623201085] [motor_controller_pid]: Right motor is saturated: target spd 0.24439291737238864
[WARN] [1784082397.671739728] [motor_controller_pid]: Right motor is saturated: target spd 0.24439291737238864
[WARN] [1784082397.723785316] [motor_controller_pid]: Right motor is saturated: target spd 0.22927197987238865
[WARN] [1784082397.772877499] [motor_controller_pid]: Right motor is saturated: target spd 0.21415104237238863
[WARN] [1784082397.822546889] [motor_controller_pid]: Right motor is saturated: target spd 0.20399029369716715
[WARN] [1784082397.871999426] [motor_controller_pid]: Right motor is saturated: target spd 0.20399029369716715
[WARN] [1784082397.922084503] [motor_controller_pid]: Right motor is saturated: target spd 0.2028501266047117
[WARN] [1784082397.971203094] [motor_controller_pid]: Right motor is saturated: target spd 0.2028501266047117
[WARN] [1784082398.023109754] [motor_controller_pid]: Right motor is saturated: target spd 0.20113593783342554
[WARN] [1784082398.072505495] [motor_controller_pid]: Right motor is saturated: target spd 0.20113593783342554
[WARN] [1784082398.121533400] [motor_controller_pid]: Right motor is saturated: target spd 0.19979820401609502
[WARN] [1784082398.171714367] [motor_controller_pid]: Left motor is saturated: target spd -0.200201795983905
[WARN] [1784082398.176778078] [motor_controller_pid]: Right motor is saturated: target spd 0.19979820401609502
[WARN] [1784082398.222864079] [motor_controller_pid]: Left motor is saturated: target spd -0.2013193313565537
[WARN] [1784082398.224090511] [motor_controller_pid]: Right motor is saturated: target spd 0.19868066864344633
[WARN] [1784082398.272008892] [motor_controller_pid]: Left motor is saturated: target spd -0.2013193313565537
[WARN] [1784082398.273486363] [motor_controller_pid]: Right motor is saturated: target spd 0.19868066864344633
[WARN] [1784082398.322173525] [motor_controller_pid]: Right motor is saturated: target spd 0.19784371507644016
[WARN] [1784082398.373487165] [motor_controller_pid]: Left motor is saturated: target spd -0.20215628492355986
[WARN] [1784082398.374912302] [motor_controller_pid]: Right motor is saturated: target spd 0.19784371507644016
[WARN] [1784082398.421654158] [motor_controller_pid]: Right motor is saturated: target spd 0.19653744562770353
[WARN] [1784082398.473133539] [motor_controller_pid]: Left motor is saturated: target spd -0.2034625543722965
[WARN] [1784082398.474966085] [motor_controller_pid]: Right motor is saturated: target spd 0.19653744562770353
[WARN] [1784082398.523499340] [motor_controller_pid]: Right motor is saturated: target spd 0.19540161210747264
[WARN] [1784082398.573282230] [motor_controller_pid]: Right motor is saturated: target spd 0.19540161210747264
[WARN] [1784082398.623701142] [motor_controller_pid]: Right motor is saturated: target spd 0.19490292666135176
[WARN] [1784082398.674169740] [motor_controller_pid]: Left motor is saturated: target spd -0.20509707333864827
[WARN] [1784082398.676210862] [motor_controller_pid]: Right motor is saturated: target spd 0.19490292666135176
[WARN] [1784082398.723113052] [motor_controller_pid]: Left motor is saturated: target spd -0.21614600598974057
[WARN] [1784082398.724191687] [motor_controller_pid]: Right motor is saturated: target spd 0.18385399401025945
[WARN] [1784082398.774972620] [motor_controller_pid]: Left motor is saturated: target spd -0.21614600598974057
[WARN] [1784082398.777098076] [motor_controller_pid]: Right motor is saturated: target spd 0.18385399401025945
[WARN] [1784082398.823724061] [motor_controller_pid]: Left motor is saturated: target spd -0.21860506451661077
[WARN] [1784082398.872338519] [motor_controller_pid]: Left motor is saturated: target spd -0.21860506451661077
[WARN] [1784082398.874295604] [motor_controller_pid]: Right motor is saturated: target spd 0.18139493548338925
[WARN] [1784082398.922309114] [motor_controller_pid]: Left motor is saturated: target spd -0.21967467561852436
[WARN] [1784082398.923410268] [motor_controller_pid]: Right motor is saturated: target spd 0.18032532438147567
[WARN] [1784082398.974248794] [motor_controller_pid]: Left motor is saturated: target spd -0.21967467561852436
[WARN] [1784082398.975362818] [motor_controller_pid]: Right motor is saturated: target spd 0.18032532438147567
[WARN] [1784082399.023582460] [motor_controller_pid]: Left motor is saturated: target spd -0.22021030653986023
[WARN] [1784082399.025030153] [motor_controller_pid]: Right motor is saturated: target spd 0.1797896934601398
[WARN] [1784082399.072078047] [motor_controller_pid]: Left motor is saturated: target spd -0.22021030653986023
[WARN] [1784082399.073459629] [motor_controller_pid]: Right motor is saturated: target spd 0.1797896934601398
[WARN] [1784082399.123070037] [motor_controller_pid]: Left motor is saturated: target spd -0.22072891785303528
[WARN] [1784082399.125152474] [motor_controller_pid]: Right motor is saturated: target spd 0.17927108214696474
[WARN] [1784082399.171367549] [motor_controller_pid]: Left motor is saturated: target spd -0.22072891785303528
[WARN] [1784082399.223331155] [motor_controller_pid]: Left motor is saturated: target spd -0.22180997523988075
[WARN] [1784082399.224265993] [motor_controller_pid]: Right motor is saturated: target spd 0.17819002476011928
[WARN] [1784082399.272910600] [motor_controller_pid]: Right motor is saturated: target spd 0.17819002476011928
[WARN] [1784082399.422938275] [motor_controller_pid]: Left motor is saturated: target spd -0.22297675915309512
[WARN] [1784082399.474016080] [motor_controller_pid]: Left motor is saturated: target spd -0.22297675915309512
[WARN] [1784082399.475528365] [motor_controller_pid]: Right motor is saturated: target spd 0.1770232408469049
[WARN] [1784082399.572077316] [motor_controller_pid]: Left motor is saturated: target spd -0.2225930292760207
[WARN] [1784082399.573895121] [motor_controller_pid]: Right motor is saturated: target spd 0.17740697072397932
[WARN] [1784082399.622194393] [motor_controller_pid]: Left motor is saturated: target spd -0.22262913064755216
[WARN] [1784082399.624637369] [motor_controller_pid]: Right motor is saturated: target spd 0.17737086935244786
[WARN] [1784082399.671711727] [motor_controller_pid]: Left motor is saturated: target spd -0.22262913064755216
[WARN] [1784082399.674092591] [motor_controller_pid]: Right motor is saturated: target spd 0.17737086935244786
[WARN] [1784082399.721304801] [motor_controller_pid]: Left motor is saturated: target spd -0.21298280217181703
[WARN] [1784082399.724260169] [motor_controller_pid]: Right motor is saturated: target spd 0.187017197828183
[WARN] [1784082399.771394156] [motor_controller_pid]: Left motor is saturated: target spd -0.21298280217181703
[WARN] [1784082399.773947725] [motor_controller_pid]: Right motor is saturated: target spd 0.187017197828183
[WARN] [1784082400.173639320] [motor_controller_pid]: Left motor is saturated: target spd -0.2301267760664495
[WARN] [1784082400.271481925] [motor_controller_pid]: Left motor is saturated: target spd -0.23226912071546654
[WARN] [1784082400.322730323] [motor_controller_pid]: Right motor is saturated: target spd 0.16753347432306961
[WARN] [1784082400.372532547] [motor_controller_pid]: Left motor is saturated: target spd -0.2324665256769304
[WARN] [1784082400.373639497] [motor_controller_pid]: Right motor is saturated: target spd 0.16753347432306961
[WARN] [1784082400.472170754] [motor_controller_pid]: Left motor is saturated: target spd -0.2320809636388865
[WARN] [1784082400.473345446] [motor_controller_pid]: Right motor is saturated: target spd 0.16791903636111352
[WARN] [1784082400.571410663] [motor_controller_pid]: Left motor is saturated: target spd -0.23220709808895856
[WARN] [1784082400.671423613] [motor_controller_pid]: Left motor is saturated: target spd -0.23311101189384997
[WARN] [1784082400.673451679] [motor_controller_pid]: Right motor is saturated: target spd 0.16688898810615005
[WARN] [1784082400.771625583] [motor_controller_pid]: Left motor is saturated: target spd -0.22157810604088624
[WARN] [1784082400.773067942] [motor_controller_pid]: Right motor is saturated: target spd 0.1784218939591138
[WARN] [1784082400.822259274] [motor_controller_pid]: Left motor is saturated: target spd -0.22220551202998967
[WARN] [1784082400.872532834] [motor_controller_pid]: Left motor is saturated: target spd -0.22220551202998967
[WARN] [1784082400.971521001] [motor_controller_pid]: Left motor is saturated: target spd -0.22276499034510044
[WARN] [1784082401.071615007] [motor_controller_pid]: Left motor is saturated: target spd -0.22283599629939327
[WARN] [1784082401.073425590] [motor_controller_pid]: Right motor is saturated: target spd 0.17716400370060675
[WARN] [1784082401.121538990] [motor_controller_pid]: Left motor is saturated: target spd -0.2231328711533734
[WARN] [1784082401.171345955] [motor_controller_pid]: Left motor is saturated: target spd -0.2231328711533734
[WARN] [1784082401.173961858] [motor_controller_pid]: Right motor is saturated: target spd 0.17686712884662661
[WARN] [1784082401.271670684] [motor_controller_pid]: Left motor is saturated: target spd -0.22383376069953212
[WARN] [1784082401.273174822] [motor_controller_pid]: Right motor is saturated: target spd 0.1761662393004679
[WARN] [1784082401.371387781] [motor_controller_pid]: Left motor is saturated: target spd -0.2240646886891352
[WARN] [1784082401.471433342] [motor_controller_pid]: Left motor is saturated: target spd -0.23847197605655426
[WARN] [1784082401.573105357] [motor_controller_pid]: Left motor is saturated: target spd -0.24023591693511054
[WARN] [1784082401.672515711] [motor_controller_pid]: Left motor is saturated: target spd -0.24018559632831565
[WARN] [1784082401.722063841] [motor_controller_pid]: Left motor is saturated: target spd -0.24009413469037805
[WARN] [1784082401.772111103] [motor_controller_pid]: Left motor is saturated: target spd -0.24009413469037805
[WARN] [1784082401.872821538] [motor_controller_pid]: Left motor is saturated: target spd -0.21721789833948268
[WARN] [1784082401.922771893] [motor_controller_pid]: Left motor is saturated: target spd -0.21717566915352887
[WARN] [1784082401.972014947] [motor_controller_pid]: Left motor is saturated: target spd -0.21717566915352887
[WARN] [1784082402.074741411] [motor_controller_pid]: Left motor is saturated: target spd -0.21746553488047232
[WARN] [1784082402.076592884] [motor_controller_pid]: Right motor is saturated: target spd 0.1825344651195277
[WARN] [1784082402.173709096] [motor_controller_pid]: Left motor is saturated: target spd -0.21744208555889422
[WARN] [1784082402.271523924] [motor_controller_pid]: Left motor is saturated: target spd -0.21805912833228794
[WARN] [1784082402.671913392] [motor_controller_pid]: Left motor is saturated: target spd -0.2175506548371767
[WARN] [1784082403.173308816] [motor_controller_pid]: Left motor is saturated: target spd -0.2135341623642258
[WARN] [1784082406.472410900] [motor_controller_pid]: Left motor is saturated: target spd -0.28357275212425
[WARN] [1784082406.523830484] [motor_controller_pid]: Left motor is saturated: target spd -0.2898327942194155
[WARN] [1784082406.571824087] [motor_controller_pid]: Left motor is saturated: target spd -0.2898327942194155
[WARN] [1784082406.622808836] [motor_controller_pid]: Left motor is saturated: target spd -0.2905917651195842
[WARN] [1784082406.672659764] [motor_controller_pid]: Left motor is saturated: target spd -0.2905917651195842
[WARN] [1784082406.722899842] [motor_controller_pid]: Left motor is saturated: target spd -0.2905052458986983
[WARN] [1784082406.773519274] [motor_controller_pid]: Left motor is saturated: target spd -0.2905052458986983
[WARN] [1784082406.822493160] [motor_controller_pid]: Left motor is saturated: target spd -0.2901282239878542
[WARN] [1784082406.873305389] [motor_controller_pid]: Left motor is saturated: target spd -0.2901282239878542
[WARN] [1784082406.922532999] [motor_controller_pid]: Left motor is saturated: target spd -0.2849954129734704
[WARN] [1784082406.971589312] [motor_controller_pid]: Left motor is saturated: target spd -0.2849954129734704
[WARN] [1784082407.024677293] [motor_controller_pid]: Left motor is saturated: target spd -0.28444678187044126
[WARN] [1784082407.072186876] [motor_controller_pid]: Left motor is saturated: target spd -0.28444678187044126
[WARN] [1784082407.122725752] [motor_controller_pid]: Left motor is saturated: target spd -0.2838039288162905
[WARN] [1784082407.173913187] [motor_controller_pid]: Left motor is saturated: target spd -0.2838039288162905
[WARN] [1784082407.221646603] [motor_controller_pid]: Left motor is saturated: target spd -0.2830172984161353
[WARN] [1784082407.273180910] [motor_controller_pid]: Left motor is saturated: target spd -0.2830172984161353
[WARN] [1784082407.323245562] [motor_controller_pid]: Left motor is saturated: target spd -0.2815401004444508
[WARN] [1784082407.373955068] [motor_controller_pid]: Left motor is saturated: target spd -0.2815401004444508
[WARN] [1784082407.422494637] [motor_controller_pid]: Left motor is saturated: target spd -0.28053772787834863
[WARN] [1784082407.472981957] [motor_controller_pid]: Left motor is saturated: target spd -0.28053772787834863
[WARN] [1784082407.523846502] [motor_controller_pid]: Left motor is saturated: target spd -0.2788983662826382
[WARN] [1784082407.573115204] [motor_controller_pid]: Left motor is saturated: target spd -0.2788983662826382
[WARN] [1784082407.622801187] [motor_controller_pid]: Left motor is saturated: target spd -0.27685869176469435
[WARN] [1784082407.673432934] [motor_controller_pid]: Left motor is saturated: target spd -0.27685869176469435
[WARN] [1784082407.721991096] [motor_controller_pid]: Left motor is saturated: target spd -0.2749529185162532
[WARN] [1784082407.771506985] [motor_controller_pid]: Left motor is saturated: target spd -0.2749529185162532
[WARN] [1784082407.822500141] [motor_controller_pid]: Left motor is saturated: target spd -0.2804835195390115
[WARN] [1784082407.871801436] [motor_controller_pid]: Left motor is saturated: target spd -0.2804835195390115
[WARN] [1784082407.922480868] [motor_controller_pid]: Left motor is saturated: target spd -0.26536258203901153
[WARN] [1784082407.971821571] [motor_controller_pid]: Left motor is saturated: target spd -0.25024164453901154
[WARN] [1784082408.073241232] [motor_controller_pid]: Left motor is saturated: target spd -0.2199997695390115
[WARN] [1784082409.572015808] [motor_controller_pid]: Right motor is saturated: target spd 0.2791280146221822
[WARN] [1784082409.621591679] [motor_controller_pid]: Right motor is saturated: target spd 0.27795359585420276
[WARN] [1784082409.674963996] [motor_controller_pid]: Right motor is saturated: target spd 0.27795359585420276
[WARN] [1784082409.721470165] [motor_controller_pid]: Right motor is saturated: target spd 0.27731466558204665
[WARN] [1784082409.771626688] [motor_controller_pid]: Right motor is saturated: target spd 0.27731466558204665
[WARN] [1784082409.822525176] [motor_controller_pid]: Right motor is saturated: target spd 0.2761687346817241
[WARN] [1784082409.873863075] [motor_controller_pid]: Right motor is saturated: target spd 0.2761687346817241
[WARN] [1784082409.923489576] [motor_controller_pid]: Right motor is saturated: target spd 0.2744750980806331
[WARN] [1784082409.972271202] [motor_controller_pid]: Right motor is saturated: target spd 0.2744750980806331
[WARN] [1784082410.022605021] [motor_controller_pid]: Right motor is saturated: target spd 0.2865718480806331
[WARN] [1784082410.073449584] [motor_controller_pid]: Right motor is saturated: target spd 0.2903200795644457
[WARN] [1784082410.123712255] [motor_controller_pid]: Right motor is saturated: target spd 0.29043127612131164
[WARN] [1784082410.172524862] [motor_controller_pid]: Right motor is saturated: target spd 0.29043127612131164
[WARN] [1784082410.223668575] [motor_controller_pid]: Right motor is saturated: target spd 0.2896902799789324
[WARN] [1784082410.273518966] [motor_controller_pid]: Right motor is saturated: target spd 0.2896902799789324
[WARN] [1784082410.323124744] [motor_controller_pid]: Right motor is saturated: target spd 0.2888105194501661
[WARN] [1784082410.371823981] [motor_controller_pid]: Right motor is saturated: target spd 0.2888105194501661
[WARN] [1784082410.422651099] [motor_controller_pid]: Right motor is saturated: target spd 0.28797772347418915
[WARN] [1784082410.471560763] [motor_controller_pid]: Right motor is saturated: target spd 0.28797772347418915
[WARN] [1784082410.523194589] [motor_controller_pid]: Right motor is saturated: target spd 0.28707936468683437
[WARN] [1784082410.573177536] [motor_controller_pid]: Right motor is saturated: target spd 0.28707936468683437
[WARN] [1784082410.621727438] [motor_controller_pid]: Right motor is saturated: target spd 0.28571311903199453
[WARN] [1784082410.673740489] [motor_controller_pid]: Right motor is saturated: target spd 0.28571311903199453
[WARN] [1784082410.722522633] [motor_controller_pid]: Right motor is saturated: target spd 0.2847090719704266
[WARN] [1784082410.771714243] [motor_controller_pid]: Right motor is saturated: target spd 0.2847090719704266
[WARN] [1784082410.822740955] [motor_controller_pid]: Right motor is saturated: target spd 0.2828483660177349
[WARN] [1784082410.873076348] [motor_controller_pid]: Right motor is saturated: target spd 0.2828483660177349
[WARN] [1784082410.921461750] [motor_controller_pid]: Right motor is saturated: target spd 0.2820285637715172
[WARN] [1784082410.971554734] [motor_controller_pid]: Right motor is saturated: target spd 0.2820285637715172
[WARN] [1784082411.024882810] [motor_controller_pid]: Right motor is saturated: target spd 0.2669076262715172
[WARN] [1784082411.072105558] [motor_controller_pid]: Right motor is saturated: target spd 0.26591923966969844
[WARN] [1784082411.122669804] [motor_controller_pid]: Right motor is saturated: target spd 0.2648643123539608
[WARN] [1784082411.173790646] [motor_controller_pid]: Right motor is saturated: target spd 0.2648643123539608
[WARN] [1784082411.222109270] [motor_controller_pid]: Right motor is saturated: target spd 0.2627990386268624
[WARN] [1784082411.272198551] [motor_controller_pid]: Right motor is saturated: target spd 0.2627990386268624
[WARN] [1784082411.323766432] [motor_controller_pid]: Right motor is saturated: target spd 0.2610086291119583
[WARN] [1784082411.371993870] [motor_controller_pid]: Right motor is saturated: target spd 0.2610086291119583
[WARN] [1784082411.421496388] [motor_controller_pid]: Right motor is saturated: target spd 0.259830479041927
[WARN] [1784082411.473357771] [motor_controller_pid]: Right motor is saturated: target spd 0.259830479041927
[WARN] [1784082411.521636080] [motor_controller_pid]: Right motor is saturated: target spd 0.2581416162275457
[WARN] [1784082411.574157337] [motor_controller_pid]: Right motor is saturated: target spd 0.2581416162275457
[WARN] [1784082411.622767388] [motor_controller_pid]: Right motor is saturated: target spd 0.2569007588528477
[WARN] [1784082411.671973201] [motor_controller_pid]: Right motor is saturated: target spd 0.2569007588528477
[WARN] [1784082411.723832676] [motor_controller_pid]: Right motor is saturated: target spd 0.25894882760087906
[WARN] [1784082411.773588604] [motor_controller_pid]: Right motor is saturated: target spd 0.25894882760087906
[WARN] [1784082411.822923122] [motor_controller_pid]: Right motor is saturated: target spd 0.2574819066131777
[WARN] [1784082411.873802407] [motor_controller_pid]: Right motor is saturated: target spd 0.2574819066131777
[WARN] [1784082411.922830219] [motor_controller_pid]: Right motor is saturated: target spd 0.25630343689712204
[WARN] [1784082411.971750457] [motor_controller_pid]: Right motor is saturated: target spd 0.25630343689712204
[WARN] [1784082412.022395037] [motor_controller_pid]: Right motor is saturated: target spd 0.24118249939712205
[WARN] [1784082412.071712722] [motor_controller_pid]: Right motor is saturated: target spd 0.22606156189712204
[WARN] [1784082412.174059647] [motor_controller_pid]: Right motor is saturated: target spd 0.19951687241673852
[WARN] [1784082412.221941564] [motor_controller_pid]: Right motor is saturated: target spd 0.19687893358608932
[WARN] [1784082412.271662195] [motor_controller_pid]: Right motor is saturated: target spd 0.19687893358608932
[WARN] [1784082412.674321713] [motor_controller_pid]: Right motor is saturated: target spd 0.19365166247039114
[WARN] [1784082413.072818523] [motor_controller_pid]: Right motor is saturated: target spd 0.18439767917839409
[WARN] [1784082413.172493508] [motor_controller_pid]: Right motor is saturated: target spd 0.18290939454816255
[WARN] [1784082413.271334341] [motor_controller_pid]: Right motor is saturated: target spd 0.18100089261596172
[WARN] [1784082414.671888439] [motor_controller_pid]: Left motor is saturated: target spd -0.22215647291572585
[WARN] [1784082414.772919876] [motor_controller_pid]: Left motor is saturated: target spd -0.2223045320013205
[WARN] [1784082414.974844230] [motor_controller_pid]: Left motor is saturated: target spd -0.22170136770664192
[WARN] [1784082415.071874017] [motor_controller_pid]: Left motor is saturated: target spd -0.22201399912138786
[WARN] [1784082415.172136931] [motor_controller_pid]: Left motor is saturated: target spd -0.21987099010282937
[WARN] [1784082415.173601031] [motor_controller_pid]: Right motor is saturated: target spd 0.18012900989717065
[WARN] [1784082415.273386110] [motor_controller_pid]: Left motor is saturated: target spd -0.22014561506728195
[WARN] [1784082415.621493600] [motor_controller_pid]: Left motor is saturated: target spd -0.2176320004543768
[WARN] [1784082415.622432531] [motor_controller_pid]: Right motor is saturated: target spd 0.18236799954562322
[WARN] [1784082415.673855301] [motor_controller_pid]: Left motor is saturated: target spd -0.2176320004543768
[WARN] [1784082415.675001584] [motor_controller_pid]: Right motor is saturated: target spd 0.18236799954562322
[WARN] [1784082415.771408849] [motor_controller_pid]: Left motor is saturated: target spd -0.21760324079202642
[WARN] [1784082415.772919264] [motor_controller_pid]: Right motor is saturated: target spd 0.1823967592079736
[WARN] [1784082416.071713793] [motor_controller_pid]: Left motor is saturated: target spd -0.21963210788586573
[WARN] [1784082416.074126176] [motor_controller_pid]: Right motor is saturated: target spd 0.1803678921141343
[WARN] [1784082416.173960847] [motor_controller_pid]: Left motor is saturated: target spd -0.22903569798791107
[WARN] [1784082416.271428562] [motor_controller_pid]: Left motor is saturated: target spd -0.2301997858986381
[WARN] [1784082416.371669661] [motor_controller_pid]: Left motor is saturated: target spd -0.23040507585211759
[WARN] [1784082416.471438628] [motor_controller_pid]: Left motor is saturated: target spd -0.23157533108231812
[WARN] [1784082416.571820969] [motor_controller_pid]: Left motor is saturated: target spd -0.23277004699480408
[WARN] [1784082416.673618169] [motor_controller_pid]: Left motor is saturated: target spd -0.23323879962147998
[WARN] [1784082416.776365004] [motor_controller_pid]: Left motor is saturated: target spd -0.23376085696601984
[WARN] [1784082416.822514949] [motor_controller_pid]: Left motor is saturated: target spd -0.23468623788573337
[WARN] [1784082416.873245678] [motor_controller_pid]: Left motor is saturated: target spd -0.23468623788573337
[WARN] [1784082416.921431727] [motor_controller_pid]: Left motor is saturated: target spd -0.24678298788573338
[WARN] [1784082416.972787144] [motor_controller_pid]: Left motor is saturated: target spd -0.24921377418557106
[WARN] [1784082417.022907833] [motor_controller_pid]: Left motor is saturated: target spd -0.250416339379822
[WARN] [1784082417.071391272] [motor_controller_pid]: Left motor is saturated: target spd -0.250416339379822
[WARN] [1784082417.122632429] [motor_controller_pid]: Left motor is saturated: target spd -0.24098353734960104
[WARN] [1784082417.173591585] [motor_controller_pid]: Left motor is saturated: target spd -0.24098353734960104
[WARN] [1784082417.272405066] [motor_controller_pid]: Left motor is saturated: target spd -0.24197208171905915
[WARN] [1784082417.321360822] [motor_controller_pid]: Left motor is saturated: target spd -0.24247989534117947
[WARN] [1784082417.372753110] [motor_controller_pid]: Left motor is saturated: target spd -0.24247989534117947
[WARN] [1784082417.472917950] [motor_controller_pid]: Left motor is saturated: target spd -0.24332802000293668
[WARN] [1784082417.523379585] [motor_controller_pid]: Left motor is saturated: target spd -0.24398898833677668
[WARN] [1784082417.572405638] [motor_controller_pid]: Left motor is saturated: target spd -0.24398898833677668
[WARN] [1784082417.621711211] [motor_controller_pid]: Left motor is saturated: target spd -0.24505732999207178
[WARN] [1784082417.673297759] [motor_controller_pid]: Left motor is saturated: target spd -0.24505732999207178
[WARN] [1784082417.722150663] [motor_controller_pid]: Left motor is saturated: target spd -0.24546440876663791
[WARN] [1784082417.771275050] [motor_controller_pid]: Left motor is saturated: target spd -0.24546440876663791
[WARN] [1784082417.821778371] [motor_controller_pid]: Left motor is saturated: target spd -0.24625256356747705
[WARN] [1784082417.873002602] [motor_controller_pid]: Left motor is saturated: target spd -0.24625256356747705
[WARN] [1784082417.922350175] [motor_controller_pid]: Left motor is saturated: target spd -0.24662761249364545
[WARN] [1784082417.971827768] [motor_controller_pid]: Left motor is saturated: target spd -0.24662761249364545
[WARN] [1784082418.023996227] [motor_controller_pid]: Left motor is saturated: target spd -0.24680262358241045
[WARN] [1784082418.072876205] [motor_controller_pid]: Left motor is saturated: target spd -0.24680262358241045
[WARN] [1784082418.122902782] [motor_controller_pid]: Left motor is saturated: target spd -0.24778270035792516
[WARN] [1784082418.172577209] [motor_controller_pid]: Left motor is saturated: target spd -0.24778270035792516
[WARN] [1784082418.274106278] [motor_controller_pid]: Left motor is saturated: target spd -0.21754082535792515
[WARN] [1784082418.373046963] [motor_controller_pid]: Left motor is saturated: target spd -0.20856567014484995
[WARN] [1784082418.473065432] [motor_controller_pid]: Left motor is saturated: target spd -0.20731178707637207
[WARN] [1784082418.571369428] [motor_controller_pid]: Left motor is saturated: target spd -0.2067745216782712
[WARN] [1784082418.672777274] [motor_controller_pid]: Left motor is saturated: target spd -0.20640435046856687
[WARN] [1784082418.773376134] [motor_controller_pid]: Left motor is saturated: target spd -0.2058164815890632
[WARN] [1784082419.074262992] [motor_controller_pid]: Left motor is saturated: target spd -0.20410773173851984
[WARN] [1784082419.673261306] [motor_controller_pid]: Right motor is saturated: target spd 0.22740174590560336
[WARN] [1784082419.772139450] [motor_controller_pid]: Right motor is saturated: target spd 0.22895738054729295
[WARN] [1784082419.822575758] [motor_controller_pid]: Right motor is saturated: target spd 0.228285644212591
[WARN] [1784082419.873126252] [motor_controller_pid]: Right motor is saturated: target spd 0.228285644212591
[WARN] [1784082419.972490823] [motor_controller_pid]: Right motor is saturated: target spd 0.22761533880520374
[WARN] [1784082420.072955752] [motor_controller_pid]: Right motor is saturated: target spd 0.22664469242196048
[WARN] [1784082420.121942442] [motor_controller_pid]: Right motor is saturated: target spd 0.22589680763638523
[WARN] [1784082420.172468565] [motor_controller_pid]: Right motor is saturated: target spd 0.22589680763638523
[WARN] [1784082420.273123125] [motor_controller_pid]: Right motor is saturated: target spd 0.21646964629065382
[WARN] [1784082420.372827365] [motor_controller_pid]: Right motor is saturated: target spd 0.21658631549608165
[WARN] [1784082420.571317322] [motor_controller_pid]: Right motor is saturated: target spd 0.2159119690384207
[WARN] [1784082420.673385777] [motor_controller_pid]: Right motor is saturated: target spd 0.21549586728435657
[WARN] [1784082420.772920628] [motor_controller_pid]: Right motor is saturated: target spd 0.21660289025035778
[WARN] [1784082420.871625863] [motor_controller_pid]: Right motor is saturated: target spd 0.23221167072174018
[WARN] [1784082420.922783489] [motor_controller_pid]: Right motor is saturated: target spd 0.2311865224258203
[WARN] [1784082420.972791554] [motor_controller_pid]: Right motor is saturated: target spd 0.2311865224258203
[WARN] [1784082421.023609605] [motor_controller_pid]: Right motor is saturated: target spd 0.23100080892600336
[WARN] [1784082421.072101163] [motor_controller_pid]: Right motor is saturated: target spd 0.23100080892600336
[WARN] [1784082421.121855986] [motor_controller_pid]: Right motor is saturated: target spd 0.2311731679818615
[WARN] [1784082421.172823649] [motor_controller_pid]: Left motor is saturated: target spd -0.16882683201813853
[WARN] [1784082421.173854043] [motor_controller_pid]: Right motor is saturated: target spd 0.2311731679818615
[WARN] [1784082421.273059910] [motor_controller_pid]: Left motor is saturated: target spd -0.1849688471274448
[WARN] [1784082421.274483491] [motor_controller_pid]: Right motor is saturated: target spd 0.21503115287255523
[WARN] [1784082421.371766367] [motor_controller_pid]: Right motor is saturated: target spd 0.21405558500480784
[WARN] [1784082421.472483871] [motor_controller_pid]: Right motor is saturated: target spd 0.21428307758786774
[WARN] [1784082421.571912091] [motor_controller_pid]: Right motor is saturated: target spd 0.21448975558788647
[WARN] [1784082421.771953408] [motor_controller_pid]: Right motor is saturated: target spd 0.21187914272396036
[WARN] [1784082421.872639116] [motor_controller_pid]: Left motor is saturated: target spd -0.1895999617259652
[WARN] [1784082421.874418754] [motor_controller_pid]: Right motor is saturated: target spd 0.21040003827403483
[WARN] [1784082421.971697001] [motor_controller_pid]: Left motor is saturated: target spd -0.19108998559935506
[WARN] [1784082421.973408472] [motor_controller_pid]: Right motor is saturated: target spd 0.20891001440064497
[WARN] [1784082422.273814328] [motor_controller_pid]: Left motor is saturated: target spd -0.20560481593607643
[WARN] [1784082422.275043260] [motor_controller_pid]: Right motor is saturated: target spd 0.1943951840639236
[WARN] [1784082422.371247520] [motor_controller_pid]: Left motor is saturated: target spd -0.1939224842424012
[WARN] [1784082422.373263734] [motor_controller_pid]: Right motor is saturated: target spd 0.20607751575759883
[WARN] [1784082422.671541598] [motor_controller_pid]: Right motor is saturated: target spd 0.2033764394512572
[WARN] [1784082422.871339746] [motor_controller_pid]: Left motor is saturated: target spd -0.19759479585356843
[WARN] [1784082422.972658346] [motor_controller_pid]: Right motor is saturated: target spd 0.20014718267840478
[WARN] [1784082423.071961473] [motor_controller_pid]: Left motor is saturated: target spd -0.19918338238324573
[WARN] [1784082423.073275943] [motor_controller_pid]: Right motor is saturated: target spd 0.2008166176167543
[WARN] [1784082423.123090840] [motor_controller_pid]: Left motor is saturated: target spd -0.19923086904282233
[WARN] [1784082423.171672732] [motor_controller_pid]: Left motor is saturated: target spd -0.19923086904282233
[WARN] [1784082423.174649561] [motor_controller_pid]: Right motor is saturated: target spd 0.2007691309571777
[WARN] [1784082423.273181258] [motor_controller_pid]: Left motor is saturated: target spd -0.20042449309703506
[WARN] [1784082423.274298505] [motor_controller_pid]: Right motor is saturated: target spd 0.19957550690296497
[WARN] [1784082423.371408380] [motor_controller_pid]: Left motor is saturated: target spd -0.20124054218406498
[WARN] [1784082423.373004073] [motor_controller_pid]: Right motor is saturated: target spd 0.19875945781593504
[WARN] [1784082423.572889778] [motor_controller_pid]: Left motor is saturated: target spd -0.19931879573218586
[WARN] [1784082423.573991765] [motor_controller_pid]: Right motor is saturated: target spd 0.20068120426781416
[WARN] [1784082423.623113640] [motor_controller_pid]: Left motor is saturated: target spd -0.19862641526154654
[WARN] [1784082423.624050238] [motor_controller_pid]: Right motor is saturated: target spd 0.2013735847384535
[WARN] [1784082423.672923779] [motor_controller_pid]: Left motor is saturated: target spd -0.19862641526154654
[WARN] [1784082423.673999025] [motor_controller_pid]: Right motor is saturated: target spd 0.2013735847384535
[WARN] [1784082423.722986177] [motor_controller_pid]: Left motor is saturated: target spd -0.19861962156019242
[WARN] [1784082423.773174947] [motor_controller_pid]: Left motor is saturated: target spd -0.19861962156019242
[WARN] [1784082423.775397495] [motor_controller_pid]: Right motor is saturated: target spd 0.2013803784398076
[WARN] [1784082423.873389912] [motor_controller_pid]: Left motor is saturated: target spd -0.19943409599561268
[WARN] [1784082423.874589992] [motor_controller_pid]: Right motor is saturated: target spd 0.20056590400438734
[WARN] [1784082424.072082851] [motor_controller_pid]: Left motor is saturated: target spd -0.19967719720892677
[WARN] [1784082424.073068042] [motor_controller_pid]: Right motor is saturated: target spd 0.20032280279107326
[WARN] [1784082424.172106186] [motor_controller_pid]: Left motor is saturated: target spd -0.19987147736525027
[WARN] [1784082424.173367136] [motor_controller_pid]: Right motor is saturated: target spd 0.20012852263474976
[WARN] [1784082424.271634091] [motor_controller_pid]: Left motor is saturated: target spd -0.2006387386248679
[WARN] [1784082424.273017709] [motor_controller_pid]: Right motor is saturated: target spd 0.19936126137513213
[WARN] [1784082424.371341405] [motor_controller_pid]: Left motor is saturated: target spd -0.19686078444265612
[WARN] [1784082424.372693542] [motor_controller_pid]: Right motor is saturated: target spd 0.2031392155573439
[WARN] [1784082424.472727469] [motor_controller_pid]: Left motor is saturated: target spd -0.19772056671995966
[WARN] [1784082424.473789659] [motor_controller_pid]: Right motor is saturated: target spd 0.20227943328004036
[WARN] [1784082424.572812785] [motor_controller_pid]: Right motor is saturated: target spd 0.20111889560771107
[WARN] [1784082424.672526765] [motor_controller_pid]: Left motor is saturated: target spd -0.20841955424761477
[WARN] [1784082424.722697054] [motor_controller_pid]: Right motor is saturated: target spd 0.18995451692150656
[WARN] [1784082424.771767503] [motor_controller_pid]: Left motor is saturated: target spd -0.21004548307849347
[WARN] [1784082424.773345770] [motor_controller_pid]: Right motor is saturated: target spd 0.18995451692150656
[WARN] [1784082424.872505304] [motor_controller_pid]: Left motor is saturated: target spd -0.20925719194031608
[WARN] [1784082424.874093367] [motor_controller_pid]: Right motor is saturated: target spd 0.19074280805968394
[WARN] [1784082424.972954381] [motor_controller_pid]: Left motor is saturated: target spd -0.21021707482927238
[WARN] [1784082424.974006331] [motor_controller_pid]: Right motor is saturated: target spd 0.18978292517072765
[WARN] [1784082425.072823122] [motor_controller_pid]: Left motor is saturated: target spd -0.21005663392441165
[WARN] [1784082425.073995516] [motor_controller_pid]: Right motor is saturated: target spd 0.18994336607558837
[WARN] [1784082425.174150444] [motor_controller_pid]: Left motor is saturated: target spd -0.21011023904933282
[WARN] [1784082425.175206857] [motor_controller_pid]: Right motor is saturated: target spd 0.1898897609506672
[WARN] [1784082425.272864790] [motor_controller_pid]: Left motor is saturated: target spd -0.21061415493633673
[WARN] [1784082425.371205338] [motor_controller_pid]: Left motor is saturated: target spd -0.2124747159610078
[WARN] [1784082425.372488474] [motor_controller_pid]: Right motor is saturated: target spd 0.1875252840389922
[WARN] [1784082425.571310044] [motor_controller_pid]: Left motor is saturated: target spd -0.20742143005033356
[WARN] [1784082425.621282516] [motor_controller_pid]: Left motor is saturated: target spd -0.20859748858135932
[WARN] [1784082425.622275132] [motor_controller_pid]: Right motor is saturated: target spd 0.1914025114186407
[WARN] [1784082425.673000423] [motor_controller_pid]: Left motor is saturated: target spd -0.20859748858135932
[WARN] [1784082425.674571135] [motor_controller_pid]: Right motor is saturated: target spd 0.1914025114186407
[WARN] [1784082425.972774980] [motor_controller_pid]: Left motor is saturated: target spd -0.21555736042618118
[WARN] [1784082426.022804990] [motor_controller_pid]: Left motor is saturated: target spd -0.21611000253639465
[WARN] [1784082426.072010107] [motor_controller_pid]: Left motor is saturated: target spd -0.21611000253639465
[WARN] [1784082426.073117279] [motor_controller_pid]: Right motor is saturated: target spd 0.18388999746360538
[WARN] [1784082426.173311225] [motor_controller_pid]: Left motor is saturated: target spd -0.21628596713846968
[WARN] [1784082426.174416842] [motor_controller_pid]: Right motor is saturated: target spd 0.18371403286153035
[WARN] [1784082426.272816760] [motor_controller_pid]: Left motor is saturated: target spd -0.21620107978573577
[WARN] [1784082426.274162545] [motor_controller_pid]: Right motor is saturated: target spd 0.18379892021426425
[WARN] [1784082426.371812071] [motor_controller_pid]: Left motor is saturated: target spd -0.21635320689504947
[WARN] [1784082426.673698342] [motor_controller_pid]: Left motor is saturated: target spd -0.21308500921386647
[WARN] [1784082426.674742662] [motor_controller_pid]: Right motor is saturated: target spd 0.18691499078613355
[WARN] [1784082426.774216382] [motor_controller_pid]: Left motor is saturated: target spd -0.21312966791598864
[WARN] [1784082426.872333503] [motor_controller_pid]: Left motor is saturated: target spd -0.21358566089923645
[WARN] [1784082426.873382193] [motor_controller_pid]: Right motor is saturated: target spd 0.18641433910076358
[WARN] [1784082426.972765024] [motor_controller_pid]: Left motor is saturated: target spd -0.21363435373726508
[WARN] [1784082426.973812067] [motor_controller_pid]: Right motor is saturated: target spd 0.18636564626273494
[WARN] [1784082427.072037688] [motor_controller_pid]: Left motor is saturated: target spd -0.21328882534148644
[WARN] [1784082427.171679206] [motor_controller_pid]: Left motor is saturated: target spd -0.21533943565077177
[WARN] [1784082427.173225602] [motor_controller_pid]: Right motor is saturated: target spd 0.18466056434922826
[WARN] [1784082427.271889337] [motor_controller_pid]: Left motor is saturated: target spd -0.23013694690412273
[WARN] [1784082427.273646216] [motor_controller_pid]: Right motor is saturated: target spd 0.1698630530958773
[WARN] [1784082427.322401405] [motor_controller_pid]: Left motor is saturated: target spd -0.2303130050060731
[WARN] [1784082427.372851194] [motor_controller_pid]: Left motor is saturated: target spd -0.2303130050060731
[WARN] [1784082427.374082460] [motor_controller_pid]: Right motor is saturated: target spd 0.16968699499392692
[WARN] [1784082427.422315127] [motor_controller_pid]: Left motor is saturated: target spd -0.22705050908340718
[WARN] [1784082427.473554717] [motor_controller_pid]: Left motor is saturated: target spd -0.22705050908340718
[WARN] [1784082427.571999543] [motor_controller_pid]: Left motor is saturated: target spd -0.22788743590728802
[WARN] [1784082427.623096503] [motor_controller_pid]: Left motor is saturated: target spd -0.2288954753119123
[WARN] [1784082427.672626047] [motor_controller_pid]: Left motor is saturated: target spd -0.2288954753119123
[WARN] [1784082427.773017920] [motor_controller_pid]: Left motor is saturated: target spd -0.22946826505023796
[WARN] [1784082427.822263445] [motor_controller_pid]: Left motor is saturated: target spd -0.22981268825388504
[WARN] [1784082427.872384899] [motor_controller_pid]: Left motor is saturated: target spd -0.22981268825388504
[WARN] [1784082427.972897329] [motor_controller_pid]: Left motor is saturated: target spd -0.22992031938130142
[WARN] [1784082428.073446240] [motor_controller_pid]: Left motor is saturated: target spd -0.23001790387781768
[WARN] [1784082428.171858695] [motor_controller_pid]: Left motor is saturated: target spd -0.23135627688308974
[WARN] [1784082428.272582755] [motor_controller_pid]: Left motor is saturated: target spd -0.23285932540117993
[WARN] [1784082428.373348204] [motor_controller_pid]: Left motor is saturated: target spd -0.23394880761191345
[WARN] [1784082428.422744933] [motor_controller_pid]: Left motor is saturated: target spd -0.2381492804050643
[WARN] [1784082428.472360348] [motor_controller_pid]: Left motor is saturated: target spd -0.2381492804050643
[WARN] [1784082428.522192857] [motor_controller_pid]: Left motor is saturated: target spd -0.23467611381135023
[WARN] [1784082428.571800550] [motor_controller_pid]: Left motor is saturated: target spd -0.23467611381135023
[WARN] [1784082428.622673768] [motor_controller_pid]: Left motor is saturated: target spd -0.23997674275851352
[WARN] [1784082428.673247817] [motor_controller_pid]: Left motor is saturated: target spd -0.23997674275851352
[WARN] [1784082428.771995941] [motor_controller_pid]: Left motor is saturated: target spd -0.2408391283934862
[WARN] [1784082428.822551917] [motor_controller_pid]: Left motor is saturated: target spd -0.24290572019338835
[WARN] [1784082428.873529413] [motor_controller_pid]: Left motor is saturated: target spd -0.24290572019338835
[WARN] [1784082428.922766344] [motor_controller_pid]: Left motor is saturated: target spd -0.24552560881393715
[WARN] [1784082428.973024448] [motor_controller_pid]: Left motor is saturated: target spd -0.24552560881393715
[WARN] [1784082429.024542984] [motor_controller_pid]: Left motor is saturated: target spd -0.24732050679492407
[WARN] [1784082429.072175333] [motor_controller_pid]: Left motor is saturated: target spd -0.24732050679492407
[WARN] [1784082429.122533493] [motor_controller_pid]: Left motor is saturated: target spd -0.24981180043199402
[WARN] [1784082429.173826731] [motor_controller_pid]: Left motor is saturated: target spd -0.24981180043199402
[WARN] [1784082429.272889857] [motor_controller_pid]: Left motor is saturated: target spd -0.2507181204230482
[WARN] [1784082429.322525068] [motor_controller_pid]: Left motor is saturated: target spd -0.24372396125154155
[WARN] [1784082429.371873204] [motor_controller_pid]: Left motor is saturated: target spd -0.24372396125154155
[WARN] [1784082429.422369827] [motor_controller_pid]: Left motor is saturated: target spd -0.23642336313573586
[WARN] [1784082429.473035026] [motor_controller_pid]: Left motor is saturated: target spd -0.23642336313573586
[WARN] [1784082429.572537376] [motor_controller_pid]: Left motor is saturated: target spd -0.22940115290488633
[WARN] [1784082429.623057943] [motor_controller_pid]: Left motor is saturated: target spd -0.22211649477371564
[WARN] [1784082429.674296404] [motor_controller_pid]: Left motor is saturated: target spd -0.22211649477371564
[WARN] [1784082429.721414955] [motor_controller_pid]: Left motor is saturated: target spd -0.21347448317208423
[WARN] [1784082429.774014959] [motor_controller_pid]: Left motor is saturated: target spd -0.21347448317208423
[WARN] [1784082429.822644258] [motor_controller_pid]: Left motor is saturated: target spd -0.2024532923217503
[WARN] [1784082429.873363197] [motor_controller_pid]: Left motor is saturated: target spd -0.19428669795008666
[WARN] [1784082429.973131271] [motor_controller_pid]: Left motor is saturated: target spd -0.18636491336452432
[WARN] [1784082438.872494926] [motor_controller_pid]: Command timeout; stopping motors
