[INFO] [1775933515.709347126] [motor_controller]: Motor Controller Node started
[INFO] [1775933523.365917151] [motor_controller]: cmd_vel -> linear=0.45, angular=0.00, left=0.18, right=0.18
[INFO] [1775933524.299648335] [motor_controller]: cmd_vel -> linear=0.45, angular=0.00, left=0.18, right=0.18
[INFO] [1775933524.828603920] [motor_controller]: cmd_vel -> linear=0.45, angular=0.00, left=0.18, right=0.18
[INFO] [1775933524.831007562] [motor_controller]: cmd_vel -> linear=0.45, angular=0.00, left=0.18, right=0.18
[INFO] [1775933524.903197049] [motor_controller]: cmd_vel -> linear=0.45, angular=0.00, left=0.18, right=0.18
[INFO] [1775933524.987603153] [motor_controller]: cmd_vel -> linear=0.45, angular=0.00, left=0.18, right=0.18
[INFO] [1775933525.071883052] [motor_controller]: cmd_vel -> linear=0.45, angular=0.00, left=0.18, right=0.18
[INFO] [1775933525.349412650] [motor_controller]: cmd_vel -> linear=0.45, angular=0.00, left=0.18, right=0.18
[INFO] [1775933525.351092473] [motor_controller]: cmd_vel -> linear=0.45, angular=0.00, left=0.18, right=0.18
[INFO] [1775933525.352564999] [motor_controller]: cmd_vel -> linear=0.45, angular=0.00, left=0.18, right=0.18
[INFO] [1775933525.400003308] [motor_controller]: cmd_vel -> linear=0.00, angular=-2.00, left=0.18, right=-0.18
[INFO] [1775933525.875602017] [motor_controller]: cmd_vel -> linear=0.45, angular=0.00, left=0.18, right=0.18
[INFO] [1775933526.398555961] [motor_controller]: cmd_vel -> linear=0.45, angular=0.00, left=0.18, right=0.18
[INFO] [1775933526.421218092] [motor_controller]: cmd_vel -> linear=0.45, angular=0.00, left=0.18, right=0.18
[INFO] [1775933526.505198267] [motor_controller]: cmd_vel -> linear=0.45, angular=0.00, left=0.18, right=0.18
[INFO] [1775933526.584855810] [motor_controller]: cmd_vel -> linear=0.45, angular=0.00, left=0.18, right=0.18
[INFO] [1775933526.670243845] [motor_controller]: cmd_vel -> linear=0.45, angular=0.00, left=0.18, right=0.18
[INFO] [1775933527.121739601] [motor_controller]: cmd_vel -> linear=-0.45, angular=0.00, left=-0.18, right=-0.18
[INFO] [1775933527.642950851] [motor_controller]: cmd_vel -> linear=-0.45, angular=0.00, left=-0.18, right=-0.18
[INFO] [1775933527.644332173] [motor_controller]: cmd_vel -> linear=-0.45, angular=0.00, left=-0.18, right=-0.18
[INFO] [1775933527.664971775] [motor_controller]: cmd_vel -> linear=-0.45, angular=0.00, left=-0.18, right=-0.18
[INFO] [1775933527.840818999] [motor_controller]: cmd_vel -> linear=-0.45, angular=0.00, left=-0.18, right=-0.18
[INFO] [1775933566.673318787] [motor_controller]: cmd_vel -> linear=0.45, angular=0.00, left=0.18, right=0.18
[INFO] [1775933567.293241190] [motor_controller]: cmd_vel -> linear=0.45, angular=0.00, left=0.18, right=0.18
[INFO] [1775933567.294750179] [motor_controller]: cmd_vel -> linear=0.45, angular=0.00, left=0.18, right=0.18
[INFO] [1775933567.343130994] [motor_controller]: cmd_vel -> linear=0.45, angular=0.00, left=0.18, right=0.18
[INFO] [1775933567.424701604] [motor_controller]: cmd_vel -> linear=0.45, angular=0.00, left=0.18, right=0.18
[INFO] [1775933567.528768067] [motor_controller]: cmd_vel -> linear=0.45, angular=0.00, left=0.18, right=0.18
[INFO] [1775933567.683753672] [motor_controller]: cmd_vel -> linear=0.45, angular=0.00, left=0.18, right=0.18
[INFO] [1775933567.685178420] [motor_controller]: cmd_vel -> linear=0.45, angular=0.00, left=0.18, right=0.18
[INFO] [1775933567.820235333] [motor_controller]: cmd_vel -> linear=0.45, angular=0.00, left=0.18, right=0.18
[INFO] [1775933567.850038019] [motor_controller]: cmd_vel -> linear=0.45, angular=0.00, left=0.18, right=0.18
[INFO] [1775933567.942535350] [motor_controller]: cmd_vel -> linear=0.45, angular=0.00, left=0.18, right=0.18
[INFO] [1775933568.016454200] [motor_controller]: cmd_vel -> linear=0.45, angular=0.00, left=0.18, right=0.18
[INFO] [1775933568.048382951] [motor_controller]: cmd_vel -> linear=0.00, angular=-2.00, left=0.18, right=-0.18
[INFO] [1775933568.554275323] [motor_controller]: cmd_vel -> linear=0.00, angular=-2.00, left=0.18, right=-0.18
[INFO] [1775933568.635633154] [motor_controller]: cmd_vel -> linear=0.00, angular=-2.00, left=0.18, right=-0.18
[INFO] [1775933568.736265248] [motor_controller]: cmd_vel -> linear=0.00, angular=-2.00, left=0.18, right=-0.18
[INFO] [1775933568.864902833] [motor_controller]: cmd_vel -> linear=0.00, angular=-2.00, left=0.18, right=-0.18
[INFO] [1775933568.866418433] [motor_controller]: cmd_vel -> linear=0.45, angular=0.00, left=0.18, right=0.18
[INFO] [1775933569.390418284] [motor_controller]: cmd_vel -> linear=0.45, angular=0.00, left=0.18, right=0.18
[INFO] [1775933569.391813569] [motor_controller]: cmd_vel -> linear=0.45, angular=0.00, left=0.18, right=0.18
[INFO] [1775933569.474616574] [motor_controller]: cmd_vel -> linear=0.45, angular=0.00, left=0.18, right=0.18
[INFO] [1775933569.505937841] [motor_controller]: cmd_vel -> linear=0.00, angular=-2.00, left=0.18, right=-0.18
[INFO] [1775933570.013204923] [motor_controller]: cmd_vel -> linear=0.00, angular=-2.00, left=0.18, right=-0.18
[INFO] [1775933570.090865069] [motor_controller]: cmd_vel -> linear=0.00, angular=-2.00, left=0.18, right=-0.18
[INFO] [1775933570.172361790] [motor_controller]: cmd_vel -> linear=0.00, angular=-2.00, left=0.18, right=-0.18
[INFO] [1775933570.438496727] [motor_controller]: cmd_vel -> linear=0.00, angular=-2.00, left=0.18, right=-0.18
[INFO] [1775933570.440081161] [motor_controller]: cmd_vel -> linear=0.00, angular=-2.00, left=0.18, right=-0.18
[INFO] [1775933570.513035524] [motor_controller]: cmd_vel -> linear=0.00, angular=-2.00, left=0.18, right=-0.18
[INFO] [1775933570.593871371] [motor_controller]: cmd_vel -> linear=0.00, angular=-2.00, left=0.18, right=-0.18
[INFO] [1775933570.678866943] [motor_controller]: cmd_vel -> linear=0.00, angular=-2.00, left=0.18, right=-0.18
[INFO] [1775933570.832288929] [motor_controller]: cmd_vel -> linear=0.00, angular=-2.00, left=0.18, right=-0.18
[INFO] [1775933570.845602106] [motor_controller]: cmd_vel -> linear=0.00, angular=-2.00, left=0.18, right=-0.18
[INFO] [1775933570.961769870] [motor_controller]: cmd_vel -> linear=0.00, angular=-2.00, left=0.18, right=-0.18
[INFO] [1775933570.970126653] [motor_controller]: cmd_vel -> linear=0.45, angular=0.00, left=0.18, right=0.18
[INFO] [1775933571.485895537] [motor_controller]: cmd_vel -> linear=0.45, angular=0.00, left=0.18, right=0.18
[INFO] [1775933571.559926294] [motor_controller]: cmd_vel -> linear=0.45, angular=0.00, left=0.18, right=0.18
[INFO] [1775933571.641630664] [motor_controller]: cmd_vel -> linear=0.45, angular=0.00, left=0.18, right=0.18
[INFO] [1775933571.724269502] [motor_controller]: cmd_vel -> linear=0.45, angular=0.00, left=0.18, right=0.18
[INFO] [1775933572.212275192] [motor_controller]: cmd_vel -> linear=0.00, angular=-2.00, left=0.18, right=-0.18
[INFO] [1775933572.291050343] [motor_controller]: cmd_vel -> linear=0.00, angular=-2.00, left=0.18, right=-0.18
[INFO] [1775933572.732547987] [motor_controller]: cmd_vel -> linear=0.00, angular=-2.00, left=0.18, right=-0.18
[INFO] [1775933572.734292051] [motor_controller]: cmd_vel -> linear=0.00, angular=-2.00, left=0.18, right=-0.18
[INFO] [1775933572.735652299] [motor_controller]: cmd_vel -> linear=0.00, angular=-2.00, left=0.18, right=-0.18
[INFO] [1775933572.736866916] [motor_controller]: cmd_vel -> linear=0.00, angular=-2.00, left=0.18, right=-0.18
[INFO] [1775933572.738032422] [motor_controller]: cmd_vel -> linear=0.00, angular=-2.00, left=0.18, right=-0.18
[INFO] [1775933572.796237304] [motor_controller]: cmd_vel -> linear=0.00, angular=-2.00, left=0.18, right=-0.18
[INFO] [1775933572.928972521] [motor_controller]: cmd_vel -> linear=0.00, angular=-2.00, left=0.18, right=-0.18
[INFO] [1775933573.060926456] [motor_controller]: cmd_vel -> linear=0.00, angular=-2.00, left=0.18, right=-0.18
[INFO] [1775933573.062008628] [motor_controller]: cmd_vel -> linear=0.00, angular=-2.00, left=0.18, right=-0.18
[INFO] [1775933573.130616821] [motor_controller]: cmd_vel -> linear=0.00, angular=-2.00, left=0.18, right=-0.18
[INFO] [1775933573.213786402] [motor_controller]: cmd_vel -> linear=0.00, angular=-2.00, left=0.18, right=-0.18
[INFO] [1775933573.306135214] [motor_controller]: cmd_vel -> linear=0.00, angular=-2.00, left=0.18, right=-0.18
[INFO] [1775933573.584283396] [motor_controller]: cmd_vel -> linear=0.00, angular=-2.00, left=0.18, right=-0.18
[INFO] [1775933573.585792237] [motor_controller]: cmd_vel -> linear=0.00, angular=-2.00, left=0.18, right=-0.18
[INFO] [1775933573.587311430] [motor_controller]: cmd_vel -> linear=0.00, angular=-2.00, left=0.18, right=-0.18
[INFO] [1775933573.632032412] [motor_controller]: cmd_vel -> linear=0.00, angular=-2.00, left=0.18, right=-0.18
[INFO] [1775933573.716535203] [motor_controller]: cmd_vel -> linear=0.00, angular=-2.00, left=0.18, right=-0.18
[INFO] [1775933573.802278630] [motor_controller]: cmd_vel -> linear=0.00, angular=-2.00, left=0.18, right=-0.18
[INFO] [1775933573.977179834] [motor_controller]: cmd_vel -> linear=0.00, angular=-2.00, left=0.18, right=-0.18
[INFO] [1775933573.978623953] [motor_controller]: cmd_vel -> linear=0.00, angular=-2.00, left=0.18, right=-0.18
[INFO] [1775933574.112158970] [motor_controller]: cmd_vel -> linear=0.00, angular=-2.00, left=0.18, right=-0.18
[INFO] [1775933574.136190497] [motor_controller]: cmd_vel -> linear=0.00, angular=-2.00, left=0.18, right=-0.18
[INFO] [1775933574.231588120] [motor_controller]: cmd_vel -> linear=0.00, angular=-2.00, left=0.18, right=-0.18
[INFO] [1775933574.332896384] [motor_controller]: cmd_vel -> linear=0.00, angular=-2.00, left=0.18, right=-0.18
[INFO] [1775933574.388382920] [motor_controller]: cmd_vel -> linear=0.00, angular=-2.00, left=0.18, right=-0.18
[INFO] [1775933574.633421900] [motor_controller]: cmd_vel -> linear=0.00, angular=-2.00, left=0.18, right=-0.18
[INFO] [1775933574.634638091] [motor_controller]: cmd_vel -> linear=0.00, angular=-2.00, left=0.18, right=-0.18
[INFO] [1775933574.636459692] [motor_controller]: cmd_vel -> linear=0.00, angular=-2.00, left=0.18, right=-0.18
[INFO] [1775933574.722938568] [motor_controller]: cmd_vel -> linear=0.00, angular=-2.00, left=0.18, right=-0.18
[INFO] [1775933574.805172440] [motor_controller]: cmd_vel -> linear=0.00, angular=-2.00, left=0.18, right=-0.18
[INFO] [1775933574.889713732] [motor_controller]: cmd_vel -> linear=0.00, angular=-2.00, left=0.18, right=-0.18
[INFO] [1775933575.026180615] [motor_controller]: cmd_vel -> linear=0.00, angular=-2.00, left=0.18, right=-0.18
[INFO] [1775933575.058546295] [motor_controller]: cmd_vel -> linear=0.00, angular=-2.00, left=0.18, right=-0.18
[INFO] [1775933575.157071860] [motor_controller]: cmd_vel -> linear=0.00, angular=-2.00, left=0.18, right=-0.18
[INFO] [1775933575.227865657] [motor_controller]: cmd_vel -> linear=0.00, angular=-2.00, left=0.18, right=-0.18
[INFO] [1775933575.313970771] [motor_controller]: cmd_vel -> linear=0.00, angular=-2.00, left=0.18, right=-0.18
[INFO] [1775933575.394171504] [motor_controller]: cmd_vel -> linear=0.00, angular=-2.00, left=0.18, right=-0.18
[INFO] [1775933575.682185605] [motor_controller]: cmd_vel -> linear=0.00, angular=-2.00, left=0.18, right=-0.18
[INFO] [1775933575.683636168] [motor_controller]: cmd_vel -> linear=0.00, angular=-2.00, left=0.18, right=-0.18
[INFO] [1775933575.684865692] [motor_controller]: cmd_vel -> linear=0.00, angular=-2.00, left=0.18, right=-0.18
[INFO] [1775933575.729261488] [motor_controller]: cmd_vel -> linear=0.00, angular=-2.00, left=0.18, right=-0.18
[INFO] [1775933575.812459217] [motor_controller]: cmd_vel -> linear=0.00, angular=-2.00, left=0.18, right=-0.18
[INFO] [1775933575.917204776] [motor_controller]: cmd_vel -> linear=0.00, angular=-2.00, left=0.18, right=-0.18
[INFO] [1775933576.074267891] [motor_controller]: cmd_vel -> linear=0.00, angular=-2.00, left=0.18, right=-0.18
[INFO] [1775933576.075733880] [motor_controller]: cmd_vel -> linear=0.00, angular=-2.00, left=0.18, right=-0.18
[INFO] [1775933576.206377864] [motor_controller]: cmd_vel -> linear=0.00, angular=2.00, left=-0.18, right=0.18
[INFO] [1775933576.733003117] [motor_controller]: cmd_vel -> linear=0.00, angular=2.00, left=-0.18, right=0.18
[INFO] [1775933576.759727361] [motor_controller]: cmd_vel -> linear=0.00, angular=2.00, left=-0.18, right=0.18
[INFO] [1775933576.842321661] [motor_controller]: cmd_vel -> linear=0.00, angular=2.00, left=-0.18, right=0.18
[INFO] [1775933576.922148485] [motor_controller]: cmd_vel -> linear=0.00, angular=2.00, left=-0.18, right=0.18
[INFO] [1775933577.011634560] [motor_controller]: cmd_vel -> linear=0.00, angular=2.00, left=-0.18, right=0.18
[INFO] [1775933577.254514696] [motor_controller]: cmd_vel -> linear=0.45, angular=0.00, left=0.18, right=0.18
[INFO] [1775933577.780848707] [motor_controller]: cmd_vel -> linear=0.45, angular=0.00, left=0.18, right=0.18
[INFO] [1775933577.782490641] [motor_controller]: cmd_vel -> linear=0.45, angular=0.00, left=0.18, right=0.18
[INFO] [1775933577.817104183] [motor_controller]: cmd_vel -> linear=0.45, angular=0.00, left=0.18, right=0.18
[INFO] [1775933577.901494085] [motor_controller]: cmd_vel -> linear=0.45, angular=0.00, left=0.18, right=0.18
[INFO] [1775933577.986570213] [motor_controller]: cmd_vel -> linear=0.45, angular=0.00, left=0.18, right=0.18
[INFO] [1775933578.078996932] [motor_controller]: cmd_vel -> linear=0.45, angular=0.00, left=0.18, right=0.18
[INFO] [1775933578.172067785] [motor_controller]: cmd_vel -> linear=0.45, angular=0.00, left=0.18, right=0.18
[INFO] [1775933578.302941029] [motor_controller]: cmd_vel -> linear=0.45, angular=0.00, left=0.18, right=0.18
[INFO] [1775933578.321273732] [motor_controller]: cmd_vel -> linear=0.45, angular=0.00, left=0.18, right=0.18
[INFO] [1775933578.414272325] [motor_controller]: cmd_vel -> linear=0.45, angular=0.00, left=0.18, right=0.18
[INFO] [1775933578.489362439] [motor_controller]: cmd_vel -> linear=0.45, angular=0.00, left=0.18, right=0.18
[INFO] [1775933578.583166221] [motor_controller]: cmd_vel -> linear=0.45, angular=0.00, left=0.18, right=0.18
[INFO] [1775933578.826367062] [motor_controller]: cmd_vel -> linear=0.00, angular=2.00, left=-0.18, right=0.18
[INFO] [1775933579.220493433] [motor_controller]: cmd_vel -> linear=0.00, angular=2.00, left=-0.18, right=0.18
[INFO] [1775933579.253389763] [motor_controller]: cmd_vel -> linear=0.00, angular=2.00, left=-0.18, right=0.18
[INFO] [1775933579.350972601] [motor_controller]: cmd_vel -> linear=0.00, angular=2.00, left=-0.18, right=0.18
[INFO] [1775933579.406182339] [motor_controller]: cmd_vel -> linear=0.00, angular=2.00, left=-0.18, right=0.18
[INFO] [1775933579.494567743] [motor_controller]: cmd_vel -> linear=0.00, angular=2.00, left=-0.18, right=0.18
[INFO] [1775933579.573065948] [motor_controller]: cmd_vel -> linear=0.00, angular=2.00, left=-0.18, right=0.18
[INFO] [1775933579.656837977] [motor_controller]: cmd_vel -> linear=0.00, angular=-2.00, left=0.18, right=-0.18
[INFO] [1775933579.875962883] [motor_controller]: cmd_vel -> linear=-0.45, angular=0.00, left=-0.18, right=-0.18
[INFO] [1775933580.465740173] [motor_controller]: cmd_vel -> linear=0.45, angular=0.00, left=0.18, right=0.18
[INFO] [1775933580.990159007] [motor_controller]: cmd_vel -> linear=0.00, angular=2.00, left=-0.18, right=0.18
[INFO] [1775933581.514636823] [motor_controller]: cmd_vel -> linear=0.00, angular=2.00, left=-0.18, right=0.18
[INFO] [1775933581.516050478] [motor_controller]: cmd_vel -> linear=0.00, angular=2.00, left=-0.18, right=0.18
[INFO] [1775933581.542779260] [motor_controller]: cmd_vel -> linear=0.00, angular=2.00, left=-0.18, right=0.18
[INFO] [1775933581.626073878] [motor_controller]: cmd_vel -> linear=0.00, angular=2.00, left=-0.18, right=0.18
[INFO] [1775933581.713803704] [motor_controller]: cmd_vel -> linear=0.00, angular=2.00, left=-0.18, right=0.18
[INFO] [1775933582.040136829] [motor_controller]: cmd_vel -> linear=0.00, angular=2.00, left=-0.18, right=0.18
[INFO] [1775933582.041512503] [motor_controller]: cmd_vel -> linear=0.00, angular=2.00, left=-0.18, right=0.18
[INFO] [1775933582.042400526] [motor_controller]: cmd_vel -> linear=0.00, angular=2.00, left=-0.18, right=0.18
[INFO] [1775933582.047503422] [motor_controller]: cmd_vel -> linear=0.00, angular=2.00, left=-0.18, right=0.18
[INFO] [1775933582.151957035] [motor_controller]: cmd_vel -> linear=0.00, angular=2.00, left=-0.18, right=0.18
[INFO] [1775933582.216926543] [motor_controller]: cmd_vel -> linear=0.00, angular=2.00, left=-0.18, right=0.18
[INFO] [1775933582.562768136] [motor_controller]: cmd_vel -> linear=0.00, angular=-2.00, left=0.18, right=-0.18
[INFO] [1775933583.062799868] [motor_controller]: cmd_vel -> linear=0.00, angular=-2.00, left=0.18, right=-0.18
[INFO] [1775933583.103918295] [motor_controller]: cmd_vel -> linear=0.00, angular=-2.00, left=0.18, right=-0.18
[INFO] [1775933583.186703448] [motor_controller]: cmd_vel -> linear=0.00, angular=-2.00, left=0.18, right=-0.18
[INFO] [1775933642.465838718] [motor_controller]: cmd_vel -> linear=0.45, angular=0.00, left=0.18, right=0.18
[INFO] [1775933678.445138090] [motor_controller]: cmd_vel -> linear=0.45, angular=0.00, left=0.18, right=0.18
[INFO] [1775933679.258815829] [motor_controller]: cmd_vel -> linear=-0.45, angular=0.00, left=-0.18, right=-0.18
[INFO] [1775933679.761650530] [motor_controller]: cmd_vel -> linear=-0.45, angular=0.00, left=-0.18, right=-0.18
[INFO] [1775933679.889180317] [motor_controller]: cmd_vel -> linear=-0.45, angular=0.00, left=-0.18, right=-0.18
[INFO] [1775933680.021546868] [motor_controller]: cmd_vel -> linear=-0.45, angular=0.00, left=-0.18, right=-0.18
[INFO] [1775933680.304140930] [motor_controller]: cmd_vel -> linear=0.00, angular=2.00, left=-0.18, right=0.18
[INFO] [1775933680.805531124] [motor_controller]: cmd_vel -> linear=0.00, angular=2.00, left=-0.18, right=0.18
[INFO] [1775933680.938350734] [motor_controller]: cmd_vel -> linear=0.00, angular=2.00, left=-0.18, right=0.18
[INFO] [1775933680.974332451] [motor_controller]: cmd_vel -> linear=0.00, angular=2.00, left=-0.18, right=0.18
[INFO] [1775933681.070517302] [motor_controller]: cmd_vel -> linear=0.00, angular=2.00, left=-0.18, right=0.18
[INFO] [1775933681.144905693] [motor_controller]: cmd_vel -> linear=0.00, angular=2.00, left=-0.18, right=0.18
[INFO] [1775933681.225323133] [motor_controller]: cmd_vel -> linear=0.00, angular=2.00, left=-0.18, right=0.18
[INFO] [1775933681.312663033] [motor_controller]: cmd_vel -> linear=0.00, angular=2.00, left=-0.18, right=0.18
[INFO] [1775933681.592374414] [motor_controller]: cmd_vel -> linear=0.00, angular=2.00, left=-0.18, right=0.18
[INFO] [1775933681.593910477] [motor_controller]: cmd_vel -> linear=0.00, angular=2.00, left=-0.18, right=0.18
[INFO] [1775933681.725582025] [motor_controller]: cmd_vel -> linear=-0.45, angular=0.00, left=-0.18, right=-0.18
[INFO] [1775933681.986777665] [motor_controller]: cmd_vel -> linear=0.00, angular=-2.00, left=0.18, right=-0.18
[INFO] [1775933709.445231334] [motor_controller]: cmd_vel -> linear=0.45, angular=0.00, left=0.18, right=0.18
[INFO] [1775933761.554337232] [motor_controller]: cmd_vel -> linear=0.00, angular=2.00, left=-0.18, right=0.18
[INFO] [1775933855.814272165] [motor_controller]: cmd_vel -> linear=0.45, angular=0.00, left=0.18, right=0.18
