[INFO] [1775889920.945688031] [motor_controller]: Motor Controller Node started
[INFO] [1775889923.633338293] [motor_controller]: cmd_vel -> linear=0.45, angular=0.00, left=0.18, right=0.18
[INFO] [1775889924.207780314] [motor_controller]: cmd_vel -> linear=0.45, angular=0.00, left=0.18, right=0.18
[INFO] [1775889924.375426344] [motor_controller]: cmd_vel -> linear=0.45, angular=0.00, left=0.18, right=0.18
[INFO] [1775889924.544791826] [motor_controller]: cmd_vel -> linear=0.45, angular=0.00, left=0.18, right=0.18
[INFO] [1775889924.690768185] [motor_controller]: cmd_vel -> linear=0.45, angular=0.00, left=0.18, right=0.18
[INFO] [1775889924.889038445] [motor_controller]: cmd_vel -> linear=0.45, angular=0.00, left=0.18, right=0.18
[INFO] [1775889925.030286449] [motor_controller]: cmd_vel -> linear=0.45, angular=0.00, left=0.18, right=0.18
[INFO] [1775889925.194700279] [motor_controller]: cmd_vel -> linear=0.45, angular=0.00, left=0.18, right=0.18
[INFO] [1775889925.397550485] [motor_controller]: cmd_vel -> linear=0.45, angular=0.00, left=0.18, right=0.18
[INFO] [1775889925.629347562] [motor_controller]: cmd_vel -> linear=0.45, angular=0.00, left=0.18, right=0.18
[INFO] [1775889925.770809530] [motor_controller]: cmd_vel -> linear=-0.45, angular=0.00, left=-0.18, right=-0.18
[INFO] [1775889925.938018484] [motor_controller]: cmd_vel -> linear=-0.45, angular=0.00, left=-0.18, right=-0.18
[INFO] [1775889926.111000964] [motor_controller]: cmd_vel -> linear=-0.45, angular=0.00, left=-0.18, right=-0.18
[INFO] [1775889926.252837563] [motor_controller]: cmd_vel -> linear=-0.45, angular=0.00, left=-0.18, right=-0.18
[INFO] [1775889926.390844775] [motor_controller]: cmd_vel -> linear=-0.45, angular=0.00, left=-0.18, right=-0.18
[INFO] [1775889926.558845640] [motor_controller]: cmd_vel -> linear=-0.45, angular=0.00, left=-0.18, right=-0.18
[INFO] [1775889926.651342148] [motor_controller]: cmd_vel -> linear=0.45, angular=0.00, left=0.18, right=0.18
[INFO] [1775889927.068843261] [motor_controller]: cmd_vel -> linear=0.45, angular=0.00, left=0.18, right=0.18
[INFO] [1775889927.289540585] [motor_controller]: cmd_vel -> linear=0.45, angular=0.00, left=0.18, right=0.18
[INFO] [1775889927.427058980] [motor_controller]: cmd_vel -> linear=0.45, angular=0.00, left=0.18, right=0.18
[INFO] [1775889927.611141639] [motor_controller]: cmd_vel -> linear=0.45, angular=0.00, left=0.18, right=0.18
[INFO] [1775889927.751585973] [motor_controller]: cmd_vel -> linear=0.45, angular=0.00, left=0.18, right=0.18
[INFO] [1775889927.944193818] [motor_controller]: cmd_vel -> linear=0.45, angular=0.00, left=0.18, right=0.18
[INFO] [1775889928.137643408] [motor_controller]: cmd_vel -> linear=0.45, angular=0.00, left=0.18, right=0.18
[INFO] [1775889928.323843744] [motor_controller]: cmd_vel -> linear=0.45, angular=0.00, left=0.18, right=0.18
[INFO] [1775889928.480655651] [motor_controller]: cmd_vel -> linear=0.45, angular=0.00, left=0.18, right=0.18
[INFO] [1775889928.604049242] [motor_controller]: cmd_vel -> linear=0.00, angular=-2.00, left=0.18, right=-0.18
[INFO] [1775889928.792727607] [motor_controller]: cmd_vel -> linear=0.45, angular=0.00, left=0.18, right=0.18
[INFO] [1775889928.912425773] [motor_controller]: cmd_vel -> linear=0.00, angular=2.00, left=-0.18, right=0.18
[INFO] [1775889929.048568940] [motor_controller]: cmd_vel -> linear=0.00, angular=-2.00, left=0.18, right=-0.18
[INFO] [1775889929.102468255] [motor_controller]: cmd_vel -> linear=0.45, angular=0.00, left=0.18, right=0.18
[INFO] [1775889929.191089598] [motor_controller]: cmd_vel -> linear=0.00, angular=2.00, left=-0.18, right=0.18
[INFO] [1775889929.282933213] [motor_controller]: cmd_vel -> linear=0.00, angular=-2.00, left=0.18, right=-0.18
[INFO] [1775889929.305380036] [motor_controller]: cmd_vel -> linear=0.45, angular=0.00, left=0.18, right=0.18
[INFO] [1775889929.399105901] [motor_controller]: cmd_vel -> linear=0.00, angular=2.00, left=-0.18, right=0.18
[INFO] [1775889929.490819239] [motor_controller]: cmd_vel -> linear=0.00, angular=-2.00, left=0.18, right=-0.18
[INFO] [1775889929.540816944] [motor_controller]: cmd_vel -> linear=0.45, angular=0.00, left=0.18, right=0.18
[INFO] [1775889929.639000607] [motor_controller]: cmd_vel -> linear=0.00, angular=2.00, left=-0.18, right=0.18
[INFO] [1775889929.732231414] [motor_controller]: cmd_vel -> linear=0.00, angular=-2.00, left=0.18, right=-0.18
[INFO] [1775889929.758920312] [motor_controller]: cmd_vel -> linear=0.45, angular=0.00, left=0.18, right=0.18
[INFO] [1775889929.876897674] [motor_controller]: cmd_vel -> linear=0.00, angular=2.00, left=-0.18, right=0.18
[INFO] [1775889929.982898576] [motor_controller]: cmd_vel -> linear=0.45, angular=0.00, left=0.18, right=0.18
[INFO] [1775889944.331573080] [motor_controller]: cmd_vel -> linear=0.45, angular=0.00, left=0.18, right=0.18
[INFO] [1775889944.447730249] [motor_controller]: cmd_vel -> linear=0.45, angular=0.00, left=0.18, right=0.18
[INFO] [1775889944.651212958] [motor_controller]: cmd_vel -> linear=0.45, angular=0.00, left=0.18, right=0.18
[INFO] [1775889944.786036286] [motor_controller]: cmd_vel -> linear=0.45, angular=0.00, left=0.18, right=0.18
[INFO] [1775889944.900499040] [motor_controller]: cmd_vel -> linear=0.45, angular=0.00, left=0.18, right=0.18
[INFO] [1775889945.057090983] [motor_controller]: cmd_vel -> linear=0.45, angular=0.00, left=0.18, right=0.18
[INFO] [1775890083.090117097] [motor_controller]: cmd_vel -> linear=0.45, angular=0.00, left=0.18, right=0.18
[INFO] [1775890083.589440314] [motor_controller]: cmd_vel -> linear=0.45, angular=0.00, left=0.18, right=0.18
[INFO] [1775890083.686747297] [motor_controller]: cmd_vel -> linear=0.45, angular=0.00, left=0.18, right=0.18
[INFO] [1775890083.753187392] [motor_controller]: cmd_vel -> linear=0.45, angular=0.00, left=0.18, right=0.18
[INFO] [1775890083.850904099] [motor_controller]: cmd_vel -> linear=0.45, angular=0.00, left=0.18, right=0.18
[INFO] [1775890083.970257849] [motor_controller]: cmd_vel -> linear=0.45, angular=0.00, left=0.18, right=0.18
[INFO] [1775890084.131787774] [motor_controller]: cmd_vel -> linear=0.45, angular=0.00, left=0.18, right=0.18
[INFO] [1775890084.276982326] [motor_controller]: cmd_vel -> linear=0.45, angular=0.00, left=0.18, right=0.18
[INFO] [1775890084.554441277] [motor_controller]: cmd_vel -> linear=-0.45, angular=0.00, left=-0.18, right=-0.18
[INFO] [1775890084.808957917] [motor_controller]: cmd_vel -> linear=-0.45, angular=0.00, left=-0.18, right=-0.18
[INFO] [1775890084.949910671] [motor_controller]: cmd_vel -> linear=-0.45, angular=0.00, left=-0.18, right=-0.18
[INFO] [1775890085.102324405] [motor_controller]: cmd_vel -> linear=-0.45, angular=0.00, left=-0.18, right=-0.18
[INFO] [1775890085.239996922] [motor_controller]: cmd_vel -> linear=-0.45, angular=0.00, left=-0.18, right=-0.18
[INFO] [1775890085.355725873] [motor_controller]: cmd_vel -> linear=-0.45, angular=0.00, left=-0.18, right=-0.18
[INFO] [1775890085.476388439] [motor_controller]: cmd_vel -> linear=-0.45, angular=0.00, left=-0.18, right=-0.18
[INFO] [1775890085.619296925] [motor_controller]: cmd_vel -> linear=-0.45, angular=0.00, left=-0.18, right=-0.18
[INFO] [1775890085.734667004] [motor_controller]: cmd_vel -> linear=-0.45, angular=0.00, left=-0.18, right=-0.18
[INFO] [1775890085.873990825] [motor_controller]: cmd_vel -> linear=-0.45, angular=0.00, left=-0.18, right=-0.18
[INFO] [1775890086.016158252] [motor_controller]: cmd_vel -> linear=-0.45, angular=0.00, left=-0.18, right=-0.18
[INFO] [1775890086.102601269] [motor_controller]: cmd_vel -> linear=-0.45, angular=0.00, left=-0.18, right=-0.18
[INFO] [1775890086.238504092] [motor_controller]: cmd_vel -> linear=-0.45, angular=0.00, left=-0.18, right=-0.18
[INFO] [1775890086.450599366] [motor_controller]: cmd_vel -> linear=-0.45, angular=0.00, left=-0.18, right=-0.18
[INFO] [1775890086.617237500] [motor_controller]: cmd_vel -> linear=-0.45, angular=0.00, left=-0.18, right=-0.18
[INFO] [1775890087.911680633] [motor_controller]: cmd_vel -> linear=-0.45, angular=0.00, left=-0.18, right=-0.18
[INFO] [1775890092.156060618] [motor_controller]: cmd_vel -> linear=0.45, angular=0.00, left=0.18, right=0.18
[INFO] [1775890092.355590592] [motor_controller]: cmd_vel -> linear=0.45, angular=0.00, left=0.18, right=0.18
[INFO] [1775890092.530971526] [motor_controller]: cmd_vel -> linear=0.45, angular=0.00, left=0.18, right=0.18
[INFO] [1775890092.702488609] [motor_controller]: cmd_vel -> linear=0.45, angular=0.00, left=0.18, right=0.18
[INFO] [1775890092.833333798] [motor_controller]: cmd_vel -> linear=0.45, angular=0.00, left=0.18, right=0.18
[INFO] [1775890093.002876705] [motor_controller]: cmd_vel -> linear=0.45, angular=0.00, left=0.18, right=0.18
[INFO] [1775890093.133402225] [motor_controller]: cmd_vel -> linear=0.45, angular=0.00, left=0.18, right=0.18
[INFO] [1775890093.286948724] [motor_controller]: cmd_vel -> linear=0.45, angular=0.00, left=0.18, right=0.18
[INFO] [1775890093.455259866] [motor_controller]: cmd_vel -> linear=0.45, angular=0.00, left=0.18, right=0.18
[INFO] [1775890093.957406205] [motor_controller]: cmd_vel -> linear=0.45, angular=0.00, left=0.18, right=0.18
[INFO] [1775890093.978362304] [motor_controller]: cmd_vel -> linear=-0.45, angular=0.00, left=-0.18, right=-0.18
[INFO] [1775890094.176890606] [motor_controller]: cmd_vel -> linear=0.45, angular=0.00, left=0.18, right=0.18
[INFO] [1775890094.241997912] [motor_controller]: cmd_vel -> linear=-0.45, angular=0.00, left=-0.18, right=-0.18
[INFO] [1775890094.374454108] [motor_controller]: cmd_vel -> linear=0.45, angular=0.00, left=0.18, right=0.18
[INFO] [1775890094.458997042] [motor_controller]: cmd_vel -> linear=-0.45, angular=0.00, left=-0.18, right=-0.18
[INFO] [1775890094.542932640] [motor_controller]: cmd_vel -> linear=0.45, angular=0.00, left=0.18, right=0.18
[INFO] [1775890094.625223341] [motor_controller]: cmd_vel -> linear=-0.45, angular=0.00, left=-0.18, right=-0.18
[INFO] [1775890094.760755977] [motor_controller]: cmd_vel -> linear=0.45, angular=0.00, left=0.18, right=0.18
[INFO] [1775890094.810021616] [motor_controller]: cmd_vel -> linear=-0.45, angular=0.00, left=-0.18, right=-0.18
[INFO] [1775890094.934410959] [motor_controller]: cmd_vel -> linear=0.45, angular=0.00, left=0.18, right=0.18
[INFO] [1775890095.053001164] [motor_controller]: cmd_vel -> linear=0.00, angular=2.00, left=-0.18, right=0.18
[INFO] [1775890095.157493877] [motor_controller]: cmd_vel -> linear=0.45, angular=0.00, left=0.18, right=0.18
[INFO] [1775890095.244788806] [motor_controller]: cmd_vel -> linear=0.00, angular=2.00, left=-0.18, right=0.18
[INFO] [1775890095.310169168] [motor_controller]: cmd_vel -> linear=0.00, angular=-2.00, left=0.18, right=-0.18
[INFO] [1775890095.419517534] [motor_controller]: cmd_vel -> linear=0.45, angular=0.00, left=0.18, right=0.18
[INFO] [1775890095.485507010] [motor_controller]: cmd_vel -> linear=0.00, angular=2.00, left=-0.18, right=0.18
[INFO] [1775890095.574136722] [motor_controller]: cmd_vel -> linear=0.00, angular=-2.00, left=0.18, right=-0.18
[INFO] [1775890095.659371604] [motor_controller]: cmd_vel -> linear=0.45, angular=0.00, left=0.18, right=0.18
[INFO] [1775890095.729320581] [motor_controller]: cmd_vel -> linear=0.00, angular=2.00, left=-0.18, right=0.18
[INFO] [1775890095.911042471] [motor_controller]: cmd_vel -> linear=-0.45, angular=0.00, left=-0.18, right=-0.18
[INFO] [1775890096.077572938] [motor_controller]: cmd_vel -> linear=-0.45, angular=0.00, left=-0.18, right=-0.18
[INFO] [1775890096.255566626] [motor_controller]: cmd_vel -> linear=-0.45, angular=0.00, left=-0.18, right=-0.18
[INFO] [1775890096.440633069] [motor_controller]: cmd_vel -> linear=-0.45, angular=0.00, left=-0.18, right=-0.18
[INFO] [1775890096.622953610] [motor_controller]: cmd_vel -> linear=0.45, angular=0.00, left=0.18, right=0.18
[INFO] [1775890096.775090398] [motor_controller]: cmd_vel -> linear=0.45, angular=0.00, left=0.18, right=0.18
[INFO] [1775890096.934373646] [motor_controller]: cmd_vel -> linear=0.45, angular=0.00, left=0.18, right=0.18
[INFO] [1775890097.133810749] [motor_controller]: cmd_vel -> linear=0.45, angular=0.00, left=0.18, right=0.18
[INFO] [1775890097.340554757] [motor_controller]: cmd_vel -> linear=0.45, angular=0.00, left=0.18, right=0.18
[INFO] [1775890131.335608784] [motor_controller]: cmd_vel -> linear=0.45, angular=0.00, left=0.18, right=0.18
[INFO] [1775890131.471821720] [motor_controller]: cmd_vel -> linear=0.45, angular=0.00, left=0.18, right=0.18
[INFO] [1775890131.650271465] [motor_controller]: cmd_vel -> linear=0.45, angular=0.00, left=0.18, right=0.18
[INFO] [1775890131.745175725] [motor_controller]: cmd_vel -> linear=0.45, angular=0.00, left=0.18, right=0.18
[INFO] [1775890133.262171589] [motor_controller]: cmd_vel -> linear=0.45, angular=0.00, left=0.18, right=0.18
[INFO] [1775890133.424534333] [motor_controller]: cmd_vel -> linear=0.45, angular=0.00, left=0.18, right=0.18
[INFO] [1775890134.525297520] [motor_controller]: cmd_vel -> linear=0.45, angular=0.00, left=0.18, right=0.18
[INFO] [1775890134.797879040] [motor_controller]: cmd_vel -> linear=0.45, angular=0.00, left=0.18, right=0.18
[INFO] [1775890135.316905922] [motor_controller]: cmd_vel -> linear=0.45, angular=0.00, left=0.18, right=0.18
[INFO] [1775890135.858529854] [motor_controller]: cmd_vel -> linear=0.45, angular=0.00, left=0.18, right=0.18
[INFO] [1775890136.045916956] [motor_controller]: cmd_vel -> linear=0.45, angular=0.00, left=0.18, right=0.18
[INFO] [1775890136.835986443] [motor_controller]: cmd_vel -> linear=0.45, angular=0.00, left=0.18, right=0.18
[INFO] [1775890137.070625027] [motor_controller]: cmd_vel -> linear=0.45, angular=0.00, left=0.18, right=0.18
[INFO] [1775890137.276743254] [motor_controller]: cmd_vel -> linear=0.45, angular=0.00, left=0.18, right=0.18
[INFO] [1775890138.795826572] [motor_controller]: cmd_vel -> linear=0.45, angular=0.00, left=0.18, right=0.18
[INFO] [1775890138.955136005] [motor_controller]: cmd_vel -> linear=0.45, angular=0.00, left=0.18, right=0.18
[INFO] [1775890139.124384411] [motor_controller]: cmd_vel -> linear=0.45, angular=0.00, left=0.18, right=0.18
[INFO] [1775890139.336687167] [motor_controller]: cmd_vel -> linear=0.45, angular=0.00, left=0.18, right=0.18
[INFO] [1775890140.552747451] [motor_controller]: cmd_vel -> linear=0.45, angular=0.00, left=0.18, right=0.18
[INFO] [1775890142.304318564] [motor_controller]: cmd_vel -> linear=0.45, angular=0.00, left=0.18, right=0.18
[INFO] [1775890143.108584507] [motor_controller]: cmd_vel -> linear=0.45, angular=0.00, left=0.18, right=0.18
[INFO] [1775890143.318103768] [motor_controller]: cmd_vel -> linear=0.45, angular=0.00, left=0.18, right=0.18
[INFO] [1775890143.500778330] [motor_controller]: cmd_vel -> linear=0.45, angular=0.00, left=0.18, right=0.18
[INFO] [1775890143.713108271] [motor_controller]: cmd_vel -> linear=0.45, angular=0.00, left=0.18, right=0.18
[INFO] [1775890144.103534975] [motor_controller]: cmd_vel -> linear=0.45, angular=0.00, left=0.18, right=0.18
[INFO] [1775890144.477385230] [motor_controller]: cmd_vel -> linear=0.45, angular=0.00, left=0.18, right=0.18
[INFO] [1775890144.699316976] [motor_controller]: cmd_vel -> linear=0.45, angular=0.00, left=0.18, right=0.18
[INFO] [1775890144.977779117] [motor_controller]: cmd_vel -> linear=0.45, angular=0.00, left=0.18, right=0.18
