[INFO] [1786032071.398213974] [mailrover_nav_bridge]: Loaded 10 room navigation targets from /home/mypi/mailrover/maps/room_map.yaml
[INFO] [1786032071.401107898] [mailrover_nav_bridge]: MailRover navigation bridge listening on http://127.0.0.1:8765/task
[INFO] [1786032160.487377401] [mailrover_nav_bridge]: Dispatching task=T1786032160 mission_type=delivery drawer=D1 destination=7006 room=7006
[INFO] [1786032161.982851961] [mailrover_nav_bridge]: Reported MOVING for task=T1786032160: HTTP 200
[INFO] [1786032161.985739959] [mailrover_nav_bridge]: Nav2 accepted goal task=T1786032160 mission_type=delivery
[WARN] [1786032241.652271024] [mailrover_nav_bridge]: Navigation aborted task=T1786032160 mission_type=delivery
[WARN] [1786032241.663891200] [mailrover_nav_bridge]: Nav2 goal aborted for task=T1786032160; retrying the same destination in 2.0 seconds
[INFO] [1786032241.713868218] [mailrover_nav_bridge]: Reported RETRYING for task=T1786032160: HTTP 200
[WARN] [1786032243.719391110] [mailrover_nav_bridge]: Resending Nav2 goal task=T1786032160 mission_type=delivery destination=7006
[INFO] [1786032243.720294337] [mailrover_nav_bridge]: Dispatching task=T1786032160 mission_type=delivery drawer=D1 destination=7006 room=7006
[INFO] [1786032243.726167666] [mailrover_nav_bridge]: Reported MOVING for task=T1786032160: HTTP 200
[INFO] [1786032243.729597074] [mailrover_nav_bridge]: Nav2 accepted goal task=T1786032160 mission_type=delivery
[WARN] [1786032441.994194111] [mailrover_nav_bridge]: Navigation aborted task=T1786032160 mission_type=delivery
[WARN] [1786032441.994853300] [mailrover_nav_bridge]: Nav2 goal aborted for task=T1786032160; retrying the same destination in 2.0 seconds
[INFO] [1786032441.998588821] [mailrover_nav_bridge]: Reported RETRYING for task=T1786032160: HTTP 200
[WARN] [1786032443.999624910] [mailrover_nav_bridge]: Resending Nav2 goal task=T1786032160 mission_type=delivery destination=7006
[INFO] [1786032444.000227136] [mailrover_nav_bridge]: Dispatching task=T1786032160 mission_type=delivery drawer=D1 destination=7006 room=7006
[INFO] [1786032444.004607994] [mailrover_nav_bridge]: Reported MOVING for task=T1786032160: HTTP 200
[INFO] [1786032444.008403885] [mailrover_nav_bridge]: Nav2 accepted goal task=T1786032160 mission_type=delivery
[WARN] [1786032451.670864012] [mailrover_nav_bridge]: Navigation aborted task=T1786032160 mission_type=delivery
[WARN] [1786032451.671763980] [mailrover_nav_bridge]: Nav2 goal aborted for task=T1786032160; retrying the same destination in 2.0 seconds
[INFO] [1786032451.679077299] [mailrover_nav_bridge]: Reported RETRYING for task=T1786032160: HTTP 200
[WARN] [1786032453.684836729] [mailrover_nav_bridge]: Resending Nav2 goal task=T1786032160 mission_type=delivery destination=7006
[INFO] [1786032453.685619678] [mailrover_nav_bridge]: Dispatching task=T1786032160 mission_type=delivery drawer=D1 destination=7006 room=7006
[INFO] [1786032453.705328287] [mailrover_nav_bridge]: Reported MOVING for task=T1786032160: HTTP 200
[INFO] [1786032453.717867634] [mailrover_nav_bridge]: Nav2 accepted goal task=T1786032160 mission_type=delivery
[WARN] [1786032477.126896412] [mailrover_nav_bridge]: Navigation aborted task=T1786032160 mission_type=delivery
[WARN] [1786032477.127705843] [mailrover_nav_bridge]: Nav2 goal aborted for task=T1786032160; retrying the same destination in 2.0 seconds
[INFO] [1786032477.130941879] [mailrover_nav_bridge]: Reported RETRYING for task=T1786032160: HTTP 200
[WARN] [1786032479.133118345] [mailrover_nav_bridge]: Resending Nav2 goal task=T1786032160 mission_type=delivery destination=7006
[INFO] [1786032479.133752830] [mailrover_nav_bridge]: Dispatching task=T1786032160 mission_type=delivery drawer=D1 destination=7006 room=7006
[INFO] [1786032479.136606772] [mailrover_nav_bridge]: Reported MOVING for task=T1786032160: HTTP 200
[INFO] [1786032479.139007137] [mailrover_nav_bridge]: Nav2 accepted goal task=T1786032160 mission_type=delivery
[WARN] [1786032496.000025474] [mailrover_nav_bridge]: Navigation aborted task=T1786032160 mission_type=delivery
[WARN] [1786032496.001403426] [mailrover_nav_bridge]: Nav2 goal aborted for task=T1786032160; retrying the same destination in 2.0 seconds
[INFO] [1786032496.004416869] [mailrover_nav_bridge]: Reported RETRYING for task=T1786032160: HTTP 200
