[INFO] [1784062224.975114391] [route_server]: 
	route_server lifecycle node launched. 
	Waiting on external lifecycle transitions to activate
	See https://design.ros2.org/articles/node_lifecycle.html for more information.
[INFO] [1784062228.253262112] [route_server]: Configuring
[INFO] [1784062228.446661264] [route_server]: Created GraphFileLoader GeoJsonGraphFileLoader of type nav2_route::GeoJsonGraphFileLoader
[INFO] [1784062228.446743746] [route_server]: Configuring geojson graph file loader
[INFO] [1784062228.446769432] [route_server]: No graph file provided to load yet.
[INFO] [1784062228.476176657] [route_server]: Created edge cost function plugin DistanceScorer of type nav2_route::DistanceScorer
[INFO] [1784062228.476241805] [route_server]: Configuring distance scorer.
[INFO] [1784062228.483138067] [route_server]: Created edge cost function plugin CostmapScorer of type nav2_route::CostmapScorer
[INFO] [1784062228.483229123] [route_server]: Configuring costmap scorer.
[INFO] [1784062228.492003100] [route_server]: Created route operation AdjustSpeedLimit of type nav2_route::AdjustSpeedLimit
[INFO] [1784062228.492091008] [route_server]: Configuring Adjust speed limit operation.
[INFO] [1784062228.499583014] [route_server]: Created route operation ReroutingService of type nav2_route::ReroutingService
[INFO] [1784062228.499669107] [route_server]: Configuring Rerouting service operation.
[INFO] [1784062228.506411238] [route_server]: Created route operation CollisionMonitor of type nav2_route::CollisionMonitor
[INFO] [1784062228.506900149] [route_server]: Using costmap topic: local_costmap/costmap_raw instead of server costmap topic: global_costmap/costmap_raw for CollisionMonitor.
[INFO] [1784062232.836421304] [route_server]: Activating
[INFO] [1784062232.837192197] [route_server]: Creating bond (route_server) to lifecycle manager.
[INFO] [1784062540.846923198] [rclcpp]: signal_handler(SIGINT/SIGTERM)
[INFO] [1784062540.847066810] [route_server]: Running Nav2 LifecycleNode rcl preshutdown (route_server)
[INFO] [1784062540.847180810] [route_server]: Deactivating
[INFO] [1784062540.847223070] [route_server]: Destroying bond (route_server) to lifecycle manager.
[INFO] [1784062540.888292308] [route_server]: Cleaning up
[INFO] [1784062541.432901880] [route_server]: Destroying bond (route_server) to lifecycle manager.
