[INFO] [1784062046.784308300] [route_server]: 
	route_server lifecycle node launched. 
	Waiting on external lifecycle transitions to activate
	See https://design.ros2.org/articles/node_lifecycle.html for more information.
[INFO] [1784062049.383693607] [route_server]: Configuring
[INFO] [1784062049.582839144] [route_server]: Created GraphFileLoader GeoJsonGraphFileLoader of type nav2_route::GeoJsonGraphFileLoader
[INFO] [1784062049.582933978] [route_server]: Configuring geojson graph file loader
[INFO] [1784062049.582963034] [route_server]: No graph file provided to load yet.
[INFO] [1784062049.593009073] [route_server]: Created edge cost function plugin DistanceScorer of type nav2_route::DistanceScorer
[INFO] [1784062049.593100611] [route_server]: Configuring distance scorer.
[INFO] [1784062049.593631336] [route_server]: Created edge cost function plugin CostmapScorer of type nav2_route::CostmapScorer
[INFO] [1784062049.593672373] [route_server]: Configuring costmap scorer.
[INFO] [1784062049.605769461] [route_server]: Created route operation AdjustSpeedLimit of type nav2_route::AdjustSpeedLimit
[INFO] [1784062049.605866518] [route_server]: Configuring Adjust speed limit operation.
[INFO] [1784062049.621925332] [route_server]: Created route operation ReroutingService of type nav2_route::ReroutingService
[INFO] [1784062049.623188580] [route_server]: Configuring Rerouting service operation.
[INFO] [1784062049.640122141] [route_server]: Created route operation CollisionMonitor of type nav2_route::CollisionMonitor
[INFO] [1784062049.641925077] [route_server]: Using costmap topic: local_costmap/costmap_raw instead of server costmap topic: global_costmap/costmap_raw for CollisionMonitor.
[INFO] [1784062053.936094510] [route_server]: Activating
[INFO] [1784062053.937067423] [route_server]: Creating bond (route_server) to lifecycle manager.
[INFO] [1784062196.912052798] [rclcpp]: signal_handler(SIGINT/SIGTERM)
[INFO] [1784062196.912214688] [route_server]: Running Nav2 LifecycleNode rcl preshutdown (route_server)
[INFO] [1784062196.916990308] [route_server]: Deactivating
[INFO] [1784062196.917135124] [route_server]: Destroying bond (route_server) to lifecycle manager.
[INFO] [1784062196.978429274] [route_server]: Cleaning up
[INFO] [1784062197.458976323] [route_server]: Destroying bond (route_server) to lifecycle manager.
