[INFO] [1783990942.376693933] [route_server]: 
	route_server lifecycle node launched. 
	Waiting on external lifecycle transitions to activate
	See https://design.ros2.org/articles/node_lifecycle.html for more information.
[INFO] [1783990945.013037918] [route_server]: Configuring
[INFO] [1783990945.209933264] [route_server]: Created GraphFileLoader GeoJsonGraphFileLoader of type nav2_route::GeoJsonGraphFileLoader
[INFO] [1783990945.210041265] [route_server]: Configuring geojson graph file loader
[INFO] [1783990945.210067469] [route_server]: No graph file provided to load yet.
[INFO] [1783990945.222025273] [route_server]: Created edge cost function plugin DistanceScorer of type nav2_route::DistanceScorer
[INFO] [1783990945.222100607] [route_server]: Configuring distance scorer.
[INFO] [1783990945.226074350] [route_server]: Created edge cost function plugin CostmapScorer of type nav2_route::CostmapScorer
[INFO] [1783990945.226984003] [route_server]: Configuring costmap scorer.
[INFO] [1783990945.244247577] [route_server]: Created route operation AdjustSpeedLimit of type nav2_route::AdjustSpeedLimit
[INFO] [1783990945.244345077] [route_server]: Configuring Adjust speed limit operation.
[INFO] [1783990945.254973523] [route_server]: Created route operation ReroutingService of type nav2_route::ReroutingService
[INFO] [1783990945.255067190] [route_server]: Configuring Rerouting service operation.
[INFO] [1783990945.264643834] [route_server]: Created route operation CollisionMonitor of type nav2_route::CollisionMonitor
[INFO] [1783990945.265572579] [route_server]: Using costmap topic: local_costmap/costmap_raw instead of server costmap topic: global_costmap/costmap_raw for CollisionMonitor.
[INFO] [1783990949.402600345] [route_server]: Activating
[INFO] [1783990949.402949106] [route_server]: Creating bond (route_server) to lifecycle manager.
[INFO] [1783991215.484211540] [rclcpp]: signal_handler(SIGINT/SIGTERM)
[INFO] [1783991215.484385801] [route_server]: Running Nav2 LifecycleNode rcl preshutdown (route_server)
[INFO] [1783991215.484503357] [route_server]: Deactivating
[INFO] [1783991215.484541338] [route_server]: Destroying bond (route_server) to lifecycle manager.
[INFO] [1783991215.517398643] [route_server]: Cleaning up
[INFO] [1783991216.144763507] [route_server]: Destroying bond (route_server) to lifecycle manager.
