[INFO] [1785906663.544344092] [route_server]: 
	route_server lifecycle node launched. 
	Waiting on external lifecycle transitions to activate
	See https://design.ros2.org/articles/node_lifecycle.html for more information.
[INFO] [1785906667.528108226] [route_server]: Configuring
[INFO] [1785906667.672204978] [route_server]: Created GraphFileLoader GeoJsonGraphFileLoader of type nav2_route::GeoJsonGraphFileLoader
[INFO] [1785906667.672308071] [route_server]: Configuring geojson graph file loader
[INFO] [1785906667.672334127] [route_server]: No graph file provided to load yet.
[INFO] [1785906667.693289753] [route_server]: Created edge cost function plugin DistanceScorer of type nav2_route::DistanceScorer
[INFO] [1785906667.693386938] [route_server]: Configuring distance scorer.
[INFO] [1785906667.697768761] [route_server]: Created edge cost function plugin CostmapScorer of type nav2_route::CostmapScorer
[INFO] [1785906667.697875595] [route_server]: Configuring costmap scorer.
[INFO] [1785906667.717002302] [route_server]: Created route operation AdjustSpeedLimit of type nav2_route::AdjustSpeedLimit
[INFO] [1785906667.717094988] [route_server]: Configuring Adjust speed limit operation.
[INFO] [1785906667.725899818] [route_server]: Created route operation ReroutingService of type nav2_route::ReroutingService
[INFO] [1785906667.726520489] [route_server]: Configuring Rerouting service operation.
[INFO] [1785906667.735332875] [route_server]: Created route operation CollisionMonitor of type nav2_route::CollisionMonitor
[INFO] [1785906667.736185732] [route_server]: Using costmap topic: local_costmap/costmap_raw instead of server costmap topic: global_costmap/costmap_raw for CollisionMonitor.
[INFO] [1785906672.969188000] [route_server]: Activating
[INFO] [1785906672.969514761] [route_server]: Creating bond (route_server) to lifecycle manager.
[INFO] [1785907011.988956725] [rclcpp]: signal_handler(SIGINT/SIGTERM)
[INFO] [1785907011.989310486] [route_server]: Running Nav2 LifecycleNode rcl preshutdown (route_server)
[INFO] [1785907011.991114701] [route_server]: Deactivating
[INFO] [1785907011.991182349] [route_server]: Destroying bond (route_server) to lifecycle manager.
[INFO] [1785907012.037976778] [route_server]: Cleaning up
[INFO] [1785907012.700026283] [route_server]: Destroying bond (route_server) to lifecycle manager.
