[INFO] [1782955247.216791797] [route_server]: 
	route_server lifecycle node launched. 
	Waiting on external lifecycle transitions to activate
	See https://design.ros2.org/articles/node_lifecycle.html for more information.
[INFO] [1782955250.356682297] [route_server]: Configuring
[INFO] [1782955250.550301855] [route_server]: Created GraphFileLoader GeoJsonGraphFileLoader of type nav2_route::GeoJsonGraphFileLoader
[INFO] [1782955250.550513319] [route_server]: Configuring geojson graph file loader
[INFO] [1782955250.550558652] [route_server]: No graph file provided to load yet.
[INFO] [1782955250.559781169] [route_server]: Created edge cost function plugin DistanceScorer of type nav2_route::DistanceScorer
[INFO] [1782955250.560018504] [route_server]: Configuring distance scorer.
[INFO] [1782955250.561653236] [route_server]: Created edge cost function plugin CostmapScorer of type nav2_route::CostmapScorer
[INFO] [1782955250.561800607] [route_server]: Configuring costmap scorer.
[INFO] [1782955250.574622737] [route_server]: Created route operation AdjustSpeedLimit of type nav2_route::AdjustSpeedLimit
[INFO] [1782955250.574730460] [route_server]: Configuring Adjust speed limit operation.
[INFO] [1782955250.588091131] [route_server]: Created route operation ReroutingService of type nav2_route::ReroutingService
[INFO] [1782955250.588172483] [route_server]: Configuring Rerouting service operation.
[INFO] [1782955250.657700075] [route_server]: Created route operation CollisionMonitor of type nav2_route::CollisionMonitor
[INFO] [1782955250.661266318] [route_server]: Using costmap topic: local_costmap/costmap_raw instead of server costmap topic: global_costmap/costmap_raw for CollisionMonitor.
[INFO] [1782955255.542532404] [route_server]: Activating
[INFO] [1782955255.542821831] [route_server]: Creating bond (route_server) to lifecycle manager.
[INFO] [1782955815.091003172] [rclcpp]: signal_handler(SIGINT/SIGTERM)
[INFO] [1782955815.091108265] [route_server]: Running Nav2 LifecycleNode rcl preshutdown (route_server)
[INFO] [1782955815.095539494] [route_server]: Deactivating
[INFO] [1782955815.095652699] [route_server]: Destroying bond (route_server) to lifecycle manager.
[INFO] [1782955815.166774681] [route_server]: Cleaning up
[INFO] [1782955815.735711229] [route_server]: Destroying bond (route_server) to lifecycle manager.
