[INFO] [1775785025.535908114] [route_server]: 
	route_server lifecycle node launched. 
	Waiting on external lifecycle transitions to activate
	See https://design.ros2.org/articles/node_lifecycle.html for more information.
[INFO] [1775785028.728514192] [route_server]: Configuring
[INFO] [1775785028.955251035] [route_server]: Created GraphFileLoader GeoJsonGraphFileLoader of type nav2_route::GeoJsonGraphFileLoader
[INFO] [1775785028.955333424] [route_server]: Configuring geojson graph file loader
[INFO] [1775785028.955437647] [route_server]: No graph file provided to load yet.
[INFO] [1775785028.968171731] [route_server]: Created edge cost function plugin DistanceScorer of type nav2_route::DistanceScorer
[INFO] [1775785028.968257713] [route_server]: Configuring distance scorer.
[INFO] [1775785028.971490156] [route_server]: Created edge cost function plugin CostmapScorer of type nav2_route::CostmapScorer
[INFO] [1775785028.971600027] [route_server]: Configuring costmap scorer.
[INFO] [1775785029.042879378] [route_server]: Created route operation AdjustSpeedLimit of type nav2_route::AdjustSpeedLimit
[INFO] [1775785029.042954453] [route_server]: Configuring Adjust speed limit operation.
[INFO] [1775785029.067516358] [route_server]: Created route operation ReroutingService of type nav2_route::ReroutingService
[INFO] [1775785029.067612951] [route_server]: Configuring Rerouting service operation.
[INFO] [1775785029.103742916] [route_server]: Created route operation CollisionMonitor of type nav2_route::CollisionMonitor
[INFO] [1775785029.107935641] [route_server]: Using costmap topic: local_costmap/costmap_raw instead of server costmap topic: global_costmap/costmap_raw for CollisionMonitor.
[INFO] [1775785032.629778001] [route_server]: Activating
[INFO] [1775785032.630076521] [route_server]: Creating bond (route_server) to lifecycle manager.
[INFO] [1775785324.619981655] [rclcpp]: signal_handler(SIGINT/SIGTERM)
[INFO] [1775785324.620071526] [route_server]: Running Nav2 LifecycleNode rcl preshutdown (route_server)
[INFO] [1775785324.620178786] [route_server]: Deactivating
[INFO] [1775785324.620208545] [route_server]: Destroying bond (route_server) to lifecycle manager.
[INFO] [1775785324.652614366] [route_server]: Cleaning up
[INFO] [1775785325.102739560] [route_server]: Destroying bond (route_server) to lifecycle manager.
