[INFO] [1784004941.867401638] [route_server]: 
	route_server lifecycle node launched. 
	Waiting on external lifecycle transitions to activate
	See https://design.ros2.org/articles/node_lifecycle.html for more information.
[INFO] [1784004943.854068186] [route_server]: Configuring
[INFO] [1784004944.007472394] [route_server]: Created GraphFileLoader GeoJsonGraphFileLoader of type nav2_route::GeoJsonGraphFileLoader
[INFO] [1784004944.007630894] [route_server]: Configuring geojson graph file loader
[INFO] [1784004944.007720765] [route_server]: No graph file provided to load yet.
[INFO] [1784004944.012127013] [route_server]: Created edge cost function plugin DistanceScorer of type nav2_route::DistanceScorer
[INFO] [1784004944.012218365] [route_server]: Configuring distance scorer.
[INFO] [1784004944.013193259] [route_server]: Created edge cost function plugin CostmapScorer of type nav2_route::CostmapScorer
[INFO] [1784004944.013259278] [route_server]: Configuring costmap scorer.
[INFO] [1784004944.020842136] [route_server]: Created route operation AdjustSpeedLimit of type nav2_route::AdjustSpeedLimit
[INFO] [1784004944.020974748] [route_server]: Configuring Adjust speed limit operation.
[INFO] [1784004944.027975696] [route_server]: Created route operation ReroutingService of type nav2_route::ReroutingService
[INFO] [1784004944.028051029] [route_server]: Configuring Rerouting service operation.
[INFO] [1784004944.036172020] [route_server]: Created route operation CollisionMonitor of type nav2_route::CollisionMonitor
[INFO] [1784004944.036431855] [route_server]: Using costmap topic: local_costmap/costmap_raw instead of server costmap topic: global_costmap/costmap_raw for CollisionMonitor.
[INFO] [1784004948.192475196] [route_server]: Activating
[INFO] [1784004948.193843556] [route_server]: Creating bond (route_server) to lifecycle manager.
[INFO] [1784005146.071814952] [rclcpp]: signal_handler(SIGINT/SIGTERM)
[INFO] [1784005146.071921453] [route_server]: Running Nav2 LifecycleNode rcl preshutdown (route_server)
[INFO] [1784005146.072029213] [route_server]: Deactivating
[INFO] [1784005146.072059972] [route_server]: Destroying bond (route_server) to lifecycle manager.
[INFO] [1784005146.110388320] [route_server]: Cleaning up
[INFO] [1784005146.461011726] [route_server]: Destroying bond (route_server) to lifecycle manager.
