[INFO] [1783121142.320521854] [route_server]: 
	route_server lifecycle node launched. 
	Waiting on external lifecycle transitions to activate
	See https://design.ros2.org/articles/node_lifecycle.html for more information.
[INFO] [1783121145.100426535] [route_server]: Configuring
[INFO] [1783121145.254046807] [route_server]: Created GraphFileLoader GeoJsonGraphFileLoader of type nav2_route::GeoJsonGraphFileLoader
[INFO] [1783121145.254176086] [route_server]: Configuring geojson graph file loader
[INFO] [1783121145.254198697] [route_server]: No graph file provided to load yet.
[INFO] [1783121145.272541187] [route_server]: Created edge cost function plugin DistanceScorer of type nav2_route::DistanceScorer
[INFO] [1783121145.272653762] [route_server]: Configuring distance scorer.
[INFO] [1783121145.275847094] [route_server]: Created edge cost function plugin CostmapScorer of type nav2_route::CostmapScorer
[INFO] [1783121145.276547820] [route_server]: Configuring costmap scorer.
[INFO] [1783121145.292743039] [route_server]: Created route operation AdjustSpeedLimit of type nav2_route::AdjustSpeedLimit
[INFO] [1783121145.292911688] [route_server]: Configuring Adjust speed limit operation.
[INFO] [1783121145.303257930] [route_server]: Created route operation ReroutingService of type nav2_route::ReroutingService
[INFO] [1783121145.303351209] [route_server]: Configuring Rerouting service operation.
[INFO] [1783121145.319794244] [route_server]: Created route operation CollisionMonitor of type nav2_route::CollisionMonitor
[INFO] [1783121145.323199281] [route_server]: Using costmap topic: local_costmap/costmap_raw instead of server costmap topic: global_costmap/costmap_raw for CollisionMonitor.
[INFO] [1783121149.224181304] [route_server]: Activating
[INFO] [1783121149.224495565] [route_server]: Creating bond (route_server) to lifecycle manager.
[INFO] [1783121385.099016921] [rclcpp]: signal_handler(SIGINT/SIGTERM)
[INFO] [1783121385.099220144] [route_server]: Running Nav2 LifecycleNode rcl preshutdown (route_server)
[INFO] [1783121385.099367015] [route_server]: Deactivating
[INFO] [1783121385.099416738] [route_server]: Destroying bond (route_server) to lifecycle manager.
[INFO] [1783121385.207814718] [route_server]: Cleaning up
[INFO] [1783121385.667809140] [route_server]: Destroying bond (route_server) to lifecycle manager.
