[INFO] [1783390410.657111699] [route_server]: 
	route_server lifecycle node launched. 
	Waiting on external lifecycle transitions to activate
	See https://design.ros2.org/articles/node_lifecycle.html for more information.
[INFO] [1783390415.380059413] [route_server]: Configuring
[INFO] [1783390415.538682864] [route_server]: Created GraphFileLoader GeoJsonGraphFileLoader of type nav2_route::GeoJsonGraphFileLoader
[INFO] [1783390415.538753328] [route_server]: Configuring geojson graph file loader
[INFO] [1783390415.538785606] [route_server]: No graph file provided to load yet.
[INFO] [1783390415.557841273] [route_server]: Created edge cost function plugin DistanceScorer of type nav2_route::DistanceScorer
[INFO] [1783390415.557953589] [route_server]: Configuring distance scorer.
[INFO] [1783390415.562577801] [route_server]: Created edge cost function plugin CostmapScorer of type nav2_route::CostmapScorer
[INFO] [1783390415.562979396] [route_server]: Configuring costmap scorer.
[INFO] [1783390415.581154281] [route_server]: Created route operation AdjustSpeedLimit of type nav2_route::AdjustSpeedLimit
[INFO] [1783390415.581246855] [route_server]: Configuring Adjust speed limit operation.
[INFO] [1783390415.592711941] [route_server]: Created route operation ReroutingService of type nav2_route::ReroutingService
[INFO] [1783390415.592999628] [route_server]: Configuring Rerouting service operation.
[INFO] [1783390415.603685765] [route_server]: Created route operation CollisionMonitor of type nav2_route::CollisionMonitor
[INFO] [1783390415.607451547] [route_server]: Using costmap topic: local_costmap/costmap_raw instead of server costmap topic: global_costmap/costmap_raw for CollisionMonitor.
[INFO] [1783390419.629312768] [route_server]: Activating
[INFO] [1783390419.629578344] [route_server]: Creating bond (route_server) to lifecycle manager.
[INFO] [1783390495.256153707] [rclcpp]: signal_handler(SIGINT/SIGTERM)
[INFO] [1783390495.256316375] [route_server]: Running Nav2 LifecycleNode rcl preshutdown (route_server)
[INFO] [1783390495.256415820] [route_server]: Deactivating
[INFO] [1783390495.256444672] [route_server]: Destroying bond (route_server) to lifecycle manager.
[INFO] [1783390495.349456460] [route_server]: Cleaning up
[INFO] [1783390496.297114661] [route_server]: Destroying bond (route_server) to lifecycle manager.
