[INFO] [1784073613.057168745] [route_server]: 
	route_server lifecycle node launched. 
	Waiting on external lifecycle transitions to activate
	See https://design.ros2.org/articles/node_lifecycle.html for more information.
[INFO] [1784073615.618677322] [route_server]: Configuring
[INFO] [1784073615.823637072] [route_server]: Created GraphFileLoader GeoJsonGraphFileLoader of type nav2_route::GeoJsonGraphFileLoader
[INFO] [1784073615.823743055] [route_server]: Configuring geojson graph file loader
[INFO] [1784073615.823796407] [route_server]: No graph file provided to load yet.
[INFO] [1784073615.845211652] [route_server]: Created edge cost function plugin DistanceScorer of type nav2_route::DistanceScorer
[INFO] [1784073615.845416504] [route_server]: Configuring distance scorer.
[INFO] [1784073615.848737411] [route_server]: Created edge cost function plugin CostmapScorer of type nav2_route::CostmapScorer
[INFO] [1784073615.849724787] [route_server]: Configuring costmap scorer.
[INFO] [1784073615.875885039] [route_server]: Created route operation AdjustSpeedLimit of type nav2_route::AdjustSpeedLimit
[INFO] [1784073615.875981428] [route_server]: Configuring Adjust speed limit operation.
[INFO] [1784073615.883700785] [route_server]: Created route operation ReroutingService of type nav2_route::ReroutingService
[INFO] [1784073615.883907952] [route_server]: Configuring Rerouting service operation.
[INFO] [1784073615.895536515] [route_server]: Created route operation CollisionMonitor of type nav2_route::CollisionMonitor
[INFO] [1784073615.898706458] [route_server]: Using costmap topic: local_costmap/costmap_raw instead of server costmap topic: global_costmap/costmap_raw for CollisionMonitor.
[INFO] [1784073619.993385820] [route_server]: Activating
[INFO] [1784073619.993682044] [route_server]: Creating bond (route_server) to lifecycle manager.
[INFO] [1784074376.251614704] [route_server]: Deactivating
[INFO] [1784074376.251696445] [route_server]: Destroying bond (route_server) to lifecycle manager.
[INFO] [1784074382.000215992] [route_server]: Cleaning up
[INFO] [1784074384.808824765] [route_server]: Configuring
[INFO] [1784074384.959943023] [route_server]: Created GraphFileLoader GeoJsonGraphFileLoader of type nav2_route::GeoJsonGraphFileLoader
[INFO] [1784074384.960026208] [route_server]: Configuring geojson graph file loader
[INFO] [1784074384.960047227] [route_server]: No graph file provided to load yet.
[INFO] [1784074384.961283919] [route_server]: Created edge cost function plugin DistanceScorer of type nav2_route::DistanceScorer
[INFO] [1784074384.961339160] [route_server]: Configuring distance scorer.
[INFO] [1784074384.961382123] [route_server]: Created edge cost function plugin CostmapScorer of type nav2_route::CostmapScorer
[INFO] [1784074384.961398734] [route_server]: Configuring costmap scorer.
[INFO] [1784074384.962784242] [route_server]: Created route operation AdjustSpeedLimit of type nav2_route::AdjustSpeedLimit
[INFO] [1784074384.962849075] [route_server]: Configuring Adjust speed limit operation.
[INFO] [1784074384.965694646] [route_server]: Created route operation ReroutingService of type nav2_route::ReroutingService
[INFO] [1784074384.965776295] [route_server]: Configuring Rerouting service operation.
[INFO] [1784074384.970451024] [route_server]: Created route operation CollisionMonitor of type nav2_route::CollisionMonitor
[INFO] [1784074384.970648192] [route_server]: Using costmap topic: local_costmap/costmap_raw instead of server costmap topic: global_costmap/costmap_raw for CollisionMonitor.
[INFO] [1784074394.063790176] [rclcpp]: signal_handler(SIGINT/SIGTERM)
[INFO] [1784074394.063952028] [route_server]: Running Nav2 LifecycleNode rcl preshutdown (route_server)
[INFO] [1784074394.064064473] [route_server]: Cleaning up
[INFO] [1784074394.252780341] [route_server]: Destroying bond (route_server) to lifecycle manager.
