[INFO] [1782969592.565092148] [route_server]: 
	route_server lifecycle node launched. 
	Waiting on external lifecycle transitions to activate
	See https://design.ros2.org/articles/node_lifecycle.html for more information.
[INFO] [1782969596.240258844] [route_server]: Configuring
[INFO] [1782969596.368329072] [route_server]: Created GraphFileLoader GeoJsonGraphFileLoader of type nav2_route::GeoJsonGraphFileLoader
[INFO] [1782969596.368422665] [route_server]: Configuring geojson graph file loader
[INFO] [1782969596.368451628] [route_server]: No graph file provided to load yet.
[INFO] [1782969596.378436723] [route_server]: Created edge cost function plugin DistanceScorer of type nav2_route::DistanceScorer
[INFO] [1782969596.378514816] [route_server]: Configuring distance scorer.
[INFO] [1782969596.379780379] [route_server]: Created edge cost function plugin CostmapScorer of type nav2_route::CostmapScorer
[INFO] [1782969596.379849287] [route_server]: Configuring costmap scorer.
[INFO] [1782969596.386920235] [route_server]: Created route operation AdjustSpeedLimit of type nav2_route::AdjustSpeedLimit
[INFO] [1782969596.387025014] [route_server]: Configuring Adjust speed limit operation.
[INFO] [1782969596.393347921] [route_server]: Created route operation ReroutingService of type nav2_route::ReroutingService
[INFO] [1782969596.393443255] [route_server]: Configuring Rerouting service operation.
[INFO] [1782969596.401294708] [route_server]: Created route operation CollisionMonitor of type nav2_route::CollisionMonitor
[INFO] [1782969596.401791804] [route_server]: Using costmap topic: local_costmap/costmap_raw instead of server costmap topic: global_costmap/costmap_raw for CollisionMonitor.
[INFO] [1782969600.631670249] [route_server]: Activating
[INFO] [1782969600.632013973] [route_server]: Creating bond (route_server) to lifecycle manager.
[INFO] [1782969807.163172801] [rclcpp]: signal_handler(SIGINT/SIGTERM)
[INFO] [1782969807.163293783] [route_server]: Running Nav2 LifecycleNode rcl preshutdown (route_server)
[INFO] [1782969807.163437469] [route_server]: Deactivating
[INFO] [1782969807.163473062] [route_server]: Destroying bond (route_server) to lifecycle manager.
[INFO] [1782969807.228829446] [route_server]: Cleaning up
[INFO] [1782969807.746715191] [route_server]: Destroying bond (route_server) to lifecycle manager.
