[INFO] [1782957960.554072509] [route_server]: 
	route_server lifecycle node launched. 
	Waiting on external lifecycle transitions to activate
	See https://design.ros2.org/articles/node_lifecycle.html for more information.
[INFO] [1782957962.923799436] [route_server]: Configuring
[INFO] [1782957963.128276210] [route_server]: Created GraphFileLoader GeoJsonGraphFileLoader of type nav2_route::GeoJsonGraphFileLoader
[INFO] [1782957963.128353988] [route_server]: Configuring geojson graph file loader
[INFO] [1782957963.128372655] [route_server]: No graph file provided to load yet.
[INFO] [1782957963.146370166] [route_server]: Created edge cost function plugin DistanceScorer of type nav2_route::DistanceScorer
[INFO] [1782957963.146454482] [route_server]: Configuring distance scorer.
[INFO] [1782957963.150381097] [route_server]: Created edge cost function plugin CostmapScorer of type nav2_route::CostmapScorer
[INFO] [1782957963.150770007] [route_server]: Configuring costmap scorer.
[INFO] [1782957963.167634252] [route_server]: Created route operation AdjustSpeedLimit of type nav2_route::AdjustSpeedLimit
[INFO] [1782957963.167706660] [route_server]: Configuring Adjust speed limit operation.
[INFO] [1782957963.177852496] [route_server]: Created route operation ReroutingService of type nav2_route::ReroutingService
[INFO] [1782957963.178019090] [route_server]: Configuring Rerouting service operation.
[INFO] [1782957963.187453052] [route_server]: Created route operation CollisionMonitor of type nav2_route::CollisionMonitor
[INFO] [1782957963.189888529] [route_server]: Using costmap topic: local_costmap/costmap_raw instead of server costmap topic: global_costmap/costmap_raw for CollisionMonitor.
[INFO] [1782958002.227631125] [route_server]: Activating
[INFO] [1782958002.228022091] [route_server]: Creating bond (route_server) to lifecycle manager.
[INFO] [1782958556.606625148] [rclcpp]: signal_handler(SIGINT/SIGTERM)
[INFO] [1782958556.606872686] [route_server]: Running Nav2 LifecycleNode rcl preshutdown (route_server)
[INFO] [1782958556.607326504] [route_server]: Deactivating
[INFO] [1782958556.607370245] [route_server]: Destroying bond (route_server) to lifecycle manager.
[INFO] [1782958556.722430240] [route_server]: Cleaning up
[INFO] [1782958557.002220259] [route_server]: Destroying bond (route_server) to lifecycle manager.
