[INFO] [1782875221.110917034] [route_server]: 
	route_server lifecycle node launched. 
	Waiting on external lifecycle transitions to activate
	See https://design.ros2.org/articles/node_lifecycle.html for more information.
[INFO] [1782875222.611470255] [route_server]: Configuring
[INFO] [1782875222.783640797] [route_server]: Created GraphFileLoader GeoJsonGraphFileLoader of type nav2_route::GeoJsonGraphFileLoader
[INFO] [1782875222.783750279] [route_server]: Configuring geojson graph file loader
[INFO] [1782875222.783774039] [route_server]: No graph file provided to load yet.
[INFO] [1782875222.788037841] [route_server]: Created edge cost function plugin DistanceScorer of type nav2_route::DistanceScorer
[INFO] [1782875222.788129563] [route_server]: Configuring distance scorer.
[INFO] [1782875222.789625424] [route_server]: Created edge cost function plugin CostmapScorer of type nav2_route::CostmapScorer
[INFO] [1782875222.789694165] [route_server]: Configuring costmap scorer.
[INFO] [1782875222.795932644] [route_server]: Created route operation AdjustSpeedLimit of type nav2_route::AdjustSpeedLimit
[INFO] [1782875222.796021145] [route_server]: Configuring Adjust speed limit operation.
[INFO] [1782875222.804550156] [route_server]: Created route operation ReroutingService of type nav2_route::ReroutingService
[INFO] [1782875222.804627508] [route_server]: Configuring Rerouting service operation.
[INFO] [1782875222.812712202] [route_server]: Created route operation CollisionMonitor of type nav2_route::CollisionMonitor
[INFO] [1782875222.813201630] [route_server]: Using costmap topic: local_costmap/costmap_raw instead of server costmap topic: global_costmap/costmap_raw for CollisionMonitor.
[INFO] [1782875227.309159612] [route_server]: Activating
[INFO] [1782875227.309902783] [route_server]: Creating bond (route_server) to lifecycle manager.
[INFO] [1782875682.594144783] [rclcpp]: signal_handler(SIGINT/SIGTERM)
[INFO] [1782875682.594320747] [route_server]: Running Nav2 LifecycleNode rcl preshutdown (route_server)
[INFO] [1782875682.597348098] [route_server]: Deactivating
[INFO] [1782875682.599425740] [route_server]: Destroying bond (route_server) to lifecycle manager.
[INFO] [1782875682.685640758] [route_server]: Cleaning up
[INFO] [1782875683.445395235] [route_server]: Destroying bond (route_server) to lifecycle manager.
