[INFO] [1782957168.844219665] [route_server]: 
	route_server lifecycle node launched. 
	Waiting on external lifecycle transitions to activate
	See https://design.ros2.org/articles/node_lifecycle.html for more information.
[INFO] [1782957172.008174868] [route_server]: Configuring
[INFO] [1782957172.226896267] [route_server]: Created GraphFileLoader GeoJsonGraphFileLoader of type nav2_route::GeoJsonGraphFileLoader
[INFO] [1782957172.227031842] [route_server]: Configuring geojson graph file loader
[INFO] [1782957172.227061509] [route_server]: No graph file provided to load yet.
[INFO] [1782957172.248202854] [route_server]: Created edge cost function plugin DistanceScorer of type nav2_route::DistanceScorer
[INFO] [1782957172.248270558] [route_server]: Configuring distance scorer.
[INFO] [1782957172.251606281] [route_server]: Created edge cost function plugin CostmapScorer of type nav2_route::CostmapScorer
[INFO] [1782957172.251682226] [route_server]: Configuring costmap scorer.
[INFO] [1782957172.277758341] [route_server]: Created route operation AdjustSpeedLimit of type nav2_route::AdjustSpeedLimit
[INFO] [1782957172.277831322] [route_server]: Configuring Adjust speed limit operation.
[INFO] [1782957172.288028567] [route_server]: Created route operation ReroutingService of type nav2_route::ReroutingService
[INFO] [1782957172.288126641] [route_server]: Configuring Rerouting service operation.
[INFO] [1782957172.298569276] [route_server]: Created route operation CollisionMonitor of type nav2_route::CollisionMonitor
[INFO] [1782957172.300936049] [route_server]: Using costmap topic: local_costmap/costmap_raw instead of server costmap topic: global_costmap/costmap_raw for CollisionMonitor.
[INFO] [1782957176.670730180] [route_server]: Activating
[INFO] [1782957176.671126163] [route_server]: Creating bond (route_server) to lifecycle manager.
[INFO] [1782957720.802202000] [rclcpp]: signal_handler(SIGINT/SIGTERM)
[INFO] [1782957720.802372353] [route_server]: Running Nav2 LifecycleNode rcl preshutdown (route_server)
[INFO] [1782957720.802511187] [route_server]: Deactivating
[INFO] [1782957720.802577928] [route_server]: Destroying bond (route_server) to lifecycle manager.
[INFO] [1782957720.849117474] [route_server]: Cleaning up
[INFO] [1782957721.383884637] [route_server]: Destroying bond (route_server) to lifecycle manager.
