[INFO] [1782952450.302121572] [route_server]: 
	route_server lifecycle node launched. 
	Waiting on external lifecycle transitions to activate
	See https://design.ros2.org/articles/node_lifecycle.html for more information.
[INFO] [1782952453.223522483] [route_server]: Configuring
[INFO] [1782952453.400428319] [route_server]: Created GraphFileLoader GeoJsonGraphFileLoader of type nav2_route::GeoJsonGraphFileLoader
[INFO] [1782952453.400505375] [route_server]: Configuring geojson graph file loader
[INFO] [1782952453.400526152] [route_server]: No graph file provided to load yet.
[INFO] [1782952453.415561111] [route_server]: Created edge cost function plugin DistanceScorer of type nav2_route::DistanceScorer
[INFO] [1782952453.415660852] [route_server]: Configuring distance scorer.
[INFO] [1782952453.419037502] [route_server]: Created edge cost function plugin CostmapScorer of type nav2_route::CostmapScorer
[INFO] [1782952453.419111928] [route_server]: Configuring costmap scorer.
[INFO] [1782952453.447413632] [route_server]: Created route operation AdjustSpeedLimit of type nav2_route::AdjustSpeedLimit
[INFO] [1782952453.447669744] [route_server]: Configuring Adjust speed limit operation.
[INFO] [1782952453.461500677] [route_server]: Created route operation ReroutingService of type nav2_route::ReroutingService
[INFO] [1782952453.461636493] [route_server]: Configuring Rerouting service operation.
[INFO] [1782952453.472304463] [route_server]: Created route operation CollisionMonitor of type nav2_route::CollisionMonitor
[INFO] [1782952453.474190326] [route_server]: Using costmap topic: local_costmap/costmap_raw instead of server costmap topic: global_costmap/costmap_raw for CollisionMonitor.
[INFO] [1782952457.683521565] [route_server]: Activating
[INFO] [1782952457.683811752] [route_server]: Creating bond (route_server) to lifecycle manager.
[INFO] [1782953498.486886112] [rclcpp]: signal_handler(SIGINT/SIGTERM)
[INFO] [1782953498.487052131] [route_server]: Running Nav2 LifecycleNode rcl preshutdown (route_server)
[INFO] [1782953498.487176095] [route_server]: Deactivating
[INFO] [1782953498.487216466] [route_server]: Destroying bond (route_server) to lifecycle manager.
[INFO] [1782953498.502227961] [route_server]: Cleaning up
[INFO] [1782953498.960544597] [route_server]: Destroying bond (route_server) to lifecycle manager.
