[INFO] [1785291434.350362384] [route_server]: 
	route_server lifecycle node launched. 
	Waiting on external lifecycle transitions to activate
	See https://design.ros2.org/articles/node_lifecycle.html for more information.
[INFO] [1785291456.365616650] [route_server]: Configuring
[INFO] [1785291456.487917275] [route_server]: Created GraphFileLoader GeoJsonGraphFileLoader of type nav2_route::GeoJsonGraphFileLoader
[INFO] [1785291456.488006757] [route_server]: Configuring geojson graph file loader
[INFO] [1785291456.488029146] [route_server]: No graph file provided to load yet.
[INFO] [1785291456.497517103] [route_server]: Created edge cost function plugin DistanceScorer of type nav2_route::DistanceScorer
[INFO] [1785291456.497587770] [route_server]: Configuring distance scorer.
[INFO] [1785291456.499709411] [route_server]: Created edge cost function plugin CostmapScorer of type nav2_route::CostmapScorer
[INFO] [1785291456.499778189] [route_server]: Configuring costmap scorer.
[INFO] [1785291456.508226789] [route_server]: Created route operation AdjustSpeedLimit of type nav2_route::AdjustSpeedLimit
[INFO] [1785291456.508305697] [route_server]: Configuring Adjust speed limit operation.
[INFO] [1785291456.514600119] [route_server]: Created route operation ReroutingService of type nav2_route::ReroutingService
[INFO] [1785291456.514666434] [route_server]: Configuring Rerouting service operation.
[INFO] [1785291456.523769278] [route_server]: Created route operation CollisionMonitor of type nav2_route::CollisionMonitor
[INFO] [1785291456.524673394] [route_server]: Using costmap topic: local_costmap/costmap_raw instead of server costmap topic: global_costmap/costmap_raw for CollisionMonitor.
[INFO] [1785291461.549554378] [route_server]: Activating
[INFO] [1785291461.549818732] [route_server]: Creating bond (route_server) to lifecycle manager.
[INFO] [1785291970.441513517] [rclcpp]: signal_handler(SIGINT/SIGTERM)
[INFO] [1785291970.441633018] [route_server]: Running Nav2 LifecycleNode rcl preshutdown (route_server)
[INFO] [1785291970.441728093] [route_server]: Deactivating
[INFO] [1785291970.441768593] [route_server]: Destroying bond (route_server) to lifecycle manager.
[INFO] [1785291970.477923971] [route_server]: Cleaning up
[INFO] [1785291970.860170490] [route_server]: Destroying bond (route_server) to lifecycle manager.
