[INFO] [1783996425.946319557] [route_server]: 
	route_server lifecycle node launched. 
	Waiting on external lifecycle transitions to activate
	See https://design.ros2.org/articles/node_lifecycle.html for more information.
[INFO] [1783996428.855452653] [route_server]: Configuring
[INFO] [1783996429.088765385] [route_server]: Created GraphFileLoader GeoJsonGraphFileLoader of type nav2_route::GeoJsonGraphFileLoader
[INFO] [1783996429.088849941] [route_server]: Configuring geojson graph file loader
[INFO] [1783996429.088867126] [route_server]: No graph file provided to load yet.
[INFO] [1783996429.101176567] [route_server]: Created edge cost function plugin DistanceScorer of type nav2_route::DistanceScorer
[INFO] [1783996429.101245234] [route_server]: Configuring distance scorer.
[INFO] [1783996429.104785884] [route_server]: Created edge cost function plugin CostmapScorer of type nav2_route::CostmapScorer
[INFO] [1783996429.105107294] [route_server]: Configuring costmap scorer.
[INFO] [1783996429.114368291] [route_server]: Created route operation AdjustSpeedLimit of type nav2_route::AdjustSpeedLimit
[INFO] [1783996429.114536070] [route_server]: Configuring Adjust speed limit operation.
[INFO] [1783996429.121407184] [route_server]: Created route operation ReroutingService of type nav2_route::ReroutingService
[INFO] [1783996429.121485758] [route_server]: Configuring Rerouting service operation.
[INFO] [1783996429.130828349] [route_server]: Created route operation CollisionMonitor of type nav2_route::CollisionMonitor
[INFO] [1783996429.131328852] [route_server]: Using costmap topic: local_costmap/costmap_raw instead of server costmap topic: global_costmap/costmap_raw for CollisionMonitor.
[INFO] [1783996433.162113515] [route_server]: Activating
[INFO] [1783996433.162473129] [route_server]: Creating bond (route_server) to lifecycle manager.
[INFO] [1783996665.677885636] [rclcpp]: signal_handler(SIGINT/SIGTERM)
[INFO] [1783996665.678365231] [route_server]: Running Nav2 LifecycleNode rcl preshutdown (route_server)
[INFO] [1783996665.679429237] [route_server]: Deactivating
[INFO] [1783996665.679499812] [route_server]: Destroying bond (route_server) to lifecycle manager.
[INFO] [1783996665.797876399] [route_server]: Cleaning up
[INFO] [1783996666.489807892] [route_server]: Destroying bond (route_server) to lifecycle manager.
