[INFO] [1785191167.937066720] [route_server]: 
	route_server lifecycle node launched. 
	Waiting on external lifecycle transitions to activate
	See https://design.ros2.org/articles/node_lifecycle.html for more information.
[INFO] [1785191170.105428609] [route_server]: Configuring
[INFO] [1785191170.235028245] [route_server]: Created GraphFileLoader GeoJsonGraphFileLoader of type nav2_route::GeoJsonGraphFileLoader
[INFO] [1785191170.235106764] [route_server]: Configuring geojson graph file loader
[INFO] [1785191170.235126949] [route_server]: No graph file provided to load yet.
[INFO] [1785191170.246840909] [route_server]: Created edge cost function plugin DistanceScorer of type nav2_route::DistanceScorer
[INFO] [1785191170.246925465] [route_server]: Configuring distance scorer.
[INFO] [1785191170.249158105] [route_server]: Created edge cost function plugin CostmapScorer of type nav2_route::CostmapScorer
[INFO] [1785191170.249404402] [route_server]: Configuring costmap scorer.
[INFO] [1785191170.260379211] [route_server]: Created route operation AdjustSpeedLimit of type nav2_route::AdjustSpeedLimit
[INFO] [1785191170.260463582] [route_server]: Configuring Adjust speed limit operation.
[INFO] [1785191170.265706475] [route_server]: Created route operation ReroutingService of type nav2_route::ReroutingService
[INFO] [1785191170.265795013] [route_server]: Configuring Rerouting service operation.
[INFO] [1785191170.272141245] [route_server]: Created route operation CollisionMonitor of type nav2_route::CollisionMonitor
[INFO] [1785191170.272896415] [route_server]: Using costmap topic: local_costmap/costmap_raw instead of server costmap topic: global_costmap/costmap_raw for CollisionMonitor.
[INFO] [1785191175.295608231] [route_server]: Activating
[INFO] [1785191175.295905103] [route_server]: Creating bond (route_server) to lifecycle manager.
[INFO] [1785196711.114093811] [rclcpp]: signal_handler(SIGINT/SIGTERM)
[INFO] [1785196711.116987511] [route_server]: Running Nav2 LifecycleNode rcl preshutdown (route_server)
[INFO] [1785196711.117097919] [route_server]: Deactivating
[INFO] [1785196711.117126604] [route_server]: Destroying bond (route_server) to lifecycle manager.
[INFO] [1785196711.151057392] [route_server]: Cleaning up
[INFO] [1785196711.660073908] [route_server]: Destroying bond (route_server) to lifecycle manager.
