[INFO] [1783023975.939985674] [route_server]: 
	route_server lifecycle node launched. 
	Waiting on external lifecycle transitions to activate
	See https://design.ros2.org/articles/node_lifecycle.html for more information.
[INFO] [1783023978.926834624] [route_server]: Configuring
[INFO] [1783023979.110839044] [route_server]: Created GraphFileLoader GeoJsonGraphFileLoader of type nav2_route::GeoJsonGraphFileLoader
[INFO] [1783023979.111607122] [route_server]: Configuring geojson graph file loader
[INFO] [1783023979.111651660] [route_server]: No graph file provided to load yet.
[INFO] [1783023979.119960927] [route_server]: Created edge cost function plugin DistanceScorer of type nav2_route::DistanceScorer
[INFO] [1783023979.120050298] [route_server]: Configuring distance scorer.
[INFO] [1783023979.121869696] [route_server]: Created edge cost function plugin CostmapScorer of type nav2_route::CostmapScorer
[INFO] [1783023979.122710108] [route_server]: Configuring costmap scorer.
[INFO] [1783023979.138761695] [route_server]: Created route operation AdjustSpeedLimit of type nav2_route::AdjustSpeedLimit
[INFO] [1783023979.138841214] [route_server]: Configuring Adjust speed limit operation.
[INFO] [1783023979.150787945] [route_server]: Created route operation ReroutingService of type nav2_route::ReroutingService
[INFO] [1783023979.150870390] [route_server]: Configuring Rerouting service operation.
[INFO] [1783023979.160126866] [route_server]: Created route operation CollisionMonitor of type nav2_route::CollisionMonitor
[INFO] [1783023979.161427614] [route_server]: Using costmap topic: local_costmap/costmap_raw instead of server costmap topic: global_costmap/costmap_raw for CollisionMonitor.
[INFO] [1783023983.567468693] [route_server]: Activating
[INFO] [1783023983.567728250] [route_server]: Creating bond (route_server) to lifecycle manager.
[INFO] [1783024918.311722145] [rclcpp]: signal_handler(SIGINT/SIGTERM)
[INFO] [1783024918.311878183] [route_server]: Running Nav2 LifecycleNode rcl preshutdown (route_server)
[INFO] [1783024918.311993683] [route_server]: Deactivating
[INFO] [1783024918.312022091] [route_server]: Destroying bond (route_server) to lifecycle manager.
[INFO] [1783024918.359174308] [route_server]: Cleaning up
[INFO] [1783024919.072515802] [route_server]: Destroying bond (route_server) to lifecycle manager.
