[INFO] [1784066214.569476060] [route_server]: 
	route_server lifecycle node launched. 
	Waiting on external lifecycle transitions to activate
	See https://design.ros2.org/articles/node_lifecycle.html for more information.
[INFO] [1784066218.201801282] [route_server]: Configuring
[INFO] [1784066218.410122294] [route_server]: Created GraphFileLoader GeoJsonGraphFileLoader of type nav2_route::GeoJsonGraphFileLoader
[INFO] [1784066218.410222942] [route_server]: Configuring geojson graph file loader
[INFO] [1784066218.410241757] [route_server]: No graph file provided to load yet.
[INFO] [1784066218.419681922] [route_server]: Created edge cost function plugin DistanceScorer of type nav2_route::DistanceScorer
[INFO] [1784066218.419787256] [route_server]: Configuring distance scorer.
[INFO] [1784066218.421707878] [route_server]: Created edge cost function plugin CostmapScorer of type nav2_route::CostmapScorer
[INFO] [1784066218.421813656] [route_server]: Configuring costmap scorer.
[INFO] [1784066218.432741236] [route_server]: Created route operation AdjustSpeedLimit of type nav2_route::AdjustSpeedLimit
[INFO] [1784066218.432827718] [route_server]: Configuring Adjust speed limit operation.
[INFO] [1784066218.442159864] [route_server]: Created route operation ReroutingService of type nav2_route::ReroutingService
[INFO] [1784066218.442230531] [route_server]: Configuring Rerouting service operation.
[INFO] [1784066218.449750407] [route_server]: Created route operation CollisionMonitor of type nav2_route::CollisionMonitor
[INFO] [1784066218.451489824] [route_server]: Using costmap topic: local_costmap/costmap_raw instead of server costmap topic: global_costmap/costmap_raw for CollisionMonitor.
[INFO] [1784066222.259456206] [route_server]: Activating
[INFO] [1784066222.259775467] [route_server]: Creating bond (route_server) to lifecycle manager.
[INFO] [1784066917.330290986] [rclcpp]: signal_handler(SIGINT/SIGTERM)
[INFO] [1784066917.330498043] [route_server]: Running Nav2 LifecycleNode rcl preshutdown (route_server)
[INFO] [1784066917.330634229] [route_server]: Deactivating
[INFO] [1784066917.330677062] [route_server]: Destroying bond (route_server) to lifecycle manager.
[INFO] [1784066917.368714925] [route_server]: Cleaning up
[INFO] [1784066917.906893487] [route_server]: Destroying bond (route_server) to lifecycle manager.
