[INFO] [1784061838.242191494] [route_server]: 
	route_server lifecycle node launched. 
	Waiting on external lifecycle transitions to activate
	See https://design.ros2.org/articles/node_lifecycle.html for more information.
[INFO] [1784061840.382476968] [route_server]: Configuring
[INFO] [1784061840.549389708] [route_server]: Created GraphFileLoader GeoJsonGraphFileLoader of type nav2_route::GeoJsonGraphFileLoader
[INFO] [1784061840.549477264] [route_server]: Configuring geojson graph file loader
[INFO] [1784061840.549501598] [route_server]: No graph file provided to load yet.
[INFO] [1784061840.558795299] [route_server]: Created edge cost function plugin DistanceScorer of type nav2_route::DistanceScorer
[INFO] [1784061840.558887355] [route_server]: Configuring distance scorer.
[INFO] [1784061840.560085918] [route_server]: Created edge cost function plugin CostmapScorer of type nav2_route::CostmapScorer
[INFO] [1784061840.560141418] [route_server]: Configuring costmap scorer.
[INFO] [1784061840.568933210] [route_server]: Created route operation AdjustSpeedLimit of type nav2_route::AdjustSpeedLimit
[INFO] [1784061840.569865641] [route_server]: Configuring Adjust speed limit operation.
[INFO] [1784061840.576914311] [route_server]: Created route operation ReroutingService of type nav2_route::ReroutingService
[INFO] [1784061840.576988145] [route_server]: Configuring Rerouting service operation.
[INFO] [1784061840.588822121] [route_server]: Created route operation CollisionMonitor of type nav2_route::CollisionMonitor
[INFO] [1784061840.589171789] [route_server]: Using costmap topic: local_costmap/costmap_raw instead of server costmap topic: global_costmap/costmap_raw for CollisionMonitor.
[INFO] [1784061844.709878889] [route_server]: Activating
[INFO] [1784061844.710173798] [route_server]: Creating bond (route_server) to lifecycle manager.
[INFO] [1784061983.772186086] [rclcpp]: signal_handler(SIGINT/SIGTERM)
[INFO] [1784061983.772330550] [route_server]: Running Nav2 LifecycleNode rcl preshutdown (route_server)
[INFO] [1784061983.772456199] [route_server]: Deactivating
[INFO] [1784061983.772490810] [route_server]: Destroying bond (route_server) to lifecycle manager.
[INFO] [1784061983.783788209] [route_server]: Cleaning up
[INFO] [1784061984.271075945] [route_server]: Destroying bond (route_server) to lifecycle manager.
