[INFO] [1783995972.351031007] [route_server]: 
	route_server lifecycle node launched. 
	Waiting on external lifecycle transitions to activate
	See https://design.ros2.org/articles/node_lifecycle.html for more information.
[INFO] [1783995974.928252823] [route_server]: Configuring
[INFO] [1783995975.095957177] [route_server]: Created GraphFileLoader GeoJsonGraphFileLoader of type nav2_route::GeoJsonGraphFileLoader
[INFO] [1783995975.096128085] [route_server]: Configuring geojson graph file loader
[INFO] [1783995975.096152900] [route_server]: No graph file provided to load yet.
[INFO] [1783995975.113270240] [route_server]: Created edge cost function plugin DistanceScorer of type nav2_route::DistanceScorer
[INFO] [1783995975.113361666] [route_server]: Configuring distance scorer.
[INFO] [1783995975.116078311] [route_server]: Created edge cost function plugin CostmapScorer of type nav2_route::CostmapScorer
[INFO] [1783995975.116153145] [route_server]: Configuring costmap scorer.
[INFO] [1783995975.134114137] [route_server]: Created route operation AdjustSpeedLimit of type nav2_route::AdjustSpeedLimit
[INFO] [1783995975.134393139] [route_server]: Configuring Adjust speed limit operation.
[INFO] [1783995975.146240985] [route_server]: Created route operation ReroutingService of type nav2_route::ReroutingService
[INFO] [1783995975.146455320] [route_server]: Configuring Rerouting service operation.
[INFO] [1783995975.155866540] [route_server]: Created route operation CollisionMonitor of type nav2_route::CollisionMonitor
[INFO] [1783995975.156916528] [route_server]: Using costmap topic: local_costmap/costmap_raw instead of server costmap topic: global_costmap/costmap_raw for CollisionMonitor.
[INFO] [1783995979.224605293] [route_server]: Activating
[INFO] [1783995979.224946276] [route_server]: Creating bond (route_server) to lifecycle manager.
[INFO] [1783996406.155971684] [rclcpp]: signal_handler(SIGINT/SIGTERM)
[INFO] [1783996406.156120222] [route_server]: Running Nav2 LifecycleNode rcl preshutdown (route_server)
[INFO] [1783996406.156402890] [route_server]: Deactivating
[INFO] [1783996406.156446317] [route_server]: Destroying bond (route_server) to lifecycle manager.
[INFO] [1783996406.174307456] [route_server]: Cleaning up
[INFO] [1783996406.542573372] [route_server]: Destroying bond (route_server) to lifecycle manager.
