[INFO] [1775796901.343758874] [route_server]: 
	route_server lifecycle node launched. 
	Waiting on external lifecycle transitions to activate
	See https://design.ros2.org/articles/node_lifecycle.html for more information.
[INFO] [1775796904.323555670] [route_server]: Configuring
[INFO] [1775796904.454506302] [route_server]: Created GraphFileLoader GeoJsonGraphFileLoader of type nav2_route::GeoJsonGraphFileLoader
[INFO] [1775796904.454581969] [route_server]: Configuring geojson graph file loader
[INFO] [1775796904.454599636] [route_server]: No graph file provided to load yet.
[INFO] [1775796904.465351365] [route_server]: Created edge cost function plugin DistanceScorer of type nav2_route::DistanceScorer
[INFO] [1775796904.465463551] [route_server]: Configuring distance scorer.
[INFO] [1775796904.467440056] [route_server]: Created edge cost function plugin CostmapScorer of type nav2_route::CostmapScorer
[INFO] [1775796904.467519945] [route_server]: Configuring costmap scorer.
[INFO] [1775796904.479770234] [route_server]: Created route operation AdjustSpeedLimit of type nav2_route::AdjustSpeedLimit
[INFO] [1775796904.479844697] [route_server]: Configuring Adjust speed limit operation.
[INFO] [1775796904.486663436] [route_server]: Created route operation ReroutingService of type nav2_route::ReroutingService
[INFO] [1775796904.486751658] [route_server]: Configuring Rerouting service operation.
[INFO] [1775796904.493652712] [route_server]: Created route operation CollisionMonitor of type nav2_route::CollisionMonitor
[INFO] [1775796904.494051509] [route_server]: Using costmap topic: local_costmap/costmap_raw instead of server costmap topic: global_costmap/costmap_raw for CollisionMonitor.
[INFO] [1775798495.986542776] [rclcpp]: signal_handler(SIGINT/SIGTERM)
[INFO] [1775798495.986653776] [route_server]: Running Nav2 LifecycleNode rcl preshutdown (route_server)
[INFO] [1775798495.986772092] [route_server]: Cleaning up
[INFO] [1775798496.487026585] [route_server]: Destroying bond (route_server) to lifecycle manager.
