[INFO] [1783019000.537277266] [route_server]: 
	route_server lifecycle node launched. 
	Waiting on external lifecycle transitions to activate
	See https://design.ros2.org/articles/node_lifecycle.html for more information.
[INFO] [1783019003.515412930] [route_server]: Configuring
[INFO] [1783019003.718811099] [route_server]: Created GraphFileLoader GeoJsonGraphFileLoader of type nav2_route::GeoJsonGraphFileLoader
[INFO] [1783019003.718905192] [route_server]: Configuring geojson graph file loader
[INFO] [1783019003.718937655] [route_server]: No graph file provided to load yet.
[INFO] [1783019003.736838805] [route_server]: Created edge cost function plugin DistanceScorer of type nav2_route::DistanceScorer
[INFO] [1783019003.736919547] [route_server]: Configuring distance scorer.
[INFO] [1783019003.738452629] [route_server]: Created edge cost function plugin CostmapScorer of type nav2_route::CostmapScorer
[INFO] [1783019003.738517166] [route_server]: Configuring costmap scorer.
[INFO] [1783019003.751313197] [route_server]: Created route operation AdjustSpeedLimit of type nav2_route::AdjustSpeedLimit
[INFO] [1783019003.751386234] [route_server]: Configuring Adjust speed limit operation.
[INFO] [1783019003.760546560] [route_server]: Created route operation ReroutingService of type nav2_route::ReroutingService
[INFO] [1783019003.760636783] [route_server]: Configuring Rerouting service operation.
[INFO] [1783019003.771188339] [route_server]: Created route operation CollisionMonitor of type nav2_route::CollisionMonitor
[INFO] [1783019003.773637519] [route_server]: Using costmap topic: local_costmap/costmap_raw instead of server costmap topic: global_costmap/costmap_raw for CollisionMonitor.
[INFO] [1783019008.108185655] [route_server]: Activating
[INFO] [1783019008.108492434] [route_server]: Creating bond (route_server) to lifecycle manager.
[INFO] [1783019123.760706687] [rclcpp]: signal_handler(SIGINT/SIGTERM)
[INFO] [1783019123.760823762] [route_server]: Running Nav2 LifecycleNode rcl preshutdown (route_server)
[INFO] [1783019123.760924836] [route_server]: Deactivating
[INFO] [1783019123.760959725] [route_server]: Destroying bond (route_server) to lifecycle manager.
[INFO] [1783019123.818265880] [route_server]: Cleaning up
[INFO] [1783019124.342209903] [route_server]: Destroying bond (route_server) to lifecycle manager.
