[INFO] [1785905221.244910823] [route_server]: 
	route_server lifecycle node launched. 
	Waiting on external lifecycle transitions to activate
	See https://design.ros2.org/articles/node_lifecycle.html for more information.
[INFO] [1785905225.061187660] [route_server]: Configuring
[INFO] [1785905225.366184409] [route_server]: Created GraphFileLoader GeoJsonGraphFileLoader of type nav2_route::GeoJsonGraphFileLoader
[INFO] [1785905225.367731750] [route_server]: Configuring geojson graph file loader
[INFO] [1785905225.367882787] [route_server]: No graph file provided to load yet.
[INFO] [1785905225.391303627] [route_server]: Created edge cost function plugin DistanceScorer of type nav2_route::DistanceScorer
[INFO] [1785905225.391373201] [route_server]: Configuring distance scorer.
[INFO] [1785905225.395538981] [route_server]: Created edge cost function plugin CostmapScorer of type nav2_route::CostmapScorer
[INFO] [1785905225.395642260] [route_server]: Configuring costmap scorer.
[INFO] [1785905225.417478387] [route_server]: Created route operation AdjustSpeedLimit of type nav2_route::AdjustSpeedLimit
[INFO] [1785905225.417660851] [route_server]: Configuring Adjust speed limit operation.
[INFO] [1785905225.426816027] [route_server]: Created route operation ReroutingService of type nav2_route::ReroutingService
[INFO] [1785905225.426908416] [route_server]: Configuring Rerouting service operation.
[INFO] [1785905225.436097407] [route_server]: Created route operation CollisionMonitor of type nav2_route::CollisionMonitor
[INFO] [1785905225.437483117] [route_server]: Using costmap topic: local_costmap/costmap_raw instead of server costmap topic: global_costmap/costmap_raw for CollisionMonitor.
[INFO] [1785905230.735364776] [route_server]: Activating
[INFO] [1785905230.735658000] [route_server]: Creating bond (route_server) to lifecycle manager.
[INFO] [1785906164.890405468] [rclcpp]: signal_handler(SIGINT/SIGTERM)
[INFO] [1785906164.892056680] [route_server]: Running Nav2 LifecycleNode rcl preshutdown (route_server)
[INFO] [1785906164.892223199] [route_server]: Deactivating
[INFO] [1785906164.892258977] [route_server]: Destroying bond (route_server) to lifecycle manager.
[INFO] [1785906164.915386983] [route_server]: Cleaning up
[INFO] [1785906165.501135944] [route_server]: Destroying bond (route_server) to lifecycle manager.
