[INFO] [1775784700.389664670] [route_server]: 
	route_server lifecycle node launched. 
	Waiting on external lifecycle transitions to activate
	See https://design.ros2.org/articles/node_lifecycle.html for more information.
[INFO] [1775784703.988189334] [route_server]: Configuring
[INFO] [1775784704.133048588] [route_server]: Created GraphFileLoader GeoJsonGraphFileLoader of type nav2_route::GeoJsonGraphFileLoader
[INFO] [1775784704.133122348] [route_server]: Configuring geojson graph file loader
[INFO] [1775784704.133139348] [route_server]: No graph file provided to load yet.
[INFO] [1775784704.158976294] [route_server]: Created edge cost function plugin DistanceScorer of type nav2_route::DistanceScorer
[INFO] [1775784704.159041035] [route_server]: Configuring distance scorer.
[INFO] [1775784704.164095394] [route_server]: Created edge cost function plugin CostmapScorer of type nav2_route::CostmapScorer
[INFO] [1775784704.164164358] [route_server]: Configuring costmap scorer.
[INFO] [1775784704.203830041] [route_server]: Created route operation AdjustSpeedLimit of type nav2_route::AdjustSpeedLimit
[INFO] [1775784704.203900652] [route_server]: Configuring Adjust speed limit operation.
[INFO] [1775784704.213451664] [route_server]: Created route operation ReroutingService of type nav2_route::ReroutingService
[INFO] [1775784704.213569905] [route_server]: Configuring Rerouting service operation.
[INFO] [1775784704.225694819] [route_server]: Created route operation CollisionMonitor of type nav2_route::CollisionMonitor
[INFO] [1775784704.227759255] [route_server]: Using costmap topic: local_costmap/costmap_raw instead of server costmap topic: global_costmap/costmap_raw for CollisionMonitor.
[INFO] [1775784707.511260502] [route_server]: Activating
[INFO] [1775784707.511515503] [route_server]: Creating bond (route_server) to lifecycle manager.
[INFO] [1775784961.207954598] [rclcpp]: signal_handler(SIGINT/SIGTERM)
[INFO] [1775784961.209657329] [route_server]: Running Nav2 LifecycleNode rcl preshutdown (route_server)
[INFO] [1775784961.209798941] [route_server]: Deactivating
[INFO] [1775784961.209831607] [route_server]: Destroying bond (route_server) to lifecycle manager.
[INFO] [1775784961.251247300] [route_server]: Cleaning up
[INFO] [1775784961.860274602] [route_server]: Destroying bond (route_server) to lifecycle manager.
