[INFO] [1783997467.000747365] [route_server]: 
	route_server lifecycle node launched. 
	Waiting on external lifecycle transitions to activate
	See https://design.ros2.org/articles/node_lifecycle.html for more information.
[INFO] [1783997470.194615467] [route_server]: Configuring
[INFO] [1783997470.379639012] [route_server]: Created GraphFileLoader GeoJsonGraphFileLoader of type nav2_route::GeoJsonGraphFileLoader
[INFO] [1783997470.379730012] [route_server]: Configuring geojson graph file loader
[INFO] [1783997470.379749234] [route_server]: No graph file provided to load yet.
[INFO] [1783997470.389463198] [route_server]: Created edge cost function plugin DistanceScorer of type nav2_route::DistanceScorer
[INFO] [1783997470.389557939] [route_server]: Configuring distance scorer.
[INFO] [1783997470.391498617] [route_server]: Created edge cost function plugin CostmapScorer of type nav2_route::CostmapScorer
[INFO] [1783997470.391570765] [route_server]: Configuring costmap scorer.
[INFO] [1783997470.399412644] [route_server]: Created route operation AdjustSpeedLimit of type nav2_route::AdjustSpeedLimit
[INFO] [1783997470.399508163] [route_server]: Configuring Adjust speed limit operation.
[INFO] [1783997470.406103127] [route_server]: Created route operation ReroutingService of type nav2_route::ReroutingService
[INFO] [1783997470.406762501] [route_server]: Configuring Rerouting service operation.
[INFO] [1783997470.412061698] [route_server]: Created route operation CollisionMonitor of type nav2_route::CollisionMonitor
[INFO] [1783997470.412324773] [route_server]: Using costmap topic: local_costmap/costmap_raw instead of server costmap topic: global_costmap/costmap_raw for CollisionMonitor.
[INFO] [1783997474.564669288] [route_server]: Activating
[INFO] [1783997474.565675849] [route_server]: Creating bond (route_server) to lifecycle manager.
[INFO] [1783997542.460023623] [rclcpp]: signal_handler(SIGINT/SIGTERM)
[INFO] [1783997542.460192012] [route_server]: Running Nav2 LifecycleNode rcl preshutdown (route_server)
[INFO] [1783997542.460329106] [route_server]: Deactivating
[INFO] [1783997542.460372736] [route_server]: Destroying bond (route_server) to lifecycle manager.
[INFO] [1783997542.483363125] [route_server]: Cleaning up
[INFO] [1783997542.959703361] [route_server]: Destroying bond (route_server) to lifecycle manager.
