[INFO] [1782878534.568250540] [route_server]: 
	route_server lifecycle node launched. 
	Waiting on external lifecycle transitions to activate
	See https://design.ros2.org/articles/node_lifecycle.html for more information.
[INFO] [1782878538.135356765] [route_server]: Configuring
[INFO] [1782878538.398236766] [route_server]: Created GraphFileLoader GeoJsonGraphFileLoader of type nav2_route::GeoJsonGraphFileLoader
[INFO] [1782878538.399472903] [route_server]: Configuring geojson graph file loader
[INFO] [1782878538.399600218] [route_server]: No graph file provided to load yet.
[INFO] [1782878538.445290646] [route_server]: Created edge cost function plugin DistanceScorer of type nav2_route::DistanceScorer
[INFO] [1782878538.445388443] [route_server]: Configuring distance scorer.
[INFO] [1782878538.453231710] [route_server]: Created edge cost function plugin CostmapScorer of type nav2_route::CostmapScorer
[INFO] [1782878538.453321747] [route_server]: Configuring costmap scorer.
[INFO] [1782878538.534770713] [route_server]: Created route operation AdjustSpeedLimit of type nav2_route::AdjustSpeedLimit
[INFO] [1782878538.534882361] [route_server]: Configuring Adjust speed limit operation.
[INFO] [1782878538.546627836] [route_server]: Created route operation ReroutingService of type nav2_route::ReroutingService
[INFO] [1782878538.546718114] [route_server]: Configuring Rerouting service operation.
[INFO] [1782878538.563722397] [route_server]: Created route operation CollisionMonitor of type nav2_route::CollisionMonitor
[INFO] [1782878538.566945822] [route_server]: Using costmap topic: local_costmap/costmap_raw instead of server costmap topic: global_costmap/costmap_raw for CollisionMonitor.
[INFO] [1782878543.813599639] [route_server]: Activating
[INFO] [1782878543.813878567] [route_server]: Creating bond (route_server) to lifecycle manager.
[INFO] [1782878621.811014570] [rclcpp]: signal_handler(SIGINT/SIGTERM)
[INFO] [1782878621.811133590] [route_server]: Running Nav2 LifecycleNode rcl preshutdown (route_server)
[INFO] [1782878621.812405726] [route_server]: Deactivating
[INFO] [1782878621.812464023] [route_server]: Destroying bond (route_server) to lifecycle manager.
[INFO] [1782878621.967984911] [route_server]: Cleaning up
[INFO] [1782878622.709522202] [route_server]: Destroying bond (route_server) to lifecycle manager.
