[INFO] [1785294155.036653261] [route_server]: 
	route_server lifecycle node launched. 
	Waiting on external lifecycle transitions to activate
	See https://design.ros2.org/articles/node_lifecycle.html for more information.
[INFO] [1785294158.930377778] [route_server]: Configuring
[INFO] [1785294159.115059161] [route_server]: Created GraphFileLoader GeoJsonGraphFileLoader of type nav2_route::GeoJsonGraphFileLoader
[INFO] [1785294159.115146958] [route_server]: Configuring geojson graph file loader
[INFO] [1785294159.115171643] [route_server]: No graph file provided to load yet.
[INFO] [1785294159.145651496] [route_server]: Created edge cost function plugin DistanceScorer of type nav2_route::DistanceScorer
[INFO] [1785294159.146111980] [route_server]: Configuring distance scorer.
[INFO] [1785294159.152827405] [route_server]: Created edge cost function plugin CostmapScorer of type nav2_route::CostmapScorer
[INFO] [1785294159.155372364] [route_server]: Configuring costmap scorer.
[INFO] [1785294159.210037015] [route_server]: Created route operation AdjustSpeedLimit of type nav2_route::AdjustSpeedLimit
[INFO] [1785294159.210475147] [route_server]: Configuring Adjust speed limit operation.
[INFO] [1785294159.229620289] [route_server]: Created route operation ReroutingService of type nav2_route::ReroutingService
[INFO] [1785294159.229755716] [route_server]: Configuring Rerouting service operation.
[INFO] [1785294159.248377355] [route_server]: Created route operation CollisionMonitor of type nav2_route::CollisionMonitor
[INFO] [1785294159.251479168] [route_server]: Using costmap topic: local_costmap/costmap_raw instead of server costmap topic: global_costmap/costmap_raw for CollisionMonitor.
[INFO] [1785294164.542754942] [route_server]: Activating
[INFO] [1785294164.543019591] [route_server]: Creating bond (route_server) to lifecycle manager.
[INFO] [1785294499.123770274] [rclcpp]: signal_handler(SIGINT/SIGTERM)
[INFO] [1785294499.124229298] [route_server]: Running Nav2 LifecycleNode rcl preshutdown (route_server)
[INFO] [1785294499.124333799] [route_server]: Deactivating
[INFO] [1785294499.124365762] [route_server]: Destroying bond (route_server) to lifecycle manager.
[INFO] [1785294499.155674591] [route_server]: Cleaning up
[INFO] [1785294499.661761136] [route_server]: Destroying bond (route_server) to lifecycle manager.
