[INFO] [1784005177.577608690] [route_server]: 
	route_server lifecycle node launched. 
	Waiting on external lifecycle transitions to activate
	See https://design.ros2.org/articles/node_lifecycle.html for more information.
[INFO] [1784005180.198720781] [route_server]: Configuring
[INFO] [1784005180.364990766] [route_server]: Created GraphFileLoader GeoJsonGraphFileLoader of type nav2_route::GeoJsonGraphFileLoader
[INFO] [1784005180.365089970] [route_server]: Configuring geojson graph file loader
[INFO] [1784005180.365114600] [route_server]: No graph file provided to load yet.
[INFO] [1784005180.384661859] [route_server]: Created edge cost function plugin DistanceScorer of type nav2_route::DistanceScorer
[INFO] [1784005180.385423456] [route_server]: Configuring distance scorer.
[INFO] [1784005180.390735135] [route_server]: Created edge cost function plugin CostmapScorer of type nav2_route::CostmapScorer
[INFO] [1784005180.390818376] [route_server]: Configuring costmap scorer.
[INFO] [1784005180.411148195] [route_server]: Created route operation AdjustSpeedLimit of type nav2_route::AdjustSpeedLimit
[INFO] [1784005180.411242159] [route_server]: Configuring Adjust speed limit operation.
[INFO] [1784005180.416706634] [route_server]: Created route operation ReroutingService of type nav2_route::ReroutingService
[INFO] [1784005180.416776950] [route_server]: Configuring Rerouting service operation.
[INFO] [1784005180.431334070] [route_server]: Created route operation CollisionMonitor of type nav2_route::CollisionMonitor
[INFO] [1784005180.433479415] [route_server]: Using costmap topic: local_costmap/costmap_raw instead of server costmap topic: global_costmap/costmap_raw for CollisionMonitor.
[INFO] [1784005184.672812435] [route_server]: Activating
[INFO] [1784005184.673406123] [route_server]: Creating bond (route_server) to lifecycle manager.
[INFO] [1784006157.192025985] [route_server]: Deactivating
[INFO] [1784006157.192111486] [route_server]: Destroying bond (route_server) to lifecycle manager.
[INFO] [1784006940.747458090] [rclcpp]: signal_handler(SIGINT/SIGTERM)
[INFO] [1784006940.749023710] [route_server]: Running Nav2 LifecycleNode rcl preshutdown (route_server)
[INFO] [1784006940.749169822] [route_server]: Cleaning up
[INFO] [1784006941.080326840] [route_server]: Destroying bond (route_server) to lifecycle manager.
