[INFO] [1783555470.298531881] [smoother_server]: 
	smoother_server lifecycle node launched. 
	Waiting on external lifecycle transitions to activate
	See https://design.ros2.org/articles/node_lifecycle.html for more information.
[INFO] [1783555470.303409575] [smoother_server]: Creating smoother server
[INFO] [1783555472.114062889] [smoother_server]: Configuring smoother server
[INFO] [1783555472.220206747] [smoother_server]: Created smoother : simple_smoother of type nav2_smoother::SimpleSmoother
[INFO] [1783555472.228874685] [smoother_server]: Smoother Server has simple_smoother  smoothers available.
[INFO] [1783555475.007810594] [smoother_server]: Activating
[INFO] [1783555475.007865298] [smoother_server]: Creating bond (smoother_server) to lifecycle manager.
[WARN] [1783555918.791485755] []: TF_OLD_DATA ignoring data from the past for frame front_left_wheel at time 1783555907.358749 according to authority Authority undetectable
Possible reasons are listed at http://wiki.ros.org/tf/Errors%20explained
[WARN] [1783555918.791562978] []: TF_OLD_DATA ignoring data from the past for frame front_right_wheel at time 1783555907.358749 according to authority Authority undetectable
Possible reasons are listed at http://wiki.ros.org/tf/Errors%20explained
[WARN] [1783555918.791573607] []: TF_OLD_DATA ignoring data from the past for frame rear_left_wheel at time 1783555907.358749 according to authority Authority undetectable
Possible reasons are listed at http://wiki.ros.org/tf/Errors%20explained
[WARN] [1783555918.791582089] []: TF_OLD_DATA ignoring data from the past for frame rear_right_wheel at time 1783555907.358749 according to authority Authority undetectable
Possible reasons are listed at http://wiki.ros.org/tf/Errors%20explained
[INFO] [1783565898.767871924] [rclcpp]: signal_handler(SIGINT/SIGTERM)
[INFO] [1783565898.768014165] [smoother_server]: Running Nav2 LifecycleNode rcl preshutdown (smoother_server)
[INFO] [1783565898.771347961] [smoother_server]: Deactivating
[INFO] [1783565898.771426943] [smoother_server]: Destroying bond (smoother_server) to lifecycle manager.
[INFO] [1783565898.798365273] [smoother_server]: Cleaning up
[INFO] [1783565899.020375508] [smoother_server]: Destroying bond (smoother_server) to lifecycle manager.
