[INFO] [1784075116.117297730] [smoother_server]: 
	smoother_server lifecycle node launched. 
	Waiting on external lifecycle transitions to activate
	See https://design.ros2.org/articles/node_lifecycle.html for more information.
[INFO] [1784075116.121291047] [smoother_server]: Creating smoother server
[INFO] [1784075118.403691795] [smoother_server]: Configuring smoother server
[INFO] [1784075118.487484693] [smoother_server]: Created smoother : simple_smoother of type nav2_smoother::SimpleSmoother
[INFO] [1784075118.489005682] [smoother_server]: Smoother Server has simple_smoother  smoothers available.
[INFO] [1784075121.331436835] [smoother_server]: Activating
[INFO] [1784075121.331519298] [smoother_server]: Creating bond (smoother_server) to lifecycle manager.
[INFO] [1784075451.573967209] [smoother_server]: Deactivating
[INFO] [1784075451.574075858] [smoother_server]: Destroying bond (smoother_server) to lifecycle manager.
[INFO] [1784075455.578070814] [smoother_server]: Cleaning up
[INFO] [1784075457.455877854] [smoother_server]: Configuring smoother server
[INFO] [1784075457.479626482] [smoother_server]: Created smoother : simple_smoother of type nav2_smoother::SimpleSmoother
[INFO] [1784075457.479716742] [smoother_server]: Smoother Server has simple_smoother simple_smoother  smoothers available.
[INFO] [1784075461.251273917] [smoother_server]: Activating
[INFO] [1784075461.251348565] [smoother_server]: Creating bond (smoother_server) to lifecycle manager.
[WARN] [1784075759.408175723] []: TF_OLD_DATA ignoring data from the past for frame front_left_wheel at time 1784075729.494516 according to authority Authority undetectable
Possible reasons are listed at http://wiki.ros.org/tf/Errors%20explained
[WARN] [1784075759.408266797] []: TF_OLD_DATA ignoring data from the past for frame front_right_wheel at time 1784075729.494516 according to authority Authority undetectable
Possible reasons are listed at http://wiki.ros.org/tf/Errors%20explained
[WARN] [1784075759.408280686] []: TF_OLD_DATA ignoring data from the past for frame rear_left_wheel at time 1784075729.494516 according to authority Authority undetectable
Possible reasons are listed at http://wiki.ros.org/tf/Errors%20explained
[WARN] [1784075759.408290927] []: TF_OLD_DATA ignoring data from the past for frame rear_right_wheel at time 1784075729.494516 according to authority Authority undetectable
Possible reasons are listed at http://wiki.ros.org/tf/Errors%20explained
[WARN] [1784075759.408361224] []: TF_OLD_DATA ignoring data from the past for frame front_left_wheel at time 1784075729.694494 according to authority Authority undetectable
Possible reasons are listed at http://wiki.ros.org/tf/Errors%20explained
[WARN] [1784075759.408378353] []: TF_OLD_DATA ignoring data from the past for frame front_right_wheel at time 1784075729.694494 according to authority Authority undetectable
Possible reasons are listed at http://wiki.ros.org/tf/Errors%20explained
[WARN] [1784075759.408387853] []: TF_OLD_DATA ignoring data from the past for frame rear_left_wheel at time 1784075729.694494 according to authority Authority undetectable
Possible reasons are listed at http://wiki.ros.org/tf/Errors%20explained
[WARN] [1784075759.408396835] []: TF_OLD_DATA ignoring data from the past for frame rear_right_wheel at time 1784075729.694494 according to authority Authority undetectable
Possible reasons are listed at http://wiki.ros.org/tf/Errors%20explained
[WARN] [1784075767.691141373] []: TF_OLD_DATA ignoring data from the past for frame front_left_wheel at time 1784075729.894503 according to authority Authority undetectable
Possible reasons are listed at http://wiki.ros.org/tf/Errors%20explained
[WARN] [1784075767.691197281] []: TF_OLD_DATA ignoring data from the past for frame front_right_wheel at time 1784075729.894503 according to authority Authority undetectable
Possible reasons are listed at http://wiki.ros.org/tf/Errors%20explained
[WARN] [1784075767.691208688] []: TF_OLD_DATA ignoring data from the past for frame rear_left_wheel at time 1784075729.894503 according to authority Authority undetectable
Possible reasons are listed at http://wiki.ros.org/tf/Errors%20explained
[WARN] [1784075767.691217855] []: TF_OLD_DATA ignoring data from the past for frame rear_right_wheel at time 1784075729.894503 according to authority Authority undetectable
Possible reasons are listed at http://wiki.ros.org/tf/Errors%20explained
[WARN] [1784075767.691269448] []: TF_OLD_DATA ignoring data from the past for frame front_left_wheel at time 1784075729.994528 according to authority Authority undetectable
Possible reasons are listed at http://wiki.ros.org/tf/Errors%20explained
[WARN] [1784075767.691286059] []: TF_OLD_DATA ignoring data from the past for frame front_right_wheel at time 1784075729.994528 according to authority Authority undetectable
Possible reasons are listed at http://wiki.ros.org/tf/Errors%20explained
[WARN] [1784075767.691294966] []: TF_OLD_DATA ignoring data from the past for frame rear_left_wheel at time 1784075729.994528 according to authority Authority undetectable
Possible reasons are listed at http://wiki.ros.org/tf/Errors%20explained
[WARN] [1784075767.691303355] []: TF_OLD_DATA ignoring data from the past for frame rear_right_wheel at time 1784075729.994528 according to authority Authority undetectable
Possible reasons are listed at http://wiki.ros.org/tf/Errors%20explained
[WARN] [1784075778.535626641] []: TF_OLD_DATA ignoring data from the past for frame front_left_wheel at time 1784075730.094472 according to authority Authority undetectable
Possible reasons are listed at http://wiki.ros.org/tf/Errors%20explained
[WARN] [1784075778.535688956] []: TF_OLD_DATA ignoring data from the past for frame front_right_wheel at time 1784075730.094472 according to authority Authority undetectable
Possible reasons are listed at http://wiki.ros.org/tf/Errors%20explained
[WARN] [1784075778.535710530] []: TF_OLD_DATA ignoring data from the past for frame rear_left_wheel at time 1784075730.094472 according to authority Authority undetectable
Possible reasons are listed at http://wiki.ros.org/tf/Errors%20explained
[WARN] [1784075778.536339274] []: TF_OLD_DATA ignoring data from the past for frame rear_right_wheel at time 1784075730.094472 according to authority Authority undetectable
Possible reasons are listed at http://wiki.ros.org/tf/Errors%20explained
[WARN] [1784075778.537148556] []: TF_OLD_DATA ignoring data from the past for frame front_left_wheel at time 1784075730.194479 according to authority Authority undetectable
Possible reasons are listed at http://wiki.ros.org/tf/Errors%20explained
[WARN] [1784075778.537254760] []: TF_OLD_DATA ignoring data from the past for frame front_right_wheel at time 1784075730.194479 according to authority Authority undetectable
Possible reasons are listed at http://wiki.ros.org/tf/Errors%20explained
[WARN] [1784075778.537269705] []: TF_OLD_DATA ignoring data from the past for frame rear_left_wheel at time 1784075730.194479 according to authority Authority undetectable
Possible reasons are listed at http://wiki.ros.org/tf/Errors%20explained
[WARN] [1784075778.537279353] []: TF_OLD_DATA ignoring data from the past for frame rear_right_wheel at time 1784075730.194479 according to authority Authority undetectable
Possible reasons are listed at http://wiki.ros.org/tf/Errors%20explained
[WARN] [1784075778.537353002] []: TF_OLD_DATA ignoring data from the past for frame front_left_wheel at time 1784075730.494497 according to authority Authority undetectable
Possible reasons are listed at http://wiki.ros.org/tf/Errors%20explained
[WARN] [1784075778.537374576] []: TF_OLD_DATA ignoring data from the past for frame front_right_wheel at time 1784075730.494497 according to authority Authority undetectable
Possible reasons are listed at http://wiki.ros.org/tf/Errors%20explained
[WARN] [1784075778.537384891] []: TF_OLD_DATA ignoring data from the past for frame rear_left_wheel at time 1784075730.494497 according to authority Authority undetectable
Possible reasons are listed at http://wiki.ros.org/tf/Errors%20explained
[WARN] [1784075778.537394261] []: TF_OLD_DATA ignoring data from the past for frame rear_right_wheel at time 1784075730.494497 according to authority Authority undetectable
Possible reasons are listed at http://wiki.ros.org/tf/Errors%20explained
[WARN] [1784075778.537430261] []: TF_OLD_DATA ignoring data from the past for frame front_left_wheel at time 1784075730.594841 according to authority Authority undetectable
Possible reasons are listed at http://wiki.ros.org/tf/Errors%20explained
[WARN] [1784075778.537445724] []: TF_OLD_DATA ignoring data from the past for frame front_right_wheel at time 1784075730.594841 according to authority Authority undetectable
Possible reasons are listed at http://wiki.ros.org/tf/Errors%20explained
[WARN] [1784075778.537455187] []: TF_OLD_DATA ignoring data from the past for frame rear_left_wheel at time 1784075730.594841 according to authority Authority undetectable
Possible reasons are listed at http://wiki.ros.org/tf/Errors%20explained
[WARN] [1784075778.537464336] []: TF_OLD_DATA ignoring data from the past for frame rear_right_wheel at time 1784075730.594841 according to authority Authority undetectable
Possible reasons are listed at http://wiki.ros.org/tf/Errors%20explained
[WARN] [1784075778.537500817] []: TF_OLD_DATA ignoring data from the past for frame front_left_wheel at time 1784075730.694484 according to authority Authority undetectable
Possible reasons are listed at http://wiki.ros.org/tf/Errors%20explained
[WARN] [1784075778.537587133] []: TF_OLD_DATA ignoring data from the past for frame front_right_wheel at time 1784075730.694484 according to authority Authority undetectable
Possible reasons are listed at http://wiki.ros.org/tf/Errors%20explained
[WARN] [1784075778.537603207] []: TF_OLD_DATA ignoring data from the past for frame rear_left_wheel at time 1784075730.694484 according to authority Authority undetectable
Possible reasons are listed at http://wiki.ros.org/tf/Errors%20explained
[WARN] [1784075778.537612614] []: TF_OLD_DATA ignoring data from the past for frame rear_right_wheel at time 1784075730.694484 according to authority Authority undetectable
Possible reasons are listed at http://wiki.ros.org/tf/Errors%20explained
[WARN] [1784075778.537929764] []: TF_OLD_DATA ignoring data from the past for frame front_left_wheel at time 1784075730.894485 according to authority Authority undetectable
Possible reasons are listed at http://wiki.ros.org/tf/Errors%20explained
[WARN] [1784075778.537957394] []: TF_OLD_DATA ignoring data from the past for frame front_right_wheel at time 1784075730.894485 according to authority Authority undetectable
Possible reasons are listed at http://wiki.ros.org/tf/Errors%20explained
[WARN] [1784075778.537967801] []: TF_OLD_DATA ignoring data from the past for frame rear_left_wheel at time 1784075730.894485 according to authority Authority undetectable
Possible reasons are listed at http://wiki.ros.org/tf/Errors%20explained
[WARN] [1784075778.537977450] []: TF_OLD_DATA ignoring data from the past for frame rear_right_wheel at time 1784075730.894485 according to authority Authority undetectable
Possible reasons are listed at http://wiki.ros.org/tf/Errors%20explained
[WARN] [1784075778.538017746] []: TF_OLD_DATA ignoring data from the past for frame front_left_wheel at time 1784075730.994653 according to authority Authority undetectable
Possible reasons are listed at http://wiki.ros.org/tf/Errors%20explained
[WARN] [1784075778.538037857] []: TF_OLD_DATA ignoring data from the past for frame front_right_wheel at time 1784075730.994653 according to authority Authority undetectable
Possible reasons are listed at http://wiki.ros.org/tf/Errors%20explained
[WARN] [1784075778.538266136] []: TF_OLD_DATA ignoring data from the past for frame rear_left_wheel at time 1784075730.994653 according to authority Authority undetectable
Possible reasons are listed at http://wiki.ros.org/tf/Errors%20explained
[WARN] [1784075778.538277692] []: TF_OLD_DATA ignoring data from the past for frame rear_right_wheel at time 1784075730.994653 according to authority Authority undetectable
Possible reasons are listed at http://wiki.ros.org/tf/Errors%20explained
[WARN] [1784075778.538356878] []: TF_OLD_DATA ignoring data from the past for frame front_left_wheel at time 1784075731.094495 according to authority Authority undetectable
Possible reasons are listed at http://wiki.ros.org/tf/Errors%20explained
[WARN] [1784075778.538375970] []: TF_OLD_DATA ignoring data from the past for frame front_right_wheel at time 1784075731.094495 according to authority Authority undetectable
Possible reasons are listed at http://wiki.ros.org/tf/Errors%20explained
[WARN] [1784075778.538385452] []: TF_OLD_DATA ignoring data from the past for frame rear_left_wheel at time 1784075731.094495 according to authority Authority undetectable
Possible reasons are listed at http://wiki.ros.org/tf/Errors%20explained
[WARN] [1784075778.538394267] []: TF_OLD_DATA ignoring data from the past for frame rear_right_wheel at time 1784075731.094495 according to authority Authority undetectable
Possible reasons are listed at http://wiki.ros.org/tf/Errors%20explained
[WARN] [1784075778.538433267] []: TF_OLD_DATA ignoring data from the past for frame front_left_wheel at time 1784075731.194478 according to authority Authority undetectable
Possible reasons are listed at http://wiki.ros.org/tf/Errors%20explained
[WARN] [1784075778.538450878] []: TF_OLD_DATA ignoring data from the past for frame front_right_wheel at time 1784075731.194478 according to authority Authority undetectable
Possible reasons are listed at http://wiki.ros.org/tf/Errors%20explained
[WARN] [1784075778.538516397] []: TF_OLD_DATA ignoring data from the past for frame rear_left_wheel at time 1784075731.194478 according to authority Authority undetectable
Possible reasons are listed at http://wiki.ros.org/tf/Errors%20explained
[WARN] [1784075778.538530027] []: TF_OLD_DATA ignoring data from the past for frame rear_right_wheel at time 1784075731.194478 according to authority Authority undetectable
Possible reasons are listed at http://wiki.ros.org/tf/Errors%20explained
[WARN] [1784075778.538571749] []: TF_OLD_DATA ignoring data from the past for frame front_left_wheel at time 1784075731.294523 according to authority Authority undetectable
Possible reasons are listed at http://wiki.ros.org/tf/Errors%20explained
[WARN] [1784075778.538589101] []: TF_OLD_DATA ignoring data from the past for frame front_right_wheel at time 1784075731.294523 according to authority Authority undetectable
Possible reasons are listed at http://wiki.ros.org/tf/Errors%20explained
[WARN] [1784075778.538600083] []: TF_OLD_DATA ignoring data from the past for frame rear_left_wheel at time 1784075731.294523 according to authority Authority undetectable
Possible reasons are listed at http://wiki.ros.org/tf/Errors%20explained
[WARN] [1784075778.538610860] []: TF_OLD_DATA ignoring data from the past for frame rear_right_wheel at time 1784075731.294523 according to authority Authority undetectable
Possible reasons are listed at http://wiki.ros.org/tf/Errors%20explained
[WARN] [1784075778.538643509] []: TF_OLD_DATA ignoring data from the past for frame front_left_wheel at time 1784075731.394506 according to authority Authority undetectable
Possible reasons are listed at http://wiki.ros.org/tf/Errors%20explained
[WARN] [1784075778.538658268] []: TF_OLD_DATA ignoring data from the past for frame front_right_wheel at time 1784075731.394506 according to authority Authority undetectable
Possible reasons are listed at http://wiki.ros.org/tf/Errors%20explained
[WARN] [1784075778.538667361] []: TF_OLD_DATA ignoring data from the past for frame rear_left_wheel at time 1784075731.394506 according to authority Authority undetectable
Possible reasons are listed at http://wiki.ros.org/tf/Errors%20explained
[WARN] [1784075778.538676120] []: TF_OLD_DATA ignoring data from the past for frame rear_right_wheel at time 1784075731.394506 according to authority Authority undetectable
Possible reasons are listed at http://wiki.ros.org/tf/Errors%20explained
[WARN] [1784075778.538711583] []: TF_OLD_DATA ignoring data from the past for frame front_left_wheel at time 1784075731.494529 according to authority Authority undetectable
Possible reasons are listed at http://wiki.ros.org/tf/Errors%20explained
[WARN] [1784075778.538734361] []: TF_OLD_DATA ignoring data from the past for frame front_right_wheel at time 1784075731.494529 according to authority Authority undetectable
Possible reasons are listed at http://wiki.ros.org/tf/Errors%20explained
[WARN] [1784075778.538748361] []: TF_OLD_DATA ignoring data from the past for frame rear_left_wheel at time 1784075731.494529 according to authority Authority undetectable
Possible reasons are listed at http://wiki.ros.org/tf/Errors%20explained
[WARN] [1784075778.538758639] []: TF_OLD_DATA ignoring data from the past for frame rear_right_wheel at time 1784075731.494529 according to authority Authority undetectable
Possible reasons are listed at http://wiki.ros.org/tf/Errors%20explained
[WARN] [1784075778.538830806] []: TF_OLD_DATA ignoring data from the past for frame front_left_wheel at time 1784075731.594486 according to authority Authority undetectable
Possible reasons are listed at http://wiki.ros.org/tf/Errors%20explained
[WARN] [1784075778.538849417] []: TF_OLD_DATA ignoring data from the past for frame front_right_wheel at time 1784075731.594486 according to authority Authority undetectable
Possible reasons are listed at http://wiki.ros.org/tf/Errors%20explained
[WARN] [1784075778.538884621] []: TF_OLD_DATA ignoring data from the past for frame rear_left_wheel at time 1784075731.594486 according to authority Authority undetectable
Possible reasons are listed at http://wiki.ros.org/tf/Errors%20explained
[WARN] [1784075778.538897288] []: TF_OLD_DATA ignoring data from the past for frame rear_right_wheel at time 1784075731.594486 according to authority Authority undetectable
Possible reasons are listed at http://wiki.ros.org/tf/Errors%20explained
[WARN] [1784075778.538930992] []: TF_OLD_DATA ignoring data from the past for frame front_left_wheel at time 1784075731.894451 according to authority Authority undetectable
Possible reasons are listed at http://wiki.ros.org/tf/Errors%20explained
[WARN] [1784075778.538945825] []: TF_OLD_DATA ignoring data from the past for frame front_right_wheel at time 1784075731.894451 according to authority Authority undetectable
Possible reasons are listed at http://wiki.ros.org/tf/Errors%20explained
[WARN] [1784075778.538954714] []: TF_OLD_DATA ignoring data from the past for frame rear_left_wheel at time 1784075731.894451 according to authority Authority undetectable
Possible reasons are listed at http://wiki.ros.org/tf/Errors%20explained
[WARN] [1784075778.538963233] []: TF_OLD_DATA ignoring data from the past for frame rear_right_wheel at time 1784075731.894451 according to authority Authority undetectable
Possible reasons are listed at http://wiki.ros.org/tf/Errors%20explained
[WARN] [1784075778.538990233] []: TF_OLD_DATA ignoring data from the past for frame front_left_wheel at time 1784075731.994761 according to authority Authority undetectable
Possible reasons are listed at http://wiki.ros.org/tf/Errors%20explained
[WARN] [1784075778.539005214] []: TF_OLD_DATA ignoring data from the past for frame front_right_wheel at time 1784075731.994761 according to authority Authority undetectable
Possible reasons are listed at http://wiki.ros.org/tf/Errors%20explained
[WARN] [1784075778.539014566] []: TF_OLD_DATA ignoring data from the past for frame rear_left_wheel at time 1784075731.994761 according to authority Authority undetectable
Possible reasons are listed at http://wiki.ros.org/tf/Errors%20explained
[WARN] [1784075778.539023270] []: TF_OLD_DATA ignoring data from the past for frame rear_right_wheel at time 1784075731.994761 according to authority Authority undetectable
Possible reasons are listed at http://wiki.ros.org/tf/Errors%20explained
[WARN] [1784075778.539051696] []: TF_OLD_DATA ignoring data from the past for frame front_left_wheel at time 1784075732.094482 according to authority Authority undetectable
Possible reasons are listed at http://wiki.ros.org/tf/Errors%20explained
[WARN] [1784075778.539065400] []: TF_OLD_DATA ignoring data from the past for frame front_right_wheel at time 1784075732.094482 according to authority Authority undetectable
Possible reasons are listed at http://wiki.ros.org/tf/Errors%20explained
[WARN] [1784075778.539073715] []: TF_OLD_DATA ignoring data from the past for frame rear_left_wheel at time 1784075732.094482 according to authority Authority undetectable
Possible reasons are listed at http://wiki.ros.org/tf/Errors%20explained
[WARN] [1784075778.539081752] []: TF_OLD_DATA ignoring data from the past for frame rear_right_wheel at time 1784075732.094482 according to authority Authority undetectable
Possible reasons are listed at http://wiki.ros.org/tf/Errors%20explained
[WARN] [1784075778.539108937] []: TF_OLD_DATA ignoring data from the past for frame front_left_wheel at time 1784075732.394483 according to authority Authority undetectable
Possible reasons are listed at http://wiki.ros.org/tf/Errors%20explained
[WARN] [1784075778.539122678] []: TF_OLD_DATA ignoring data from the past for frame front_right_wheel at time 1784075732.394483 according to authority Authority undetectable
Possible reasons are listed at http://wiki.ros.org/tf/Errors%20explained
[WARN] [1784075778.539130734] []: TF_OLD_DATA ignoring data from the past for frame rear_left_wheel at time 1784075732.394483 according to authority Authority undetectable
Possible reasons are listed at http://wiki.ros.org/tf/Errors%20explained
[WARN] [1784075778.539154697] []: TF_OLD_DATA ignoring data from the past for frame rear_right_wheel at time 1784075732.394483 according to authority Authority undetectable
Possible reasons are listed at http://wiki.ros.org/tf/Errors%20explained
[WARN] [1784075778.539185752] []: TF_OLD_DATA ignoring data from the past for frame front_left_wheel at time 1784075732.494467 according to authority Authority undetectable
Possible reasons are listed at http://wiki.ros.org/tf/Errors%20explained
[WARN] [1784075778.539199030] []: TF_OLD_DATA ignoring data from the past for frame front_right_wheel at time 1784075732.494467 according to authority Authority undetectable
Possible reasons are listed at http://wiki.ros.org/tf/Errors%20explained
[WARN] [1784075778.539207049] []: TF_OLD_DATA ignoring data from the past for frame rear_left_wheel at time 1784075732.494467 according to authority Authority undetectable
Possible reasons are listed at http://wiki.ros.org/tf/Errors%20explained
[WARN] [1784075778.539217475] []: TF_OLD_DATA ignoring data from the past for frame rear_right_wheel at time 1784075732.494467 according to authority Authority undetectable
Possible reasons are listed at http://wiki.ros.org/tf/Errors%20explained
[WARN] [1784075778.539279457] []: TF_OLD_DATA ignoring data from the past for frame front_left_wheel at time 1784075732.594478 according to authority Authority undetectable
Possible reasons are listed at http://wiki.ros.org/tf/Errors%20explained
[WARN] [1784075778.539302253] []: TF_OLD_DATA ignoring data from the past for frame front_right_wheel at time 1784075732.594478 according to authority Authority undetectable
Possible reasons are listed at http://wiki.ros.org/tf/Errors%20explained
[WARN] [1784075778.539337235] []: TF_OLD_DATA ignoring data from the past for frame rear_left_wheel at time 1784075732.594478 according to authority Authority undetectable
Possible reasons are listed at http://wiki.ros.org/tf/Errors%20explained
[WARN] [1784075778.539346512] []: TF_OLD_DATA ignoring data from the past for frame rear_right_wheel at time 1784075732.594478 according to authority Authority undetectable
Possible reasons are listed at http://wiki.ros.org/tf/Errors%20explained
[WARN] [1784075778.539380772] []: TF_OLD_DATA ignoring data from the past for frame front_left_wheel at time 1784075732.694478 according to authority Authority undetectable
Possible reasons are listed at http://wiki.ros.org/tf/Errors%20explained
[WARN] [1784075778.539391994] []: TF_OLD_DATA ignoring data from the past for frame front_right_wheel at time 1784075732.694478 according to authority Authority undetectable
Possible reasons are listed at http://wiki.ros.org/tf/Errors%20explained
[WARN] [1784075778.539401309] []: TF_OLD_DATA ignoring data from the past for frame rear_left_wheel at time 1784075732.694478 according to authority Authority undetectable
Possible reasons are listed at http://wiki.ros.org/tf/Errors%20explained
[WARN] [1784075778.539408957] []: TF_OLD_DATA ignoring data from the past for frame rear_right_wheel at time 1784075732.694478 according to authority Authority undetectable
Possible reasons are listed at http://wiki.ros.org/tf/Errors%20explained
[WARN] [1784075778.539470106] []: TF_OLD_DATA ignoring data from the past for frame front_left_wheel at time 1784075732.894464 according to authority Authority undetectable
Possible reasons are listed at http://wiki.ros.org/tf/Errors%20explained
[WARN] [1784075778.539492884] []: TF_OLD_DATA ignoring data from the past for frame front_right_wheel at time 1784075732.894464 according to authority Authority undetectable
Possible reasons are listed at http://wiki.ros.org/tf/Errors%20explained
[WARN] [1784075778.539500791] []: TF_OLD_DATA ignoring data from the past for frame rear_left_wheel at time 1784075732.894464 according to authority Authority undetectable
Possible reasons are listed at http://wiki.ros.org/tf/Errors%20explained
[WARN] [1784075778.539508569] []: TF_OLD_DATA ignoring data from the past for frame rear_right_wheel at time 1784075732.894464 according to authority Authority undetectable
Possible reasons are listed at http://wiki.ros.org/tf/Errors%20explained
[WARN] [1784075778.539571236] []: TF_OLD_DATA ignoring data from the past for frame front_left_wheel at time 1784075732.994482 according to authority Authority undetectable
Possible reasons are listed at http://wiki.ros.org/tf/Errors%20explained
[WARN] [1784075778.539587810] []: TF_OLD_DATA ignoring data from the past for frame front_right_wheel at time 1784075732.994482 according to authority Authority undetectable
Possible reasons are listed at http://wiki.ros.org/tf/Errors%20explained
[WARN] [1784075778.539595903] []: TF_OLD_DATA ignoring data from the past for frame rear_left_wheel at time 1784075732.994482 according to authority Authority undetectable
Possible reasons are listed at http://wiki.ros.org/tf/Errors%20explained
[WARN] [1784075778.539603977] []: TF_OLD_DATA ignoring data from the past for frame rear_right_wheel at time 1784075732.994482 according to authority Authority undetectable
Possible reasons are listed at http://wiki.ros.org/tf/Errors%20explained
[WARN] [1784075778.539664440] []: TF_OLD_DATA ignoring data from the past for frame front_left_wheel at time 1784075733.194485 according to authority Authority undetectable
Possible reasons are listed at http://wiki.ros.org/tf/Errors%20explained
[WARN] [1784075778.539681107] []: TF_OLD_DATA ignoring data from the past for frame front_right_wheel at time 1784075733.194485 according to authority Authority undetectable
Possible reasons are listed at http://wiki.ros.org/tf/Errors%20explained
[WARN] [1784075778.539689144] []: TF_OLD_DATA ignoring data from the past for frame rear_left_wheel at time 1784075733.194485 according to authority Authority undetectable
Possible reasons are listed at http://wiki.ros.org/tf/Errors%20explained
[WARN] [1784075778.539696848] []: TF_OLD_DATA ignoring data from the past for frame rear_right_wheel at time 1784075733.194485 according to authority Authority undetectable
Possible reasons are listed at http://wiki.ros.org/tf/Errors%20explained
[WARN] [1784075778.539737478] []: TF_OLD_DATA ignoring data from the past for frame front_left_wheel at time 1784075733.394463 according to authority Authority undetectable
Possible reasons are listed at http://wiki.ros.org/tf/Errors%20explained
[WARN] [1784075778.539778959] []: TF_OLD_DATA ignoring data from the past for frame front_right_wheel at time 1784075733.394463 according to authority Authority undetectable
Possible reasons are listed at http://wiki.ros.org/tf/Errors%20explained
[WARN] [1784075778.539788015] []: TF_OLD_DATA ignoring data from the past for frame rear_left_wheel at time 1784075733.394463 according to authority Authority undetectable
Possible reasons are listed at http://wiki.ros.org/tf/Errors%20explained
[WARN] [1784075778.539796052] []: TF_OLD_DATA ignoring data from the past for frame rear_right_wheel at time 1784075733.394463 according to authority Authority undetectable
Possible reasons are listed at http://wiki.ros.org/tf/Errors%20explained
[WARN] [1784075778.539850626] []: TF_OLD_DATA ignoring data from the past for frame front_left_wheel at time 1784075733.494567 according to authority Authority undetectable
Possible reasons are listed at http://wiki.ros.org/tf/Errors%20explained
[WARN] [1784075778.539869275] []: TF_OLD_DATA ignoring data from the past for frame front_right_wheel at time 1784075733.494567 according to authority Authority undetectable
Possible reasons are listed at http://wiki.ros.org/tf/Errors%20explained
[WARN] [1784075778.539880423] []: TF_OLD_DATA ignoring data from the past for frame rear_left_wheel at time 1784075733.494567 according to authority Authority undetectable
Possible reasons are listed at http://wiki.ros.org/tf/Errors%20explained
[WARN] [1784075778.539888627] []: TF_OLD_DATA ignoring data from the past for frame rear_right_wheel at time 1784075733.494567 according to authority Authority undetectable
Possible reasons are listed at http://wiki.ros.org/tf/Errors%20explained
[WARN] [1784075778.539951182] []: TF_OLD_DATA ignoring data from the past for frame front_left_wheel at time 1784075733.594510 according to authority Authority undetectable
Possible reasons are listed at http://wiki.ros.org/tf/Errors%20explained
[WARN] [1784075778.539971497] []: TF_OLD_DATA ignoring data from the past for frame front_right_wheel at time 1784075733.594510 according to authority Authority undetectable
Possible reasons are listed at http://wiki.ros.org/tf/Errors%20explained
[WARN] [1784075778.539980071] []: TF_OLD_DATA ignoring data from the past for frame rear_left_wheel at time 1784075733.594510 according to authority Authority undetectable
Possible reasons are listed at http://wiki.ros.org/tf/Errors%20explained
[WARN] [1784075778.539988349] []: TF_OLD_DATA ignoring data from the past for frame rear_right_wheel at time 1784075733.594510 according to authority Authority undetectable
Possible reasons are listed at http://wiki.ros.org/tf/Errors%20explained
[WARN] [1784075778.540017386] []: TF_OLD_DATA ignoring data from the past for frame front_left_wheel at time 1784075733.694492 according to authority Authority undetectable
Possible reasons are listed at http://wiki.ros.org/tf/Errors%20explained
[WARN] [1784075778.540030238] []: TF_OLD_DATA ignoring data from the past for frame front_right_wheel at time 1784075733.694492 according to authority Authority undetectable
Possible reasons are listed at http://wiki.ros.org/tf/Errors%20explained
[WARN] [1784075778.540038312] []: TF_OLD_DATA ignoring data from the past for frame rear_left_wheel at time 1784075733.694492 according to authority Authority undetectable
Possible reasons are listed at http://wiki.ros.org/tf/Errors%20explained
[WARN] [1784075778.540046516] []: TF_OLD_DATA ignoring data from the past for frame rear_right_wheel at time 1784075733.694492 according to authority Authority undetectable
Possible reasons are listed at http://wiki.ros.org/tf/Errors%20explained
[WARN] [1784075778.540078183] []: TF_OLD_DATA ignoring data from the past for frame front_left_wheel at time 1784075733.894694 according to authority Authority undetectable
Possible reasons are listed at http://wiki.ros.org/tf/Errors%20explained
[WARN] [1784075778.540093720] []: TF_OLD_DATA ignoring data from the past for frame front_right_wheel at time 1784075733.894694 according to authority Authority undetectable
Possible reasons are listed at http://wiki.ros.org/tf/Errors%20explained
[WARN] [1784075778.540102980] []: TF_OLD_DATA ignoring data from the past for frame rear_left_wheel at time 1784075733.894694 according to authority Authority undetectable
Possible reasons are listed at http://wiki.ros.org/tf/Errors%20explained
[WARN] [1784075778.540110998] []: TF_OLD_DATA ignoring data from the past for frame rear_right_wheel at time 1784075733.894694 according to authority Authority undetectable
Possible reasons are listed at http://wiki.ros.org/tf/Errors%20explained
[WARN] [1784075778.540150591] []: TF_OLD_DATA ignoring data from the past for frame front_left_wheel at time 1784075733.994740 according to authority Authority undetectable
Possible reasons are listed at http://wiki.ros.org/tf/Errors%20explained
[WARN] [1784075778.540166461] []: TF_OLD_DATA ignoring data from the past for frame front_right_wheel at time 1784075733.994740 according to authority Authority undetectable
Possible reasons are listed at http://wiki.ros.org/tf/Errors%20explained
[WARN] [1784075778.540174461] []: TF_OLD_DATA ignoring data from the past for frame rear_left_wheel at time 1784075733.994740 according to authority Authority undetectable
Possible reasons are listed at http://wiki.ros.org/tf/Errors%20explained
[WARN] [1784075778.540182295] []: TF_OLD_DATA ignoring data from the past for frame rear_right_wheel at time 1784075733.994740 according to authority Authority undetectable
Possible reasons are listed at http://wiki.ros.org/tf/Errors%20explained
[WARN] [1784075778.540216239] []: TF_OLD_DATA ignoring data from the past for frame front_left_wheel at time 1784075734.094515 according to authority Authority undetectable
Possible reasons are listed at http://wiki.ros.org/tf/Errors%20explained
[WARN] [1784075778.540250943] []: TF_OLD_DATA ignoring data from the past for frame front_right_wheel at time 1784075734.094515 according to authority Authority undetectable
Possible reasons are listed at http://wiki.ros.org/tf/Errors%20explained
[WARN] [1784075778.540266221] []: TF_OLD_DATA ignoring data from the past for frame rear_left_wheel at time 1784075734.094515 according to authority Authority undetectable
Possible reasons are listed at http://wiki.ros.org/tf/Errors%20explained
[WARN] [1784075778.540275573] []: TF_OLD_DATA ignoring data from the past for frame rear_right_wheel at time 1784075734.094515 according to authority Authority undetectable
Possible reasons are listed at http://wiki.ros.org/tf/Errors%20explained
[WARN] [1784075778.540329907] []: TF_OLD_DATA ignoring data from the past for frame front_left_wheel at time 1784075734.194542 according to authority Authority undetectable
Possible reasons are listed at http://wiki.ros.org/tf/Errors%20explained
[WARN] [1784075778.540348018] []: TF_OLD_DATA ignoring data from the past for frame front_right_wheel at time 1784075734.194542 according to authority Authority undetectable
Possible reasons are listed at http://wiki.ros.org/tf/Errors%20explained
[WARN] [1784075778.540359462] []: TF_OLD_DATA ignoring data from the past for frame rear_left_wheel at time 1784075734.194542 according to authority Authority undetectable
Possible reasons are listed at http://wiki.ros.org/tf/Errors%20explained
[WARN] [1784075778.540367203] []: TF_OLD_DATA ignoring data from the past for frame rear_right_wheel at time 1784075734.194542 according to authority Authority undetectable
Possible reasons are listed at http://wiki.ros.org/tf/Errors%20explained
[WARN] [1784075778.540404796] []: TF_OLD_DATA ignoring data from the past for frame front_left_wheel at time 1784075734.294498 according to authority Authority undetectable
Possible reasons are listed at http://wiki.ros.org/tf/Errors%20explained
[WARN] [1784075778.540420352] []: TF_OLD_DATA ignoring data from the past for frame front_right_wheel at time 1784075734.294498 according to authority Authority undetectable
Possible reasons are listed at http://wiki.ros.org/tf/Errors%20explained
[WARN] [1784075778.540430648] []: TF_OLD_DATA ignoring data from the past for frame rear_left_wheel at time 1784075734.294498 according to authority Authority undetectable
Possible reasons are listed at http://wiki.ros.org/tf/Errors%20explained
[WARN] [1784075778.540438778] []: TF_OLD_DATA ignoring data from the past for frame rear_right_wheel at time 1784075734.294498 according to authority Authority undetectable
Possible reasons are listed at http://wiki.ros.org/tf/Errors%20explained
[WARN] [1784075778.540467611] []: TF_OLD_DATA ignoring data from the past for frame front_left_wheel at time 1784075734.394496 according to authority Authority undetectable
Possible reasons are listed at http://wiki.ros.org/tf/Errors%20explained
[WARN] [1784075778.540479833] []: TF_OLD_DATA ignoring data from the past for frame front_right_wheel at time 1784075734.394496 according to authority Authority undetectable
Possible reasons are listed at http://wiki.ros.org/tf/Errors%20explained
[WARN] [1784075778.540488574] []: TF_OLD_DATA ignoring data from the past for frame rear_left_wheel at time 1784075734.394496 according to authority Authority undetectable
Possible reasons are listed at http://wiki.ros.org/tf/Errors%20explained
[WARN] [1784075778.540497389] []: TF_OLD_DATA ignoring data from the past for frame rear_right_wheel at time 1784075734.394496 according to authority Authority undetectable
Possible reasons are listed at http://wiki.ros.org/tf/Errors%20explained
[WARN] [1784075778.540525537] []: TF_OLD_DATA ignoring data from the past for frame front_left_wheel at time 1784075734.494536 according to authority Authority undetectable
Possible reasons are listed at http://wiki.ros.org/tf/Errors%20explained
[WARN] [1784075778.540544426] []: TF_OLD_DATA ignoring data from the past for frame front_right_wheel at time 1784075734.494536 according to authority Authority undetectable
Possible reasons are listed at http://wiki.ros.org/tf/Errors%20explained
[WARN] [1784075778.540582741] []: TF_OLD_DATA ignoring data from the past for frame rear_left_wheel at time 1784075734.494536 according to authority Authority undetectable
Possible reasons are listed at http://wiki.ros.org/tf/Errors%20explained
[WARN] [1784075778.540594964] []: TF_OLD_DATA ignoring data from the past for frame rear_right_wheel at time 1784075734.494536 according to authority Authority undetectable
Possible reasons are listed at http://wiki.ros.org/tf/Errors%20explained
[WARN] [1784075778.540626371] []: TF_OLD_DATA ignoring data from the past for frame front_left_wheel at time 1784075734.894511 according to authority Authority undetectable
Possible reasons are listed at http://wiki.ros.org/tf/Errors%20explained
[WARN] [1784075778.540639297] []: TF_OLD_DATA ignoring data from the past for frame front_right_wheel at time 1784075734.894511 according to authority Authority undetectable
Possible reasons are listed at http://wiki.ros.org/tf/Errors%20explained
[WARN] [1784075778.540650131] []: TF_OLD_DATA ignoring data from the past for frame rear_left_wheel at time 1784075734.894511 according to authority Authority undetectable
Possible reasons are listed at http://wiki.ros.org/tf/Errors%20explained
[WARN] [1784075778.540658353] []: TF_OLD_DATA ignoring data from the past for frame rear_right_wheel at time 1784075734.894511 according to authority Authority undetectable
Possible reasons are listed at http://wiki.ros.org/tf/Errors%20explained
[WARN] [1784075778.540688835] []: TF_OLD_DATA ignoring data from the past for frame front_left_wheel at time 1784075734.994545 according to authority Authority undetectable
Possible reasons are listed at http://wiki.ros.org/tf/Errors%20explained
[WARN] [1784075778.540704649] []: TF_OLD_DATA ignoring data from the past for frame front_right_wheel at time 1784075734.994545 according to authority Authority undetectable
Possible reasons are listed at http://wiki.ros.org/tf/Errors%20explained
[WARN] [1784075778.540713409] []: TF_OLD_DATA ignoring data from the past for frame rear_left_wheel at time 1784075734.994545 according to authority Authority undetectable
Possible reasons are listed at http://wiki.ros.org/tf/Errors%20explained
[WARN] [1784075778.540721557] []: TF_OLD_DATA ignoring data from the past for frame rear_right_wheel at time 1784075734.994545 according to authority Authority undetectable
Possible reasons are listed at http://wiki.ros.org/tf/Errors%20explained
[WARN] [1784075778.540755650] []: TF_OLD_DATA ignoring data from the past for frame front_left_wheel at time 1784075735.094495 according to authority Authority undetectable
Possible reasons are listed at http://wiki.ros.org/tf/Errors%20explained
[WARN] [1784075778.540768909] []: TF_OLD_DATA ignoring data from the past for frame front_right_wheel at time 1784075735.094495 according to authority Authority undetectable
Possible reasons are listed at http://wiki.ros.org/tf/Errors%20explained
[WARN] [1784075778.540777613] []: TF_OLD_DATA ignoring data from the past for frame rear_left_wheel at time 1784075735.094495 according to authority Authority undetectable
Possible reasons are listed at http://wiki.ros.org/tf/Errors%20explained
[WARN] [1784075778.540786224] []: TF_OLD_DATA ignoring data from the past for frame rear_right_wheel at time 1784075735.094495 according to authority Authority undetectable
Possible reasons are listed at http://wiki.ros.org/tf/Errors%20explained
[WARN] [1784075778.540824113] []: TF_OLD_DATA ignoring data from the past for frame front_left_wheel at time 1784075735.194492 according to authority Authority undetectable
Possible reasons are listed at http://wiki.ros.org/tf/Errors%20explained
[WARN] [1784075778.540840650] []: TF_OLD_DATA ignoring data from the past for frame front_right_wheel at time 1784075735.194492 according to authority Authority undetectable
Possible reasons are listed at http://wiki.ros.org/tf/Errors%20explained
[WARN] [1784075778.540867910] []: TF_OLD_DATA ignoring data from the past for frame rear_left_wheel at time 1784075735.194492 according to authority Authority undetectable
Possible reasons are listed at http://wiki.ros.org/tf/Errors%20explained
[WARN] [1784075778.540876947] []: TF_OLD_DATA ignoring data from the past for frame rear_right_wheel at time 1784075735.194492 according to authority Authority undetectable
Possible reasons are listed at http://wiki.ros.org/tf/Errors%20explained
[WARN] [1784075778.540912873] []: TF_OLD_DATA ignoring data from the past for frame front_left_wheel at time 1784075735.294532 according to authority Authority undetectable
Possible reasons are listed at http://wiki.ros.org/tf/Errors%20explained
[WARN] [1784075778.540928058] []: TF_OLD_DATA ignoring data from the past for frame front_right_wheel at time 1784075735.294532 according to authority Authority undetectable
Possible reasons are listed at http://wiki.ros.org/tf/Errors%20explained
[WARN] [1784075778.540936965] []: TF_OLD_DATA ignoring data from the past for frame rear_left_wheel at time 1784075735.294532 according to authority Authority undetectable
Possible reasons are listed at http://wiki.ros.org/tf/Errors%20explained
[WARN] [1784075778.540945114] []: TF_OLD_DATA ignoring data from the past for frame rear_right_wheel at time 1784075735.294532 according to authority Authority undetectable
Possible reasons are listed at http://wiki.ros.org/tf/Errors%20explained
[WARN] [1784075778.540977410] []: TF_OLD_DATA ignoring data from the past for frame front_left_wheel at time 1784075735.494550 according to authority Authority undetectable
Possible reasons are listed at http://wiki.ros.org/tf/Errors%20explained
[WARN] [1784075778.541008670] []: TF_OLD_DATA ignoring data from the past for frame front_right_wheel at time 1784075735.494550 according to authority Authority undetectable
Possible reasons are listed at http://wiki.ros.org/tf/Errors%20explained
[WARN] [1784075778.541016781] []: TF_OLD_DATA ignoring data from the past for frame rear_left_wheel at time 1784075735.494550 according to authority Authority undetectable
Possible reasons are listed at http://wiki.ros.org/tf/Errors%20explained
[WARN] [1784075778.541024688] []: TF_OLD_DATA ignoring data from the past for frame rear_right_wheel at time 1784075735.494550 according to authority Authority undetectable
Possible reasons are listed at http://wiki.ros.org/tf/Errors%20explained
[WARN] [1784075778.541062577] []: TF_OLD_DATA ignoring data from the past for frame front_left_wheel at time 1784075735.594512 according to authority Authority undetectable
Possible reasons are listed at http://wiki.ros.org/tf/Errors%20explained
[WARN] [1784075778.541080818] []: TF_OLD_DATA ignoring data from the past for frame front_right_wheel at time 1784075735.594512 according to authority Authority undetectable
Possible reasons are listed at http://wiki.ros.org/tf/Errors%20explained
[WARN] [1784075778.541089429] []: TF_OLD_DATA ignoring data from the past for frame rear_left_wheel at time 1784075735.594512 according to authority Authority undetectable
Possible reasons are listed at http://wiki.ros.org/tf/Errors%20explained
[WARN] [1784075778.541097633] []: TF_OLD_DATA ignoring data from the past for frame rear_right_wheel at time 1784075735.594512 according to authority Authority undetectable
Possible reasons are listed at http://wiki.ros.org/tf/Errors%20explained
[WARN] [1784075778.541137800] []: TF_OLD_DATA ignoring data from the past for frame front_left_wheel at time 1784075735.694506 according to authority Authority undetectable
Possible reasons are listed at http://wiki.ros.org/tf/Errors%20explained
[WARN] [1784075778.541154356] []: TF_OLD_DATA ignoring data from the past for frame front_right_wheel at time 1784075735.694506 according to authority Authority undetectable
Possible reasons are listed at http://wiki.ros.org/tf/Errors%20explained
[WARN] [1784075778.541163059] []: TF_OLD_DATA ignoring data from the past for frame rear_left_wheel at time 1784075735.694506 according to authority Authority undetectable
Possible reasons are listed at http://wiki.ros.org/tf/Errors%20explained
[WARN] [1784075778.541194245] []: TF_OLD_DATA ignoring data from the past for frame rear_right_wheel at time 1784075735.694506 according to authority Authority undetectable
Possible reasons are listed at http://wiki.ros.org/tf/Errors%20explained
[WARN] [1784075778.541231671] []: TF_OLD_DATA ignoring data from the past for frame front_left_wheel at time 1784075735.894520 according to authority Authority undetectable
Possible reasons are listed at http://wiki.ros.org/tf/Errors%20explained
[WARN] [1784075778.541244745] []: TF_OLD_DATA ignoring data from the past for frame front_right_wheel at time 1784075735.894520 according to authority Authority undetectable
Possible reasons are listed at http://wiki.ros.org/tf/Errors%20explained
[WARN] [1784075778.541253097] []: TF_OLD_DATA ignoring data from the past for frame rear_left_wheel at time 1784075735.894520 according to authority Authority undetectable
Possible reasons are listed at http://wiki.ros.org/tf/Errors%20explained
[WARN] [1784075778.541261282] []: TF_OLD_DATA ignoring data from the past for frame rear_right_wheel at time 1784075735.894520 according to authority Authority undetectable
Possible reasons are listed at http://wiki.ros.org/tf/Errors%20explained
[WARN] [1784075805.076102095] []: TF_OLD_DATA ignoring data from the past for frame front_left_wheel at time 1784075736.194498 according to authority Authority undetectable
Possible reasons are listed at http://wiki.ros.org/tf/Errors%20explained
[WARN] [1784075805.076143262] []: TF_OLD_DATA ignoring data from the past for frame front_right_wheel at time 1784075736.194498 according to authority Authority undetectable
Possible reasons are listed at http://wiki.ros.org/tf/Errors%20explained
[WARN] [1784075805.076155855] []: TF_OLD_DATA ignoring data from the past for frame rear_left_wheel at time 1784075736.194498 according to authority Authority undetectable
Possible reasons are listed at http://wiki.ros.org/tf/Errors%20explained
[WARN] [1784075805.076165873] []: TF_OLD_DATA ignoring data from the past for frame rear_right_wheel at time 1784075736.194498 according to authority Authority undetectable
Possible reasons are listed at http://wiki.ros.org/tf/Errors%20explained
[WARN] [1784075805.076208485] []: TF_OLD_DATA ignoring data from the past for frame front_left_wheel at time 1784075736.495743 according to authority Authority undetectable
Possible reasons are listed at http://wiki.ros.org/tf/Errors%20explained
[WARN] [1784075805.076221892] []: TF_OLD_DATA ignoring data from the past for frame front_right_wheel at time 1784075736.495743 according to authority Authority undetectable
Possible reasons are listed at http://wiki.ros.org/tf/Errors%20explained
[WARN] [1784075805.076230911] []: TF_OLD_DATA ignoring data from the past for frame rear_left_wheel at time 1784075736.495743 according to authority Authority undetectable
Possible reasons are listed at http://wiki.ros.org/tf/Errors%20explained
[WARN] [1784075805.076239726] []: TF_OLD_DATA ignoring data from the past for frame rear_right_wheel at time 1784075736.495743 according to authority Authority undetectable
Possible reasons are listed at http://wiki.ros.org/tf/Errors%20explained
[WARN] [1784075805.076265818] []: TF_OLD_DATA ignoring data from the past for frame front_left_wheel at time 1784075736.694456 according to authority Authority undetectable
Possible reasons are listed at http://wiki.ros.org/tf/Errors%20explained
[WARN] [1784075805.076280022] []: TF_OLD_DATA ignoring data from the past for frame front_right_wheel at time 1784075736.694456 according to authority Authority undetectable
Possible reasons are listed at http://wiki.ros.org/tf/Errors%20explained
[WARN] [1784075805.076288985] []: TF_OLD_DATA ignoring data from the past for frame rear_left_wheel at time 1784075736.694456 according to authority Authority undetectable
Possible reasons are listed at http://wiki.ros.org/tf/Errors%20explained
[WARN] [1784075805.076297837] []: TF_OLD_DATA ignoring data from the past for frame rear_right_wheel at time 1784075736.694456 according to authority Authority undetectable
Possible reasons are listed at http://wiki.ros.org/tf/Errors%20explained
[WARN] [1784075805.076340837] []: TF_OLD_DATA ignoring data from the past for frame front_left_wheel at time 1784075736.794471 according to authority Authority undetectable
Possible reasons are listed at http://wiki.ros.org/tf/Errors%20explained
[WARN] [1784075805.076356171] []: TF_OLD_DATA ignoring data from the past for frame front_right_wheel at time 1784075736.794471 according to authority Authority undetectable
Possible reasons are listed at http://wiki.ros.org/tf/Errors%20explained
[WARN] [1784075805.076366541] []: TF_OLD_DATA ignoring data from the past for frame rear_left_wheel at time 1784075736.794471 according to authority Authority undetectable
Possible reasons are listed at http://wiki.ros.org/tf/Errors%20explained
[WARN] [1784075805.076375449] []: TF_OLD_DATA ignoring data from the past for frame rear_right_wheel at time 1784075736.794471 according to authority Authority undetectable
Possible reasons are listed at http://wiki.ros.org/tf/Errors%20explained
[WARN] [1784075805.076400115] []: TF_OLD_DATA ignoring data from the past for frame front_left_wheel at time 1784075736.894474 according to authority Authority undetectable
Possible reasons are listed at http://wiki.ros.org/tf/Errors%20explained
[WARN] [1784075805.076461338] []: TF_OLD_DATA ignoring data from the past for frame front_right_wheel at time 1784075736.894474 according to authority Authority undetectable
Possible reasons are listed at http://wiki.ros.org/tf/Errors%20explained
[WARN] [1784075805.076473505] []: TF_OLD_DATA ignoring data from the past for frame rear_left_wheel at time 1784075736.894474 according to authority Authority undetectable
Possible reasons are listed at http://wiki.ros.org/tf/Errors%20explained
[WARN] [1784075805.076482486] []: TF_OLD_DATA ignoring data from the past for frame rear_right_wheel at time 1784075736.894474 according to authority Authority undetectable
Possible reasons are listed at http://wiki.ros.org/tf/Errors%20explained
[WARN] [1784075805.076510246] []: TF_OLD_DATA ignoring data from the past for frame front_left_wheel at time 1784075736.994511 according to authority Authority undetectable
Possible reasons are listed at http://wiki.ros.org/tf/Errors%20explained
[WARN] [1784075805.076523264] []: TF_OLD_DATA ignoring data from the past for frame front_right_wheel at time 1784075736.994511 according to authority Authority undetectable
Possible reasons are listed at http://wiki.ros.org/tf/Errors%20explained
[WARN] [1784075805.076532357] []: TF_OLD_DATA ignoring data from the past for frame rear_left_wheel at time 1784075736.994511 according to authority Authority undetectable
Possible reasons are listed at http://wiki.ros.org/tf/Errors%20explained
[WARN] [1784075805.076540987] []: TF_OLD_DATA ignoring data from the past for frame rear_right_wheel at time 1784075736.994511 according to authority Authority undetectable
Possible reasons are listed at http://wiki.ros.org/tf/Errors%20explained
[WARN] [1784075805.076567450] []: TF_OLD_DATA ignoring data from the past for frame front_left_wheel at time 1784075737.094474 according to authority Authority undetectable
Possible reasons are listed at http://wiki.ros.org/tf/Errors%20explained
[WARN] [1784075805.076582227] []: TF_OLD_DATA ignoring data from the past for frame front_right_wheel at time 1784075737.094474 according to authority Authority undetectable
Possible reasons are listed at http://wiki.ros.org/tf/Errors%20explained
[WARN] [1784075805.076591394] []: TF_OLD_DATA ignoring data from the past for frame rear_left_wheel at time 1784075737.094474 according to authority Authority undetectable
Possible reasons are listed at http://wiki.ros.org/tf/Errors%20explained
[WARN] [1784075805.076600191] []: TF_OLD_DATA ignoring data from the past for frame rear_right_wheel at time 1784075737.094474 according to authority Authority undetectable
Possible reasons are listed at http://wiki.ros.org/tf/Errors%20explained
[WARN] [1784075805.076632265] []: TF_OLD_DATA ignoring data from the past for frame front_left_wheel at time 1784075737.294467 according to authority Authority undetectable
Possible reasons are listed at http://wiki.ros.org/tf/Errors%20explained
[WARN] [1784075805.076647228] []: TF_OLD_DATA ignoring data from the past for frame front_right_wheel at time 1784075737.294467 according to authority Authority undetectable
Possible reasons are listed at http://wiki.ros.org/tf/Errors%20explained
[WARN] [1784075805.076656339] []: TF_OLD_DATA ignoring data from the past for frame rear_left_wheel at time 1784075737.294467 according to authority Authority undetectable
Possible reasons are listed at http://wiki.ros.org/tf/Errors%20explained
[WARN] [1784075805.076665265] []: TF_OLD_DATA ignoring data from the past for frame rear_right_wheel at time 1784075737.294467 according to authority Authority undetectable
Possible reasons are listed at http://wiki.ros.org/tf/Errors%20explained
[WARN] [1784075805.076696135] []: TF_OLD_DATA ignoring data from the past for frame front_left_wheel at time 1784075737.394472 according to authority Authority undetectable
Possible reasons are listed at http://wiki.ros.org/tf/Errors%20explained
[WARN] [1784075805.076726932] []: TF_OLD_DATA ignoring data from the past for frame front_right_wheel at time 1784075737.394472 according to authority Authority undetectable
Possible reasons are listed at http://wiki.ros.org/tf/Errors%20explained
[WARN] [1784075805.076811173] []: TF_OLD_DATA ignoring data from the past for frame rear_left_wheel at time 1784075737.394472 according to authority Authority undetectable
Possible reasons are listed at http://wiki.ros.org/tf/Errors%20explained
[WARN] [1784075805.076847136] []: TF_OLD_DATA ignoring data from the past for frame rear_right_wheel at time 1784075737.394472 according to authority Authority undetectable
Possible reasons are listed at http://wiki.ros.org/tf/Errors%20explained
[WARN] [1784075805.076947581] []: TF_OLD_DATA ignoring data from the past for frame front_left_wheel at time 1784075737.494556 according to authority Authority undetectable
Possible reasons are listed at http://wiki.ros.org/tf/Errors%20explained
[WARN] [1784075805.076963933] []: TF_OLD_DATA ignoring data from the past for frame front_right_wheel at time 1784075737.494556 according to authority Authority undetectable
Possible reasons are listed at http://wiki.ros.org/tf/Errors%20explained
[WARN] [1784075805.076972970] []: TF_OLD_DATA ignoring data from the past for frame rear_left_wheel at time 1784075737.494556 according to authority Authority undetectable
Possible reasons are listed at http://wiki.ros.org/tf/Errors%20explained
[WARN] [1784075805.076982433] []: TF_OLD_DATA ignoring data from the past for frame rear_right_wheel at time 1784075737.494556 according to authority Authority undetectable
Possible reasons are listed at http://wiki.ros.org/tf/Errors%20explained
[WARN] [1784075805.077015637] []: TF_OLD_DATA ignoring data from the past for frame front_left_wheel at time 1784075737.594479 according to authority Authority undetectable
Possible reasons are listed at http://wiki.ros.org/tf/Errors%20explained
[WARN] [1784075805.077030471] []: TF_OLD_DATA ignoring data from the past for frame front_right_wheel at time 1784075737.594479 according to authority Authority undetectable
Possible reasons are listed at http://wiki.ros.org/tf/Errors%20explained
[WARN] [1784075805.077039804] []: TF_OLD_DATA ignoring data from the past for frame rear_left_wheel at time 1784075737.594479 according to authority Authority undetectable
Possible reasons are listed at http://wiki.ros.org/tf/Errors%20explained
[WARN] [1784075805.077048786] []: TF_OLD_DATA ignoring data from the past for frame rear_right_wheel at time 1784075737.594479 according to authority Authority undetectable
Possible reasons are listed at http://wiki.ros.org/tf/Errors%20explained
[WARN] [1784075805.077082934] []: TF_OLD_DATA ignoring data from the past for frame front_left_wheel at time 1784075737.694484 according to authority Authority undetectable
Possible reasons are listed at http://wiki.ros.org/tf/Errors%20explained
[WARN] [1784075805.077100175] []: TF_OLD_DATA ignoring data from the past for frame front_right_wheel at time 1784075737.694484 according to authority Authority undetectable
Possible reasons are listed at http://wiki.ros.org/tf/Errors%20explained
[WARN] [1784075805.077109508] []: TF_OLD_DATA ignoring data from the past for frame rear_left_wheel at time 1784075737.694484 according to authority Authority undetectable
Possible reasons are listed at http://wiki.ros.org/tf/Errors%20explained
[WARN] [1784075805.077118656] []: TF_OLD_DATA ignoring data from the past for frame rear_right_wheel at time 1784075737.694484 according to authority Authority undetectable
Possible reasons are listed at http://wiki.ros.org/tf/Errors%20explained
[WARN] [1784075805.077167323] []: TF_OLD_DATA ignoring data from the past for frame front_left_wheel at time 1784075737.794475 according to authority Authority undetectable
Possible reasons are listed at http://wiki.ros.org/tf/Errors%20explained
[WARN] [1784075805.077206731] []: TF_OLD_DATA ignoring data from the past for frame front_right_wheel at time 1784075737.794475 according to authority Authority undetectable
Possible reasons are listed at http://wiki.ros.org/tf/Errors%20explained
[WARN] [1784075805.077243546] []: TF_OLD_DATA ignoring data from the past for frame rear_left_wheel at time 1784075737.794475 according to authority Authority undetectable
Possible reasons are listed at http://wiki.ros.org/tf/Errors%20explained
[WARN] [1784075805.077257139] []: TF_OLD_DATA ignoring data from the past for frame rear_right_wheel at time 1784075737.794475 according to authority Authority undetectable
Possible reasons are listed at http://wiki.ros.org/tf/Errors%20explained
[WARN] [1784075805.077315972] []: TF_OLD_DATA ignoring data from the past for frame front_left_wheel at time 1784075738.294498 according to authority Authority undetectable
Possible reasons are listed at http://wiki.ros.org/tf/Errors%20explained
[WARN] [1784075805.077333917] []: TF_OLD_DATA ignoring data from the past for frame front_right_wheel at time 1784075738.294498 according to authority Authority undetectable
Possible reasons are listed at http://wiki.ros.org/tf/Errors%20explained
[WARN] [1784075805.077343454] []: TF_OLD_DATA ignoring data from the past for frame rear_left_wheel at time 1784075738.294498 according to authority Authority undetectable
Possible reasons are listed at http://wiki.ros.org/tf/Errors%20explained
[WARN] [1784075805.077352454] []: TF_OLD_DATA ignoring data from the past for frame rear_right_wheel at time 1784075738.294498 according to authority Authority undetectable
Possible reasons are listed at http://wiki.ros.org/tf/Errors%20explained
[WARN] [1784075805.077388269] []: TF_OLD_DATA ignoring data from the past for frame front_left_wheel at time 1784075738.394502 according to authority Authority undetectable
Possible reasons are listed at http://wiki.ros.org/tf/Errors%20explained
[WARN] [1784075805.077416732] []: TF_OLD_DATA ignoring data from the past for frame front_right_wheel at time 1784075738.394502 according to authority Authority undetectable
Possible reasons are listed at http://wiki.ros.org/tf/Errors%20explained
[WARN] [1784075805.077428158] []: TF_OLD_DATA ignoring data from the past for frame rear_left_wheel at time 1784075738.394502 according to authority Authority undetectable
Possible reasons are listed at http://wiki.ros.org/tf/Errors%20explained
[WARN] [1784075805.077438973] []: TF_OLD_DATA ignoring data from the past for frame rear_right_wheel at time 1784075738.394502 according to authority Authority undetectable
Possible reasons are listed at http://wiki.ros.org/tf/Errors%20explained
[WARN] [1784075805.077472325] []: TF_OLD_DATA ignoring data from the past for frame front_left_wheel at time 1784075738.494568 according to authority Authority undetectable
Possible reasons are listed at http://wiki.ros.org/tf/Errors%20explained
[WARN] [1784075805.077486066] []: TF_OLD_DATA ignoring data from the past for frame front_right_wheel at time 1784075738.494568 according to authority Authority undetectable
Possible reasons are listed at http://wiki.ros.org/tf/Errors%20explained
[WARN] [1784075805.077498455] []: TF_OLD_DATA ignoring data from the past for frame rear_left_wheel at time 1784075738.494568 according to authority Authority undetectable
Possible reasons are listed at http://wiki.ros.org/tf/Errors%20explained
[WARN] [1784075805.077508769] []: TF_OLD_DATA ignoring data from the past for frame rear_right_wheel at time 1784075738.494568 according to authority Authority undetectable
Possible reasons are listed at http://wiki.ros.org/tf/Errors%20explained
[WARN] [1784075805.077542751] []: TF_OLD_DATA ignoring data from the past for frame front_left_wheel at time 1784075738.594509 according to authority Authority undetectable
Possible reasons are listed at http://wiki.ros.org/tf/Errors%20explained
[WARN] [1784075805.077556418] []: TF_OLD_DATA ignoring data from the past for frame front_right_wheel at time 1784075738.594509 according to authority Authority undetectable
Possible reasons are listed at http://wiki.ros.org/tf/Errors%20explained
[WARN] [1784075805.077566603] []: TF_OLD_DATA ignoring data from the past for frame rear_left_wheel at time 1784075738.594509 according to authority Authority undetectable
Possible reasons are listed at http://wiki.ros.org/tf/Errors%20explained
[WARN] [1784075805.077633159] []: TF_OLD_DATA ignoring data from the past for frame rear_right_wheel at time 1784075738.594509 according to authority Authority undetectable
Possible reasons are listed at http://wiki.ros.org/tf/Errors%20explained
[WARN] [1784075805.077680548] []: TF_OLD_DATA ignoring data from the past for frame front_left_wheel at time 1784075738.694496 according to authority Authority undetectable
Possible reasons are listed at http://wiki.ros.org/tf/Errors%20explained
[WARN] [1784075805.077696419] []: TF_OLD_DATA ignoring data from the past for frame front_right_wheel at time 1784075738.694496 according to authority Authority undetectable
Possible reasons are listed at http://wiki.ros.org/tf/Errors%20explained
[WARN] [1784075805.077706196] []: TF_OLD_DATA ignoring data from the past for frame rear_left_wheel at time 1784075738.694496 according to authority Authority undetectable
Possible reasons are listed at http://wiki.ros.org/tf/Errors%20explained
[WARN] [1784075805.077715567] []: TF_OLD_DATA ignoring data from the past for frame rear_right_wheel at time 1784075738.694496 according to authority Authority undetectable
Possible reasons are listed at http://wiki.ros.org/tf/Errors%20explained
[WARN] [1784075805.077748178] []: TF_OLD_DATA ignoring data from the past for frame front_left_wheel at time 1784075738.794636 according to authority Authority undetectable
Possible reasons are listed at http://wiki.ros.org/tf/Errors%20explained
[WARN] [1784075805.077764512] []: TF_OLD_DATA ignoring data from the past for frame front_right_wheel at time 1784075738.794636 according to authority Authority undetectable
Possible reasons are listed at http://wiki.ros.org/tf/Errors%20explained
[WARN] [1784075805.077773715] []: TF_OLD_DATA ignoring data from the past for frame rear_left_wheel at time 1784075738.794636 according to authority Authority undetectable
Possible reasons are listed at http://wiki.ros.org/tf/Errors%20explained
[WARN] [1784075805.077782549] []: TF_OLD_DATA ignoring data from the past for frame rear_right_wheel at time 1784075738.794636 according to authority Authority undetectable
Possible reasons are listed at http://wiki.ros.org/tf/Errors%20explained
[WARN] [1784075805.077813067] []: TF_OLD_DATA ignoring data from the past for frame front_left_wheel at time 1784075738.894513 according to authority Authority undetectable
Possible reasons are listed at http://wiki.ros.org/tf/Errors%20explained
[WARN] [1784075805.077827716] []: TF_OLD_DATA ignoring data from the past for frame front_right_wheel at time 1784075738.894513 according to authority Authority undetectable
Possible reasons are listed at http://wiki.ros.org/tf/Errors%20explained
[WARN] [1784075805.077839660] []: TF_OLD_DATA ignoring data from the past for frame rear_left_wheel at time 1784075738.894513 according to authority Authority undetectable
Possible reasons are listed at http://wiki.ros.org/tf/Errors%20explained
[WARN] [1784075805.077848494] []: TF_OLD_DATA ignoring data from the past for frame rear_right_wheel at time 1784075738.894513 according to authority Authority undetectable
Possible reasons are listed at http://wiki.ros.org/tf/Errors%20explained
[WARN] [1784075805.750622378] []: TF_OLD_DATA ignoring data from the past for frame front_left_wheel at time 1784075738.994510 according to authority Authority undetectable
Possible reasons are listed at http://wiki.ros.org/tf/Errors%20explained
[WARN] [1784075805.750660934] []: TF_OLD_DATA ignoring data from the past for frame front_right_wheel at time 1784075738.994510 according to authority Authority undetectable
Possible reasons are listed at http://wiki.ros.org/tf/Errors%20explained
[WARN] [1784075805.750672415] []: TF_OLD_DATA ignoring data from the past for frame rear_left_wheel at time 1784075738.994510 according to authority Authority undetectable
Possible reasons are listed at http://wiki.ros.org/tf/Errors%20explained
[WARN] [1784075805.750681304] []: TF_OLD_DATA ignoring data from the past for frame rear_right_wheel at time 1784075738.994510 according to authority Authority undetectable
Possible reasons are listed at http://wiki.ros.org/tf/Errors%20explained
[WARN] [1784075805.750788453] []: TF_OLD_DATA ignoring data from the past for frame front_left_wheel at time 1784075739.094532 according to authority Authority undetectable
Possible reasons are listed at http://wiki.ros.org/tf/Errors%20explained
[WARN] [1784075805.750804379] []: TF_OLD_DATA ignoring data from the past for frame front_right_wheel at time 1784075739.094532 according to authority Authority undetectable
Possible reasons are listed at http://wiki.ros.org/tf/Errors%20explained
[WARN] [1784075805.750813490] []: TF_OLD_DATA ignoring data from the past for frame rear_left_wheel at time 1784075739.094532 according to authority Authority undetectable
Possible reasons are listed at http://wiki.ros.org/tf/Errors%20explained
[WARN] [1784075805.750822268] []: TF_OLD_DATA ignoring data from the past for frame rear_right_wheel at time 1784075739.094532 according to authority Authority undetectable
Possible reasons are listed at http://wiki.ros.org/tf/Errors%20explained
[WARN] [1784075805.750850953] []: TF_OLD_DATA ignoring data from the past for frame front_left_wheel at time 1784075739.194503 according to authority Authority undetectable
Possible reasons are listed at http://wiki.ros.org/tf/Errors%20explained
[WARN] [1784075805.750865416] []: TF_OLD_DATA ignoring data from the past for frame front_right_wheel at time 1784075739.194503 according to authority Authority undetectable
Possible reasons are listed at http://wiki.ros.org/tf/Errors%20explained
[WARN] [1784075805.750874046] []: TF_OLD_DATA ignoring data from the past for frame rear_left_wheel at time 1784075739.194503 according to authority Authority undetectable
Possible reasons are listed at http://wiki.ros.org/tf/Errors%20explained
[WARN] [1784075805.750882213] []: TF_OLD_DATA ignoring data from the past for frame rear_right_wheel at time 1784075739.194503 according to authority Authority undetectable
Possible reasons are listed at http://wiki.ros.org/tf/Errors%20explained
[WARN] [1784075805.750910342] []: TF_OLD_DATA ignoring data from the past for frame front_left_wheel at time 1784075739.294500 according to authority Authority undetectable
Possible reasons are listed at http://wiki.ros.org/tf/Errors%20explained
[WARN] [1784075805.750923750] []: TF_OLD_DATA ignoring data from the past for frame front_right_wheel at time 1784075739.294500 according to authority Authority undetectable
Possible reasons are listed at http://wiki.ros.org/tf/Errors%20explained
[WARN] [1784075805.750931917] []: TF_OLD_DATA ignoring data from the past for frame rear_left_wheel at time 1784075739.294500 according to authority Authority undetectable
Possible reasons are listed at http://wiki.ros.org/tf/Errors%20explained
[WARN] [1784075805.750940028] []: TF_OLD_DATA ignoring data from the past for frame rear_right_wheel at time 1784075739.294500 according to authority Authority undetectable
Possible reasons are listed at http://wiki.ros.org/tf/Errors%20explained
[WARN] [1784075805.750966250] []: TF_OLD_DATA ignoring data from the past for frame front_left_wheel at time 1784075739.394504 according to authority Authority undetectable
Possible reasons are listed at http://wiki.ros.org/tf/Errors%20explained
[WARN] [1784075805.750979380] []: TF_OLD_DATA ignoring data from the past for frame front_right_wheel at time 1784075739.394504 according to authority Authority undetectable
Possible reasons are listed at http://wiki.ros.org/tf/Errors%20explained
[WARN] [1784075805.750987676] []: TF_OLD_DATA ignoring data from the past for frame rear_left_wheel at time 1784075739.394504 according to authority Authority undetectable
Possible reasons are listed at http://wiki.ros.org/tf/Errors%20explained
[WARN] [1784075805.751007658] []: TF_OLD_DATA ignoring data from the past for frame rear_right_wheel at time 1784075739.394504 according to authority Authority undetectable
Possible reasons are listed at http://wiki.ros.org/tf/Errors%20explained
[WARN] [1784075805.751068584] []: TF_OLD_DATA ignoring data from the past for frame front_left_wheel at time 1784075739.494528 according to authority Authority undetectable
Possible reasons are listed at http://wiki.ros.org/tf/Errors%20explained
[WARN] [1784075805.751086603] []: TF_OLD_DATA ignoring data from the past for frame front_right_wheel at time 1784075739.494528 according to authority Authority undetectable
Possible reasons are listed at http://wiki.ros.org/tf/Errors%20explained
[WARN] [1784075805.751095362] []: TF_OLD_DATA ignoring data from the past for frame rear_left_wheel at time 1784075739.494528 according to authority Authority undetectable
Possible reasons are listed at http://wiki.ros.org/tf/Errors%20explained
[WARN] [1784075805.751103677] []: TF_OLD_DATA ignoring data from the past for frame rear_right_wheel at time 1784075739.494528 according to authority Authority undetectable
Possible reasons are listed at http://wiki.ros.org/tf/Errors%20explained
[WARN] [1784075805.751132881] []: TF_OLD_DATA ignoring data from the past for frame front_left_wheel at time 1784075739.594516 according to authority Authority undetectable
Possible reasons are listed at http://wiki.ros.org/tf/Errors%20explained
[WARN] [1784075805.751147566] []: TF_OLD_DATA ignoring data from the past for frame front_right_wheel at time 1784075739.594516 according to authority Authority undetectable
Possible reasons are listed at http://wiki.ros.org/tf/Errors%20explained
[WARN] [1784075805.751156010] []: TF_OLD_DATA ignoring data from the past for frame rear_left_wheel at time 1784075739.594516 according to authority Authority undetectable
Possible reasons are listed at http://wiki.ros.org/tf/Errors%20explained
[WARN] [1784075805.751164140] []: TF_OLD_DATA ignoring data from the past for frame rear_right_wheel at time 1784075739.594516 according to authority Authority undetectable
Possible reasons are listed at http://wiki.ros.org/tf/Errors%20explained
[WARN] [1784075805.751192881] []: TF_OLD_DATA ignoring data from the past for frame front_left_wheel at time 1784075739.694466 according to authority Authority undetectable
Possible reasons are listed at http://wiki.ros.org/tf/Errors%20explained
[WARN] [1784075805.751208048] []: TF_OLD_DATA ignoring data from the past for frame front_right_wheel at time 1784075739.694466 according to authority Authority undetectable
Possible reasons are listed at http://wiki.ros.org/tf/Errors%20explained
[WARN] [1784075805.751216677] []: TF_OLD_DATA ignoring data from the past for frame rear_left_wheel at time 1784075739.694466 according to authority Authority undetectable
Possible reasons are listed at http://wiki.ros.org/tf/Errors%20explained
[WARN] [1784075805.751225196] []: TF_OLD_DATA ignoring data from the past for frame rear_right_wheel at time 1784075739.694466 according to authority Authority undetectable
Possible reasons are listed at http://wiki.ros.org/tf/Errors%20explained
[WARN] [1784075805.751257196] []: TF_OLD_DATA ignoring data from the past for frame front_left_wheel at time 1784075739.794505 according to authority Authority undetectable
Possible reasons are listed at http://wiki.ros.org/tf/Errors%20explained
[WARN] [1784075805.751271696] []: TF_OLD_DATA ignoring data from the past for frame front_right_wheel at time 1784075739.794505 according to authority Authority undetectable
Possible reasons are listed at http://wiki.ros.org/tf/Errors%20explained
[WARN] [1784075805.751280770] []: TF_OLD_DATA ignoring data from the past for frame rear_left_wheel at time 1784075739.794505 according to authority Authority undetectable
Possible reasons are listed at http://wiki.ros.org/tf/Errors%20explained
[WARN] [1784075805.751289400] []: TF_OLD_DATA ignoring data from the past for frame rear_right_wheel at time 1784075739.794505 according to authority Authority undetectable
Possible reasons are listed at http://wiki.ros.org/tf/Errors%20explained
[WARN] [1784075805.751343419] []: TF_OLD_DATA ignoring data from the past for frame front_left_wheel at time 1784075739.994523 according to authority Authority undetectable
Possible reasons are listed at http://wiki.ros.org/tf/Errors%20explained
[WARN] [1784075805.751392901] []: TF_OLD_DATA ignoring data from the past for frame front_right_wheel at time 1784075739.994523 according to authority Authority undetectable
Possible reasons are listed at http://wiki.ros.org/tf/Errors%20explained
[WARN] [1784075805.751406530] []: TF_OLD_DATA ignoring data from the past for frame rear_left_wheel at time 1784075739.994523 according to authority Authority undetectable
Possible reasons are listed at http://wiki.ros.org/tf/Errors%20explained
[WARN] [1784075805.751415364] []: TF_OLD_DATA ignoring data from the past for frame rear_right_wheel at time 1784075739.994523 according to authority Authority undetectable
Possible reasons are listed at http://wiki.ros.org/tf/Errors%20explained
[WARN] [1784075805.751457086] []: TF_OLD_DATA ignoring data from the past for frame front_left_wheel at time 1784075740.094517 according to authority Authority undetectable
Possible reasons are listed at http://wiki.ros.org/tf/Errors%20explained
[WARN] [1784075805.751471457] []: TF_OLD_DATA ignoring data from the past for frame front_right_wheel at time 1784075740.094517 according to authority Authority undetectable
Possible reasons are listed at http://wiki.ros.org/tf/Errors%20explained
[WARN] [1784075805.751480123] []: TF_OLD_DATA ignoring data from the past for frame rear_left_wheel at time 1784075740.094517 according to authority Authority undetectable
Possible reasons are listed at http://wiki.ros.org/tf/Errors%20explained
[WARN] [1784075805.751488549] []: TF_OLD_DATA ignoring data from the past for frame rear_right_wheel at time 1784075740.094517 according to authority Authority undetectable
Possible reasons are listed at http://wiki.ros.org/tf/Errors%20explained
[WARN] [1784075805.751517198] []: TF_OLD_DATA ignoring data from the past for frame front_left_wheel at time 1784075740.494534 according to authority Authority undetectable
Possible reasons are listed at http://wiki.ros.org/tf/Errors%20explained
[WARN] [1784075805.751534698] []: TF_OLD_DATA ignoring data from the past for frame front_right_wheel at time 1784075740.494534 according to authority Authority undetectable
Possible reasons are listed at http://wiki.ros.org/tf/Errors%20explained
[WARN] [1784075805.751543827] []: TF_OLD_DATA ignoring data from the past for frame rear_left_wheel at time 1784075740.494534 according to authority Authority undetectable
Possible reasons are listed at http://wiki.ros.org/tf/Errors%20explained
[WARN] [1784075805.751553013] []: TF_OLD_DATA ignoring data from the past for frame rear_right_wheel at time 1784075740.494534 according to authority Authority undetectable
Possible reasons are listed at http://wiki.ros.org/tf/Errors%20explained
[WARN] [1784075805.751590402] []: TF_OLD_DATA ignoring data from the past for frame front_left_wheel at time 1784075740.594512 according to authority Authority undetectable
Possible reasons are listed at http://wiki.ros.org/tf/Errors%20explained
[WARN] [1784075805.751615550] []: TF_OLD_DATA ignoring data from the past for frame front_right_wheel at time 1784075740.594512 according to authority Authority undetectable
Possible reasons are listed at http://wiki.ros.org/tf/Errors%20explained
[WARN] [1784075805.751629069] []: TF_OLD_DATA ignoring data from the past for frame rear_left_wheel at time 1784075740.594512 according to authority Authority undetectable
Possible reasons are listed at http://wiki.ros.org/tf/Errors%20explained
[WARN] [1784075805.751637439] []: TF_OLD_DATA ignoring data from the past for frame rear_right_wheel at time 1784075740.594512 according to authority Authority undetectable
Possible reasons are listed at http://wiki.ros.org/tf/Errors%20explained
[INFO] [1784075839.605394671] [rclcpp]: signal_handler(SIGINT/SIGTERM)
[INFO] [1784075839.605524357] [smoother_server]: Running Nav2 LifecycleNode rcl preshutdown (smoother_server)
[INFO] [1784075839.605649098] [smoother_server]: Deactivating
[INFO] [1784075839.605681654] [smoother_server]: Destroying bond (smoother_server) to lifecycle manager.
[INFO] [1784075839.752789409] [smoother_server]: Cleaning up
[INFO] [1784075840.043220271] [smoother_server]: Destroying bond (smoother_server) to lifecycle manager.
