1784067222.7371027 [INFO] [launch]: All log files can be found below /home/mypi/.ros/log/2026-07-14-15-13-42-735615-pi5-20546
1784067222.7373331 [INFO] [launch]: Default logging verbosity is set to INFO
1784067223.0906446 [INFO] [controller_server-1]: process started with pid [20549]
1784067223.0910814 [INFO] [smoother_server-2]: process started with pid [20550]
1784067223.0915880 [INFO] [planner_server-3]: process started with pid [20551]
1784067223.0934811 [INFO] [route_server-4]: process started with pid [20552]
1784067223.0944352 [INFO] [behavior_server-5]: process started with pid [20553]
1784067223.0954385 [INFO] [bt_navigator-6]: process started with pid [20554]
1784067223.0982728 [INFO] [waypoint_follower-7]: process started with pid [20555]
1784067223.0985305 [INFO] [velocity_smoother-8]: process started with pid [20556]
1784067223.0986514 [INFO] [collision_monitor-9]: process started with pid [20557]
1784067223.1002882 [INFO] [opennav_docking-10]: process started with pid [20558]
1784067223.1006935 [INFO] [lifecycle_manager-11]: process started with pid [20559]
1784067756.1327143 [WARNING] [launch]: user interrupted with ctrl-c (SIGINT)
1784067756.8792107 [INFO] [collision_monitor-9]: process has finished cleanly [pid 20557]
1784067757.0002563 [INFO] [velocity_smoother-8]: process has finished cleanly [pid 20556]
1784067757.2461030 [INFO] [route_server-4]: process has finished cleanly [pid 20552]
1784067757.2869875 [INFO] [waypoint_follower-7]: process has finished cleanly [pid 20555]
1784067757.3020382 [INFO] [smoother_server-2]: process has finished cleanly [pid 20550]
1784067757.4360282 [INFO] [opennav_docking-10]: process has finished cleanly [pid 20558]
1784067757.5038209 [INFO] [behavior_server-5]: process has finished cleanly [pid 20553]
1784067757.6308756 [INFO] [lifecycle_manager-11]: process has finished cleanly [pid 20559]
1784067757.7525992 [INFO] [controller_server-1]: process has finished cleanly [pid 20549]
1784067757.8796036 [INFO] [planner_server-3]: process has finished cleanly [pid 20551]
1784067757.9291937 [INFO] [bt_navigator-6]: process has finished cleanly [pid 20554]
