1775785023.5252240 [INFO] [launch]: All log files can be found below /home/mypi/.ros/log/2026-04-09-18-37-03-523760-pi5-3898
1775785023.5254872 [INFO] [launch]: Default logging verbosity is set to INFO
1775785023.8654268 [INFO] [controller_server-1]: process started with pid [3901]
1775785023.8663990 [INFO] [smoother_server-2]: process started with pid [3902]
1775785023.8719349 [INFO] [planner_server-3]: process started with pid [3903]
1775785023.8721533 [INFO] [route_server-4]: process started with pid [3904]
1775785023.8723333 [INFO] [behavior_server-5]: process started with pid [3905]
1775785023.8724830 [INFO] [bt_navigator-6]: process started with pid [3906]
1775785023.8726649 [INFO] [waypoint_follower-7]: process started with pid [3907]
1775785023.8728080 [INFO] [velocity_smoother-8]: process started with pid [3908]
1775785023.8729453 [INFO] [collision_monitor-9]: process started with pid [3909]
1775785023.8730834 [INFO] [opennav_docking-10]: process started with pid [3910]
1775785023.8732247 [INFO] [lifecycle_manager-11]: process started with pid [3911]
1775785324.6212025 [WARNING] [launch]: user interrupted with ctrl-c (SIGINT)
1775785325.5432000 [INFO] [waypoint_follower-7]: process has finished cleanly [pid 3907]
1775785325.6100194 [INFO] [collision_monitor-9]: process has finished cleanly [pid 3909]
1775785325.6396525 [INFO] [smoother_server-2]: process has finished cleanly [pid 3902]
1775785325.6485128 [INFO] [velocity_smoother-8]: process has finished cleanly [pid 3908]
1775785325.7898765 [INFO] [opennav_docking-10]: process has finished cleanly [pid 3910]
1775785325.9723804 [INFO] [behavior_server-5]: process has finished cleanly [pid 3905]
1775785325.9816463 [INFO] [route_server-4]: process has finished cleanly [pid 3904]
1775785326.1850319 [INFO] [lifecycle_manager-11]: process has finished cleanly [pid 3911]
1775785326.5146148 [INFO] [controller_server-1]: process has finished cleanly [pid 3901]
1775785326.5731628 [INFO] [bt_navigator-6]: process has finished cleanly [pid 3906]
1775785326.5896742 [INFO] [planner_server-3]: process has finished cleanly [pid 3903]
