1783018720.1711521 [INFO] [launch]: All log files can be found below /home/mypi/.ros/log/2026-07-02-11-58-40-169339-pi5-4202
1783018720.1714520 [INFO] [launch]: Default logging verbosity is set to INFO
1783018720.5366535 [INFO] [controller_server-1]: process started with pid [4205]
1783018720.5410652 [INFO] [smoother_server-2]: process started with pid [4206]
1783018720.5487998 [INFO] [planner_server-3]: process started with pid [4207]
1783018720.5498290 [INFO] [route_server-4]: process started with pid [4208]
1783018720.5509112 [INFO] [behavior_server-5]: process started with pid [4209]
1783018720.5517728 [INFO] [bt_navigator-6]: process started with pid [4210]
1783018720.5527921 [INFO] [waypoint_follower-7]: process started with pid [4211]
1783018720.5547731 [INFO] [velocity_smoother-8]: process started with pid [4212]
1783018720.5575776 [INFO] [collision_monitor-9]: process started with pid [4213]
1783018720.5615785 [INFO] [opennav_docking-10]: process started with pid [4214]
1783018720.5641541 [INFO] [lifecycle_manager-11]: process started with pid [4215]
1783018943.7947683 [WARNING] [launch]: user interrupted with ctrl-c (SIGINT)
1783018944.9221284 [INFO] [velocity_smoother-8]: process has finished cleanly [pid 4212]
1783018945.1326652 [INFO] [collision_monitor-9]: process has finished cleanly [pid 4213]
1783018945.2083421 [INFO] [smoother_server-2]: process has finished cleanly [pid 4206]
1783018945.4307482 [INFO] [waypoint_follower-7]: process has finished cleanly [pid 4211]
1783018945.5093522 [INFO] [route_server-4]: process has finished cleanly [pid 4208]
1783018945.6954689 [INFO] [opennav_docking-10]: process has finished cleanly [pid 4214]
1783018945.7511091 [INFO] [behavior_server-5]: process has finished cleanly [pid 4209]
1783018945.9102640 [INFO] [lifecycle_manager-11]: process has finished cleanly [pid 4215]
1783018945.9460108 [INFO] [controller_server-1]: process has finished cleanly [pid 4205]
1783018946.0383360 [INFO] [planner_server-3]: process has finished cleanly [pid 4207]
1783018946.4086840 [INFO] [bt_navigator-6]: process has finished cleanly [pid 4210]
