1784068839.5084388 [INFO] [launch]: All log files can be found below /home/mypi/.ros/log/2026-07-14-15-40-39-506960-pi5-21819
1784068839.5086834 [INFO] [launch]: Default logging verbosity is set to INFO
1784068839.8568196 [INFO] [controller_server-1]: process started with pid [21822]
1784068839.8571806 [INFO] [smoother_server-2]: process started with pid [21823]
1784068839.8629332 [INFO] [planner_server-3]: process started with pid [21824]
1784068839.8633571 [INFO] [route_server-4]: process started with pid [21825]
1784068839.8635514 [INFO] [behavior_server-5]: process started with pid [21826]
1784068839.8636768 [INFO] [bt_navigator-6]: process started with pid [21827]
1784068839.8637900 [INFO] [waypoint_follower-7]: process started with pid [21828]
1784068839.8639047 [INFO] [velocity_smoother-8]: process started with pid [21829]
1784068839.8640313 [INFO] [collision_monitor-9]: process started with pid [21830]
1784068839.8641527 [INFO] [opennav_docking-10]: process started with pid [21831]
1784068839.8642793 [INFO] [lifecycle_manager-11]: process started with pid [21832]
1784069139.8950830 [WARNING] [launch]: user interrupted with ctrl-c (SIGINT)
1784069140.6186681 [INFO] [waypoint_follower-7]: process has finished cleanly [pid 21828]
1784069140.6952271 [INFO] [opennav_docking-10]: process has finished cleanly [pid 21831]
1784069140.6981716 [INFO] [behavior_server-5]: process has finished cleanly [pid 21826]
1784069140.7211962 [INFO] [collision_monitor-9]: process has finished cleanly [pid 21830]
1784069140.8013520 [INFO] [route_server-4]: process has finished cleanly [pid 21825]
1784069140.8086708 [INFO] [velocity_smoother-8]: process has finished cleanly [pid 21829]
1784069140.8598797 [INFO] [bt_navigator-6]: process has finished cleanly [pid 21827]
1784069140.8649933 [INFO] [planner_server-3]: process has finished cleanly [pid 21824]
1784069140.8751714 [INFO] [smoother_server-2]: process has finished cleanly [pid 21823]
1784069140.9049411 [INFO] [controller_server-1]: process has finished cleanly [pid 21822]
1784069140.9199560 [INFO] [lifecycle_manager-11]: process has finished cleanly [pid 21832]
