1775863771.3855870 [INFO] [launch]: All log files can be found below /home/mypi/.ros/log/2026-04-10-16-29-31-384114-pi5-2775
1775863771.3857994 [INFO] [launch]: Default logging verbosity is set to INFO
1775863771.7413831 [INFO] [controller_server-1]: process started with pid [2778]
1775863771.7416713 [INFO] [smoother_server-2]: process started with pid [2779]
1775863771.7417855 [INFO] [planner_server-3]: process started with pid [2780]
1775863771.7419088 [INFO] [route_server-4]: process started with pid [2781]
1775863771.7420065 [INFO] [behavior_server-5]: process started with pid [2782]
1775863771.7420967 [INFO] [bt_navigator-6]: process started with pid [2783]
1775863771.7421756 [INFO] [waypoint_follower-7]: process started with pid [2784]
1775863771.7422507 [INFO] [velocity_smoother-8]: process started with pid [2785]
1775863771.7423232 [INFO] [collision_monitor-9]: process started with pid [2786]
1775863771.7423956 [INFO] [opennav_docking-10]: process started with pid [2787]
1775863771.7426353 [INFO] [lifecycle_manager-11]: process started with pid [2788]
1775865206.6170137 [WARNING] [launch]: user interrupted with ctrl-c (SIGINT)
1775865207.1425464 [INFO] [velocity_smoother-8]: process has finished cleanly [pid 2785]
1775865207.3224809 [INFO] [collision_monitor-9]: process has finished cleanly [pid 2786]
1775865207.3340652 [INFO] [smoother_server-2]: process has finished cleanly [pid 2779]
1775865207.3754168 [INFO] [waypoint_follower-7]: process has finished cleanly [pid 2784]
1775865207.3919287 [INFO] [opennav_docking-10]: process has finished cleanly [pid 2787]
1775865207.4183533 [INFO] [route_server-4]: process has finished cleanly [pid 2781]
1775865207.4376490 [INFO] [lifecycle_manager-11]: process has finished cleanly [pid 2788]
1775865207.5291126 [INFO] [behavior_server-5]: process has finished cleanly [pid 2782]
1775865207.5451972 [INFO] [bt_navigator-6]: process has finished cleanly [pid 2783]
1775865207.6049776 [INFO] [planner_server-3]: process has finished cleanly [pid 2780]
1775865207.6058602 [INFO] [controller_server-1]: process has finished cleanly [pid 2778]
