[0.149s] DEBUG:colcon:Command line arguments: ['/usr/bin/colcon', 'build', '--symlink-install']
[0.149s] DEBUG:colcon:Parsed command line arguments: Namespace(log_base=None, log_level=None, verb_name='build', build_base='build', install_base='install', merge_install=False, symlink_install=True, test_result_base=None, continue_on_error=False, executor='parallel', parallel_workers=4, event_handlers=None, ignore_user_meta=False, metas=['./colcon.meta'], base_paths=['.'], packages_ignore=None, packages_ignore_regex=None, paths=None, packages_up_to=None, packages_up_to_regex=None, packages_above=None, packages_above_and_dependencies=None, packages_above_depth=None, packages_select_by_dep=None, packages_skip_by_dep=None, packages_skip_up_to=None, packages_select_build_failed=False, packages_skip_build_finished=False, packages_select_test_failures=False, packages_skip_test_passed=False, packages_select=None, packages_skip=None, packages_select_regex=None, packages_skip_regex=None, packages_start=None, packages_end=None, allow_overriding=[], cmake_args=None, cmake_target=None, cmake_target_skip_unavailable=False, cmake_clean_cache=False, cmake_clean_first=False, cmake_force_configure=False, ament_cmake_args=None, catkin_cmake_args=None, catkin_skip_building_tests=False, mixin_files=None, mixin=None, verb_parser=<colcon_mixin.mixin.mixin_argument.MixinArgumentDecorator object at 0xffffb8e85f70>, verb_extension=<colcon_core.verb.build.BuildVerb object at 0xffffb8e31d60>, main=<bound method BuildVerb.main of <colcon_core.verb.build.BuildVerb object at 0xffffb8e31d60>>, mixin_verb=('build',))
[0.208s] Level 1:colcon.colcon_core.package_discovery:discover_packages(colcon_meta) check parameters
[0.208s] Level 1:colcon.colcon_core.package_discovery:discover_packages(recursive) check parameters
[0.208s] Level 1:colcon.colcon_core.package_discovery:discover_packages(ignore) check parameters
[0.208s] Level 1:colcon.colcon_core.package_discovery:discover_packages(path) check parameters
[0.208s] Level 1:colcon.colcon_core.package_discovery:discover_packages(colcon_meta) discover
[0.208s] Level 1:colcon.colcon_core.package_discovery:discover_packages(recursive) discover
[0.208s] INFO:colcon.colcon_core.package_discovery:Crawling recursively for packages in '/home/mypi/ros2_ws_simon'
[0.209s] Level 1:colcon.colcon_core.package_identification:_identify(.) by extensions ['ignore', 'ignore_ament_install']
[0.209s] Level 1:colcon.colcon_core.package_identification:_identify(.) by extension 'ignore'
[0.209s] Level 1:colcon.colcon_core.package_identification:_identify(.) by extension 'ignore_ament_install'
[0.209s] Level 1:colcon.colcon_core.package_identification:_identify(.) by extensions ['colcon_pkg']
[0.209s] Level 1:colcon.colcon_core.package_identification:_identify(.) by extension 'colcon_pkg'
[0.209s] Level 1:colcon.colcon_core.package_identification:_identify(.) by extensions ['colcon_meta']
[0.209s] Level 1:colcon.colcon_core.package_identification:_identify(.) by extension 'colcon_meta'
[0.209s] Level 1:colcon.colcon_core.package_identification:_identify(.) by extensions ['ros']
[0.209s] Level 1:colcon.colcon_core.package_identification:_identify(.) by extension 'ros'
[0.247s] Level 1:colcon.colcon_core.package_identification:_identify(.) by extensions ['cmake', 'python']
[0.248s] Level 1:colcon.colcon_core.package_identification:_identify(.) by extension 'cmake'
[0.248s] Level 1:colcon.colcon_core.package_identification:_identify(.) by extension 'python'
[0.248s] Level 1:colcon.colcon_core.package_identification:_identify(.) by extensions ['python_setup_py']
[0.248s] Level 1:colcon.colcon_core.package_identification:_identify(.) by extension 'python_setup_py'
[0.248s] Level 1:colcon.colcon_core.package_identification:_identify(build) by extensions ['ignore', 'ignore_ament_install']
[0.248s] Level 1:colcon.colcon_core.package_identification:_identify(build) by extension 'ignore'
[0.248s] Level 1:colcon.colcon_core.package_identification:_identify(build) ignored
[0.248s] Level 1:colcon.colcon_core.package_identification:_identify(install) by extensions ['ignore', 'ignore_ament_install']
[0.248s] Level 1:colcon.colcon_core.package_identification:_identify(install) by extension 'ignore'
[0.248s] Level 1:colcon.colcon_core.package_identification:_identify(install) ignored
[0.249s] Level 1:colcon.colcon_core.package_identification:_identify(log) by extensions ['ignore', 'ignore_ament_install']
[0.249s] Level 1:colcon.colcon_core.package_identification:_identify(log) by extension 'ignore'
[0.249s] Level 1:colcon.colcon_core.package_identification:_identify(log) ignored
[0.249s] Level 1:colcon.colcon_core.package_identification:_identify(src) by extensions ['ignore', 'ignore_ament_install']
[0.249s] Level 1:colcon.colcon_core.package_identification:_identify(src) by extension 'ignore'
[0.249s] Level 1:colcon.colcon_core.package_identification:_identify(src) by extension 'ignore_ament_install'
[0.249s] Level 1:colcon.colcon_core.package_identification:_identify(src) by extensions ['colcon_pkg']
[0.249s] Level 1:colcon.colcon_core.package_identification:_identify(src) by extension 'colcon_pkg'
[0.249s] Level 1:colcon.colcon_core.package_identification:_identify(src) by extensions ['colcon_meta']
[0.249s] Level 1:colcon.colcon_core.package_identification:_identify(src) by extension 'colcon_meta'
[0.249s] Level 1:colcon.colcon_core.package_identification:_identify(src) by extensions ['ros']
[0.249s] Level 1:colcon.colcon_core.package_identification:_identify(src) by extension 'ros'
[0.249s] Level 1:colcon.colcon_core.package_identification:_identify(src) by extensions ['cmake', 'python']
[0.249s] Level 1:colcon.colcon_core.package_identification:_identify(src) by extension 'cmake'
[0.249s] Level 1:colcon.colcon_core.package_identification:_identify(src) by extension 'python'
[0.249s] Level 1:colcon.colcon_core.package_identification:_identify(src) by extensions ['python_setup_py']
[0.249s] Level 1:colcon.colcon_core.package_identification:_identify(src) by extension 'python_setup_py'
[0.249s] Level 1:colcon.colcon_core.package_identification:_identify(src/build) by extensions ['ignore', 'ignore_ament_install']
[0.250s] Level 1:colcon.colcon_core.package_identification:_identify(src/build) by extension 'ignore'
[0.250s] Level 1:colcon.colcon_core.package_identification:_identify(src/build) ignored
[0.250s] Level 1:colcon.colcon_core.package_identification:_identify(src/install) by extensions ['ignore', 'ignore_ament_install']
[0.250s] Level 1:colcon.colcon_core.package_identification:_identify(src/install) by extension 'ignore'
[0.250s] Level 1:colcon.colcon_core.package_identification:_identify(src/install) ignored
[0.250s] Level 1:colcon.colcon_core.package_identification:_identify(src/log) by extensions ['ignore', 'ignore_ament_install']
[0.250s] Level 1:colcon.colcon_core.package_identification:_identify(src/log) by extension 'ignore'
[0.250s] Level 1:colcon.colcon_core.package_identification:_identify(src/log) ignored
[0.250s] Level 1:colcon.colcon_core.package_identification:_identify(src/mailrover_urdf) by extensions ['ignore', 'ignore_ament_install']
[0.250s] Level 1:colcon.colcon_core.package_identification:_identify(src/mailrover_urdf) by extension 'ignore'
[0.250s] Level 1:colcon.colcon_core.package_identification:_identify(src/mailrover_urdf) by extension 'ignore_ament_install'
[0.250s] Level 1:colcon.colcon_core.package_identification:_identify(src/mailrover_urdf) by extensions ['colcon_pkg']
[0.250s] Level 1:colcon.colcon_core.package_identification:_identify(src/mailrover_urdf) by extension 'colcon_pkg'
[0.250s] Level 1:colcon.colcon_core.package_identification:_identify(src/mailrover_urdf) by extensions ['colcon_meta']
[0.250s] Level 1:colcon.colcon_core.package_identification:_identify(src/mailrover_urdf) by extension 'colcon_meta'
[0.250s] Level 1:colcon.colcon_core.package_identification:_identify(src/mailrover_urdf) by extensions ['ros']
[0.250s] Level 1:colcon.colcon_core.package_identification:_identify(src/mailrover_urdf) by extension 'ros'
[0.254s] DEBUG:colcon.colcon_core.package_identification:Package 'src/mailrover_urdf' with type 'ros.ament_cmake' and name 'mailrover_urdf'
[0.254s] Level 1:colcon.colcon_core.package_identification:_identify(src/my_robot_controller) by extensions ['ignore', 'ignore_ament_install']
[0.254s] Level 1:colcon.colcon_core.package_identification:_identify(src/my_robot_controller) by extension 'ignore'
[0.254s] Level 1:colcon.colcon_core.package_identification:_identify(src/my_robot_controller) by extension 'ignore_ament_install'
[0.254s] Level 1:colcon.colcon_core.package_identification:_identify(src/my_robot_controller) by extensions ['colcon_pkg']
[0.254s] Level 1:colcon.colcon_core.package_identification:_identify(src/my_robot_controller) by extension 'colcon_pkg'
[0.254s] Level 1:colcon.colcon_core.package_identification:_identify(src/my_robot_controller) by extensions ['colcon_meta']
[0.254s] Level 1:colcon.colcon_core.package_identification:_identify(src/my_robot_controller) by extension 'colcon_meta'
[0.254s] Level 1:colcon.colcon_core.package_identification:_identify(src/my_robot_controller) by extensions ['ros']
[0.254s] Level 1:colcon.colcon_core.package_identification:_identify(src/my_robot_controller) by extension 'ros'
[0.255s] DEBUG:colcon.colcon_core.package_identification:Package 'src/my_robot_controller' with type 'ros.ament_python' and name 'my_robot_controller'
[0.255s] Level 1:colcon.colcon_core.package_identification:_identify(src/rf2o_laser_odometry) by extensions ['ignore', 'ignore_ament_install']
[0.256s] Level 1:colcon.colcon_core.package_identification:_identify(src/rf2o_laser_odometry) by extension 'ignore'
[0.256s] Level 1:colcon.colcon_core.package_identification:_identify(src/rf2o_laser_odometry) by extension 'ignore_ament_install'
[0.256s] Level 1:colcon.colcon_core.package_identification:_identify(src/rf2o_laser_odometry) by extensions ['colcon_pkg']
[0.256s] Level 1:colcon.colcon_core.package_identification:_identify(src/rf2o_laser_odometry) by extension 'colcon_pkg'
[0.256s] Level 1:colcon.colcon_core.package_identification:_identify(src/rf2o_laser_odometry) by extensions ['colcon_meta']
[0.256s] Level 1:colcon.colcon_core.package_identification:_identify(src/rf2o_laser_odometry) by extension 'colcon_meta'
[0.256s] Level 1:colcon.colcon_core.package_identification:_identify(src/rf2o_laser_odometry) by extensions ['ros']
[0.256s] Level 1:colcon.colcon_core.package_identification:_identify(src/rf2o_laser_odometry) by extension 'ros'
[0.257s] DEBUG:colcon.colcon_core.package_identification:Package 'src/rf2o_laser_odometry' with type 'ros.ament_cmake' and name 'rf2o_laser_odometry'
[0.257s] Level 1:colcon.colcon_core.package_identification:_identify(src/sllidar_ros2) by extensions ['ignore', 'ignore_ament_install']
[0.257s] Level 1:colcon.colcon_core.package_identification:_identify(src/sllidar_ros2) by extension 'ignore'
[0.257s] Level 1:colcon.colcon_core.package_identification:_identify(src/sllidar_ros2) by extension 'ignore_ament_install'
[0.257s] Level 1:colcon.colcon_core.package_identification:_identify(src/sllidar_ros2) by extensions ['colcon_pkg']
[0.257s] Level 1:colcon.colcon_core.package_identification:_identify(src/sllidar_ros2) by extension 'colcon_pkg'
[0.257s] Level 1:colcon.colcon_core.package_identification:_identify(src/sllidar_ros2) by extensions ['colcon_meta']
[0.257s] Level 1:colcon.colcon_core.package_identification:_identify(src/sllidar_ros2) by extension 'colcon_meta'
[0.257s] Level 1:colcon.colcon_core.package_identification:_identify(src/sllidar_ros2) by extensions ['ros']
[0.257s] Level 1:colcon.colcon_core.package_identification:_identify(src/sllidar_ros2) by extension 'ros'
[0.258s] DEBUG:colcon.colcon_core.package_identification:Package 'src/sllidar_ros2' with type 'ros.ament_cmake' and name 'sllidar_ros2'
[0.258s] Level 1:colcon.colcon_core.package_discovery:discover_packages(recursive) using defaults
[0.258s] Level 1:colcon.colcon_core.package_discovery:discover_packages(ignore) discover
[0.258s] Level 1:colcon.colcon_core.package_discovery:discover_packages(ignore) using defaults
[0.258s] Level 1:colcon.colcon_core.package_discovery:discover_packages(path) discover
[0.258s] Level 1:colcon.colcon_core.package_discovery:discover_packages(path) using defaults
[0.283s] Level 1:colcon.colcon_core.package_discovery:discover_packages(prefix_path) check parameters
[0.283s] Level 1:colcon.colcon_core.package_discovery:discover_packages(prefix_path) discover
[0.287s] DEBUG:colcon.colcon_installed_package_information.package_discovery:Found 326 installed packages in /opt/ros/jazzy
[0.288s] Level 1:colcon.colcon_core.package_discovery:discover_packages(prefix_path) using defaults
[0.350s] Level 5:colcon.colcon_core.verb:set package 'mailrover_urdf' build argument 'cmake_args' from command line to 'None'
[0.351s] Level 5:colcon.colcon_core.verb:set package 'mailrover_urdf' build argument 'cmake_target' from command line to 'None'
[0.351s] Level 5:colcon.colcon_core.verb:set package 'mailrover_urdf' build argument 'cmake_target_skip_unavailable' from command line to 'False'
[0.351s] Level 5:colcon.colcon_core.verb:set package 'mailrover_urdf' build argument 'cmake_clean_cache' from command line to 'False'
[0.351s] Level 5:colcon.colcon_core.verb:set package 'mailrover_urdf' build argument 'cmake_clean_first' from command line to 'False'
[0.351s] Level 5:colcon.colcon_core.verb:set package 'mailrover_urdf' build argument 'cmake_force_configure' from command line to 'False'
[0.351s] Level 5:colcon.colcon_core.verb:set package 'mailrover_urdf' build argument 'ament_cmake_args' from command line to 'None'
[0.351s] Level 5:colcon.colcon_core.verb:set package 'mailrover_urdf' build argument 'catkin_cmake_args' from command line to 'None'
[0.351s] Level 5:colcon.colcon_core.verb:set package 'mailrover_urdf' build argument 'catkin_skip_building_tests' from command line to 'False'
[0.351s] DEBUG:colcon.colcon_core.verb:Building package 'mailrover_urdf' with the following arguments: {'ament_cmake_args': None, 'build_base': '/home/mypi/ros2_ws_simon/build/mailrover_urdf', 'catkin_cmake_args': None, 'catkin_skip_building_tests': False, 'cmake_args': None, 'cmake_clean_cache': False, 'cmake_clean_first': False, 'cmake_force_configure': False, 'cmake_target': None, 'cmake_target_skip_unavailable': False, 'install_base': '/home/mypi/ros2_ws_simon/install/mailrover_urdf', 'merge_install': False, 'path': '/home/mypi/ros2_ws_simon/src/mailrover_urdf', 'symlink_install': True, 'test_result_base': None}
[0.351s] Level 5:colcon.colcon_core.verb:set package 'my_robot_controller' build argument 'cmake_args' from command line to 'None'
[0.351s] Level 5:colcon.colcon_core.verb:set package 'my_robot_controller' build argument 'cmake_target' from command line to 'None'
[0.351s] Level 5:colcon.colcon_core.verb:set package 'my_robot_controller' build argument 'cmake_target_skip_unavailable' from command line to 'False'
[0.351s] Level 5:colcon.colcon_core.verb:set package 'my_robot_controller' build argument 'cmake_clean_cache' from command line to 'False'
[0.351s] Level 5:colcon.colcon_core.verb:set package 'my_robot_controller' build argument 'cmake_clean_first' from command line to 'False'
[0.351s] Level 5:colcon.colcon_core.verb:set package 'my_robot_controller' build argument 'cmake_force_configure' from command line to 'False'
[0.351s] Level 5:colcon.colcon_core.verb:set package 'my_robot_controller' build argument 'ament_cmake_args' from command line to 'None'
[0.351s] Level 5:colcon.colcon_core.verb:set package 'my_robot_controller' build argument 'catkin_cmake_args' from command line to 'None'
[0.351s] Level 5:colcon.colcon_core.verb:set package 'my_robot_controller' build argument 'catkin_skip_building_tests' from command line to 'False'
[0.351s] DEBUG:colcon.colcon_core.verb:Building package 'my_robot_controller' with the following arguments: {'ament_cmake_args': None, 'build_base': '/home/mypi/ros2_ws_simon/build/my_robot_controller', 'catkin_cmake_args': None, 'catkin_skip_building_tests': False, 'cmake_args': None, 'cmake_clean_cache': False, 'cmake_clean_first': False, 'cmake_force_configure': False, 'cmake_target': None, 'cmake_target_skip_unavailable': False, 'install_base': '/home/mypi/ros2_ws_simon/install/my_robot_controller', 'merge_install': False, 'path': '/home/mypi/ros2_ws_simon/src/my_robot_controller', 'symlink_install': True, 'test_result_base': None}
[0.352s] Level 5:colcon.colcon_core.verb:set package 'rf2o_laser_odometry' build argument 'cmake_args' from command line to 'None'
[0.352s] Level 5:colcon.colcon_core.verb:set package 'rf2o_laser_odometry' build argument 'cmake_target' from command line to 'None'
[0.352s] Level 5:colcon.colcon_core.verb:set package 'rf2o_laser_odometry' build argument 'cmake_target_skip_unavailable' from command line to 'False'
[0.352s] Level 5:colcon.colcon_core.verb:set package 'rf2o_laser_odometry' build argument 'cmake_clean_cache' from command line to 'False'
[0.352s] Level 5:colcon.colcon_core.verb:set package 'rf2o_laser_odometry' build argument 'cmake_clean_first' from command line to 'False'
[0.352s] Level 5:colcon.colcon_core.verb:set package 'rf2o_laser_odometry' build argument 'cmake_force_configure' from command line to 'False'
[0.352s] Level 5:colcon.colcon_core.verb:set package 'rf2o_laser_odometry' build argument 'ament_cmake_args' from command line to 'None'
[0.352s] Level 5:colcon.colcon_core.verb:set package 'rf2o_laser_odometry' build argument 'catkin_cmake_args' from command line to 'None'
[0.352s] Level 5:colcon.colcon_core.verb:set package 'rf2o_laser_odometry' build argument 'catkin_skip_building_tests' from command line to 'False'
[0.352s] DEBUG:colcon.colcon_core.verb:Building package 'rf2o_laser_odometry' with the following arguments: {'ament_cmake_args': None, 'build_base': '/home/mypi/ros2_ws_simon/build/rf2o_laser_odometry', 'catkin_cmake_args': None, 'catkin_skip_building_tests': False, 'cmake_args': None, 'cmake_clean_cache': False, 'cmake_clean_first': False, 'cmake_force_configure': False, 'cmake_target': None, 'cmake_target_skip_unavailable': False, 'install_base': '/home/mypi/ros2_ws_simon/install/rf2o_laser_odometry', 'merge_install': False, 'path': '/home/mypi/ros2_ws_simon/src/rf2o_laser_odometry', 'symlink_install': True, 'test_result_base': None}
[0.352s] Level 5:colcon.colcon_core.verb:set package 'sllidar_ros2' build argument 'cmake_args' from command line to 'None'
[0.352s] Level 5:colcon.colcon_core.verb:set package 'sllidar_ros2' build argument 'cmake_target' from command line to 'None'
[0.352s] Level 5:colcon.colcon_core.verb:set package 'sllidar_ros2' build argument 'cmake_target_skip_unavailable' from command line to 'False'
[0.352s] Level 5:colcon.colcon_core.verb:set package 'sllidar_ros2' build argument 'cmake_clean_cache' from command line to 'False'
[0.352s] Level 5:colcon.colcon_core.verb:set package 'sllidar_ros2' build argument 'cmake_clean_first' from command line to 'False'
[0.352s] Level 5:colcon.colcon_core.verb:set package 'sllidar_ros2' build argument 'cmake_force_configure' from command line to 'False'
[0.352s] Level 5:colcon.colcon_core.verb:set package 'sllidar_ros2' build argument 'ament_cmake_args' from command line to 'None'
[0.352s] Level 5:colcon.colcon_core.verb:set package 'sllidar_ros2' build argument 'catkin_cmake_args' from command line to 'None'
[0.352s] Level 5:colcon.colcon_core.verb:set package 'sllidar_ros2' build argument 'catkin_skip_building_tests' from command line to 'False'
[0.352s] DEBUG:colcon.colcon_core.verb:Building package 'sllidar_ros2' with the following arguments: {'ament_cmake_args': None, 'build_base': '/home/mypi/ros2_ws_simon/build/sllidar_ros2', 'catkin_cmake_args': None, 'catkin_skip_building_tests': False, 'cmake_args': None, 'cmake_clean_cache': False, 'cmake_clean_first': False, 'cmake_force_configure': False, 'cmake_target': None, 'cmake_target_skip_unavailable': False, 'install_base': '/home/mypi/ros2_ws_simon/install/sllidar_ros2', 'merge_install': False, 'path': '/home/mypi/ros2_ws_simon/src/sllidar_ros2', 'symlink_install': True, 'test_result_base': None}
[0.353s] INFO:colcon.colcon_core.executor:Executing jobs using 'parallel' executor
[0.354s] DEBUG:colcon.colcon_parallel_executor.executor.parallel:run_until_complete
[0.354s] INFO:colcon.colcon_ros.task.ament_cmake.build:Building ROS package in '/home/mypi/ros2_ws_simon/src/mailrover_urdf' with build type 'ament_cmake'
[0.354s] INFO:colcon.colcon_cmake.task.cmake.build:Building CMake package in '/home/mypi/ros2_ws_simon/src/mailrover_urdf'
[0.357s] INFO:colcon.colcon_core.plugin_system:Skipping extension 'colcon_core.shell.bat': Not used on non-Windows systems
[0.357s] INFO:colcon.colcon_core.shell:Skip shell extension 'powershell' for command environment: Not usable outside of PowerShell
[0.357s] DEBUG:colcon.colcon_core.shell:Skip shell extension 'dsv' for command environment
[0.362s] INFO:colcon.colcon_ros.task.ament_python.build:Building ROS package in '/home/mypi/ros2_ws_simon/src/my_robot_controller' with build type 'ament_python'
[0.362s] Level 1:colcon.colcon_core.shell:create_environment_hook('my_robot_controller', 'ament_prefix_path')
[0.362s] INFO:colcon.colcon_core.shell:Creating environment hook '/home/mypi/ros2_ws_simon/install/my_robot_controller/share/my_robot_controller/hook/ament_prefix_path.ps1'
[0.364s] INFO:colcon.colcon_core.shell:Creating environment descriptor '/home/mypi/ros2_ws_simon/install/my_robot_controller/share/my_robot_controller/hook/ament_prefix_path.dsv'
[0.365s] INFO:colcon.colcon_core.shell:Creating environment hook '/home/mypi/ros2_ws_simon/install/my_robot_controller/share/my_robot_controller/hook/ament_prefix_path.sh'
[0.366s] INFO:colcon.colcon_core.shell:Skip shell extension 'powershell' for command environment: Not usable outside of PowerShell
[0.366s] DEBUG:colcon.colcon_core.shell:Skip shell extension 'dsv' for command environment
[0.370s] INFO:colcon.colcon_ros.task.ament_cmake.build:Building ROS package in '/home/mypi/ros2_ws_simon/src/rf2o_laser_odometry' with build type 'ament_cmake'
[0.370s] INFO:colcon.colcon_cmake.task.cmake.build:Building CMake package in '/home/mypi/ros2_ws_simon/src/rf2o_laser_odometry'
[0.370s] INFO:colcon.colcon_core.shell:Skip shell extension 'powershell' for command environment: Not usable outside of PowerShell
[0.370s] DEBUG:colcon.colcon_core.shell:Skip shell extension 'dsv' for command environment
[0.375s] INFO:colcon.colcon_ros.task.ament_cmake.build:Building ROS package in '/home/mypi/ros2_ws_simon/src/sllidar_ros2' with build type 'ament_cmake'
[0.375s] INFO:colcon.colcon_cmake.task.cmake.build:Building CMake package in '/home/mypi/ros2_ws_simon/src/sllidar_ros2'
[0.375s] INFO:colcon.colcon_core.shell:Skip shell extension 'powershell' for command environment: Not usable outside of PowerShell
[0.375s] DEBUG:colcon.colcon_core.shell:Skip shell extension 'dsv' for command environment
[0.385s] DEBUG:colcon.colcon_core.event_handler.log_command:Invoking command in '/home/mypi/ros2_ws_simon/build/mailrover_urdf': CMAKE_PREFIX_PATH=${CMAKE_PREFIX_PATH}:/opt/ros/jazzy /usr/bin/cmake /home/mypi/ros2_ws_simon/src/mailrover_urdf -DAMENT_CMAKE_SYMLINK_INSTALL=1 -DCMAKE_INSTALL_PREFIX=/home/mypi/ros2_ws_simon/install/mailrover_urdf
[0.768s] INFO:colcon.colcon_core.task.python.build:Building Python package in '/home/mypi/ros2_ws_simon/src/my_robot_controller'
[0.769s] INFO:colcon.colcon_core.shell:Skip shell extension 'powershell' for command environment: Not usable outside of PowerShell
[0.769s] DEBUG:colcon.colcon_core.shell:Skip shell extension 'dsv' for command environment
[0.776s] DEBUG:colcon.colcon_core.event_handler.log_command:Invoking command in '/home/mypi/ros2_ws_simon/build/rf2o_laser_odometry': CMAKE_PREFIX_PATH=${CMAKE_PREFIX_PATH}:/opt/ros/jazzy /usr/bin/cmake /home/mypi/ros2_ws_simon/src/rf2o_laser_odometry -DAMENT_CMAKE_SYMLINK_INSTALL=1 -DCMAKE_INSTALL_PREFIX=/home/mypi/ros2_ws_simon/install/rf2o_laser_odometry
[0.783s] DEBUG:colcon.colcon_core.event_handler.log_command:Invoking command in '/home/mypi/ros2_ws_simon/build/sllidar_ros2': CMAKE_PREFIX_PATH=${CMAKE_PREFIX_PATH}:/opt/ros/jazzy /usr/bin/cmake /home/mypi/ros2_ws_simon/src/sllidar_ros2 -DAMENT_CMAKE_SYMLINK_INSTALL=1 -DCMAKE_INSTALL_PREFIX=/home/mypi/ros2_ws_simon/install/sllidar_ros2
[2.379s] DEBUG:colcon.colcon_core.event_handler.log_command:Invoked command in '/home/mypi/ros2_ws_simon/build/mailrover_urdf' returned '0': CMAKE_PREFIX_PATH=${CMAKE_PREFIX_PATH}:/opt/ros/jazzy /usr/bin/cmake /home/mypi/ros2_ws_simon/src/mailrover_urdf -DAMENT_CMAKE_SYMLINK_INSTALL=1 -DCMAKE_INSTALL_PREFIX=/home/mypi/ros2_ws_simon/install/mailrover_urdf
[2.379s] DEBUG:colcon.colcon_core.event_handler.log_command:Invoking command in '/home/mypi/ros2_ws_simon/build/mailrover_urdf': CMAKE_PREFIX_PATH=${CMAKE_PREFIX_PATH}:/opt/ros/jazzy /usr/bin/cmake --build /home/mypi/ros2_ws_simon/build/mailrover_urdf -- -j4 -l4
[2.501s] DEBUG:colcon.colcon_core.event_handler.log_command:Invoked command in '/home/mypi/ros2_ws_simon/build/mailrover_urdf' returned '0': CMAKE_PREFIX_PATH=${CMAKE_PREFIX_PATH}:/opt/ros/jazzy /usr/bin/cmake --build /home/mypi/ros2_ws_simon/build/mailrover_urdf -- -j4 -l4
[2.536s] DEBUG:colcon.colcon_core.event_handler.log_command:Invoking command in '/home/mypi/ros2_ws_simon/build/mailrover_urdf': CMAKE_PREFIX_PATH=${CMAKE_PREFIX_PATH}:/opt/ros/jazzy /usr/bin/cmake --install /home/mypi/ros2_ws_simon/build/mailrover_urdf
[2.702s] DEBUG:colcon.colcon_core.event_handler.log_command:Invoking command in '/home/mypi/ros2_ws_simon/build/my_robot_controller': PYTHONPATH=/home/mypi/ros2_ws_simon/build/my_robot_controller/prefix_override:/usr/lib/python3/dist-packages/colcon_core/task/python/colcon_distutils_commands:/home/mypi/ros2_ws_simon/install/my_robot_controller/lib/python3.12/site-packages:${PYTHONPATH} /usr/bin/python3 -W ignore:setup.py install is deprecated -W ignore:easy_install command is deprecated setup.py develop --editable --build-directory /home/mypi/ros2_ws_simon/build/my_robot_controller/build --no-deps symlink_data
[3.476s] Level 1:colcon.colcon_core.environment:create_environment_scripts_only(mailrover_urdf)
[3.477s] DEBUG:colcon.colcon_core.event_handler.log_command:Invoked command in '/home/mypi/ros2_ws_simon/build/mailrover_urdf' returned '0': CMAKE_PREFIX_PATH=${CMAKE_PREFIX_PATH}:/opt/ros/jazzy /usr/bin/cmake --install /home/mypi/ros2_ws_simon/build/mailrover_urdf
[3.481s] Level 1:colcon.colcon_core.environment:checking '/home/mypi/ros2_ws_simon/install/mailrover_urdf' for CMake module files
[3.482s] Level 1:colcon.colcon_core.environment:checking '/home/mypi/ros2_ws_simon/install/mailrover_urdf' for CMake config files
[3.483s] Level 1:colcon.colcon_core.shell:create_environment_hook('mailrover_urdf', 'cmake_prefix_path')
[3.483s] INFO:colcon.colcon_core.shell:Creating environment hook '/home/mypi/ros2_ws_simon/install/mailrover_urdf/share/mailrover_urdf/hook/cmake_prefix_path.ps1'
[3.484s] INFO:colcon.colcon_core.shell:Creating environment descriptor '/home/mypi/ros2_ws_simon/install/mailrover_urdf/share/mailrover_urdf/hook/cmake_prefix_path.dsv'
[3.485s] INFO:colcon.colcon_core.shell:Creating environment hook '/home/mypi/ros2_ws_simon/install/mailrover_urdf/share/mailrover_urdf/hook/cmake_prefix_path.sh'
[3.486s] Level 1:colcon.colcon_core.environment:checking '/home/mypi/ros2_ws_simon/install/mailrover_urdf/bin'
[3.486s] Level 1:colcon.colcon_core.environment:checking '/home/mypi/ros2_ws_simon/install/mailrover_urdf/lib/pkgconfig/mailrover_urdf.pc'
[3.487s] Level 1:colcon.colcon_core.environment:checking '/home/mypi/ros2_ws_simon/install/mailrover_urdf/lib/python3.12/site-packages'
[3.487s] Level 1:colcon.colcon_core.environment:checking '/home/mypi/ros2_ws_simon/install/mailrover_urdf/bin'
[3.488s] INFO:colcon.colcon_core.shell:Creating package script '/home/mypi/ros2_ws_simon/install/mailrover_urdf/share/mailrover_urdf/package.ps1'
[3.489s] INFO:colcon.colcon_core.shell:Creating package descriptor '/home/mypi/ros2_ws_simon/install/mailrover_urdf/share/mailrover_urdf/package.dsv'
[3.490s] INFO:colcon.colcon_core.shell:Creating package script '/home/mypi/ros2_ws_simon/install/mailrover_urdf/share/mailrover_urdf/package.sh'
[3.491s] INFO:colcon.colcon_core.shell:Creating package script '/home/mypi/ros2_ws_simon/install/mailrover_urdf/share/mailrover_urdf/package.bash'
[3.492s] INFO:colcon.colcon_core.shell:Creating package script '/home/mypi/ros2_ws_simon/install/mailrover_urdf/share/mailrover_urdf/package.zsh'
[3.494s] Level 1:colcon.colcon_core.environment:create_file_with_runtime_dependencies(/home/mypi/ros2_ws_simon/install/mailrover_urdf/share/colcon-core/packages/mailrover_urdf)
[3.495s] Level 1:colcon.colcon_core.environment:create_environment_scripts_only(mailrover_urdf)
[3.496s] Level 1:colcon.colcon_core.environment:checking '/home/mypi/ros2_ws_simon/install/mailrover_urdf' for CMake module files
[3.497s] Level 1:colcon.colcon_core.environment:checking '/home/mypi/ros2_ws_simon/install/mailrover_urdf' for CMake config files
[3.497s] Level 1:colcon.colcon_core.shell:create_environment_hook('mailrover_urdf', 'cmake_prefix_path')
[3.498s] INFO:colcon.colcon_core.shell:Creating environment hook '/home/mypi/ros2_ws_simon/install/mailrover_urdf/share/mailrover_urdf/hook/cmake_prefix_path.ps1'
[3.499s] INFO:colcon.colcon_core.shell:Creating environment descriptor '/home/mypi/ros2_ws_simon/install/mailrover_urdf/share/mailrover_urdf/hook/cmake_prefix_path.dsv'
[3.502s] INFO:colcon.colcon_core.shell:Creating environment hook '/home/mypi/ros2_ws_simon/install/mailrover_urdf/share/mailrover_urdf/hook/cmake_prefix_path.sh'
[3.503s] Level 1:colcon.colcon_core.environment:checking '/home/mypi/ros2_ws_simon/install/mailrover_urdf/bin'
[3.503s] Level 1:colcon.colcon_core.environment:checking '/home/mypi/ros2_ws_simon/install/mailrover_urdf/lib/pkgconfig/mailrover_urdf.pc'
[3.504s] Level 1:colcon.colcon_core.environment:checking '/home/mypi/ros2_ws_simon/install/mailrover_urdf/lib/python3.12/site-packages'
[3.505s] Level 1:colcon.colcon_core.environment:checking '/home/mypi/ros2_ws_simon/install/mailrover_urdf/bin'
[3.505s] INFO:colcon.colcon_core.shell:Creating package script '/home/mypi/ros2_ws_simon/install/mailrover_urdf/share/mailrover_urdf/package.ps1'
[3.507s] INFO:colcon.colcon_core.shell:Creating package descriptor '/home/mypi/ros2_ws_simon/install/mailrover_urdf/share/mailrover_urdf/package.dsv'
[3.508s] INFO:colcon.colcon_core.shell:Creating package script '/home/mypi/ros2_ws_simon/install/mailrover_urdf/share/mailrover_urdf/package.sh'
[3.509s] INFO:colcon.colcon_core.shell:Creating package script '/home/mypi/ros2_ws_simon/install/mailrover_urdf/share/mailrover_urdf/package.bash'
[3.509s] INFO:colcon.colcon_core.shell:Creating package script '/home/mypi/ros2_ws_simon/install/mailrover_urdf/share/mailrover_urdf/package.zsh'
[3.511s] Level 1:colcon.colcon_core.environment:create_file_with_runtime_dependencies(/home/mypi/ros2_ws_simon/install/mailrover_urdf/share/colcon-core/packages/mailrover_urdf)
[3.950s] DEBUG:colcon.colcon_core.event_handler.log_command:Invoked command in '/home/mypi/ros2_ws_simon/build/sllidar_ros2' returned '0': CMAKE_PREFIX_PATH=${CMAKE_PREFIX_PATH}:/opt/ros/jazzy /usr/bin/cmake /home/mypi/ros2_ws_simon/src/sllidar_ros2 -DAMENT_CMAKE_SYMLINK_INSTALL=1 -DCMAKE_INSTALL_PREFIX=/home/mypi/ros2_ws_simon/install/sllidar_ros2
[3.953s] DEBUG:colcon.colcon_core.event_handler.log_command:Invoking command in '/home/mypi/ros2_ws_simon/build/sllidar_ros2': CMAKE_PREFIX_PATH=${CMAKE_PREFIX_PATH}:/opt/ros/jazzy /usr/bin/cmake --build /home/mypi/ros2_ws_simon/build/sllidar_ros2 -- -j4 -l4
[3.958s] Level 1:colcon.colcon_core.shell:create_environment_hook('my_robot_controller', 'pythonpath_develop')
[3.959s] INFO:colcon.colcon_core.shell:Creating environment hook '/home/mypi/ros2_ws_simon/build/my_robot_controller/share/my_robot_controller/hook/pythonpath_develop.ps1'
[3.959s] DEBUG:colcon.colcon_core.event_handler.log_command:Invoked command in '/home/mypi/ros2_ws_simon/build/my_robot_controller' returned '0': PYTHONPATH=/home/mypi/ros2_ws_simon/build/my_robot_controller/prefix_override:/usr/lib/python3/dist-packages/colcon_core/task/python/colcon_distutils_commands:/home/mypi/ros2_ws_simon/install/my_robot_controller/lib/python3.12/site-packages:${PYTHONPATH} /usr/bin/python3 -W ignore:setup.py install is deprecated -W ignore:easy_install command is deprecated setup.py develop --editable --build-directory /home/mypi/ros2_ws_simon/build/my_robot_controller/build --no-deps symlink_data
[3.960s] INFO:colcon.colcon_core.shell:Creating environment descriptor '/home/mypi/ros2_ws_simon/build/my_robot_controller/share/my_robot_controller/hook/pythonpath_develop.dsv'
[3.960s] INFO:colcon.colcon_core.shell:Creating environment hook '/home/mypi/ros2_ws_simon/build/my_robot_controller/share/my_robot_controller/hook/pythonpath_develop.sh'
[3.961s] Level 1:colcon.colcon_core.environment:checking '/home/mypi/ros2_ws_simon/install/my_robot_controller' for CMake module files
[3.962s] Level 1:colcon.colcon_core.environment:checking '/home/mypi/ros2_ws_simon/install/my_robot_controller' for CMake config files
[3.963s] Level 1:colcon.colcon_core.environment:checking '/home/mypi/ros2_ws_simon/install/my_robot_controller/lib'
[3.963s] Level 1:colcon.colcon_core.environment:checking '/home/mypi/ros2_ws_simon/install/my_robot_controller/bin'
[3.964s] Level 1:colcon.colcon_core.environment:checking '/home/mypi/ros2_ws_simon/install/my_robot_controller/lib/pkgconfig/my_robot_controller.pc'
[3.966s] Level 1:colcon.colcon_core.environment:checking '/home/mypi/ros2_ws_simon/install/my_robot_controller/lib/python3.12/site-packages'
[3.966s] Level 1:colcon.colcon_core.shell:create_environment_hook('my_robot_controller', 'pythonpath')
[3.966s] INFO:colcon.colcon_core.shell:Creating environment hook '/home/mypi/ros2_ws_simon/install/my_robot_controller/share/my_robot_controller/hook/pythonpath.ps1'
[3.967s] INFO:colcon.colcon_core.shell:Creating environment descriptor '/home/mypi/ros2_ws_simon/install/my_robot_controller/share/my_robot_controller/hook/pythonpath.dsv'
[3.968s] INFO:colcon.colcon_core.shell:Creating environment hook '/home/mypi/ros2_ws_simon/install/my_robot_controller/share/my_robot_controller/hook/pythonpath.sh'
[3.969s] Level 1:colcon.colcon_core.environment:checking '/home/mypi/ros2_ws_simon/install/my_robot_controller/bin'
[3.969s] Level 1:colcon.colcon_core.environment:create_environment_scripts_only(my_robot_controller)
[3.969s] INFO:colcon.colcon_core.shell:Creating package script '/home/mypi/ros2_ws_simon/install/my_robot_controller/share/my_robot_controller/package.ps1'
[3.970s] INFO:colcon.colcon_core.shell:Creating package descriptor '/home/mypi/ros2_ws_simon/install/my_robot_controller/share/my_robot_controller/package.dsv'
[3.971s] INFO:colcon.colcon_core.shell:Creating package script '/home/mypi/ros2_ws_simon/install/my_robot_controller/share/my_robot_controller/package.sh'
[3.972s] INFO:colcon.colcon_core.shell:Creating package script '/home/mypi/ros2_ws_simon/install/my_robot_controller/share/my_robot_controller/package.bash'
[3.972s] INFO:colcon.colcon_core.shell:Creating package script '/home/mypi/ros2_ws_simon/install/my_robot_controller/share/my_robot_controller/package.zsh'
[3.973s] Level 1:colcon.colcon_core.environment:create_file_with_runtime_dependencies(/home/mypi/ros2_ws_simon/install/my_robot_controller/share/colcon-core/packages/my_robot_controller)
[4.752s] DEBUG:colcon.colcon_core.event_handler.log_command:Invoked command in '/home/mypi/ros2_ws_simon/build/rf2o_laser_odometry' returned '0': CMAKE_PREFIX_PATH=${CMAKE_PREFIX_PATH}:/opt/ros/jazzy /usr/bin/cmake /home/mypi/ros2_ws_simon/src/rf2o_laser_odometry -DAMENT_CMAKE_SYMLINK_INSTALL=1 -DCMAKE_INSTALL_PREFIX=/home/mypi/ros2_ws_simon/install/rf2o_laser_odometry
[4.754s] DEBUG:colcon.colcon_core.event_handler.log_command:Invoking command in '/home/mypi/ros2_ws_simon/build/rf2o_laser_odometry': CMAKE_PREFIX_PATH=${CMAKE_PREFIX_PATH}:/opt/ros/jazzy /usr/bin/cmake --build /home/mypi/ros2_ws_simon/build/rf2o_laser_odometry -- -j4 -l4
[36.051s] DEBUG:colcon.colcon_core.event_handler.log_command:Invoked command in '/home/mypi/ros2_ws_simon/build/sllidar_ros2' returned '0': CMAKE_PREFIX_PATH=${CMAKE_PREFIX_PATH}:/opt/ros/jazzy /usr/bin/cmake --build /home/mypi/ros2_ws_simon/build/sllidar_ros2 -- -j4 -l4
[36.052s] DEBUG:colcon.colcon_core.event_handler.log_command:Invoking command in '/home/mypi/ros2_ws_simon/build/sllidar_ros2': CMAKE_PREFIX_PATH=${CMAKE_PREFIX_PATH}:/opt/ros/jazzy /usr/bin/cmake --install /home/mypi/ros2_ws_simon/build/sllidar_ros2
[37.207s] Level 1:colcon.colcon_core.environment:create_environment_scripts_only(sllidar_ros2)
[37.208s] Level 1:colcon.colcon_core.environment:checking '/home/mypi/ros2_ws_simon/install/sllidar_ros2' for CMake module files
[37.208s] DEBUG:colcon.colcon_core.event_handler.log_command:Invoked command in '/home/mypi/ros2_ws_simon/build/sllidar_ros2' returned '0': CMAKE_PREFIX_PATH=${CMAKE_PREFIX_PATH}:/opt/ros/jazzy /usr/bin/cmake --install /home/mypi/ros2_ws_simon/build/sllidar_ros2
[37.210s] Level 1:colcon.colcon_core.environment:checking '/home/mypi/ros2_ws_simon/install/sllidar_ros2' for CMake config files
[37.211s] Level 1:colcon.colcon_core.shell:create_environment_hook('sllidar_ros2', 'cmake_prefix_path')
[37.211s] INFO:colcon.colcon_core.shell:Creating environment hook '/home/mypi/ros2_ws_simon/install/sllidar_ros2/share/sllidar_ros2/hook/cmake_prefix_path.ps1'
[37.212s] INFO:colcon.colcon_core.shell:Creating environment descriptor '/home/mypi/ros2_ws_simon/install/sllidar_ros2/share/sllidar_ros2/hook/cmake_prefix_path.dsv'
[37.213s] INFO:colcon.colcon_core.shell:Creating environment hook '/home/mypi/ros2_ws_simon/install/sllidar_ros2/share/sllidar_ros2/hook/cmake_prefix_path.sh'
[37.214s] Level 1:colcon.colcon_core.environment:checking '/home/mypi/ros2_ws_simon/install/sllidar_ros2/lib'
[37.215s] Level 1:colcon.colcon_core.environment:checking '/home/mypi/ros2_ws_simon/install/sllidar_ros2/bin'
[37.215s] Level 1:colcon.colcon_core.environment:checking '/home/mypi/ros2_ws_simon/install/sllidar_ros2/lib/pkgconfig/sllidar_ros2.pc'
[37.215s] Level 1:colcon.colcon_core.environment:checking '/home/mypi/ros2_ws_simon/install/sllidar_ros2/lib/python3.12/site-packages'
[37.216s] Level 1:colcon.colcon_core.environment:checking '/home/mypi/ros2_ws_simon/install/sllidar_ros2/bin'
[37.216s] INFO:colcon.colcon_core.shell:Creating package script '/home/mypi/ros2_ws_simon/install/sllidar_ros2/share/sllidar_ros2/package.ps1'
[37.218s] INFO:colcon.colcon_core.shell:Creating package descriptor '/home/mypi/ros2_ws_simon/install/sllidar_ros2/share/sllidar_ros2/package.dsv'
[37.219s] INFO:colcon.colcon_core.shell:Creating package script '/home/mypi/ros2_ws_simon/install/sllidar_ros2/share/sllidar_ros2/package.sh'
[37.220s] INFO:colcon.colcon_core.shell:Creating package script '/home/mypi/ros2_ws_simon/install/sllidar_ros2/share/sllidar_ros2/package.bash'
[37.220s] INFO:colcon.colcon_core.shell:Creating package script '/home/mypi/ros2_ws_simon/install/sllidar_ros2/share/sllidar_ros2/package.zsh'
[37.221s] Level 1:colcon.colcon_core.environment:create_file_with_runtime_dependencies(/home/mypi/ros2_ws_simon/install/sllidar_ros2/share/colcon-core/packages/sllidar_ros2)
[37.222s] Level 1:colcon.colcon_core.environment:create_environment_scripts_only(sllidar_ros2)
[37.222s] Level 1:colcon.colcon_core.environment:checking '/home/mypi/ros2_ws_simon/install/sllidar_ros2' for CMake module files
[37.224s] Level 1:colcon.colcon_core.environment:checking '/home/mypi/ros2_ws_simon/install/sllidar_ros2' for CMake config files
[37.225s] Level 1:colcon.colcon_core.shell:create_environment_hook('sllidar_ros2', 'cmake_prefix_path')
[37.226s] INFO:colcon.colcon_core.shell:Creating environment hook '/home/mypi/ros2_ws_simon/install/sllidar_ros2/share/sllidar_ros2/hook/cmake_prefix_path.ps1'
[37.227s] INFO:colcon.colcon_core.shell:Creating environment descriptor '/home/mypi/ros2_ws_simon/install/sllidar_ros2/share/sllidar_ros2/hook/cmake_prefix_path.dsv'
[37.227s] INFO:colcon.colcon_core.shell:Creating environment hook '/home/mypi/ros2_ws_simon/install/sllidar_ros2/share/sllidar_ros2/hook/cmake_prefix_path.sh'
[37.229s] Level 1:colcon.colcon_core.environment:checking '/home/mypi/ros2_ws_simon/install/sllidar_ros2/lib'
[37.229s] Level 1:colcon.colcon_core.environment:checking '/home/mypi/ros2_ws_simon/install/sllidar_ros2/bin'
[37.229s] Level 1:colcon.colcon_core.environment:checking '/home/mypi/ros2_ws_simon/install/sllidar_ros2/lib/pkgconfig/sllidar_ros2.pc'
[37.230s] Level 1:colcon.colcon_core.environment:checking '/home/mypi/ros2_ws_simon/install/sllidar_ros2/lib/python3.12/site-packages'
[37.230s] Level 1:colcon.colcon_core.environment:checking '/home/mypi/ros2_ws_simon/install/sllidar_ros2/bin'
[37.231s] INFO:colcon.colcon_core.shell:Creating package script '/home/mypi/ros2_ws_simon/install/sllidar_ros2/share/sllidar_ros2/package.ps1'
[37.232s] INFO:colcon.colcon_core.shell:Creating package descriptor '/home/mypi/ros2_ws_simon/install/sllidar_ros2/share/sllidar_ros2/package.dsv'
[37.234s] INFO:colcon.colcon_core.shell:Creating package script '/home/mypi/ros2_ws_simon/install/sllidar_ros2/share/sllidar_ros2/package.sh'
[37.235s] INFO:colcon.colcon_core.shell:Creating package script '/home/mypi/ros2_ws_simon/install/sllidar_ros2/share/sllidar_ros2/package.bash'
[37.236s] INFO:colcon.colcon_core.shell:Creating package script '/home/mypi/ros2_ws_simon/install/sllidar_ros2/share/sllidar_ros2/package.zsh'
[37.237s] Level 1:colcon.colcon_core.environment:create_file_with_runtime_dependencies(/home/mypi/ros2_ws_simon/install/sllidar_ros2/share/colcon-core/packages/sllidar_ros2)
[62.208s] DEBUG:colcon.colcon_core.event_handler.log_command:Invoked command in '/home/mypi/ros2_ws_simon/build/rf2o_laser_odometry' returned '0': CMAKE_PREFIX_PATH=${CMAKE_PREFIX_PATH}:/opt/ros/jazzy /usr/bin/cmake --build /home/mypi/ros2_ws_simon/build/rf2o_laser_odometry -- -j4 -l4
[62.210s] DEBUG:colcon.colcon_core.event_handler.log_command:Invoking command in '/home/mypi/ros2_ws_simon/build/rf2o_laser_odometry': CMAKE_PREFIX_PATH=${CMAKE_PREFIX_PATH}:/opt/ros/jazzy /usr/bin/cmake --install /home/mypi/ros2_ws_simon/build/rf2o_laser_odometry
[62.552s] Level 1:colcon.colcon_core.environment:create_environment_scripts_only(rf2o_laser_odometry)
[62.552s] Level 1:colcon.colcon_core.environment:checking '/home/mypi/ros2_ws_simon/install/rf2o_laser_odometry' for CMake module files
[62.553s] DEBUG:colcon.colcon_core.event_handler.log_command:Invoked command in '/home/mypi/ros2_ws_simon/build/rf2o_laser_odometry' returned '0': CMAKE_PREFIX_PATH=${CMAKE_PREFIX_PATH}:/opt/ros/jazzy /usr/bin/cmake --install /home/mypi/ros2_ws_simon/build/rf2o_laser_odometry
[62.553s] Level 1:colcon.colcon_core.environment:checking '/home/mypi/ros2_ws_simon/install/rf2o_laser_odometry' for CMake config files
[62.554s] Level 1:colcon.colcon_core.shell:create_environment_hook('rf2o_laser_odometry', 'cmake_prefix_path')
[62.554s] INFO:colcon.colcon_core.shell:Creating environment hook '/home/mypi/ros2_ws_simon/install/rf2o_laser_odometry/share/rf2o_laser_odometry/hook/cmake_prefix_path.ps1'
[62.555s] INFO:colcon.colcon_core.shell:Creating environment descriptor '/home/mypi/ros2_ws_simon/install/rf2o_laser_odometry/share/rf2o_laser_odometry/hook/cmake_prefix_path.dsv'
[62.555s] INFO:colcon.colcon_core.shell:Creating environment hook '/home/mypi/ros2_ws_simon/install/rf2o_laser_odometry/share/rf2o_laser_odometry/hook/cmake_prefix_path.sh'
[62.556s] Level 1:colcon.colcon_core.environment:checking '/home/mypi/ros2_ws_simon/install/rf2o_laser_odometry/lib'
[62.556s] Level 1:colcon.colcon_core.environment:checking '/home/mypi/ros2_ws_simon/install/rf2o_laser_odometry/bin'
[62.556s] Level 1:colcon.colcon_core.environment:checking '/home/mypi/ros2_ws_simon/install/rf2o_laser_odometry/lib/pkgconfig/rf2o_laser_odometry.pc'
[62.557s] Level 1:colcon.colcon_core.environment:checking '/home/mypi/ros2_ws_simon/install/rf2o_laser_odometry/lib/python3.12/site-packages'
[62.557s] Level 1:colcon.colcon_core.environment:checking '/home/mypi/ros2_ws_simon/install/rf2o_laser_odometry/bin'
[62.557s] INFO:colcon.colcon_core.shell:Creating package script '/home/mypi/ros2_ws_simon/install/rf2o_laser_odometry/share/rf2o_laser_odometry/package.ps1'
[62.558s] INFO:colcon.colcon_core.shell:Creating package descriptor '/home/mypi/ros2_ws_simon/install/rf2o_laser_odometry/share/rf2o_laser_odometry/package.dsv'
[62.559s] INFO:colcon.colcon_core.shell:Creating package script '/home/mypi/ros2_ws_simon/install/rf2o_laser_odometry/share/rf2o_laser_odometry/package.sh'
[62.559s] INFO:colcon.colcon_core.shell:Creating package script '/home/mypi/ros2_ws_simon/install/rf2o_laser_odometry/share/rf2o_laser_odometry/package.bash'
[62.559s] INFO:colcon.colcon_core.shell:Creating package script '/home/mypi/ros2_ws_simon/install/rf2o_laser_odometry/share/rf2o_laser_odometry/package.zsh'
[62.560s] Level 1:colcon.colcon_core.environment:create_file_with_runtime_dependencies(/home/mypi/ros2_ws_simon/install/rf2o_laser_odometry/share/colcon-core/packages/rf2o_laser_odometry)
[62.561s] Level 1:colcon.colcon_core.environment:create_environment_scripts_only(rf2o_laser_odometry)
[62.561s] Level 1:colcon.colcon_core.environment:checking '/home/mypi/ros2_ws_simon/install/rf2o_laser_odometry' for CMake module files
[62.562s] Level 1:colcon.colcon_core.environment:checking '/home/mypi/ros2_ws_simon/install/rf2o_laser_odometry' for CMake config files
[62.562s] Level 1:colcon.colcon_core.shell:create_environment_hook('rf2o_laser_odometry', 'cmake_prefix_path')
[62.563s] INFO:colcon.colcon_core.shell:Creating environment hook '/home/mypi/ros2_ws_simon/install/rf2o_laser_odometry/share/rf2o_laser_odometry/hook/cmake_prefix_path.ps1'
[62.563s] INFO:colcon.colcon_core.shell:Creating environment descriptor '/home/mypi/ros2_ws_simon/install/rf2o_laser_odometry/share/rf2o_laser_odometry/hook/cmake_prefix_path.dsv'
[62.564s] INFO:colcon.colcon_core.shell:Creating environment hook '/home/mypi/ros2_ws_simon/install/rf2o_laser_odometry/share/rf2o_laser_odometry/hook/cmake_prefix_path.sh'
[62.565s] Level 1:colcon.colcon_core.environment:checking '/home/mypi/ros2_ws_simon/install/rf2o_laser_odometry/lib'
[62.565s] Level 1:colcon.colcon_core.environment:checking '/home/mypi/ros2_ws_simon/install/rf2o_laser_odometry/bin'
[62.565s] Level 1:colcon.colcon_core.environment:checking '/home/mypi/ros2_ws_simon/install/rf2o_laser_odometry/lib/pkgconfig/rf2o_laser_odometry.pc'
[62.566s] Level 1:colcon.colcon_core.environment:checking '/home/mypi/ros2_ws_simon/install/rf2o_laser_odometry/lib/python3.12/site-packages'
[62.566s] Level 1:colcon.colcon_core.environment:checking '/home/mypi/ros2_ws_simon/install/rf2o_laser_odometry/bin'
[62.567s] INFO:colcon.colcon_core.shell:Creating package script '/home/mypi/ros2_ws_simon/install/rf2o_laser_odometry/share/rf2o_laser_odometry/package.ps1'
[62.567s] INFO:colcon.colcon_core.shell:Creating package descriptor '/home/mypi/ros2_ws_simon/install/rf2o_laser_odometry/share/rf2o_laser_odometry/package.dsv'
[62.568s] INFO:colcon.colcon_core.shell:Creating package script '/home/mypi/ros2_ws_simon/install/rf2o_laser_odometry/share/rf2o_laser_odometry/package.sh'
[62.569s] INFO:colcon.colcon_core.shell:Creating package script '/home/mypi/ros2_ws_simon/install/rf2o_laser_odometry/share/rf2o_laser_odometry/package.bash'
[62.570s] INFO:colcon.colcon_core.shell:Creating package script '/home/mypi/ros2_ws_simon/install/rf2o_laser_odometry/share/rf2o_laser_odometry/package.zsh'
[62.571s] Level 1:colcon.colcon_core.environment:create_file_with_runtime_dependencies(/home/mypi/ros2_ws_simon/install/rf2o_laser_odometry/share/colcon-core/packages/rf2o_laser_odometry)
[62.571s] DEBUG:colcon.colcon_parallel_executor.executor.parallel:closing loop
[62.572s] DEBUG:colcon.colcon_parallel_executor.executor.parallel:loop closed
[62.572s] DEBUG:colcon.colcon_parallel_executor.executor.parallel:run_until_complete finished with '0'
[62.572s] DEBUG:colcon.colcon_core.event_reactor:joining thread
[62.581s] INFO:colcon.colcon_core.plugin_system:Skipping extension 'colcon_notification.desktop_notification.notify_send': Could not find 'notify-send'
[62.581s] INFO:colcon.colcon_core.plugin_system:Skipping extension 'colcon_notification.desktop_notification.terminal_notifier': Not used on non-Darwin systems
[62.581s] INFO:colcon.colcon_core.plugin_system:Skipping extension 'colcon_notification.desktop_notification.win32': Not used on non-Windows systems
[62.581s] INFO:colcon.colcon_notification.desktop_notification:Sending desktop notification using 'notify2'
[62.581s] DEBUG:colcon.colcon_notification.desktop_notification.notify2:Failed to initialize notify2: org.freedesktop.DBus.Error.NotSupported: Unable to autolaunch a dbus-daemon without a $DISPLAY for X11
[62.581s] DEBUG:colcon.colcon_core.event_reactor:joined thread
[62.582s] INFO:colcon.colcon_core.shell:Creating prefix script '/home/mypi/ros2_ws_simon/install/local_setup.ps1'
[62.583s] INFO:colcon.colcon_core.shell:Creating prefix util module '/home/mypi/ros2_ws_simon/install/_local_setup_util_ps1.py'
[62.584s] INFO:colcon.colcon_core.shell:Creating prefix chain script '/home/mypi/ros2_ws_simon/install/setup.ps1'
[62.586s] INFO:colcon.colcon_core.shell:Creating prefix script '/home/mypi/ros2_ws_simon/install/local_setup.sh'
[62.586s] INFO:colcon.colcon_core.shell:Creating prefix util module '/home/mypi/ros2_ws_simon/install/_local_setup_util_sh.py'
[62.587s] INFO:colcon.colcon_core.shell:Creating prefix chain script '/home/mypi/ros2_ws_simon/install/setup.sh'
[62.588s] INFO:colcon.colcon_core.shell:Creating prefix script '/home/mypi/ros2_ws_simon/install/local_setup.bash'
[62.588s] INFO:colcon.colcon_core.shell:Creating prefix chain script '/home/mypi/ros2_ws_simon/install/setup.bash'
[62.589s] INFO:colcon.colcon_core.shell:Creating prefix script '/home/mypi/ros2_ws_simon/install/local_setup.zsh'
[62.590s] INFO:colcon.colcon_core.shell:Creating prefix chain script '/home/mypi/ros2_ws_simon/install/setup.zsh'
