1782878530.5964534 [INFO] [launch]: All log files can be found below /home/mypi/.ros/log/2026-06-30-21-02-10-594890-pi5-9910
1782878530.5967028 [INFO] [launch]: Default logging verbosity is set to INFO
1782878530.9795904 [INFO] [controller_server-1]: process started with pid [9913]
1782878530.9847481 [INFO] [smoother_server-2]: process started with pid [9914]
1782878530.9903588 [INFO] [planner_server-3]: process started with pid [9915]
1782878530.9949265 [INFO] [route_server-4]: process started with pid [9916]
1782878530.9950814 [INFO] [behavior_server-5]: process started with pid [9917]
1782878530.9951949 [INFO] [bt_navigator-6]: process started with pid [9918]
1782878530.9952991 [INFO] [waypoint_follower-7]: process started with pid [9919]
1782878530.9953930 [INFO] [velocity_smoother-8]: process started with pid [9920]
1782878530.9954979 [INFO] [collision_monitor-9]: process started with pid [9921]
1782878530.9956162 [INFO] [opennav_docking-10]: process started with pid [9922]
1782878530.9957259 [INFO] [lifecycle_manager-11]: process started with pid [9923]
1782878621.8142228 [WARNING] [launch]: user interrupted with ctrl-c (SIGINT)
1782878622.7397316 [INFO] [velocity_smoother-8]: process has finished cleanly [pid 9920]
1782878623.3567595 [INFO] [smoother_server-2]: process has finished cleanly [pid 9914]
1782878623.6058311 [INFO] [collision_monitor-9]: process has finished cleanly [pid 9921]
1782878623.7765207 [INFO] [route_server-4]: process has finished cleanly [pid 9916]
1782878623.8820417 [INFO] [waypoint_follower-7]: process has finished cleanly [pid 9919]
1782878623.9736161 [INFO] [opennav_docking-10]: process has finished cleanly [pid 9922]
1782878624.2422497 [INFO] [behavior_server-5]: process has finished cleanly [pid 9917]
1782878624.3279915 [INFO] [lifecycle_manager-11]: process has finished cleanly [pid 9923]
1782878624.4866588 [INFO] [controller_server-1]: process has finished cleanly [pid 9913]
1782878624.8987243 [INFO] [planner_server-3]: process has finished cleanly [pid 9915]
1782878625.0649197 [INFO] [bt_navigator-6]: process has finished cleanly [pid 9918]
