[2.598s] Invoking command in '/home/mypi/ros2_ws_wendy/build/my_robot_controller': PYTHONPATH=/home/mypi/ros2_ws_wendy/build/my_robot_controller/prefix_override:/usr/lib/python3/dist-packages/colcon_core/task/python/colcon_distutils_commands:/home/mypi/ros2_ws_wendy/install/my_robot_controller/lib/python3.12/site-packages:${PYTHONPATH} /usr/bin/python3 -W ignore:setup.py install is deprecated -W ignore:easy_install command is deprecated setup.py develop --editable --build-directory /home/mypi/ros2_ws_wendy/build/my_robot_controller/build --no-deps symlink_data
[3.454s] running develop
[3.940s] running egg_info
[3.977s] writing my_robot_controller.egg-info/PKG-INFO
[3.980s] writing dependency_links to my_robot_controller.egg-info/dependency_links.txt
[3.981s] writing entry points to my_robot_controller.egg-info/entry_points.txt
[3.983s] writing requirements to my_robot_controller.egg-info/requires.txt
[3.984s] writing top-level names to my_robot_controller.egg-info/top_level.txt
[4.098s] reading manifest file 'my_robot_controller.egg-info/SOURCES.txt'
[4.099s] writing manifest file 'my_robot_controller.egg-info/SOURCES.txt'
[4.150s] running build_ext
[4.150s] Creating /home/mypi/ros2_ws_wendy/install/my_robot_controller/lib/python3.12/site-packages/my-robot-controller.egg-link (link to .)
[4.151s] Installing draw_circle script to /home/mypi/ros2_ws_wendy/install/my_robot_controller/lib/my_robot_controller
[4.151s] Installing encoder_odometry script to /home/mypi/ros2_ws_wendy/install/my_robot_controller/lib/my_robot_controller
[4.152s] Installing keyboard_teleop script to /home/mypi/ros2_ws_wendy/install/my_robot_controller/lib/my_robot_controller
[4.152s] Installing mock_odom script to /home/mypi/ros2_ws_wendy/install/my_robot_controller/lib/my_robot_controller
[4.152s] Installing motor_controller script to /home/mypi/ros2_ws_wendy/install/my_robot_controller/lib/my_robot_controller
[4.152s] Installing motor_controller2 script to /home/mypi/ros2_ws_wendy/install/my_robot_controller/lib/my_robot_controller
[4.153s] Installing motor_controller4 script to /home/mypi/ros2_ws_wendy/install/my_robot_controller/lib/my_robot_controller
[4.153s] Installing motor_controller_pid script to /home/mypi/ros2_ws_wendy/install/my_robot_controller/lib/my_robot_controller
[4.153s] Installing obstacle_avoidance script to /home/mypi/ros2_ws_wendy/install/my_robot_controller/lib/my_robot_controller
[4.154s] Installing pose_subscriber script to /home/mypi/ros2_ws_wendy/install/my_robot_controller/lib/my_robot_controller
[4.156s] Installing test_node script to /home/mypi/ros2_ws_wendy/install/my_robot_controller/lib/my_robot_controller
[4.156s] Installing turtle_controller script to /home/mypi/ros2_ws_wendy/install/my_robot_controller/lib/my_robot_controller
[4.157s] Installing uart_bridge script to /home/mypi/ros2_ws_wendy/install/my_robot_controller/lib/my_robot_controller
[4.157s] 
[4.157s] Installed /home/mypi/ros2_ws_wendy/build/my_robot_controller
[4.157s] running symlink_data
[4.338s] Invoked command in '/home/mypi/ros2_ws_wendy/build/my_robot_controller' returned '0': PYTHONPATH=/home/mypi/ros2_ws_wendy/build/my_robot_controller/prefix_override:/usr/lib/python3/dist-packages/colcon_core/task/python/colcon_distutils_commands:/home/mypi/ros2_ws_wendy/install/my_robot_controller/lib/python3.12/site-packages:${PYTHONPATH} /usr/bin/python3 -W ignore:setup.py install is deprecated -W ignore:easy_install command is deprecated setup.py develop --editable --build-directory /home/mypi/ros2_ws_wendy/build/my_robot_controller/build --no-deps symlink_data
