[1.182s] Invoking command in '/home/mypi/ros2_ws/src/my_robot_controller': PYTHONPATH=/home/mypi/ros2_ws/build/my_robot_controller/prefix_override:/usr/lib/python3/dist-packages/colcon_core/task/python/colcon_distutils_commands:/home/mypi/ros2_ws/install/my_robot_controller/lib/python3.12/site-packages:${PYTHONPATH} /usr/bin/python3 -W ignore:setup.py install is deprecated -W ignore:easy_install command is deprecated setup.py egg_info --egg-base ../../build/my_robot_controller build --build-base /home/mypi/ros2_ws/build/my_robot_controller/build install --record /home/mypi/ros2_ws/build/my_robot_controller/install.log --single-version-externally-managed install_data
[1.522s] running egg_info
[1.545s] writing ../../build/my_robot_controller/my_robot_controller.egg-info/PKG-INFO
[1.545s] writing dependency_links to ../../build/my_robot_controller/my_robot_controller.egg-info/dependency_links.txt
[1.546s] writing entry points to ../../build/my_robot_controller/my_robot_controller.egg-info/entry_points.txt
[1.547s] writing requirements to ../../build/my_robot_controller/my_robot_controller.egg-info/requires.txt
[1.548s] writing top-level names to ../../build/my_robot_controller/my_robot_controller.egg-info/top_level.txt
[1.597s] reading manifest file '../../build/my_robot_controller/my_robot_controller.egg-info/SOURCES.txt'
[1.598s] writing manifest file '../../build/my_robot_controller/my_robot_controller.egg-info/SOURCES.txt'
[1.599s] running build
[1.599s] running build_py
[1.599s] running install
[1.609s] running install_lib
[1.634s] byte-compiling /home/mypi/ros2_ws/install/my_robot_controller/lib/python3.12/site-packages/my_robot_controller/motor_controller3.py to motor_controller3.cpython-312.pyc
[1.634s] Sorry: TabError: inconsistent use of tabs and spaces in indentation (motor_controller3.py, line 53)
[1.635s] running install_data
[1.635s] running install_egg_info
[1.660s] removing '/home/mypi/ros2_ws/install/my_robot_controller/lib/python3.12/site-packages/my_robot_controller-0.0.0-py3.12.egg-info' (and everything under it)
[1.660s] Copying ../../build/my_robot_controller/my_robot_controller.egg-info to /home/mypi/ros2_ws/install/my_robot_controller/lib/python3.12/site-packages/my_robot_controller-0.0.0-py3.12.egg-info
[1.662s] running install_scripts
[1.827s] Installing draw_circle script to /home/mypi/ros2_ws/install/my_robot_controller/lib/my_robot_controller
[1.827s] Installing keyboard_teleop script to /home/mypi/ros2_ws/install/my_robot_controller/lib/my_robot_controller
[1.829s] Installing mock_odom script to /home/mypi/ros2_ws/install/my_robot_controller/lib/my_robot_controller
[1.830s] Installing motor_controller script to /home/mypi/ros2_ws/install/my_robot_controller/lib/my_robot_controller
[1.831s] Installing motor_controller2 script to /home/mypi/ros2_ws/install/my_robot_controller/lib/my_robot_controller
[1.833s] Installing motor_controller4 script to /home/mypi/ros2_ws/install/my_robot_controller/lib/my_robot_controller
[1.835s] Installing pose_subscriber script to /home/mypi/ros2_ws/install/my_robot_controller/lib/my_robot_controller
[1.836s] Installing test_node script to /home/mypi/ros2_ws/install/my_robot_controller/lib/my_robot_controller
[1.838s] Installing turtle_controller script to /home/mypi/ros2_ws/install/my_robot_controller/lib/my_robot_controller
[1.839s] Installing uart_bridge script to /home/mypi/ros2_ws/install/my_robot_controller/lib/my_robot_controller
[1.842s] writing list of installed files to '/home/mypi/ros2_ws/build/my_robot_controller/install.log'
[1.945s] Invoked command in '/home/mypi/ros2_ws/src/my_robot_controller' returned '0': PYTHONPATH=/home/mypi/ros2_ws/build/my_robot_controller/prefix_override:/usr/lib/python3/dist-packages/colcon_core/task/python/colcon_distutils_commands:/home/mypi/ros2_ws/install/my_robot_controller/lib/python3.12/site-packages:${PYTHONPATH} /usr/bin/python3 -W ignore:setup.py install is deprecated -W ignore:easy_install command is deprecated setup.py egg_info --egg-base ../../build/my_robot_controller build --build-base /home/mypi/ros2_ws/build/my_robot_controller/build install --record /home/mypi/ros2_ws/build/my_robot_controller/install.log --single-version-externally-managed install_data
