1783555468.0707185 [INFO] [launch]: All log files can be found below /home/mypi/.ros/log/2026-07-08-17-04-28-069044-pi5-15294
1783555468.0709620 [INFO] [launch]: Default logging verbosity is set to INFO
1783555468.4179101 [INFO] [controller_server-1]: process started with pid [15297]
1783555468.4276454 [INFO] [smoother_server-2]: process started with pid [15298]
1783555468.4280119 [INFO] [planner_server-3]: process started with pid [15299]
1783555468.4282060 [INFO] [route_server-4]: process started with pid [15300]
1783555468.4283719 [INFO] [behavior_server-5]: process started with pid [15301]
1783555468.4285016 [INFO] [bt_navigator-6]: process started with pid [15302]
1783555468.4286108 [INFO] [waypoint_follower-7]: process started with pid [15303]
1783555468.4287133 [INFO] [velocity_smoother-8]: process started with pid [15304]
1783555468.4288852 [INFO] [collision_monitor-9]: process started with pid [15305]
1783555468.4290195 [INFO] [opennav_docking-10]: process started with pid [15306]
1783555468.4291267 [INFO] [lifecycle_manager-11]: process started with pid [15307]
1783565898.7672367 [WARNING] [launch]: user interrupted with ctrl-c (SIGINT)
1783565899.2485464 [INFO] [velocity_smoother-8]: process has finished cleanly [pid 15304]
1783565899.4160292 [INFO] [collision_monitor-9]: process has finished cleanly [pid 15305]
1783565899.4693956 [INFO] [smoother_server-2]: process has finished cleanly [pid 15298]
1783565899.5625763 [INFO] [waypoint_follower-7]: process has finished cleanly [pid 15303]
1783565899.7399218 [INFO] [route_server-4]: process has finished cleanly [pid 15300]
1783565899.8550489 [INFO] [opennav_docking-10]: process has finished cleanly [pid 15306]
1783565900.0506983 [INFO] [behavior_server-5]: process has finished cleanly [pid 15301]
1783565900.2885447 [INFO] [lifecycle_manager-11]: process has finished cleanly [pid 15307]
1783565900.6464746 [INFO] [controller_server-1]: process has finished cleanly [pid 15297]
1783565900.9762702 [INFO] [planner_server-3]: process has finished cleanly [pid 15299]
1783565901.6226070 [INFO] [bt_navigator-6]: process has finished cleanly [pid 15302]
