1783999269.0340950 [INFO] [launch]: All log files can be found below /home/mypi/.ros/log/2026-07-13-20-21-09-032695-pi5-15127
1783999269.0343246 [INFO] [launch]: Default logging verbosity is set to INFO
1783999269.4065244 [INFO] [controller_server-1]: process started with pid [15130]
1783999269.4142213 [INFO] [smoother_server-2]: process started with pid [15131]
1783999269.4149132 [INFO] [planner_server-3]: process started with pid [15132]
1783999269.4184532 [INFO] [route_server-4]: process started with pid [15133]
1783999269.4224291 [INFO] [behavior_server-5]: process started with pid [15134]
1783999269.4254873 [INFO] [bt_navigator-6]: process started with pid [15135]
1783999269.4286232 [INFO] [waypoint_follower-7]: process started with pid [15136]
1783999269.4328201 [INFO] [velocity_smoother-8]: process started with pid [15137]
1783999269.4372396 [INFO] [collision_monitor-9]: process started with pid [15138]
1783999269.4430037 [INFO] [opennav_docking-10]: process started with pid [15139]
1783999269.4462469 [INFO] [lifecycle_manager-11]: process started with pid [15140]
1784004175.4056067 [WARNING] [launch]: user interrupted with ctrl-c (SIGINT)
1784004176.3201568 [INFO] [smoother_server-2]: process has finished cleanly [pid 15131]
1784004176.5258439 [INFO] [collision_monitor-9]: process has finished cleanly [pid 15138]
1784004176.5437021 [INFO] [velocity_smoother-8]: process has finished cleanly [pid 15137]
1784004176.6909080 [INFO] [waypoint_follower-7]: process has finished cleanly [pid 15136]
1784004176.9251611 [INFO] [behavior_server-5]: process has finished cleanly [pid 15134]
1784004176.9520087 [INFO] [opennav_docking-10]: process has finished cleanly [pid 15139]
1784004176.9575675 [INFO] [route_server-4]: process has finished cleanly [pid 15133]
1784004177.1599183 [INFO] [lifecycle_manager-11]: process has finished cleanly [pid 15140]
1784004177.3009162 [INFO] [controller_server-1]: process has finished cleanly [pid 15130]
1784004177.4381561 [INFO] [planner_server-3]: process has finished cleanly [pid 15132]
1784004177.4957359 [INFO] [bt_navigator-6]: process has finished cleanly [pid 15135]
