1784065191.4767401 [INFO] [launch]: All log files can be found below /home/mypi/.ros/log/2026-07-14-14-39-51-475268-pi5-18397
1784065191.4769502 [INFO] [launch]: Default logging verbosity is set to INFO
1784065191.8247852 [INFO] [controller_server-1]: process started with pid [18400]
1784065191.8253233 [INFO] [smoother_server-2]: process started with pid [18401]
1784065191.8255560 [INFO] [planner_server-3]: process started with pid [18402]
1784065191.8256934 [INFO] [route_server-4]: process started with pid [18403]
1784065191.8257985 [INFO] [behavior_server-5]: process started with pid [18404]
1784065191.8260176 [INFO] [bt_navigator-6]: process started with pid [18405]
1784065191.8261433 [INFO] [waypoint_follower-7]: process started with pid [18406]
1784065191.8263109 [INFO] [velocity_smoother-8]: process started with pid [18407]
1784065191.8264403 [INFO] [collision_monitor-9]: process started with pid [18408]
1784065191.8265400 [INFO] [opennav_docking-10]: process started with pid [18409]
1784065191.8266366 [INFO] [lifecycle_manager-11]: process started with pid [18410]
1784065623.8518081 [WARNING] [launch]: user interrupted with ctrl-c (SIGINT)
1784065624.6641841 [INFO] [collision_monitor-9]: process has finished cleanly [pid 18408]
1784065624.7144582 [INFO] [velocity_smoother-8]: process has finished cleanly [pid 18407]
1784065624.9279921 [INFO] [smoother_server-2]: process has finished cleanly [pid 18401]
1784065625.1579292 [INFO] [waypoint_follower-7]: process has finished cleanly [pid 18406]
1784065625.1890721 [INFO] [route_server-4]: process has finished cleanly [pid 18403]
1784065625.2557430 [INFO] [opennav_docking-10]: process has finished cleanly [pid 18409]
1784065625.2930954 [INFO] [behavior_server-5]: process has finished cleanly [pid 18404]
1784065625.3794627 [INFO] [lifecycle_manager-11]: process has finished cleanly [pid 18410]
1784065625.4995584 [INFO] [controller_server-1]: process has finished cleanly [pid 18400]
1784065625.6682799 [INFO] [planner_server-3]: process has finished cleanly [pid 18402]
1784065625.6890295 [INFO] [bt_navigator-6]: process has finished cleanly [pid 18405]
