1775784698.6468990 [INFO] [launch]: All log files can be found below /home/mypi/.ros/log/2026-04-09-18-31-38-645437-pi5-3333
1775784698.6471481 [INFO] [launch]: Default logging verbosity is set to INFO
1775784699.0043888 [INFO] [controller_server-1]: process started with pid [3336]
1775784699.0091331 [INFO] [smoother_server-2]: process started with pid [3337]
1775784699.0094242 [INFO] [planner_server-3]: process started with pid [3338]
1775784699.0129392 [INFO] [route_server-4]: process started with pid [3339]
1775784699.0132902 [INFO] [behavior_server-5]: process started with pid [3340]
1775784699.0134902 [INFO] [bt_navigator-6]: process started with pid [3341]
1775784699.0171695 [INFO] [waypoint_follower-7]: process started with pid [3342]
1775784699.0174236 [INFO] [velocity_smoother-8]: process started with pid [3343]
1775784699.0198069 [INFO] [collision_monitor-9]: process started with pid [3344]
1775784699.0200913 [INFO] [opennav_docking-10]: process started with pid [3345]
1775784699.0202670 [INFO] [lifecycle_manager-11]: process started with pid [3346]
1775784961.2091196 [WARNING] [launch]: user interrupted with ctrl-c (SIGINT)
1775784961.8947492 [INFO] [velocity_smoother-8]: process has finished cleanly [pid 3343]
1775784962.2711880 [INFO] [collision_monitor-9]: process has finished cleanly [pid 3344]
1775784962.4035525 [INFO] [smoother_server-2]: process has finished cleanly [pid 3337]
1775784962.4176500 [INFO] [waypoint_follower-7]: process has finished cleanly [pid 3342]
1775784962.5624390 [INFO] [route_server-4]: process has finished cleanly [pid 3339]
1775784962.7208099 [INFO] [opennav_docking-10]: process has finished cleanly [pid 3345]
1775784962.7661884 [INFO] [behavior_server-5]: process has finished cleanly [pid 3340]
1775784962.9467337 [INFO] [lifecycle_manager-11]: process has finished cleanly [pid 3346]
1775784963.0496757 [INFO] [controller_server-1]: process has finished cleanly [pid 3336]
1775784963.1808333 [INFO] [planner_server-3]: process has finished cleanly [pid 3338]
1775784963.2372959 [INFO] [bt_navigator-6]: process has finished cleanly [pid 3341]
