1783996424.3177011 [INFO] [launch]: All log files can be found below /home/mypi/.ros/log/2026-07-13-19-33-44-316197-pi5-12282
1783996424.3179133 [INFO] [launch]: Default logging verbosity is set to INFO
1783996424.6920297 [INFO] [controller_server-1]: process started with pid [12285]
1783996424.6940513 [INFO] [smoother_server-2]: process started with pid [12286]
1783996424.6973929 [INFO] [planner_server-3]: process started with pid [12287]
1783996424.6990428 [INFO] [route_server-4]: process started with pid [12288]
1783996424.7015967 [INFO] [behavior_server-5]: process started with pid [12289]
1783996424.7033355 [INFO] [bt_navigator-6]: process started with pid [12290]
1783996424.7050250 [INFO] [waypoint_follower-7]: process started with pid [12291]
1783996424.7072012 [INFO] [velocity_smoother-8]: process started with pid [12292]
1783996424.7081490 [INFO] [collision_monitor-9]: process started with pid [12293]
1783996424.7092068 [INFO] [opennav_docking-10]: process started with pid [12294]
1783996424.7099912 [INFO] [lifecycle_manager-11]: process started with pid [12295]
1783996665.6853285 [WARNING] [launch]: user interrupted with ctrl-c (SIGINT)
1783996666.4633415 [INFO] [velocity_smoother-8]: process has finished cleanly [pid 12292]
1783996666.5018537 [INFO] [collision_monitor-9]: process has finished cleanly [pid 12293]
1783996666.7769437 [INFO] [smoother_server-2]: process has finished cleanly [pid 12286]
1783996667.0714157 [INFO] [waypoint_follower-7]: process has finished cleanly [pid 12291]
1783996667.2580299 [INFO] [route_server-4]: process has finished cleanly [pid 12288]
1783996667.3232677 [INFO] [behavior_server-5]: process has finished cleanly [pid 12289]
1783996667.3895609 [INFO] [opennav_docking-10]: process has finished cleanly [pid 12294]
1783996667.5980504 [INFO] [lifecycle_manager-11]: process has finished cleanly [pid 12295]
1783996667.7061017 [INFO] [controller_server-1]: process has finished cleanly [pid 12285]
1783996667.9685133 [INFO] [planner_server-3]: process has finished cleanly [pid 12287]
1783996668.0227902 [INFO] [bt_navigator-6]: process has finished cleanly [pid 12290]
