[1.718s] Invoking command in '/home/mypi/ros2_ws_simon/build/my_robot_controller': PYTHONPATH=/home/mypi/ros2_ws_simon/build/my_robot_controller/prefix_override:/usr/lib/python3/dist-packages/colcon_core/task/python/colcon_distutils_commands:/home/mypi/ros2_ws_simon/install/my_robot_controller/lib/python3.12/site-packages:${PYTHONPATH} /usr/bin/python3 -W ignore:setup.py install is deprecated -W ignore:easy_install command is deprecated setup.py develop --editable --build-directory /home/mypi/ros2_ws_simon/build/my_robot_controller/build --no-deps symlink_data
[2.339s] running develop
[2.684s] running egg_info
[2.716s] writing my_robot_controller.egg-info/PKG-INFO
[2.717s] writing dependency_links to my_robot_controller.egg-info/dependency_links.txt
[2.718s] writing entry points to my_robot_controller.egg-info/entry_points.txt
[2.718s] writing requirements to my_robot_controller.egg-info/requires.txt
[2.725s] writing top-level names to my_robot_controller.egg-info/top_level.txt
[2.795s] reading manifest file 'my_robot_controller.egg-info/SOURCES.txt'
[2.798s] writing manifest file 'my_robot_controller.egg-info/SOURCES.txt'
[2.834s] running build_ext
[2.835s] Creating /home/mypi/ros2_ws_simon/install/my_robot_controller/lib/python3.12/site-packages/my-robot-controller.egg-link (link to .)
[2.837s] Installing draw_circle script to /home/mypi/ros2_ws_simon/install/my_robot_controller/lib/my_robot_controller
[2.837s] Installing encoder_odometry script to /home/mypi/ros2_ws_simon/install/my_robot_controller/lib/my_robot_controller
[2.837s] Installing keyboard_teleop script to /home/mypi/ros2_ws_simon/install/my_robot_controller/lib/my_robot_controller
[2.837s] Installing mock_odom script to /home/mypi/ros2_ws_simon/install/my_robot_controller/lib/my_robot_controller
[2.838s] Installing motor_controller script to /home/mypi/ros2_ws_simon/install/my_robot_controller/lib/my_robot_controller
[2.838s] Installing motor_controller2 script to /home/mypi/ros2_ws_simon/install/my_robot_controller/lib/my_robot_controller
[2.839s] Installing motor_controller4 script to /home/mypi/ros2_ws_simon/install/my_robot_controller/lib/my_robot_controller
[2.839s] Installing motor_controller_pid script to /home/mypi/ros2_ws_simon/install/my_robot_controller/lib/my_robot_controller
[2.840s] Installing obstacle_avoidance script to /home/mypi/ros2_ws_simon/install/my_robot_controller/lib/my_robot_controller
[2.840s] Installing pose_subscriber script to /home/mypi/ros2_ws_simon/install/my_robot_controller/lib/my_robot_controller
[2.840s] Installing scan_self_filter script to /home/mypi/ros2_ws_simon/install/my_robot_controller/lib/my_robot_controller
[2.840s] Installing test_node script to /home/mypi/ros2_ws_simon/install/my_robot_controller/lib/my_robot_controller
[2.840s] Installing turtle_controller script to /home/mypi/ros2_ws_simon/install/my_robot_controller/lib/my_robot_controller
[2.840s] Installing uart_bridge script to /home/mypi/ros2_ws_simon/install/my_robot_controller/lib/my_robot_controller
[2.840s] 
[2.841s] Installed /home/mypi/ros2_ws_simon/build/my_robot_controller
[2.841s] running symlink_data
[2.975s] Invoked command in '/home/mypi/ros2_ws_simon/build/my_robot_controller' returned '0': PYTHONPATH=/home/mypi/ros2_ws_simon/build/my_robot_controller/prefix_override:/usr/lib/python3/dist-packages/colcon_core/task/python/colcon_distutils_commands:/home/mypi/ros2_ws_simon/install/my_robot_controller/lib/python3.12/site-packages:${PYTHONPATH} /usr/bin/python3 -W ignore:setup.py install is deprecated -W ignore:easy_install command is deprecated setup.py develop --editable --build-directory /home/mypi/ros2_ws_simon/build/my_robot_controller/build --no-deps symlink_data
