[1.153s] Invoking command in '/home/mypi/ros2_ws/src/my_robot_controller': PYTHONPATH=/home/mypi/ros2_ws/build/my_robot_controller/prefix_override:/usr/lib/python3/dist-packages/colcon_core/task/python/colcon_distutils_commands:/home/mypi/ros2_ws/install/my_robot_controller/lib/python3.12/site-packages:${PYTHONPATH} /usr/bin/python3 -W ignore:setup.py install is deprecated -W ignore:easy_install command is deprecated setup.py egg_info --egg-base ../../build/my_robot_controller build --build-base /home/mypi/ros2_ws/build/my_robot_controller/build install --record /home/mypi/ros2_ws/build/my_robot_controller/install.log --single-version-externally-managed install_data
[1.518s] running egg_info
[1.541s] writing ../../build/my_robot_controller/my_robot_controller.egg-info/PKG-INFO
[1.541s] writing dependency_links to ../../build/my_robot_controller/my_robot_controller.egg-info/dependency_links.txt
[1.542s] writing entry points to ../../build/my_robot_controller/my_robot_controller.egg-info/entry_points.txt
[1.543s] writing requirements to ../../build/my_robot_controller/my_robot_controller.egg-info/requires.txt
[1.544s] writing top-level names to ../../build/my_robot_controller/my_robot_controller.egg-info/top_level.txt
[1.594s] reading manifest file '../../build/my_robot_controller/my_robot_controller.egg-info/SOURCES.txt'
[1.596s] writing manifest file '../../build/my_robot_controller/my_robot_controller.egg-info/SOURCES.txt'
[1.596s] running build
[1.596s] running build_py
[1.597s] copying my_robot_controller/uart_bridge.py -> /home/mypi/ros2_ws/build/my_robot_controller/build/lib/my_robot_controller
[1.598s] running install
[1.608s] running install_lib
[1.633s] copying /home/mypi/ros2_ws/build/my_robot_controller/build/lib/my_robot_controller/uart_bridge.py -> /home/mypi/ros2_ws/install/my_robot_controller/lib/python3.12/site-packages/my_robot_controller
[1.635s] byte-compiling /home/mypi/ros2_ws/install/my_robot_controller/lib/python3.12/site-packages/my_robot_controller/uart_bridge.py to uart_bridge.cpython-312.pyc
[1.636s] byte-compiling /home/mypi/ros2_ws/install/my_robot_controller/lib/python3.12/site-packages/my_robot_controller/motor_controller3.py to motor_controller3.cpython-312.pyc
[1.636s] Sorry: TabError: inconsistent use of tabs and spaces in indentation (motor_controller3.py, line 53)
[1.636s] running install_data
[1.637s] running install_egg_info
[1.663s] removing '/home/mypi/ros2_ws/install/my_robot_controller/lib/python3.12/site-packages/my_robot_controller-0.0.0-py3.12.egg-info' (and everything under it)
[1.664s] Copying ../../build/my_robot_controller/my_robot_controller.egg-info to /home/mypi/ros2_ws/install/my_robot_controller/lib/python3.12/site-packages/my_robot_controller-0.0.0-py3.12.egg-info
[1.665s] running install_scripts
[1.843s] Installing draw_circle script to /home/mypi/ros2_ws/install/my_robot_controller/lib/my_robot_controller
[1.843s] Installing keyboard_teleop script to /home/mypi/ros2_ws/install/my_robot_controller/lib/my_robot_controller
[1.845s] Installing mock_odom script to /home/mypi/ros2_ws/install/my_robot_controller/lib/my_robot_controller
[1.846s] Installing motor_controller script to /home/mypi/ros2_ws/install/my_robot_controller/lib/my_robot_controller
[1.848s] Installing motor_controller2 script to /home/mypi/ros2_ws/install/my_robot_controller/lib/my_robot_controller
[1.850s] Installing motor_controller4 script to /home/mypi/ros2_ws/install/my_robot_controller/lib/my_robot_controller
[1.851s] Installing pose_subscriber script to /home/mypi/ros2_ws/install/my_robot_controller/lib/my_robot_controller
[1.853s] Installing test_node script to /home/mypi/ros2_ws/install/my_robot_controller/lib/my_robot_controller
[1.855s] Installing turtle_controller script to /home/mypi/ros2_ws/install/my_robot_controller/lib/my_robot_controller
[1.856s] Installing uart_bridge script to /home/mypi/ros2_ws/install/my_robot_controller/lib/my_robot_controller
[1.858s] writing list of installed files to '/home/mypi/ros2_ws/build/my_robot_controller/install.log'
[1.990s] Invoked command in '/home/mypi/ros2_ws/src/my_robot_controller' returned '0': PYTHONPATH=/home/mypi/ros2_ws/build/my_robot_controller/prefix_override:/usr/lib/python3/dist-packages/colcon_core/task/python/colcon_distutils_commands:/home/mypi/ros2_ws/install/my_robot_controller/lib/python3.12/site-packages:${PYTHONPATH} /usr/bin/python3 -W ignore:setup.py install is deprecated -W ignore:easy_install command is deprecated setup.py egg_info --egg-base ../../build/my_robot_controller build --build-base /home/mypi/ros2_ws/build/my_robot_controller/build install --record /home/mypi/ros2_ws/build/my_robot_controller/install.log --single-version-externally-managed install_data
