1785197782.3143141 [INFO] [launch]: All log files can be found below /home/mypi/.ros/log/2026-07-27-17-16-22-309566-pi5-51802
1785197782.3145213 [INFO] [launch]: Default logging verbosity is set to INFO
1785197782.6466029 [INFO] [controller_server-1]: process started with pid [51805]
1785197782.6525180 [INFO] [smoother_server-2]: process started with pid [51806]
1785197782.6544890 [INFO] [planner_server-3]: process started with pid [51807]
1785197782.6580012 [INFO] [route_server-4]: process started with pid [51808]
1785197782.6587441 [INFO] [behavior_server-5]: process started with pid [51809]
1785197782.6600673 [INFO] [bt_navigator-6]: process started with pid [51810]
1785197782.6620386 [INFO] [waypoint_follower-7]: process started with pid [51811]
1785197782.6637988 [INFO] [velocity_smoother-8]: process started with pid [51812]
1785197782.6665409 [INFO] [collision_monitor-9]: process started with pid [51813]
1785197782.6667740 [INFO] [opennav_docking-10]: process started with pid [51814]
1785197782.6669559 [INFO] [lifecycle_manager-11]: process started with pid [51815]
1785197924.3696990 [WARNING] [launch]: user interrupted with ctrl-c (SIGINT)
1785197925.2796409 [INFO] [velocity_smoother-8]: process has finished cleanly [pid 51812]
1785197925.4159603 [INFO] [collision_monitor-9]: process has finished cleanly [pid 51813]
1785197925.5774527 [INFO] [smoother_server-2]: process has finished cleanly [pid 51806]
1785197925.8067238 [INFO] [route_server-4]: process has finished cleanly [pid 51808]
1785197925.8394313 [INFO] [waypoint_follower-7]: process has finished cleanly [pid 51811]
1785197925.8707643 [INFO] [behavior_server-5]: process has finished cleanly [pid 51809]
1785197925.8794899 [INFO] [opennav_docking-10]: process has finished cleanly [pid 51814]
1785197926.0466695 [INFO] [lifecycle_manager-11]: process has finished cleanly [pid 51815]
1785197926.1504815 [INFO] [controller_server-1]: process has finished cleanly [pid 51805]
1785197926.3180790 [INFO] [bt_navigator-6]: process has finished cleanly [pid 51810]
1785197927.1455605 [INFO] [planner_server-3]: process has finished cleanly [pid 51807]
