1775614294.8168418 [INFO] [launch]: All log files can be found below /home/mypi/.ros/log/2026-04-07-19-11-34-814140-pi5-1494
1775614294.8170593 [INFO] [launch]: Default logging verbosity is set to INFO
1775614295.6806600 [INFO] [robot_state_publisher-1]: process started with pid [1511]
1775614295.6809640 [INFO] [joint_state_publisher-2]: process started with pid [1512]
1775614295.6810839 [INFO] [rplidar_composition-3]: process started with pid [1513]
1775614295.6811686 [INFO] [rf2o_laser_odometry_node-4]: process started with pid [1514]
1775614295.6812508 [INFO] [async_slam_toolbox_node-5]: process started with pid [1515]
1775614295.6814265 [INFO] [motor_controller4-6]: process started with pid [1516]
1775614299.0755794 [INFO] [launch.user]: [LifecycleLaunch] Slamtoolbox node is activating.
1775614356.7041378 [WARNING] [launch]: user interrupted with ctrl-c (SIGINT)
1775614357.2060766 [INFO] [robot_state_publisher-1]: process has finished cleanly [pid 1511]
1775614357.2065096 [INFO] [rf2o_laser_odometry_node-4]: process has finished cleanly [pid 1514]
1775614357.2067537 [INFO] [async_slam_toolbox_node-5]: process has finished cleanly [pid 1515]
1775614357.2071252 [INFO] [joint_state_publisher-2]: process has finished cleanly [pid 1512]
1775614357.3991888 [ERROR] [motor_controller4-6]: process has died [pid 1516, exit code 1, cmd '/home/mypi/ros2_ws/install/my_robot_controller/lib/my_robot_controller/motor_controller4 --ros-args'].
1775614362.1379120 [ERROR] [rplidar_composition-3]: process[rplidar_composition-3] failed to terminate '5' seconds after receiving 'SIGINT', escalating to 'SIGTERM'
1775614362.1412368 [INFO] [rplidar_composition-3]: sending signal 'SIGTERM' to process[rplidar_composition-3]
1775614367.1370909 [ERROR] [rplidar_composition-3]: process[rplidar_composition-3] failed to terminate '10.0' seconds after receiving 'SIGTERM', escalating to 'SIGKILL'
1775614367.1406600 [INFO] [rplidar_composition-3]: sending signal 'SIGKILL' to process[rplidar_composition-3]
1775614367.1519301 [ERROR] [rplidar_composition-3]: process has died [pid 1513, exit code -9, cmd '/opt/ros/jazzy/lib/rplidar_ros/rplidar_composition --ros-args --params-file /tmp/launch_params_uq25pri3'].
