1785902816.2679513 [INFO] [launch]: All log files can be found below /home/mypi/.ros/log/2026-08-04-21-06-56-266458-pi5-16484
1785902816.2682142 [INFO] [launch]: Default logging verbosity is set to INFO
1785902816.6596012 [INFO] [controller_server-1]: process started with pid [16487]
1785902816.6614265 [INFO] [smoother_server-2]: process started with pid [16488]
1785902816.6616232 [INFO] [planner_server-3]: process started with pid [16489]
1785902816.6617885 [INFO] [route_server-4]: process started with pid [16490]
1785902816.6619148 [INFO] [behavior_server-5]: process started with pid [16491]
1785902816.6633303 [INFO] [bt_navigator-6]: process started with pid [16492]
1785902816.6636415 [INFO] [waypoint_follower-7]: process started with pid [16493]
1785902816.6638055 [INFO] [velocity_smoother-8]: process started with pid [16494]
1785902816.6639283 [INFO] [collision_monitor-9]: process started with pid [16495]
1785902816.6640415 [INFO] [opennav_docking-10]: process started with pid [16496]
1785902816.6642711 [INFO] [lifecycle_manager-11]: process started with pid [16497]
1785903094.3455997 [WARNING] [launch]: user interrupted with ctrl-c (SIGINT)
1785903095.4098735 [INFO] [velocity_smoother-8]: process has finished cleanly [pid 16494]
1785903095.8425610 [INFO] [smoother_server-2]: process has finished cleanly [pid 16488]
1785903095.8757722 [INFO] [collision_monitor-9]: process has finished cleanly [pid 16495]
1785903095.9893446 [INFO] [waypoint_follower-7]: process has finished cleanly [pid 16493]
1785903096.0225494 [INFO] [route_server-4]: process has finished cleanly [pid 16490]
1785903096.2781756 [INFO] [opennav_docking-10]: process has finished cleanly [pid 16496]
1785903096.3097484 [INFO] [behavior_server-5]: process has finished cleanly [pid 16491]
1785903096.5012717 [INFO] [lifecycle_manager-11]: process has finished cleanly [pid 16497]
1785903096.5946505 [INFO] [controller_server-1]: process has finished cleanly [pid 16487]
1785903096.7572672 [INFO] [bt_navigator-6]: process has finished cleanly [pid 16492]
1785903097.9054165 [INFO] [planner_server-3]: process has finished cleanly [pid 16489]
